#
# There is insufficient memory for the Java Runtime Environment to continue.
# Native memory allocation (malloc) failed to allocate 32744 bytes. Error detail: ChunkPool::allocate
# Possible reasons:
#   The system is out of physical RAM or swap space
#   This process is running with CompressedOops enabled, and the Java Heap may be blocking the growth of the native heap
# Possible solutions:
#   Reduce memory load on the system
#   Increase physical memory or swap space
#   Check if swap backing store is full
#   Decrease Java heap size (-Xmx/-Xms)
#   Decrease number of Java threads
#   Decrease Java thread stack sizes (-Xss)
#   Set larger code cache with -XX:ReservedCodeCacheSize=
#   JVM is running with Zero Based Compressed Oops mode in which the Java heap is
#     placed in the first 32GB address space. The Java Heap base address is the
#     maximum limit for the native heap growth. Please use -XX:HeapBaseMinAddress
#     to set the Java Heap base and to place the Java Heap above 32GB virtual address.
# This output file may be truncated or incomplete.
#
#  Out of Memory Error (arena.cpp:79), pid=18540, tid=4224
#
# JRE version: OpenJDK Runtime Environment Temurin-17.0.19+10 (17.0.19+10) (build 17.0.19+10)
# Java VM: OpenJDK 64-Bit Server VM Temurin-17.0.19+10 (17.0.19+10, mixed mode, sharing, tiered, compressed oops, compressed class ptrs, g1 gc, windows-amd64)
# No core dump will be written. Minidumps are not enabled by default on client versions of Windows
#

---------------  S U M M A R Y ------------

Command Line: --add-opens=java.base/java.lang=ALL-UNNAMED --add-opens=java.base/java.lang.invoke=ALL-UNNAMED --add-opens=java.base/java.util=ALL-UNNAMED --add-opens=java.prefs/java.util.prefs=ALL-UNNAMED --add-exports=jdk.compiler/com.sun.tools.javac.api=ALL-UNNAMED --add-exports=jdk.compiler/com.sun.tools.javac.util=ALL-UNNAMED --add-opens=java.base/java.util=ALL-UNNAMED --add-opens=java.prefs/java.util.prefs=ALL-UNNAMED --add-opens=java.base/java.nio.charset=ALL-UNNAMED --add-opens=java.base/java.net=ALL-UNNAMED --add-opens=java.base/java.util.concurrent=ALL-UNNAMED --add-opens=java.base/java.util.concurrent.atomic=ALL-UNNAMED --add-opens=java.xml/javax.xml.namespace=ALL-UNNAMED --add-opens=java.base/java.time=ALL-UNNAMED -XX:MaxMetaspaceSize=4G -XX:ReservedCodeCacheSize=512m -XX:+HeapDumpOnOutOfMemoryError -Xmx8G -Dfile.encoding=UTF-8 -Duser.country=FR -Duser.language=fr -Duser.variant -javaagent:C:\Users\admin\.gradle\wrapper\dists\gradle-9.1.0-all\7wzd0jkjit61aq2p43wpjgij9\gradle-9.1.0\lib\agents\gradle-instrumentation-agent-9.1.0.jar org.gradle.launcher.daemon.bootstrap.GradleDaemon 9.1.0

Host: Intel(R) Core(TM) i5-8350U CPU @ 1.70GHz, 8 cores, 7G,  Windows 11 , 64 bit Build 22621 (10.0.22621.5415)
Time: Sun Sep 20 14:04:34 2026 Paris, Madrid (heure duild 22621 (10.0.22621.5415) elapsed time: 64.123284 seconds (0d 0h 1m 4s)

---------------  T H R E A D  ---------------

Current thread (0x000001fcf940dbd0):  JavaThread "C2 CompilerThread0" daemon [_thread_in_native, id=4224, stack(0x0000006cc2400000,0x0000006cc2500000)]


Current CompileTask:
C2:64123 8618       4       jdk.internal.org.objectweb.asm.ClassWriter::toByteArray (1515 bytes)

Stack: [0x0000006cc2400000,0x0000006cc2500000]
Native frames: (J=compiled Java code, j=interpreted, Vv=VM code, C=native code)
V  [jvm.dll+0x684b29]
V  [jvm.dll+0x83a2d5]
V  [jvm.dll+0x83bd4e]
V  [jvm.dll+0x83c3d3]
V  [jvm.dll+0x24905f]
V  [jvm.dll+0xad73e]
V  [jvm.dll+0xadbdc]
V  [jvm.dll+0x660e65]
V  [jvm.dll+0x660d84]
V  [jvm.dll+0x34cf3b]
V  [jvm.dll+0x34d34a]
V  [jvm.dll+0x1a733f]
V  [jvm.dll+0x1a848f]
V  [jvm.dll+0x2af99c]
V  [jvm.dll+0x69cfef]
V  [jvm.dll+0x694fc9]
V  [jvm.dll+0x69483b]
V  [jvm.dll+0x6925e7]
V  [jvm.dll+0x1a78ec]
V  [jvm.dll+0x1a848f]
V  [jvm.dll+0x2af99c]
V  [jvm.dll+0x69cfef]
V  [jvm.dll+0x694fc9]
V  [jvm.dll+0x69483b]
V  [jvm.dll+0x6925e7]
V  [jvm.dll+0x1a78ec]
V  [jvm.dll+0x218ef9]
V  [jvm.dll+0x1a49f0]
V  [jvm.dll+0x2299fa]
V  [jvm.dll+0x227bab]
V  [jvm.dll+0x7f0a88]
V  [jvm.dll+0x7eaf1c]
V  [jvm.dll+0x6839f7]
C  [ucrtbase.dll+0x29333]
C  [KERNEL32.DLL+0x1259d]
C  [ntdll.dll+0x5af78]


---------------  P R O C E S S  ---------------

Threads class SMR info:
_java_thread_list=0x000001fd45318b90, length=66, elements={
0x000001fcbe1610b0, 0x000001fcf93f1140, 0x000001fcf93f2760, 0x000001fcf94081c0,
0x000001fcf940aaa0, 0x000001fcf940b460, 0x000001fcf940be20, 0x000001fcf940dbd0,
0x000001fd41048490, 0x000001fd4104e0b0, 0x000001fcf93dc4f0, 0x000001fd411918b0,
0x000001fd42626350, 0x000001fd411fc1c0, 0x000001fd410b5810, 0x000001fd4152ecb0,
0x000001fd417d3240, 0x000001fd414d33b0, 0x000001fd414d2ea0, 0x000001fd414d4d00,
0x000001fd414d38c0, 0x000001fd414d3dd0, 0x000001fd414d42e0, 0x000001fd414d1f70,
0x000001fd414d5210, 0x000001fd414d5720, 0x000001fd414d2480, 0x000001fd414d47f0,
0x000001fd414d2990, 0x000001fd4422b810, 0x000001fd4422adf0, 0x000001fd44228060,
0x000001fd4422f4d0, 0x000001fd4422e090, 0x000001fd4422cc50, 0x000001fd4422c230,
0x000001fd4422e5a0, 0x000001fd4422db80, 0x000001fd44228a80, 0x000001fd4422eab0,
0x000001fd4422d160, 0x000001fd44228f90, 0x000001fd442299b0, 0x000001fd4422efc0,
0x000001fd4422c740, 0x000001fd44229ec0, 0x000001fd4422d670, 0x000001fd44228570,
0x000001fd4422a3d0, 0x000001fd4422a8e0, 0x000001fd4422b300, 0x000001fd4410f670,
0x000001fd4410b4a0, 0x000001fd4410fb80, 0x000001fd4410bec0, 0x000001fd4410cdf0,
0x000001fd44110090, 0x000001fd441114d0, 0x000001fd4410dd20, 0x000001fd4410d810,
0x000001fd4410e230, 0x000001fd4410b9b0, 0x000001fd4410e740, 0x000001fd441105a0,
0x000001fd44110ab0, 0x000001fd44110fc0
}

Java Threads: ( => current thread )
  0x000001fcbe1610b0 JavaThread "main" [_thread_blocked, id=18748, stack(0x0000006cc1700000,0x0000006cc1800000)]
  0x000001fcf93f1140 JavaThread "Reference Handler" daemon [_thread_blocked, id=6800, stack(0x0000006cc1e00000,0x0000006cc1f00000)]
  0x000001fcf93f2760 JavaThread "Finalizer" daemon [_thread_blocked, id=2392, stack(0x0000006cc1f00000,0x0000006cc2000000)]
  0x000001fcf94081c0 JavaThread "Signal Dispatcher" daemon [_thread_blocked, id=18572, stack(0x0000006cc2000000,0x0000006cc2100000)]
  0x000001fcf940aaa0 JavaThread "Attach Listener" daemon [_thread_blocked, id=11136, stack(0x0000006cc2100000,0x0000006cc2200000)]
  0x000001fcf940b460 JavaThread "Service Thread" daemon [_thread_blocked, id=9996, stack(0x0000006cc2200000,0x0000006cc2300000)]
  0x000001fcf940be20 JavaThread "Monitor Deflation Thread" daemon [_thread_blocked, id=17732, stack(0x0000006cc2300000,0x0000006cc2400000)]
=>0x000001fcf940dbd0 JavaThread "C2 CompilerThread0" daemon [_thread_in_native, id=4224, stack(0x0000006cc2400000,0x0000006cc2500000)]
  0x000001fd41048490 JavaThread "C1 CompilerThread0" daemon [_thread_in_native, id=6332, stack(0x0000006cc2500000,0x0000006cc2600000)]
  0x000001fd4104e0b0 JavaThread "Sweeper thread" daemon [_thread_blocked, id=15700, stack(0x0000006cc2600000,0x0000006cc2700000)]
  0x000001fcf93dc4f0 JavaThread "Common-Cleaner" daemon [_thread_blocked, id=18728, stack(0x0000006cc2700000,0x0000006cc2800000)]
  0x000001fd411918b0 JavaThread "Notification Thread" daemon [_thread_blocked, id=7812, stack(0x0000006cc2800000,0x0000006cc2900000)]
  0x000001fd42626350 JavaThread "Daemon health stats" [_thread_blocked, id=14340, stack(0x0000006cc2e00000,0x0000006cc2f00000)]
  0x000001fd411fc1c0 JavaThread "Incoming local TCP Connector on port 59747" [_thread_in_native, id=9012, stack(0x0000006cc3000000,0x0000006cc3100000)]
  0x000001fd410b5810 JavaThread "Daemon periodic checks" [_thread_blocked, id=15548, stack(0x0000006cc3100000,0x0000006cc3200000)]
  0x000001fd4152ecb0 JavaThread "Daemon" [_thread_blocked, id=10536, stack(0x0000006cc3200000,0x0000006cc3300000)]
  0x000001fd417d3240 JavaThread "Handler for socket connection from /127.0.0.1:59747 to /127.0.0.1:59748" [_thread_in_native, id=9980, stack(0x0000006cc3300000,0x0000006cc3400000)]
  0x000001fd414d33b0 JavaThread "Cancel handler" [_thread_blocked, id=17468, stack(0x0000006cc3400000,0x0000006cc3500000)]
  0x000001fd414d2ea0 JavaThread "Daemon worker" [_thread_in_vm, id=13508, stack(0x0000006cc3500000,0x0000006cc3600000)]
  0x000001fd414d4d00 JavaThread "Asynchronous log dispatcher for DefaultDaemonConnection: socket connection from /127.0.0.1:59747 to /127.0.0.1:59748" [_thread_blocked, id=5252, stack(0x0000006cc3600000,0x0000006cc3700000)]
  0x000001fd414d38c0 JavaThread "Stdin handler" [_thread_blocked, id=17984, stack(0x0000006cc3700000,0x0000006cc3800000)]
  0x000001fd414d3dd0 JavaThread "Daemon client event forwarder" [_thread_blocked, id=9472, stack(0x0000006cc3800000,0x0000006cc3900000)]
  0x000001fd414d42e0 JavaThread "Cache worker for journal cache (C:\Users\admin\.gradle\caches\journal-1)" [_thread_blocked, id=7624, stack(0x0000006cc3900000,0x0000006cc3a00000)]
  0x000001fd414d1f70 JavaThread "File lock request listener" [_thread_in_native, id=17028, stack(0x0000006cc3a00000,0x0000006cc3b00000)]
  0x000001fd414d5210 JavaThread "Cache worker for file hash cache (C:\Users\admin\.gradle\caches\9.1.0\fileHashes)" [_thread_blocked, id=19176, stack(0x0000006cc3b00000,0x0000006cc3c00000)]
  0x000001fd414d5720 JavaThread "File lock release action executor" [_thread_blocked, id=19004, stack(0x0000006cc3f00000,0x0000006cc4000000)]
  0x000001fd414d2480 JavaThread "Cache worker for file hash cache (C:\Users\admin\Downloads\livreurs-pro\flutter\foodmood_app\android\.gradle\9.1.0\fileHashes)" [_thread_blocked, id=1224, stack(0x0000006cc4100000,0x0000006cc4200000)]
  0x000001fd414d47f0 JavaThread "Cache worker for Build Output Cleanup Cache (C:\Users\admin\Downloads\livreurs-pro\flutter\foodmood_app\android\.gradle\buildOutputCleanup)" [_thread_blocked, id=18852, stack(0x0000006cc4200000,0x0000006cc4300000)]
  0x000001fd414d2990 JavaThread "File watcher server" daemon [_thread_in_native, id=19316, stack(0x0000006cc4300000,0x0000006cc4400000)]
  0x000001fd4422b810 JavaThread "File watcher consumer" daemon [_thread_blocked, id=18468, stack(0x0000006cc4400000,0x0000006cc4500000)]
  0x000001fd4422adf0 JavaThread "jar transforms" [_thread_blocked, id=17288, stack(0x0000006cc4500000,0x0000006cc4600000)]
  0x000001fd44228060 JavaThread "jar transforms Thread 2" [_thread_blocked, id=8920, stack(0x0000006cc4600000,0x0000006cc4700000)]
  0x000001fd4422f4d0 JavaThread "jar transforms Thread 3" [_thread_blocked, id=13652, stack(0x0000006cc4700000,0x0000006cc4800000)]
  0x000001fd4422e090 JavaThread "Cache worker for checksums cache (C:\Users\admin\Downloads\livreurs-pro\flutter\foodmood_app\android\.gradle\9.1.0\checksums)" [_thread_blocked, id=6496, stack(0x0000006cc4800000,0x0000006cc4900000)]
  0x000001fd4422cc50 JavaThread "Cache worker for file content cache (C:\Users\admin\.gradle\caches\9.1.0\fileContent)" [_thread_blocked, id=15820, stack(0x0000006cc4900000,0x0000006cc4a00000)]
  0x000001fd4422c230 JavaThread "Cache worker for cache directory md-supplier (C:\Users\admin\.gradle\caches\9.1.0\md-supplier)" [_thread_blocked, id=7944, stack(0x0000006cc4a00000,0x0000006cc4b00000)]
  0x000001fd4422e5a0 JavaThread "Cache worker for cache directory md-rule (C:\Users\admin\.gradle\caches\9.1.0\md-rule)" [_thread_blocked, id=7692, stack(0x0000006cc4b00000,0x0000006cc4c00000)]
  0x000001fd4422db80 JavaThread "jar transforms Thread 4" [_thread_blocked, id=9716, stack(0x0000006cc4c00000,0x0000006cc4d00000)]
  0x000001fd44228a80 JavaThread "jar transforms Thread 5" [_thread_blocked, id=18520, stack(0x0000006cc4d00000,0x0000006cc4e00000)]
  0x000001fd4422eab0 JavaThread "jar transforms Thread 6" [_thread_blocked, id=3468, stack(0x0000006cc4e00000,0x0000006cc4f00000)]
  0x000001fd4422d160 JavaThread "jar transforms Thread 7" [_thread_blocked, id=12108, stack(0x0000006cc4f00000,0x0000006cc5000000)]
  0x000001fd44228f90 JavaThread "jar transforms Thread 8" [_thread_blocked, id=13352, stack(0x0000006cc5000000,0x0000006cc5100000)]
  0x000001fd442299b0 JavaThread "Cache worker for Build Output Cleanup Cache (C:\flutter\packages\flutter_tools\gradle\.gradle\buildOutputCleanup)" [_thread_blocked, id=6384, stack(0x0000006cc5100000,0x0000006cc5200000)]
  0x000001fd4422efc0 JavaThread "Unconstrained build operations" [_thread_blocked, id=12176, stack(0x0000006cc5200000,0x0000006cc5300000)]
  0x000001fd4422c740 JavaThread "Unconstrained build operations Thread 2" [_thread_blocked, id=7424, stack(0x0000006cc5300000,0x0000006cc5400000)]
  0x000001fd44229ec0 JavaThread "Unconstrained build operations Thread 3" [_thread_blocked, id=9144, stack(0x0000006cc5400000,0x0000006cc5500000)]
  0x000001fd4422d670 JavaThread "Unconstrained build operations Thread 4" [_thread_blocked, id=18624, stack(0x0000006cc5500000,0x0000006cc5600000)]
  0x000001fd44228570 JavaThread "Unconstrained build operations Thread 5" [_thread_blocked, id=19240, stack(0x0000006cc5600000,0x0000006cc5700000)]
  0x000001fd4422a3d0 JavaThread "Unconstrained build operations Thread 6" [_thread_blocked, id=18184, stack(0x0000006cc5700000,0x0000006cc5800000)]
  0x000001fd4422a8e0 JavaThread "Unconstrained build operations Thread 7" [_thread_blocked, id=13340, stack(0x0000006cc5800000,0x0000006cc5900000)]
  0x000001fd4422b300 JavaThread "Unconstrained build operations Thread 8" [_thread_blocked, id=15624, stack(0x0000006cc5900000,0x0000006cc5a00000)]
  0x000001fd4410f670 JavaThread "Unconstrained build operations Thread 9" [_thread_blocked, id=7020, stack(0x0000006cc5a00000,0x0000006cc5b00000)]
  0x000001fd4410b4a0 JavaThread "Unconstrained build operations Thread 10" [_thread_blocked, id=19368, stack(0x0000006cc5b00000,0x0000006cc5c00000)]
  0x000001fd4410fb80 JavaThread "Unconstrained build operations Thread 11" [_thread_blocked, id=16588, stack(0x0000006cc5c00000,0x0000006cc5d00000)]
  0x000001fd4410bec0 JavaThread "Unconstrained build operations Thread 12" [_thread_blocked, id=18020, stack(0x0000006cc5d00000,0x0000006cc5e00000)]
  0x000001fd4410cdf0 JavaThread "Unconstrained build operations Thread 13" [_thread_blocked, id=10148, stack(0x0000006cc5e00000,0x0000006cc5f00000)]
  0x000001fd44110090 JavaThread "Unconstrained build operations Thread 14" [_thread_blocked, id=14348, stack(0x0000006cc5f00000,0x0000006cc6000000)]
  0x000001fd441114d0 JavaThread "Unconstrained build operations Thread 15" [_thread_blocked, id=8660, stack(0x0000006cc6000000,0x0000006cc6100000)]
  0x000001fd4410dd20 JavaThread "Unconstrained build operations Thread 16" [_thread_blocked, id=4792, stack(0x0000006cc6100000,0x0000006cc6200000)]
  0x000001fd4410d810 JavaThread "Unconstrained build operations Thread 17" [_thread_blocked, id=3952, stack(0x0000006cc6200000,0x0000006cc6300000)]
  0x000001fd4410e230 JavaThread "Unconstrained build operations Thread 18" [_thread_blocked, id=19184, stack(0x0000006cc6300000,0x0000006cc6400000)]
  0x000001fd4410b9b0 JavaThread "Unconstrained build operations Thread 19" [_thread_blocked, id=18500, stack(0x0000006cc6400000,0x0000006cc6500000)]
  0x000001fd4410e740 JavaThread "Unconstrained build operations Thread 20" [_thread_blocked, id=2708, stack(0x0000006cc6500000,0x0000006cc6600000)]
  0x000001fd441105a0 JavaThread "Unconstrained build operations Thread 21" [_thread_blocked, id=6720, stack(0x0000006cc6600000,0x0000006cc6700000)]
  0x000001fd44110ab0 JavaThread "Memory manager" [_thread_blocked, id=14752, stack(0x0000006cc6800000,0x0000006cc6900000)]
  0x000001fd44110fc0 JavaThread "build event listener" [_thread_blocked, id=9272, stack(0x0000006cc6b00000,0x0000006cc6c00000)]

Other Threads:
  0x000001fcf93f5030 VMThread "VM Thread" [stack: 0x0000006cc1d00000,0x0000006cc1e00000] [id=16040]
  0x000001fd411925a0 WatcherThread [stack: 0x0000006cc2900000,0x0000006cc2a00000] [id=1808]
  0x000001fcbe20eb60 GCTaskThread "GC Thread#0" [stack: 0x0000006cc1800000,0x0000006cc1900000] [id=16692]
  0x000001fd41233c40 GCTaskThread "GC Thread#1" [stack: 0x0000006cc2a00000,0x0000006cc2b00000] [id=16488]
  0x000001fd41242ac0 GCTaskThread "GC Thread#2" [stack: 0x0000006cc2b00000,0x0000006cc2c00000] [id=16208]
  0x000001fd41efc6f0 GCTaskThread "GC Thread#3" [stack: 0x0000006cc2c00000,0x0000006cc2d00000] [id=6220]
  0x000001fd41efc9b0 GCTaskThread "GC Thread#4" [stack: 0x0000006cc2d00000,0x0000006cc2e00000] [id=7124]
  0x000001fd43093790 GCTaskThread "GC Thread#5" [stack: 0x0000006cc3c00000,0x0000006cc3d00000] [id=9660]
  0x000001fd43b19980 GCTaskThread "GC Thread#6" [stack: 0x0000006cc3d00000,0x0000006cc3e00000] [id=7456]
  0x000001fd43b19c40 GCTaskThread "GC Thread#7" [stack: 0x0000006cc3e00000,0x0000006cc3f00000] [id=2700]
  0x000001fcf9240c20 ConcurrentGCThread "G1 Main Marker" [stack: 0x0000006cc1900000,0x0000006cc1a00000] [id=17752]
  0x000001fcf9241640 ConcurrentGCThread "G1 Conc#0" [stack: 0x0000006cc1a00000,0x0000006cc1b00000] [id=19364]
  0x000001fd4403d1b0 ConcurrentGCThread "G1 Conc#1" [stack: 0x0000006cc4000000,0x0000006cc4100000] [id=3924]
  0x000001fcf92a91e0 ConcurrentGCThread "G1 Refine#0" [stack: 0x0000006cc1b00000,0x0000006cc1c00000] [id=6632]
  0x000001fcf92a9c10 ConcurrentGCThread "G1 Service" [stack: 0x0000006cc1c00000,0x0000006cc1d00000] [id=10748]

Threads with active compile tasks:
C2 CompilerThread0  64196 8618       4       jdk.internal.org.objectweb.asm.ClassWriter::toByteArray (1515 bytes)

VM state: not at safepoint (normal execution)

VM Mutex/Monitor currently owned by a thread: None

Heap address: 0x0000000600000000, size: 8192 MB, Compressed Oops mode: Zero based, Oop shift amount: 3

CDS archive(s) mapped at: [0x000001fcfc000000-0x000001fcfcbb0000-0x000001fcfcbb0000), size 12255232, SharedBaseAddress: 0x000001fcfc000000, ArchiveRelocationMode: 1.
Compressed class space mapped at: 0x000001fcfd000000-0x000001fd3d000000, reserved size: 1073741824
Narrow klass base: 0x000001fcfc000000, Narrow klass shift: 0, Narrow klass range: 0x100000000

GC Precious Log:
 CPUs: 8 total, 8 available
 Memory: 8070M
 Large Page Support: Disabled
 NUMA Support: Disabled
 Compressed Oops: Enabled (Zero based)
 Heap Region Size: 4M
 Heap Min Capacity: 8M
 Heap Initial Capacity: 128M
 Heap Max Capacity: 8G
 Pre-touch: Disabled
 Parallel Workers: 8
 Concurrent Workers: 2
 Concurrent Refinement Workers: 8
 Periodic GC: Disabled

Heap:
 garbage-first heap   total 110592K, used 75266K [0x0000000600000000, 0x0000000800000000)
  region size 4096K, 7 young (28672K), 2 survivors (8192K)
 Metaspace       used 67109K, committed 68032K, reserved 1114112K
  class space    used 9633K, committed 10048K, reserved 1048576K

Heap Regions: E=young(eden), S=young(survivor), O=old, HS=humongous(starts), HC=humongous(continues), CS=collection set, F=free, OA=open archive, CA=closed archive, TAMS=top-at-mark-start (previous, next)
|   0|0x0000000600000000, 0x0000000600400000, 0x0000000600400000|100%|HS|  |TAMS 0x0000000600400000, 0x0000000600000000| Complete 
|   1|0x0000000600400000, 0x0000000600800000, 0x0000000600800000|100%| O|  |TAMS 0x0000000600800000, 0x0000000600400000| Untracked 
|   2|0x0000000600800000, 0x0000000600c00000, 0x0000000600c00000|100%| O|  |TAMS 0x0000000600c00000, 0x0000000600800000| Untracked 
|   3|0x0000000600c00000, 0x0000000600f93000, 0x0000000601000000| 89%| O|  |TAMS 0x0000000600f93000, 0x0000000600c00000| Untracked 
|   4|0x0000000601000000, 0x0000000601400000, 0x0000000601400000|100%| O|  |TAMS 0x0000000601400000, 0x0000000601000000| Untracked 
|   5|0x0000000601400000, 0x0000000601800000, 0x0000000601800000|100%| O|  |TAMS 0x0000000601800000, 0x0000000601400000| Untracked 
|   6|0x0000000601800000, 0x0000000601c00000, 0x0000000601c00000|100%| O|  |TAMS 0x0000000601c00000, 0x0000000601800000| Untracked 
|   7|0x0000000601c00000, 0x0000000602000000, 0x0000000602000000|100%| O|  |TAMS 0x0000000602000000, 0x0000000601c00000| Untracked 
|   8|0x0000000602000000, 0x0000000602400000, 0x0000000602400000|100%| O|  |TAMS 0x0000000602400000, 0x0000000602000000| Untracked 
|   9|0x0000000602400000, 0x0000000602800000, 0x0000000602800000|100%| O|  |TAMS 0x0000000602800000, 0x0000000602400000| Untracked 
|  10|0x0000000602800000, 0x0000000602800000, 0x0000000602c00000|  0%| F|  |TAMS 0x0000000602800000, 0x0000000602800000| Untracked 
|  11|0x0000000602c00000, 0x0000000603000000, 0x0000000603000000|100%| O|  |TAMS 0x0000000603000000, 0x0000000602c00000| Untracked 
|  12|0x0000000603000000, 0x0000000603400000, 0x0000000603400000|100%| O|  |TAMS 0x0000000603400000, 0x0000000603000000| Untracked 
|  13|0x0000000603400000, 0x0000000603749400, 0x0000000603800000| 82%| O|  |TAMS 0x0000000603593600, 0x0000000603400000| Untracked 
|  14|0x0000000603800000, 0x0000000603800000, 0x0000000603c00000|  0%| F|  |TAMS 0x0000000603800000, 0x0000000603800000| Untracked 
|  15|0x0000000603c00000, 0x0000000603c00000, 0x0000000604000000|  0%| F|  |TAMS 0x0000000603c00000, 0x0000000603c00000| Untracked 
|  16|0x0000000604000000, 0x0000000604000000, 0x0000000604400000|  0%| F|  |TAMS 0x0000000604000000, 0x0000000604000000| Untracked 
|  17|0x0000000604400000, 0x00000006046a44c8, 0x0000000604800000| 66%| S|CS|TAMS 0x0000000604400000, 0x0000000604400000| Complete 
|  18|0x0000000604800000, 0x0000000604800000, 0x0000000604c00000|  0%| F|  |TAMS 0x0000000604800000, 0x0000000604800000| Untracked 
|  19|0x0000000604c00000, 0x0000000605000000, 0x0000000605000000|100%| S|CS|TAMS 0x0000000604c00000, 0x0000000604c00000| Complete 
|  20|0x0000000605000000, 0x0000000605000000, 0x0000000605400000|  0%| F|  |TAMS 0x0000000605000000, 0x0000000605000000| Untracked 
|  21|0x0000000605400000, 0x0000000605400000, 0x0000000605800000|  0%| F|  |TAMS 0x0000000605400000, 0x0000000605400000| Untracked 
|  22|0x0000000605800000, 0x0000000605ad46d0, 0x0000000605c00000| 70%| E|  |TAMS 0x0000000605800000, 0x0000000605800000| Complete 
|  23|0x0000000605c00000, 0x0000000606000000, 0x0000000606000000|100%| E|CS|TAMS 0x0000000605c00000, 0x0000000605c00000| Complete 
|  24|0x0000000606000000, 0x0000000606400000, 0x0000000606400000|100%| E|CS|TAMS 0x0000000606000000, 0x0000000606000000| Complete 
|  30|0x0000000607800000, 0x0000000607c00000, 0x0000000607c00000|100%| E|CS|TAMS 0x0000000607800000, 0x0000000607800000| Complete 
|  31|0x0000000607c00000, 0x0000000608000000, 0x0000000608000000|100%| E|CS|TAMS 0x0000000607c00000, 0x0000000607c00000| Complete 

Card table byte_map: [0x000001fce7230000,0x000001fce8230000] _byte_map_base: 0x000001fce4230000

Marking Bits (Prev, Next): (CMBitMap*) 0x000001fcf92302f0, (CMBitMap*) 0x000001fcf9230330
 Prev Bits: [0x000001fce9230000, 0x000001fcf1230000)
 Next Bits: [0x000001fcf1230000, 0x000001fcf9230000)

Polling page: 0x000001fcbc0e0000

Metaspace:

Usage:
  Non-class:     56.13 MB used.
      Class:      9.41 MB used.
       Both:     65.54 MB used.

Virtual space:
  Non-class space:       64.00 MB reserved,      56.62 MB ( 88%) committed,  1 nodes.
      Class space:        1.00 GB reserved,       9.81 MB ( <1%) committed,  1 nodes.
             Both:        1.06 GB reserved,      66.44 MB (  6%) committed. 

Chunk freelists:
   Non-Class:  6.62 MB
       Class:  6.11 MB
        Both:  12.74 MB

MaxMetaspaceSize: 4.00 GB
CompressedClassSpaceSize: 1.00 GB
Initial GC threshold: 21.00 MB
Current GC threshold: 109.06 MB
CDS: on
MetaspaceReclaimPolicy: balanced
 - commit_granule_bytes: 65536.
 - commit_granule_words: 8192.
 - virtual_space_node_default_size: 8388608.
 - enlarge_chunks_in_place: 1.
 - new_chunks_are_fully_committed: 0.
 - uncommit_free_chunks: 1.
 - use_allocation_guard: 0.
 - handle_deallocations: 1.


Internal statistics:

num_allocs_failed_limit: 9.
num_arena_births: 1360.
num_arena_deaths: 0.
num_vsnodes_births: 2.
num_vsnodes_deaths: 0.
num_space_committed: 1064.
num_space_uncommitted: 0.
num_chunks_returned_to_freelist: 9.
num_chunks_taken_from_freelist: 4398.
num_chunk_merges: 6.
num_chunk_splits: 2764.
num_chunks_enlarged: 1669.
num_inconsistent_stats: 0.

CodeHeap 'non-profiled nmethods': size=259264Kb used=4452Kb max_used=4452Kb free=254811Kb
 bounds [0x000001fcd5fb0000, 0x000001fcd6410000, 0x000001fce5ce0000]
CodeHeap 'profiled nmethods': size=259264Kb used=15434Kb max_used=15434Kb free=243829Kb
 bounds [0x000001fcc5ce0000, 0x000001fcc6c00000, 0x000001fcd5a10000]
CodeHeap 'non-nmethods': size=5760Kb used=1697Kb max_used=1778Kb free=4062Kb
 bounds [0x000001fcd5a10000, 0x000001fcd5c80000, 0x000001fcd5fb0000]
 total_blobs=8576 nmethods=7788 adapters=698
 compilation: enabled
              stopped_count=0, restarted_count=0
 full_count=0

Compilation events (20 events):
Event: 54.388 Thread 0x000001fd41048490 nmethod 8608 0x000001fcc6be9b10 code [0x000001fcc6be9ce0, 0x000001fcc6bea0f8]
Event: 54.388 Thread 0x000001fd41048490 8609       3       java.lang.management.ManagementFactory$PlatformMBeanFinder::lambda$findFirst$0 (13 bytes)
Event: 54.388 Thread 0x000001fd41048490 nmethod 8609 0x000001fcc6bea210 code [0x000001fcc6bea3c0, 0x000001fcc6bea658]
Event: 55.055 Thread 0x000001fd41048490 8610   !   3       org.gradle.internal.event.AbstractBroadcastDispatch::dispatch (194 bytes)
Event: 55.057 Thread 0x000001fd41048490 nmethod 8610 0x000001fcc6bea790 code [0x000001fcc6beab20, 0x000001fcc6bec748]
Event: 56.381 Thread 0x000001fd41048490 8611       3       java.util.concurrent.TimeUnit::convert (77 bytes)
Event: 56.382 Thread 0x000001fd41048490 nmethod 8611 0x000001fcc6bece90 code [0x000001fcc6bed0a0, 0x000001fcc6bed448]
Event: 56.382 Thread 0x000001fd41048490 8612       1       java.util.stream.FindOps$FindOp::getOpFlags (5 bytes)
Event: 56.382 Thread 0x000001fd41048490 nmethod 8612 0x000001fcd6408290 code [0x000001fcd6408420, 0x000001fcd64084f8]
Event: 60.442 Thread 0x000001fd41048490 8613       1       com.google.common.cache.LocalCache$AccessQueue$1::setNextInAccessQueue (6 bytes)
Event: 60.442 Thread 0x000001fd41048490 nmethod 8613 0x000001fcd6408590 code [0x000001fcd6408720, 0x000001fcd6408838]
Event: 60.442 Thread 0x000001fd41048490 8614       3       com.google.common.cache.LocalCache$Segment::enqueueNotification (67 bytes)
Event: 60.443 Thread 0x000001fd41048490 nmethod 8614 0x000001fcc6bed610 code [0x000001fcc6bed800, 0x000001fcc6bedc78]
Event: 61.408 Thread 0x000001fd41048490 8615       1       org.gradle.internal.concurrent.AbstractManagedExecutor::access$100 (5 bytes)
Event: 61.408 Thread 0x000001fd41048490 nmethod 8615 0x000001fcd6408890 code [0x000001fcd6408a20, 0x000001fcd6408ad8]
Event: 61.408 Thread 0x000001fcf940dbd0 8616       4       java.lang.StringConcatHelper::mix (27 bytes)
Event: 61.410 Thread 0x000001fcf940dbd0 nmethod 8616 0x000001fcd6408b90 code [0x000001fcd6408d20, 0x000001fcd6408dd8]
Event: 64.086 Thread 0x000001fd41048490 8617       3       java.lang.Long::toString (55 bytes)
Event: 64.087 Thread 0x000001fd41048490 nmethod 8617 0x000001fcc6bede10 code [0x000001fcc6bedfe0, 0x000001fcc6bee378]
Event: 64.111 Thread 0x000001fcf940dbd0 8618       4       jdk.internal.org.objectweb.asm.ClassWriter::toByteArray (1515 bytes)

GC Heap History (20 events):
Event: 32.150 GC heap before
{Heap before GC invocations=13 (full 0):
 garbage-first heap   total 110592K, used 56834K [0x0000000600000000, 0x0000000800000000)
  region size 4096K, 7 young (28672K), 2 survivors (8192K)
 Metaspace       used 48468K, committed 49216K, reserved 1114112K
  class space    used 6933K, committed 7296K, reserved 1048576K
}
Event: 32.159 GC heap after
{Heap after GC invocations=14 (full 0):
 garbage-first heap   total 110592K, used 42505K [0x0000000600000000, 0x0000000800000000)
  region size 4096K, 2 young (8192K), 2 survivors (8192K)
 Metaspace       used 48468K, committed 49216K, reserved 1114112K
  class space    used 6933K, committed 7296K, reserved 1048576K
}
Event: 34.725 GC heap before
{Heap before GC invocations=15 (full 0):
 garbage-first heap   total 110592K, used 75273K [0x0000000600000000, 0x0000000800000000)
  region size 4096K, 11 young (45056K), 2 survivors (8192K)
 Metaspace       used 49609K, committed 50496K, reserved 1114112K
  class space    used 7100K, committed 7552K, reserved 1048576K
}
Event: 34.734 GC heap after
{Heap after GC invocations=16 (full 0):
 garbage-first heap   total 110592K, used 44513K [0x0000000600000000, 0x0000000800000000)
  region size 4096K, 2 young (8192K), 2 survivors (8192K)
 Metaspace       used 49609K, committed 50496K, reserved 1114112K
  class space    used 7100K, committed 7552K, reserved 1048576K
}
Event: 36.849 GC heap before
{Heap before GC invocations=16 (full 0):
 garbage-first heap   total 110592K, used 77281K [0x0000000600000000, 0x0000000800000000)
  region size 4096K, 11 young (45056K), 2 survivors (8192K)
 Metaspace       used 52407K, committed 53312K, reserved 1114112K
  class space    used 7569K, committed 8000K, reserved 1048576K
}
Event: 36.856 GC heap after
{Heap after GC invocations=17 (full 0):
 garbage-first heap   total 110592K, used 50598K [0x0000000600000000, 0x0000000800000000)
  region size 4096K, 2 young (8192K), 2 survivors (8192K)
 Metaspace       used 52407K, committed 53312K, reserved 1114112K
  class space    used 7569K, committed 8000K, reserved 1048576K
}
Event: 38.052 GC heap before
{Heap before GC invocations=17 (full 0):
 garbage-first heap   total 110592K, used 83366K [0x0000000600000000, 0x0000000800000000)
  region size 4096K, 10 young (40960K), 2 survivors (8192K)
 Metaspace       used 55649K, committed 56448K, reserved 1114112K
  class space    used 8001K, committed 8384K, reserved 1048576K
}
Event: 38.057 GC heap after
{Heap after GC invocations=18 (full 0):
 garbage-first heap   total 110592K, used 52363K [0x0000000600000000, 0x0000000800000000)
  region size 4096K, 1 young (4096K), 1 survivors (4096K)
 Metaspace       used 55649K, committed 56448K, reserved 1114112K
  class space    used 8001K, committed 8384K, reserved 1048576K
}
Event: 39.199 GC heap before
{Heap before GC invocations=18 (full 0):
 garbage-first heap   total 110592K, used 81035K [0x0000000600000000, 0x0000000800000000)
  region size 4096K, 8 young (32768K), 1 survivors (4096K)
 Metaspace       used 58520K, committed 59456K, reserved 1114112K
  class space    used 8371K, committed 8832K, reserved 1048576K
}
Event: 39.204 GC heap after
{Heap after GC invocations=19 (full 0):
 garbage-first heap   total 110592K, used 53292K [0x0000000600000000, 0x0000000800000000)
  region size 4096K, 1 young (4096K), 1 survivors (4096K)
 Metaspace       used 58520K, committed 59456K, reserved 1114112K
  class space    used 8371K, committed 8832K, reserved 1048576K
}
Event: 40.374 GC heap before
{Heap before GC invocations=20 (full 0):
 garbage-first heap   total 110592K, used 86060K [0x0000000600000000, 0x0000000800000000)
  region size 4096K, 9 young (36864K), 1 survivors (4096K)
 Metaspace       used 60502K, committed 61376K, reserved 1114112K
  class space    used 8648K, committed 9088K, reserved 1048576K
}
Event: 40.378 GC heap after
{Heap after GC invocations=21 (full 0):
 garbage-first heap   total 110592K, used 53977K [0x0000000600000000, 0x0000000800000000)
  region size 4096K, 1 young (4096K), 1 survivors (4096K)
 Metaspace       used 60502K, committed 61376K, reserved 1114112K
  class space    used 8648K, committed 9088K, reserved 1048576K
}
Event: 40.666 GC heap before
{Heap before GC invocations=21 (full 0):
 garbage-first heap   total 110592K, used 58073K [0x0000000600000000, 0x0000000800000000)
  region size 4096K, 2 young (8192K), 1 survivors (4096K)
 Metaspace       used 60738K, committed 61632K, reserved 1114112K
  class space    used 8683K, committed 9088K, reserved 1048576K
}
Event: 40.673 GC heap after
{Heap after GC invocations=22 (full 0):
 garbage-first heap   total 110592K, used 52535K [0x0000000600000000, 0x0000000800000000)
  region size 4096K, 1 young (4096K), 1 survivors (4096K)
 Metaspace       used 60738K, committed 61632K, reserved 1114112K
  class space    used 8683K, committed 9088K, reserved 1048576K
}
Event: 41.612 GC heap before
{Heap before GC invocations=22 (full 0):
 garbage-first heap   total 110592K, used 85303K [0x0000000600000000, 0x0000000800000000)
  region size 4096K, 9 young (36864K), 1 survivors (4096K)
 Metaspace       used 62744K, committed 63680K, reserved 1114112K
  class space    used 8974K, committed 9408K, reserved 1048576K
}
Event: 41.618 GC heap after
{Heap after GC invocations=23 (full 0):
 garbage-first heap   total 110592K, used 53613K [0x0000000600000000, 0x0000000800000000)
  region size 4096K, 1 young (4096K), 1 survivors (4096K)
 Metaspace       used 62744K, committed 63680K, reserved 1114112K
  class space    used 8974K, committed 9408K, reserved 1048576K
}
Event: 43.559 GC heap before
{Heap before GC invocations=24 (full 0):
 garbage-first heap   total 110592K, used 86381K [0x0000000600000000, 0x0000000800000000)
  region size 4096K, 9 young (36864K), 1 survivors (4096K)
 Metaspace       used 64736K, committed 65600K, reserved 1114112K
  class space    used 9255K, committed 9664K, reserved 1048576K
}
Event: 43.567 GC heap after
{Heap after GC invocations=25 (full 0):
 garbage-first heap   total 110592K, used 55851K [0x0000000600000000, 0x0000000800000000)
  region size 4096K, 2 young (8192K), 2 survivors (8192K)
 Metaspace       used 64736K, committed 65600K, reserved 1114112K
  class space    used 9255K, committed 9664K, reserved 1048576K
}
Event: 44.564 GC heap before
{Heap before GC invocations=25 (full 0):
 garbage-first heap   total 110592K, used 80427K [0x0000000600000000, 0x0000000800000000)
  region size 4096K, 9 young (36864K), 2 survivors (8192K)
 Metaspace       used 66047K, committed 67008K, reserved 1114112K
  class space    used 9445K, committed 9856K, reserved 1048576K
}
Event: 44.573 GC heap after
{Heap after GC invocations=26 (full 0):
 garbage-first heap   total 110592K, used 58882K [0x0000000600000000, 0x0000000800000000)
  region size 4096K, 2 young (8192K), 2 survivors (8192K)
 Metaspace       used 66047K, committed 67008K, reserved 1114112K
  class space    used 9445K, committed 9856K, reserved 1048576K
}

Dll operation events (15 events):
Event: 0.074 Loaded shared library C:\Program Files\Eclipse Adoptium\jdk-17.0.19.10-hotspot\bin\java.dll
Event: 0.397 Loaded shared library C:\Program Files\Eclipse Adoptium\jdk-17.0.19.10-hotspot\bin\jsvml.dll
Event: 0.701 Loaded shared library C:\Program Files\Eclipse Adoptium\jdk-17.0.19.10-hotspot\bin\zip.dll
Event: 0.705 Loaded shared library C:\Program Files\Eclipse Adoptium\jdk-17.0.19.10-hotspot\bin\instrument.dll
Event: 0.716 Loaded shared library C:\Program Files\Eclipse Adoptium\jdk-17.0.19.10-hotspot\bin\net.dll
Event: 0.721 Loaded shared library C:\Program Files\Eclipse Adoptium\jdk-17.0.19.10-hotspot\bin\nio.dll
Event: 0.731 Loaded shared library C:\Program Files\Eclipse Adoptium\jdk-17.0.19.10-hotspot\bin\zip.dll
Event: 2.520 Loaded shared library C:\Program Files\Eclipse Adoptium\jdk-17.0.19.10-hotspot\bin\jimage.dll
Event: 3.611 Loaded shared library C:\Program Files\Eclipse Adoptium\jdk-17.0.19.10-hotspot\bin\verify.dll
Event: 3.733 Loaded shared library C:\Users\admin\.gradle\native\1def1411415f61bf3af743bc5b6707747c0891f09f0c88961ee8f79bc544acac\windows-amd64\native-platform.dll
Event: 3.752 Loaded shared library C:\Users\admin\.gradle\native\0.2.8\x86_64-windows-gnu\gradle-fileevents.dll
Event: 8.065 Loaded shared library C:\Program Files\Eclipse Adoptium\jdk-17.0.19.10-hotspot\bin\management.dll
Event: 8.070 Loaded shared library C:\Program Files\Eclipse Adoptium\jdk-17.0.19.10-hotspot\bin\management_ext.dll
Event: 10.030 Loaded shared library C:\Program Files\Eclipse Adoptium\jdk-17.0.19.10-hotspot\bin\extnet.dll
Event: 10.834 Loaded shared library C:\Program Files\Eclipse Adoptium\jdk-17.0.19.10-hotspot\bin\sunmscapi.dll

Deoptimization events (20 events):
Event: 44.193 Thread 0x000001fd414d3dd0 Uncommon trap: trap_request=0xffffff45 fr.pc=0x000001fcd609afa0 relative=0x0000000000000180
Event: 44.193 Thread 0x000001fd414d3dd0 Uncommon trap: reason=unstable_if action=reinterpret pc=0x000001fcd609afa0 method=com.esotericsoftware.kryo.io.Output.writeBytes([BII)V @ 61 c2
Event: 44.193 Thread 0x000001fd414d3dd0 DEOPT PACKING pc=0x000001fcd609afa0 sp=0x0000006cc38fd220
Event: 44.193 Thread 0x000001fd414d3dd0 DEOPT UNPACKING pc=0x000001fcd5a669a3 sp=0x0000006cc38fd0e8 mode 2
Event: 44.925 Thread 0x000001fd414d2ea0 Uncommon trap: trap_request=0xffffff45 fr.pc=0x000001fcd62a001c relative=0x00000000000001dc
Event: 44.925 Thread 0x000001fd414d2ea0 Uncommon trap: reason=unstable_if action=reinterpret pc=0x000001fcd62a001c method=java.util.regex.Pattern$BmpCharProperty.match(Ljava/util/regex/Matcher;ILjava/lang/CharSequence;)Z @ 39 c2
Event: 44.925 Thread 0x000001fd414d2ea0 DEOPT PACKING pc=0x000001fcd62a001c sp=0x0000006cc35f6ca0
Event: 44.925 Thread 0x000001fd414d2ea0 DEOPT UNPACKING pc=0x000001fcd5a669a3 sp=0x0000006cc35f6c50 mode 2
Event: 44.932 Thread 0x000001fd414d2ea0 Uncommon trap: trap_request=0xffffff6e fr.pc=0x000001fcd5fce6a8 relative=0x0000000000000188
Event: 44.932 Thread 0x000001fd414d2ea0 Uncommon trap: reason=loop_limit_check action=maybe_recompile pc=0x000001fcd5fce6a8 method=java.lang.StringLatin1.lastIndexOf([BII)I @ 19 c2
Event: 44.932 Thread 0x000001fd414d2ea0 DEOPT PACKING pc=0x000001fcd5fce6a8 sp=0x0000006cc35f6c10
Event: 44.932 Thread 0x000001fd414d2ea0 DEOPT UNPACKING pc=0x000001fcd5a669a3 sp=0x0000006cc35f6b90 mode 2
Event: 45.065 Thread 0x000001fd414d2ea0 Uncommon trap: trap_request=0xffffff45 fr.pc=0x000001fcd62e1054 relative=0x0000000000003a34
Event: 45.065 Thread 0x000001fd414d2ea0 Uncommon trap: reason=unstable_if action=reinterpret pc=0x000001fcd62e1054 method=org.objectweb.asm.Type.getTypeInternal(Ljava/lang/String;II)Lorg/objectweb/asm/Type; @ 5 c2
Event: 45.065 Thread 0x000001fd414d2ea0 DEOPT PACKING pc=0x000001fcd62e1054 sp=0x0000006cc35f5f20
Event: 45.065 Thread 0x000001fd414d2ea0 DEOPT UNPACKING pc=0x000001fcd5a669a3 sp=0x0000006cc35f5d50 mode 2
Event: 45.107 Thread 0x000001fd414d2ea0 Uncommon trap: trap_request=0xffffffde fr.pc=0x000001fcd61ea100 relative=0x0000000000000720
Event: 45.107 Thread 0x000001fd414d2ea0 Uncommon trap: reason=class_check action=maybe_recompile pc=0x000001fcd61ea100 method=java.lang.ClassLoader.definePackage(Ljava/lang/String;Ljava/lang/Module;)Ljava/lang/Package; @ 50 c2
Event: 45.107 Thread 0x000001fd414d2ea0 DEOPT PACKING pc=0x000001fcd61ea100 sp=0x0000006cc35f6b70
Event: 45.107 Thread 0x000001fd414d2ea0 DEOPT UNPACKING pc=0x000001fcd5a669a3 sp=0x0000006cc35f6b38 mode 2

Classes loaded (20 events):
Event: 44.220 Loading class java/lang/invoke/BoundMethodHandle$Species_LLLIL
Event: 44.220 Loading class java/lang/invoke/BoundMethodHandle$Species_LLLIL done
Event: 44.224 Loading class java/lang/invoke/BoundMethodHandle$Species_LLLILL
Event: 44.224 Loading class java/lang/invoke/BoundMethodHandle$Species_LLLILL done
Event: 44.238 Loading class java/util/TreeSetBeanInfo
Event: 44.238 Loading class java/util/TreeSetBeanInfo done
Event: 44.239 Loading class java/util/TreeSetBeanInfo
Event: 44.239 Loading class java/util/TreeSetBeanInfo done
Event: 44.239 Loading class java/util/AbstractSetBeanInfo
Event: 44.239 Loading class java/util/AbstractSetBeanInfo done
Event: 44.240 Loading class java/util/AbstractSetBeanInfo
Event: 44.240 Loading class java/util/AbstractSetBeanInfo done
Event: 44.240 Loading class java/util/AbstractSetCustomizer
Event: 44.240 Loading class java/util/AbstractSetCustomizer done
Event: 44.240 Loading class java/util/AbstractSetCustomizer
Event: 44.240 Loading class java/util/AbstractSetCustomizer done
Event: 44.243 Loading class java/util/TreeSetCustomizer
Event: 44.243 Loading class java/util/TreeSetCustomizer done
Event: 44.244 Loading class java/util/TreeSetCustomizer
Event: 44.244 Loading class java/util/TreeSetCustomizer done

Classes unloaded (0 events):
No events

Classes redefined (0 events):
No events

Internal exceptions (20 events):
Event: 44.545 Thread 0x000001fd414d2ea0 Exception <a 'java/lang/ClassNotFoundException'{0x00000006053c3b78}: org/gradle/api/tasks/compile/GroovyCompile_DecoratedBeanInfo> (0x00000006053c3b78) 
thrown [s\src\hotspot\share\classfile\systemDictionary.cpp, line 256]
Event: 44.549 Thread 0x000001fd414d2ea0 Exception <a 'java/lang/ClassNotFoundException'{0x00000006053e33c0}: org/gradle/api/tasks/compile/GroovyCompileBeanInfo> (0x00000006053e33c0) 
thrown [s\src\hotspot\share\classfile\systemDictionary.cpp, line 256]
Event: 44.575 Thread 0x000001fd414d2ea0 Exception <a 'java/lang/ClassNotFoundException'{0x0000000607c02ee8}: org/gradle/api/tasks/compile/AbstractCompileBeanInfo> (0x0000000607c02ee8) 
thrown [s\src\hotspot\share\classfile\systemDictionary.cpp, line 256]
Event: 44.578 Thread 0x000001fd414d2ea0 Exception <a 'java/lang/ClassNotFoundException'{0x0000000607c1f498}: org/gradle/api/tasks/SourceTaskBeanInfo> (0x0000000607c1f498) 
thrown [s\src\hotspot\share\classfile\systemDictionary.cpp, line 256]
Event: 44.581 Thread 0x000001fd414d2ea0 Exception <a 'java/lang/ClassNotFoundException'{0x0000000607c3bb60}: org/gradle/api/internal/ConventionTaskBeanInfo> (0x0000000607c3bb60) 
thrown [s\src\hotspot\share\classfile\systemDictionary.cpp, line 256]
Event: 44.585 Thread 0x000001fd414d2ea0 Exception <a 'java/lang/ClassNotFoundException'{0x0000000607c587d8}: org/gradle/api/DefaultTaskBeanInfo> (0x0000000607c587d8) 
thrown [s\src\hotspot\share\classfile\systemDictionary.cpp, line 256]
Event: 44.588 Thread 0x000001fd414d2ea0 Exception <a 'java/lang/ClassNotFoundException'{0x0000000607c75e30}: org/gradle/api/internal/AbstractTaskBeanInfo> (0x0000000607c75e30) 
thrown [s\src\hotspot\share\classfile\systemDictionary.cpp, line 256]
Event: 44.626 Thread 0x000001fd414d2ea0 Exception <a 'java/lang/ClassNotFoundException'{0x0000000607c95a98}: org/gradle/api/internal/AbstractTaskCustomizer> (0x0000000607c95a98) 
thrown [s\src\hotspot\share\classfile\systemDictionary.cpp, line 256]
Event: 44.634 Thread 0x000001fd414d2ea0 Exception <a 'java/lang/ClassNotFoundException'{0x0000000607d05d08}: org/gradle/api/DefaultTaskCustomizer> (0x0000000607d05d08) 
thrown [s\src\hotspot\share\classfile\systemDictionary.cpp, line 256]
Event: 44.641 Thread 0x000001fd414d2ea0 Exception <a 'java/lang/ClassNotFoundException'{0x0000000607d7fa78}: org/gradle/api/internal/ConventionTaskCustomizer> (0x0000000607d7fa78) 
thrown [s\src\hotspot\share\classfile\systemDictionary.cpp, line 256]
Event: 44.648 Thread 0x000001fd414d2ea0 Exception <a 'java/lang/ClassNotFoundException'{0x0000000607dab738}: org/gradle/api/tasks/SourceTaskCustomizer> (0x0000000607dab738) 
thrown [s\src\hotspot\share\classfile\systemDictionary.cpp, line 256]
Event: 44.653 Thread 0x000001fd414d2ea0 Exception <a 'java/lang/ClassNotFoundException'{0x0000000607def358}: org/gradle/api/tasks/compile/AbstractCompileCustomizer> (0x0000000607def358) 
thrown [s\src\hotspot\share\classfile\systemDictionary.cpp, line 256]
Event: 44.656 Thread 0x000001fd414d2ea0 Exception <a 'java/lang/ClassNotFoundException'{0x0000000607e262b0}: org/gradle/api/tasks/compile/GroovyCompileCustomizer> (0x0000000607e262b0) 
thrown [s\src\hotspot\share\classfile\systemDictionary.cpp, line 256]
Event: 44.670 Thread 0x000001fd414d2ea0 Exception <a 'java/lang/ClassNotFoundException'{0x0000000607e647b0}: org/gradle/api/tasks/compile/GroovyCompile_DecoratedCustomizer> (0x0000000607e647b0) 
thrown [s\src\hotspot\share\classfile\systemDictionary.cpp, line 256]
Event: 44.689 Thread 0x000001fd414d2ea0 Exception <a 'java/lang/ClassNotFoundException'{0x0000000607f166a8}: org/gradle/api/tasks/compile/GroovyCompileOptions_DecoratedBeanInfo> (0x0000000607f166a8) 
thrown [s\src\hotspot\share\classfile\systemDictionary.cpp, line 256]
Event: 44.692 Thread 0x000001fd414d2ea0 Exception <a 'java/lang/ClassNotFoundException'{0x0000000607f36578}: org/gradle/api/tasks/compile/GroovyCompileOptionsBeanInfo> (0x0000000607f36578) 
thrown [s\src\hotspot\share\classfile\systemDictionary.cpp, line 256]
Event: 44.697 Thread 0x000001fd414d2ea0 Exception <a 'java/lang/ClassNotFoundException'{0x0000000607f561a0}: org/gradle/api/tasks/compile/GroovyCompileOptionsCustomizer> (0x0000000607f561a0) 
thrown [s\src\hotspot\share\classfile\systemDictionary.cpp, line 256]
Event: 44.701 Thread 0x000001fd414d2ea0 Exception <a 'java/lang/ClassNotFoundException'{0x0000000607f96570}: org/gradle/api/tasks/compile/GroovyCompileOptions_DecoratedCustomizer> (0x0000000607f96570) 
thrown [s\src\hotspot\share\classfile\systemDictionary.cpp, line 256]
Event: 45.058 Thread 0x000001fd414d2ea0 Exception <a 'java/lang/NoSuchMethodError'{0x0000000606275ed0}: 'void java.lang.invoke.DirectMethodHandle$Holder.invokeStatic(java.lang.Object, int, java.lang.Object)'> (0x0000000606275ed0) 
thrown [s\src\hotspot\share\interpreter\linkResolver.cpp, line 759]
Event: 64.110 Thread 0x000001fd414d2ea0 Exception <a 'java/lang/NoSuchMethodError'{0x00000006058ca8f0}: 'void java.lang.invoke.DirectMethodHandle$Holder.invokeStaticInit(java.lang.Object)'> (0x00000006058ca8f0) 
thrown [s\src\hotspot\share\interpreter\linkResolver.cpp, line 759]

VM Operations (20 events):
Event: 43.018 Executing VM operation: HandshakeAllThreads
Event: 43.018 Executing VM operation: HandshakeAllThreads done
Event: 43.559 Executing VM operation: G1CollectForAllocation
Event: 43.567 Executing VM operation: G1CollectForAllocation done
Event: 44.564 Executing VM operation: G1CollectForAllocation
Event: 44.573 Executing VM operation: G1CollectForAllocation done
Event: 44.662 Executing VM operation: G1PauseRemark
Event: 44.668 Executing VM operation: G1PauseRemark done
Event: 44.704 Executing VM operation: G1PauseCleanup
Event: 44.704 Executing VM operation: G1PauseCleanup done
Event: 45.705 Executing VM operation: Cleanup
Event: 45.706 Executing VM operation: Cleanup done
Event: 50.760 Executing VM operation: Cleanup
Event: 50.760 Executing VM operation: Cleanup done
Event: 53.783 Executing VM operation: Cleanup
Event: 53.783 Executing VM operation: Cleanup done
Event: 55.798 Executing VM operation: Cleanup
Event: 55.798 Executing VM operation: Cleanup done
Event: 60.207 Executing VM operation: HandshakeAllThreads
Event: 60.207 Executing VM operation: HandshakeAllThreads done

Memory protections (0 events):
No events

Nmethod flushes (20 events):
Event: 31.311 Thread 0x000001fd4104e0b0 flushing  nmethod 0x000001fcc653f110
Event: 31.311 Thread 0x000001fd4104e0b0 flushing  nmethod 0x000001fcc6572c10
Event: 31.311 Thread 0x000001fd4104e0b0 flushing  nmethod 0x000001fcc6575010
Event: 31.311 Thread 0x000001fd4104e0b0 flushing  nmethod 0x000001fcc657a790
Event: 31.311 Thread 0x000001fd4104e0b0 flushing  nmethod 0x000001fcc65d1010
Event: 31.311 Thread 0x000001fd4104e0b0 flushing  nmethod 0x000001fcc65f6810
Event: 31.311 Thread 0x000001fd4104e0b0 flushing  nmethod 0x000001fcc6607090
Event: 31.312 Thread 0x000001fd4104e0b0 flushing  nmethod 0x000001fcc6631790
Event: 31.312 Thread 0x000001fd4104e0b0 flushing  nmethod 0x000001fcc6632310
Event: 31.312 Thread 0x000001fd4104e0b0 flushing  nmethod 0x000001fcc663ce10
Event: 31.312 Thread 0x000001fd4104e0b0 flushing  nmethod 0x000001fcc6667110
Event: 31.312 Thread 0x000001fd4104e0b0 flushing  nmethod 0x000001fcc6672b90
Event: 31.312 Thread 0x000001fd4104e0b0 flushing  nmethod 0x000001fcc66aff10
Event: 31.313 Thread 0x000001fd4104e0b0 flushing  nmethod 0x000001fcc66ce110
Event: 31.313 Thread 0x000001fd4104e0b0 flushing  nmethod 0x000001fcc6702390
Event: 43.022 Thread 0x000001fd4104e0b0 flushing  nmethod 0x000001fcc5e95290
Event: 43.026 Thread 0x000001fd4104e0b0 flushing  nmethod 0x000001fcc6210390
Event: 43.029 Thread 0x000001fd4104e0b0 flushing  nmethod 0x000001fcc6407290
Event: 43.029 Thread 0x000001fd4104e0b0 flushing  nmethod 0x000001fcc6479990
Event: 43.030 Thread 0x000001fd4104e0b0 flushing  nmethod 0x000001fcc6573710

Events (20 events):
Event: 31.996 Thread 0x000001fd414d2ea0 Thread added: 0x000001fd4410bec0
Event: 32.000 Thread 0x000001fd414d2ea0 Thread added: 0x000001fd4410cdf0
Event: 32.003 Thread 0x000001fd414d2ea0 Thread added: 0x000001fd44110090
Event: 33.015 Thread 0x000001fd414d2ea0 Thread added: 0x000001fd441114d0
Event: 33.039 Thread 0x000001fd414d2ea0 Thread added: 0x000001fd4410dd20
Event: 33.042 Thread 0x000001fd414d2ea0 Thread added: 0x000001fd4410d810
Event: 33.044 Thread 0x000001fd414d2ea0 Thread added: 0x000001fd4410e230
Event: 33.047 Thread 0x000001fd414d2ea0 Thread added: 0x000001fd4410b9b0
Event: 33.119 Thread 0x000001fd414d2ea0 Thread added: 0x000001fd4410e740
Event: 33.121 Thread 0x000001fd414d2ea0 Thread added: 0x000001fd441105a0
Event: 33.416 Thread 0x000001fd41048490 Thread added: 0x000001fd412d1ac0
Event: 34.981 Thread 0x000001fd414d2ea0 Thread added: 0x000001fd44110ab0
Event: 36.181 Thread 0x000001fd412d1ac0 Thread exited: 0x000001fd412d1ac0
Event: 36.210 Thread 0x000001fd41048490 Thread added: 0x000001fd412d1ac0
Event: 36.434 Thread 0x000001fd412d1ac0 Thread exited: 0x000001fd412d1ac0
Event: 36.892 Thread 0x000001fcf940dbd0 Thread added: 0x000001fd44f61d30
Event: 37.610 Thread 0x000001fd44f61d30 Thread exited: 0x000001fd44f61d30
Event: 38.147 Thread 0x000001fd41048490 Thread added: 0x000001fd44878930
Event: 38.953 Thread 0x000001fd414d2ea0 Thread added: 0x000001fd44110fc0
Event: 39.109 Thread 0x000001fd44878930 Thread exited: 0x000001fd44878930


Dynamic libraries:
0x00007ff7f7450000 - 0x00007ff7f745e000 	C:\Program Files\Eclipse Adoptium\jdk-17.0.19.10-hotspot\bin\java.exe
0x00007ffbf7510000 - 0x00007ffbf7727000 	C:\WINDOWS\SYSTEM32\ntdll.dll
0x00007ffbf6790000 - 0x00007ffbf6854000 	C:\WINDOWS\System32\KERNEL32.DLL
0x00007ffbf47e0000 - 0x00007ffbf4bb2000 	C:\WINDOWS\System32\KERNELBASE.dll
0x00007ffbf46c0000 - 0x00007ffbf47d1000 	C:\WINDOWS\System32\ucrtbase.dll
0x00007ffbeba30000 - 0x00007ffbeba48000 	C:\Program Files\Eclipse Adoptium\jdk-17.0.19.10-hotspot\bin\jli.dll
0x00007ffbf52b0000 - 0x00007ffbf5461000 	C:\WINDOWS\System32\USER32.dll
0x00007ffbf4bc0000 - 0x00007ffbf4be6000 	C:\WINDOWS\System32\win32u.dll
0x00007ffbf74a0000 - 0x00007ffbf74c9000 	C:\WINDOWS\System32\GDI32.dll
0x00007ffbf4bf0000 - 0x00007ffbf4d13000 	C:\WINDOWS\System32\gdi32full.dll
0x00007ffbf4d20000 - 0x00007ffbf4dba000 	C:\WINDOWS\System32\msvcp_win.dll
0x00007ffbebaa0000 - 0x00007ffbebabe000 	C:\Program Files\Eclipse Adoptium\jdk-17.0.19.10-hotspot\bin\VCRUNTIME140.dll
0x00007ffbdee30000 - 0x00007ffbdf0cb000 	C:\WINDOWS\WinSxS\amd64_microsoft.windows.common-controls_6595b64144ccf1df_6.0.22621.5547_none_27104afb73855772\COMCTL32.dll
0x00007ffbf7130000 - 0x00007ffbf71d7000 	C:\WINDOWS\System32\msvcrt.dll
0x00007ffbf6560000 - 0x00007ffbf6591000 	C:\WINDOWS\System32\IMM32.DLL
0x00007ffbebb60000 - 0x00007ffbebb6c000 	C:\Program Files\Eclipse Adoptium\jdk-17.0.19.10-hotspot\bin\vcruntime140_1.dll
0x00007ffbe9260000 - 0x00007ffbe92ed000 	C:\Program Files\Eclipse Adoptium\jdk-17.0.19.10-hotspot\bin\msvcp140.dll
0x00007ffbb4f70000 - 0x00007ffbb5bdc000 	C:\Program Files\Eclipse Adoptium\jdk-17.0.19.10-hotspot\bin\server\jvm.dll
0x00007ffbf7010000 - 0x00007ffbf70c1000 	C:\WINDOWS\System32\ADVAPI32.dll
0x00007ffbf5c00000 - 0x00007ffbf5ca8000 	C:\WINDOWS\System32\sechost.dll
0x00007ffbf5170000 - 0x00007ffbf5198000 	C:\WINDOWS\System32\bcrypt.dll
0x00007ffbf65c0000 - 0x00007ffbf66d4000 	C:\WINDOWS\System32\RPCRT4.dll
0x00007ffbf5230000 - 0x00007ffbf52a1000 	C:\WINDOWS\System32\WS2_32.dll
0x00007ffbf44d0000 - 0x00007ffbf451d000 	C:\WINDOWS\SYSTEM32\POWRPROF.dll
0x00007ffbea780000 - 0x00007ffbea7b4000 	C:\WINDOWS\SYSTEM32\WINMM.dll
0x00007ffbe2020000 - 0x00007ffbe202a000 	C:\WINDOWS\SYSTEM32\VERSION.dll
0x00007ffbf44b0000 - 0x00007ffbf44c3000 	C:\WINDOWS\SYSTEM32\UMPDC.dll
0x00007ffbf35f0000 - 0x00007ffbf3608000 	C:\WINDOWS\SYSTEM32\kernel.appcore.dll
0x00007ffbeba90000 - 0x00007ffbeba9a000 	C:\Program Files\Eclipse Adoptium\jdk-17.0.19.10-hotspot\bin\jimage.dll
0x00007ffbeefa0000 - 0x00007ffbef1d3000 	C:\WINDOWS\SYSTEM32\DBGHELP.DLL
0x00007ffbf6860000 - 0x00007ffbf6bf3000 	C:\WINDOWS\System32\combase.dll
0x00007ffbf6c00000 - 0x00007ffbf6cd7000 	C:\WINDOWS\System32\OLEAUT32.dll
0x00007ffbde5e0000 - 0x00007ffbde612000 	C:\WINDOWS\SYSTEM32\dbgcore.DLL
0x00007ffbf4dc0000 - 0x00007ffbf4e3b000 	C:\WINDOWS\System32\bcryptPrimitives.dll
0x00007ffbea7c0000 - 0x00007ffbea7ce000 	C:\Program Files\Eclipse Adoptium\jdk-17.0.19.10-hotspot\bin\instrument.dll
0x00007ffbe9420000 - 0x00007ffbe9445000 	C:\Program Files\Eclipse Adoptium\jdk-17.0.19.10-hotspot\bin\java.dll
0x00007ffbd3160000 - 0x00007ffbd3237000 	C:\Program Files\Eclipse Adoptium\jdk-17.0.19.10-hotspot\bin\jsvml.dll
0x00007ffbf5cb0000 - 0x00007ffbf6552000 	C:\WINDOWS\System32\SHELL32.dll
0x00007ffbf4fb0000 - 0x00007ffbf50ef000 	C:\WINDOWS\System32\wintypes.dll
0x00007ffbf24e0000 - 0x00007ffbf2dfd000 	C:\WINDOWS\SYSTEM32\windows.storage.dll
0x00007ffbf7310000 - 0x00007ffbf741c000 	C:\WINDOWS\System32\SHCORE.dll
0x00007ffbf54d0000 - 0x00007ffbf5539000 	C:\WINDOWS\System32\shlwapi.dll
0x00007ffbf4530000 - 0x00007ffbf455b000 	C:\WINDOWS\SYSTEM32\profapi.dll
0x00007ffbe9240000 - 0x00007ffbe9258000 	C:\Program Files\Eclipse Adoptium\jdk-17.0.19.10-hotspot\bin\zip.dll
0x00007ffbd8530000 - 0x00007ffbd854a000 	C:\Program Files\Eclipse Adoptium\jdk-17.0.19.10-hotspot\bin\net.dll
0x00007ffbe9e80000 - 0x00007ffbe9fac000 	C:\WINDOWS\SYSTEM32\WINHTTP.dll
0x00007ffbf3a60000 - 0x00007ffbf3ac9000 	C:\WINDOWS\system32\mswsock.dll
0x00007ffbd2ff0000 - 0x00007ffbd3006000 	C:\Program Files\Eclipse Adoptium\jdk-17.0.19.10-hotspot\bin\nio.dll
0x00007ffbe9230000 - 0x00007ffbe9240000 	C:\Program Files\Eclipse Adoptium\jdk-17.0.19.10-hotspot\bin\verify.dll
0x00007ffbc3240000 - 0x00007ffbc3267000 	C:\Users\admin\.gradle\native\1def1411415f61bf3af743bc5b6707747c0891f09f0c88961ee8f79bc544acac\windows-amd64\native-platform.dll
0x00007ffbd2a50000 - 0x00007ffbd2ac7000 	C:\Users\admin\.gradle\native\0.2.8\x86_64-windows-gnu\gradle-fileevents.dll
0x00007ffbe9220000 - 0x00007ffbe922a000 	C:\Program Files\Eclipse Adoptium\jdk-17.0.19.10-hotspot\bin\management.dll
0x00007ffbe9210000 - 0x00007ffbe921c000 	C:\Program Files\Eclipse Adoptium\jdk-17.0.19.10-hotspot\bin\management_ext.dll
0x00007ffbf55d0000 - 0x00007ffbf55d8000 	C:\WINDOWS\System32\PSAPI.DLL
0x00007ffbf3060000 - 0x00007ffbf308d000 	C:\WINDOWS\SYSTEM32\IPHLPAPI.DLL
0x00007ffbf65b0000 - 0x00007ffbf65b9000 	C:\WINDOWS\System32\NSI.dll
0x00007ffbea560000 - 0x00007ffbea579000 	C:\WINDOWS\SYSTEM32\dhcpcsvc6.DLL
0x00007ffbea540000 - 0x00007ffbea55f000 	C:\WINDOWS\SYSTEM32\dhcpcsvc.DLL
0x00007ffbf30d0000 - 0x00007ffbf31c8000 	C:\WINDOWS\SYSTEM32\DNSAPI.dll
0x00007ffbe9200000 - 0x00007ffbe9209000 	C:\Program Files\Eclipse Adoptium\jdk-17.0.19.10-hotspot\bin\extnet.dll
0x00007ffbf3db0000 - 0x00007ffbf3dcb000 	C:\WINDOWS\SYSTEM32\CRYPTSP.dll
0x00007ffbf3550000 - 0x00007ffbf3587000 	C:\WINDOWS\system32\rsaenh.dll
0x00007ffbf3b00000 - 0x00007ffbf3b28000 	C:\WINDOWS\SYSTEM32\USERENV.dll
0x00007ffbf3d90000 - 0x00007ffbf3d9c000 	C:\WINDOWS\SYSTEM32\CRYPTBASE.dll
0x00007ffbe91f0000 - 0x00007ffbe91fe000 	C:\Program Files\Eclipse Adoptium\jdk-17.0.19.10-hotspot\bin\sunmscapi.dll
0x00007ffbf4e40000 - 0x00007ffbf4fa7000 	C:\WINDOWS\System32\CRYPT32.dll
0x00007ffbf3ec0000 - 0x00007ffbf3eed000 	C:\WINDOWS\SYSTEM32\ncrypt.dll
0x00007ffbf3e80000 - 0x00007ffbf3eb7000 	C:\WINDOWS\SYSTEM32\NTASN1.dll
0x00007ffbec890000 - 0x00007ffbec898000 	C:\WINDOWS\system32\wshunix.dll

dbghelp: loaded successfully - version: 4.0.5 - missing functions: none
symbol engine: initialized successfully - sym options: 0x614 - pdb path: .;C:\Program Files\Eclipse Adoptium\jdk-17.0.19.10-hotspot\bin;C:\WINDOWS\SYSTEM32;C:\WINDOWS\WinSxS\amd64_microsoft.windows.common-controls_6595b64144ccf1df_6.0.22621.5547_none_27104afb73855772;C:\Program Files\Eclipse Adoptium\jdk-17.0.19.10-hotspot\bin\server;C:\Users\admin\.gradle\native\1def1411415f61bf3af743bc5b6707747c0891f09f0c88961ee8f79bc544acac\windows-amd64;C:\Users\admin\.gradle\native\0.2.8\x86_64-windows-gnu

VM Arguments:
jvm_args: --add-opens=java.base/java.lang=ALL-UNNAMED --add-opens=java.base/java.lang.invoke=ALL-UNNAMED --add-opens=java.base/java.util=ALL-UNNAMED --add-opens=java.prefs/java.util.prefs=ALL-UNNAMED --add-exports=jdk.compiler/com.sun.tools.javac.api=ALL-UNNAMED --add-exports=jdk.compiler/com.sun.tools.javac.util=ALL-UNNAMED --add-opens=java.base/java.util=ALL-UNNAMED --add-opens=java.prefs/java.util.prefs=ALL-UNNAMED --add-opens=java.base/java.nio.charset=ALL-UNNAMED --add-opens=java.base/java.net=ALL-UNNAMED --add-opens=java.base/java.util.concurrent=ALL-UNNAMED --add-opens=java.base/java.util.concurrent.atomic=ALL-UNNAMED --add-opens=java.xml/javax.xml.namespace=ALL-UNNAMED --add-opens=java.base/java.time=ALL-UNNAMED -XX:MaxMetaspaceSize=4G -XX:ReservedCodeCacheSize=512m -XX:+HeapDumpOnOutOfMemoryError -Xmx8G -Dfile.encoding=UTF-8 -Duser.country=FR -Duser.language=fr -Duser.variant -javaagent:C:\Users\admin\.gradle\wrapper\dists\gradle-9.1.0-all\7wzd0jkjit61aq2p43wpjgij9\gradle-9.1.0\lib\agents\gradle-instrumentation-agent-9.1.0.jar 
java_command: org.gradle.launcher.daemon.bootstrap.GradleDaemon 9.1.0
java_class_path (initial): C:\Users\admin\.gradle\wrapper\dists\gradle-9.1.0-all\7wzd0jkjit61aq2p43wpjgij9\gradle-9.1.0\lib\gradle-daemon-main-9.1.0.jar
Launcher Type: SUN_STANDARD

[Global flags]
     intx CICompilerCount                          = 4                                         {product} {ergonomic}
     uint ConcGCThreads                            = 2                                         {product} {ergonomic}
     uint G1ConcRefinementThreads                  = 8                                         {product} {ergonomic}
   size_t G1HeapRegionSize                         = 4194304                                   {product} {ergonomic}
    uintx GCDrainStackTargetSize                   = 64                                        {product} {ergonomic}
     bool HeapDumpOnOutOfMemoryError               = true                                   {manageable} {command line}
   size_t InitialHeapSize                          = 134217728                                 {product} {ergonomic}
   size_t MarkStackSize                            = 4194304                                   {product} {ergonomic}
   size_t MaxHeapSize                              = 8589934592                                {product} {command line}
   size_t MaxMetaspaceSize                         = 4294967296                                {product} {command line}
   size_t MaxNewSize                               = 5150605312                                {product} {ergonomic}
   size_t MinHeapDeltaBytes                        = 4194304                                   {product} {ergonomic}
   size_t MinHeapSize                              = 8388608                                   {product} {ergonomic}
    uintx NonNMethodCodeHeapSize                   = 5839372                                {pd product} {ergonomic}
    uintx NonProfiledCodeHeapSize                  = 265515770                              {pd product} {ergonomic}
    uintx ProfiledCodeHeapSize                     = 265515770                              {pd product} {ergonomic}
    uintx ReservedCodeCacheSize                    = 536870912                              {pd product} {command line}
     bool SegmentedCodeCache                       = true                                      {product} {ergonomic}
   size_t SoftMaxHeapSize                          = 8589934592                             {manageable} {ergonomic}
   double SweeperThreshold                         = 0.234375                                  {product} {ergonomic}
     bool UseCompressedClassPointers               = true                           {product lp64_product} {ergonomic}
     bool UseCompressedOops                        = true                           {product lp64_product} {ergonomic}
     bool UseG1GC                                  = true                                      {product} {ergonomic}
     bool UseLargePagesIndividualAllocation        = false                                  {pd product} {ergonomic}

Logging:
Log output configuration:
 #0: stdout all=warning uptime,level,tags
 #1: stderr all=off uptime,level,tags

Environment Variables:
JAVA_HOME=C:\Program Files\Eclipse Adoptium\jdk-25.0.1.8-hotspot
PATH=C:\Program Files\Eclipse Adoptium\jdk-17.0.19.10-hotspot\bin;C:\Program Files (x86)\VMware\VMware Workstation\bin\;C:\Program Files\Python312\Scripts\;C:\Program Files\Python312\;C:\WINDOWS\system32;C:\WINDOWS;C:\WINDOWS\System32\Wbem;C:\WINDOWS\System32\WindowsPowerShell\v1.0\;C:\WINDOWS\System32\OpenSSH\;C:\Program Files (x86)\Microsoft SQL Server\160\Tools\Binn\;C:\Program Files\Microsoft SQL Server\160\Tools\Binn\;C:\Program Files\Microsoft SQL Server\Client SDK\ODBC\170\Tools\Binn\;C:\Program Files\Microsoft SQL Server\160\DTS\Binn\;C:\Program Files (x86)\Microsoft SQL Server\160\DTS\Binn\;C:\Windows\system32\python;C:\sqlite3;C:\Program Files\nodejs\;C:\MinGW\bin;C:\curl\bin;C:\curl\include;C:\MinGW;C:\MinGW\lib;C:\GnuWin32\bin;C:\OpenSSL-Win64\bin;C:\Program Files\PostgreSQL\17\bin;C:\Program Files\Eclipse Adoptium\jdk-25.0.1.8-hotspot\bin;C:\Program Files\Heroku\bin;C:\Program Files\Git\cmd;C:\Program Files (x86)\VMware\VMware Workstation\bin\;C:\Program Files\Python312\Scripts\;C:\Program Files\Python312\;C:\WINDOWS\system32;C:\WINDOWS;C:\WINDOWS\System32\Wbem;C:\WINDOWS\System32\WindowsPowerShell\v1.0\;C:\WINDOWS\System32\OpenSSH\;C:\Program Files (x86)\Microsoft SQL Server\160\Tools\Binn\;C:\Program Files\Microsoft SQL Server\160\Tools\Binn\;C:\Program Files\Microsoft SQL Server\Client SDK\ODBC\170\Tools\Binn\;C:\Program Files\Microsoft SQL Server\160\DTS\Binn\;C:\Program Files (x86)\Microsoft SQL Server\160\DTS\Binn\;C:\Windows\system32\python;C:\sqlite3;C:\Program Files\nodejs\;C:\MinGW\bin;C:\curl\bin;C:\curl\include;C:\MinGW;C:\MinGW\lib;C:\GnuWin32\bin;C:\OpenSSL-Win64\bin;C:\Program Files\PostgreSQL\17\bin;C:\Program Files\Eclipse Adoptium\jdk-25.0.1.8-hotspot\bin;C:\Program Files\Git\cmd;C:\Program Files\Docker\Docker\resources\bin;C:\Program Files\Heroku\bin;C:\Users\admin\AppData\Local\Programs\Microsoft VS Code;C:\Program Files\P;C:\flutter\bin\flutter;C:\flutter\bin;C:\Users\admin\AppData\Local\Programs\Microsoft VS Code\bin
USERNAME=admin
OS=Windows_NT
PROCESSOR_IDENTIFIER=Intel64 Family 6 Model 142 Stepping 10, GenuineIntel
TMP=C:\Users\admin\AppData\Local\Temp
TEMP=C:\Users\admin\AppData\Local\Temp



Periodic native trim disabled


---------------  S Y S T E M  ---------------

OS:
 Windows 11 , 64 bit Build 22621 (10.0.22621.5415)
OS uptime: 0 days 0:27 hours
Hyper-V role detected

CPU: total 8 (initial active 8) (4 cores per cpu, 2 threads per core) family 6 model 142 stepping 10 microcode 0xf4, cx8, cmov, fxsr, ht, mmx, 3dnowpref, sse, sse2, sse3, ssse3, sse4.1, sse4.2, popcnt, lzcnt, tsc, tscinvbit, avx, avx2, aes, erms, clmul, bmi1, bmi2, rtm, adx, fma, vzeroupper, clflush, clflushopt, hv
Processor Information for all 8 processors :
  Max Mhz: 1896, Current Mhz: 1696, Mhz Limit: 1687

Memory: 4k page, system-wide physical 8070M (120M free)
TotalPageFile size 16533M (AvailPageFile size 2M)
current process WorkingSet (physical memory assigned to process): 287M, peak: 314M
current process commit charge ("private bytes"): 330M, peak: 356M

vm_info: OpenJDK 64-Bit Server VM (17.0.19+10) for windows-amd64 JRE (17.0.19+10), built on Apr 25 2026 08:04:44 by "admin" with MS VC++ 17.12 (VS2022)

END.
