#
# There is insufficient memory for the Java Runtime Environment to continue.
# Native memory allocation (malloc) failed to allocate 1712144 bytes. Error detail: Chunk::new
# Possible reasons:
#   The system is out of physical RAM or swap space
#   This process is running with CompressedOops enabled, and the Java Heap may be blocking the growth of the native heap
# Possible solutions:
#   Reduce memory load on the system
#   Increase physical memory or swap space
#   Check if swap backing store is full
#   Decrease Java heap size (-Xmx/-Xms)
#   Decrease number of Java threads
#   Decrease Java thread stack sizes (-Xss)
#   Set larger code cache with -XX:ReservedCodeCacheSize=
#   JVM is running with Zero Based Compressed Oops mode in which the Java heap is
#     placed in the first 32GB address space. The Java Heap base address is the
#     maximum limit for the native heap growth. Please use -XX:HeapBaseMinAddress
#     to set the Java Heap base and to place the Java Heap above 32GB virtual address.
# This output file may be truncated or incomplete.
#
#  Out of Memory Error (arena.cpp:191), pid=9220, tid=5968
#
# JRE version: OpenJDK Runtime Environment Temurin-17.0.19+10 (17.0.19+10) (build 17.0.19+10)
# Java VM: OpenJDK 64-Bit Server VM Temurin-17.0.19+10 (17.0.19+10, mixed mode, sharing, tiered, compressed oops, compressed class ptrs, g1 gc, windows-amd64)
# No core dump will be written. Minidumps are not enabled by default on client versions of Windows
#

---------------  S U M M A R Y ------------

Command Line: --add-opens=java.base/java.lang=ALL-UNNAMED --add-opens=java.base/java.lang.invoke=ALL-UNNAMED --add-opens=java.base/java.util=ALL-UNNAMED --add-opens=java.prefs/java.util.prefs=ALL-UNNAMED --add-exports=jdk.compiler/com.sun.tools.javac.api=ALL-UNNAMED --add-exports=jdk.compiler/com.sun.tools.javac.util=ALL-UNNAMED --add-opens=java.base/java.util=ALL-UNNAMED --add-opens=java.prefs/java.util.prefs=ALL-UNNAMED --add-opens=java.base/java.nio.charset=ALL-UNNAMED --add-opens=java.base/java.net=ALL-UNNAMED --add-opens=java.base/java.util.concurrent.atomic=ALL-UNNAMED --add-opens=java.xml/javax.xml.namespace=ALL-UNNAMED -XX:MaxMetaspaceSize=4G -XX:ReservedCodeCacheSize=512m -XX:+HeapDumpOnOutOfMemoryError -Xmx8G -Dfile.encoding=UTF-8 -Duser.country=FR -Duser.language=fr -Duser.variant -javaagent:C:\Users\admin\.gradle\wrapper\dists\gradle-8.14-all\c2qonpi39x1mddn7hk5gh9iqj\gradle-8.14\lib\agents\gradle-instrumentation-agent-8.14.jar org.gradle.launcher.daemon.bootstrap.GradleDaemon 8.14

Host: Intel(R) Core(TM) i5-8350U CPU @ 1.70GHz, 8 cores, 7G,  Windows 11 , 64 bit Build 22621 (10.0.22621.5415)
Time: Thu Jul  9 19:58:18 2026 Paris, Madrid (heure duild 22621 (10.0.22621.5415) elapsed time: 333.719167 seconds (0d 0h 5m 33s)

---------------  T H R E A D  ---------------

Current thread (0x00000223cc7756d0):  JavaThread "C2 CompilerThread1" daemon [_thread_in_native, id=5968, stack(0x0000003be0900000,0x0000003be0a00000)]


Current CompileTask:
C2:333719 20317       4       org.gradle.api.internal.attributes.DefaultImmutableAttributesContainer::<init> (212 bytes)

Stack: [0x0000003be0900000,0x0000003be0a00000]
Native frames: (J=compiled Java code, j=interpreted, Vv=VM code, C=native code)
V  [jvm.dll+0x684b29]
V  [jvm.dll+0x83a2d5]
V  [jvm.dll+0x83bd4e]
V  [jvm.dll+0x83c3d3]
V  [jvm.dll+0x24905f]
V  [jvm.dll+0xad536]
V  [jvm.dll+0xadbdc]
V  [jvm.dll+0x368d9e]
V  [jvm.dll+0x3331d5]
V  [jvm.dll+0x33263a]
V  [jvm.dll+0x219e69]
V  [jvm.dll+0x2192af]
V  [jvm.dll+0x1a49f0]
V  [jvm.dll+0x2299fa]
V  [jvm.dll+0x227bab]
V  [jvm.dll+0x7f0a88]
V  [jvm.dll+0x7eaf1c]
V  [jvm.dll+0x6839f7]
C  [ucrtbase.dll+0x29333]
C  [KERNEL32.DLL+0x1259d]
C  [ntdll.dll+0x5af78]


---------------  P R O C E S S  ---------------

Threads class SMR info:
_java_thread_list=0x00000223ca02a060, length=68, elements={
0x0000022374441da0, 0x000002237f6cdc70, 0x000002237f6cea00, 0x000002237f6de300,
0x00000223c51360c0, 0x00000223c51385b0, 0x00000223c513ae90, 0x00000223c5143aa0,
0x00000223c5145040, 0x00000223c5145950, 0x000002237f6bafa0, 0x00000223c52f6dc0,
0x00000223c7170560, 0x00000223c5336100, 0x00000223c68270b0, 0x00000223c67a2d10,
0x00000223c67a09a0, 0x00000223c67a1de0, 0x00000223c67a0490, 0x00000223c98a4a00,
0x00000223c98a6350, 0x00000223c98a6860, 0x00000223c98a7790, 0x00000223c98a5420,
0x00000223c98a6d70, 0x00000223c98a35c0, 0x00000223c98a81b0, 0x00000223c98a3fe0,
0x00000223c98a3ad0, 0x00000223cab5ca20, 0x00000223c97ec580, 0x00000223c97e9d00,
0x00000223c97e92e0, 0x00000223c97eca90, 0x00000223c97ed4b0, 0x00000223c9a4c920,
0x00000223c9a50af0, 0x00000223cab5b0d0, 0x00000223cc6378f0, 0x00000223c9fbc1a0,
0x00000223c9a51510, 0x00000223cdf2bf60, 0x00000223cdf296e0, 0x00000223cdf2c470,
0x00000223cdf2ddc0, 0x00000223cdf2c980, 0x00000223cdf2f710, 0x00000223cdf2ce90,
0x00000223cdf29bf0, 0x00000223cdf291d0, 0x00000223cdf2ba50, 0x00000223cdf2d3a0,
0x00000223cc7756d0, 0x00000223cdf282a0, 0x00000223cdf2a100, 0x00000223cdf2e2d0,
0x00000223cdf2f200, 0x00000223cdf2b540, 0x00000223cdf2fc20, 0x00000223cdf2a610,
0x00000223cdf2e7e0, 0x00000223cdf287b0, 0x00000223cdf2b030, 0x00000223cdf2ab20,
0x00000223cdf28cc0, 0x00000223c9a4d850, 0x00000223c9a4dd60, 0x00000223c9a4f6b0
}

Java Threads: ( => current thread )
  0x0000022374441da0 JavaThread "main" [_thread_blocked, id=8660, stack(0x0000003bdcf00000,0x0000003bdd000000)]
  0x000002237f6cdc70 JavaThread "Reference Handler" daemon [_thread_blocked, id=11256, stack(0x0000003bdd600000,0x0000003bdd700000)]
  0x000002237f6cea00 JavaThread "Finalizer" daemon [_thread_blocked, id=9676, stack(0x0000003bdd700000,0x0000003bdd800000)]
  0x000002237f6de300 JavaThread "Signal Dispatcher" daemon [_thread_blocked, id=12888, stack(0x0000003bdd800000,0x0000003bdd900000)]
  0x00000223c51360c0 JavaThread "Attach Listener" daemon [_thread_blocked, id=12796, stack(0x0000003bdd900000,0x0000003bdda00000)]
  0x00000223c51385b0 JavaThread "Service Thread" daemon [_thread_blocked, id=15216, stack(0x0000003bdda00000,0x0000003bddb00000)]
  0x00000223c513ae90 JavaThread "Monitor Deflation Thread" daemon [_thread_blocked, id=6528, stack(0x0000003bddb00000,0x0000003bddc00000)]
  0x00000223c5143aa0 JavaThread "C2 CompilerThread0" daemon [_thread_blocked, id=11472, stack(0x0000003bddc00000,0x0000003bddd00000)]
  0x00000223c5145040 JavaThread "C1 CompilerThread0" daemon [_thread_blocked, id=16664, stack(0x0000003bddd00000,0x0000003bdde00000)]
  0x00000223c5145950 JavaThread "Sweeper thread" daemon [_thread_blocked, id=8820, stack(0x0000003bdde00000,0x0000003bddf00000)]
  0x000002237f6bafa0 JavaThread "Common-Cleaner" daemon [_thread_blocked, id=1556, stack(0x0000003bddf00000,0x0000003bde000000)]
  0x00000223c52f6dc0 JavaThread "Notification Thread" daemon [_thread_blocked, id=13256, stack(0x0000003bde000000,0x0000003bde100000)]
  0x00000223c7170560 JavaThread "Daemon health stats" [_thread_blocked, id=916, stack(0x0000003bde700000,0x0000003bde800000)]
  0x00000223c5336100 JavaThread "Incoming local TCP Connector on port 58336" [_thread_in_native, id=11412, stack(0x0000003bde600000,0x0000003bde700000)]
  0x00000223c68270b0 JavaThread "Daemon periodic checks" [_thread_blocked, id=5584, stack(0x0000003bde800000,0x0000003bde900000)]
  0x00000223c67a2d10 JavaThread "Cache worker for journal cache (C:\Users\admin\.gradle\caches\journal-1)" [_thread_blocked, id=9620, stack(0x0000003bdf000000,0x0000003bdf100000)]
  0x00000223c67a09a0 JavaThread "File lock request listener" [_thread_in_native, id=9408, stack(0x0000003bdf100000,0x0000003bdf200000)]
  0x00000223c67a1de0 JavaThread "Cache worker for file hash cache (C:\Users\admin\.gradle\caches\8.14\fileHashes)" [_thread_blocked, id=4832, stack(0x0000003bdf200000,0x0000003bdf300000)]
  0x00000223c67a0490 JavaThread "File watcher server" daemon [_thread_in_native, id=9756, stack(0x0000003bdfb00000,0x0000003bdfc00000)]
  0x00000223c98a4a00 JavaThread "File watcher consumer" daemon [_thread_blocked, id=3324, stack(0x0000003bdfc00000,0x0000003bdfd00000)]
  0x00000223c98a6350 JavaThread "jar transforms" [_thread_blocked, id=17372, stack(0x0000003bdf600000,0x0000003bdf700000)]
  0x00000223c98a6860 JavaThread "jar transforms Thread 2" [_thread_blocked, id=15300, stack(0x0000003bdf700000,0x0000003bdf800000)]
  0x00000223c98a7790 JavaThread "jar transforms Thread 3" [_thread_blocked, id=8656, stack(0x0000003bdfd00000,0x0000003bdfe00000)]
  0x00000223c98a5420 JavaThread "jar transforms Thread 4" [_thread_blocked, id=13736, stack(0x0000003bdfe00000,0x0000003bdff00000)]
  0x00000223c98a6d70 JavaThread "jar transforms Thread 5" [_thread_blocked, id=1044, stack(0x0000003bdff00000,0x0000003be0000000)]
  0x00000223c98a35c0 JavaThread "Cache worker for file content cache (C:\Users\admin\.gradle\caches\8.14\fileContent)" [_thread_blocked, id=5640, stack(0x0000003be0300000,0x0000003be0400000)]
  0x00000223c98a81b0 JavaThread "jar transforms Thread 6" [_thread_blocked, id=12652, stack(0x0000003be0600000,0x0000003be0700000)]
  0x00000223c98a3fe0 JavaThread "jar transforms Thread 7" [_thread_blocked, id=15588, stack(0x0000003be0700000,0x0000003be0800000)]
  0x00000223c98a3ad0 JavaThread "jar transforms Thread 8" [_thread_blocked, id=16088, stack(0x0000003be0800000,0x0000003be0900000)]
  0x00000223cab5ca20 JavaThread "Memory manager" [_thread_blocked, id=11576, stack(0x0000003be2200000,0x0000003be2300000)]
  0x00000223c97ec580 JavaThread "RMI Scheduler(0)" daemon [_thread_blocked, id=7972, stack(0x0000003be4400000,0x0000003be4500000)]
  0x00000223c97e9d00 JavaThread "RMI GC Daemon" daemon [_thread_blocked, id=8376, stack(0x0000003be4600000,0x0000003be4700000)]
  0x00000223c97e92e0 JavaThread "RMI TCP Accept-0" daemon [_thread_in_native, id=2512, stack(0x0000003be4800000,0x0000003be4900000)]
  0x00000223c97eca90 JavaThread "RMI Reaper" [_thread_blocked, id=8632, stack(0x0000003be4900000,0x0000003be4a00000)]
  0x00000223c97ed4b0 JavaThread "RMI TCP Connection(8)-127.0.0.1" daemon [_thread_in_native, id=7684, stack(0x0000003be4a00000,0x0000003be4b00000)]
  0x00000223c9a4c920 JavaThread "Daemon Thread 2" [_thread_blocked, id=5576, stack(0x0000003bdcc00000,0x0000003bdcd00000)]
  0x00000223c9a50af0 JavaThread "Daemon worker Thread 2" [_thread_in_Java, id=13688, stack(0x0000003bde900000,0x0000003bdea00000)]
  0x00000223cab5b0d0 JavaThread "included builds" [_thread_blocked, id=6688, stack(0x0000003be1800000,0x0000003be1900000)]
  0x00000223cc6378f0 JavaThread "File lock release action executor Thread 3" [_thread_blocked, id=4140, stack(0x0000003be3300000,0x0000003be3400000)]
  0x00000223c9fbc1a0 JavaThread "VFS cleanup Thread 3" [_thread_blocked, id=12352, stack(0x0000003bdea00000,0x0000003bdeb00000)]
  0x00000223c9a51510 JavaThread "included builds" [_thread_blocked, id=5308, stack(0x0000003be0200000,0x0000003be0300000)]
  0x00000223cdf2bf60 JavaThread "Handler for socket connection from /127.0.0.1:58336 to /127.0.0.1:53151" [_thread_in_native, id=4856, stack(0x0000003bdcd00000,0x0000003bdce00000)]
  0x00000223cdf296e0 JavaThread "Cancel handler" [_thread_blocked, id=1280, stack(0x0000003bdce00000,0x0000003bdcf00000)]
  0x00000223cdf2c470 JavaThread "Asynchronous log dispatcher for DefaultDaemonConnection: socket connection from /127.0.0.1:58336 to /127.0.0.1:53151" [_thread_blocked, id=4272, stack(0x0000003bdeb00000,0x0000003bdec00000)]
  0x00000223cdf2ddc0 JavaThread "Stdin handler" [_thread_blocked, id=3580, stack(0x0000003bdec00000,0x0000003bded00000)]
  0x00000223cdf2c980 JavaThread "Daemon client event forwarder" [_thread_in_native, id=16460, stack(0x0000003bded00000,0x0000003bdee00000)]
  0x00000223cdf2f710 JavaThread "Cache worker for file hash cache (C:\Users\admin\Downloads\livreurs-pro\flutter\flutter\examples\image_list\android\.gradle\8.14\fileHashes)" [_thread_blocked, id=14280, stack(0x0000003bdee00000,0x0000003bdef00000)]
  0x00000223cdf2ce90 JavaThread "Cache worker for Build Output Cleanup Cache (C:\Users\admin\Downloads\livreurs-pro\flutter\flutter\examples\image_list\android\.gradle\buildOutputCleanup)" [_thread_blocked, id=7584, stack(0x0000003bdef00000,0x0000003bdf000000)]
  0x00000223cdf29bf0 JavaThread "Cache worker for checksums cache (C:\Users\admin\Downloads\livreurs-pro\flutter\flutter\examples\image_list\android\.gradle\8.14\checksums)" [_thread_blocked, id=15952, stack(0x0000003bdf800000,0x0000003bdf900000)]
  0x00000223cdf291d0 JavaThread "Cache worker for cache directory md-supplier (C:\Users\admin\.gradle\caches\8.14\md-supplier)" [_thread_blocked, id=7216, stack(0x0000003bdf900000,0x0000003bdfa00000)]
  0x00000223cdf2ba50 JavaThread "Cache worker for cache directory md-rule (C:\Users\admin\.gradle\caches\8.14\md-rule)" [_thread_blocked, id=15720, stack(0x0000003be0000000,0x0000003be0100000)]
  0x00000223cdf2d3a0 JavaThread "Cache worker for Build Output Cleanup Cache (C:\flutter\packages\flutter_tools\gradle\.gradle\buildOutputCleanup)" [_thread_blocked, id=13212, stack(0x0000003be0100000,0x0000003be0200000)]
=>0x00000223cc7756d0 JavaThread "C2 CompilerThread1" daemon [_thread_in_native, id=5968, stack(0x0000003be0900000,0x0000003be0a00000)]
  0x00000223cdf282a0 JavaThread "Unconstrained build operations" [_thread_blocked, id=17172, stack(0x0000003be0a00000,0x0000003be0b00000)]
  0x00000223cdf2a100 JavaThread "Unconstrained build operations Thread 2" [_thread_blocked, id=9508, stack(0x0000003be0b00000,0x0000003be0c00000)]
  0x00000223cdf2e2d0 JavaThread "Unconstrained build operations Thread 3" [_thread_blocked, id=13304, stack(0x0000003be0c00000,0x0000003be0d00000)]
  0x00000223cdf2f200 JavaThread "Unconstrained build operations Thread 4" [_thread_blocked, id=8780, stack(0x0000003be0d00000,0x0000003be0e00000)]
  0x00000223cdf2b540 JavaThread "Unconstrained build operations Thread 5" [_thread_blocked, id=5492, stack(0x0000003be0e00000,0x0000003be0f00000)]
  0x00000223cdf2fc20 JavaThread "Unconstrained build operations Thread 6" [_thread_blocked, id=17304, stack(0x0000003be0f00000,0x0000003be1000000)]
  0x00000223cdf2a610 JavaThread "Unconstrained build operations Thread 7" [_thread_blocked, id=15668, stack(0x0000003be1000000,0x0000003be1100000)]
  0x00000223cdf2e7e0 JavaThread "Unconstrained build operations Thread 8" [_thread_blocked, id=6896, stack(0x0000003be1100000,0x0000003be1200000)]
  0x00000223cdf287b0 JavaThread "Unconstrained build operations Thread 9" [_thread_blocked, id=14468, stack(0x0000003be1200000,0x0000003be1300000)]
  0x00000223cdf2b030 JavaThread "Unconstrained build operations Thread 10" [_thread_blocked, id=8496, stack(0x0000003be1300000,0x0000003be1400000)]
  0x00000223cdf2ab20 JavaThread "Unconstrained build operations Thread 11" [_thread_blocked, id=9864, stack(0x0000003be1400000,0x0000003be1500000)]
  0x00000223cdf28cc0 JavaThread "Unconstrained build operations Thread 12" [_thread_blocked, id=7520, stack(0x0000003be1500000,0x0000003be1600000)]
  0x00000223c9a4d850 JavaThread "Unconstrained build operations Thread 13" [_thread_blocked, id=9952, stack(0x0000003be1600000,0x0000003be1700000)]
  0x00000223c9a4dd60 JavaThread "Unconstrained build operations Thread 14" [_thread_blocked, id=16144, stack(0x0000003be1700000,0x0000003be1800000)]
  0x00000223c9a4f6b0 JavaThread "build event listener" [_thread_blocked, id=8240, stack(0x0000003be1900000,0x0000003be1a00000)]

Other Threads:
  0x000002237f6cab30 VMThread "VM Thread" [stack: 0x0000003bdd500000,0x0000003bdd600000] [id=5944]
  0x0000022374442b30 WatcherThread [stack: 0x0000003bde100000,0x0000003bde200000] [id=12448]
  0x000002237f4e19a0 GCTaskThread "GC Thread#0" [stack: 0x0000003bdd000000,0x0000003bdd100000] [id=4492]
  0x00000223c572a190 GCTaskThread "GC Thread#1" [stack: 0x0000003bde300000,0x0000003bde400000] [id=14452]
  0x00000223c536b070 GCTaskThread "GC Thread#2" [stack: 0x0000003bde400000,0x0000003bde500000] [id=6616]
  0x00000223c68896d0 GCTaskThread "GC Thread#3" [stack: 0x0000003bde200000,0x0000003bde300000] [id=16568]
  0x00000223c60ff0d0 GCTaskThread "GC Thread#4" [stack: 0x0000003bde500000,0x0000003bde600000] [id=12496]
  0x00000223c60cc1e0 GCTaskThread "GC Thread#5" [stack: 0x0000003bdf300000,0x0000003bdf400000] [id=7632]
  0x00000223c60cabe0 GCTaskThread "GC Thread#6" [stack: 0x0000003bdf400000,0x0000003bdf500000] [id=1760]
  0x00000223c60cbc60 GCTaskThread "GC Thread#7" [stack: 0x0000003bdf500000,0x0000003bdf600000] [id=14864]
  0x000002237f4f2800 ConcurrentGCThread "G1 Main Marker" [stack: 0x0000003bdd100000,0x0000003bdd200000] [id=4636]
  0x000002237f4f3130 ConcurrentGCThread "G1 Conc#0" [stack: 0x0000003bdd200000,0x0000003bdd300000] [id=7104]
  0x00000223c60cc760 ConcurrentGCThread "G1 Conc#1" [stack: 0x0000003bdfa00000,0x0000003bdfb00000] [id=16828]
  0x000002237f586ad0 ConcurrentGCThread "G1 Refine#0" [stack: 0x0000003bdd300000,0x0000003bdd400000] [id=5632]
  0x00000223c7c8c6d0 ConcurrentGCThread "G1 Refine#1" [stack: 0x0000003be0400000,0x0000003be0500000] [id=15868]
  0x00000223ca048040 ConcurrentGCThread "G1 Refine#2" [stack: 0x0000003be0500000,0x0000003be0600000] [id=16868]
  0x000002237f587410 ConcurrentGCThread "G1 Service" [stack: 0x0000003bdd400000,0x0000003bdd500000] [id=6284]

Threads with active compile tasks:
C2 CompilerThread1  333790 20317       4       org.gradle.api.internal.attributes.DefaultImmutableAttributesContainer::<init> (212 bytes)

VM state: not at safepoint (normal execution)

VM Mutex/Monitor currently owned by a thread: None

Heap address: 0x0000000600000000, size: 8192 MB, Compressed Oops mode: Zero based, Oop shift amount: 3

CDS archive(s) mapped at: [0x0000022380000000-0x0000022380bb0000-0x0000022380bb0000), size 12255232, SharedBaseAddress: 0x0000022380000000, ArchiveRelocationMode: 1.
Compressed class space mapped at: 0x0000022381000000-0x00000223c1000000, reserved size: 1073741824
Narrow klass base: 0x0000022380000000, Narrow klass shift: 0, Narrow klass range: 0x100000000

GC Precious Log:
 CPUs: 8 total, 8 available
 Memory: 8070M
 Large Page Support: Disabled
 NUMA Support: Disabled
 Compressed Oops: Enabled (Zero based)
 Heap Region Size: 4M
 Heap Min Capacity: 8M
 Heap Initial Capacity: 128M
 Heap Max Capacity: 8G
 Pre-touch: Disabled
 Parallel Workers: 8
 Concurrent Workers: 2
 Concurrent Refinement Workers: 8
 Periodic GC: Disabled

Heap:
 garbage-first heap   total 667648K, used 181233K [0x0000000600000000, 0x0000000800000000)
  region size 4096K, 5 young (20480K), 2 survivors (8192K)
 Metaspace       used 144146K, committed 145600K, reserved 1179648K
  class space    used 19923K, committed 20608K, reserved 1048576K

Heap Regions: E=young(eden), S=young(survivor), O=old, HS=humongous(starts), HC=humongous(continues), CS=collection set, F=free, OA=open archive, CA=closed archive, TAMS=top-at-mark-start (previous, next)
|   0|0x0000000600000000, 0x0000000600400000, 0x0000000600400000|100%|HS|  |TAMS 0x0000000600400000, 0x0000000600400000| Complete 
|   1|0x0000000600400000, 0x0000000600800000, 0x0000000600800000|100%| O|  |TAMS 0x0000000600800000, 0x0000000600800000| Untracked 
|   2|0x0000000600800000, 0x0000000600c00000, 0x0000000600c00000|100%| O|  |TAMS 0x0000000600c00000, 0x0000000600c00000| Untracked 
|   3|0x0000000600c00000, 0x0000000600fd8600, 0x0000000601000000| 96%| O|  |TAMS 0x0000000600fd8600, 0x0000000600fd8600| Untracked 
|   4|0x0000000601000000, 0x0000000601400000, 0x0000000601400000|100%| O|  |TAMS 0x0000000601400000, 0x0000000601400000| Untracked 
|   5|0x0000000601400000, 0x0000000601800000, 0x0000000601800000|100%| O|  |TAMS 0x0000000601800000, 0x0000000601800000| Untracked 
|   6|0x0000000601800000, 0x0000000601c00000, 0x0000000601c00000|100%| O|  |TAMS 0x0000000601c00000, 0x0000000601c00000| Untracked 
|   7|0x0000000601c00000, 0x0000000602000000, 0x0000000602000000|100%| O|  |TAMS 0x0000000602000000, 0x0000000602000000| Untracked 
|   8|0x0000000602000000, 0x0000000602400000, 0x0000000602400000|100%| O|  |TAMS 0x0000000602400000, 0x0000000602400000| Untracked 
|   9|0x0000000602400000, 0x0000000602800000, 0x0000000602800000|100%| O|  |TAMS 0x0000000602800000, 0x0000000602800000| Untracked 
|  10|0x0000000602800000, 0x0000000602c00000, 0x0000000602c00000|100%| O|  |TAMS 0x0000000602c00000, 0x0000000602c00000| Untracked 
|  11|0x0000000602c00000, 0x0000000603000000, 0x0000000603000000|100%| O|  |TAMS 0x0000000603000000, 0x0000000603000000| Untracked 
|  12|0x0000000603000000, 0x0000000603400000, 0x0000000603400000|100%| O|  |TAMS 0x0000000603400000, 0x0000000603400000| Untracked 
|  13|0x0000000603400000, 0x0000000603800000, 0x0000000603800000|100%|HS|  |TAMS 0x0000000603800000, 0x0000000603800000| Complete 
|  14|0x0000000603800000, 0x0000000603c00000, 0x0000000603c00000|100%| O|  |TAMS 0x0000000603c00000, 0x0000000603c00000| Untracked 
|  15|0x0000000603c00000, 0x0000000604000000, 0x0000000604000000|100%|HS|  |TAMS 0x0000000604000000, 0x0000000604000000| Complete 
|  16|0x0000000604000000, 0x0000000604400000, 0x0000000604400000|100%| O|  |TAMS 0x0000000604400000, 0x0000000604400000| Untracked 
|  17|0x0000000604400000, 0x0000000604800000, 0x0000000604800000|100%| O|  |TAMS 0x0000000604800000, 0x0000000604800000| Untracked 
|  18|0x0000000604800000, 0x0000000604c00000, 0x0000000604c00000|100%| O|  |TAMS 0x0000000604c00000, 0x0000000604c00000| Untracked 
|  19|0x0000000604c00000, 0x0000000605000000, 0x0000000605000000|100%| O|  |TAMS 0x0000000605000000, 0x0000000605000000| Untracked 
|  20|0x0000000605000000, 0x0000000605400000, 0x0000000605400000|100%| O|  |TAMS 0x0000000605400000, 0x0000000605400000| Untracked 
|  21|0x0000000605400000, 0x0000000605800000, 0x0000000605800000|100%| O|  |TAMS 0x0000000605800000, 0x0000000605800000| Untracked 
|  22|0x0000000605800000, 0x0000000605c00000, 0x0000000605c00000|100%| O|  |TAMS 0x0000000605800000, 0x0000000605c00000| Untracked 
|  23|0x0000000605c00000, 0x0000000606000000, 0x0000000606000000|100%| O|  |TAMS 0x0000000606000000, 0x0000000606000000| Untracked 
|  24|0x0000000606000000, 0x0000000606400000, 0x0000000606400000|100%| O|  |TAMS 0x0000000606400000, 0x0000000606400000| Untracked 
|  25|0x0000000606400000, 0x0000000606800000, 0x0000000606800000|100%| O|  |TAMS 0x0000000606800000, 0x0000000606800000| Untracked 
|  26|0x0000000606800000, 0x0000000606c00000, 0x0000000606c00000|100%| O|  |TAMS 0x0000000606c00000, 0x0000000606c00000| Untracked 
|  27|0x0000000606c00000, 0x0000000607000000, 0x0000000607000000|100%| O|  |TAMS 0x0000000607000000, 0x0000000607000000| Untracked 
|  28|0x0000000607000000, 0x0000000607400000, 0x0000000607400000|100%| O|  |TAMS 0x0000000607400000, 0x0000000607400000| Untracked 
|  29|0x0000000607400000, 0x0000000607800000, 0x0000000607800000|100%| O|  |TAMS 0x0000000607800000, 0x0000000607800000| Untracked 
|  30|0x0000000607800000, 0x0000000607c00000, 0x0000000607c00000|100%| O|  |TAMS 0x0000000607c00000, 0x0000000607c00000| Untracked 
|  31|0x0000000607c00000, 0x0000000608000000, 0x0000000608000000|100%| O|  |TAMS 0x0000000608000000, 0x0000000608000000| Untracked 
|  32|0x0000000608000000, 0x0000000608400000, 0x0000000608400000|100%| O|  |TAMS 0x0000000608400000, 0x0000000608400000| Untracked 
|  33|0x0000000608400000, 0x0000000608800000, 0x0000000608800000|100%| O|  |TAMS 0x0000000608800000, 0x0000000608800000| Untracked 
|  34|0x0000000608800000, 0x0000000608c00000, 0x0000000608c00000|100%| O|  |TAMS 0x0000000608800000, 0x0000000608c00000| Untracked 
|  35|0x0000000608c00000, 0x0000000609000000, 0x0000000609000000|100%| O|  |TAMS 0x0000000609000000, 0x0000000609000000| Untracked 
|  36|0x0000000609000000, 0x0000000609400000, 0x0000000609400000|100%| O|  |TAMS 0x0000000609400000, 0x0000000609400000| Untracked 
|  37|0x0000000609400000, 0x0000000609800000, 0x0000000609800000|100%| O|  |TAMS 0x00000006096c3a00, 0x0000000609800000| Untracked 
|  38|0x0000000609800000, 0x0000000609ae0000, 0x0000000609c00000| 71%| O|  |TAMS 0x0000000609800000, 0x0000000609ae0000| Untracked 
|  39|0x0000000609c00000, 0x0000000609c00000, 0x000000060a000000|  0%| F|  |TAMS 0x0000000609c00000, 0x0000000609c00000| Untracked 
|  40|0x000000060a000000, 0x000000060a000000, 0x000000060a400000|  0%| F|  |TAMS 0x000000060a000000, 0x000000060a000000| Untracked 
|  41|0x000000060a400000, 0x000000060a800000, 0x000000060a800000|100%| O|  |TAMS 0x000000060a800000, 0x000000060a800000| Untracked 
|  42|0x000000060a800000, 0x000000060ac00000, 0x000000060ac00000|100%| O|  |TAMS 0x000000060ac00000, 0x000000060ac00000| Untracked 
|  43|0x000000060ac00000, 0x000000060ac00000, 0x000000060b000000|  0%| F|  |TAMS 0x000000060ac00000, 0x000000060ac00000| Untracked 
|  44|0x000000060b000000, 0x000000060b000000, 0x000000060b400000|  0%| F|  |TAMS 0x000000060b000000, 0x000000060b000000| Untracked 
|  45|0x000000060b400000, 0x000000060b400000, 0x000000060b800000|  0%| F|  |TAMS 0x000000060b400000, 0x000000060b400000| Untracked 
|  46|0x000000060b800000, 0x000000060b800000, 0x000000060bc00000|  0%| F|  |TAMS 0x000000060b800000, 0x000000060b800000| Untracked 
|  47|0x000000060bc00000, 0x000000060bc00000, 0x000000060c000000|  0%| F|  |TAMS 0x000000060bc00000, 0x000000060bc00000| Untracked 
|  48|0x000000060c000000, 0x000000060c000000, 0x000000060c400000|  0%| F|  |TAMS 0x000000060c000000, 0x000000060c000000| Untracked 
|  49|0x000000060c400000, 0x000000060c400000, 0x000000060c800000|  0%| F|  |TAMS 0x000000060c400000, 0x000000060c400000| Untracked 
|  50|0x000000060c800000, 0x000000060c800000, 0x000000060cc00000|  0%| F|  |TAMS 0x000000060c800000, 0x000000060c800000| Untracked 
|  51|0x000000060cc00000, 0x000000060ce43ff0, 0x000000060d000000| 56%| S|CS|TAMS 0x000000060cc00000, 0x000000060cc00000| Complete 
|  52|0x000000060d000000, 0x000000060d400000, 0x000000060d400000|100%| S|CS|TAMS 0x000000060d000000, 0x000000060d000000| Complete 
|  53|0x000000060d400000, 0x000000060d400000, 0x000000060d800000|  0%| F|  |TAMS 0x000000060d400000, 0x000000060d400000| Untracked 
|  54|0x000000060d800000, 0x000000060d800000, 0x000000060dc00000|  0%| F|  |TAMS 0x000000060d800000, 0x000000060d800000| Untracked 
|  55|0x000000060dc00000, 0x000000060dc00000, 0x000000060e000000|  0%| F|  |TAMS 0x000000060dc00000, 0x000000060dc00000| Untracked 
|  56|0x000000060e000000, 0x000000060e000000, 0x000000060e400000|  0%| F|  |TAMS 0x000000060e000000, 0x000000060e000000| Untracked 
|  57|0x000000060e400000, 0x000000060e400000, 0x000000060e800000|  0%| F|  |TAMS 0x000000060e400000, 0x000000060e400000| Untracked 
|  58|0x000000060e800000, 0x000000060e800000, 0x000000060ec00000|  0%| F|  |TAMS 0x000000060e800000, 0x000000060e800000| Untracked 
|  59|0x000000060ec00000, 0x000000060ec00000, 0x000000060f000000|  0%| F|  |TAMS 0x000000060ec00000, 0x000000060ec00000| Untracked 
|  60|0x000000060f000000, 0x000000060f000000, 0x000000060f400000|  0%| F|  |TAMS 0x000000060f000000, 0x000000060f000000| Untracked 
|  61|0x000000060f400000, 0x000000060f400000, 0x000000060f800000|  0%| F|  |TAMS 0x000000060f400000, 0x000000060f400000| Untracked 
|  62|0x000000060f800000, 0x000000060f800000, 0x000000060fc00000|  0%| F|  |TAMS 0x000000060f800000, 0x000000060f800000| Untracked 
|  63|0x000000060fc00000, 0x000000060fc00000, 0x0000000610000000|  0%| F|  |TAMS 0x000000060fc00000, 0x000000060fc00000| Untracked 
|  64|0x0000000610000000, 0x0000000610000000, 0x0000000610400000|  0%| F|  |TAMS 0x0000000610000000, 0x0000000610000000| Untracked 
|  65|0x0000000610400000, 0x0000000610400000, 0x0000000610800000|  0%| F|  |TAMS 0x0000000610400000, 0x0000000610400000| Untracked 
|  66|0x0000000610800000, 0x0000000610800000, 0x0000000610c00000|  0%| F|  |TAMS 0x0000000610800000, 0x0000000610800000| Untracked 
|  67|0x0000000610c00000, 0x0000000610c00000, 0x0000000611000000|  0%| F|  |TAMS 0x0000000610c00000, 0x0000000610c00000| Untracked 
|  68|0x0000000611000000, 0x0000000611000000, 0x0000000611400000|  0%| F|  |TAMS 0x0000000611000000, 0x0000000611000000| Untracked 
|  69|0x0000000611400000, 0x0000000611400000, 0x0000000611800000|  0%| F|  |TAMS 0x0000000611400000, 0x0000000611400000| Untracked 
|  70|0x0000000611800000, 0x0000000611800000, 0x0000000611c00000|  0%| F|  |TAMS 0x0000000611800000, 0x0000000611800000| Untracked 
|  71|0x0000000611c00000, 0x0000000611c00000, 0x0000000612000000|  0%| F|  |TAMS 0x0000000611c00000, 0x0000000611c00000| Untracked 
|  72|0x0000000612000000, 0x0000000612000000, 0x0000000612400000|  0%| F|  |TAMS 0x0000000612000000, 0x0000000612000000| Untracked 
|  73|0x0000000612400000, 0x0000000612400000, 0x0000000612800000|  0%| F|  |TAMS 0x0000000612400000, 0x0000000612400000| Untracked 
|  74|0x0000000612800000, 0x0000000612800000, 0x0000000612c00000|  0%| F|  |TAMS 0x0000000612800000, 0x0000000612800000| Untracked 
|  75|0x0000000612c00000, 0x0000000612c00000, 0x0000000613000000|  0%| F|  |TAMS 0x0000000612c00000, 0x0000000612c00000| Untracked 
|  76|0x0000000613000000, 0x0000000613000000, 0x0000000613400000|  0%| F|  |TAMS 0x0000000613000000, 0x0000000613000000| Untracked 
|  77|0x0000000613400000, 0x0000000613400000, 0x0000000613800000|  0%| F|  |TAMS 0x0000000613400000, 0x0000000613400000| Untracked 
|  78|0x0000000613800000, 0x0000000613800000, 0x0000000613c00000|  0%| F|  |TAMS 0x0000000613800000, 0x0000000613800000| Untracked 
|  79|0x0000000613c00000, 0x0000000613c00000, 0x0000000614000000|  0%| F|  |TAMS 0x0000000613c00000, 0x0000000613c00000| Untracked 
|  80|0x0000000614000000, 0x0000000614000000, 0x0000000614400000|  0%| F|  |TAMS 0x0000000614000000, 0x0000000614000000| Untracked 
|  81|0x0000000614400000, 0x0000000614400000, 0x0000000614800000|  0%| F|  |TAMS 0x0000000614400000, 0x0000000614400000| Untracked 
|  82|0x0000000614800000, 0x0000000614800000, 0x0000000614c00000|  0%| F|  |TAMS 0x0000000614800000, 0x0000000614800000| Untracked 
|  83|0x0000000614c00000, 0x0000000614c00000, 0x0000000615000000|  0%| F|  |TAMS 0x0000000614c00000, 0x0000000614c00000| Untracked 
|  84|0x0000000615000000, 0x0000000615000000, 0x0000000615400000|  0%| F|  |TAMS 0x0000000615000000, 0x0000000615000000| Untracked 
|  85|0x0000000615400000, 0x0000000615400000, 0x0000000615800000|  0%| F|  |TAMS 0x0000000615400000, 0x0000000615400000| Untracked 
|  86|0x0000000615800000, 0x0000000615800000, 0x0000000615c00000|  0%| F|  |TAMS 0x0000000615800000, 0x0000000615800000| Untracked 
|  87|0x0000000615c00000, 0x0000000615c00000, 0x0000000616000000|  0%| F|  |TAMS 0x0000000615c00000, 0x0000000615c00000| Untracked 
|  88|0x0000000616000000, 0x0000000616000000, 0x0000000616400000|  0%| F|  |TAMS 0x0000000616000000, 0x0000000616000000| Untracked 
|  89|0x0000000616400000, 0x0000000616400000, 0x0000000616800000|  0%| F|  |TAMS 0x0000000616400000, 0x0000000616400000| Untracked 
|  90|0x0000000616800000, 0x0000000616800000, 0x0000000616c00000|  0%| F|  |TAMS 0x0000000616800000, 0x0000000616800000| Untracked 
|  91|0x0000000616c00000, 0x0000000616c00000, 0x0000000617000000|  0%| F|  |TAMS 0x0000000616c00000, 0x0000000616c00000| Untracked 
|  92|0x0000000617000000, 0x0000000617000000, 0x0000000617400000|  0%| F|  |TAMS 0x0000000617000000, 0x0000000617000000| Untracked 
|  93|0x0000000617400000, 0x0000000617400000, 0x0000000617800000|  0%| F|  |TAMS 0x0000000617400000, 0x0000000617400000| Untracked 
|  94|0x0000000617800000, 0x0000000617800000, 0x0000000617c00000|  0%| F|  |TAMS 0x0000000617800000, 0x0000000617800000| Untracked 
|  95|0x0000000617c00000, 0x0000000617c00000, 0x0000000618000000|  0%| F|  |TAMS 0x0000000617c00000, 0x0000000617c00000| Untracked 
|  96|0x0000000618000000, 0x0000000618000000, 0x0000000618400000|  0%| F|  |TAMS 0x0000000618000000, 0x0000000618000000| Untracked 
|  97|0x0000000618400000, 0x0000000618400000, 0x0000000618800000|  0%| F|  |TAMS 0x0000000618400000, 0x0000000618400000| Untracked 
|  98|0x0000000618800000, 0x0000000618800000, 0x0000000618c00000|  0%| F|  |TAMS 0x0000000618800000, 0x0000000618800000| Untracked 
|  99|0x0000000618c00000, 0x0000000618c00000, 0x0000000619000000|  0%| F|  |TAMS 0x0000000618c00000, 0x0000000618c00000| Untracked 
| 100|0x0000000619000000, 0x0000000619000000, 0x0000000619400000|  0%| F|  |TAMS 0x0000000619000000, 0x0000000619000000| Untracked 
| 101|0x0000000619400000, 0x0000000619400000, 0x0000000619800000|  0%| F|  |TAMS 0x0000000619400000, 0x0000000619400000| Untracked 
| 102|0x0000000619800000, 0x0000000619800000, 0x0000000619c00000|  0%| F|  |TAMS 0x0000000619800000, 0x0000000619800000| Untracked 
| 103|0x0000000619c00000, 0x0000000619c00000, 0x000000061a000000|  0%| F|  |TAMS 0x0000000619c00000, 0x0000000619c00000| Untracked 
| 104|0x000000061a000000, 0x000000061a000000, 0x000000061a400000|  0%| F|  |TAMS 0x000000061a000000, 0x000000061a000000| Untracked 
| 105|0x000000061a400000, 0x000000061a400000, 0x000000061a800000|  0%| F|  |TAMS 0x000000061a400000, 0x000000061a400000| Untracked 
| 106|0x000000061a800000, 0x000000061a800000, 0x000000061ac00000|  0%| F|  |TAMS 0x000000061a800000, 0x000000061a800000| Untracked 
| 107|0x000000061ac00000, 0x000000061ac00000, 0x000000061b000000|  0%| F|  |TAMS 0x000000061ac00000, 0x000000061ac00000| Untracked 
| 108|0x000000061b000000, 0x000000061b000000, 0x000000061b400000|  0%| F|  |TAMS 0x000000061b000000, 0x000000061b000000| Untracked 
| 109|0x000000061b400000, 0x000000061b400000, 0x000000061b800000|  0%| F|  |TAMS 0x000000061b400000, 0x000000061b400000| Untracked 
| 110|0x000000061b800000, 0x000000061b800000, 0x000000061bc00000|  0%| F|  |TAMS 0x000000061b800000, 0x000000061b800000| Untracked 
| 111|0x000000061bc00000, 0x000000061bc00000, 0x000000061c000000|  0%| F|  |TAMS 0x000000061bc00000, 0x000000061bc00000| Untracked 
| 112|0x000000061c000000, 0x000000061c000000, 0x000000061c400000|  0%| F|  |TAMS 0x000000061c000000, 0x000000061c000000| Untracked 
| 113|0x000000061c400000, 0x000000061c400000, 0x000000061c800000|  0%| F|  |TAMS 0x000000061c400000, 0x000000061c400000| Untracked 
| 114|0x000000061c800000, 0x000000061c800000, 0x000000061cc00000|  0%| F|  |TAMS 0x000000061c800000, 0x000000061c800000| Untracked 
| 115|0x000000061cc00000, 0x000000061cc00000, 0x000000061d000000|  0%| F|  |TAMS 0x000000061cc00000, 0x000000061cc00000| Untracked 
| 116|0x000000061d000000, 0x000000061d000000, 0x000000061d400000|  0%| F|  |TAMS 0x000000061d000000, 0x000000061d000000| Untracked 
| 117|0x000000061d400000, 0x000000061d400000, 0x000000061d800000|  0%| F|  |TAMS 0x000000061d400000, 0x000000061d400000| Untracked 
| 118|0x000000061d800000, 0x000000061d800000, 0x000000061dc00000|  0%| F|  |TAMS 0x000000061d800000, 0x000000061d800000| Untracked 
| 119|0x000000061dc00000, 0x000000061dc00000, 0x000000061e000000|  0%| F|  |TAMS 0x000000061dc00000, 0x000000061dc00000| Untracked 
| 120|0x000000061e000000, 0x000000061e000000, 0x000000061e400000|  0%| F|  |TAMS 0x000000061e000000, 0x000000061e000000| Untracked 
| 121|0x000000061e400000, 0x000000061e400000, 0x000000061e800000|  0%| F|  |TAMS 0x000000061e400000, 0x000000061e400000| Untracked 
| 122|0x000000061e800000, 0x000000061e800000, 0x000000061ec00000|  0%| F|  |TAMS 0x000000061e800000, 0x000000061e800000| Untracked 
| 123|0x000000061ec00000, 0x000000061ec00000, 0x000000061f000000|  0%| F|  |TAMS 0x000000061ec00000, 0x000000061ec00000| Untracked 
| 124|0x000000061f000000, 0x000000061f000000, 0x000000061f400000|  0%| F|  |TAMS 0x000000061f000000, 0x000000061f000000| Untracked 
| 125|0x000000061f400000, 0x000000061f400000, 0x000000061f800000|  0%| F|  |TAMS 0x000000061f400000, 0x000000061f400000| Untracked 
| 126|0x000000061f800000, 0x000000061f800000, 0x000000061fc00000|  0%| F|  |TAMS 0x000000061f800000, 0x000000061f800000| Untracked 
| 127|0x000000061fc00000, 0x000000061fc00000, 0x0000000620000000|  0%| F|  |TAMS 0x000000061fc00000, 0x000000061fc00000| Untracked 
| 128|0x0000000620000000, 0x0000000620000000, 0x0000000620400000|  0%| F|  |TAMS 0x0000000620000000, 0x0000000620000000| Untracked 
| 129|0x0000000620400000, 0x0000000620400000, 0x0000000620800000|  0%| F|  |TAMS 0x0000000620400000, 0x0000000620400000| Untracked 
| 130|0x0000000620800000, 0x0000000620800000, 0x0000000620c00000|  0%| F|  |TAMS 0x0000000620800000, 0x0000000620800000| Untracked 
| 131|0x0000000620c00000, 0x0000000620c00000, 0x0000000621000000|  0%| F|  |TAMS 0x0000000620c00000, 0x0000000620c00000| Untracked 
| 132|0x0000000621000000, 0x0000000621000000, 0x0000000621400000|  0%| F|  |TAMS 0x0000000621000000, 0x0000000621000000| Untracked 
| 133|0x0000000621400000, 0x0000000621400000, 0x0000000621800000|  0%| F|  |TAMS 0x0000000621400000, 0x0000000621400000| Untracked 
| 134|0x0000000621800000, 0x0000000621800000, 0x0000000621c00000|  0%| F|  |TAMS 0x0000000621800000, 0x0000000621800000| Untracked 
| 135|0x0000000621c00000, 0x0000000621c00000, 0x0000000622000000|  0%| F|  |TAMS 0x0000000621c00000, 0x0000000621c00000| Untracked 
| 136|0x0000000622000000, 0x0000000622000000, 0x0000000622400000|  0%| F|  |TAMS 0x0000000622000000, 0x0000000622000000| Untracked 
| 137|0x0000000622400000, 0x0000000622400000, 0x0000000622800000|  0%| F|  |TAMS 0x0000000622400000, 0x0000000622400000| Untracked 
| 138|0x0000000622800000, 0x0000000622800000, 0x0000000622c00000|  0%| F|  |TAMS 0x0000000622800000, 0x0000000622800000| Untracked 
| 139|0x0000000622c00000, 0x0000000622c00000, 0x0000000623000000|  0%| F|  |TAMS 0x0000000622c00000, 0x0000000622c00000| Untracked 
| 140|0x0000000623000000, 0x0000000623000000, 0x0000000623400000|  0%| F|  |TAMS 0x0000000623000000, 0x0000000623000000| Untracked 
| 141|0x0000000623400000, 0x0000000623400000, 0x0000000623800000|  0%| F|  |TAMS 0x0000000623400000, 0x0000000623400000| Untracked 
| 142|0x0000000623800000, 0x0000000623800000, 0x0000000623c00000|  0%| F|  |TAMS 0x0000000623800000, 0x0000000623800000| Untracked 
| 143|0x0000000623c00000, 0x0000000623c00000, 0x0000000624000000|  0%| F|  |TAMS 0x0000000623c00000, 0x0000000623c00000| Untracked 
| 144|0x0000000624000000, 0x0000000624000000, 0x0000000624400000|  0%| F|  |TAMS 0x0000000624000000, 0x0000000624000000| Untracked 
| 145|0x0000000624400000, 0x0000000624400000, 0x0000000624800000|  0%| F|  |TAMS 0x0000000624400000, 0x0000000624400000| Untracked 
| 146|0x0000000624800000, 0x0000000624800000, 0x0000000624c00000|  0%| F|  |TAMS 0x0000000624800000, 0x0000000624800000| Untracked 
| 147|0x0000000624c00000, 0x0000000624c00000, 0x0000000625000000|  0%| F|  |TAMS 0x0000000624c00000, 0x0000000624c00000| Untracked 
| 148|0x0000000625000000, 0x0000000625000000, 0x0000000625400000|  0%| F|  |TAMS 0x0000000625000000, 0x0000000625000000| Untracked 
| 149|0x0000000625400000, 0x0000000625400000, 0x0000000625800000|  0%| F|  |TAMS 0x0000000625400000, 0x0000000625400000| Untracked 
| 150|0x0000000625800000, 0x0000000625800000, 0x0000000625c00000|  0%| F|  |TAMS 0x0000000625800000, 0x0000000625800000| Untracked 
| 151|0x0000000625c00000, 0x0000000625c00000, 0x0000000626000000|  0%| F|  |TAMS 0x0000000625c00000, 0x0000000625c00000| Untracked 
| 152|0x0000000626000000, 0x0000000626000000, 0x0000000626400000|  0%| F|  |TAMS 0x0000000626000000, 0x0000000626000000| Untracked 
| 153|0x0000000626400000, 0x0000000626400000, 0x0000000626800000|  0%| F|  |TAMS 0x0000000626400000, 0x0000000626400000| Untracked 
| 154|0x0000000626800000, 0x0000000626800000, 0x0000000626c00000|  0%| F|  |TAMS 0x0000000626800000, 0x0000000626800000| Untracked 
| 155|0x0000000626c00000, 0x0000000626c00000, 0x0000000627000000|  0%| F|  |TAMS 0x0000000626c00000, 0x0000000626c00000| Untracked 
| 156|0x0000000627000000, 0x0000000627000000, 0x0000000627400000|  0%| F|  |TAMS 0x0000000627000000, 0x0000000627000000| Untracked 
| 157|0x0000000627400000, 0x0000000627400000, 0x0000000627800000|  0%| F|  |TAMS 0x0000000627400000, 0x0000000627400000| Untracked 
| 158|0x0000000627800000, 0x0000000627800000, 0x0000000627c00000|  0%| F|  |TAMS 0x0000000627800000, 0x0000000627800000| Untracked 
| 159|0x0000000627c00000, 0x0000000627c00000, 0x0000000628000000|  0%| F|  |TAMS 0x0000000627c00000, 0x0000000627c00000| Untracked 
| 160|0x0000000628000000, 0x000000062821aa78, 0x0000000628400000| 52%| E|  |TAMS 0x0000000628000000, 0x0000000628000000| Complete 
| 161|0x0000000628400000, 0x0000000628800000, 0x0000000628800000|100%| E|CS|TAMS 0x0000000628400000, 0x0000000628400000| Complete 
| 162|0x0000000628800000, 0x0000000628c00000, 0x0000000628c00000|100%| E|CS|TAMS 0x0000000628800000, 0x0000000628800000| Complete 

Card table byte_map: [0x0000022320000000,0x0000022321000000] _byte_map_base: 0x000002231d000000

Marking Bits (Prev, Next): (CMBitMap*) 0x000002237f4e1ed0, (CMBitMap*) 0x000002237f4e1f10
 Prev Bits: [0x0000022322000000, 0x000002232a000000)
 Next Bits: [0x000002232a000000, 0x0000022332000000)

Polling page: 0x00000223744f0000

Metaspace:

Usage:
  Non-class:    121.31 MB used.
      Class:     19.46 MB used.
       Both:    140.77 MB used.

Virtual space:
  Non-class space:      128.00 MB reserved,     122.06 MB ( 95%) committed,  2 nodes.
      Class space:        1.00 GB reserved,      20.12 MB (  2%) committed,  1 nodes.
             Both:        1.12 GB reserved,     142.19 MB ( 12%) committed. 

Chunk freelists:
   Non-Class:  5.73 MB
       Class:  11.88 MB
        Both:  17.61 MB

MaxMetaspaceSize: 4.00 GB
CompressedClassSpaceSize: 1.00 GB
Initial GC threshold: 21.00 MB
Current GC threshold: 227.12 MB
CDS: on
MetaspaceReclaimPolicy: balanced
 - commit_granule_bytes: 65536.
 - commit_granule_words: 8192.
 - virtual_space_node_default_size: 8388608.
 - enlarge_chunks_in_place: 1.
 - new_chunks_are_fully_committed: 0.
 - uncommit_free_chunks: 1.
 - use_allocation_guard: 0.
 - handle_deallocations: 1.


Internal statistics:

num_allocs_failed_limit: 6.
num_arena_births: 2220.
num_arena_deaths: 0.
num_vsnodes_births: 3.
num_vsnodes_deaths: 0.
num_space_committed: 2275.
num_space_uncommitted: 0.
num_chunks_returned_to_freelist: 6.
num_chunks_taken_from_freelist: 8931.
num_chunk_merges: 6.
num_chunk_splits: 5719.
num_chunks_enlarged: 3579.
num_inconsistent_stats: 0.

CodeHeap 'non-profiled nmethods': size=259264Kb used=13854Kb max_used=13854Kb free=245409Kb
 bounds [0x00000223102d0000, 0x0000022311060000, 0x0000022320000000]
CodeHeap 'profiled nmethods': size=259264Kb used=33551Kb max_used=34833Kb free=225712Kb
 bounds [0x0000022300000000, 0x0000022302210000, 0x000002230fd30000]
CodeHeap 'non-nmethods': size=5760Kb used=2497Kb max_used=2600Kb free=3262Kb
 bounds [0x000002230fd30000, 0x000002230ffe0000, 0x00000223102d0000]
 total_blobs=18063 nmethods=17020 adapters=954
 compilation: enabled
              stopped_count=0, restarted_count=0
 full_count=0

Compilation events (20 events):
Event: 333.654 Thread 0x00000223c5145040 20351       3       kotlin.sequences.DropSequence$iterator$1::drop (45 bytes)
Event: 333.655 Thread 0x00000223c5145040 nmethod 20351 0x0000022300297310 code [0x00000223002974e0, 0x0000022300297878]
Event: 333.655 Thread 0x00000223c5145040 20352       3       org.jetbrains.kotlin.konan.target.KonanTarget::equals (72 bytes)
Event: 333.655 Thread 0x00000223c5145040 nmethod 20352 0x000002230003fe10 code [0x0000022300040000, 0x0000022300040928]
Event: 333.655 Thread 0x00000223c5145040 20353       3       org.jetbrains.kotlin.gradle.internal.properties.PropertiesBuildService::access$getLocalProperties (5 bytes)
Event: 333.656 Thread 0x00000223c5145040 nmethod 20353 0x000002230030e710 code [0x000002230030e8c0, 0x000002230030ebe8]
Event: 333.656 Thread 0x00000223c5145040 20350       3       org.jetbrains.kotlin.gradle.plugin.PropertiesProvider$Companion::getKotlinPropertiesProvider$kotlin_gradle_plugin_common (12 bytes)
Event: 333.656 Thread 0x00000223c5145040 nmethod 20350 0x000002230098b690 code [0x000002230098b8c0, 0x000002230098bea8]
Event: 333.658 Thread 0x00000223c5145040 20355       3       org.gradle.api.internal.plugins.DefaultPluginManager$1::run (93 bytes)
Event: 333.659 Thread 0x00000223c5145040 nmethod 20355 0x0000022300c2b010 code [0x0000022300c2b280, 0x0000022300c2c0d8]
Event: 333.659 Thread 0x00000223c5145040 20354       3       org.gradle.api.internal.plugins.DefaultPluginContainer::pluginAdded (7 bytes)
Event: 333.660 Thread 0x00000223c5145040 nmethod 20354 0x00000223006dfd10 code [0x00000223006dff40, 0x00000223006e0958]
Event: 333.660 Thread 0x00000223c5145040 20357       3       org.gradle.api.internal.plugins.DefaultPluginRegistry$RegistryAwarePluginImplementation::<init> (23 bytes)
Event: 333.660 Thread 0x00000223c5145040 nmethod 20357 0x00000223002e3810 code [0x00000223002e39c0, 0x00000223002e3d78]
Event: 333.660 Thread 0x00000223c5145040 20358       3       org.gradle.api.internal.plugins.DefaultPotentialPluginWithId::<init> (15 bytes)
Event: 333.661 Thread 0x00000223c5145040 nmethod 20358 0x000002230014a010 code [0x000002230014a1c0, 0x000002230014a3f8]
Event: 333.661 Thread 0x00000223c5145040 20356       3       org.gradle.internal.typeconversion.CharSequenceNotationConverter::convert (29 bytes)
Event: 333.661 Thread 0x00000223c5145040 nmethod 20356 0x00000223003bc110 code [0x00000223003bc2e0, 0x00000223003bc7f8]
Event: 333.706 Thread 0x00000223c5143aa0 nmethod 20344 0x0000022311053210 code [0x00000223110534a0, 0x00000223110549c0]
Event: 333.708 Thread 0x00000223c5143aa0 20319       4       org.gradle.internal.component.external.model.GradleDependencyMetadata::<init> (44 bytes)

GC Heap History (20 events):
Event: 323.154 GC heap before
{Heap before GC invocations=76 (full 0):
 garbage-first heap   total 303104K, used 238353K [0x0000000600000000, 0x0000000800000000)
  region size 4096K, 21 young (86016K), 1 survivors (4096K)
 Metaspace       used 118957K, committed 120384K, reserved 1179648K
  class space    used 16473K, committed 17152K, reserved 1048576K
}
Event: 323.163 GC heap after
{Heap after GC invocations=77 (full 0):
 garbage-first heap   total 303104K, used 162359K [0x0000000600000000, 0x0000000800000000)
  region size 4096K, 2 young (8192K), 2 survivors (8192K)
 Metaspace       used 118957K, committed 120384K, reserved 1179648K
  class space    used 16473K, committed 17152K, reserved 1048576K
}
Event: 324.533 GC heap before
{Heap before GC invocations=78 (full 0):
 garbage-first heap   total 303104K, used 240183K [0x0000000600000000, 0x0000000800000000)
  region size 4096K, 22 young (90112K), 2 survivors (8192K)
 Metaspace       used 118987K, committed 120384K, reserved 1179648K
  class space    used 16478K, committed 17152K, reserved 1048576K
}
Event: 324.548 GC heap after
{Heap after GC invocations=79 (full 0):
 garbage-first heap   total 303104K, used 168118K [0x0000000600000000, 0x0000000800000000)
  region size 4096K, 2 young (8192K), 2 survivors (8192K)
 Metaspace       used 118987K, committed 120384K, reserved 1179648K
  class space    used 16478K, committed 17152K, reserved 1048576K
}
Event: 324.643 GC heap before
{Heap before GC invocations=79 (full 0):
 garbage-first heap   total 303104K, used 172214K [0x0000000600000000, 0x0000000800000000)
  region size 4096K, 3 young (12288K), 2 survivors (8192K)
 Metaspace       used 119003K, committed 120384K, reserved 1179648K
  class space    used 16481K, committed 17152K, reserved 1048576K
}
Event: 324.667 GC heap after
{Heap after GC invocations=80 (full 0):
 garbage-first heap   total 303104K, used 152532K [0x0000000600000000, 0x0000000800000000)
  region size 4096K, 1 young (4096K), 1 survivors (4096K)
 Metaspace       used 119003K, committed 120384K, reserved 1179648K
  class space    used 16481K, committed 17152K, reserved 1048576K
}
Event: 326.725 GC heap before
{Heap before GC invocations=80 (full 0):
 garbage-first heap   total 303104K, used 242644K [0x0000000600000000, 0x0000000800000000)
  region size 4096K, 24 young (98304K), 1 survivors (4096K)
 Metaspace       used 125938K, committed 127360K, reserved 1179648K
  class space    used 17314K, committed 17984K, reserved 1048576K
}
Event: 326.732 GC heap after
{Heap after GC invocations=81 (full 0):
 garbage-first heap   total 303104K, used 157384K [0x0000000600000000, 0x0000000800000000)
  region size 4096K, 2 young (8192K), 2 survivors (8192K)
 Metaspace       used 125938K, committed 127360K, reserved 1179648K
  class space    used 17314K, committed 17984K, reserved 1048576K
}
Event: 328.841 GC heap before
{Heap before GC invocations=82 (full 0):
 garbage-first heap   total 303104K, used 247496K [0x0000000600000000, 0x0000000800000000)
  region size 4096K, 24 young (98304K), 2 survivors (8192K)
 Metaspace       used 131995K, committed 133504K, reserved 1179648K
  class space    used 18167K, committed 18880K, reserved 1048576K
}
Event: 328.850 GC heap after
{Heap after GC invocations=83 (full 0):
 garbage-first heap   total 303104K, used 161517K [0x0000000600000000, 0x0000000800000000)
  region size 4096K, 3 young (12288K), 3 survivors (12288K)
 Metaspace       used 131995K, committed 133504K, reserved 1179648K
  class space    used 18167K, committed 18880K, reserved 1048576K
}
Event: 328.921 GC heap before
{Heap before GC invocations=83 (full 0):
 garbage-first heap   total 303104K, used 165613K [0x0000000600000000, 0x0000000800000000)
  region size 4096K, 4 young (16384K), 3 survivors (12288K)
 Metaspace       used 132411K, committed 133888K, reserved 1179648K
  class space    used 18248K, committed 18944K, reserved 1048576K
}
Event: 328.931 GC heap after
{Heap after GC invocations=84 (full 0):
 garbage-first heap   total 303104K, used 160022K [0x0000000600000000, 0x0000000800000000)
  region size 4096K, 1 young (4096K), 1 survivors (4096K)
 Metaspace       used 132411K, committed 133888K, reserved 1179648K
  class space    used 18248K, committed 18944K, reserved 1048576K
}
Event: 330.784 GC heap before
{Heap before GC invocations=84 (full 0):
 garbage-first heap   total 303104K, used 246038K [0x0000000600000000, 0x0000000800000000)
  region size 4096K, 22 young (90112K), 1 survivors (4096K)
 Metaspace       used 138052K, committed 139520K, reserved 1179648K
  class space    used 19098K, committed 19776K, reserved 1048576K
}
Event: 330.791 GC heap after
{Heap after GC invocations=85 (full 0):
 garbage-first heap   total 303104K, used 162686K [0x0000000600000000, 0x0000000800000000)
  region size 4096K, 2 young (8192K), 2 survivors (8192K)
 Metaspace       used 138052K, committed 139520K, reserved 1179648K
  class space    used 19098K, committed 19776K, reserved 1048576K
}
Event: 332.204 GC heap before
{Heap before GC invocations=86 (full 0):
 garbage-first heap   total 303104K, used 248702K [0x0000000600000000, 0x0000000800000000)
  region size 4096K, 23 young (94208K), 2 survivors (8192K)
 Metaspace       used 140746K, committed 142208K, reserved 1179648K
  class space    used 19501K, committed 20224K, reserved 1048576K
}
Event: 332.213 GC heap after
{Heap after GC invocations=87 (full 0):
 garbage-first heap   total 303104K, used 168242K [0x0000000600000000, 0x0000000800000000)
  region size 4096K, 3 young (12288K), 3 survivors (12288K)
 Metaspace       used 140746K, committed 142208K, reserved 1179648K
  class space    used 19501K, committed 20224K, reserved 1048576K
}
Event: 332.249 GC heap before
{Heap before GC invocations=87 (full 0):
 garbage-first heap   total 303104K, used 168242K [0x0000000600000000, 0x0000000800000000)
  region size 4096K, 4 young (16384K), 3 survivors (12288K)
 Metaspace       used 140902K, committed 142400K, reserved 1179648K
  class space    used 19515K, committed 20224K, reserved 1048576K
}
Event: 332.263 GC heap after
{Heap after GC invocations=88 (full 0):
 garbage-first heap   total 303104K, used 168244K [0x0000000600000000, 0x0000000800000000)
  region size 4096K, 1 young (4096K), 1 survivors (4096K)
 Metaspace       used 140902K, committed 142400K, reserved 1179648K
  class space    used 19515K, committed 20224K, reserved 1048576K
}
Event: 333.669 GC heap before
{Heap before GC invocations=88 (full 0):
 garbage-first heap   total 303104K, used 250164K [0x0000000600000000, 0x0000000800000000)
  region size 4096K, 21 young (86016K), 1 survivors (4096K)
 Metaspace       used 144146K, committed 145600K, reserved 1179648K
  class space    used 19923K, committed 20608K, reserved 1048576K
}
Event: 333.681 GC heap after
{Heap after GC invocations=89 (full 0):
 garbage-first heap   total 667648K, used 173041K [0x0000000600000000, 0x0000000800000000)
  region size 4096K, 2 young (8192K), 2 survivors (8192K)
 Metaspace       used 144146K, committed 145600K, reserved 1179648K
  class space    used 19923K, committed 20608K, reserved 1048576K
}

Dll operation events (16 events):
Event: 0.033 Loaded shared library C:\Program Files\Eclipse Adoptium\jdk-17.0.19.10-hotspot\bin\java.dll
Event: 0.062 Loaded shared library C:\Program Files\Eclipse Adoptium\jdk-17.0.19.10-hotspot\bin\jsvml.dll
Event: 0.165 Loaded shared library C:\Program Files\Eclipse Adoptium\jdk-17.0.19.10-hotspot\bin\zip.dll
Event: 0.169 Loaded shared library C:\Program Files\Eclipse Adoptium\jdk-17.0.19.10-hotspot\bin\instrument.dll
Event: 0.209 Loaded shared library C:\Program Files\Eclipse Adoptium\jdk-17.0.19.10-hotspot\bin\net.dll
Event: 0.213 Loaded shared library C:\Program Files\Eclipse Adoptium\jdk-17.0.19.10-hotspot\bin\nio.dll
Event: 0.217 Loaded shared library C:\Program Files\Eclipse Adoptium\jdk-17.0.19.10-hotspot\bin\zip.dll
Event: 0.953 Loaded shared library C:\Program Files\Eclipse Adoptium\jdk-17.0.19.10-hotspot\bin\jimage.dll
Event: 1.481 Loaded shared library C:\Program Files\Eclipse Adoptium\jdk-17.0.19.10-hotspot\bin\verify.dll
Event: 1.749 Loaded shared library C:\Users\admin\.gradle\native\1def1411415f61bf3af743bc5b6707747c0891f09f0c88961ee8f79bc544acac\windows-amd64\native-platform.dll
Event: 1.792 Loaded shared library C:\Users\admin\.gradle\native\0.2.7\x86_64-windows-gnu\gradle-fileevents.dll
Event: 5.044 Loaded shared library C:\Program Files\Eclipse Adoptium\jdk-17.0.19.10-hotspot\bin\management.dll
Event: 5.053 Loaded shared library C:\Program Files\Eclipse Adoptium\jdk-17.0.19.10-hotspot\bin\management_ext.dll
Event: 6.155 Loaded shared library C:\Program Files\Eclipse Adoptium\jdk-17.0.19.10-hotspot\bin\extnet.dll
Event: 6.537 Loaded shared library C:\Program Files\Eclipse Adoptium\jdk-17.0.19.10-hotspot\bin\sunmscapi.dll
Event: 46.946 Loaded shared library C:\Program Files\Eclipse Adoptium\jdk-17.0.19.10-hotspot\bin\rmi.dll

Deoptimization events (20 events):
Event: 333.286 Thread 0x00000223c9a50af0 Uncommon trap: trap_request=0xffffffbe fr.pc=0x0000022310de5270 relative=0x0000000000000fd0
Event: 333.286 Thread 0x00000223c9a50af0 Uncommon trap: reason=profile_predicate action=maybe_recompile pc=0x0000022310de5270 method=org.gradle.internal.service.DefaultServiceRegistry$OwnServices.instanceRealized(Lorg/gradle/internal/service/DefaultServiceRegistry$ManagedObjectServiceProvider;Lj
Event: 333.286 Thread 0x00000223c9a50af0 DEOPT PACKING pc=0x0000022310de5270 sp=0x0000003bde9fb9a0
Event: 333.286 Thread 0x00000223c9a50af0 DEOPT UNPACKING pc=0x000002230fd869a3 sp=0x0000003bde9fb990 mode 2
Event: 333.336 Thread 0x00000223c9a50af0 Uncommon trap: trap_request=0xffffffbe fr.pc=0x00000223110335cc relative=0x00000000000002ac
Event: 333.336 Thread 0x00000223c9a50af0 Uncommon trap: reason=profile_predicate action=maybe_recompile pc=0x00000223110335cc method=java.util.HashMap.valuesToArray([Ljava/lang/Object;)[Ljava/lang/Object; @ 36 c2
Event: 333.336 Thread 0x00000223c9a50af0 DEOPT PACKING pc=0x00000223110335cc sp=0x0000003bde9f8cf0
Event: 333.336 Thread 0x00000223c9a50af0 DEOPT UNPACKING pc=0x000002230fd869a3 sp=0x0000003bde9f8c90 mode 2
Event: 333.366 Thread 0x00000223c9a50af0 Uncommon trap: trap_request=0xffffffbe fr.pc=0x00000223110335cc relative=0x00000000000002ac
Event: 333.366 Thread 0x00000223c9a50af0 Uncommon trap: reason=profile_predicate action=maybe_recompile pc=0x00000223110335cc method=java.util.HashMap.valuesToArray([Ljava/lang/Object;)[Ljava/lang/Object; @ 36 c2
Event: 333.366 Thread 0x00000223c9a50af0 DEOPT PACKING pc=0x00000223110335cc sp=0x0000003bde9f66e0
Event: 333.366 Thread 0x00000223c9a50af0 DEOPT UNPACKING pc=0x000002230fd869a3 sp=0x0000003bde9f6680 mode 2
Event: 333.372 Thread 0x00000223c9a50af0 Uncommon trap: trap_request=0xffffffbe fr.pc=0x0000022310de5270 relative=0x0000000000000fd0
Event: 333.372 Thread 0x00000223c9a50af0 Uncommon trap: reason=profile_predicate action=maybe_recompile pc=0x0000022310de5270 method=org.gradle.internal.service.DefaultServiceRegistry$OwnServices.instanceRealized(Lorg/gradle/internal/service/DefaultServiceRegistry$ManagedObjectServiceProvider;Lj
Event: 333.372 Thread 0x00000223c9a50af0 DEOPT PACKING pc=0x0000022310de5270 sp=0x0000003bde9f81b0
Event: 333.373 Thread 0x00000223c9a50af0 DEOPT UNPACKING pc=0x000002230fd869a3 sp=0x0000003bde9f81a0 mode 2
Event: 333.373 Thread 0x00000223c9a50af0 Uncommon trap: trap_request=0xffffffbe fr.pc=0x0000022310de5270 relative=0x0000000000000fd0
Event: 333.373 Thread 0x00000223c9a50af0 Uncommon trap: reason=profile_predicate action=maybe_recompile pc=0x0000022310de5270 method=org.gradle.internal.service.DefaultServiceRegistry$OwnServices.instanceRealized(Lorg/gradle/internal/service/DefaultServiceRegistry$ManagedObjectServiceProvider;Lj
Event: 333.373 Thread 0x00000223c9a50af0 DEOPT PACKING pc=0x0000022310de5270 sp=0x0000003bde9f7b80
Event: 333.373 Thread 0x00000223c9a50af0 DEOPT UNPACKING pc=0x000002230fd869a3 sp=0x0000003bde9f7b70 mode 2

Classes loaded (20 events):
Event: 140.682 Loading class java/lang/StackStreamFactory$FrameBuffer done
Event: 140.682 Loading class java/lang/StackStreamFactory$StackFrameTraverser$StackFrameBuffer done
Event: 140.682 Loading class java/util/stream/SliceOps
Event: 140.683 Loading class java/util/stream/SliceOps done
Event: 140.683 Loading class java/util/stream/SliceOps$1
Event: 140.684 Loading class java/util/stream/SliceOps$1 done
Event: 140.688 Loading class java/util/stream/SliceOps$1$1
Event: 140.688 Loading class java/util/stream/SliceOps$1$1 done
Event: 161.347 Loading class jdk/internal/math/FormattedFloatingDecimal$Form
Event: 161.347 Loading class jdk/internal/math/FormattedFloatingDecimal$Form done
Event: 161.348 Loading class jdk/internal/math/FormattedFloatingDecimal
Event: 161.348 Loading class jdk/internal/math/FormattedFloatingDecimal done
Event: 161.348 Loading class jdk/internal/math/FormattedFloatingDecimal$1
Event: 161.349 Loading class jdk/internal/math/FormattedFloatingDecimal$1 done
Event: 161.349 Loading class jdk/internal/math/FormattedFloatingDecimal$2
Event: 161.349 Loading class jdk/internal/math/FormattedFloatingDecimal$2 done
Event: 175.591 Loading class java/rmi/server/Unreferenced
Event: 175.592 Loading class java/rmi/server/Unreferenced done
Event: 318.804 Loading class java/beans/ParameterDescriptor
Event: 318.806 Loading class java/beans/ParameterDescriptor done

Classes unloaded (0 events):
No events

Classes redefined (0 events):
No events

Internal exceptions (20 events):
Event: 330.364 Thread 0x00000223c9a50af0 Exception <a 'java/lang/ClassNotFoundException'{0x000000060e0ffe10}: com/android/build/gradle/internal/api/ApkVariantOutputImpl_DecoratedCustomizer> (0x000000060e0ffe10) 
thrown [s\src\hotspot\share\classfile\systemDictionary.cpp, line 256]
Event: 330.377 Thread 0x00000223c9a50af0 Exception <a 'java/lang/ClassNotFoundException'{0x000000060e23a640}: com/android/build/gradle/internal/api/ReadOnlyBuildTypeBeanInfo> (0x000000060e23a640) 
thrown [s\src\hotspot\share\classfile\systemDictionary.cpp, line 256]
Event: 330.378 Thread 0x00000223c9a50af0 Exception <a 'java/lang/ClassNotFoundException'{0x000000060e248ce0}: com/android/build/gradle/internal/api/ReadOnlyBaseConfigBeanInfo> (0x000000060e248ce0) 
thrown [s\src\hotspot\share\classfile\systemDictionary.cpp, line 256]
Event: 330.379 Thread 0x00000223c9a50af0 Exception <a 'java/lang/ClassNotFoundException'{0x000000060e2573b0}: com/android/build/gradle/internal/api/ReadOnlyBaseConfigCustomizer> (0x000000060e2573b0) 
thrown [s\src\hotspot\share\classfile\systemDictionary.cpp, line 256]
Event: 330.380 Thread 0x00000223c9a50af0 Exception <a 'java/lang/ClassNotFoundException'{0x000000060e276b18}: com/android/build/gradle/internal/api/ReadOnlyBuildTypeCustomizer> (0x000000060e276b18) 
thrown [s\src\hotspot\share\classfile\systemDictionary.cpp, line 256]
Event: 330.385 Thread 0x00000223c9a50af0 Implicit null exception at 0x0000022310f63aca to 0x0000022310f64a5c
Event: 332.943 Thread 0x00000223c9a50af0 Exception <a 'sun/nio/fs/WindowsException'{0x000000060f540ac8}> (0x000000060f540ac8) 
thrown [s\src\hotspot\share\prims\jni.cpp, line 516]
Event: 333.009 Thread 0x00000223c9fbc1a0 Exception <a 'sun/nio/fs/WindowsException'{0x000000060ecc73d0}> (0x000000060ecc73d0) 
thrown [s\src\hotspot\share\prims\jni.cpp, line 516]
Event: 333.326 Thread 0x00000223c9a50af0 Exception <a 'sun/nio/fs/WindowsException'{0x000000060eac3c80}> (0x000000060eac3c80) 
thrown [s\src\hotspot\share\prims\jni.cpp, line 516]
Event: 333.326 Thread 0x00000223c9a50af0 Exception <a 'sun/nio/fs/WindowsException'{0x000000060eac53e8}> (0x000000060eac53e8) 
thrown [s\src\hotspot\share\prims\jni.cpp, line 516]
Event: 333.326 Thread 0x00000223c9a50af0 Exception <a 'sun/nio/fs/WindowsException'{0x000000060eac6b40}> (0x000000060eac6b40) 
thrown [s\src\hotspot\share\prims\jni.cpp, line 516]
Event: 333.327 Thread 0x00000223c9a50af0 Exception <a 'sun/nio/fs/WindowsException'{0x000000060eac7e88}> (0x000000060eac7e88) 
thrown [s\src\hotspot\share\prims\jni.cpp, line 516]
Event: 333.335 Thread 0x00000223c9a50af0 Exception <a 'java/lang/ClassNotFoundException'{0x000000060eb37698}: settings_3tdrwpa6amift5sevztzir46aBeanInfo> (0x000000060eb37698) 
thrown [s\src\hotspot\share\classfile\systemDictionary.cpp, line 256]
Event: 333.336 Thread 0x00000223c9a50af0 Exception <a 'java/lang/ClassNotFoundException'{0x000000060eb3ec88}: settings_3tdrwpa6amift5sevztzir46aCustomizer> (0x000000060eb3ec88) 
thrown [s\src\hotspot\share\classfile\systemDictionary.cpp, line 256]
Event: 333.365 Thread 0x00000223c9a50af0 Exception <a 'java/lang/ClassNotFoundException'{0x000000060ebebbb8}: settings_3tdrwpa6amift5sevztzir46a$_run_closure2BeanInfo> (0x000000060ebebbb8) 
thrown [s\src\hotspot\share\classfile\systemDictionary.cpp, line 256]
Event: 333.366 Thread 0x00000223c9a50af0 Exception <a 'java/lang/ClassNotFoundException'{0x000000060ebf34e8}: settings_3tdrwpa6amift5sevztzir46a$_run_closure2Customizer> (0x000000060ebf34e8) 
thrown [s\src\hotspot\share\classfile\systemDictionary.cpp, line 256]
Event: 333.407 Thread 0x00000223c9a50af0 Exception <a 'sun/nio/fs/WindowsException'{0x000000060e538ef0}> (0x000000060e538ef0) 
thrown [s\src\hotspot\share\prims\jni.cpp, line 516]
Event: 333.408 Thread 0x00000223c9a50af0 Exception <a 'sun/nio/fs/WindowsException'{0x000000060e53aba8}> (0x000000060e53aba8) 
thrown [s\src\hotspot\share\prims\jni.cpp, line 516]
Event: 333.408 Thread 0x00000223c9a50af0 Exception <a 'sun/nio/fs/WindowsException'{0x000000060e53c850}> (0x000000060e53c850) 
thrown [s\src\hotspot\share\prims\jni.cpp, line 516]
Event: 333.409 Thread 0x00000223c9a50af0 Exception <a 'sun/nio/fs/WindowsException'{0x000000060e53e0e8}> (0x000000060e53e0e8) 
thrown [s\src\hotspot\share\prims\jni.cpp, line 516]

VM Operations (20 events):
Event: 330.559 Executing VM operation: Cleanup
Event: 330.559 Executing VM operation: Cleanup done
Event: 330.783 Executing VM operation: G1CollectForAllocation
Event: 330.791 Executing VM operation: G1CollectForAllocation done
Event: 331.059 Executing VM operation: G1PauseRemark
Event: 331.088 Executing VM operation: G1PauseRemark done
Event: 331.209 Executing VM operation: G1PauseCleanup
Event: 331.209 Executing VM operation: G1PauseCleanup done
Event: 332.204 Executing VM operation: G1CollectForAllocation
Event: 332.213 Executing VM operation: G1CollectForAllocation done
Event: 332.249 Executing VM operation: G1CollectForAllocation
Event: 332.263 Executing VM operation: G1CollectForAllocation done
Event: 332.382 Executing VM operation: HandshakeAllThreads
Event: 332.383 Executing VM operation: HandshakeAllThreads done
Event: 333.373 Executing VM operation: HandshakeAllThreads
Event: 333.373 Executing VM operation: HandshakeAllThreads done
Event: 333.373 Executing VM operation: Cleanup
Event: 333.373 Executing VM operation: Cleanup done
Event: 333.669 Executing VM operation: G1CollectForAllocation
Event: 333.681 Executing VM operation: G1CollectForAllocation done

Memory protections (0 events):
No events

Nmethod flushes (20 events):
Event: 333.414 Thread 0x00000223c5145950 flushing  nmethod 0x00000223019e3690
Event: 333.414 Thread 0x00000223c5145950 flushing  nmethod 0x00000223019e4390
Event: 333.414 Thread 0x00000223c5145950 flushing  nmethod 0x00000223019e4a90
Event: 333.414 Thread 0x00000223c5145950 flushing  nmethod 0x00000223019e8b10
Event: 333.414 Thread 0x00000223c5145950 flushing  nmethod 0x00000223019ef690
Event: 333.414 Thread 0x00000223c5145950 flushing  nmethod 0x00000223019f2c90
Event: 333.414 Thread 0x00000223c5145950 flushing  nmethod 0x00000223019f3290
Event: 333.414 Thread 0x00000223c5145950 flushing  nmethod 0x0000022301a11410
Event: 333.414 Thread 0x00000223c5145950 flushing  nmethod 0x0000022301a23810
Event: 333.415 Thread 0x00000223c5145950 flushing  nmethod 0x0000022301b1b090
Event: 333.415 Thread 0x00000223c5145950 flushing  nmethod 0x0000022301b23c90
Event: 333.416 Thread 0x00000223c5145950 flushing  nmethod 0x0000022301bdd310
Event: 333.417 Thread 0x00000223c5145950 flushing osr nmethod 0x0000022301c54990
Event: 333.418 Thread 0x00000223c5145950 flushing  nmethod 0x0000022301d4a010
Event: 333.418 Thread 0x00000223c5145950 flushing  nmethod 0x0000022301d8cb10
Event: 333.418 Thread 0x00000223c5145950 flushing  nmethod 0x0000022301daed10
Event: 333.418 Thread 0x00000223c5145950 flushing  nmethod 0x0000022301db4690
Event: 333.418 Thread 0x00000223c5145950 flushing  nmethod 0x0000022301dff510
Event: 333.419 Thread 0x00000223c5145950 flushing  nmethod 0x0000022301e5ca10
Event: 333.419 Thread 0x00000223c5145950 flushing  nmethod 0x0000022301e8b590

Events (20 events):
Event: 333.313 Thread 0x00000223c9a50af0 Thread added: 0x00000223cdf29bf0
Event: 333.353 Thread 0x00000223c9a50af0 Thread added: 0x00000223cdf291d0
Event: 333.356 Thread 0x00000223c9a50af0 Thread added: 0x00000223cdf2ba50
Event: 333.376 Thread 0x00000223c9a50af0 Thread added: 0x00000223cdf2d3a0
Event: 333.424 Thread 0x00000223c5145040 Thread added: 0x00000223cc7756d0
Event: 333.520 Thread 0x00000223c9a50af0 Thread added: 0x00000223cdf282a0
Event: 333.520 Thread 0x00000223c9a50af0 Thread added: 0x00000223cdf2a100
Event: 333.520 Thread 0x00000223c9a50af0 Thread added: 0x00000223cdf2e2d0
Event: 333.520 Thread 0x00000223c9a50af0 Thread added: 0x00000223cdf2f200
Event: 333.521 Thread 0x00000223c9a50af0 Thread added: 0x00000223cdf2b540
Event: 333.521 Thread 0x00000223c9a50af0 Thread added: 0x00000223cdf2fc20
Event: 333.521 Thread 0x00000223c9a50af0 Thread added: 0x00000223cdf2a610
Event: 333.566 Thread 0x00000223c9a50af0 Thread added: 0x00000223cdf2e7e0
Event: 333.567 Thread 0x00000223c9a50af0 Thread added: 0x00000223cdf287b0
Event: 333.570 Thread 0x00000223c9a50af0 Thread added: 0x00000223cdf2b030
Event: 333.577 Thread 0x00000223c9a50af0 Thread added: 0x00000223cdf2ab20
Event: 333.589 Thread 0x00000223c9a50af0 Thread added: 0x00000223cdf28cc0
Event: 333.590 Thread 0x00000223c9a50af0 Thread added: 0x00000223c9a4d850
Event: 333.591 Thread 0x00000223c9a50af0 Thread added: 0x00000223c9a4dd60
Event: 333.633 Thread 0x00000223c9a50af0 Thread added: 0x00000223c9a4f6b0


Dynamic libraries:
0x00007ff716ee0000 - 0x00007ff716eee000 	C:\Program Files\Eclipse Adoptium\jdk-17.0.19.10-hotspot\bin\java.exe
0x00007ffc8bcd0000 - 0x00007ffc8bee7000 	C:\WINDOWS\SYSTEM32\ntdll.dll
0x00007ffc8a5a0000 - 0x00007ffc8a664000 	C:\WINDOWS\System32\KERNEL32.DLL
0x00007ffc88fa0000 - 0x00007ffc89372000 	C:\WINDOWS\System32\KERNELBASE.dll
0x00007ffc897c0000 - 0x00007ffc898d1000 	C:\WINDOWS\System32\ucrtbase.dll
0x00007ffc816c0000 - 0x00007ffc816de000 	C:\Program Files\Eclipse Adoptium\jdk-17.0.19.10-hotspot\bin\VCRUNTIME140.dll
0x00007ffc816a0000 - 0x00007ffc816b8000 	C:\Program Files\Eclipse Adoptium\jdk-17.0.19.10-hotspot\bin\jli.dll
0x00007ffc8b5c0000 - 0x00007ffc8b771000 	C:\WINDOWS\System32\USER32.dll
0x00007ffc89380000 - 0x00007ffc893a6000 	C:\WINDOWS\System32\win32u.dll
0x00007ffc733a0000 - 0x00007ffc7363b000 	C:\WINDOWS\WinSxS\amd64_microsoft.windows.common-controls_6595b64144ccf1df_6.0.22621.5547_none_27104afb73855772\COMCTL32.dll
0x00007ffc8a670000 - 0x00007ffc8a699000 	C:\WINDOWS\System32\GDI32.dll
0x00007ffc89690000 - 0x00007ffc897b3000 	C:\WINDOWS\System32\gdi32full.dll
0x00007ffc88e40000 - 0x00007ffc88eda000 	C:\WINDOWS\System32\msvcp_win.dll
0x00007ffc8a6e0000 - 0x00007ffc8a787000 	C:\WINDOWS\System32\msvcrt.dll
0x00007ffc8a6a0000 - 0x00007ffc8a6d1000 	C:\WINDOWS\System32\IMM32.DLL
0x00007ffc81690000 - 0x00007ffc8169c000 	C:\Program Files\Eclipse Adoptium\jdk-17.0.19.10-hotspot\bin\vcruntime140_1.dll
0x00007ffc67550000 - 0x00007ffc675dd000 	C:\Program Files\Eclipse Adoptium\jdk-17.0.19.10-hotspot\bin\msvcp140.dll
0x00007ffc47d00000 - 0x00007ffc4896c000 	C:\Program Files\Eclipse Adoptium\jdk-17.0.19.10-hotspot\bin\server\jvm.dll
0x00007ffc8aa90000 - 0x00007ffc8ab41000 	C:\WINDOWS\System32\ADVAPI32.dll
0x00007ffc8a880000 - 0x00007ffc8a928000 	C:\WINDOWS\System32\sechost.dll
0x00007ffc89660000 - 0x00007ffc89688000 	C:\WINDOWS\System32\bcrypt.dll
0x00007ffc89b50000 - 0x00007ffc89c64000 	C:\WINDOWS\System32\RPCRT4.dll
0x00007ffc8a790000 - 0x00007ffc8a801000 	C:\WINDOWS\System32\WS2_32.dll
0x00007ffc88c90000 - 0x00007ffc88cdd000 	C:\WINDOWS\SYSTEM32\POWRPROF.dll
0x00007ffc7eab0000 - 0x00007ffc7eae4000 	C:\WINDOWS\SYSTEM32\WINMM.dll
0x00007ffc7d150000 - 0x00007ffc7d15a000 	C:\WINDOWS\SYSTEM32\VERSION.dll
0x00007ffc88c70000 - 0x00007ffc88c83000 	C:\WINDOWS\SYSTEM32\UMPDC.dll
0x00007ffc87db0000 - 0x00007ffc87dc8000 	C:\WINDOWS\SYSTEM32\kernel.appcore.dll
0x00007ffc81480000 - 0x00007ffc8148a000 	C:\Program Files\Eclipse Adoptium\jdk-17.0.19.10-hotspot\bin\jimage.dll
0x00007ffc834d0000 - 0x00007ffc83703000 	C:\WINDOWS\SYSTEM32\DBGHELP.DLL
0x00007ffc89f40000 - 0x00007ffc8a2d3000 	C:\WINDOWS\System32\combase.dll
0x00007ffc8abc0000 - 0x00007ffc8ac97000 	C:\WINDOWS\System32\OLEAUT32.dll
0x00007ffc72b60000 - 0x00007ffc72b92000 	C:\WINDOWS\SYSTEM32\dbgcore.DLL
0x00007ffc898e0000 - 0x00007ffc8995b000 	C:\WINDOWS\System32\bcryptPrimitives.dll
0x00007ffc81470000 - 0x00007ffc8147e000 	C:\Program Files\Eclipse Adoptium\jdk-17.0.19.10-hotspot\bin\instrument.dll
0x00007ffc67d50000 - 0x00007ffc67d75000 	C:\Program Files\Eclipse Adoptium\jdk-17.0.19.10-hotspot\bin\java.dll
0x00007ffc49500000 - 0x00007ffc495d7000 	C:\Program Files\Eclipse Adoptium\jdk-17.0.19.10-hotspot\bin\jsvml.dll
0x00007ffc8aca0000 - 0x00007ffc8b542000 	C:\WINDOWS\System32\SHELL32.dll
0x00007ffc893b0000 - 0x00007ffc894ef000 	C:\WINDOWS\System32\wintypes.dll
0x00007ffc86ca0000 - 0x00007ffc875bd000 	C:\WINDOWS\SYSTEM32\windows.storage.dll
0x00007ffc8a3f0000 - 0x00007ffc8a4fc000 	C:\WINDOWS\System32\SHCORE.dll
0x00007ffc8a810000 - 0x00007ffc8a879000 	C:\WINDOWS\System32\shlwapi.dll
0x00007ffc88cf0000 - 0x00007ffc88d1b000 	C:\WINDOWS\SYSTEM32\profapi.dll
0x00007ffc67530000 - 0x00007ffc67548000 	C:\Program Files\Eclipse Adoptium\jdk-17.0.19.10-hotspot\bin\zip.dll
0x00007ffc66400000 - 0x00007ffc6641a000 	C:\Program Files\Eclipse Adoptium\jdk-17.0.19.10-hotspot\bin\net.dll
0x00007ffc7e1e0000 - 0x00007ffc7e30c000 	C:\WINDOWS\SYSTEM32\WINHTTP.dll
0x00007ffc88220000 - 0x00007ffc88289000 	C:\WINDOWS\system32\mswsock.dll
0x00007ffc662c0000 - 0x00007ffc662d6000 	C:\Program Files\Eclipse Adoptium\jdk-17.0.19.10-hotspot\bin\nio.dll
0x00007ffc676c0000 - 0x00007ffc676d0000 	C:\Program Files\Eclipse Adoptium\jdk-17.0.19.10-hotspot\bin\verify.dll
0x00007ffc73b50000 - 0x00007ffc73b77000 	C:\Users\admin\.gradle\native\1def1411415f61bf3af743bc5b6707747c0891f09f0c88961ee8f79bc544acac\windows-amd64\native-platform.dll
0x00007ffc495e0000 - 0x00007ffc49658000 	C:\Users\admin\.gradle\native\0.2.7\x86_64-windows-gnu\gradle-fileevents.dll
0x00007ffc67520000 - 0x00007ffc6752a000 	C:\Program Files\Eclipse Adoptium\jdk-17.0.19.10-hotspot\bin\management.dll
0x00007ffc66570000 - 0x00007ffc6657c000 	C:\Program Files\Eclipse Adoptium\jdk-17.0.19.10-hotspot\bin\management_ext.dll
0x00007ffc8bc00000 - 0x00007ffc8bc08000 	C:\WINDOWS\System32\PSAPI.DLL
0x00007ffc87820000 - 0x00007ffc8784d000 	C:\WINDOWS\SYSTEM32\IPHLPAPI.DLL
0x00007ffc8a590000 - 0x00007ffc8a599000 	C:\WINDOWS\System32\NSI.dll
0x00007ffc7e0b0000 - 0x00007ffc7e0c9000 	C:\WINDOWS\SYSTEM32\dhcpcsvc6.DLL
0x00007ffc7dfd0000 - 0x00007ffc7dfef000 	C:\WINDOWS\SYSTEM32\dhcpcsvc.DLL
0x00007ffc87890000 - 0x00007ffc87988000 	C:\WINDOWS\SYSTEM32\DNSAPI.dll
0x00007ffc66440000 - 0x00007ffc66449000 	C:\Program Files\Eclipse Adoptium\jdk-17.0.19.10-hotspot\bin\extnet.dll
0x00007ffc88570000 - 0x00007ffc8858b000 	C:\WINDOWS\SYSTEM32\CRYPTSP.dll
0x00007ffc87d10000 - 0x00007ffc87d47000 	C:\WINDOWS\system32\rsaenh.dll
0x00007ffc882c0000 - 0x00007ffc882e8000 	C:\WINDOWS\SYSTEM32\USERENV.dll
0x00007ffc88550000 - 0x00007ffc8855c000 	C:\WINDOWS\SYSTEM32\CRYPTBASE.dll
0x00007ffc66430000 - 0x00007ffc6643e000 	C:\Program Files\Eclipse Adoptium\jdk-17.0.19.10-hotspot\bin\sunmscapi.dll
0x00007ffc894f0000 - 0x00007ffc89657000 	C:\WINDOWS\System32\CRYPT32.dll
0x00007ffc88680000 - 0x00007ffc886ad000 	C:\WINDOWS\SYSTEM32\ncrypt.dll
0x00007ffc88640000 - 0x00007ffc88677000 	C:\WINDOWS\SYSTEM32\NTASN1.dll
0x00007ffc817d0000 - 0x00007ffc817d8000 	C:\WINDOWS\system32\wshunix.dll
0x00007ffc6aca0000 - 0x00007ffc6acb7000 	C:\WINDOWS\system32\napinsp.dll
0x00007ffc6a200000 - 0x00007ffc6a21b000 	C:\WINDOWS\system32\pnrpnsp.dll
0x00007ffc67f90000 - 0x00007ffc67fa1000 	C:\WINDOWS\System32\winrnr.dll
0x00007ffc7e360000 - 0x00007ffc7e37f000 	C:\WINDOWS\system32\wshbth.dll
0x00007ffc67eb0000 - 0x00007ffc67ed1000 	C:\WINDOWS\system32\nlansp_c.dll
0x00007ffc7e350000 - 0x00007ffc7e35a000 	C:\Windows\System32\rasadhlp.dll
0x00007ffc7d8f0000 - 0x00007ffc7d974000 	C:\WINDOWS\System32\fwpuclnt.dll
0x00007ffc81570000 - 0x00007ffc81577000 	C:\Program Files\Eclipse Adoptium\jdk-17.0.19.10-hotspot\bin\rmi.dll

dbghelp: loaded successfully - version: 4.0.5 - missing functions: none
symbol engine: initialized successfully - sym options: 0x614 - pdb path: .;C:\Program Files\Eclipse Adoptium\jdk-17.0.19.10-hotspot\bin;C:\WINDOWS\SYSTEM32;C:\WINDOWS\WinSxS\amd64_microsoft.windows.common-controls_6595b64144ccf1df_6.0.22621.5547_none_27104afb73855772;C:\Program Files\Eclipse Adoptium\jdk-17.0.19.10-hotspot\bin\server;C:\Users\admin\.gradle\native\1def1411415f61bf3af743bc5b6707747c0891f09f0c88961ee8f79bc544acac\windows-amd64;C:\Users\admin\.gradle\native\0.2.7\x86_64-windows-gnu

VM Arguments:
jvm_args: --add-opens=java.base/java.lang=ALL-UNNAMED --add-opens=java.base/java.lang.invoke=ALL-UNNAMED --add-opens=java.base/java.util=ALL-UNNAMED --add-opens=java.prefs/java.util.prefs=ALL-UNNAMED --add-exports=jdk.compiler/com.sun.tools.javac.api=ALL-UNNAMED --add-exports=jdk.compiler/com.sun.tools.javac.util=ALL-UNNAMED --add-opens=java.base/java.util=ALL-UNNAMED --add-opens=java.prefs/java.util.prefs=ALL-UNNAMED --add-opens=java.base/java.nio.charset=ALL-UNNAMED --add-opens=java.base/java.net=ALL-UNNAMED --add-opens=java.base/java.util.concurrent.atomic=ALL-UNNAMED --add-opens=java.xml/javax.xml.namespace=ALL-UNNAMED -XX:MaxMetaspaceSize=4G -XX:ReservedCodeCacheSize=512m -XX:+HeapDumpOnOutOfMemoryError -Xmx8G -Dfile.encoding=UTF-8 -Duser.country=FR -Duser.language=fr -Duser.variant -javaagent:C:\Users\admin\.gradle\wrapper\dists\gradle-8.14-all\c2qonpi39x1mddn7hk5gh9iqj\gradle-8.14\lib\agents\gradle-instrumentation-agent-8.14.jar 
java_command: org.gradle.launcher.daemon.bootstrap.GradleDaemon 8.14
java_class_path (initial): C:\Users\admin\.gradle\wrapper\dists\gradle-8.14-all\c2qonpi39x1mddn7hk5gh9iqj\gradle-8.14\lib\gradle-daemon-main-8.14.jar
Launcher Type: SUN_STANDARD

[Global flags]
     intx CICompilerCount                          = 4                                         {product} {ergonomic}
     uint ConcGCThreads                            = 2                                         {product} {ergonomic}
     uint G1ConcRefinementThreads                  = 8                                         {product} {ergonomic}
   size_t G1HeapRegionSize                         = 4194304                                   {product} {ergonomic}
    uintx GCDrainStackTargetSize                   = 64                                        {product} {ergonomic}
     bool HeapDumpOnOutOfMemoryError               = true                                   {manageable} {command line}
   size_t InitialHeapSize                          = 134217728                                 {product} {ergonomic}
   size_t MarkStackSize                            = 4194304                                   {product} {ergonomic}
   size_t MaxHeapSize                              = 8589934592                                {product} {command line}
   size_t MaxMetaspaceSize                         = 4294967296                                {product} {command line}
   size_t MaxNewSize                               = 5150605312                                {product} {ergonomic}
   size_t MinHeapDeltaBytes                        = 4194304                                   {product} {ergonomic}
   size_t MinHeapSize                              = 8388608                                   {product} {ergonomic}
    uintx NonNMethodCodeHeapSize                   = 5839372                                {pd product} {ergonomic}
    uintx NonProfiledCodeHeapSize                  = 265515770                              {pd product} {ergonomic}
    uintx ProfiledCodeHeapSize                     = 265515770                              {pd product} {ergonomic}
    uintx ReservedCodeCacheSize                    = 536870912                              {pd product} {command line}
     bool SegmentedCodeCache                       = true                                      {product} {ergonomic}
   size_t SoftMaxHeapSize                          = 8589934592                             {manageable} {ergonomic}
   double SweeperThreshold                         = 0.234375                                  {product} {ergonomic}
     bool UseCompressedClassPointers               = true                           {product lp64_product} {ergonomic}
     bool UseCompressedOops                        = true                           {product lp64_product} {ergonomic}
     bool UseG1GC                                  = true                                      {product} {ergonomic}
     bool UseLargePagesIndividualAllocation        = false                                  {pd product} {ergonomic}

Logging:
Log output configuration:
 #0: stdout all=warning uptime,level,tags
 #1: stderr all=off uptime,level,tags

Environment Variables:
JAVA_HOME=C:\Program Files\Eclipse Adoptium\jdk-25.0.1.8-hotspot
PATH=C:\Program Files\Eclipse Adoptium\jdk-17.0.19.10-hotspot\bin;C:\Program Files (x86)\VMware\VMware Workstation\bin\;C:\Program Files\Python312\Scripts\;C:\Program Files\Python312\;C:\WINDOWS\system32;C:\WINDOWS;C:\WINDOWS\System32\Wbem;C:\WINDOWS\System32\WindowsPowerShell\v1.0\;C:\WINDOWS\System32\OpenSSH\;C:\Program Files (x86)\Microsoft SQL Server\160\Tools\Binn\;C:\Program Files\Microsoft SQL Server\160\Tools\Binn\;C:\Program Files\Microsoft SQL Server\Client SDK\ODBC\170\Tools\Binn\;C:\Program Files\Microsoft SQL Server\160\DTS\Binn\;C:\Program Files (x86)\Microsoft SQL Server\160\DTS\Binn\;C:\Windows\system32\python;C:\sqlite3;C:\Program Files\nodejs\;C:\MinGW\bin;C:\curl\bin;C:\curl\include;C:\MinGW;C:\MinGW\lib;C:\GnuWin32\bin;C:\OpenSSL-Win64\bin;C:\Program Files\PostgreSQL\17\bin;C:\Program Files\Eclipse Adoptium\jdk-25.0.1.8-hotspot\bin;C:\Program Files\Heroku\bin;C:\Program Files\Git\cmd;C:\Program Files (x86)\VMware\VMware Workstation\bin\;C:\Program Files\Python312\Scripts\;C:\Program Files\Python312\;C:\WINDOWS\system32;C:\WINDOWS;C:\WINDOWS\System32\Wbem;C:\WINDOWS\System32\WindowsPowerShell\v1.0\;C:\WINDOWS\System32\OpenSSH\;C:\Program Files (x86)\Microsoft SQL Server\160\Tools\Binn\;C:\Program Files\Microsoft SQL Server\160\Tools\Binn\;C:\Program Files\Microsoft SQL Server\Client SDK\ODBC\170\Tools\Binn\;C:\Program Files\Microsoft SQL Server\160\DTS\Binn\;C:\Program Files (x86)\Microsoft SQL Server\160\DTS\Binn\;C:\Windows\system32\python;C:\sqlite3;C:\Program Files\nodejs\;C:\MinGW\bin;C:\curl\bin;C:\curl\include;C:\MinGW;C:\MinGW\lib;C:\GnuWin32\bin;C:\OpenSSL-Win64\bin;C:\Program Files\PostgreSQL\17\bin;C:\Program Files\Eclipse Adoptium\jdk-25.0.1.8-hotspot\bin;C:\Program Files\Git\cmd;C:\Program Files\Docker\Docker\resources\bin;C:\Program Files\Heroku\bin;C:\Users\admin\AppData\Local\Programs\Microsoft VS Code;C:\Program Files\P;C:\flutter\bin\flutter;C:\flutter\bin;C:\Users\admin\AppData\Local\Programs\Microsoft VS Code\bin
USERNAME=admin
OS=Windows_NT
PROCESSOR_IDENTIFIER=Intel64 Family 6 Model 142 Stepping 10, GenuineIntel
TMP=C:\Users\admin\AppData\Local\Temp
TEMP=C:\Users\admin\AppData\Local\Temp



Periodic native trim disabled


---------------  S Y S T E M  ---------------

OS:
 Windows 11 , 64 bit Build 22621 (10.0.22621.5415)
OS uptime: 0 days 0:33 hours
Hyper-V role detected

CPU: total 8 (initial active 8) (4 cores per cpu, 2 threads per core) family 6 model 142 stepping 10 microcode 0xf4, cx8, cmov, fxsr, ht, mmx, 3dnowpref, sse, sse2, sse3, ssse3, sse4.1, sse4.2, popcnt, lzcnt, tsc, tscinvbit, avx, avx2, aes, erms, clmul, bmi1, bmi2, rtm, adx, fma, vzeroupper, clflush, clflushopt, hv
Processor Information for all 8 processors :
  Max Mhz: 1896, Current Mhz: 1696, Mhz Limit: 1687

Memory: 4k page, system-wide physical 8070M (616M free)
TotalPageFile size 15874M (AvailPageFile size 4M)
current process WorkingSet (physical memory assigned to process): 587M, peak: 587M
current process commit charge ("private bytes"): 1079M, peak: 1081M

vm_info: OpenJDK 64-Bit Server VM (17.0.19+10) for windows-amd64 JRE (17.0.19+10), built on Apr 25 2026 08:04:44 by "admin" with MS VC++ 17.12 (VS2022)

END.
