#
# There is insufficient memory for the Java Runtime Environment to continue.
# Native memory allocation (malloc) failed to allocate 1191696 bytes. Error detail: Chunk::new
# Possible reasons:
#   The system is out of physical RAM or swap space
#   This process is running with CompressedOops enabled, and the Java Heap may be blocking the growth of the native heap
# Possible solutions:
#   Reduce memory load on the system
#   Increase physical memory or swap space
#   Check if swap backing store is full
#   Decrease Java heap size (-Xmx/-Xms)
#   Decrease number of Java threads
#   Decrease Java thread stack sizes (-Xss)
#   Set larger code cache with -XX:ReservedCodeCacheSize=
#   JVM is running with Unscaled Compressed Oops mode in which the Java heap is
#     placed in the first 4GB address space. The Java Heap base address is the
#     maximum limit for the native heap growth. Please use -XX:HeapBaseMinAddress
#     to set the Java Heap base and to place the Java Heap above 4GB virtual address.
# This output file may be truncated or incomplete.
#
#  Out of Memory Error (arena.cpp:168), pid=17768, tid=6788
#
# JRE version: OpenJDK Runtime Environment Temurin-21.0.12.1+1 (21.0.12.1+1) (build 21.0.12.1+1-LTS)
# Java VM: OpenJDK 64-Bit Server VM Temurin-21.0.12.1+1 (21.0.12.1+1-LTS, mixed mode, sharing, tiered, compressed oops, compressed class ptrs, parallel gc, windows-amd64)
# No core dump will be written. Minidumps are not enabled by default on client versions of Windows
#

---------------  S U M M A R Y ------------

Command Line: --add-modules=ALL-SYSTEM --add-opens=java.base/java.util=ALL-UNNAMED --add-opens=java.base/java.lang=ALL-UNNAMED --add-opens=java.base/sun.nio.fs=ALL-UNNAMED -Declipse.application=org.eclipse.jdt.ls.core.id1 -Dosgi.bundles.defaultStartLevel=4 -Declipse.product=org.eclipse.jdt.ls.core.product -Djava.import.generatesMetadataFilesAtProjectRoot=false -Dm2e.project.cache.size=50 -DDetectVMInstallationsJob.disabled=true -Dfile.encoding=utf8 -XX:+UseParallelGC -XX:GCTimeRatio=4 -XX:AdaptiveSizePolicyWeight=90 -Dsun.zip.disableMemoryMapping=true -Xmx2G -Xms100m -Xlog:disable -javaagent:c:\Users\admin\.vscode\extensions\redhat.java-1.56.0-win32-x64\lombok\lombok-1.18.39-4050.jar -XX:+HeapDumpOnOutOfMemoryError -XX:HeapDumpPath=c:\Users\admin\AppData\Roaming\Code\User\workspaceStorage\a275e4eceaa8a4da7861a808a1c7de57\redhat.java -Daether.dependencyCollector.impl=bf c:\Users\admin\.vscode\extensions\redhat.java-1.56.0-win32-x64\server\plugins\org.eclipse.equinox.launcher_1.8.0.v20260804-1928.jar -configuration c:\Users\admin\AppData\Roaming\Code\User\globalStorage\redhat.java\1.56.0\config_win -data c:\Users\admin\AppData\Roaming\Code\User\workspaceStorage\a275e4eceaa8a4da7861a808a1c7de57\redhat.java\jdt_ws --stdio

Host: Intel(R) Core(TM) i5-8350U CPU @ 1.70GHz, 8 cores, 7G,  Windows 11 , 64 bit Build 22621 (10.0.22621.5415)
Time: Sun Sep 20 18:56:17 2026 elapsed time: 79.160420 seconds (0d 0h 1m 19s)

---------------  T H R E A D  ---------------

Current thread (0x0000017938222af0):  JavaThread "C2 CompilerThread0" daemon [_thread_in_native, id=6788, stack(0x0000001038900000,0x0000001038a00000) (1024K)]


Current CompileTask:
C2:79160 8477       4       java.lang.invoke.MemberName::getInvocationType (56 bytes)

Stack: [0x0000001038900000,0x0000001038a00000]
Native frames: (J=compiled Java code, j=interpreted, Vv=VM code, C=native code)
V  [jvm.dll+0x6d83e9]
V  [jvm.dll+0x8b5736]
V  [jvm.dll+0x8b7cee]
V  [jvm.dll+0x8b83d3]
V  [jvm.dll+0x284596]
V  [jvm.dll+0xc685d]
V  [jvm.dll+0xc6da1]
V  [jvm.dll+0x2fb5ae]
V  [jvm.dll+0x5fee94]
V  [jvm.dll+0x255d67]
V  [jvm.dll+0x25612d]
V  [jvm.dll+0x24e6a0]
V  [jvm.dll+0x24bbe6]
V  [jvm.dll+0x1cb4ae]
V  [jvm.dll+0x25baad]
V  [jvm.dll+0x25a03a]
V  [jvm.dll+0x3f8aae]
V  [jvm.dll+0x8600cd]
V  [jvm.dll+0x6d6c1d]
C  [ucrtbase.dll+0x29333]
C  [KERNEL32.DLL+0x1259d]
C  [ntdll.dll+0x5af78]


---------------  P R O C E S S  ---------------

Threads class SMR info:
_java_thread_list=0x00000179050122e0, length=89, elements={
0x000001792179dfd0, 0x0000017938210260, 0x00000179382118c0, 0x0000017938215450,
0x0000017938216dd0, 0x00000179382192e0, 0x000001793821e720, 0x0000017938222af0,
0x0000017938224290, 0x000001797ad84170, 0x000001797ad83450, 0x000001797ad86240,
0x000001797ad85bb0, 0x000001797ad85520, 0x000001797ad82dc0, 0x000001797ad84800,
0x000001797ad84e90, 0x000001790033f020, 0x0000017900339ad0, 0x000001790033e990,
0x000001790033ae80, 0x000001790033e300, 0x0000017900338090, 0x000001790033f6b0,
0x000001790033a7f0, 0x000001790033d5e0, 0x0000017900338720, 0x0000017900338db0,
0x000001790033a160, 0x0000017900339440, 0x000001790033b510, 0x000001790033bba0,
0x000001790033dc70, 0x000001790033c8c0, 0x000001790170d8f0, 0x000001790170f9c0,
0x0000017901711400, 0x000001790170d260, 0x000001790170beb0, 0x0000017901710050,
0x0000017901712120, 0x00000179017127b0, 0x000001790170f330, 0x00000179017106e0,
0x000001790170c540, 0x0000017902ce3ac0, 0x0000017902ce19f0, 0x0000017902ce0cd0,
0x0000017902ce2da0, 0x0000017902ce5500, 0x0000017902ce1360, 0x0000017902ce2080,
0x0000017902ce4e70, 0x0000017902ce47e0, 0x0000017902ce68b0, 0x0000017902ce6f40,
0x0000017901d03dc0, 0x0000017901d07240, 0x0000017901d0a6c0, 0x0000017901d0a030,
0x0000017901d06bb0, 0x0000017901d05800, 0x0000017901d03730, 0x0000017901d08c80,
0x0000017901d09310, 0x0000017901d099a0, 0x0000017901d0ad50, 0x0000017903155620,
0x000001790315a4e0, 0x000001790315b890, 0x00000179031597c0, 0x0000017903155cb0,
0x00000179031569d0, 0x0000017903158aa0, 0x000001790315b200, 0x0000017903157060,
0x0000017903157d80, 0x0000017903154900, 0x0000017903159130, 0x000001790315bf20,
0x0000017903154f90, 0x0000017903158410, 0x0000017903159e50, 0x0000017903156340,
0x000001790315ab70, 0x00000179031576f0, 0x000001790170e610, 0x000001790170b820,
0x0000017901712e40
}

Java Threads: ( => current thread )
  0x000001792179dfd0 JavaThread "main"                              [_thread_blocked, id=17804, stack(0x0000001037f00000,0x0000001038000000) (1024K)]
  0x0000017938210260 JavaThread "Reference Handler"          daemon [_thread_blocked, id=19184, stack(0x0000001038300000,0x0000001038400000) (1024K)]
  0x00000179382118c0 JavaThread "Finalizer"                  daemon [_thread_blocked, id=5488, stack(0x0000001038400000,0x0000001038500000) (1024K)]
  0x0000017938215450 JavaThread "Signal Dispatcher"          daemon [_thread_blocked, id=2656, stack(0x0000001038500000,0x0000001038600000) (1024K)]
  0x0000017938216dd0 JavaThread "Attach Listener"            daemon [_thread_blocked, id=5180, stack(0x0000001038600000,0x0000001038700000) (1024K)]
  0x00000179382192e0 JavaThread "Service Thread"             daemon [_thread_blocked, id=18784, stack(0x0000001038700000,0x0000001038800000) (1024K)]
  0x000001793821e720 JavaThread "Monitor Deflation Thread"   daemon [_thread_blocked, id=7328, stack(0x0000001038800000,0x0000001038900000) (1024K)]
=>0x0000017938222af0 JavaThread "C2 CompilerThread0"         daemon [_thread_in_native, id=6788, stack(0x0000001038900000,0x0000001038a00000) (1024K)]
  0x0000017938224290 JavaThread "C1 CompilerThread0"         daemon [_thread_blocked, id=16400, stack(0x0000001038a00000,0x0000001038b00000) (1024K)]
  0x000001797ad84170 JavaThread "Common-Cleaner"             daemon [_thread_blocked, id=13648, stack(0x0000001038b00000,0x0000001038c00000) (1024K)]
  0x000001797ad83450 JavaThread "Notification Thread"        daemon [_thread_blocked, id=14208, stack(0x0000001038c00000,0x0000001038d00000) (1024K)]
  0x000001797ad86240 JavaThread "Active Thread: Equinox Container: f6433787-a439-480d-944e-dff3545feca8"        [_thread_blocked, id=19092, stack(0x0000001039300000,0x0000001039400000) (1024K)]
  0x000001797ad85bb0 JavaThread "Refresh Thread: Equinox Container: f6433787-a439-480d-944e-dff3545feca8" daemon [_thread_blocked, id=14732, stack(0x0000001039500000,0x0000001039600000) (1024K)]
  0x000001797ad85520 JavaThread "Framework Event Dispatcher: Equinox Container: f6433787-a439-480d-944e-dff3545feca8" daemon [_thread_blocked, id=14656, stack(0x0000001039600000,0x0000001039700000) (1024K)]
  0x000001797ad82dc0 JavaThread "Start Level: Equinox Container: f6433787-a439-480d-944e-dff3545feca8" daemon [_thread_blocked, id=17308, stack(0x0000001039700000,0x0000001039800000) (1024K)]
  0x000001797ad84800 JavaThread "Bundle File Closer"         daemon [_thread_blocked, id=3984, stack(0x0000001039900000,0x0000001039a00000) (1024K)]
  0x000001797ad84e90 JavaThread "SCR Component Actor"        daemon [_thread_blocked, id=14696, stack(0x0000001039800000,0x0000001039900000) (1024K)]
  0x000001790033f020 JavaThread "Worker-JM"                         [_thread_blocked, id=13224, stack(0x0000001039a00000,0x0000001039b00000) (1024K)]
  0x0000017900339ad0 JavaThread "JNA Cleaner"                daemon [_thread_blocked, id=14880, stack(0x0000001039b00000,0x0000001039c00000) (1024K)]
  0x000001790033e990 JavaThread "Worker-0"                          [_thread_blocked, id=18804, stack(0x0000001039c00000,0x0000001039d00000) (1024K)]
  0x000001790033ae80 JavaThread "Worker-1: Initialize Workspace"        [_thread_blocked, id=3700, stack(0x0000001039d00000,0x0000001039e00000) (1024K)]
  0x000001790033e300 JavaThread "Worker-2"                          [_thread_blocked, id=2888, stack(0x0000001039e00000,0x0000001039f00000) (1024K)]
  0x0000017900338090 JavaThread "Worker-3: Synchronize Gradle projects with workspace"        [_thread_blocked, id=2512, stack(0x0000001039f00000,0x000000103a000000) (1024K)]
  0x000001790033f6b0 JavaThread "Java indexing"              daemon [_thread_blocked, id=3404, stack(0x000000103a000000,0x000000103a100000) (1024K)]
  0x000001790033a7f0 JavaThread "Worker-4: Synchronize Gradle projects with workspace"        [_thread_blocked, id=5540, stack(0x000000103a400000,0x000000103a500000) (1024K)]
  0x000001790033d5e0 JavaThread "Worker-5: Synchronize Gradle projects with workspace"        [_thread_blocked, id=2880, stack(0x000000103a500000,0x000000103a600000) (1024K)]
  0x0000017900338720 JavaThread "pool-2-thread-1"                   [_thread_blocked, id=13516, stack(0x000000103a600000,0x000000103a700000) (1024K)]
  0x0000017900338db0 JavaThread "Worker-6: Synchronize Gradle projects with workspace"        [_thread_blocked, id=16836, stack(0x000000103a700000,0x000000103a800000) (1024K)]
  0x000001790033a160 JavaThread "Worker-7: Synchronize Gradle projects with workspace"        [_thread_blocked, id=15280, stack(0x000000103a800000,0x000000103a900000) (1024K)]
  0x0000017900339440 JavaThread "Timer-0"                           [_thread_blocked, id=3320, stack(0x000000103a900000,0x000000103aa00000) (1024K)]
  0x000001790033b510 JavaThread "Timer-2"                           [_thread_blocked, id=19024, stack(0x000000103aa00000,0x000000103ab00000) (1024K)]
  0x000001790033bba0 JavaThread "Timer-1"                           [_thread_blocked, id=12624, stack(0x000000103ab00000,0x000000103ac00000) (1024K)]
  0x000001790033dc70 JavaThread "Timer-3"                           [_thread_blocked, id=16388, stack(0x000000103ac00000,0x000000103ad00000) (1024K)]
  0x000001790033c8c0 JavaThread "Timer-4"                           [_thread_blocked, id=11832, stack(0x000000103ad00000,0x000000103ae00000) (1024K)]
  0x000001790170d8f0 JavaThread "Timer-5"                           [_thread_blocked, id=11720, stack(0x000000103ae00000,0x000000103af00000) (1024K)]
  0x000001790170f9c0 JavaThread "Worker-8: Synchronize Gradle projects with workspace"        [_thread_blocked, id=17328, stack(0x000000103af00000,0x000000103b000000) (1024K)]
  0x0000017901711400 JavaThread "Timer-6"                           [_thread_blocked, id=4404, stack(0x000000103b000000,0x000000103b100000) (1024K)]
  0x000001790170d260 JavaThread "Timer-7"                           [_thread_blocked, id=19076, stack(0x000000103b100000,0x000000103b200000) (1024K)]
  0x000001790170beb0 JavaThread "Worker-9: Synchronize Gradle projects with workspace"        [_thread_blocked, id=14724, stack(0x000000103b200000,0x000000103b300000) (1024K)]
  0x0000017901710050 JavaThread "Timer-8"                           [_thread_blocked, id=5252, stack(0x000000103b300000,0x000000103b400000) (1024K)]
  0x0000017901712120 JavaThread "Timer-9"                           [_thread_blocked, id=2592, stack(0x000000103b400000,0x000000103b500000) (1024K)]
  0x00000179017127b0 JavaThread "WorkspaceEventsHandler"            [_thread_blocked, id=10848, stack(0x000000103b500000,0x000000103b600000) (1024K)]
  0x000001790170f330 JavaThread "pool-1-thread-1"                   [_thread_blocked, id=8748, stack(0x000000103b600000,0x000000103b700000) (1024K)]
  0x00000179017106e0 JavaThread "Timer-10"                          [_thread_blocked, id=18156, stack(0x000000103bc00000,0x000000103bd00000) (1024K)]
  0x000001790170c540 JavaThread "Worker-10: Synchronize Gradle projects with workspace"        [_thread_blocked, id=11564, stack(0x000000103bd00000,0x000000103be00000) (1024K)]
  0x0000017902ce3ac0 JavaThread "Timer-12"                          [_thread_blocked, id=19436, stack(0x000000103be00000,0x000000103bf00000) (1024K)]
  0x0000017902ce19f0 JavaThread "Timer-11"                          [_thread_blocked, id=14644, stack(0x000000103bf00000,0x000000103c000000) (1024K)]
  0x0000017902ce0cd0 JavaThread "Timer-13"                          [_thread_blocked, id=17360, stack(0x000000103c000000,0x000000103c100000) (1024K)]
  0x0000017902ce2da0 JavaThread "Worker-11: Synchronize Gradle projects with workspace"        [_thread_blocked, id=4948, stack(0x000000103c300000,0x000000103c400000) (1024K)]
  0x0000017902ce5500 JavaThread "Timer-14"                          [_thread_blocked, id=18360, stack(0x000000103c400000,0x000000103c500000) (1024K)]
  0x0000017902ce1360 JavaThread "Timer-15"                          [_thread_blocked, id=3260, stack(0x000000103c500000,0x000000103c600000) (1024K)]
  0x0000017902ce2080 JavaThread "Worker-12: Synchronize Gradle projects with workspace"        [_thread_blocked, id=12176, stack(0x000000103c700000,0x000000103c800000) (1024K)]
  0x0000017902ce4e70 JavaThread "Timer-16"                          [_thread_blocked, id=5456, stack(0x000000103c800000,0x000000103c900000) (1024K)]
  0x0000017902ce47e0 JavaThread "Timer-17"                          [_thread_blocked, id=18732, stack(0x000000103c900000,0x000000103ca00000) (1024K)]
  0x0000017902ce68b0 JavaThread "Worker-13: Synchronize Gradle projects with workspace"        [_thread_blocked, id=13708, stack(0x000000103cb00000,0x000000103cc00000) (1024K)]
  0x0000017902ce6f40 JavaThread "Timer-18"                          [_thread_blocked, id=2644, stack(0x000000103cc00000,0x000000103cd00000) (1024K)]
  0x0000017901d03dc0 JavaThread "Timer-19"                          [_thread_blocked, id=13840, stack(0x000000103cd00000,0x000000103ce00000) (1024K)]
  0x0000017901d07240 JavaThread "Worker-14"                         [_thread_blocked, id=14412, stack(0x000000103ce00000,0x000000103cf00000) (1024K)]
  0x0000017901d0a6c0 JavaThread "Timer-20"                          [_thread_blocked, id=11892, stack(0x000000103d000000,0x000000103d100000) (1024K)]
  0x0000017901d0a030 JavaThread "Timer-21"                          [_thread_blocked, id=8172, stack(0x000000103d100000,0x000000103d200000) (1024K)]
  0x0000017901d06bb0 JavaThread "PatternSearchJob-worker-1"  daemon [_thread_blocked, id=18872, stack(0x000000103a300000,0x000000103a400000) (1024K)]
  0x0000017901d05800 JavaThread "PatternSearchJob-worker-2"  daemon [_thread_blocked, id=8760, stack(0x000000103d300000,0x000000103d400000) (1024K)]
  0x0000017901d03730 JavaThread "PatternSearchJob-worker-3"  daemon [_thread_blocked, id=8512, stack(0x000000103d400000,0x000000103d500000) (1024K)]
  0x0000017901d08c80 JavaThread "PatternSearchJob-worker-4"  daemon [_thread_blocked, id=17608, stack(0x000000103d500000,0x000000103d600000) (1024K)]
  0x0000017901d09310 JavaThread "PatternSearchJob-worker-5"  daemon [_thread_blocked, id=18460, stack(0x000000103d600000,0x000000103d700000) (1024K)]
  0x0000017901d099a0 JavaThread "PatternSearchJob-worker-6"  daemon [_thread_blocked, id=7912, stack(0x000000103d700000,0x000000103d800000) (1024K)]
  0x0000017901d0ad50 JavaThread "PatternSearchJob-worker-7"  daemon [_thread_blocked, id=6560, stack(0x000000103d800000,0x000000103d900000) (1024K)]
  0x0000017903155620 JavaThread "ProjectImportProgressReporter" daemon [_thread_blocked, id=3096, stack(0x000000103da00000,0x000000103db00000) (1024K)]
  0x000001790315a4e0 JavaThread "Timer-22"                          [_thread_blocked, id=9268, stack(0x000000103d900000,0x000000103da00000) (1024K)]
  0x000001790315b890 JavaThread "Timer-23"                          [_thread_blocked, id=7868, stack(0x000000103b900000,0x000000103ba00000) (1024K)]
  0x00000179031597c0 JavaThread "Timer-24"                          [_thread_blocked, id=15216, stack(0x000000103ba00000,0x000000103bb00000) (1024K)]
  0x0000017903155cb0 JavaThread "Timer-25"                          [_thread_blocked, id=11412, stack(0x000000103bb00000,0x000000103bc00000) (1024K)]
  0x00000179031569d0 JavaThread "Timer-26"                          [_thread_blocked, id=16588, stack(0x0000001037e00000,0x0000001037f00000) (1024K)]
  0x0000017903158aa0 JavaThread "Exec process"                      [_thread_blocked, id=8640, stack(0x000000103b700000,0x000000103b800000) (1024K)]
  0x000001790315b200 JavaThread "Exec process Thread 2"             [_thread_blocked, id=15072, stack(0x000000103dc00000,0x000000103dd00000) (1024K)]
  0x0000017903157060 JavaThread "Exec process Thread 3"             [_thread_blocked, id=4284, stack(0x000000103dd00000,0x000000103de00000) (1024K)]
  0x0000017903157d80 JavaThread "Timer-27"                          [_thread_blocked, id=18028, stack(0x000000103b800000,0x000000103b900000) (1024K)]
  0x0000017903154900 JavaThread "Timer-28"                          [_thread_blocked, id=9240, stack(0x000000103cf00000,0x000000103d000000) (1024K)]
  0x0000017903159130 JavaThread "Timer-29"                          [_thread_blocked, id=13056, stack(0x000000103c600000,0x000000103c700000) (1024K)]
  0x000001790315bf20 JavaThread "Timer-30"                          [_thread_blocked, id=13680, stack(0x000000103ca00000,0x000000103cb00000) (1024K)]
  0x0000017903154f90 JavaThread "Timer-31"                          [_thread_blocked, id=11784, stack(0x000000103db00000,0x000000103dc00000) (1024K)]
  0x0000017903158410 JavaThread "Timer-32"                          [_thread_blocked, id=2132, stack(0x000000103c200000,0x000000103c300000) (1024K)]
  0x0000017903159e50 JavaThread "Timer-33"                          [_thread_blocked, id=15808, stack(0x000000103de00000,0x000000103df00000) (1024K)]
  0x0000017903156340 JavaThread "Timer-34"                          [_thread_blocked, id=14608, stack(0x000000103df00000,0x000000103e000000) (1024K)]
  0x000001790315ab70 JavaThread "Timer-35"                          [_thread_blocked, id=11844, stack(0x000000103c100000,0x000000103c200000) (1024K)]
  0x00000179031576f0 JavaThread "Timer-36"                          [_thread_blocked, id=9472, stack(0x000000103d200000,0x000000103d300000) (1024K)]
  0x000001790170e610 JavaThread "Timer-37"                          [_thread_blocked, id=8452, stack(0x000000103e000000,0x000000103e100000) (1024K)]
  0x000001790170b820 JavaThread "Connection worker"                 [_thread_in_native, id=2716, stack(0x000000103e100000,0x000000103e200000) (1024K)]
  0x0000017901712e40 JavaThread "pool-3-thread-1"                   [_thread_blocked, id=15648, stack(0x000000103e200000,0x000000103e300000) (1024K)]
Total: 89

Other Threads:
  0x00000179381f2b90 VMThread "VM Thread"                           [id=11788, stack(0x0000001038200000,0x0000001038300000) (1024K)]
  0x000001792180a4a0 WatcherThread "VM Periodic Task Thread"        [id=11776, stack(0x0000001038100000,0x0000001038200000) (1024K)]
  0x00000179217bd780 WorkerThread "GC Thread#0"                     [id=2624, stack(0x0000001038000000,0x0000001038100000) (1024K)]
  0x000001797f3cb5e0 WorkerThread "GC Thread#1"                     [id=13864, stack(0x0000001038d00000,0x0000001038e00000) (1024K)]
  0x000001797f3cb990 WorkerThread "GC Thread#2"                     [id=16484, stack(0x0000001038e00000,0x0000001038f00000) (1024K)]
  0x000001797f2af160 WorkerThread "GC Thread#3"                     [id=15604, stack(0x0000001038f00000,0x0000001039000000) (1024K)]
  0x000001797f2af510 WorkerThread "GC Thread#4"                     [id=13184, stack(0x0000001039000000,0x0000001039100000) (1024K)]
  0x000001797f2af8c0 WorkerThread "GC Thread#5"                     [id=8476, stack(0x0000001039100000,0x0000001039200000) (1024K)]
  0x000001797f249510 WorkerThread "GC Thread#6"                     [id=3676, stack(0x0000001039200000,0x0000001039300000) (1024K)]
  0x000001797ae9ab70 WorkerThread "GC Thread#7"                     [id=8276, stack(0x0000001039400000,0x0000001039500000) (1024K)]
Total: 10

Threads with active compile tasks:
C2 CompilerThread0  79241 8477       4       java.lang.invoke.MemberName::getInvocationType (56 bytes)
Total: 1

VM state: not at safepoint (normal execution)

VM Mutex/Monitor currently owned by a thread: None

Heap address: 0x0000000080000000, size: 2048 MB, Compressed Oops mode: 32-bit

CDS archive(s) mapped at: [0x0000017939000000-0x0000017939ba0000-0x0000017939ba0000), size 12189696, SharedBaseAddress: 0x0000017939000000, ArchiveRelocationMode: 1.
Compressed class space mapped at: 0x000001793a000000-0x000001797a000000, reserved size: 1073741824
Narrow klass base: 0x0000017939000000, Narrow klass shift: 0, Narrow klass range: 0x100000000

GC Precious Log:
 CardTable entry size: 512
 CPUs: 8 total, 8 available
 Memory: 8070M
 Large Page Support: Disabled
 NUMA Support: Disabled
 Compressed Oops: Enabled (32-bit)
 Alignments: Space 512K, Generation 512K, Heap 2M
 Heap Min Capacity: 100M
 Heap Initial Capacity: 100M
 Heap Max Capacity: 2G
 Pre-touch: Disabled
 Parallel Workers: 8

Heap:
 PSYoungGen      total 23040K, used 6931K [0x00000000d5580000, 0x00000000d7300000, 0x0000000100000000)
  eden space 22016K, 28% used [0x00000000d5580000,0x00000000d5b98cd0,0x00000000d6b00000)
  from space 1024K, 67% used [0x00000000d7180000,0x00000000d722c010,0x00000000d7280000)
  to   space 512K, 0% used [0x00000000d7280000,0x00000000d7280000,0x00000000d7300000)
 ParOldGen       total 84480K, used 84339K [0x0000000080000000, 0x0000000085280000, 0x00000000d5580000)
  object space 84480K, 99% used [0x0000000080000000,0x000000008525cfe8,0x0000000085280000)
 Metaspace       used 75669K, committed 77248K, reserved 1179648K
  class space    used 10038K, committed 10752K, reserved 1048576K

Card table byte_map: [0x0000017921170000,0x0000017921580000] _byte_map_base: 0x0000017920d70000

Marking Bits: (ParMarkBitMap*) 0x00007ffb74d444a0
 Begin Bits: [0x0000017933c50000, 0x0000017935c50000)
 End Bits:   [0x0000017935c50000, 0x0000017937c50000)

Polling page: 0x0000017920f60000

Metaspace:

Usage:
  Non-class:     64.09 MB used.
      Class:      9.80 MB used.
       Both:     73.90 MB used.

Virtual space:
  Non-class space:      128.00 MB reserved,      64.94 MB ( 51%) committed,  2 nodes.
      Class space:        1.00 GB reserved,      10.50 MB (  1%) committed,  1 nodes.
             Both:        1.12 GB reserved,      75.44 MB (  7%) committed. 

Chunk freelists:
   Non-Class:  15.01 MB
       Class:  5.50 MB
        Both:  20.52 MB

MaxMetaspaceSize: unlimited
CompressedClassSpaceSize: 1.00 GB
Initial GC threshold: 21.00 MB
Current GC threshold: 97.31 MB
CDS: on
 - commit_granule_bytes: 65536.
 - commit_granule_words: 8192.
 - virtual_space_node_default_size: 8388608.
 - enlarge_chunks_in_place: 1.
 - use_allocation_guard: 0.


Internal statistics:

num_allocs_failed_limit: 9.
num_arena_births: 1440.
num_arena_deaths: 28.
num_vsnodes_births: 3.
num_vsnodes_deaths: 0.
num_space_committed: 1207.
num_space_uncommitted: 0.
num_chunks_returned_to_freelist: 43.
num_chunks_taken_from_freelist: 4886.
num_chunk_merges: 16.
num_chunk_splits: 3096.
num_chunks_enlarged: 1864.
num_inconsistent_stats: 0.

CodeHeap 'non-profiled nmethods': size=120000Kb used=5246Kb max_used=5246Kb free=114753Kb
 bounds [0x000001792c470000, 0x000001792c990000, 0x00000179339a0000]
CodeHeap 'profiled nmethods': size=120000Kb used=15215Kb max_used=15215Kb free=104784Kb
 bounds [0x00000179249a0000, 0x0000017925880000, 0x000001792bed0000]
CodeHeap 'non-nmethods': size=5760Kb used=1392Kb max_used=1447Kb free=4368Kb
 bounds [0x000001792bed0000, 0x000001792c140000, 0x000001792c470000]
CodeCache: size=245760Kb, used=21853Kb, max_used=21908Kb, free=223905Kb
 total_blobs=8389, nmethods=7693, adapters=602, full_count=0
Compilation: enabled, stopped_count=0, restarted_count=0

Compilation events (20 events):
Event: 79.085 Thread 0x0000017938224290 8500       1       jdk.internal.jimage.decompressor.CompressedResourceHeader::getDecompressorNameOffset (5 bytes)
Event: 79.086 Thread 0x0000017938224290 nmethod 8500 0x000001792c98eb10 code [0x000001792c98eca0, 0x000001792c98ed68]
Event: 79.087 Thread 0x0000017938224290 8501   !   3       java.security.Provider::putService (244 bytes)
Event: 79.089 Thread 0x0000017938224290 nmethod 8501 0x000001792586ab90 code [0x000001792586af20, 0x000001792586c458]
Event: 79.089 Thread 0x0000017938224290 8504       3       java.security.Provider::putPropertyStrings (214 bytes)
Event: 79.092 Thread 0x0000017938224290 nmethod 8504 0x000001792586cc10 code [0x000001792586d100, 0x000001792586f430]
Event: 79.092 Thread 0x0000017938224290 8502       3       java.security.Provider::check (18 bytes)
Event: 79.092 Thread 0x0000017938224290 nmethod 8502 0x0000017925870110 code [0x00000179258702e0, 0x0000017925870640]
Event: 79.092 Thread 0x0000017938224290 8503       3       java.security.Provider::implRemoveService (149 bytes)
Event: 79.093 Thread 0x0000017938224290 nmethod 8503 0x0000017925870790 code [0x0000017925870a40, 0x00000179258716c0]
Event: 79.093 Thread 0x0000017938224290 8505       3       java.security.Provider::checkAndUpdateSecureRandom (88 bytes)
Event: 79.094 Thread 0x0000017938224290 nmethod 8505 0x0000017925871a90 code [0x0000017925871c60, 0x0000017925872000]
Event: 79.094 Thread 0x0000017938224290 8506       3       java.security.Provider::getEngineName (49 bytes)
Event: 79.095 Thread 0x0000017938224290 nmethod 8506 0x0000017925872190 code [0x00000179258723c0, 0x0000017925872c00]
Event: 79.095 Thread 0x0000017938224290 8507       1       java.nio.DirectByteBufferR::base (2 bytes)
Event: 79.095 Thread 0x0000017938224290 nmethod 8507 0x000001792c98ee10 code [0x000001792c98efa0, 0x000001792c98f070]
Event: 79.095 Thread 0x0000017938224290 8508       1       jdk.internal.jimage.decompressor.CompressedResourceHeader::getUncompressedSize (5 bytes)
Event: 79.095 Thread 0x0000017938224290 nmethod 8508 0x000001792c98f110 code [0x000001792c98f2a0, 0x000001792c98f368]
Event: 79.103 Thread 0x0000017938224290 8509       3       sun.security.provider.HashDrbg::addBytes (130 bytes)
Event: 79.104 Thread 0x0000017938224290 nmethod 8509 0x0000017925872e90 code [0x0000017925873060, 0x00000179258733e8]

GC Heap History (20 events):
Event: 71.653 GC heap before
{Heap before GC invocations=47 (full 3):
 PSYoungGen      total 22528K, used 22427K [0x00000000d5580000, 0x00000000d7400000, 0x0000000100000000)
  eden space 22016K, 100% used [0x00000000d5580000,0x00000000d6b00000,0x00000000d6b00000)
  from space 512K, 80% used [0x00000000d7280000,0x00000000d72e6e10,0x00000000d7300000)
  to   space 1024K, 0% used [0x00000000d7300000,0x00000000d7300000,0x00000000d7400000)
 ParOldGen       total 83456K, used 83291K [0x0000000080000000, 0x0000000085180000, 0x00000000d5580000)
  object space 83456K, 99% used [0x0000000080000000,0x0000000085156d28,0x0000000085180000)
 Metaspace       used 71712K, committed 73152K, reserved 1114112K
  class space    used 9426K, committed 10048K, reserved 1048576K
}
Event: 71.655 GC heap after
{Heap after GC invocations=47 (full 3):
 PSYoungGen      total 23040K, used 517K [0x00000000d5580000, 0x00000000d7400000, 0x0000000100000000)
  eden space 22016K, 0% used [0x00000000d5580000,0x00000000d5580000,0x00000000d6b00000)
  from space 1024K, 50% used [0x00000000d7300000,0x00000000d7381528,0x00000000d7400000)
  to   space 1024K, 0% used [0x00000000d7200000,0x00000000d7200000,0x00000000d7300000)
 ParOldGen       total 83968K, used 83490K [0x0000000080000000, 0x0000000085200000, 0x00000000d5580000)
  object space 83968K, 99% used [0x0000000080000000,0x0000000085188a38,0x0000000085200000)
 Metaspace       used 71712K, committed 73152K, reserved 1114112K
  class space    used 9426K, committed 10048K, reserved 1048576K
}
Event: 72.532 GC heap before
{Heap before GC invocations=48 (full 3):
 PSYoungGen      total 23040K, used 22533K [0x00000000d5580000, 0x00000000d7400000, 0x0000000100000000)
  eden space 22016K, 100% used [0x00000000d5580000,0x00000000d6b00000,0x00000000d6b00000)
  from space 1024K, 50% used [0x00000000d7300000,0x00000000d7381528,0x00000000d7400000)
  to   space 1024K, 0% used [0x00000000d7200000,0x00000000d7200000,0x00000000d7300000)
 ParOldGen       total 83968K, used 83490K [0x0000000080000000, 0x0000000085200000, 0x00000000d5580000)
  object space 83968K, 99% used [0x0000000080000000,0x0000000085188a38,0x0000000085200000)
 Metaspace       used 72855K, committed 74304K, reserved 1114112K
  class space    used 9615K, committed 10240K, reserved 1048576K
}
Event: 72.534 GC heap after
{Heap after GC invocations=48 (full 3):
 PSYoungGen      total 23040K, used 496K [0x00000000d5580000, 0x00000000d7380000, 0x0000000100000000)
  eden space 22016K, 0% used [0x00000000d5580000,0x00000000d5580000,0x00000000d6b00000)
  from space 1024K, 48% used [0x00000000d7200000,0x00000000d727c010,0x00000000d7300000)
  to   space 512K, 0% used [0x00000000d7300000,0x00000000d7300000,0x00000000d7380000)
 ParOldGen       total 83968K, used 83642K [0x0000000080000000, 0x0000000085200000, 0x00000000d5580000)
  object space 83968K, 99% used [0x0000000080000000,0x00000000851aea38,0x0000000085200000)
 Metaspace       used 72855K, committed 74304K, reserved 1114112K
  class space    used 9615K, committed 10240K, reserved 1048576K
}
Event: 73.191 GC heap before
{Heap before GC invocations=49 (full 3):
 PSYoungGen      total 23040K, used 22512K [0x00000000d5580000, 0x00000000d7380000, 0x0000000100000000)
  eden space 22016K, 100% used [0x00000000d5580000,0x00000000d6b00000,0x00000000d6b00000)
  from space 1024K, 48% used [0x00000000d7200000,0x00000000d727c010,0x00000000d7300000)
  to   space 512K, 0% used [0x00000000d7300000,0x00000000d7300000,0x00000000d7380000)
 ParOldGen       total 83968K, used 83642K [0x0000000080000000, 0x0000000085200000, 0x00000000d5580000)
  object space 83968K, 99% used [0x0000000080000000,0x00000000851aea38,0x0000000085200000)
 Metaspace       used 72857K, committed 74304K, reserved 1114112K
  class space    used 9615K, committed 10240K, reserved 1048576K
}
Event: 73.193 GC heap after
{Heap after GC invocations=49 (full 3):
 PSYoungGen      total 22528K, used 397K [0x00000000d5580000, 0x00000000d7380000, 0x0000000100000000)
  eden space 22016K, 0% used [0x00000000d5580000,0x00000000d5580000,0x00000000d6b00000)
  from space 512K, 77% used [0x00000000d7300000,0x00000000d7363420,0x00000000d7380000)
  to   space 512K, 0% used [0x00000000d7280000,0x00000000d7280000,0x00000000d7300000)
 ParOldGen       total 83968K, used 83949K [0x0000000080000000, 0x0000000085200000, 0x00000000d5580000)
  object space 83968K, 99% used [0x0000000080000000,0x00000000851fb5b8,0x0000000085200000)
 Metaspace       used 72857K, committed 74304K, reserved 1114112K
  class space    used 9615K, committed 10240K, reserved 1048576K
}
Event: 74.289 GC heap before
{Heap before GC invocations=50 (full 3):
 PSYoungGen      total 22528K, used 22413K [0x00000000d5580000, 0x00000000d7380000, 0x0000000100000000)
  eden space 22016K, 100% used [0x00000000d5580000,0x00000000d6b00000,0x00000000d6b00000)
  from space 512K, 77% used [0x00000000d7300000,0x00000000d7363420,0x00000000d7380000)
  to   space 512K, 0% used [0x00000000d7280000,0x00000000d7280000,0x00000000d7300000)
 ParOldGen       total 83968K, used 83949K [0x0000000080000000, 0x0000000085200000, 0x00000000d5580000)
  object space 83968K, 99% used [0x0000000080000000,0x00000000851fb5b8,0x0000000085200000)
 Metaspace       used 72857K, committed 74304K, reserved 1114112K
  class space    used 9615K, committed 10240K, reserved 1048576K
}
Event: 74.291 GC heap after
{Heap after GC invocations=50 (full 3):
 PSYoungGen      total 22528K, used 256K [0x00000000d5580000, 0x00000000d7380000, 0x0000000100000000)
  eden space 22016K, 0% used [0x00000000d5580000,0x00000000d5580000,0x00000000d6b00000)
  from space 512K, 50% used [0x00000000d7280000,0x00000000d72c0000,0x00000000d7300000)
  to   space 512K, 0% used [0x00000000d7300000,0x00000000d7300000,0x00000000d7380000)
 ParOldGen       total 84480K, used 83973K [0x0000000080000000, 0x0000000085280000, 0x00000000d5580000)
  object space 84480K, 99% used [0x0000000080000000,0x00000000852015b8,0x0000000085280000)
 Metaspace       used 72857K, committed 74304K, reserved 1114112K
  class space    used 9615K, committed 10240K, reserved 1048576K
}
Event: 75.122 GC heap before
{Heap before GC invocations=51 (full 3):
 PSYoungGen      total 22528K, used 22272K [0x00000000d5580000, 0x00000000d7380000, 0x0000000100000000)
  eden space 22016K, 100% used [0x00000000d5580000,0x00000000d6b00000,0x00000000d6b00000)
  from space 512K, 50% used [0x00000000d7280000,0x00000000d72c0000,0x00000000d7300000)
  to   space 512K, 0% used [0x00000000d7300000,0x00000000d7300000,0x00000000d7380000)
 ParOldGen       total 84480K, used 83973K [0x0000000080000000, 0x0000000085280000, 0x00000000d5580000)
  object space 84480K, 99% used [0x0000000080000000,0x00000000852015b8,0x0000000085280000)
 Metaspace       used 72857K, committed 74304K, reserved 1114112K
  class space    used 9615K, committed 10240K, reserved 1048576K
}
Event: 75.123 GC heap after
{Heap after GC invocations=51 (full 3):
 PSYoungGen      total 22528K, used 209K [0x00000000d5580000, 0x00000000d7380000, 0x0000000100000000)
  eden space 22016K, 0% used [0x00000000d5580000,0x00000000d5580000,0x00000000d6b00000)
  from space 512K, 40% used [0x00000000d7300000,0x00000000d7334640,0x00000000d7380000)
  to   space 512K, 0% used [0x00000000d7280000,0x00000000d7280000,0x00000000d7300000)
 ParOldGen       total 84480K, used 84049K [0x0000000080000000, 0x0000000085280000, 0x00000000d5580000)
  object space 84480K, 99% used [0x0000000080000000,0x0000000085214688,0x0000000085280000)
 Metaspace       used 72857K, committed 74304K, reserved 1114112K
  class space    used 9615K, committed 10240K, reserved 1048576K
}
Event: 75.773 GC heap before
{Heap before GC invocations=52 (full 3):
 PSYoungGen      total 22528K, used 22225K [0x00000000d5580000, 0x00000000d7380000, 0x0000000100000000)
  eden space 22016K, 100% used [0x00000000d5580000,0x00000000d6b00000,0x00000000d6b00000)
  from space 512K, 40% used [0x00000000d7300000,0x00000000d7334640,0x00000000d7380000)
  to   space 512K, 0% used [0x00000000d7280000,0x00000000d7280000,0x00000000d7300000)
 ParOldGen       total 84480K, used 84049K [0x0000000080000000, 0x0000000085280000, 0x00000000d5580000)
  object space 84480K, 99% used [0x0000000080000000,0x0000000085214688,0x0000000085280000)
 Metaspace       used 72857K, committed 74304K, reserved 1114112K
  class space    used 9615K, committed 10240K, reserved 1048576K
}
Event: 75.774 GC heap after
{Heap after GC invocations=52 (full 3):
 PSYoungGen      total 22528K, used 320K [0x00000000d5580000, 0x00000000d7380000, 0x0000000100000000)
  eden space 22016K, 0% used [0x00000000d5580000,0x00000000d5580000,0x00000000d6b00000)
  from space 512K, 62% used [0x00000000d7280000,0x00000000d72d0000,0x00000000d7300000)
  to   space 512K, 0% used [0x00000000d7300000,0x00000000d7300000,0x00000000d7380000)
 ParOldGen       total 84480K, used 84129K [0x0000000080000000, 0x0000000085280000, 0x00000000d5580000)
  object space 84480K, 99% used [0x0000000080000000,0x0000000085228698,0x0000000085280000)
 Metaspace       used 72857K, committed 74304K, reserved 1114112K
  class space    used 9615K, committed 10240K, reserved 1048576K
}
Event: 76.905 GC heap before
{Heap before GC invocations=53 (full 3):
 PSYoungGen      total 22528K, used 22336K [0x00000000d5580000, 0x00000000d7380000, 0x0000000100000000)
  eden space 22016K, 100% used [0x00000000d5580000,0x00000000d6b00000,0x00000000d6b00000)
  from space 512K, 62% used [0x00000000d7280000,0x00000000d72d0000,0x00000000d7300000)
  to   space 512K, 0% used [0x00000000d7300000,0x00000000d7300000,0x00000000d7380000)
 ParOldGen       total 84480K, used 84129K [0x0000000080000000, 0x0000000085280000, 0x00000000d5580000)
  object space 84480K, 99% used [0x0000000080000000,0x0000000085228698,0x0000000085280000)
 Metaspace       used 72857K, committed 74304K, reserved 1114112K
  class space    used 9615K, committed 10240K, reserved 1048576K
}
Event: 76.907 GC heap after
{Heap after GC invocations=53 (full 3):
 PSYoungGen      total 22528K, used 489K [0x00000000d5580000, 0x00000000d7380000, 0x0000000100000000)
  eden space 22016K, 0% used [0x00000000d5580000,0x00000000d5580000,0x00000000d6b00000)
  from space 512K, 95% used [0x00000000d7300000,0x00000000d737a688,0x00000000d7380000)
  to   space 1024K, 0% used [0x00000000d7180000,0x00000000d7180000,0x00000000d7280000)
 ParOldGen       total 84480K, used 84235K [0x0000000080000000, 0x0000000085280000, 0x00000000d5580000)
  object space 84480K, 99% used [0x0000000080000000,0x0000000085242fe8,0x0000000085280000)
 Metaspace       used 72857K, committed 74304K, reserved 1114112K
  class space    used 9615K, committed 10240K, reserved 1048576K
}
Event: 77.455 GC heap before
{Heap before GC invocations=54 (full 3):
 PSYoungGen      total 22528K, used 22505K [0x00000000d5580000, 0x00000000d7380000, 0x0000000100000000)
  eden space 22016K, 100% used [0x00000000d5580000,0x00000000d6b00000,0x00000000d6b00000)
  from space 512K, 95% used [0x00000000d7300000,0x00000000d737a688,0x00000000d7380000)
  to   space 1024K, 0% used [0x00000000d7180000,0x00000000d7180000,0x00000000d7280000)
 ParOldGen       total 84480K, used 84235K [0x0000000080000000, 0x0000000085280000, 0x00000000d5580000)
  object space 84480K, 99% used [0x0000000080000000,0x0000000085242fe8,0x0000000085280000)
 Metaspace       used 72857K, committed 74304K, reserved 1114112K
  class space    used 9615K, committed 10240K, reserved 1048576K
}
Event: 77.457 GC heap after
{Heap after GC invocations=54 (full 3):
 PSYoungGen      total 23040K, used 645K [0x00000000d5580000, 0x00000000d7380000, 0x0000000100000000)
  eden space 22016K, 0% used [0x00000000d5580000,0x00000000d5580000,0x00000000d6b00000)
  from space 1024K, 63% used [0x00000000d7180000,0x00000000d7221788,0x00000000d7280000)
  to   space 1024K, 0% used [0x00000000d7280000,0x00000000d7280000,0x00000000d7380000)
 ParOldGen       total 84480K, used 84267K [0x0000000080000000, 0x0000000085280000, 0x00000000d5580000)
  object space 84480K, 99% used [0x0000000080000000,0x000000008524afe8,0x0000000085280000)
 Metaspace       used 72857K, committed 74304K, reserved 1114112K
  class space    used 9615K, committed 10240K, reserved 1048576K
}
Event: 77.968 GC heap before
{Heap before GC invocations=55 (full 3):
 PSYoungGen      total 23040K, used 22661K [0x00000000d5580000, 0x00000000d7380000, 0x0000000100000000)
  eden space 22016K, 100% used [0x00000000d5580000,0x00000000d6b00000,0x00000000d6b00000)
  from space 1024K, 63% used [0x00000000d7180000,0x00000000d7221788,0x00000000d7280000)
  to   space 1024K, 0% used [0x00000000d7280000,0x00000000d7280000,0x00000000d7380000)
 ParOldGen       total 84480K, used 84267K [0x0000000080000000, 0x0000000085280000, 0x00000000d5580000)
  object space 84480K, 99% used [0x0000000080000000,0x000000008524afe8,0x0000000085280000)
 Metaspace       used 72857K, committed 74304K, reserved 1114112K
  class space    used 9615K, committed 10240K, reserved 1048576K
}
Event: 77.970 GC heap after
{Heap after GC invocations=55 (full 3):
 PSYoungGen      total 23040K, used 844K [0x00000000d5580000, 0x00000000d7380000, 0x0000000100000000)
  eden space 22016K, 0% used [0x00000000d5580000,0x00000000d5580000,0x00000000d6b00000)
  from space 1024K, 82% used [0x00000000d7280000,0x00000000d7353368,0x00000000d7380000)
  to   space 1024K, 0% used [0x00000000d7180000,0x00000000d7180000,0x00000000d7280000)
 ParOldGen       total 84480K, used 84307K [0x0000000080000000, 0x0000000085280000, 0x00000000d5580000)
  object space 84480K, 99% used [0x0000000080000000,0x0000000085254fe8,0x0000000085280000)
 Metaspace       used 72857K, committed 74304K, reserved 1114112K
  class space    used 9615K, committed 10240K, reserved 1048576K
}
Event: 78.877 GC heap before
{Heap before GC invocations=56 (full 3):
 PSYoungGen      total 23040K, used 22860K [0x00000000d5580000, 0x00000000d7380000, 0x0000000100000000)
  eden space 22016K, 100% used [0x00000000d5580000,0x00000000d6b00000,0x00000000d6b00000)
  from space 1024K, 82% used [0x00000000d7280000,0x00000000d7353368,0x00000000d7380000)
  to   space 1024K, 0% used [0x00000000d7180000,0x00000000d7180000,0x00000000d7280000)
 ParOldGen       total 84480K, used 84307K [0x0000000080000000, 0x0000000085280000, 0x00000000d5580000)
  object space 84480K, 99% used [0x0000000080000000,0x0000000085254fe8,0x0000000085280000)
 Metaspace       used 74809K, committed 76416K, reserved 1179648K
  class space    used 9917K, committed 10624K, reserved 1048576K
}
Event: 78.879 GC heap after
{Heap after GC invocations=56 (full 3):
 PSYoungGen      total 23040K, used 688K [0x00000000d5580000, 0x00000000d7300000, 0x0000000100000000)
  eden space 22016K, 0% used [0x00000000d5580000,0x00000000d5580000,0x00000000d6b00000)
  from space 1024K, 67% used [0x00000000d7180000,0x00000000d722c010,0x00000000d7280000)
  to   space 512K, 0% used [0x00000000d7280000,0x00000000d7280000,0x00000000d7300000)
 ParOldGen       total 84480K, used 84339K [0x0000000080000000, 0x0000000085280000, 0x00000000d5580000)
  object space 84480K, 99% used [0x0000000080000000,0x000000008525cfe8,0x0000000085280000)
 Metaspace       used 74809K, committed 76416K, reserved 1179648K
  class space    used 9917K, committed 10624K, reserved 1048576K
}

Dll operation events (20 events):
Event: 1.156 Attempting to load shared library c:\Users\admin\.vscode\extensions\redhat.java-1.56.0-win32-x64\jre\21.0.12.1-win32-x86_64\bin\verify.dll
Event: 1.186 Loaded shared library c:\Users\admin\.vscode\extensions\redhat.java-1.56.0-win32-x64\jre\21.0.12.1-win32-x86_64\bin\verify.dll
Event: 8.613 Attempting to load shared library C:\Users\admin\AppData\Roaming\Code\User\globalStorage\redhat.java\1.56.0\config_win\org.eclipse.equinox.launcher\org.eclipse.equinox.launcher.win32.win32.x86_64_1.3.100.v20260804-1928\eclipse_11924.dll
Event: 8.616 Loaded shared library C:\Users\admin\AppData\Roaming\Code\User\globalStorage\redhat.java\1.56.0\config_win\org.eclipse.equinox.launcher\org.eclipse.equinox.launcher.win32.win32.x86_64_1.3.100.v20260804-1928\eclipse_11924.dll
Event: 21.938 Attempting to load shared library C:\Users\admin\AppData\Local\Temp\jna-92668751\jna8639107693688016959.dll
Event: 23.045 Loaded shared library C:\Users\admin\AppData\Local\Temp\jna-92668751\jna8639107693688016959.dll
Event: 41.394 Attempting to load shared library C:\Users\admin\.gradle\native\1def1411415f61bf3af743bc5b6707747c0891f09f0c88961ee8f79bc544acac\windows-amd64\native-platform.dll
Event: 41.404 Loaded shared library C:\Users\admin\.gradle\native\1def1411415f61bf3af743bc5b6707747c0891f09f0c88961ee8f79bc544acac\windows-amd64\native-platform.dll
Event: 51.192 Attempting to load shared library C:\Users\admin\.vscode\extensions\redhat.java-1.56.0-win32-x64\jre\21.0.12.1-win32-x86_64\bin\management.dll
Event: 51.193 Loaded shared library C:\Users\admin\.vscode\extensions\redhat.java-1.56.0-win32-x64\jre\21.0.12.1-win32-x86_64\bin\management.dll
Event: 51.197 Attempting to load shared library C:\Users\admin\.vscode\extensions\redhat.java-1.56.0-win32-x64\jre\21.0.12.1-win32-x86_64\bin\management_ext.dll
Event: 51.198 Loaded shared library C:\Users\admin\.vscode\extensions\redhat.java-1.56.0-win32-x64\jre\21.0.12.1-win32-x86_64\bin\management_ext.dll
Event: 52.616 Attempting to load shared library C:\Users\admin\.gradle\native\c067742578af261105cb4f569cf0c3c89f3d7b1fecec35dd04571415982c5e48\windows-amd64\native-platform.dll
Event: 52.617 Loaded shared library C:\Users\admin\.gradle\native\c067742578af261105cb4f569cf0c3c89f3d7b1fecec35dd04571415982c5e48\windows-amd64\native-platform.dll
Event: 61.357 Attempting to load shared library C:\Users\admin\.gradle\native\1def1411415f61bf3af743bc5b6707747c0891f09f0c88961ee8f79bc544acac\windows-amd64-min\native-platform.dll
Event: 61.365 Loaded shared library C:\Users\admin\.gradle\native\1def1411415f61bf3af743bc5b6707747c0891f09f0c88961ee8f79bc544acac\windows-amd64-min\native-platform.dll
Event: 78.374 Attempting to load shared library C:\Users\admin\.vscode\extensions\redhat.java-1.56.0-win32-x64\jre\21.0.12.1-win32-x86_64\bin\extnet.dll
Event: 78.375 Loaded shared library C:\Users\admin\.vscode\extensions\redhat.java-1.56.0-win32-x64\jre\21.0.12.1-win32-x86_64\bin\extnet.dll
Event: 79.077 Attempting to load shared library C:\Users\admin\.vscode\extensions\redhat.java-1.56.0-win32-x64\jre\21.0.12.1-win32-x86_64\bin\sunmscapi.dll
Event: 79.081 Loaded shared library C:\Users\admin\.vscode\extensions\redhat.java-1.56.0-win32-x64\jre\21.0.12.1-win32-x86_64\bin\sunmscapi.dll

Deoptimization events (20 events):
Event: 78.131 Thread 0x000001790170b820 Uncommon trap: trap_request=0xffffff45 fr.pc=0x000001792c9301c8 relative=0x0000000000002968
Event: 78.131 Thread 0x000001790170b820 Uncommon trap: reason=unstable_if action=reinterpret pc=0x000001792c9301c8 method=org.gradle.internal.daemon.client.serialization.ClasspathInferer.find(Ljava/lang/Class;Ljava/util/Collection;Ljava/util/Collection;)V @ 73 c2
Event: 78.131 Thread 0x000001790170b820 DEOPT PACKING pc=0x000001792c9301c8 sp=0x000000103e1fddb0
Event: 78.131 Thread 0x000001790170b820 DEOPT UNPACKING pc=0x000001792bf23aa2 sp=0x000000103e1fdd90 mode 2
Event: 78.572 Thread 0x000001790170b820 Uncommon trap: trap_request=0xffffff45 fr.pc=0x000001792c6890e8 relative=0x0000000000000048
Event: 78.572 Thread 0x000001790170b820 Uncommon trap: reason=unstable_if action=reinterpret pc=0x000001792c6890e8 method=java.lang.invoke.LambdaFormEditor$TransformKey.inRange(I)Z @ 27 c2
Event: 78.572 Thread 0x000001790170b820 DEOPT PACKING pc=0x000001792c6890e8 sp=0x000000103e1fd660
Event: 78.572 Thread 0x000001790170b820 DEOPT UNPACKING pc=0x000001792bf23aa2 sp=0x000000103e1fd5e8 mode 2
Event: 78.911 Thread 0x000001790170b820 Uncommon trap: trap_request=0xffffffc6 fr.pc=0x000001792c7c9ec4 relative=0x0000000000000324
Event: 78.911 Thread 0x000001790170b820 Uncommon trap: reason=bimorphic_or_optimized_type_check action=maybe_recompile pc=0x000001792c7c9ec4 method=java.util.Collections$SetFromMap.add(Ljava/lang/Object;)Z @ 8 c2
Event: 78.911 Thread 0x000001790170b820 DEOPT PACKING pc=0x000001792c7c9ec4 sp=0x000000103e1fe240
Event: 78.911 Thread 0x000001790170b820 DEOPT UNPACKING pc=0x000001792bf23aa2 sp=0x000000103e1fe210 mode 2
Event: 79.068 Thread 0x000001790170b820 Uncommon trap: trap_request=0xffffff45 fr.pc=0x000001792c51a308 relative=0x0000000000000848
Event: 79.068 Thread 0x000001790170b820 Uncommon trap: reason=unstable_if action=reinterpret pc=0x000001792c51a308 method=java.util.HashMap.computeIfAbsent(Ljava/lang/Object;Ljava/util/function/Function;)Ljava/lang/Object; @ 294 c2
Event: 79.068 Thread 0x000001790170b820 DEOPT PACKING pc=0x000001792c51a308 sp=0x000000103e1fc330
Event: 79.068 Thread 0x000001790170b820 DEOPT UNPACKING pc=0x000001792bf23aa2 sp=0x000000103e1fc2d8 mode 2
Event: 79.106 Thread 0x000001790170b820 Uncommon trap: trap_request=0xffffff45 fr.pc=0x000001792c801614 relative=0x00000000000001d4
Event: 79.106 Thread 0x000001790170b820 Uncommon trap: reason=unstable_if action=reinterpret pc=0x000001792c801614 method=sun.nio.fs.NativeBuffers.getNativeBufferFromCache(I)Lsun/nio/fs/NativeBuffer; @ 34 c2
Event: 79.106 Thread 0x000001790170b820 DEOPT PACKING pc=0x000001792c801614 sp=0x000000103e1fdd10
Event: 79.106 Thread 0x000001790170b820 DEOPT UNPACKING pc=0x000001792bf23aa2 sp=0x000000103e1fdc98 mode 2

Classes loaded (20 events):
Event: 79.100 Loading class java/net/UnixDomainSocketAddress
Event: 79.101 Loading class java/net/UnixDomainSocketAddress done
Event: 79.104 Loading class java/nio/BufferMismatch
Event: 79.104 Loading class java/nio/BufferMismatch done
Event: 79.104 Loading class sun/nio/ch/SourceChannelImpl
Event: 79.104 Loading class java/nio/channels/Pipe$SourceChannel
Event: 79.105 Loading class java/nio/channels/Pipe$SourceChannel done
Event: 79.105 Loading class sun/nio/ch/SourceChannelImpl done
Event: 79.105 Loading class sun/nio/ch/SinkChannelImpl
Event: 79.105 Loading class java/nio/channels/Pipe$SinkChannel
Event: 79.105 Loading class java/nio/channels/Pipe$SinkChannel done
Event: 79.105 Loading class sun/nio/ch/SinkChannelImpl done
Event: 79.107 Loading class sun/nio/ch/SelectionKeyImpl
Event: 79.107 Loading class java/nio/channels/spi/AbstractSelectionKey
Event: 79.107 Loading class java/nio/channels/SelectionKey
Event: 79.107 Loading class java/nio/channels/SelectionKey done
Event: 79.107 Loading class java/nio/channels/spi/AbstractSelectionKey done
Event: 79.107 Loading class sun/nio/ch/SelectionKeyImpl done
Event: 79.108 Loading class java/lang/invoke/ConstantBootstraps
Event: 79.108 Loading class java/lang/invoke/ConstantBootstraps done

Classes unloaded (14 events):
Event: 27.063 Thread 0x00000179381f2b90 Unloading class 0x000001793a1a5000 'java/lang/invoke/LambdaForm$MH+0x000001793a1a5000'
Event: 27.063 Thread 0x00000179381f2b90 Unloading class 0x000001793a1a4c00 'java/lang/invoke/LambdaForm$MH+0x000001793a1a4c00'
Event: 27.063 Thread 0x00000179381f2b90 Unloading class 0x000001793a1a4800 'java/lang/invoke/LambdaForm$MH+0x000001793a1a4800'
Event: 27.063 Thread 0x00000179381f2b90 Unloading class 0x000001793a1a4400 'java/lang/invoke/LambdaForm$MH+0x000001793a1a4400'
Event: 27.063 Thread 0x00000179381f2b90 Unloading class 0x000001793a1a4000 'java/lang/invoke/LambdaForm$BMH+0x000001793a1a4000'
Event: 27.063 Thread 0x00000179381f2b90 Unloading class 0x000001793a1a3c00 'java/lang/invoke/LambdaForm$DMH+0x000001793a1a3c00'
Event: 27.063 Thread 0x00000179381f2b90 Unloading class 0x000001793a1a2800 'java/lang/invoke/LambdaForm$DMH+0x000001793a1a2800'
Event: 33.693 Thread 0x00000179381f2b90 Unloading class 0x000001793a2d1000 'java/lang/invoke/LambdaForm$MH+0x000001793a2d1000'
Event: 33.693 Thread 0x00000179381f2b90 Unloading class 0x000001793a2d0400 'java/lang/invoke/LambdaForm$MH+0x000001793a2d0400'
Event: 33.693 Thread 0x00000179381f2b90 Unloading class 0x000001793a2cbc00 'java/lang/invoke/LambdaForm$MH+0x000001793a2cbc00'
Event: 33.693 Thread 0x00000179381f2b90 Unloading class 0x000001793a2cb400 'java/lang/invoke/LambdaForm$MH+0x000001793a2cb400'
Event: 33.693 Thread 0x00000179381f2b90 Unloading class 0x000001793a2cb000 'java/lang/invoke/LambdaForm$DMH+0x000001793a2cb000'
Event: 33.693 Thread 0x00000179381f2b90 Unloading class 0x000001793a2c2400 'java/lang/invoke/LambdaForm$MH+0x000001793a2c2400'
Event: 58.745 Thread 0x00000179381f2b90 Unloading class 0x000001793a710400 'java/lang/invoke/LambdaForm$DMH+0x000001793a710400'

Classes redefined (0 events):
No events

Internal exceptions (20 events):
Event: 78.404 Thread 0x000001790170b820 Exception <a 'java/lang/NoClassDefFoundError'{0x00000000d5ec4870}: org/slf4j/impl/StaticMarkerBinder> (0x00000000d5ec4870) 
thrown [s\src\hotspot\share\classfile\systemDictionary.cpp, line 302]
Event: 78.570 Thread 0x000001790170b820 Exception <a 'java/lang/NoSuchMethodError'{0x00000000d62c1c10}: 'java.lang.Object java.lang.invoke.DelegatingMethodHandle$Holder.reinvoke_L(java.lang.Object, java.lang.Object, java.lang.Object, java.lang.Object, java.lang.Object, java.lang.Object, java.lang.Object, java.lang.Object, java.lang.Object, java.lang.Object, java.lang.Object, java.lang.Object, java.lang.Object, java.lang.Object, java.lang.Object, java.lang.Object, java.lang.Object, java.lang.Object, java.lang.Object, java.lang.Object, java.lang.O
Event: 78.577 Thread 0x000001790170b820 Exception <a 'java/lang/NoSuchMethodError'{0x00000000d6320050}: 'java.lang.Object java.lang.invoke.DirectMethodHandle$Holder.invokeStatic(java.lang.Object, java.lang.Object, java.lang.Object, java.lang.Object, java.lang.Object, java.lang.Object, java.lang.Object, java.lang.Object, java.lang.Object, java.lang.Object, java.lang.Object, java.lang.Object, java.lang.Object, java.lang.Object, java.lang.Object)'> (0x00000000d6320050) 
thrown [s\src\hotspot\share\interpreter\linkResolver.cpp, line 773]
Event: 78.579 Thread 0x000001790170b820 Exception <a 'java/lang/NoSuchMethodError'{0x00000000d6348360}: 'java.lang.Object java.lang.invoke.DirectMethodHandle$Holder.invokeStatic(java.lang.Object, java.lang.Object, java.lang.Object, java.lang.Object, java.lang.Object, java.lang.Object, java.lang.Object, java.lang.Object, java.lang.Object, java.lang.Object, java.lang.Object, java.lang.Object, java.lang.Object, java.lang.Object, java.lang.Object, java.lang.Object)'> (0x00000000d6348360) 
thrown [s\src\hotspot\share\interpreter\linkResolver.cpp, lin
Event: 78.582 Thread 0x000001790170b820 Exception <a 'java/lang/NoSuchMethodError'{0x00000000d63739a8}: 'java.lang.Object java.lang.invoke.DirectMethodHandle$Holder.invokeStatic(java.lang.Object, java.lang.Object, java.lang.Object, java.lang.Object, java.lang.Object, java.lang.Object, java.lang.Object, java.lang.Object, java.lang.Object, java.lang.Object, java.lang.Object, java.lang.Object, java.lang.Object, java.lang.Object, java.lang.Object, java.lang.Object, java.lang.Object)'> (0x00000000d63739a8) 
thrown [s\src\hotspot\share\interpreter\lin
Event: 78.587 Thread 0x000001790170b820 Exception <a 'java/lang/NoSuchMethodError'{0x00000000d63a0fa0}: 'java.lang.Object java.lang.invoke.DirectMethodHandle$Holder.invokeStatic(java.lang.Object, java.lang.Object, java.lang.Object, java.lang.Object, java.lang.Object, java.lang.Object, java.lang.Object, java.lang.Object, java.lang.Object, java.lang.Object, java.lang.Object, java.lang.Object, java.lang.Object, java.lang.Object, java.lang.Object, java.lang.Object, java.lang.Object, java.lang.Object)'> (0x00000000d63a0fa0) 
thrown [s\src\hotspot\sha
Event: 78.590 Thread 0x000001790170b820 Exception <a 'java/lang/NoSuchMethodError'{0x00000000d63cebb8}: 'java.lang.Object java.lang.invoke.DirectMethodHandle$Holder.invokeStatic(java.lang.Object, java.lang.Object, java.lang.Object, java.lang.Object, java.lang.Object, java.lang.Object, java.lang.Object, java.lang.Object, java.lang.Object, java.lang.Object, java.lang.Object, java.lang.Object, java.lang.Object, java.lang.Object, java.lang.Object, java.lang.Object, java.lang.Object, java.lang.Object, java.lang.Object)'> (0x00000000d63cebb8) 
thrown 
Event: 78.592 Thread 0x000001790170b820 Exception <a 'java/lang/NoSuchMethodError'{0x00000000d63fdc20}: 'java.lang.Object java.lang.invoke.DirectMethodHandle$Holder.invokeStatic(java.lang.Object, java.lang.Object, java.lang.Object, java.lang.Object, java.lang.Object, java.lang.Object, java.lang.Object, java.lang.Object, java.lang.Object, java.lang.Object, java.lang.Object, java.lang.Object, java.lang.Object, java.lang.Object, java.lang.Object, java.lang.Object, java.lang.Object, java.lang.Object, java.lang.Object, java.lang.Object)'> (0x00000000
Event: 78.595 Thread 0x000001790170b820 Exception <a 'java/lang/NoSuchMethodError'{0x00000000d642e188}: 'java.lang.Object java.lang.invoke.DirectMethodHandle$Holder.invokeStatic(java.lang.Object, java.lang.Object, java.lang.Object, java.lang.Object, java.lang.Object, java.lang.Object, java.lang.Object, java.lang.Object, java.lang.Object, java.lang.Object, java.lang.Object, java.lang.Object, java.lang.Object, java.lang.Object, java.lang.Object, java.lang.Object, java.lang.Object, java.lang.Object, java.lang.Object, java.lang.Object, java.lang.Obj
Event: 78.598 Thread 0x000001790170b820 Exception <a 'java/lang/NoSuchMethodError'{0x00000000d645ee60}: 'java.lang.Object java.lang.invoke.DirectMethodHandle$Holder.invokeStatic(java.lang.Object, java.lang.Object, java.lang.Object, java.lang.Object, java.lang.Object, java.lang.Object, java.lang.Object, java.lang.Object, java.lang.Object, java.lang.Object, java.lang.Object, java.lang.Object, java.lang.Object, java.lang.Object, java.lang.Object, java.lang.Object, java.lang.Object, java.lang.Object, java.lang.Object, java.lang.Object, java.lang.Obj
Event: 78.601 Thread 0x000001790170b820 Exception <a 'java/lang/NoSuchMethodError'{0x00000000d6490c70}: 'java.lang.Object java.lang.invoke.DirectMethodHandle$Holder.invokeStatic(java.lang.Object, java.lang.Object, java.lang.Object, java.lang.Object, java.lang.Object, java.lang.Object, java.lang.Object, java.lang.Object, java.lang.Object, java.lang.Object, java.lang.Object, java.lang.Object, java.lang.Object, java.lang.Object, java.lang.Object, java.lang.Object, java.lang.Object, java.lang.Object, java.lang.Object, java.lang.Object, java.lang.Obj
Event: 78.604 Thread 0x000001790170b820 Exception <a 'java/lang/NoSuchMethodError'{0x00000000d64c3290}: 'java.lang.Object java.lang.invoke.DirectMethodHandle$Holder.invokeStatic(java.lang.Object, java.lang.Object, java.lang.Object, java.lang.Object, java.lang.Object, java.lang.Object, java.lang.Object, java.lang.Object, java.lang.Object, java.lang.Object, java.lang.Object, java.lang.Object, java.lang.Object, java.lang.Object, java.lang.Object, java.lang.Object, java.lang.Object, java.lang.Object, java.lang.Object, java.lang.Object, java.lang.Obj
Event: 78.607 Thread 0x000001790170b820 Exception <a 'java/lang/NoSuchMethodError'{0x00000000d64f84b0}: 'java.lang.Object java.lang.invoke.DirectMethodHandle$Holder.invokeStatic(java.lang.Object, java.lang.Object, java.lang.Object, java.lang.Object, java.lang.Object, java.lang.Object, java.lang.Object, java.lang.Object, java.lang.Object, java.lang.Object, java.lang.Object, java.lang.Object, java.lang.Object, java.lang.Object, java.lang.Object, java.lang.Object, java.lang.Object, java.lang.Object, java.lang.Object, java.lang.Object, java.lang.Obj
Event: 78.611 Thread 0x000001790170b820 Exception <a 'java/lang/NoSuchMethodError'{0x00000000d651e018}: 'java.lang.Object java.lang.invoke.DirectMethodHandle$Holder.invokeSpecial(java.lang.Object, java.lang.Object, java.lang.Object, java.lang.Object, java.lang.Object, java.lang.Object, java.lang.Object, java.lang.Object, java.lang.Object, java.lang.Object, java.lang.Object, java.lang.Object, java.lang.Object, java.lang.Object, java.lang.Object, java.lang.Object, java.lang.Object, java.lang.Object, java.lang.Object, java.lang.Object, java.lang.Ob
Event: 78.612 Thread 0x000001790170b820 Exception <a 'java/lang/NoSuchMethodError'{0x00000000d6533800}: 'java.lang.Object java.lang.invoke.DirectMethodHandle$Holder.newInvokeSpecial(java.lang.Object, java.lang.Object, java.lang.Object, java.lang.Object, java.lang.Object, java.lang.Object, java.lang.Object, java.lang.Object, java.lang.Object, java.lang.Object, java.lang.Object, java.lang.Object, java.lang.Object, java.lang.Object, java.lang.Object, java.lang.Object, java.lang.Object, java.lang.Object, java.lang.Object, java.lang.Object, java.lang
Event: 78.613 Thread 0x000001790170b820 Exception <a 'java/lang/NoSuchMethodError'{0x00000000d65399b8}: 'java.lang.Object java.lang.invoke.Invokers$Holder.linkToTargetMethod(java.lang.Object, java.lang.Object, java.lang.Object, java.lang.Object, java.lang.Object, java.lang.Object, java.lang.Object, java.lang.Object, java.lang.Object, java.lang.Object, java.lang.Object, java.lang.Object, java.lang.Object, java.lang.Object, java.lang.Object, java.lang.Object, java.lang.Object, java.lang.Object, java.lang.Object, java.lang.Object, java.lang.Object,
Event: 78.613 Thread 0x000001790170b820 Exception <a 'java/lang/NoSuchMethodError'{0x00000000d653eb20}: 'java.lang.Object java.lang.invoke.DirectMethodHandle$Holder.invokeVirtual(java.lang.Object, java.lang.Object, java.lang.Object, java.lang.Object, java.lang.Object, java.lang.Object, java.lang.Object, java.lang.Object, java.lang.Object, java.lang.Object)'> (0x00000000d653eb20) 
thrown [s\src\hotspot\share\interpreter\linkResolver.cpp, line 773]
Event: 78.644 Thread 0x000001790170b820 Exception <a 'java/lang/NoSuchMethodError'{0x00000000d6686bb0}: 'java.lang.Object java.lang.invoke.DirectMethodHandle$Holder.invokeVirtual(java.lang.Object, java.lang.Object, java.lang.Object, java.lang.Object, java.lang.Object, java.lang.Object, java.lang.Object, java.lang.Object, java.lang.Object)'> (0x00000000d6686bb0) 
thrown [s\src\hotspot\share\interpreter\linkResolver.cpp, line 773]
Event: 78.724 Thread 0x000001790170b820 Exception <a 'java/lang/NoSuchMethodError'{0x00000000d6925858}: 'long java.lang.invoke.DirectMethodHandle$Holder.invokeVirtual(java.lang.Object, java.lang.Object)'> (0x00000000d6925858) 
thrown [s\src\hotspot\share\interpreter\linkResolver.cpp, line 773]
Event: 78.728 Thread 0x000001790170b820 Exception <a 'java/lang/NoSuchMethodError'{0x00000000d6928c58}: 'long java.lang.invoke.DelegatingMethodHandle$Holder.reinvoke_L(java.lang.Object, java.lang.Object)'> (0x00000000d6928c58) 
thrown [s\src\hotspot\share\interpreter\linkResolver.cpp, line 773]

ZGC Phase Switch (0 events):
No events

VM Operations (20 events):
Event: 74.289 Executing safepoint VM operation: ParallelGCFailedAllocation (Allocation Failure)
Event: 74.291 Executing safepoint VM operation: ParallelGCFailedAllocation (Allocation Failure) done
Event: 75.122 Executing safepoint VM operation: ParallelGCFailedAllocation (Allocation Failure)
Event: 75.123 Executing safepoint VM operation: ParallelGCFailedAllocation (Allocation Failure) done
Event: 75.773 Executing safepoint VM operation: ParallelGCFailedAllocation (Allocation Failure)
Event: 75.774 Executing safepoint VM operation: ParallelGCFailedAllocation (Allocation Failure) done
Event: 76.775 Executing safepoint VM operation: Cleanup
Event: 76.775 Executing safepoint VM operation: Cleanup done
Event: 76.905 Executing safepoint VM operation: ParallelGCFailedAllocation (Allocation Failure)
Event: 76.907 Executing safepoint VM operation: ParallelGCFailedAllocation (Allocation Failure) done
Event: 77.455 Executing safepoint VM operation: ParallelGCFailedAllocation (Allocation Failure)
Event: 77.457 Executing safepoint VM operation: ParallelGCFailedAllocation (Allocation Failure) done
Event: 77.968 Executing safepoint VM operation: ParallelGCFailedAllocation (Allocation Failure)
Event: 77.970 Executing safepoint VM operation: ParallelGCFailedAllocation (Allocation Failure) done
Event: 78.655 Executing non-safepoint VM operation: HandshakeAllThreads (Deoptimize)
Event: 78.656 Executing non-safepoint VM operation: HandshakeAllThreads (Deoptimize) done
Event: 78.780 Executing safepoint VM operation: ParallelGCFailedAllocation (Allocation Failure)
Event: 78.879 Executing safepoint VM operation: ParallelGCFailedAllocation (Allocation Failure) done
Event: 79.042 Executing non-safepoint VM operation: HandshakeAllThreads (Deoptimize)
Event: 79.042 Executing non-safepoint VM operation: HandshakeAllThreads (Deoptimize) done

Memory protections (0 events):
No events

Nmethod flushes (20 events):
Event: 58.774 Thread 0x00000179381f2b90 flushing  nmethod 0x000001792528bc10
Event: 58.774 Thread 0x00000179381f2b90 flushing  nmethod 0x00000179252cda10
Event: 58.774 Thread 0x00000179381f2b90 flushing  nmethod 0x00000179252cf010
Event: 58.774 Thread 0x00000179381f2b90 flushing  nmethod 0x00000179252d2b90
Event: 58.774 Thread 0x00000179381f2b90 flushing  nmethod 0x00000179252ff190
Event: 58.775 Thread 0x00000179381f2b90 flushing  nmethod 0x0000017925300110
Event: 58.775 Thread 0x00000179381f2b90 flushing  nmethod 0x0000017925306410
Event: 58.775 Thread 0x00000179381f2b90 flushing  nmethod 0x000001792531bf10
Event: 58.775 Thread 0x00000179381f2b90 flushing  nmethod 0x0000017925337210
Event: 58.775 Thread 0x00000179381f2b90 flushing  nmethod 0x0000017925337c10
Event: 58.775 Thread 0x00000179381f2b90 flushing  nmethod 0x0000017925338210
Event: 58.775 Thread 0x00000179381f2b90 flushing  nmethod 0x0000017925338b10
Event: 58.775 Thread 0x00000179381f2b90 flushing  nmethod 0x0000017925355790
Event: 58.775 Thread 0x00000179381f2b90 flushing  nmethod 0x0000017925358f90
Event: 58.775 Thread 0x00000179381f2b90 flushing  nmethod 0x0000017925383690
Event: 58.775 Thread 0x00000179381f2b90 flushing  nmethod 0x0000017925391c10
Event: 58.775 Thread 0x00000179381f2b90 flushing  nmethod 0x0000017925392310
Event: 58.775 Thread 0x00000179381f2b90 flushing  nmethod 0x0000017925392f10
Event: 58.775 Thread 0x00000179381f2b90 flushing  nmethod 0x0000017925393290
Event: 58.775 Thread 0x00000179381f2b90 flushing  nmethod 0x0000017925398d90

Events (20 events):
Event: 67.014 Thread 0x000001790033ae80 Thread added: 0x00000179031576f0
Event: 67.111 Thread 0x00000179037897e0 Thread exited: 0x00000179037897e0
Event: 67.122 Thread 0x0000017902ce0640 Thread exited: 0x0000017902ce0640
Event: 67.123 Thread 0x000001790033a7f0 Thread added: 0x0000017903158410
Event: 67.139 Thread 0x00000179031576f0 Thread exited: 0x00000179031576f0
Event: 67.143 Thread 0x000001790033ae80 Thread added: 0x0000017903159e50
Event: 67.241 Thread 0x000001790033ae80 Thread added: 0x0000017903156340
Event: 67.294 Thread 0x000001790033ae80 Thread added: 0x00000179031576f0
Event: 67.427 Thread 0x0000017901d06520 Thread exited: 0x0000017901d06520
Event: 67.428 Thread 0x0000017902ce6220 Thread exited: 0x0000017902ce6220
Event: 67.434 Thread 0x0000017902ce68b0 Thread added: 0x000001790315ab70
Event: 67.435 Thread 0x00000179031576f0 Thread exited: 0x00000179031576f0
Event: 67.436 Thread 0x000001790170beb0 Thread added: 0x00000179031576f0
Event: 67.438 Thread 0x000001790033ae80 Thread added: 0x000001790170e610
Event: 67.442 Thread 0x000001790033ae80 Thread added: 0x000001790170b820
Event: 68.607 Thread 0x0000017938222af0 Thread added: 0x0000017903558780
Event: 68.864 Thread 0x0000017903558780 Thread exited: 0x0000017903558780
Event: 73.336 Thread 0x0000017938222af0 Thread added: 0x00000179018c2910
Event: 74.131 Thread 0x00000179018c2910 Thread exited: 0x00000179018c2910
Event: 78.756 Thread 0x000001790170b820 Thread added: 0x0000017901712e40


Dynamic libraries:
0x00007ff683050000 - 0x00007ff68305e000 	c:\Users\admin\.vscode\extensions\redhat.java-1.56.0-win32-x64\jre\21.0.12.1-win32-x86_64\bin\java.exe
0x00007ffbf7510000 - 0x00007ffbf7727000 	C:\WINDOWS\SYSTEM32\ntdll.dll
0x00007ffbf6790000 - 0x00007ffbf6854000 	C:\WINDOWS\System32\KERNEL32.DLL
0x00007ffbf47e0000 - 0x00007ffbf4bb2000 	C:\WINDOWS\System32\KERNELBASE.dll
0x00007ffbf46c0000 - 0x00007ffbf47d1000 	C:\WINDOWS\System32\ucrtbase.dll
0x00007ffbdf740000 - 0x00007ffbdf75e000 	c:\Users\admin\.vscode\extensions\redhat.java-1.56.0-win32-x64\jre\21.0.12.1-win32-x86_64\bin\VCRUNTIME140.dll
0x00007ffbdf720000 - 0x00007ffbdf738000 	c:\Users\admin\.vscode\extensions\redhat.java-1.56.0-win32-x64\jre\21.0.12.1-win32-x86_64\bin\jli.dll
0x00007ffbf52b0000 - 0x00007ffbf5461000 	C:\WINDOWS\System32\USER32.dll
0x00007ffbdee30000 - 0x00007ffbdf0cb000 	C:\WINDOWS\WinSxS\amd64_microsoft.windows.common-controls_6595b64144ccf1df_6.0.22621.5547_none_27104afb73855772\COMCTL32.dll
0x00007ffbf4bc0000 - 0x00007ffbf4be6000 	C:\WINDOWS\System32\win32u.dll
0x00007ffbf7130000 - 0x00007ffbf71d7000 	C:\WINDOWS\System32\msvcrt.dll
0x00007ffbf74a0000 - 0x00007ffbf74c9000 	C:\WINDOWS\System32\GDI32.dll
0x00007ffbf4bf0000 - 0x00007ffbf4d13000 	C:\WINDOWS\System32\gdi32full.dll
0x00007ffbf4d20000 - 0x00007ffbf4dba000 	C:\WINDOWS\System32\msvcp_win.dll
0x00007ffbf6560000 - 0x00007ffbf6591000 	C:\WINDOWS\System32\IMM32.DLL
0x00007ffbec880000 - 0x00007ffbec88c000 	c:\Users\admin\.vscode\extensions\redhat.java-1.56.0-win32-x64\jre\21.0.12.1-win32-x86_64\bin\vcruntime140_1.dll
0x00007ffbdf690000 - 0x00007ffbdf71d000 	c:\Users\admin\.vscode\extensions\redhat.java-1.56.0-win32-x64\jre\21.0.12.1-win32-x86_64\bin\msvcp140.dll
0x00007ffb74080000 - 0x00007ffb74e22000 	c:\Users\admin\.vscode\extensions\redhat.java-1.56.0-win32-x64\jre\21.0.12.1-win32-x86_64\bin\server\jvm.dll
0x00007ffbf7010000 - 0x00007ffbf70c1000 	C:\WINDOWS\System32\ADVAPI32.dll
0x00007ffbf5c00000 - 0x00007ffbf5ca8000 	C:\WINDOWS\System32\sechost.dll
0x00007ffbf5170000 - 0x00007ffbf5198000 	C:\WINDOWS\System32\bcrypt.dll
0x00007ffbf65c0000 - 0x00007ffbf66d4000 	C:\WINDOWS\System32\RPCRT4.dll
0x00007ffbf5230000 - 0x00007ffbf52a1000 	C:\WINDOWS\System32\WS2_32.dll
0x00007ffbf44d0000 - 0x00007ffbf451d000 	C:\WINDOWS\SYSTEM32\POWRPROF.dll
0x00007ffbea780000 - 0x00007ffbea7b4000 	C:\WINDOWS\SYSTEM32\WINMM.dll
0x00007ffbe2020000 - 0x00007ffbe202a000 	C:\WINDOWS\SYSTEM32\VERSION.dll
0x00007ffbf44b0000 - 0x00007ffbf44c3000 	C:\WINDOWS\SYSTEM32\UMPDC.dll
0x00007ffbf35f0000 - 0x00007ffbf3608000 	C:\WINDOWS\SYSTEM32\kernel.appcore.dll
0x00007ffbdff10000 - 0x00007ffbdff1a000 	c:\Users\admin\.vscode\extensions\redhat.java-1.56.0-win32-x64\jre\21.0.12.1-win32-x86_64\bin\jimage.dll
0x00007ffbeefa0000 - 0x00007ffbef1d3000 	C:\WINDOWS\SYSTEM32\DBGHELP.DLL
0x00007ffbf6860000 - 0x00007ffbf6bf3000 	C:\WINDOWS\System32\combase.dll
0x00007ffbf6c00000 - 0x00007ffbf6cd7000 	C:\WINDOWS\System32\OLEAUT32.dll
0x00007ffbde5e0000 - 0x00007ffbde612000 	C:\WINDOWS\SYSTEM32\dbgcore.DLL
0x00007ffbf4dc0000 - 0x00007ffbf4e3b000 	C:\WINDOWS\System32\bcryptPrimitives.dll
0x00007ffbdf680000 - 0x00007ffbdf68f000 	c:\Users\admin\.vscode\extensions\redhat.java-1.56.0-win32-x64\jre\21.0.12.1-win32-x86_64\bin\instrument.dll
0x00007ffbdf280000 - 0x00007ffbdf2a0000 	c:\Users\admin\.vscode\extensions\redhat.java-1.56.0-win32-x64\jre\21.0.12.1-win32-x86_64\bin\java.dll
0x00007ffbf5cb0000 - 0x00007ffbf6552000 	C:\WINDOWS\System32\SHELL32.dll
0x00007ffbf4fb0000 - 0x00007ffbf50ef000 	C:\WINDOWS\System32\wintypes.dll
0x00007ffbf24e0000 - 0x00007ffbf2dfd000 	C:\WINDOWS\SYSTEM32\windows.storage.dll
0x00007ffbf7310000 - 0x00007ffbf741c000 	C:\WINDOWS\System32\SHCORE.dll
0x00007ffbf54d0000 - 0x00007ffbf5539000 	C:\WINDOWS\System32\shlwapi.dll
0x00007ffbf4530000 - 0x00007ffbf455b000 	C:\WINDOWS\SYSTEM32\profapi.dll
0x00007ffbd2610000 - 0x00007ffbd2628000 	c:\Users\admin\.vscode\extensions\redhat.java-1.56.0-win32-x64\jre\21.0.12.1-win32-x86_64\bin\zip.dll
0x00007ffbd2600000 - 0x00007ffbd2610000 	C:\Users\admin\.vscode\extensions\redhat.java-1.56.0-win32-x64\jre\21.0.12.1-win32-x86_64\bin\net.dll
0x00007ffbe9e80000 - 0x00007ffbe9fac000 	C:\WINDOWS\SYSTEM32\WINHTTP.dll
0x00007ffbf3a60000 - 0x00007ffbf3ac9000 	C:\WINDOWS\system32\mswsock.dll
0x00007ffbd25e0000 - 0x00007ffbd25f6000 	C:\Users\admin\.vscode\extensions\redhat.java-1.56.0-win32-x64\jre\21.0.12.1-win32-x86_64\bin\nio.dll
0x00007ffbdf4e0000 - 0x00007ffbdf4f0000 	c:\Users\admin\.vscode\extensions\redhat.java-1.56.0-win32-x64\jre\21.0.12.1-win32-x86_64\bin\verify.dll
0x00007ffbd3090000 - 0x00007ffbd30d5000 	C:\Users\admin\AppData\Roaming\Code\User\globalStorage\redhat.java\1.56.0\config_win\org.eclipse.equinox.launcher\org.eclipse.equinox.launcher.win32.win32.x86_64_1.3.100.v20260804-1928\eclipse_11924.dll
0x00007ffbf5a60000 - 0x00007ffbf5c00000 	C:\WINDOWS\System32\ole32.dll
0x00007ffbf3db0000 - 0x00007ffbf3dcb000 	C:\WINDOWS\SYSTEM32\CRYPTSP.dll
0x00007ffbf3550000 - 0x00007ffbf3587000 	C:\WINDOWS\system32\rsaenh.dll
0x00007ffbf3b00000 - 0x00007ffbf3b28000 	C:\WINDOWS\SYSTEM32\USERENV.dll
0x00007ffbf3d90000 - 0x00007ffbf3d9c000 	C:\WINDOWS\SYSTEM32\CRYPTBASE.dll
0x00007ffbf3060000 - 0x00007ffbf308d000 	C:\WINDOWS\SYSTEM32\IPHLPAPI.DLL
0x00007ffbf65b0000 - 0x00007ffbf65b9000 	C:\WINDOWS\System32\NSI.dll
0x00007ffbd3370000 - 0x00007ffbd33b9000 	C:\Users\admin\AppData\Local\Temp\jna-92668751\jna8639107693688016959.dll
0x00007ffbf55d0000 - 0x00007ffbf55d8000 	C:\WINDOWS\System32\PSAPI.DLL
0x00007ffbea560000 - 0x00007ffbea579000 	C:\WINDOWS\SYSTEM32\dhcpcsvc6.DLL
0x00007ffbea540000 - 0x00007ffbea55f000 	C:\WINDOWS\SYSTEM32\dhcpcsvc.DLL
0x00007ffbdf560000 - 0x00007ffbdf587000 	C:\Users\admin\.gradle\native\1def1411415f61bf3af743bc5b6707747c0891f09f0c88961ee8f79bc544acac\windows-amd64\native-platform.dll
0x00007ffbc5650000 - 0x00007ffbc565a000 	C:\Users\admin\.vscode\extensions\redhat.java-1.56.0-win32-x64\jre\21.0.12.1-win32-x86_64\bin\management.dll
0x00007ffbc5640000 - 0x00007ffbc564c000 	C:\Users\admin\.vscode\extensions\redhat.java-1.56.0-win32-x64\jre\21.0.12.1-win32-x86_64\bin\management_ext.dll
0x00007ffbc5660000 - 0x00007ffbc5687000 	C:\Users\admin\.gradle\native\c067742578af261105cb4f569cf0c3c89f3d7b1fecec35dd04571415982c5e48\windows-amd64\native-platform.dll
0x00007ffbd3340000 - 0x00007ffbd3367000 	C:\Users\admin\.gradle\native\1def1411415f61bf3af743bc5b6707747c0891f09f0c88961ee8f79bc544acac\windows-amd64-min\native-platform.dll
0x00007ffbdf670000 - 0x00007ffbdf679000 	C:\Users\admin\.vscode\extensions\redhat.java-1.56.0-win32-x64\jre\21.0.12.1-win32-x86_64\bin\extnet.dll
0x00007ffbdf4d0000 - 0x00007ffbdf4de000 	C:\Users\admin\.vscode\extensions\redhat.java-1.56.0-win32-x64\jre\21.0.12.1-win32-x86_64\bin\sunmscapi.dll
0x00007ffbf4e40000 - 0x00007ffbf4fa7000 	C:\WINDOWS\System32\CRYPT32.dll
0x00007ffbf3ec0000 - 0x00007ffbf3eed000 	C:\WINDOWS\SYSTEM32\ncrypt.dll
0x00007ffbf3e80000 - 0x00007ffbf3eb7000 	C:\WINDOWS\SYSTEM32\NTASN1.dll
0x00007ffbec890000 - 0x00007ffbec898000 	C:\WINDOWS\system32\wshunix.dll

JVMTI agents:
c:\Users\admin\.vscode\extensions\redhat.java-1.56.0-win32-x64\lombok\lombok-1.18.39-4050.jar path:c:\Users\admin\.vscode\extensions\redhat.java-1.56.0-win32-x64\jre\21.0.12.1-win32-x86_64\bin\instrument.dll, loaded, initialized, instrumentlib options:none

dbghelp: loaded successfully - version: 4.0.5 - missing functions: none
symbol engine: initialized successfully - sym options: 0x614 - pdb path: .;c:\Users\admin\.vscode\extensions\redhat.java-1.56.0-win32-x64\jre\21.0.12.1-win32-x86_64\bin;C:\WINDOWS\SYSTEM32;C:\WINDOWS\WinSxS\amd64_microsoft.windows.common-controls_6595b64144ccf1df_6.0.22621.5547_none_27104afb73855772;c:\Users\admin\.vscode\extensions\redhat.java-1.56.0-win32-x64\jre\21.0.12.1-win32-x86_64\bin\server;C:\Users\admin\AppData\Roaming\Code\User\globalStorage\redhat.java\1.56.0\config_win\org.eclipse.equinox.launcher\org.eclipse.equinox.launcher.win32.win32.x86_64_1.3.100.v20260804-1928;C:\Users\admin\AppData\Local\Temp\jna-92668751;C:\Users\admin\.gradle\native\1def1411415f61bf3af743bc5b6707747c0891f09f0c88961ee8f79bc544acac\windows-amd64;C:\Users\admin\.gradle\native\c067742578af261105cb4f569cf0c3c89f3d7b1fecec35dd04571415982c5e48\windows-amd64;C:\Users\admin\.gradle\native\1def1411415f61bf3af743bc5b6707747c0891f09f0c88961ee8f79bc544acac\windows-amd64-min

VM Arguments:
jvm_args: --add-modules=ALL-SYSTEM --add-opens=java.base/java.util=ALL-UNNAMED --add-opens=java.base/java.lang=ALL-UNNAMED --add-opens=java.base/sun.nio.fs=ALL-UNNAMED -Declipse.application=org.eclipse.jdt.ls.core.id1 -Dosgi.bundles.defaultStartLevel=4 -Declipse.product=org.eclipse.jdt.ls.core.product -Djava.import.generatesMetadataFilesAtProjectRoot=false -Dm2e.project.cache.size=50 -DDetectVMInstallationsJob.disabled=true -Dfile.encoding=utf8 -XX:+UseParallelGC -XX:GCTimeRatio=4 -XX:AdaptiveSizePolicyWeight=90 -Dsun.zip.disableMemoryMapping=true -Xmx2G -Xms100m -Xlog:disable -javaagent:c:\Users\admin\.vscode\extensions\redhat.java-1.56.0-win32-x64\lombok\lombok-1.18.39-4050.jar -XX:+HeapDumpOnOutOfMemoryError -XX:HeapDumpPath=c:\Users\admin\AppData\Roaming\Code\User\workspaceStorage\a275e4eceaa8a4da7861a808a1c7de57\redhat.java -Daether.dependencyCollector.impl=bf 
java_command: c:\Users\admin\.vscode\extensions\redhat.java-1.56.0-win32-x64\server\plugins\org.eclipse.equinox.launcher_1.8.0.v20260804-1928.jar -configuration c:\Users\admin\AppData\Roaming\Code\User\globalStorage\redhat.java\1.56.0\config_win -data c:\Users\admin\AppData\Roaming\Code\User\workspaceStorage\a275e4eceaa8a4da7861a808a1c7de57\redhat.java\jdt_ws --stdio
java_class_path (initial): c:\Users\admin\.vscode\extensions\redhat.java-1.56.0-win32-x64\server\plugins\org.eclipse.equinox.launcher_1.8.0.v20260804-1928.jar
Launcher Type: SUN_STANDARD

[Global flags]
    uintx AdaptiveSizePolicyWeight                 = 90                                        {product} {command line}
     intx CICompilerCount                          = 4                                         {product} {ergonomic}
    uintx GCTimeRatio                              = 4                                         {product} {command line}
     bool HeapDumpOnOutOfMemoryError               = true                                   {manageable} {command line}
    ccstr HeapDumpPath                             = c:\Users\admin\AppData\Roaming\Code\User\workspaceStorage\a275e4eceaa8a4da7861a808a1c7de57\redhat.java         {manageable} {command line}
   size_t InitialHeapSize                          = 104857600                                 {product} {command line}
   size_t MaxHeapSize                              = 2147483648                                {product} {command line}
   size_t MaxNewSize                               = 715653120                                 {product} {ergonomic}
   size_t MinHeapDeltaBytes                        = 524288                                    {product} {ergonomic}
   size_t MinHeapSize                              = 104857600                                 {product} {command line}
   size_t NewSize                                  = 34603008                                  {product} {ergonomic}
    uintx NonNMethodCodeHeapSize                   = 5839372                                {pd product} {ergonomic}
    uintx NonProfiledCodeHeapSize                  = 122909434                              {pd product} {ergonomic}
   size_t OldSize                                  = 70254592                                  {product} {ergonomic}
    uintx ProfiledCodeHeapSize                     = 122909434                              {pd product} {ergonomic}
    uintx ReservedCodeCacheSize                    = 251658240                              {pd product} {ergonomic}
     bool SegmentedCodeCache                       = true                                      {product} {ergonomic}
   size_t SoftMaxHeapSize                          = 2147483648                             {manageable} {ergonomic}
     bool UseCompressedOops                        = true                           {product lp64_product} {ergonomic}
     bool UseLargePagesIndividualAllocation        = false                                  {pd product} {ergonomic}
     bool UseParallelGC                            = true                                      {product} {command line}

Logging:
Log output configuration:
 #0: stdout all=off uptime,level,tags foldmultilines=false
 #1: stderr all=off uptime,level,tags foldmultilines=false

Release file:
JAVA_VERSION="21.0.12.1" 
MODULES="java.base java.compiler java.datatransfer java.xml java.prefs java.desktop java.instrument java.logging java.management java.security.sasl java.naming java.rmi java.management.rmi java.net.http java.scripting java.security.jgss java.transaction.xa java.sql java.sql.rowset java.xml.crypto java.se java.smartcardio jdk.accessibility jdk.internal.jvmstat jdk.attach jdk.charsets jdk.internal.opt jdk.zipfs jdk.compiler jdk.crypto.ec jdk.crypto.cryptoki jdk.crypto.mscapi jdk.dynalink jdk.internal.ed jdk.editpad jdk.hotspot.agent jdk.httpserver jdk.internal.le jdk.internal.vm.ci jdk.internal.vm.compiler jdk.internal.vm.compiler.management jdk.jartool jdk.javadoc jdk.jcmd jdk.management jdk.management.agent jdk.jconsole jdk.jdeps jdk.jdwp.agent jdk.jdi jdk.jfr jdk.jshell jdk.jsobject jdk.jstatd jdk.localedata jdk.management.jfr jdk.naming.dns jdk.naming.rmi jdk.net jdk.nio.mapmode jdk.random jdk.sctp jdk.security.auth jdk.security.jgss jdk.unsupported jdk.unsupported.desktop jdk.xml.dom" 

Environment Variables:
JAVA_HOME=C:\Program Files\Eclipse Adoptium\jdk-25.0.1.8-hotspot
PATH=C:\Program Files\Eclipse Adoptium\jdk-17.0.19.10-hotspot\bin;C:\Program Files (x86)\VMware\VMware Workstation\bin\;C:\Program Files\Python312\Scripts\;C:\Program Files\Python312\;C:\WINDOWS\system32;C:\WINDOWS;C:\WINDOWS\System32\Wbem;C:\WINDOWS\System32\WindowsPowerShell\v1.0\;C:\WINDOWS\System32\OpenSSH\;C:\Program Files (x86)\Microsoft SQL Server\160\Tools\Binn\;C:\Program Files\Microsoft SQL Server\160\Tools\Binn\;C:\Program Files\Microsoft SQL Server\Client SDK\ODBC\170\Tools\Binn\;C:\Program Files\Microsoft SQL Server\160\DTS\Binn\;C:\Program Files (x86)\Microsoft SQL Server\160\DTS\Binn\;C:\Windows\system32\python;C:\sqlite3;C:\Program Files\nodejs\;C:\MinGW\bin;C:\curl\bin;C:\curl\include;C:\MinGW;C:\MinGW\lib;C:\GnuWin32\bin;C:\OpenSSL-Win64\bin;C:\Program Files\PostgreSQL\17\bin;C:\Program Files\Eclipse Adoptium\jdk-25.0.1.8-hotspot\bin;C:\Program Files\Heroku\bin;C:\Program Files\Git\cmd;C:\Program Files (x86)\VMware\VMware Workstation\bin\;C:\Program Files\Python312\Scripts\;C:\Program Files\Python312\;C:\WINDOWS\system32;C:\WINDOWS;C:\WINDOWS\System32\Wbem;C:\WINDOWS\System32\WindowsPowerShell\v1.0\;C:\WINDOWS\System32\OpenSSH\;C:\Program Files (x86)\Microsoft SQL Server\160\Tools\Binn\;C:\Program Files\Microsoft SQL Server\160\Tools\Binn\;C:\Program Files\Microsoft SQL Server\Client SDK\ODBC\170\Tools\Binn\;C:\Program Files\Microsoft SQL Server\160\DTS\Binn\;C:\Program Files (x86)\Microsoft SQL Server\160\DTS\Binn\;C:\Windows\system32\python;C:\sqlite3;C:\Program Files\nodejs\;C:\MinGW\bin;C:\curl\bin;C:\curl\include;C:\MinGW;C:\MinGW\lib;C:\GnuWin32\bin;C:\OpenSSL-Win64\bin;C:\Program Files\PostgreSQL\17\bin;C:\Program Files\Eclipse Adoptium\jdk-25.0.1.8-hotspot\bin;C:\Program Files\Git\cmd;C:\Program Files\Docker\Docker\resources\bin;C:\Program Files\Heroku\bin;C:\Users\admin\AppData\Local\Programs\Microsoft VS Code;C:\Program Files\P;C:\flutter\bin\flutter;C:\flutter\bin;C:\Users\admin\AppData\Local\Programs\Microsoft VS Code\bin
USERNAME=admin
OS=Windows_NT
PROCESSOR_IDENTIFIER=Intel64 Family 6 Model 142 Stepping 10, GenuineIntel
TMP=C:\Users\admin\AppData\Local\Temp
TEMP=C:\Users\admin\AppData\Local\Temp




Periodic native trim disabled

---------------  S Y S T E M  ---------------

OS:
 Windows 11 , 64 bit Build 22621 (10.0.22621.5415)
OS uptime: 0 days 1:38 hours
Hyper-V role detected

CPU: total 8 (initial active 8) (4 cores per cpu, 2 threads per core) family 6 model 142 stepping 10 microcode 0xf4, cx8, cmov, fxsr, ht, mmx, 3dnowpref, sse, sse2, sse3, ssse3, sse4.1, sse4.2, popcnt, lzcnt, tsc, tscinvbit, avx, avx2, aes, erms, clmul, bmi1, bmi2, rtm, adx, fma, vzeroupper, clflush, clflushopt, hv, rdtscp, f16c
Processor Information for the first 8 processors :
  Max Mhz: 1896, Current Mhz: 1696, Mhz Limit: 1687

Memory: 4k page, system-wide physical 8070M (434M free)
TotalPageFile size 16142M (AvailPageFile size 4M)
current process WorkingSet (physical memory assigned to process): 340M, peak: 340M
current process commit charge ("private bytes"): 426M, peak: 427M

vm_info: OpenJDK 64-Bit Server VM (21.0.12.1+1-LTS) for windows-amd64 JRE (21.0.12.1+1-LTS), built on 2026-08-18T00:00:00Z by "admin" with MS VC++ 17.12 (VS2022)

END.
