#
# There is insufficient memory for the Java Runtime Environment to continue.
# Native memory allocation (malloc) failed to allocate 205584 bytes. Error detail: Chunk::new
# Possible reasons:
#   The system is out of physical RAM or swap space
#   This process is running with CompressedOops enabled, and the Java Heap may be blocking the growth of the native heap
# Possible solutions:
#   Reduce memory load on the system
#   Increase physical memory or swap space
#   Check if swap backing store is full
#   Decrease Java heap size (-Xmx/-Xms)
#   Decrease number of Java threads
#   Decrease Java thread stack sizes (-Xss)
#   Set larger code cache with -XX:ReservedCodeCacheSize=
#   JVM is running with Zero Based Compressed Oops mode in which the Java heap is
#     placed in the first 32GB address space. The Java Heap base address is the
#     maximum limit for the native heap growth. Please use -XX:HeapBaseMinAddress
#     to set the Java Heap base and to place the Java Heap above 32GB virtual address.
# This output file may be truncated or incomplete.
#
#  Out of Memory Error (arena.cpp:191), pid=11568, tid=17696
#
# JRE version: OpenJDK Runtime Environment Temurin-17.0.19+10 (17.0.19+10) (build 17.0.19+10)
# Java VM: OpenJDK 64-Bit Server VM Temurin-17.0.19+10 (17.0.19+10, mixed mode, sharing, tiered, compressed oops, compressed class ptrs, g1 gc, windows-amd64)
# No core dump will be written. Minidumps are not enabled by default on client versions of Windows
#

---------------  S U M M A R Y ------------

Command Line: --add-opens=java.base/java.lang=ALL-UNNAMED --add-opens=java.base/java.lang.invoke=ALL-UNNAMED --add-opens=java.base/java.util=ALL-UNNAMED --add-opens=java.prefs/java.util.prefs=ALL-UNNAMED --add-exports=jdk.compiler/com.sun.tools.javac.api=ALL-UNNAMED --add-exports=jdk.compiler/com.sun.tools.javac.util=ALL-UNNAMED --add-opens=java.base/java.util=ALL-UNNAMED --add-opens=java.prefs/java.util.prefs=ALL-UNNAMED --add-opens=java.base/java.nio.charset=ALL-UNNAMED --add-opens=java.base/java.net=ALL-UNNAMED --add-opens=java.base/java.util.concurrent.atomic=ALL-UNNAMED --add-opens=java.xml/javax.xml.namespace=ALL-UNNAMED -XX:MaxMetaspaceSize=4G -XX:ReservedCodeCacheSize=512m -XX:+HeapDumpOnOutOfMemoryError -Xmx8G -Dfile.encoding=UTF-8 -Duser.country=FR -Duser.language=fr -Duser.variant -javaagent:C:\Users\admin\.gradle\wrapper\dists\gradle-8.14-all\c2qonpi39x1mddn7hk5gh9iqj\gradle-8.14\lib\agents\gradle-instrumentation-agent-8.14.jar org.gradle.launcher.daemon.bootstrap.GradleDaemon 8.14

Host: Intel(R) Core(TM) i5-8350U CPU @ 1.70GHz, 8 cores, 7G,  Windows 11 , 64 bit Build 22621 (10.0.22621.5415)
Time: Sun Sep 20 13:48:51 2026 Paris, Madrid (heure duild 22621 (10.0.22621.5415) elapsed time: 200.355058 seconds (0d 0h 3m 20s)

---------------  T H R E A D  ---------------

Current thread (0x000001eaca46e650):  JavaThread "C2 CompilerThread1" daemon [_thread_in_native, id=17696, stack(0x0000001f3a800000,0x0000001f3a900000)]


Current CompileTask:
C2:200355 15810   !   4       org.gradle.internal.event.AbstractBroadcastDispatch::dispatch (74 bytes)

Stack: [0x0000001f3a800000,0x0000001f3a900000]
Native frames: (J=compiled Java code, j=interpreted, Vv=VM code, C=native code)
V  [jvm.dll+0x684b29]
V  [jvm.dll+0x83a2d5]
V  [jvm.dll+0x83bd4e]
V  [jvm.dll+0x83c3d3]
V  [jvm.dll+0x24905f]
V  [jvm.dll+0xad536]
V  [jvm.dll+0xadbdc]
V  [jvm.dll+0x368d9e]
V  [jvm.dll+0x1bbecb]
V  [jvm.dll+0x219fc0]
V  [jvm.dll+0x2192af]
V  [jvm.dll+0x1a49f0]
V  [jvm.dll+0x2299fa]
V  [jvm.dll+0x227bab]
V  [jvm.dll+0x7f0a88]
V  [jvm.dll+0x7eaf1c]
V  [jvm.dll+0x6839f7]
C  [ucrtbase.dll+0x29333]
C  [KERNEL32.DLL+0x1259d]
C  [ntdll.dll+0x5af78]


---------------  P R O C E S S  ---------------

Threads class SMR info:
_java_thread_list=0x000001eac87717b0, length=92, elements={
0x000001ea53c82520, 0x000001ea7ef13d10, 0x000001ea7ef14aa0, 0x000001ea7ef2b260,
0x000001ea7ef2bc30, 0x000001ea7ef2d510, 0x000001ea7ef2fdf0, 0x000001ea7ef30cb0,
0x000001ea7ef31670, 0x000001ea7ef35fa0, 0x000001ea7ef004c0, 0x000001ea7fb21a60,
0x000001eac5b50020, 0x000001eac5a645e0, 0x000001eac6312de0, 0x000001eac589eb70,
0x000001ea7fbdf4a0, 0x000001ea7fbe03d0, 0x000001ea7fbe08e0, 0x000001ea7fbe1810,
0x000001eac870d040, 0x000001eac870a2b0, 0x000001eac870a7c0, 0x000001eac8709380,
0x000001eac870c620, 0x000001eac870b6f0, 0x000001eac870d550, 0x000001eac8709da0,
0x000001eac8709890, 0x000001eac870bc00, 0x000001eac870da60, 0x000001eac6cb2810,
0x000001eac5a27cd0, 0x000001eac5a272b0, 0x000001eac5a24a30, 0x000001eac5a25e70,
0x000001eac5a23b00, 0x000001eac5a25450, 0x000001eac5a26890, 0x000001eac5a26da0,
0x000001eac5a226c0, 0x000001eac5a20d70, 0x000001eac5a20860, 0x000001eac5a24f40,
0x000001eac5a277c0, 0x000001eac5a281e0, 0x000001eac5a21280, 0x000001eac5a21790,
0x000001eac5a230e0, 0x000001eac5a235f0, 0x000001eac5a25960, 0x000001eac5a21ca0,
0x000001eac5a24010, 0x000001eac5a221b0, 0x000001eac5a24520, 0x000001eac6cb5090,
0x000001eac6cb55a0, 0x000001eac6cb3740, 0x000001eac6cb2d20, 0x000001eac6cb4670,
0x000001eac6cb5fc0, 0x000001eac6cb4b80, 0x000001eac6cb64d0, 0x000001eac6cb69e0,
0x000001eac6cb2300, 0x000001eac6cb6ef0, 0x000001eac6cb8330, 0x000001eac6cb7400,
0x000001eac6cb7e20, 0x000001eac6cb9c80, 0x000001eac6cb8840, 0x000001eac6cb9770,
0x000001eac6cb8d50, 0x000001eac6cb9260, 0x000001eac9241f50, 0x000001eac9243390,
0x000001eac923f1c0, 0x000001eac9241a40, 0x000001eac9243db0, 0x000001eac92447d0,
0x000001eac923f6d0, 0x000001eac9242970, 0x000001eac9241020, 0x000001eac923fbe0,
0x000001eac92442c0, 0x000001eac923dd80, 0x000001eac9240600, 0x000001eac9240b10,
0x000001eac9242460, 0x000001eac9241530, 0x000001eac9242e80, 0x000001eaca46e650
}

Java Threads: ( => current thread )
  0x000001ea53c82520 JavaThread "main" [_thread_blocked, id=17040, stack(0x0000001f34100000,0x0000001f34200000)]
  0x000001ea7ef13d10 JavaThread "Reference Handler" daemon [_thread_blocked, id=13532, stack(0x0000001f34800000,0x0000001f34900000)]
  0x000001ea7ef14aa0 JavaThread "Finalizer" daemon [_thread_blocked, id=2312, stack(0x0000001f34900000,0x0000001f34a00000)]
  0x000001ea7ef2b260 JavaThread "Signal Dispatcher" daemon [_thread_blocked, id=16284, stack(0x0000001f34a00000,0x0000001f34b00000)]
  0x000001ea7ef2bc30 JavaThread "Attach Listener" daemon [_thread_blocked, id=8788, stack(0x0000001f34b00000,0x0000001f34c00000)]
  0x000001ea7ef2d510 JavaThread "Service Thread" daemon [_thread_blocked, id=9288, stack(0x0000001f34c00000,0x0000001f34d00000)]
  0x000001ea7ef2fdf0 JavaThread "Monitor Deflation Thread" daemon [_thread_blocked, id=16692, stack(0x0000001f34d00000,0x0000001f34e00000)]
  0x000001ea7ef30cb0 JavaThread "C2 CompilerThread0" daemon [_thread_in_native, id=7840, stack(0x0000001f34e00000,0x0000001f34f00000)]
  0x000001ea7ef31670 JavaThread "C1 CompilerThread0" daemon [_thread_blocked, id=18300, stack(0x0000001f34f00000,0x0000001f35000000)]
  0x000001ea7ef35fa0 JavaThread "Sweeper thread" daemon [_thread_blocked, id=16280, stack(0x0000001f35000000,0x0000001f35100000)]
  0x000001ea7ef004c0 JavaThread "Common-Cleaner" daemon [_thread_blocked, id=3244, stack(0x0000001f35100000,0x0000001f35200000)]
  0x000001ea7fb21a60 JavaThread "Notification Thread" daemon [_thread_blocked, id=17880, stack(0x0000001f35200000,0x0000001f35300000)]
  0x000001eac5b50020 JavaThread "Daemon health stats" [_thread_blocked, id=9276, stack(0x0000001f35800000,0x0000001f35900000)]
  0x000001eac5a645e0 JavaThread "Incoming local TCP Connector on port 58482" [_thread_in_native, id=18480, stack(0x0000001f35900000,0x0000001f35a00000)]
  0x000001eac6312de0 JavaThread "Daemon periodic checks" [_thread_blocked, id=9656, stack(0x0000001f35a00000,0x0000001f35b00000)]
  0x000001eac589eb70 JavaThread "Daemon" [_thread_blocked, id=15708, stack(0x0000001f35b00000,0x0000001f35c00000)]
  0x000001ea7fbdf4a0 JavaThread "Daemon worker" [_thread_blocked, id=18080, stack(0x0000001f35e00000,0x0000001f35f00000)]
  0x000001ea7fbe03d0 JavaThread "Cache worker for journal cache (C:\Users\admin\.gradle\caches\journal-1)" [_thread_blocked, id=2408, stack(0x0000001f36200000,0x0000001f36300000)]
  0x000001ea7fbe08e0 JavaThread "File lock request listener" [_thread_in_native, id=18740, stack(0x0000001f36300000,0x0000001f36400000)]
  0x000001ea7fbe1810 JavaThread "Cache worker for file hash cache (C:\Users\admin\.gradle\caches\8.14\fileHashes)" [_thread_blocked, id=2096, stack(0x0000001f36400000,0x0000001f36500000)]
  0x000001eac870d040 JavaThread "File watcher server" daemon [_thread_in_native, id=17684, stack(0x0000001f36d00000,0x0000001f36e00000)]
  0x000001eac870a2b0 JavaThread "File watcher consumer" daemon [_thread_blocked, id=3352, stack(0x0000001f36900000,0x0000001f36a00000)]
  0x000001eac870a7c0 JavaThread "jar transforms" [_thread_blocked, id=14568, stack(0x0000001f36e00000,0x0000001f36f00000)]
  0x000001eac8709380 JavaThread "jar transforms Thread 2" [_thread_blocked, id=17212, stack(0x0000001f36f00000,0x0000001f37000000)]
  0x000001eac870c620 JavaThread "jar transforms Thread 3" [_thread_blocked, id=17824, stack(0x0000001f37000000,0x0000001f37100000)]
  0x000001eac870b6f0 JavaThread "jar transforms Thread 4" [_thread_blocked, id=14492, stack(0x0000001f37100000,0x0000001f37200000)]
  0x000001eac870d550 JavaThread "jar transforms Thread 5" [_thread_blocked, id=17468, stack(0x0000001f37200000,0x0000001f37300000)]
  0x000001eac8709da0 JavaThread "Cache worker for file content cache (C:\Users\admin\.gradle\caches\8.14\fileContent)" [_thread_blocked, id=17128, stack(0x0000001f37500000,0x0000001f37600000)]
  0x000001eac8709890 JavaThread "jar transforms Thread 6" [_thread_blocked, id=14440, stack(0x0000001f37800000,0x0000001f37900000)]
  0x000001eac870bc00 JavaThread "jar transforms Thread 7" [_thread_blocked, id=10916, stack(0x0000001f37900000,0x0000001f37a00000)]
  0x000001eac870da60 JavaThread "jar transforms Thread 8" [_thread_blocked, id=15928, stack(0x0000001f37a00000,0x0000001f37b00000)]
  0x000001eac6cb2810 JavaThread "Memory manager" [_thread_blocked, id=1712, stack(0x0000001f39400000,0x0000001f39500000)]
  0x000001eac5a27cd0 JavaThread "Handler for socket connection from /127.0.0.1:58482 to /127.0.0.1:62841" [_thread_in_native, id=15624, stack(0x0000001f33e00000,0x0000001f33f00000)]
  0x000001eac5a272b0 JavaThread "Cancel handler" [_thread_blocked, id=9952, stack(0x0000001f34000000,0x0000001f34100000)]
  0x000001eac5a24a30 JavaThread "Asynchronous log dispatcher for DefaultDaemonConnection: socket connection from /127.0.0.1:58482 to /127.0.0.1:62841" [_thread_blocked, id=7572, stack(0x0000001f35c00000,0x0000001f35d00000)]
  0x000001eac5a25e70 JavaThread "Stdin handler" [_thread_blocked, id=17316, stack(0x0000001f35d00000,0x0000001f35e00000)]
  0x000001eac5a23b00 JavaThread "Daemon client event forwarder" [_thread_blocked, id=16092, stack(0x0000001f35f00000,0x0000001f36000000)]
  0x000001eac5a25450 JavaThread "Cache worker for file hash cache (C:\Users\admin\Downloads\livreurs-pro\flutter\flutter\examples\flutter_view\android\.gradle\8.14\fileHashes)" [_thread_blocked, id=19224, stack(0x0000001f36000000,0x0000001f36100000)]
  0x000001eac5a26890 JavaThread "Cache worker for Build Output Cleanup Cache (C:\Users\admin\Downloads\livreurs-pro\flutter\flutter\examples\flutter_view\android\.gradle\buildOutputCleanup)" [_thread_blocked, id=6460, stack(0x0000001f36100000,0x0000001f36200000)]
  0x000001eac5a26da0 JavaThread "Cache worker for checksums cache (C:\Users\admin\Downloads\livreurs-pro\flutter\flutter\examples\flutter_view\android\.gradle\8.14\checksums)" [_thread_blocked, id=15312, stack(0x0000001f37300000,0x0000001f37400000)]
  0x000001eac5a226c0 JavaThread "Cache worker for cache directory md-supplier (C:\Users\admin\.gradle\caches\8.14\md-supplier)" [_thread_blocked, id=3996, stack(0x0000001f37400000,0x0000001f37500000)]
  0x000001eac5a20d70 JavaThread "Cache worker for cache directory md-rule (C:\Users\admin\.gradle\caches\8.14\md-rule)" [_thread_blocked, id=16604, stack(0x0000001f37b00000,0x0000001f37c00000)]
  0x000001eac5a20860 JavaThread "Cache worker for Build Output Cleanup Cache (C:\flutter\packages\flutter_tools\gradle\.gradle\buildOutputCleanup)" [_thread_blocked, id=8936, stack(0x0000001f37c00000,0x0000001f37d00000)]
  0x000001eac5a24f40 JavaThread "Unconstrained build operations" [_thread_blocked, id=3984, stack(0x0000001f37d00000,0x0000001f37e00000)]
  0x000001eac5a277c0 JavaThread "Unconstrained build operations Thread 2" [_thread_blocked, id=18212, stack(0x0000001f37e00000,0x0000001f37f00000)]
  0x000001eac5a281e0 JavaThread "Unconstrained build operations Thread 3" [_thread_blocked, id=16800, stack(0x0000001f37f00000,0x0000001f38000000)]
  0x000001eac5a21280 JavaThread "Unconstrained build operations Thread 4" [_thread_blocked, id=16904, stack(0x0000001f38000000,0x0000001f38100000)]
  0x000001eac5a21790 JavaThread "Unconstrained build operations Thread 5" [_thread_blocked, id=3184, stack(0x0000001f38100000,0x0000001f38200000)]
  0x000001eac5a230e0 JavaThread "Unconstrained build operations Thread 6" [_thread_blocked, id=9480, stack(0x0000001f38200000,0x0000001f38300000)]
  0x000001eac5a235f0 JavaThread "Unconstrained build operations Thread 7" [_thread_blocked, id=18852, stack(0x0000001f38300000,0x0000001f38400000)]
  0x000001eac5a25960 JavaThread "Unconstrained build operations Thread 8" [_thread_blocked, id=10852, stack(0x0000001f38400000,0x0000001f38500000)]
  0x000001eac5a21ca0 JavaThread "Unconstrained build operations Thread 9" [_thread_blocked, id=2664, stack(0x0000001f38500000,0x0000001f38600000)]
  0x000001eac5a24010 JavaThread "Unconstrained build operations Thread 10" [_thread_blocked, id=10312, stack(0x0000001f38600000,0x0000001f38700000)]
  0x000001eac5a221b0 JavaThread "Unconstrained build operations Thread 11" [_thread_blocked, id=7932, stack(0x0000001f38700000,0x0000001f38800000)]
  0x000001eac5a24520 JavaThread "Unconstrained build operations Thread 12" [_thread_blocked, id=6248, stack(0x0000001f38800000,0x0000001f38900000)]
  0x000001eac6cb5090 JavaThread "Unconstrained build operations Thread 13" [_thread_blocked, id=2428, stack(0x0000001f38900000,0x0000001f38a00000)]
  0x000001eac6cb55a0 JavaThread "Unconstrained build operations Thread 14" [_thread_blocked, id=18056, stack(0x0000001f38a00000,0x0000001f38b00000)]
  0x000001eac6cb3740 JavaThread "build event listener" [_thread_blocked, id=16936, stack(0x0000001f38d00000,0x0000001f38e00000)]
  0x000001eac6cb2d20 JavaThread "File lock release action executor Thread 2" [_thread_blocked, id=16488, stack(0x0000001f33f00000,0x0000001f34000000)]
  0x000001eac6cb4670 JavaThread "included builds" [_thread_blocked, id=17500, stack(0x0000001f36500000,0x0000001f36600000)]
  0x000001eac6cb5fc0 JavaThread "Execution worker" [_thread_blocked, id=19140, stack(0x0000001f36a00000,0x0000001f36b00000)]
  0x000001eac6cb4b80 JavaThread "Execution worker Thread 2" [_thread_blocked, id=15916, stack(0x0000001f36b00000,0x0000001f36c00000)]
  0x000001eac6cb64d0 JavaThread "Execution worker Thread 3" [_thread_blocked, id=19088, stack(0x0000001f38b00000,0x0000001f38c00000)]
  0x000001eac6cb69e0 JavaThread "Execution worker Thread 4" [_thread_blocked, id=16340, stack(0x0000001f38e00000,0x0000001f38f00000)]
  0x000001eac6cb2300 JavaThread "Execution worker Thread 5" [_thread_blocked, id=1148, stack(0x0000001f38f00000,0x0000001f39000000)]
  0x000001eac6cb6ef0 JavaThread "Execution worker Thread 6" [_thread_blocked, id=13636, stack(0x0000001f39000000,0x0000001f39100000)]
  0x000001eac6cb8330 JavaThread "Execution worker Thread 7" [_thread_blocked, id=1720, stack(0x0000001f39100000,0x0000001f39200000)]
  0x000001eac6cb7400 JavaThread "Cache worker for execution history cache (C:\flutter\packages\flutter_tools\gradle\.gradle\8.14\executionHistory)" [_thread_blocked, id=14088, stack(0x0000001f39200000,0x0000001f39300000)]
  0x000001eac6cb7e20 JavaThread "Unconstrained build operations Thread 15" [_thread_blocked, id=18760, stack(0x0000001f39500000,0x0000001f39600000)]
  0x000001eac6cb9c80 JavaThread "Unconstrained build operations Thread 16" [_thread_blocked, id=17376, stack(0x0000001f39600000,0x0000001f39700000)]
  0x000001eac6cb8840 JavaThread "Unconstrained build operations Thread 17" [_thread_blocked, id=18348, stack(0x0000001f39700000,0x0000001f39800000)]
  0x000001eac6cb9770 JavaThread "Unconstrained build operations Thread 18" [_thread_blocked, id=1652, stack(0x0000001f39800000,0x0000001f39900000)]
  0x000001eac6cb8d50 JavaThread "Unconstrained build operations Thread 19" [_thread_blocked, id=13760, stack(0x0000001f39900000,0x0000001f39a00000)]
  0x000001eac6cb9260 JavaThread "Unconstrained build operations Thread 20" [_thread_blocked, id=18004, stack(0x0000001f39a00000,0x0000001f39b00000)]
  0x000001eac9241f50 JavaThread "Unconstrained build operations Thread 21" [_thread_blocked, id=6776, stack(0x0000001f39b00000,0x0000001f39c00000)]
  0x000001eac9243390 JavaThread "Unconstrained build operations Thread 22" [_thread_blocked, id=14816, stack(0x0000001f39c00000,0x0000001f39d00000)]
  0x000001eac923f1c0 JavaThread "Unconstrained build operations Thread 23" [_thread_blocked, id=8284, stack(0x0000001f39d00000,0x0000001f39e00000)]
  0x000001eac9241a40 JavaThread "Unconstrained build operations Thread 24" [_thread_blocked, id=18524, stack(0x0000001f39e00000,0x0000001f39f00000)]
  0x000001eac9243db0 JavaThread "Unconstrained build operations Thread 25" [_thread_blocked, id=16024, stack(0x0000001f39f00000,0x0000001f3a000000)]
  0x000001eac92447d0 JavaThread "Unconstrained build operations Thread 26" [_thread_blocked, id=11604, stack(0x0000001f3a000000,0x0000001f3a100000)]
  0x000001eac923f6d0 JavaThread "Unconstrained build operations Thread 27" [_thread_blocked, id=16352, stack(0x0000001f3a100000,0x0000001f3a200000)]
  0x000001eac9242970 JavaThread "Unconstrained build operations Thread 28" [_thread_blocked, id=19392, stack(0x0000001f3a200000,0x0000001f3a300000)]
  0x000001eac9241020 JavaThread "Unconstrained build operations Thread 29" [_thread_blocked, id=3224, stack(0x0000001f3a300000,0x0000001f3a400000)]
  0x000001eac923fbe0 JavaThread "Unconstrained build operations Thread 30" [_thread_blocked, id=4204, stack(0x0000001f3a400000,0x0000001f3a500000)]
  0x000001eac92442c0 JavaThread "WorkerExecutor Queue" [_thread_in_native, id=17272, stack(0x0000001f3a500000,0x0000001f3a600000)]
  0x000001eac923dd80 JavaThread "RMI Scheduler(0)" daemon [_thread_blocked, id=16244, stack(0x0000001f39300000,0x0000001f39400000)]
  0x000001eac9240600 JavaThread "RMI RenewClean-[127.0.0.1:17381,org.jetbrains.kotlin.daemon.common.LoopbackNetworkInterface$ClientLoopbackSocketFactory@3c1d4812]" daemon [_thread_blocked, id=7676, stack(0x0000001f3a600000,0x0000001f3a700000)]
  0x000001eac9240b10 JavaThread "RMI GC Daemon" daemon [_thread_blocked, id=1524, stack(0x0000001f3a700000,0x0000001f3a800000)]
  0x000001eac9242460 JavaThread "RMI TCP Accept-0" daemon [_thread_in_native, id=15292, stack(0x0000001f3a900000,0x0000001f3aa00000)]
  0x000001eac9241530 JavaThread "RMI Reaper" [_thread_blocked, id=15464, stack(0x0000001f3aa00000,0x0000001f3ab00000)]
  0x000001eac9242e80 JavaThread "RMI TCP Connection(idle)" daemon [_thread_blocked, id=6484, stack(0x0000001f3ab00000,0x0000001f3ac00000)]
=>0x000001eaca46e650 JavaThread "C2 CompilerThread1" daemon [_thread_in_native, id=17696, stack(0x0000001f3a800000,0x0000001f3a900000)]

Other Threads:
  0x000001ea7ef10430 VMThread "VM Thread" [stack: 0x0000001f34700000,0x0000001f34800000] [id=7424]
  0x000001ea7fb21f40 WatcherThread [stack: 0x0000001f35300000,0x0000001f35400000] [id=908]
  0x000001ea7ed51110 GCTaskThread "GC Thread#0" [stack: 0x0000001f34200000,0x0000001f34300000] [id=18304]
  0x000001ea7fbc7de0 GCTaskThread "GC Thread#1" [stack: 0x0000001f35400000,0x0000001f35500000] [id=18364]
  0x000001ea7fbc80a0 GCTaskThread "GC Thread#2" [stack: 0x0000001f35500000,0x0000001f35600000] [id=9548]
  0x000001eac57cfc70 GCTaskThread "GC Thread#3" [stack: 0x0000001f35600000,0x0000001f35700000] [id=14412]
  0x000001eac506bed0 GCTaskThread "GC Thread#4" [stack: 0x0000001f35700000,0x0000001f35800000] [id=16596]
  0x000001eac6708700 GCTaskThread "GC Thread#5" [stack: 0x0000001f36600000,0x0000001f36700000] [id=4604]
  0x000001eac6ba53f0 GCTaskThread "GC Thread#6" [stack: 0x0000001f36700000,0x0000001f36800000] [id=6992]
  0x000001ea7f9f8870 GCTaskThread "GC Thread#7" [stack: 0x0000001f36800000,0x0000001f36900000] [id=7220]
  0x000001ea7ed61e70 ConcurrentGCThread "G1 Main Marker" [stack: 0x0000001f34300000,0x0000001f34400000] [id=3516]
  0x000001ea7ed626a0 ConcurrentGCThread "G1 Conc#0" [stack: 0x0000001f34400000,0x0000001f34500000] [id=15436]
  0x000001eac65859a0 ConcurrentGCThread "G1 Conc#1" [stack: 0x0000001f36c00000,0x0000001f36d00000] [id=17936]
  0x000001ea7edcb120 ConcurrentGCThread "G1 Refine#0" [stack: 0x0000001f34500000,0x0000001f34600000] [id=1384]
  0x000001eac96deec0 ConcurrentGCThread "G1 Refine#1" [stack: 0x0000001f37600000,0x0000001f37700000] [id=3732]
  0x000001eac96df4a0 ConcurrentGCThread "G1 Refine#2" [stack: 0x0000001f37700000,0x0000001f37800000] [id=6240]
  0x000001ea7edcba60 ConcurrentGCThread "G1 Service" [stack: 0x0000001f34600000,0x0000001f34700000] [id=17024]

Threads with active compile tasks:
C2 CompilerThread0  200404 15826       4       sun.nio.fs.WindowsPathParser::normalize (233 bytes)
C2 CompilerThread1  200404 15810   !   4       org.gradle.internal.event.AbstractBroadcastDispatch::dispatch (74 bytes)

VM state: not at safepoint (normal execution)

VM Mutex/Monitor currently owned by a thread: None

Heap address: 0x0000000600000000, size: 8192 MB, Compressed Oops mode: Zero based, Oop shift amount: 3

CDS archive(s) mapped at: [0x000001ea80000000-0x000001ea80bb0000-0x000001ea80bb0000), size 12255232, SharedBaseAddress: 0x000001ea80000000, ArchiveRelocationMode: 1.
Compressed class space mapped at: 0x000001ea81000000-0x000001eac1000000, reserved size: 1073741824
Narrow klass base: 0x000001ea80000000, Narrow klass shift: 0, Narrow klass range: 0x100000000

GC Precious Log:
 CPUs: 8 total, 8 available
 Memory: 8070M
 Large Page Support: Disabled
 NUMA Support: Disabled
 Compressed Oops: Enabled (Zero based)
 Heap Region Size: 4M
 Heap Min Capacity: 8M
 Heap Initial Capacity: 128M
 Heap Max Capacity: 8G
 Pre-touch: Disabled
 Parallel Workers: 8
 Concurrent Workers: 2
 Concurrent Refinement Workers: 8
 Periodic GC: Disabled

Heap:
 garbage-first heap   total 225280K, used 174767K [0x0000000600000000, 0x0000000800000000)
  region size 4096K, 10 young (40960K), 1 survivors (4096K)
 Metaspace       used 116014K, committed 117248K, reserved 1179648K
  class space    used 16175K, committed 16768K, reserved 1048576K

Heap Regions: E=young(eden), S=young(survivor), O=old, HS=humongous(starts), HC=humongous(continues), CS=collection set, F=free, OA=open archive, CA=closed archive, TAMS=top-at-mark-start (previous, next)
|   0|0x0000000600000000, 0x0000000600400000, 0x0000000600400000|100%|HS|  |TAMS 0x0000000600400000, 0x0000000600000000| Complete 
|   1|0x0000000600400000, 0x0000000600800000, 0x0000000600800000|100%| O|  |TAMS 0x0000000600800000, 0x0000000600400000| Untracked 
|   2|0x0000000600800000, 0x0000000600c00000, 0x0000000600c00000|100%| O|  |TAMS 0x0000000600c00000, 0x0000000600800000| Untracked 
|   3|0x0000000600c00000, 0x0000000600fd1e00, 0x0000000601000000| 95%| O|  |TAMS 0x0000000600fd1e00, 0x0000000600c00000| Untracked 
|   4|0x0000000601000000, 0x0000000601400000, 0x0000000601400000|100%| O|  |TAMS 0x0000000601400000, 0x0000000601000000| Untracked 
|   5|0x0000000601400000, 0x0000000601800000, 0x0000000601800000|100%| O|  |TAMS 0x0000000601800000, 0x0000000601400000| Untracked 
|   6|0x0000000601800000, 0x0000000601c00000, 0x0000000601c00000|100%|HS|  |TAMS 0x0000000601c00000, 0x0000000601800000| Complete 
|   7|0x0000000601c00000, 0x0000000602000000, 0x0000000602000000|100%| O|  |TAMS 0x0000000602000000, 0x0000000601c00000| Untracked 
|   8|0x0000000602000000, 0x0000000602400000, 0x0000000602400000|100%| O|  |TAMS 0x0000000602400000, 0x0000000602000000| Untracked 
|   9|0x0000000602400000, 0x0000000602800000, 0x0000000602800000|100%| O|  |TAMS 0x0000000602800000, 0x0000000602400000| Untracked 
|  10|0x0000000602800000, 0x0000000602c00000, 0x0000000602c00000|100%| O|  |TAMS 0x0000000602c00000, 0x0000000602800000| Untracked 
|  11|0x0000000602c00000, 0x0000000603000000, 0x0000000603000000|100%|HS|  |TAMS 0x0000000603000000, 0x0000000602c00000| Complete 
|  12|0x0000000603000000, 0x0000000603400000, 0x0000000603400000|100%| O|  |TAMS 0x0000000603400000, 0x0000000603000000| Untracked 
|  13|0x0000000603400000, 0x0000000603800000, 0x0000000603800000|100%| O|  |TAMS 0x0000000603800000, 0x0000000603400000| Untracked 
|  14|0x0000000603800000, 0x0000000603c00000, 0x0000000603c00000|100%| O|  |TAMS 0x0000000603c00000, 0x0000000603800000| Untracked 
|  15|0x0000000603c00000, 0x0000000604000000, 0x0000000604000000|100%| O|  |TAMS 0x0000000604000000, 0x0000000603c00000| Untracked 
|  16|0x0000000604000000, 0x0000000604400000, 0x0000000604400000|100%| O|  |TAMS 0x0000000604400000, 0x0000000604000000| Untracked 
|  17|0x0000000604400000, 0x0000000604800000, 0x0000000604800000|100%| O|  |TAMS 0x0000000604800000, 0x0000000604400000| Untracked 
|  18|0x0000000604800000, 0x0000000604c00000, 0x0000000604c00000|100%| O|  |TAMS 0x0000000604c00000, 0x0000000604800000| Untracked 
|  19|0x0000000604c00000, 0x0000000605000000, 0x0000000605000000|100%| O|  |TAMS 0x0000000604c00000, 0x0000000604c00000| Untracked 
|  20|0x0000000605000000, 0x0000000605400000, 0x0000000605400000|100%| O|  |TAMS 0x0000000605400000, 0x0000000605000000| Untracked 
|  21|0x0000000605400000, 0x0000000605800000, 0x0000000605800000|100%| O|  |TAMS 0x0000000605800000, 0x0000000605400000| Untracked 
|  22|0x0000000605800000, 0x0000000605c00000, 0x0000000605c00000|100%| O|  |TAMS 0x0000000605800000, 0x0000000605800000| Untracked 
|  23|0x0000000605c00000, 0x0000000606000000, 0x0000000606000000|100%| O|  |TAMS 0x0000000606000000, 0x0000000605c00000| Untracked 
|  24|0x0000000606000000, 0x0000000606400000, 0x0000000606400000|100%| O|  |TAMS 0x0000000606400000, 0x0000000606000000| Untracked 
|  25|0x0000000606400000, 0x0000000606800000, 0x0000000606800000|100%| O|  |TAMS 0x0000000606800000, 0x0000000606400000| Untracked 
|  26|0x0000000606800000, 0x0000000606c00000, 0x0000000606c00000|100%| O|  |TAMS 0x0000000606c00000, 0x0000000606800000| Untracked 
|  27|0x0000000606c00000, 0x0000000607000000, 0x0000000607000000|100%| O|  |TAMS 0x0000000607000000, 0x0000000606c00000| Untracked 
|  28|0x0000000607000000, 0x0000000607400000, 0x0000000607400000|100%| O|  |TAMS 0x0000000607400000, 0x0000000607000000| Untracked 
|  29|0x0000000607400000, 0x0000000607800000, 0x0000000607800000|100%| O|  |TAMS 0x0000000607800000, 0x0000000607400000| Untracked 
|  30|0x0000000607800000, 0x0000000607c00000, 0x0000000607c00000|100%| O|  |TAMS 0x0000000607a0b600, 0x0000000607800000| Untracked 
|  31|0x0000000607c00000, 0x0000000608000000, 0x0000000608000000|100%| O|  |TAMS 0x0000000607c00000, 0x0000000607c00000| Untracked 
|  32|0x0000000608000000, 0x0000000608400000, 0x0000000608400000|100%| O|  |TAMS 0x0000000608000000, 0x0000000608000000| Untracked 
|  33|0x0000000608400000, 0x0000000608800000, 0x0000000608800000|100%| O|  |TAMS 0x0000000608400000, 0x0000000608400000| Untracked 
|  34|0x0000000608800000, 0x0000000608c00000, 0x0000000608c00000|100%| O|  |TAMS 0x0000000608800000, 0x0000000608800000| Untracked 
|  35|0x0000000608c00000, 0x0000000608c27c00, 0x0000000609000000|  3%| O|  |TAMS 0x0000000608c00000, 0x0000000608c00000| Untracked 
|  36|0x0000000609000000, 0x0000000609000000, 0x0000000609400000|  0%| F|  |TAMS 0x0000000609000000, 0x0000000609000000| Untracked 
|  37|0x0000000609400000, 0x0000000609400000, 0x0000000609800000|  0%| F|  |TAMS 0x0000000609400000, 0x0000000609400000| Untracked 
|  38|0x0000000609800000, 0x0000000609800000, 0x0000000609c00000|  0%| F|  |TAMS 0x0000000609800000, 0x0000000609800000| Untracked 
|  39|0x0000000609c00000, 0x0000000609c00000, 0x000000060a000000|  0%| F|  |TAMS 0x0000000609c00000, 0x0000000609c00000| Untracked 
|  40|0x000000060a000000, 0x000000060a000000, 0x000000060a400000|  0%| F|  |TAMS 0x000000060a000000, 0x000000060a000000| Untracked 
|  41|0x000000060a400000, 0x000000060a400000, 0x000000060a800000|  0%| F|  |TAMS 0x000000060a400000, 0x000000060a400000| Untracked 
|  42|0x000000060a800000, 0x000000060a800000, 0x000000060ac00000|  0%| F|  |TAMS 0x000000060a800000, 0x000000060a800000| Untracked 
|  43|0x000000060ac00000, 0x000000060ac00000, 0x000000060b000000|  0%| F|  |TAMS 0x000000060ac00000, 0x000000060ac00000| Untracked 
|  44|0x000000060b000000, 0x000000060b2b2300, 0x000000060b400000| 67%| S|CS|TAMS 0x000000060b000000, 0x000000060b000000| Complete 
|  45|0x000000060b400000, 0x000000060b400000, 0x000000060b800000|  0%| F|  |TAMS 0x000000060b400000, 0x000000060b400000| Untracked 
|  46|0x000000060b800000, 0x000000060bbdd3f0, 0x000000060bc00000| 96%| E|  |TAMS 0x000000060b800000, 0x000000060b800000| Complete 
|  47|0x000000060bc00000, 0x000000060c000000, 0x000000060c000000|100%| E|  |TAMS 0x000000060bc00000, 0x000000060bc00000| Complete 
|  48|0x000000060c000000, 0x000000060c400000, 0x000000060c400000|100%| E|CS|TAMS 0x000000060c000000, 0x000000060c000000| Complete 
|  49|0x000000060c400000, 0x000000060c800000, 0x000000060c800000|100%| E|CS|TAMS 0x000000060c400000, 0x000000060c400000| Complete 
|  50|0x000000060c800000, 0x000000060cc00000, 0x000000060cc00000|100%| E|CS|TAMS 0x000000060c800000, 0x000000060c800000| Complete 
|  51|0x000000060cc00000, 0x000000060d000000, 0x000000060d000000|100%| E|CS|TAMS 0x000000060cc00000, 0x000000060cc00000| Complete 
|  52|0x000000060d000000, 0x000000060d400000, 0x000000060d400000|100%| E|CS|TAMS 0x000000060d000000, 0x000000060d000000| Complete 
|  53|0x000000060d400000, 0x000000060d800000, 0x000000060d800000|100%| E|CS|TAMS 0x000000060d400000, 0x000000060d400000| Complete 
|  54|0x000000060d800000, 0x000000060dc00000, 0x000000060dc00000|100%| E|CS|TAMS 0x000000060d800000, 0x000000060d800000| Complete 

Card table byte_map: [0x000001ea7cd50000,0x000001ea7dd50000] _byte_map_base: 0x000001ea79d50000

Marking Bits (Prev, Next): (CMBitMap*) 0x000001ea7ed51580, (CMBitMap*) 0x000001ea7ed51540
 Prev Bits: [0x000001ea08000000, 0x000001ea10000000)
 Next Bits: [0x000001ea00000000, 0x000001ea08000000)

Polling page: 0x000001ea51c70000

Metaspace:

Usage:
  Non-class:     97.50 MB used.
      Class:     15.80 MB used.
       Both:    113.30 MB used.

Virtual space:
  Non-class space:      128.00 MB reserved,      98.12 MB ( 77%) committed,  2 nodes.
      Class space:        1.00 GB reserved,      16.38 MB (  2%) committed,  1 nodes.
             Both:        1.12 GB reserved,     114.50 MB ( 10%) committed. 

Chunk freelists:
   Non-Class:  13.77 MB
       Class:  15.66 MB
        Both:  29.42 MB

MaxMetaspaceSize: 4.00 GB
CompressedClassSpaceSize: 1.00 GB
Initial GC threshold: 21.00 MB
Current GC threshold: 166.38 MB
CDS: on
MetaspaceReclaimPolicy: balanced
 - commit_granule_bytes: 65536.
 - commit_granule_words: 8192.
 - virtual_space_node_default_size: 8388608.
 - enlarge_chunks_in_place: 1.
 - new_chunks_are_fully_committed: 0.
 - uncommit_free_chunks: 1.
 - use_allocation_guard: 0.
 - handle_deallocations: 1.


Internal statistics:

num_allocs_failed_limit: 6.
num_arena_births: 1822.
num_arena_deaths: 0.
num_vsnodes_births: 3.
num_vsnodes_deaths: 0.
num_space_committed: 1832.
num_space_uncommitted: 0.
num_chunks_returned_to_freelist: 6.
num_chunks_taken_from_freelist: 7227.
num_chunk_merges: 6.
num_chunk_splits: 4546.
num_chunks_enlarged: 2772.
num_inconsistent_stats: 0.

CodeHeap 'non-profiled nmethods': size=259264Kb used=9266Kb max_used=9266Kb free=249997Kb
 bounds [0x000001ea6bad0000, 0x000001ea6c3e0000, 0x000001ea7b800000]
CodeHeap 'profiled nmethods': size=259264Kb used=27804Kb max_used=27804Kb free=231459Kb
 bounds [0x000001ea5b800000, 0x000001ea5d330000, 0x000001ea6b530000]
CodeHeap 'non-nmethods': size=5760Kb used=2490Kb max_used=2559Kb free=3269Kb
 bounds [0x000001ea6b530000, 0x000001ea6b7c0000, 0x000001ea6bad0000]
 total_blobs=14642 nmethods=13605 adapters=948
 compilation: enabled
              stopped_count=0, restarted_count=0
 full_count=0

Compilation events (20 events):
Event: 200.276 Thread 0x000001ea7ef31670 nmethod 15814 0x000001ea5d326190 code [0x000001ea5d326360, 0x000001ea5d326798]
Event: 200.276 Thread 0x000001ea7ef31670 15815       3       kotlin.text.StringsKt__StringsKt$rangesDelimitedBy$2::invoke (62 bytes)
Event: 200.277 Thread 0x000001ea7ef30cb0 15817       4       org.gradle.internal.logging.text.AbstractLineChoppingStyledTextOutput$1::execute (9 bytes)
Event: 200.277 Thread 0x000001ea7ef31670 nmethod 15815 0x000001ea5d326890 code [0x000001ea5d326b40, 0x000001ea5d3279c8]
Event: 200.277 Thread 0x000001ea7ef31670 15816       3       kotlin.ranges.RangesKt___RangesKt::until (26 bytes)
Event: 200.278 Thread 0x000001ea7ef31670 nmethod 15816 0x000001ea5d327e90 code [0x000001ea5d328060, 0x000001ea5d328388]
Event: 200.296 Thread 0x000001ea7ef30cb0 nmethod 15817 0x000001ea6c3d7c90 code [0x000001ea6c3d7e80, 0x000001ea6c3d8748]
Event: 200.296 Thread 0x000001ea7ef30cb0 15818       4       java.lang.String::equals (56 bytes)
Event: 200.297 Thread 0x000001ea7ef30cb0 nmethod 15818 0x000001ea6c3d8e10 code [0x000001ea6c3d8fa0, 0x000001ea6c3d9158]
Event: 200.297 Thread 0x000001ea7ef30cb0 15819       4       org.gradle.internal.logging.text.AbstractLineChoppingStyledTextOutput$1::execute (140 bytes)
Event: 200.308 Thread 0x000001ea7ef31670 15823       1       kotlin.io.FileTreeWalk$WalkState::getRoot (5 bytes)
Event: 200.308 Thread 0x000001ea7ef31670 nmethod 15823 0x000001ea6c3d9210 code [0x000001ea6c3d93a0, 0x000001ea6c3d9478]
Event: 200.316 Thread 0x000001ea7ef30cb0 nmethod 15819 0x000001ea6c3d9510 code [0x000001ea6c3d96e0, 0x000001ea6c3d9f88]
Event: 200.316 Thread 0x000001ea7ef30cb0 15820       4       org.gradle.internal.logging.text.AbstractLineChoppingStyledTextOutput$2::execute (77 bytes)
Event: 200.331 Thread 0x000001ea7ef30cb0 nmethod 15820 0x000001ea6c3da610 code [0x000001ea6c3da7e0, 0x000001ea6c3dae68]
Event: 200.331 Thread 0x000001ea7ef30cb0 15824       4       sun.nio.fs.WindowsPathParser::isSlash (18 bytes)
Event: 200.332 Thread 0x000001ea7ef30cb0 nmethod 15824 0x000001ea6c3db410 code [0x000001ea6c3db580, 0x000001ea6c3db5f8]
Event: 200.332 Thread 0x000001ea7ef30cb0 15821       4       java.nio.CharBuffer::position (6 bytes)
Event: 200.333 Thread 0x000001ea7ef30cb0 nmethod 15821 0x000001ea6c3db710 code [0x000001ea6c3db8a0, 0x000001ea6c3db978]
Event: 200.333 Thread 0x000001ea7ef30cb0 15825       4       java.util.concurrent.ArrayBlockingQueue::dequeue (75 bytes)

GC Heap History (20 events):
Event: 76.877 GC heap before
{Heap before GC invocations=54 (full 0):
 garbage-first heap   total 221184K, used 182446K [0x0000000600000000, 0x0000000800000000)
  region size 4096K, 16 young (65536K), 1 survivors (4096K)
 Metaspace       used 97595K, committed 98496K, reserved 1179648K
  class space    used 13691K, committed 14144K, reserved 1048576K
}
Event: 76.885 GC heap after
{Heap after GC invocations=55 (full 0):
 garbage-first heap   total 221184K, used 122930K [0x0000000600000000, 0x0000000800000000)
  region size 4096K, 2 young (8192K), 2 survivors (8192K)
 Metaspace       used 97595K, committed 98496K, reserved 1179648K
  class space    used 13691K, committed 14144K, reserved 1048576K
}
Event: 76.946 GC heap before
{Heap before GC invocations=55 (full 0):
 garbage-first heap   total 221184K, used 122930K [0x0000000600000000, 0x0000000800000000)
  region size 4096K, 3 young (12288K), 2 survivors (8192K)
 Metaspace       used 97770K, committed 98688K, reserved 1179648K
  class space    used 13713K, committed 14144K, reserved 1048576K
}
Event: 76.955 GC heap after
{Heap after GC invocations=56 (full 0):
 garbage-first heap   total 221184K, used 121450K [0x0000000600000000, 0x0000000800000000)
  region size 4096K, 1 young (4096K), 1 survivors (4096K)
 Metaspace       used 97770K, committed 98688K, reserved 1179648K
  class space    used 13713K, committed 14144K, reserved 1048576K
}
Event: 78.656 GC heap before
{Heap before GC invocations=56 (full 0):
 garbage-first heap   total 221184K, used 174698K [0x0000000600000000, 0x0000000800000000)
  region size 4096K, 15 young (61440K), 1 survivors (4096K)
 Metaspace       used 101044K, committed 102016K, reserved 1179648K
  class space    used 14175K, committed 14656K, reserved 1048576K
}
Event: 78.661 GC heap after
{Heap after GC invocations=57 (full 0):
 garbage-first heap   total 221184K, used 124208K [0x0000000600000000, 0x0000000800000000)
  region size 4096K, 1 young (4096K), 1 survivors (4096K)
 Metaspace       used 101044K, committed 102016K, reserved 1179648K
  class space    used 14175K, committed 14656K, reserved 1048576K
}
Event: 80.881 GC heap before
{Heap before GC invocations=58 (full 0):
 garbage-first heap   total 225280K, used 177456K [0x0000000600000000, 0x0000000800000000)
  region size 4096K, 15 young (61440K), 1 survivors (4096K)
 Metaspace       used 102634K, committed 103680K, reserved 1179648K
  class space    used 14405K, committed 14912K, reserved 1048576K
}
Event: 80.891 GC heap after
{Heap after GC invocations=59 (full 0):
 garbage-first heap   total 225280K, used 129698K [0x0000000600000000, 0x0000000800000000)
  region size 4096K, 2 young (8192K), 2 survivors (8192K)
 Metaspace       used 102634K, committed 103680K, reserved 1179648K
  class space    used 14405K, committed 14912K, reserved 1048576K
}
Event: 81.011 GC heap before
{Heap before GC invocations=59 (full 0):
 garbage-first heap   total 225280K, used 133794K [0x0000000600000000, 0x0000000800000000)
  region size 4096K, 3 young (12288K), 2 survivors (8192K)
 Metaspace       used 102796K, committed 103872K, reserved 1179648K
  class space    used 14431K, committed 14976K, reserved 1048576K
}
Event: 81.020 GC heap after
{Heap after GC invocations=60 (full 0):
 garbage-first heap   total 225280K, used 129750K [0x0000000600000000, 0x0000000800000000)
  region size 4096K, 1 young (4096K), 1 survivors (4096K)
 Metaspace       used 102796K, committed 103872K, reserved 1179648K
  class space    used 14431K, committed 14976K, reserved 1048576K
}
Event: 82.742 GC heap before
{Heap before GC invocations=60 (full 0):
 garbage-first heap   total 225280K, used 178902K [0x0000000600000000, 0x0000000800000000)
  region size 4096K, 14 young (57344K), 1 survivors (4096K)
 Metaspace       used 105152K, committed 106240K, reserved 1179648K
  class space    used 14735K, committed 15232K, reserved 1048576K
}
Event: 82.748 GC heap after
{Heap after GC invocations=61 (full 0):
 garbage-first heap   total 225280K, used 132328K [0x0000000600000000, 0x0000000800000000)
  region size 4096K, 1 young (4096K), 1 survivors (4096K)
 Metaspace       used 105152K, committed 106240K, reserved 1179648K
  class space    used 14735K, committed 15232K, reserved 1048576K
}
Event: 84.837 GC heap before
{Heap before GC invocations=61 (full 0):
 garbage-first heap   total 225280K, used 185576K [0x0000000600000000, 0x0000000800000000)
  region size 4096K, 14 young (57344K), 1 survivors (4096K)
 Metaspace       used 107407K, committed 108480K, reserved 1179648K
  class space    used 15042K, committed 15552K, reserved 1048576K
}
Event: 84.847 GC heap after
{Heap after GC invocations=62 (full 0):
 garbage-first heap   total 225280K, used 136778K [0x0000000600000000, 0x0000000800000000)
  region size 4096K, 2 young (8192K), 2 survivors (8192K)
 Metaspace       used 107407K, committed 108480K, reserved 1179648K
  class space    used 15042K, committed 15552K, reserved 1048576K
}
Event: 87.506 GC heap before
{Heap before GC invocations=62 (full 0):
 garbage-first heap   total 225280K, used 185930K [0x0000000600000000, 0x0000000800000000)
  region size 4096K, 14 young (57344K), 2 survivors (8192K)
 Metaspace       used 110960K, committed 112064K, reserved 1179648K
  class space    used 15512K, committed 16064K, reserved 1048576K
}
Event: 87.516 GC heap after
{Heap after GC invocations=63 (full 0):
 garbage-first heap   total 225280K, used 139385K [0x0000000600000000, 0x0000000800000000)
  region size 4096K, 1 young (4096K), 1 survivors (4096K)
 Metaspace       used 110960K, committed 112064K, reserved 1179648K
  class space    used 15512K, committed 16064K, reserved 1048576K
}
Event: 104.781 GC heap before
{Heap before GC invocations=63 (full 0):
 garbage-first heap   total 225280K, used 180345K [0x0000000600000000, 0x0000000800000000)
  region size 4096K, 12 young (49152K), 1 survivors (4096K)
 Metaspace       used 112163K, committed 113344K, reserved 1179648K
  class space    used 15679K, committed 16256K, reserved 1048576K
}
Event: 104.791 GC heap after
{Heap after GC invocations=64 (full 0):
 garbage-first heap   total 225280K, used 143766K [0x0000000600000000, 0x0000000800000000)
  region size 4096K, 2 young (8192K), 2 survivors (8192K)
 Metaspace       used 112163K, committed 113344K, reserved 1179648K
  class space    used 15679K, committed 16256K, reserved 1048576K
}
Event: 152.454 GC heap before
{Heap before GC invocations=64 (full 0):
 garbage-first heap   total 225280K, used 184726K [0x0000000600000000, 0x0000000800000000)
  region size 4096K, 12 young (49152K), 2 survivors (8192K)
 Metaspace       used 112482K, committed 113664K, reserved 1179648K
  class space    used 15718K, committed 16256K, reserved 1048576K
}
Event: 152.466 GC heap after
{Heap after GC invocations=65 (full 0):
 garbage-first heap   total 225280K, used 146095K [0x0000000600000000, 0x0000000800000000)
  region size 4096K, 1 young (4096K), 1 survivors (4096K)
 Metaspace       used 112482K, committed 113664K, reserved 1179648K
  class space    used 15718K, committed 16256K, reserved 1048576K
}

Dll operation events (16 events):
Event: 0.018 Loaded shared library C:\Program Files\Eclipse Adoptium\jdk-17.0.19.10-hotspot\bin\java.dll
Event: 0.076 Loaded shared library C:\Program Files\Eclipse Adoptium\jdk-17.0.19.10-hotspot\bin\jsvml.dll
Event: 0.286 Loaded shared library C:\Program Files\Eclipse Adoptium\jdk-17.0.19.10-hotspot\bin\zip.dll
Event: 0.290 Loaded shared library C:\Program Files\Eclipse Adoptium\jdk-17.0.19.10-hotspot\bin\instrument.dll
Event: 0.301 Loaded shared library C:\Program Files\Eclipse Adoptium\jdk-17.0.19.10-hotspot\bin\net.dll
Event: 0.305 Loaded shared library C:\Program Files\Eclipse Adoptium\jdk-17.0.19.10-hotspot\bin\nio.dll
Event: 0.311 Loaded shared library C:\Program Files\Eclipse Adoptium\jdk-17.0.19.10-hotspot\bin\zip.dll
Event: 0.832 Loaded shared library C:\Program Files\Eclipse Adoptium\jdk-17.0.19.10-hotspot\bin\jimage.dll
Event: 1.095 Loaded shared library C:\Program Files\Eclipse Adoptium\jdk-17.0.19.10-hotspot\bin\verify.dll
Event: 1.277 Loaded shared library C:\Users\admin\.gradle\native\1def1411415f61bf3af743bc5b6707747c0891f09f0c88961ee8f79bc544acac\windows-amd64\native-platform.dll
Event: 1.350 Loaded shared library C:\Users\admin\.gradle\native\0.2.7\x86_64-windows-gnu\gradle-fileevents.dll
Event: 5.750 Loaded shared library C:\Program Files\Eclipse Adoptium\jdk-17.0.19.10-hotspot\bin\management.dll
Event: 5.756 Loaded shared library C:\Program Files\Eclipse Adoptium\jdk-17.0.19.10-hotspot\bin\management_ext.dll
Event: 7.053 Loaded shared library C:\Program Files\Eclipse Adoptium\jdk-17.0.19.10-hotspot\bin\extnet.dll
Event: 8.276 Loaded shared library C:\Program Files\Eclipse Adoptium\jdk-17.0.19.10-hotspot\bin\sunmscapi.dll
Event: 160.337 Loaded shared library C:\Program Files\Eclipse Adoptium\jdk-17.0.19.10-hotspot\bin\rmi.dll

Deoptimization events (20 events):
Event: 200.268 Thread 0x000001eac92442c0 DEOPT PACKING pc=0x000001ea6c063038 sp=0x0000001f3a5fce70
Event: 200.268 Thread 0x000001eac92442c0 DEOPT UNPACKING pc=0x000001ea6b5869a3 sp=0x0000001f3a5fcd60 mode 2
Event: 200.270 Thread 0x000001eac92442c0 Uncommon trap: trap_request=0xffffffde fr.pc=0x000001ea6c35919c relative=0x000000000000039c
Event: 200.271 Thread 0x000001eac92442c0 Uncommon trap: reason=class_check action=maybe_recompile pc=0x000001ea6c35919c method=org.gradle.tooling.internal.provider.runner.ClientBuildEventGenerator.progress(Lorg/gradle/internal/operations/OperationIdentifier;Lorg/gradle/internal/operations/Operat
Event: 200.271 Thread 0x000001eac92442c0 DEOPT PACKING pc=0x000001ea6c35919c sp=0x0000001f3a5fd6b0
Event: 200.271 Thread 0x000001eac92442c0 DEOPT UNPACKING pc=0x000001ea6b5869a3 sp=0x0000001f3a5fd660 mode 2
Event: 200.280 Thread 0x000001eac92442c0 Uncommon trap: trap_request=0xffffffde fr.pc=0x000001ea6c35919c relative=0x000000000000039c
Event: 200.280 Thread 0x000001eac92442c0 Uncommon trap: reason=class_check action=maybe_recompile pc=0x000001ea6c35919c method=org.gradle.tooling.internal.provider.runner.ClientBuildEventGenerator.progress(Lorg/gradle/internal/operations/OperationIdentifier;Lorg/gradle/internal/operations/Operat
Event: 200.280 Thread 0x000001eac92442c0 DEOPT PACKING pc=0x000001ea6c35919c sp=0x0000001f3a5fd8d0
Event: 200.280 Thread 0x000001eac92442c0 DEOPT UNPACKING pc=0x000001ea6b5869a3 sp=0x0000001f3a5fd880 mode 2
Event: 200.323 Thread 0x000001eac870a2b0 DEOPT PACKING pc=0x000001ea5d2d348c sp=0x0000001f369fedf0
Event: 200.323 Thread 0x000001eac870a2b0 DEOPT UNPACKING pc=0x000001ea6b587143 sp=0x0000001f369fe370 mode 0
Event: 200.325 Thread 0x000001eac870a2b0 DEOPT PACKING pc=0x000001ea5d2d348c sp=0x0000001f369fedf0
Event: 200.325 Thread 0x000001eac870a2b0 DEOPT UNPACKING pc=0x000001ea6b587143 sp=0x0000001f369fe370 mode 0
Event: 200.339 Thread 0x000001eac5a24a30 Uncommon trap: trap_request=0xffffff45 fr.pc=0x000001ea6be78fd0 relative=0x0000000000000270
Event: 200.339 Thread 0x000001eac5a24a30 Uncommon trap: reason=unstable_if action=reinterpret pc=0x000001ea6be78fd0 method=com.esotericsoftware.kryo.io.Output.writeString(Ljava/lang/CharSequence;)V @ 50 c2
Event: 200.339 Thread 0x000001eac5a24a30 DEOPT PACKING pc=0x000001ea6be78fd0 sp=0x0000001f35cff090
Event: 200.339 Thread 0x000001eac5a24a30 DEOPT UNPACKING pc=0x000001ea6b5869a3 sp=0x0000001f35cff010 mode 2
Event: 200.345 Thread 0x000001eac870a2b0 DEOPT PACKING pc=0x000001ea5d2d348c sp=0x0000001f369fedf0
Event: 200.345 Thread 0x000001eac870a2b0 DEOPT UNPACKING pc=0x000001ea6b587143 sp=0x0000001f369fe370 mode 0

Classes loaded (20 events):
Event: 160.817 Loading class sun/rmi/server/LoaderHandler$Loader
Event: 160.818 Loading class sun/rmi/server/LoaderHandler$Loader done
Event: 160.823 Loading class java/rmi/server/ServerNotActiveException
Event: 160.823 Loading class java/rmi/server/ServerNotActiveException done
Event: 160.830 Loading class sun/rmi/transport/DGCAckHandler
Event: 160.831 Loading class sun/rmi/transport/DGCAckHandler done
Event: 160.836 Loading class sun/rmi/transport/DGCAckHandler$1
Event: 160.836 Loading class sun/rmi/transport/DGCAckHandler$1 done
Event: 160.838 Loading class sun/rmi/transport/tcp/TCPTransport$ConnectionHandler
Event: 160.838 Loading class sun/rmi/transport/tcp/TCPTransport$ConnectionHandler done
Event: 160.878 Loading class sun/rmi/transport/Transport$1
Event: 160.878 Loading class sun/rmi/transport/Transport$1 done
Event: 160.880 Loading class sun/rmi/transport/DGCImpl$LeaseInfo
Event: 160.880 Loading class sun/rmi/transport/DGCImpl$LeaseInfo done
Event: 160.880 Loading class sun/rmi/transport/DGCImpl$1
Event: 160.880 Loading class sun/rmi/transport/DGCImpl$1 done
Event: 160.881 Loading class sun/rmi/transport/SequenceEntry
Event: 160.881 Loading class sun/rmi/transport/SequenceEntry done
Event: 200.210 Loading class sun/net/ConnectionResetException
Event: 200.211 Loading class sun/net/ConnectionResetException done

Classes unloaded (0 events):
No events

Classes redefined (0 events):
No events

Internal exceptions (20 events):
Event: 160.409 Thread 0x000001eac9240600 Exception <a 'java/lang/NoSuchMethodError'{0x000000060bea5f30}: 'java.lang.Object java.lang.invoke.DirectMethodHandle$Holder.invokeSpecial(java.lang.Object, java.lang.Object, int, java.lang.Object, long)'> (0x000000060bea5f30) 
thrown [s\src\hotspot\share\interpreter\linkResolver.cpp, line 759]
Event: 160.601 Thread 0x000001eac9240600 Exception <a 'java/lang/NoSuchMethodError'{0x000000060bead628}: 'java.lang.Object java.lang.invoke.DirectMethodHandle$Holder.newInvokeSpecial(java.lang.Object, java.lang.Object, int, java.lang.Object, long)'> (0x000000060bead628) 
thrown [s\src\hotspot\share\interpreter\linkResolver.cpp, line 759]
Event: 160.606 Thread 0x000001eac92442c0 Exception <a 'java/lang/NoSuchMethodError'{0x000000060becb7e0}: static Lorg/jetbrains/kotlin/daemon/common/CompileService$CallResult;.<clinit>()V> (0x000000060becb7e0) 
thrown [s\src\hotspot\share\prims\jni.cpp, line 1112]
Event: 160.609 Thread 0x000001eac92442c0 Exception <a 'java/lang/NoSuchMethodError'{0x000000060bed7bc0}: static Lorg/jetbrains/kotlin/daemon/common/CompileService$CallResult$Good;.<clinit>()V> (0x000000060bed7bc0) 
thrown [s\src\hotspot\share\prims\jni.cpp, line 1112]
Event: 160.613 Thread 0x000001eac92442c0 Exception <a 'java/lang/NoSuchMethodError'{0x000000060bee53a0}: static Lorg/jetbrains/kotlin/daemon/common/DaemonJVMOptions;.<clinit>()V> (0x000000060bee53a0) 
thrown [s\src\hotspot\share\prims\jni.cpp, line 1112]
Event: 160.636 Thread 0x000001eac92442c0 Exception <a 'java/lang/NoSuchMethodError'{0x000000060beffe50}: static Lorg/jetbrains/kotlin/daemon/common/CompileService$CallResult$Ok;.<clinit>()V> (0x000000060beffe50) 
thrown [s\src\hotspot\share\prims\jni.cpp, line 1112]
Event: 160.819 Thread 0x000001eac92442c0 Exception <a 'java/lang/NoSuchMethodError'{0x000000060b83cef0}: static [Ljava/lang/Integer;.<clinit>()V> (0x000000060b83cef0) 
thrown [s\src\hotspot\share\prims\jni.cpp, line 1112]
Event: 200.211 Thread 0x000001eac92442c0 Exception <a 'sun/net/ConnectionResetException'{0x000000060b8f2610}: Connection reset> (0x000000060b8f2610) 
thrown [s\src\hotspot\share\prims\jni.cpp, line 535]
Event: 200.213 Thread 0x000001eac92442c0 Exception <a 'java/net/ConnectException'{0x000000060b8f50d8}: Connection refused: connect> (0x000000060b8f50d8) 
thrown [s\src\hotspot\share\prims\jni.cpp, line 535]
Event: 200.213 Thread 0x000001eac92442c0 Exception <a 'java/net/SocketException'{0x000000060b8f56b8}: Socket is not connected: shutdown> (0x000000060b8f56b8) 
thrown [s\src\hotspot\share\prims\jni.cpp, line 535]
Event: 200.224 Thread 0x000001eac92442c0 Exception <a 'java/net/ConnectException'{0x000000060b8f6190}: Connection refused: connect> (0x000000060b8f6190) 
thrown [s\src\hotspot\share\prims\jni.cpp, line 535]
Event: 200.224 Thread 0x000001eac92442c0 Exception <a 'java/net/SocketException'{0x000000060b8f6770}: Socket is not connected: shutdown> (0x000000060b8f6770) 
thrown [s\src\hotspot\share\prims\jni.cpp, line 535]
Event: 200.236 Thread 0x000001eac92442c0 Exception <a 'java/net/ConnectException'{0x000000060b8f7248}: Connection refused: connect> (0x000000060b8f7248) 
thrown [s\src\hotspot\share\prims\jni.cpp, line 535]
Event: 200.236 Thread 0x000001eac92442c0 Exception <a 'java/net/SocketException'{0x000000060b8f7828}: Socket is not connected: shutdown> (0x000000060b8f7828) 
thrown [s\src\hotspot\share\prims\jni.cpp, line 535]
Event: 200.237 Thread 0x000001eac92442c0 Exception <a 'java/net/ConnectException'{0x000000060bac0930}: Connection refused: connect> (0x000000060bac0930) 
thrown [s\src\hotspot\share\prims\jni.cpp, line 535]
Event: 200.237 Thread 0x000001eac92442c0 Exception <a 'java/net/SocketException'{0x000000060bac0f10}: Socket is not connected: shutdown> (0x000000060bac0f10) 
thrown [s\src\hotspot\share\prims\jni.cpp, line 535]
Event: 200.250 Thread 0x000001eac92442c0 Exception <a 'java/net/ConnectException'{0x000000060bac19e8}: Connection refused: connect> (0x000000060bac19e8) 
thrown [s\src\hotspot\share\prims\jni.cpp, line 535]
Event: 200.250 Thread 0x000001eac92442c0 Exception <a 'java/net/SocketException'{0x000000060bac1fc8}: Socket is not connected: shutdown> (0x000000060bac1fc8) 
thrown [s\src\hotspot\share\prims\jni.cpp, line 535]
Event: 200.261 Thread 0x000001eac92442c0 Exception <a 'java/net/ConnectException'{0x000000060bac2aa0}: Connection refused: connect> (0x000000060bac2aa0) 
thrown [s\src\hotspot\share\prims\jni.cpp, line 535]
Event: 200.262 Thread 0x000001eac92442c0 Exception <a 'java/net/SocketException'{0x000000060bac3080}: Socket is not connected: shutdown> (0x000000060bac3080) 
thrown [s\src\hotspot\share\prims\jni.cpp, line 535]

VM Operations (20 events):
Event: 154.272 Executing VM operation: HandshakeAllThreads
Event: 154.273 Executing VM operation: HandshakeAllThreads done
Event: 154.275 Executing VM operation: HandshakeAllThreads
Event: 154.275 Executing VM operation: HandshakeAllThreads done
Event: 155.289 Executing VM operation: Cleanup
Event: 155.289 Executing VM operation: Cleanup done
Event: 157.300 Executing VM operation: Cleanup
Event: 157.300 Executing VM operation: Cleanup done
Event: 160.243 Executing VM operation: HandshakeAllThreads
Event: 160.243 Executing VM operation: HandshakeAllThreads done
Event: 160.397 Executing VM operation: HandshakeAllThreads
Event: 160.598 Executing VM operation: HandshakeAllThreads done
Event: 160.598 Executing VM operation: Cleanup
Event: 160.598 Executing VM operation: Cleanup done
Event: 161.610 Executing VM operation: Cleanup
Event: 161.610 Executing VM operation: Cleanup done
Event: 172.686 Executing VM operation: Cleanup
Event: 172.686 Executing VM operation: Cleanup done
Event: 180.407 Executing VM operation: HandshakeAllThreads
Event: 180.407 Executing VM operation: HandshakeAllThreads done

Memory protections (0 events):
No events

Nmethod flushes (20 events):
Event: 153.832 Thread 0x000001ea7ef35fa0 flushing  nmethod 0x000001ea5b986290
Event: 153.833 Thread 0x000001ea7ef35fa0 flushing  nmethod 0x000001ea5b9dc690
Event: 153.834 Thread 0x000001ea7ef35fa0 flushing  nmethod 0x000001ea5baa4e10
Event: 153.834 Thread 0x000001ea7ef35fa0 flushing  nmethod 0x000001ea5bb12b10
Event: 153.835 Thread 0x000001ea7ef35fa0 flushing  nmethod 0x000001ea5bb79190
Event: 153.835 Thread 0x000001ea7ef35fa0 flushing osr nmethod 0x000001ea5bbdb110
Event: 153.836 Thread 0x000001ea7ef35fa0 flushing  nmethod 0x000001ea5bc72890
Event: 153.836 Thread 0x000001ea7ef35fa0 flushing  nmethod 0x000001ea5bc96890
Event: 153.838 Thread 0x000001ea7ef35fa0 flushing  nmethod 0x000001ea5bebaa10
Event: 153.839 Thread 0x000001ea7ef35fa0 flushing  nmethod 0x000001ea5bf34a90
Event: 153.839 Thread 0x000001ea7ef35fa0 flushing  nmethod 0x000001ea5bf4d690
Event: 153.841 Thread 0x000001ea7ef35fa0 flushing  nmethod 0x000001ea5c150410
Event: 153.842 Thread 0x000001ea7ef35fa0 flushing  nmethod 0x000001ea5c236c10
Event: 153.842 Thread 0x000001ea7ef35fa0 flushing  nmethod 0x000001ea5c298910
Event: 153.844 Thread 0x000001ea7ef35fa0 flushing  nmethod 0x000001ea5c41f590
Event: 153.847 Thread 0x000001ea7ef35fa0 flushing  nmethod 0x000001ea5c6abf10
Event: 153.847 Thread 0x000001ea7ef35fa0 flushing  nmethod 0x000001ea5c6bda90
Event: 153.847 Thread 0x000001ea7ef35fa0 flushing  nmethod 0x000001ea5c6ebc10
Event: 153.847 Thread 0x000001ea7ef35fa0 flushing  nmethod 0x000001ea5c6f8a10
Event: 153.847 Thread 0x000001ea7ef35fa0 flushing  nmethod 0x000001ea5c6fe110

Events (20 events):
Event: 152.273 Thread 0x000001eac6cb4670 Thread added: 0x000001eac923fbe0
Event: 152.417 Thread 0x000001eaca4700e0 Thread exited: 0x000001eaca4700e0
Event: 152.861 Thread 0x000001ea7ef31670 Thread added: 0x000001eaca46e650
Event: 153.086 Thread 0x000001eaca46e650 Thread exited: 0x000001eaca46e650
Event: 153.695 Thread 0x000001ea7ef31670 Thread added: 0x000001eaca46e650
Event: 153.939 Thread 0x000001eac6cb4670 Thread added: 0x000001eac92442c0
Event: 154.281 Thread 0x000001eac92442c0 Thread added: 0x000001eac9240600
Event: 155.926 Thread 0x000001eaca46e650 Thread exited: 0x000001eaca46e650
Event: 157.248 Thread 0x000001eac9240600 Thread exited: 0x000001eac9240600
Event: 157.293 Thread 0x000001eac92442c0 Thread added: 0x000001eac923dd80
Event: 160.142 Thread 0x000001eac923dd80 Thread exited: 0x000001eac923dd80
Event: 160.321 Thread 0x000001eac92442c0 Thread added: 0x000001eac923dd80
Event: 160.334 Thread 0x000001eac92442c0 Thread added: 0x000001eac9240600
Event: 160.339 Thread 0x000001eac92442c0 Thread added: 0x000001eac9240b10
Event: 160.600 Thread 0x000001ea7ef30cb0 Thread added: 0x000001eaca4700e0
Event: 160.722 Thread 0x000001eac92442c0 Thread added: 0x000001eac9242460
Event: 160.723 Thread 0x000001eac92442c0 Thread added: 0x000001eac9241530
Event: 160.839 Thread 0x000001eac9242460 Thread added: 0x000001eac9242e80
Event: 161.243 Thread 0x000001eaca4700e0 Thread exited: 0x000001eaca4700e0
Event: 200.270 Thread 0x000001ea7ef31670 Thread added: 0x000001eaca46e650


Dynamic libraries:
0x00007ff73a950000 - 0x00007ff73a95e000 	C:\Program Files\Eclipse Adoptium\jdk-17.0.19.10-hotspot\bin\java.exe
0x00007ffa15410000 - 0x00007ffa15627000 	C:\WINDOWS\SYSTEM32\ntdll.dll
0x00007ffa130a0000 - 0x00007ffa13164000 	C:\WINDOWS\System32\KERNEL32.DLL
0x00007ffa12a40000 - 0x00007ffa12e12000 	C:\WINDOWS\System32\KERNELBASE.dll
0x00007ffa12670000 - 0x00007ffa12781000 	C:\WINDOWS\System32\ucrtbase.dll
0x00007ff9e1a70000 - 0x00007ff9e1a8e000 	C:\Program Files\Eclipse Adoptium\jdk-17.0.19.10-hotspot\bin\VCRUNTIME140.dll
0x00007ff9e4c80000 - 0x00007ff9e4c98000 	C:\Program Files\Eclipse Adoptium\jdk-17.0.19.10-hotspot\bin\jli.dll
0x00007ffa144a0000 - 0x00007ffa14651000 	C:\WINDOWS\System32\USER32.dll
0x00007ffa13070000 - 0x00007ffa13096000 	C:\WINDOWS\System32\win32u.dll
0x00007ff9fcff0000 - 0x00007ff9fd28b000 	C:\WINDOWS\WinSxS\amd64_microsoft.windows.common-controls_6595b64144ccf1df_6.0.22621.5547_none_27104afb73855772\COMCTL32.dll
0x00007ffa13890000 - 0x00007ffa138b9000 	C:\WINDOWS\System32\GDI32.dll
0x00007ffa15220000 - 0x00007ffa152c7000 	C:\WINDOWS\System32\msvcrt.dll
0x00007ffa12e20000 - 0x00007ffa12f43000 	C:\WINDOWS\System32\gdi32full.dll
0x00007ffa12fd0000 - 0x00007ffa1306a000 	C:\WINDOWS\System32\msvcp_win.dll
0x00007ffa14660000 - 0x00007ffa14691000 	C:\WINDOWS\System32\IMM32.DLL
0x00007ff9e32f0000 - 0x00007ff9e32fc000 	C:\Program Files\Eclipse Adoptium\jdk-17.0.19.10-hotspot\bin\vcruntime140_1.dll
0x00007ff9d0960000 - 0x00007ff9d09ed000 	C:\Program Files\Eclipse Adoptium\jdk-17.0.19.10-hotspot\bin\msvcp140.dll
0x00007ff970310000 - 0x00007ff970f7c000 	C:\Program Files\Eclipse Adoptium\jdk-17.0.19.10-hotspot\bin\server\jvm.dll
0x00007ffa13d10000 - 0x00007ffa13dc1000 	C:\WINDOWS\System32\ADVAPI32.dll
0x00007ffa13b50000 - 0x00007ffa13bf8000 	C:\WINDOWS\System32\sechost.dll
0x00007ffa12790000 - 0x00007ffa127b8000 	C:\WINDOWS\System32\bcrypt.dll
0x00007ffa136e0000 - 0x00007ffa137f4000 	C:\WINDOWS\System32\RPCRT4.dll
0x00007ffa13170000 - 0x00007ffa131e1000 	C:\WINDOWS\System32\WS2_32.dll
0x00007ffa12220000 - 0x00007ffa1226d000 	C:\WINDOWS\SYSTEM32\POWRPROF.dll
0x00007ff9fff20000 - 0x00007ff9fff2a000 	C:\WINDOWS\SYSTEM32\VERSION.dll
0x00007ffa08530000 - 0x00007ffa08564000 	C:\WINDOWS\SYSTEM32\WINMM.dll
0x00007ffa12200000 - 0x00007ffa12213000 	C:\WINDOWS\SYSTEM32\UMPDC.dll
0x00007ffa114f0000 - 0x00007ffa11508000 	C:\WINDOWS\SYSTEM32\kernel.appcore.dll
0x00007ff9e1b30000 - 0x00007ff9e1b3a000 	C:\Program Files\Eclipse Adoptium\jdk-17.0.19.10-hotspot\bin\jimage.dll
0x00007ffa0cc50000 - 0x00007ffa0ce83000 	C:\WINDOWS\SYSTEM32\DBGHELP.DLL
0x00007ffa13dd0000 - 0x00007ffa14163000 	C:\WINDOWS\System32\combase.dll
0x00007ffa13970000 - 0x00007ffa13a47000 	C:\WINDOWS\System32\OLEAUT32.dll
0x00007ff9fcaa0000 - 0x00007ff9fcad2000 	C:\WINDOWS\SYSTEM32\dbgcore.DLL
0x00007ffa12880000 - 0x00007ffa128fb000 	C:\WINDOWS\System32\bcryptPrimitives.dll
0x00007ff9d0be0000 - 0x00007ff9d0bee000 	C:\Program Files\Eclipse Adoptium\jdk-17.0.19.10-hotspot\bin\instrument.dll
0x00007ff9d0bb0000 - 0x00007ff9d0bd5000 	C:\Program Files\Eclipse Adoptium\jdk-17.0.19.10-hotspot\bin\java.dll
0x00007ff9cfd50000 - 0x00007ff9cfe27000 	C:\Program Files\Eclipse Adoptium\jdk-17.0.19.10-hotspot\bin\jsvml.dll
0x00007ffa146a0000 - 0x00007ffa14f42000 	C:\WINDOWS\System32\SHELL32.dll
0x00007ffa12900000 - 0x00007ffa12a3f000 	C:\WINDOWS\System32\wintypes.dll
0x00007ffa103e0000 - 0x00007ffa10cfd000 	C:\WINDOWS\SYSTEM32\windows.storage.dll
0x00007ffa14f70000 - 0x00007ffa1507c000 	C:\WINDOWS\System32\SHCORE.dll
0x00007ffa13800000 - 0x00007ffa13869000 	C:\WINDOWS\System32\shlwapi.dll
0x00007ffa12430000 - 0x00007ffa1245b000 	C:\WINDOWS\SYSTEM32\profapi.dll
0x00007ff9d0b90000 - 0x00007ff9d0ba8000 	C:\Program Files\Eclipse Adoptium\jdk-17.0.19.10-hotspot\bin\zip.dll
0x00007ff9d0b70000 - 0x00007ff9d0b8a000 	C:\Program Files\Eclipse Adoptium\jdk-17.0.19.10-hotspot\bin\net.dll
0x00007ffa07ca0000 - 0x00007ffa07dcc000 	C:\WINDOWS\SYSTEM32\WINHTTP.dll
0x00007ffa11960000 - 0x00007ffa119c9000 	C:\WINDOWS\system32\mswsock.dll
0x00007ff9d0940000 - 0x00007ff9d0956000 	C:\Program Files\Eclipse Adoptium\jdk-17.0.19.10-hotspot\bin\nio.dll
0x00007ff9eb900000 - 0x00007ff9eb910000 	C:\Program Files\Eclipse Adoptium\jdk-17.0.19.10-hotspot\bin\verify.dll
0x00007ff9f03a0000 - 0x00007ff9f03c7000 	C:\Users\admin\.gradle\native\1def1411415f61bf3af743bc5b6707747c0891f09f0c88961ee8f79bc544acac\windows-amd64\native-platform.dll
0x00007ff9d08c0000 - 0x00007ff9d0938000 	C:\Users\admin\.gradle\native\0.2.7\x86_64-windows-gnu\gradle-fileevents.dll
0x00007ff9f2720000 - 0x00007ff9f272a000 	C:\Program Files\Eclipse Adoptium\jdk-17.0.19.10-hotspot\bin\management.dll
0x00007ff9f16d0000 - 0x00007ff9f16dc000 	C:\Program Files\Eclipse Adoptium\jdk-17.0.19.10-hotspot\bin\management_ext.dll
0x00007ffa14f60000 - 0x00007ffa14f68000 	C:\WINDOWS\System32\PSAPI.DLL
0x00007ffa10f60000 - 0x00007ffa10f8d000 	C:\WINDOWS\SYSTEM32\IPHLPAPI.DLL
0x00007ffa13960000 - 0x00007ffa13969000 	C:\WINDOWS\System32\NSI.dll
0x00007ffa07ea0000 - 0x00007ffa07eb9000 	C:\WINDOWS\SYSTEM32\dhcpcsvc6.DLL
0x00007ffa07ba0000 - 0x00007ffa07bbf000 	C:\WINDOWS\SYSTEM32\dhcpcsvc.DLL
0x00007ffa10fd0000 - 0x00007ffa110c8000 	C:\WINDOWS\SYSTEM32\DNSAPI.dll
0x00007ff9eb8f0000 - 0x00007ff9eb8f9000 	C:\Program Files\Eclipse Adoptium\jdk-17.0.19.10-hotspot\bin\extnet.dll
0x00007ffa11cb0000 - 0x00007ffa11ccb000 	C:\WINDOWS\SYSTEM32\CRYPTSP.dll
0x00007ffa11450000 - 0x00007ffa11487000 	C:\WINDOWS\system32\rsaenh.dll
0x00007ffa11a00000 - 0x00007ffa11a28000 	C:\WINDOWS\SYSTEM32\USERENV.dll
0x00007ffa11c90000 - 0x00007ffa11c9c000 	C:\WINDOWS\SYSTEM32\CRYPTBASE.dll
0x00007ff9e1b40000 - 0x00007ff9e1b4e000 	C:\Program Files\Eclipse Adoptium\jdk-17.0.19.10-hotspot\bin\sunmscapi.dll
0x00007ffa12500000 - 0x00007ffa12667000 	C:\WINDOWS\System32\CRYPT32.dll
0x00007ffa11dc0000 - 0x00007ffa11ded000 	C:\WINDOWS\SYSTEM32\ncrypt.dll
0x00007ffa11d80000 - 0x00007ffa11db7000 	C:\WINDOWS\SYSTEM32\NTASN1.dll
0x00007ff9cee20000 - 0x00007ff9cee28000 	C:\WINDOWS\system32\wshunix.dll
0x00007ff9f3b50000 - 0x00007ff9f3b67000 	C:\WINDOWS\system32\napinsp.dll
0x00007ff9f3440000 - 0x00007ff9f345b000 	C:\WINDOWS\system32\pnrpnsp.dll
0x00007ff9f3700000 - 0x00007ff9f3711000 	C:\WINDOWS\System32\winrnr.dll
0x00007ffa075e0000 - 0x00007ffa075ff000 	C:\WINDOWS\system32\wshbth.dll
0x00007ff9f36d0000 - 0x00007ff9f36f1000 	C:\WINDOWS\system32\nlansp_c.dll
0x00007ffa069e0000 - 0x00007ffa069ea000 	C:\Windows\System32\rasadhlp.dll
0x00007ffa069f0000 - 0x00007ffa06a74000 	C:\WINDOWS\System32\fwpuclnt.dll
0x00007ff9e1ba0000 - 0x00007ff9e1ba7000 	C:\Program Files\Eclipse Adoptium\jdk-17.0.19.10-hotspot\bin\rmi.dll

dbghelp: loaded successfully - version: 4.0.5 - missing functions: none
symbol engine: initialized successfully - sym options: 0x614 - pdb path: .;C:\Program Files\Eclipse Adoptium\jdk-17.0.19.10-hotspot\bin;C:\WINDOWS\SYSTEM32;C:\WINDOWS\WinSxS\amd64_microsoft.windows.common-controls_6595b64144ccf1df_6.0.22621.5547_none_27104afb73855772;C:\Program Files\Eclipse Adoptium\jdk-17.0.19.10-hotspot\bin\server;C:\Users\admin\.gradle\native\1def1411415f61bf3af743bc5b6707747c0891f09f0c88961ee8f79bc544acac\windows-amd64;C:\Users\admin\.gradle\native\0.2.7\x86_64-windows-gnu

VM Arguments:
jvm_args: --add-opens=java.base/java.lang=ALL-UNNAMED --add-opens=java.base/java.lang.invoke=ALL-UNNAMED --add-opens=java.base/java.util=ALL-UNNAMED --add-opens=java.prefs/java.util.prefs=ALL-UNNAMED --add-exports=jdk.compiler/com.sun.tools.javac.api=ALL-UNNAMED --add-exports=jdk.compiler/com.sun.tools.javac.util=ALL-UNNAMED --add-opens=java.base/java.util=ALL-UNNAMED --add-opens=java.prefs/java.util.prefs=ALL-UNNAMED --add-opens=java.base/java.nio.charset=ALL-UNNAMED --add-opens=java.base/java.net=ALL-UNNAMED --add-opens=java.base/java.util.concurrent.atomic=ALL-UNNAMED --add-opens=java.xml/javax.xml.namespace=ALL-UNNAMED -XX:MaxMetaspaceSize=4G -XX:ReservedCodeCacheSize=512m -XX:+HeapDumpOnOutOfMemoryError -Xmx8G -Dfile.encoding=UTF-8 -Duser.country=FR -Duser.language=fr -Duser.variant -javaagent:C:\Users\admin\.gradle\wrapper\dists\gradle-8.14-all\c2qonpi39x1mddn7hk5gh9iqj\gradle-8.14\lib\agents\gradle-instrumentation-agent-8.14.jar 
java_command: org.gradle.launcher.daemon.bootstrap.GradleDaemon 8.14
java_class_path (initial): C:\Users\admin\.gradle\wrapper\dists\gradle-8.14-all\c2qonpi39x1mddn7hk5gh9iqj\gradle-8.14\lib\gradle-daemon-main-8.14.jar
Launcher Type: SUN_STANDARD

[Global flags]
     intx CICompilerCount                          = 4                                         {product} {ergonomic}
     uint ConcGCThreads                            = 2                                         {product} {ergonomic}
     uint G1ConcRefinementThreads                  = 8                                         {product} {ergonomic}
   size_t G1HeapRegionSize                         = 4194304                                   {product} {ergonomic}
    uintx GCDrainStackTargetSize                   = 64                                        {product} {ergonomic}
     bool HeapDumpOnOutOfMemoryError               = true                                   {manageable} {command line}
   size_t InitialHeapSize                          = 134217728                                 {product} {ergonomic}
   size_t MarkStackSize                            = 4194304                                   {product} {ergonomic}
   size_t MaxHeapSize                              = 8589934592                                {product} {command line}
   size_t MaxMetaspaceSize                         = 4294967296                                {product} {command line}
   size_t MaxNewSize                               = 5150605312                                {product} {ergonomic}
   size_t MinHeapDeltaBytes                        = 4194304                                   {product} {ergonomic}
   size_t MinHeapSize                              = 8388608                                   {product} {ergonomic}
    uintx NonNMethodCodeHeapSize                   = 5839372                                {pd product} {ergonomic}
    uintx NonProfiledCodeHeapSize                  = 265515770                              {pd product} {ergonomic}
    uintx ProfiledCodeHeapSize                     = 265515770                              {pd product} {ergonomic}
    uintx ReservedCodeCacheSize                    = 536870912                              {pd product} {command line}
     bool SegmentedCodeCache                       = true                                      {product} {ergonomic}
   size_t SoftMaxHeapSize                          = 8589934592                             {manageable} {ergonomic}
   double SweeperThreshold                         = 0.234375                                  {product} {ergonomic}
     bool UseCompressedClassPointers               = true                           {product lp64_product} {ergonomic}
     bool UseCompressedOops                        = true                           {product lp64_product} {ergonomic}
     bool UseG1GC                                  = true                                      {product} {ergonomic}
     bool UseLargePagesIndividualAllocation        = false                                  {pd product} {ergonomic}

Logging:
Log output configuration:
 #0: stdout all=warning uptime,level,tags
 #1: stderr all=off uptime,level,tags

Environment Variables:
JAVA_HOME=C:\Program Files\Eclipse Adoptium\jdk-25.0.1.8-hotspot
PATH=C:\Program Files\Eclipse Adoptium\jdk-17.0.19.10-hotspot\bin;C:\Program Files (x86)\VMware\VMware Workstation\bin\;C:\Program Files\Python312\Scripts\;C:\Program Files\Python312\;C:\WINDOWS\system32;C:\WINDOWS;C:\WINDOWS\System32\Wbem;C:\WINDOWS\System32\WindowsPowerShell\v1.0\;C:\WINDOWS\System32\OpenSSH\;C:\Program Files (x86)\Microsoft SQL Server\160\Tools\Binn\;C:\Program Files\Microsoft SQL Server\160\Tools\Binn\;C:\Program Files\Microsoft SQL Server\Client SDK\ODBC\170\Tools\Binn\;C:\Program Files\Microsoft SQL Server\160\DTS\Binn\;C:\Program Files (x86)\Microsoft SQL Server\160\DTS\Binn\;C:\Windows\system32\python;C:\sqlite3;C:\Program Files\nodejs\;C:\MinGW\bin;C:\curl\bin;C:\curl\include;C:\MinGW;C:\MinGW\lib;C:\GnuWin32\bin;C:\OpenSSL-Win64\bin;C:\Program Files\PostgreSQL\17\bin;C:\Program Files\Eclipse Adoptium\jdk-25.0.1.8-hotspot\bin;C:\Program Files\Heroku\bin;C:\Program Files\Git\cmd;C:\Program Files (x86)\VMware\VMware Workstation\bin\;C:\Program Files\Python312\Scripts\;C:\Program Files\Python312\;C:\WINDOWS\system32;C:\WINDOWS;C:\WINDOWS\System32\Wbem;C:\WINDOWS\System32\WindowsPowerShell\v1.0\;C:\WINDOWS\System32\OpenSSH\;C:\Program Files (x86)\Microsoft SQL Server\160\Tools\Binn\;C:\Program Files\Microsoft SQL Server\160\Tools\Binn\;C:\Program Files\Microsoft SQL Server\Client SDK\ODBC\170\Tools\Binn\;C:\Program Files\Microsoft SQL Server\160\DTS\Binn\;C:\Program Files (x86)\Microsoft SQL Server\160\DTS\Binn\;C:\Windows\system32\python;C:\sqlite3;C:\Program Files\nodejs\;C:\MinGW\bin;C:\curl\bin;C:\curl\include;C:\MinGW;C:\MinGW\lib;C:\GnuWin32\bin;C:\OpenSSL-Win64\bin;C:\Program Files\PostgreSQL\17\bin;C:\Program Files\Eclipse Adoptium\jdk-25.0.1.8-hotspot\bin;C:\Program Files\Git\cmd;C:\Program Files\Docker\Docker\resources\bin;C:\Program Files\Heroku\bin;C:\Users\admin\AppData\Local\Programs\Microsoft VS Code;C:\Program Files\P;C:\flutter\bin\flutter;C:\flutter\bin;C:\Users\admin\AppData\Local\Programs\Microsoft VS Code\bin
USERNAME=admin
OS=Windows_NT
PROCESSOR_IDENTIFIER=Intel64 Family 6 Model 142 Stepping 10, GenuineIntel
TMP=C:\Users\admin\AppData\Local\Temp
TEMP=C:\Users\admin\AppData\Local\Temp



Periodic native trim disabled


---------------  S Y S T E M  ---------------

OS:
 Windows 11 , 64 bit Build 22621 (10.0.22621.5415)
OS uptime: 0 days 0:12 hours
Hyper-V role detected

CPU: total 8 (initial active 8) (4 cores per cpu, 2 threads per core) family 6 model 142 stepping 10 microcode 0xf4, cx8, cmov, fxsr, ht, mmx, 3dnowpref, sse, sse2, sse3, ssse3, sse4.1, sse4.2, popcnt, lzcnt, tsc, tscinvbit, avx, avx2, aes, erms, clmul, bmi1, bmi2, rtm, adx, fma, vzeroupper, clflush, clflushopt, hv
Processor Information for all 8 processors :
  Max Mhz: 1896, Current Mhz: 1696, Mhz Limit: 1687

Memory: 4k page, system-wide physical 8070M (611M free)
TotalPageFile size 14597M (AvailPageFile size 481M)
current process WorkingSet (physical memory assigned to process): 504M, peak: 520M
current process commit charge ("private bytes"): 552M, peak: 566M

vm_info: OpenJDK 64-Bit Server VM (17.0.19+10) for windows-amd64 JRE (17.0.19+10), built on Apr 25 2026 08:04:44 by "admin" with MS VC++ 17.12 (VS2022)

END.
