#
# There is insufficient memory for the Java Runtime Environment to continue.
# Native memory allocation (malloc) failed to allocate 232336 bytes. Error detail: Chunk::new
# Possible reasons:
#   The system is out of physical RAM or swap space
#   This process is running with CompressedOops enabled, and the Java Heap may be blocking the growth of the native heap
# Possible solutions:
#   Reduce memory load on the system
#   Increase physical memory or swap space
#   Check if swap backing store is full
#   Decrease Java heap size (-Xmx/-Xms)
#   Decrease number of Java threads
#   Decrease Java thread stack sizes (-Xss)
#   Set larger code cache with -XX:ReservedCodeCacheSize=
#   JVM is running with Zero Based Compressed Oops mode in which the Java heap is
#     placed in the first 32GB address space. The Java Heap base address is the
#     maximum limit for the native heap growth. Please use -XX:HeapBaseMinAddress
#     to set the Java Heap base and to place the Java Heap above 32GB virtual address.
# This output file may be truncated or incomplete.
#
#  Out of Memory Error (arena.cpp:191), pid=12992, tid=10236
#
# JRE version: OpenJDK Runtime Environment Temurin-17.0.19+10 (17.0.19+10) (build 17.0.19+10)
# Java VM: OpenJDK 64-Bit Server VM Temurin-17.0.19+10 (17.0.19+10, mixed mode, sharing, tiered, compressed oops, compressed class ptrs, g1 gc, windows-amd64)
# No core dump will be written. Minidumps are not enabled by default on client versions of Windows
#

---------------  S U M M A R Y ------------

Command Line: --add-opens=java.base/java.lang=ALL-UNNAMED --add-opens=java.base/java.lang.invoke=ALL-UNNAMED --add-opens=java.base/java.util=ALL-UNNAMED --add-opens=java.prefs/java.util.prefs=ALL-UNNAMED --add-exports=jdk.compiler/com.sun.tools.javac.api=ALL-UNNAMED --add-exports=jdk.compiler/com.sun.tools.javac.util=ALL-UNNAMED --add-opens=java.base/java.util=ALL-UNNAMED --add-opens=java.prefs/java.util.prefs=ALL-UNNAMED --add-opens=java.base/java.nio.charset=ALL-UNNAMED --add-opens=java.base/java.net=ALL-UNNAMED --add-opens=java.base/java.util.concurrent=ALL-UNNAMED --add-opens=java.base/java.util.concurrent.atomic=ALL-UNNAMED --add-opens=java.xml/javax.xml.namespace=ALL-UNNAMED --add-opens=java.base/java.time=ALL-UNNAMED -XX:MaxMetaspaceSize=4G -XX:ReservedCodeCacheSize=512m -XX:+HeapDumpOnOutOfMemoryError -Xmx8G -Dfile.encoding=UTF-8 -Duser.country=FR -Duser.language=fr -Duser.variant -javaagent:C:\Users\admin\.gradle\wrapper\dists\gradle-9.1.0-all\7wzd0jkjit61aq2p43wpjgij9\gradle-9.1.0\lib\agents\gradle-instrumentation-agent-9.1.0.jar org.gradle.launcher.daemon.bootstrap.GradleDaemon 9.1.0

Host: Intel(R) Core(TM) i5-8350U CPU @ 1.70GHz, 8 cores, 7G,  Windows 11 , 64 bit Build 22621 (10.0.22621.5415)
Time: Sun Sep 20 11:24:00 2026 Paris, Madrid (heure duild 22621 (10.0.22621.5415) elapsed time: 255.550901 seconds (0d 0h 4m 15s)

---------------  T H R E A D  ---------------

Current thread (0x000001f5ff7ceb30):  JavaThread "C2 CompilerThread0" daemon [_thread_in_native, id=10236, stack(0x000000bc0a500000,0x000000bc0a600000)]


Current CompileTask:
C2:255551 17408       4       java.lang.StackTraceElement::toString (322 bytes)

Stack: [0x000000bc0a500000,0x000000bc0a600000]
Native frames: (J=compiled Java code, j=interpreted, Vv=VM code, C=native code)
V  [jvm.dll+0x684b29]
V  [jvm.dll+0x83a2d5]
V  [jvm.dll+0x83bd4e]
V  [jvm.dll+0x83c3d3]
V  [jvm.dll+0x24905f]
V  [jvm.dll+0xad536]
V  [jvm.dll+0xadbdc]
V  [jvm.dll+0x368d4f]
V  [jvm.dll+0x1bbecb]
V  [jvm.dll+0x219fc0]
V  [jvm.dll+0x2192af]
V  [jvm.dll+0x1a49f0]
V  [jvm.dll+0x2299fa]
V  [jvm.dll+0x227bab]
V  [jvm.dll+0x7f0a88]
V  [jvm.dll+0x7eaf1c]
V  [jvm.dll+0x6839f7]
C  [ucrtbase.dll+0x29333]
C  [KERNEL32.DLL+0x1259d]
C  [ntdll.dll+0x5af78]


---------------  P R O C E S S  ---------------

Threads class SMR info:
_java_thread_list=0x000001f6642eae00, length=44, elements={
0x000001f5c4510fa0, 0x000001f5ff7b2710, 0x000001f5ff7b3590, 0x000001f5ff7c9020,
0x000001f5ff7c99f0, 0x000001f5ff7cc3c0, 0x000001f5ff7ccd80, 0x000001f5ff7ceb30,
0x000001f64517a3f0, 0x000001f645182510, 0x000001f645210e10, 0x000001f6452a3250,
0x000001f6465b69c0, 0x000001f6451a7940, 0x000001f6454aa0b0, 0x000001f645f885b0,
0x000001f646a02fd0, 0x000001f646a039f0, 0x000001f646a05340, 0x000001f646a04e30,
0x000001f646a05850, 0x000001f6476d9980, 0x000001f6476da3a0, 0x000001f6476d8f60,
0x000001f6476dbcf0, 0x000001f6476db2d0, 0x000001f6476dc200, 0x000001f6476d8a50,
0x000001f6455e17f0, 0x000001f6455e63e0, 0x000001f6455e4a90, 0x000001f65367afd0,
0x000001f648e17080, 0x000001f648e1b250, 0x000001f648e1a830, 0x000001f648e1b760,
0x000001f648e1c180, 0x000001f648e19900, 0x000001f65367d340, 0x000001f646a04410,
0x000001f6547c5410, 0x000001f6455e0dd0, 0x000001f6455e3650, 0x000001f65367c920
}

Java Threads: ( => current thread )
  0x000001f5c4510fa0 JavaThread "main" [_thread_blocked, id=14220, stack(0x000000bc09800000,0x000000bc09900000)]
  0x000001f5ff7b2710 JavaThread "Reference Handler" daemon [_thread_blocked, id=10040, stack(0x000000bc09f00000,0x000000bc0a000000)]
  0x000001f5ff7b3590 JavaThread "Finalizer" daemon [_thread_blocked, id=4540, stack(0x000000bc0a000000,0x000000bc0a100000)]
  0x000001f5ff7c9020 JavaThread "Signal Dispatcher" daemon [_thread_blocked, id=4668, stack(0x000000bc0a100000,0x000000bc0a200000)]
  0x000001f5ff7c99f0 JavaThread "Attach Listener" daemon [_thread_blocked, id=15760, stack(0x000000bc0a200000,0x000000bc0a300000)]
  0x000001f5ff7cc3c0 JavaThread "Service Thread" daemon [_thread_blocked, id=4104, stack(0x000000bc0a300000,0x000000bc0a400000)]
  0x000001f5ff7ccd80 JavaThread "Monitor Deflation Thread" daemon [_thread_blocked, id=17844, stack(0x000000bc0a400000,0x000000bc0a500000)]
=>0x000001f5ff7ceb30 JavaThread "C2 CompilerThread0" daemon [_thread_in_native, id=10236, stack(0x000000bc0a500000,0x000000bc0a600000)]
  0x000001f64517a3f0 JavaThread "C1 CompilerThread0" daemon [_thread_blocked, id=14956, stack(0x000000bc0a600000,0x000000bc0a700000)]
  0x000001f645182510 JavaThread "Sweeper thread" daemon [_thread_blocked, id=7056, stack(0x000000bc0a700000,0x000000bc0a800000)]
  0x000001f645210e10 JavaThread "Common-Cleaner" daemon [_thread_blocked, id=15688, stack(0x000000bc0a800000,0x000000bc0a900000)]
  0x000001f6452a3250 JavaThread "Notification Thread" daemon [_thread_blocked, id=14496, stack(0x000000bc0a900000,0x000000bc0aa00000)]
  0x000001f6465b69c0 JavaThread "Daemon health stats" [_thread_blocked, id=5552, stack(0x000000bc0af00000,0x000000bc0b000000)]
  0x000001f6451a7940 JavaThread "Incoming local TCP Connector on port 53751" [_thread_in_native, id=5524, stack(0x000000bc0b000000,0x000000bc0b100000)]
  0x000001f6454aa0b0 JavaThread "Daemon periodic checks" [_thread_blocked, id=5340, stack(0x000000bc0b100000,0x000000bc0b200000)]
  0x000001f645f885b0 JavaThread "Daemon" [_thread_blocked, id=9952, stack(0x000000bc0b200000,0x000000bc0b300000)]
  0x000001f646a02fd0 JavaThread "Daemon worker" [_thread_blocked, id=13676, stack(0x000000bc0b500000,0x000000bc0b600000)]
  0x000001f646a039f0 JavaThread "Cache worker for journal cache (C:\Users\admin\.gradle\caches\journal-1)" [_thread_blocked, id=15472, stack(0x000000bc0b900000,0x000000bc0ba00000)]
  0x000001f646a05340 JavaThread "File lock request listener" [_thread_in_native, id=18108, stack(0x000000bc0ba00000,0x000000bc0bb00000)]
  0x000001f646a04e30 JavaThread "Cache worker for file hash cache (C:\Users\admin\.gradle\caches\9.1.0\fileHashes)" [_thread_blocked, id=15476, stack(0x000000bc0bb00000,0x000000bc0bc00000)]
  0x000001f646a05850 JavaThread "File watcher server" daemon [_thread_in_native, id=9780, stack(0x000000bc0c300000,0x000000bc0c400000)]
  0x000001f6476d9980 JavaThread "File watcher consumer" daemon [_thread_blocked, id=3220, stack(0x000000bc0c400000,0x000000bc0c500000)]
  0x000001f6476da3a0 JavaThread "jar transforms" [_thread_blocked, id=2724, stack(0x000000bc0c500000,0x000000bc0c600000)]
  0x000001f6476d8f60 JavaThread "jar transforms Thread 2" [_thread_blocked, id=1720, stack(0x000000bc0c600000,0x000000bc0c700000)]
  0x000001f6476dbcf0 JavaThread "jar transforms Thread 3" [_thread_blocked, id=2840, stack(0x000000bc0c700000,0x000000bc0c800000)]
  0x000001f6476db2d0 JavaThread "Cache worker for file content cache (C:\Users\admin\.gradle\caches\9.1.0\fileContent)" [_thread_blocked, id=316, stack(0x000000bc0c900000,0x000000bc0ca00000)]
  0x000001f6476dc200 JavaThread "jar transforms Thread 4" [_thread_blocked, id=4388, stack(0x000000bc0ce00000,0x000000bc0cf00000)]
  0x000001f6476d8a50 JavaThread "jar transforms Thread 5" [_thread_blocked, id=284, stack(0x000000bc0cf00000,0x000000bc0d000000)]
  0x000001f6455e17f0 JavaThread "jar transforms Thread 6" [_thread_blocked, id=16880, stack(0x000000bc0d100000,0x000000bc0d200000)]
  0x000001f6455e63e0 JavaThread "jar transforms Thread 7" [_thread_blocked, id=14432, stack(0x000000bc0d000000,0x000000bc0d100000)]
  0x000001f6455e4a90 JavaThread "jar transforms Thread 8" [_thread_blocked, id=16688, stack(0x000000bc0d400000,0x000000bc0d500000)]
  0x000001f65367afd0 JavaThread "Memory manager" [_thread_blocked, id=7048, stack(0x000000bc0e500000,0x000000bc0e600000)]
  0x000001f648e17080 JavaThread "VFS cleanup" [_thread_blocked, id=18928, stack(0x000000bc09600000,0x000000bc09700000)]
  0x000001f648e1b250 JavaThread "Handler for socket connection from /127.0.0.1:53751 to /127.0.0.1:56198" [_thread_in_native, id=18748, stack(0x000000bc09700000,0x000000bc09800000)]
  0x000001f648e1a830 JavaThread "Cancel handler" [_thread_blocked, id=19084, stack(0x000000bc0b300000,0x000000bc0b400000)]
  0x000001f648e1b760 JavaThread "Asynchronous log dispatcher for DefaultDaemonConnection: socket connection from /127.0.0.1:53751 to /127.0.0.1:56198" [_thread_blocked, id=19088, stack(0x000000bc0b400000,0x000000bc0b500000)]
  0x000001f648e1c180 JavaThread "Stdin handler" [_thread_blocked, id=19092, stack(0x000000bc0b600000,0x000000bc0b700000)]
  0x000001f648e19900 JavaThread "Daemon client event forwarder" [_thread_blocked, id=19096, stack(0x000000bc0b700000,0x000000bc0b800000)]
  0x000001f65367d340 JavaThread "File lock release action executor Thread 6" [_thread_blocked, id=16624, stack(0x000000bc0cb00000,0x000000bc0cc00000)]
  0x000001f646a04410 JavaThread "included builds" [_thread_blocked, id=5432, stack(0x000000bc0e700000,0x000000bc0e800000)]
  0x000001f6547c5410 JavaThread "C2 CompilerThread1" daemon [_thread_blocked, id=11088, stack(0x000000bc0ef00000,0x000000bc0f000000)]
  0x000001f6455e0dd0 JavaThread "Unconstrained build operations Thread 15" [_thread_blocked, id=19216, stack(0x000000bc0f000000,0x000000bc0f100000)]
  0x000001f6455e3650 JavaThread "Unconstrained build operations Thread 16" [_thread_blocked, id=15216, stack(0x000000bc0f100000,0x000000bc0f200000)]
  0x000001f65367c920 JavaThread "Unconstrained build operations Thread 17" [_thread_blocked, id=5004, stack(0x000000bc0f200000,0x000000bc0f300000)]

Other Threads:
  0x000001f5ff7acd20 VMThread "VM Thread" [stack: 0x000000bc09e00000,0x000000bc09f00000] [id=8712]
  0x000001f6452a3730 WatcherThread [stack: 0x000000bc0aa00000,0x000000bc0ab00000] [id=13152]
  0x000001f5c45bea50 GCTaskThread "GC Thread#0" [stack: 0x000000bc09900000,0x000000bc09a00000] [id=11316]
  0x000001f64539dae0 GCTaskThread "GC Thread#1" [stack: 0x000000bc0ab00000,0x000000bc0ac00000] [id=7424]
  0x000001f64552e550 GCTaskThread "GC Thread#2" [stack: 0x000000bc0ac00000,0x000000bc0ad00000] [id=9504]
  0x000001f645e21d10 GCTaskThread "GC Thread#3" [stack: 0x000000bc0ad00000,0x000000bc0ae00000] [id=14380]
  0x000001f6460291f0 GCTaskThread "GC Thread#4" [stack: 0x000000bc0ae00000,0x000000bc0af00000] [id=1848]
  0x000001f64514bcb0 GCTaskThread "GC Thread#5" [stack: 0x000000bc0bd00000,0x000000bc0be00000] [id=17520]
  0x000001f64514bf70 GCTaskThread "GC Thread#6" [stack: 0x000000bc0be00000,0x000000bc0bf00000] [id=9556]
  0x000001f646a25a20 GCTaskThread "GC Thread#7" [stack: 0x000000bc0bf00000,0x000000bc0c000000] [id=1020]
  0x000001f5ff600b20 ConcurrentGCThread "G1 Main Marker" [stack: 0x000000bc09a00000,0x000000bc09b00000] [id=2740]
  0x000001f5ff601540 ConcurrentGCThread "G1 Conc#0" [stack: 0x000000bc09b00000,0x000000bc09c00000] [id=9816]
  0x000001f6483b87f0 ConcurrentGCThread "G1 Conc#1" [stack: 0x000000bc0c000000,0x000000bc0c100000] [id=3984]
  0x000001f5ff6690e0 ConcurrentGCThread "G1 Refine#0" [stack: 0x000000bc09c00000,0x000000bc09d00000] [id=6792]
  0x000001f64625f2d0 ConcurrentGCThread "G1 Refine#1" [stack: 0x000000bc0cc00000,0x000000bc0cd00000] [id=10680]
  0x000001f646260a50 ConcurrentGCThread "G1 Refine#2" [stack: 0x000000bc0cd00000,0x000000bc0ce00000] [id=7484]
  0x000001f648c13560 ConcurrentGCThread "G1 Refine#3" [stack: 0x000000bc0d700000,0x000000bc0d800000] [id=2292]
  0x000001f648c129a0 ConcurrentGCThread "G1 Refine#4" [stack: 0x000000bc0d800000,0x000000bc0d900000] [id=7720]
  0x000001f648c10080 ConcurrentGCThread "G1 Refine#5" [stack: 0x000000bc0d900000,0x000000bc0da00000] [id=9512]
  0x000001f5ff669b10 ConcurrentGCThread "G1 Service" [stack: 0x000000bc09d00000,0x000000bc09e00000] [id=9344]

Threads with active compile tasks:
C2 CompilerThread0  256193 17408       4       java.lang.StackTraceElement::toString (322 bytes)

VM state: not at safepoint (normal execution)

VM Mutex/Monitor currently owned by a thread: None

OutOfMemory and StackOverflow Exception counts:
OutOfMemoryError java_heap_errors=1
LinkageErrors=273

Heap address: 0x0000000600000000, size: 8192 MB, Compressed Oops mode: Zero based, Oop shift amount: 3

CDS archive(s) mapped at: [0x000001f600000000-0x000001f600bb0000-0x000001f600bb0000), size 12255232, SharedBaseAddress: 0x000001f600000000, ArchiveRelocationMode: 1.
Compressed class space mapped at: 0x000001f601000000-0x000001f641000000, reserved size: 1073741824
Narrow klass base: 0x000001f600000000, Narrow klass shift: 0, Narrow klass range: 0x100000000

GC Precious Log:
 CPUs: 8 total, 8 available
 Memory: 8070M
 Large Page Support: Disabled
 NUMA Support: Disabled
 Compressed Oops: Enabled (Zero based)
 Heap Region Size: 4M
 Heap Min Capacity: 8M
 Heap Initial Capacity: 128M
 Heap Max Capacity: 8G
 Pre-touch: Disabled
 Parallel Workers: 8
 Concurrent Workers: 2
 Concurrent Refinement Workers: 8
 Periodic GC: Disabled

Heap:
 garbage-first heap   total 262144K, used 165993K [0x0000000600000000, 0x0000000800000000)
  region size 4096K, 6 young (24576K), 1 survivors (4096K)
 Metaspace       used 142618K, committed 143872K, reserved 1179648K
  class space    used 18701K, committed 19264K, reserved 1048576K

Heap Regions: E=young(eden), S=young(survivor), O=old, HS=humongous(starts), HC=humongous(continues), CS=collection set, F=free, OA=open archive, CA=closed archive, TAMS=top-at-mark-start (previous, next)
|   0|0x0000000600000000, 0x0000000600400000, 0x0000000600400000|100%|HS|  |TAMS 0x0000000600400000, 0x0000000600000000| Complete 
|   1|0x0000000600400000, 0x0000000600800000, 0x0000000600800000|100%| O|  |TAMS 0x0000000600800000, 0x0000000600400000| Untracked 
|   2|0x0000000600800000, 0x0000000600c00000, 0x0000000600c00000|100%| O|  |TAMS 0x0000000600c00000, 0x0000000600800000| Untracked 
|   3|0x0000000600c00000, 0x0000000600fb1000, 0x0000000601000000| 92%| O|  |TAMS 0x0000000600fb1000, 0x0000000600c00000| Untracked 
|   4|0x0000000601000000, 0x0000000601400000, 0x0000000601400000|100%| O|  |TAMS 0x0000000601400000, 0x0000000601000000| Untracked 
|   5|0x0000000601400000, 0x0000000601800000, 0x0000000601800000|100%| O|  |TAMS 0x0000000601800000, 0x0000000601400000| Untracked 
|   6|0x0000000601800000, 0x0000000601c00000, 0x0000000601c00000|100%| O|  |TAMS 0x0000000601c00000, 0x0000000601800000| Untracked 
|   7|0x0000000601c00000, 0x0000000602000000, 0x0000000602000000|100%| O|  |TAMS 0x0000000602000000, 0x0000000601c00000| Untracked 
|   8|0x0000000602000000, 0x0000000602400000, 0x0000000602400000|100%| O|  |TAMS 0x0000000602400000, 0x0000000602000000| Untracked 
|   9|0x0000000602400000, 0x0000000602800000, 0x0000000602800000|100%| O|  |TAMS 0x0000000602800000, 0x0000000602400000| Untracked 
|  10|0x0000000602800000, 0x0000000602c00000, 0x0000000602c00000|100%| O|  |TAMS 0x0000000602c00000, 0x0000000602800000| Untracked 
|  11|0x0000000602c00000, 0x0000000603000000, 0x0000000603000000|100%| O|  |TAMS 0x0000000603000000, 0x0000000602c00000| Untracked 
|  12|0x0000000603000000, 0x0000000603400000, 0x0000000603400000|100%| O|  |TAMS 0x0000000603400000, 0x0000000603000000| Untracked 
|  13|0x0000000603400000, 0x0000000603800000, 0x0000000603800000|100%| O|  |TAMS 0x0000000603800000, 0x0000000603400000| Untracked 
|  14|0x0000000603800000, 0x0000000603c00000, 0x0000000603c00000|100%| O|  |TAMS 0x0000000603c00000, 0x0000000603800000| Untracked 
|  15|0x0000000603c00000, 0x0000000604000000, 0x0000000604000000|100%| O|  |TAMS 0x0000000604000000, 0x0000000603c00000| Untracked 
|  16|0x0000000604000000, 0x0000000604400000, 0x0000000604400000|100%| O|  |TAMS 0x0000000604400000, 0x0000000604000000| Untracked 
|  17|0x0000000604400000, 0x0000000604800000, 0x0000000604800000|100%| O|  |TAMS 0x0000000604800000, 0x0000000604400000| Untracked 
|  18|0x0000000604800000, 0x0000000604c00000, 0x0000000604c00000|100%| O|  |TAMS 0x0000000604c00000, 0x0000000604800000| Untracked 
|  19|0x0000000604c00000, 0x0000000605000000, 0x0000000605000000|100%| O|  |TAMS 0x0000000605000000, 0x0000000604c00000| Untracked 
|  20|0x0000000605000000, 0x0000000605400000, 0x0000000605400000|100%| O|  |TAMS 0x0000000605400000, 0x0000000605000000| Complete 
|  21|0x0000000605400000, 0x0000000605800000, 0x0000000605800000|100%| O|  |TAMS 0x0000000605800000, 0x0000000605400000| Untracked 
|  22|0x0000000605800000, 0x0000000605c00000, 0x0000000605c00000|100%| O|  |TAMS 0x0000000605c00000, 0x0000000605800000| Untracked 
|  23|0x0000000605c00000, 0x0000000606000000, 0x0000000606000000|100%| O|  |TAMS 0x0000000606000000, 0x0000000605c00000| Untracked 
|  24|0x0000000606000000, 0x0000000606400000, 0x0000000606400000|100%| O|  |TAMS 0x0000000606400000, 0x0000000606000000| Untracked 
|  25|0x0000000606400000, 0x0000000606800000, 0x0000000606800000|100%| O|  |TAMS 0x0000000606800000, 0x0000000606400000| Untracked 
|  26|0x0000000606800000, 0x0000000606c00000, 0x0000000606c00000|100%| O|  |TAMS 0x0000000606c00000, 0x0000000606800000| Untracked 
|  27|0x0000000606c00000, 0x0000000607000000, 0x0000000607000000|100%| O|  |TAMS 0x0000000607000000, 0x0000000606c00000| Untracked 
|  28|0x0000000607000000, 0x0000000607400000, 0x0000000607400000|100%| O|  |TAMS 0x0000000607400000, 0x0000000607000000| Untracked 
|  29|0x0000000607400000, 0x0000000607800000, 0x0000000607800000|100%| O|  |TAMS 0x0000000607800000, 0x0000000607400000| Untracked 
|  30|0x0000000607800000, 0x0000000607c00000, 0x0000000607c00000|100%| O|  |TAMS 0x0000000607c00000, 0x0000000607800000| Untracked 
|  31|0x0000000607c00000, 0x0000000608000000, 0x0000000608000000|100%| O|  |TAMS 0x0000000608000000, 0x0000000607c00000| Untracked 
|  32|0x0000000608000000, 0x0000000608400000, 0x0000000608400000|100%| O|  |TAMS 0x0000000608400000, 0x0000000608000000| Untracked 
|  33|0x0000000608400000, 0x0000000608800000, 0x0000000608800000|100%| O|  |TAMS 0x0000000608800000, 0x0000000608400000| Untracked 
|  34|0x0000000608800000, 0x0000000608c00000, 0x0000000608c00000|100%| O|  |TAMS 0x000000060894c000, 0x0000000608800000| Untracked 
|  35|0x0000000608c00000, 0x0000000608ff0400, 0x0000000609000000| 98%| O|  |TAMS 0x0000000608c00000, 0x0000000608c00000| Untracked 
|  36|0x0000000609000000, 0x0000000609000000, 0x0000000609400000|  0%| F|  |TAMS 0x0000000609000000, 0x0000000609000000| Untracked 
|  37|0x0000000609400000, 0x0000000609400000, 0x0000000609800000|  0%| F|  |TAMS 0x0000000609400000, 0x0000000609400000| Untracked 
|  38|0x0000000609800000, 0x0000000609800000, 0x0000000609c00000|  0%| F|  |TAMS 0x0000000609800000, 0x0000000609800000| Untracked 
|  39|0x0000000609c00000, 0x0000000609c00000, 0x000000060a000000|  0%| F|  |TAMS 0x0000000609c00000, 0x0000000609c00000| Untracked 
|  40|0x000000060a000000, 0x000000060a000000, 0x000000060a400000|  0%| F|  |TAMS 0x000000060a000000, 0x000000060a000000| Untracked 
|  41|0x000000060a400000, 0x000000060a400000, 0x000000060a800000|  0%| F|  |TAMS 0x000000060a400000, 0x000000060a400000| Untracked 
|  42|0x000000060a800000, 0x000000060a800000, 0x000000060ac00000|  0%| F|  |TAMS 0x000000060a800000, 0x000000060a800000| Untracked 
|  43|0x000000060ac00000, 0x000000060ac00000, 0x000000060b000000|  0%| F|  |TAMS 0x000000060ac00000, 0x000000060ac00000| Untracked 
|  44|0x000000060b000000, 0x000000060b000000, 0x000000060b400000|  0%| F|  |TAMS 0x000000060b000000, 0x000000060b000000| Untracked 
|  45|0x000000060b400000, 0x000000060b400000, 0x000000060b800000|  0%| F|  |TAMS 0x000000060b400000, 0x000000060b400000| Untracked 
|  46|0x000000060b800000, 0x000000060b800000, 0x000000060bc00000|  0%| F|  |TAMS 0x000000060b800000, 0x000000060b800000| Untracked 
|  47|0x000000060bc00000, 0x000000060be79000, 0x000000060c000000| 61%| S|CS|TAMS 0x000000060bc00000, 0x000000060bc00000| Complete 
|  48|0x000000060c000000, 0x000000060c000000, 0x000000060c400000|  0%| F|  |TAMS 0x000000060c000000, 0x000000060c000000| Untracked 
|  49|0x000000060c400000, 0x000000060c400000, 0x000000060c800000|  0%| F|  |TAMS 0x000000060c400000, 0x000000060c400000| Untracked 
|  50|0x000000060c800000, 0x000000060c800000, 0x000000060cc00000|  0%| F|  |TAMS 0x000000060c800000, 0x000000060c800000| Untracked 
|  51|0x000000060cc00000, 0x000000060cc00000, 0x000000060d000000|  0%| F|  |TAMS 0x000000060cc00000, 0x000000060cc00000| Untracked 
|  52|0x000000060d000000, 0x000000060d000000, 0x000000060d400000|  0%| F|  |TAMS 0x000000060d000000, 0x000000060d000000| Untracked 
|  53|0x000000060d400000, 0x000000060d800000, 0x000000060d800000|100%| E|CS|TAMS 0x000000060d400000, 0x000000060d400000| Complete 
|  54|0x000000060d800000, 0x000000060d800000, 0x000000060dc00000|  0%| F|  |TAMS 0x000000060d800000, 0x000000060d800000| Untracked 
|  55|0x000000060dc00000, 0x000000060dc00000, 0x000000060e000000|  0%| F|  |TAMS 0x000000060dc00000, 0x000000060dc00000| Untracked 
|  56|0x000000060e000000, 0x000000060e000000, 0x000000060e400000|  0%| F|  |TAMS 0x000000060e000000, 0x000000060e000000| Untracked 
|  57|0x000000060e400000, 0x000000060e400000, 0x000000060e800000|  0%| F|  |TAMS 0x000000060e400000, 0x000000060e400000| Untracked 
|  58|0x000000060e800000, 0x000000060e800000, 0x000000060ec00000|  0%| F|  |TAMS 0x000000060e800000, 0x000000060e800000| Untracked 
|  59|0x000000060ec00000, 0x000000060ec00000, 0x000000060f000000|  0%| F|  |TAMS 0x000000060ec00000, 0x000000060ec00000| Untracked 
|  60|0x000000060f000000, 0x000000060f3141f0, 0x000000060f400000| 76%| E|  |TAMS 0x000000060f000000, 0x000000060f000000| Complete 
|  61|0x000000060f400000, 0x000000060f800000, 0x000000060f800000|100%| E|CS|TAMS 0x000000060f400000, 0x000000060f400000| Complete 
|  62|0x000000060f800000, 0x000000060fc00000, 0x000000060fc00000|100%| E|CS|TAMS 0x000000060f800000, 0x000000060f800000| Complete 
|  63|0x000000060fc00000, 0x0000000610000000, 0x0000000610000000|100%| E|CS|TAMS 0x000000060fc00000, 0x000000060fc00000| Complete 

Card table byte_map: [0x000001f5ed5f0000,0x000001f5ee5f0000] _byte_map_base: 0x000001f5ea5f0000

Marking Bits (Prev, Next): (CMBitMap*) 0x000001f5ff5f01f0, (CMBitMap*) 0x000001f5ff5f0230
 Prev Bits: [0x000001f5ef5f0000, 0x000001f5f75f0000)
 Next Bits: [0x000001f5f75f0000, 0x000001f5ff5f0000)

Polling page: 0x000001f5c2490000

Metaspace:

Usage:
  Non-class:    121.01 MB used.
      Class:     18.26 MB used.
       Both:    139.28 MB used.

Virtual space:
  Non-class space:      128.00 MB reserved,     121.69 MB ( 95%) committed,  2 nodes.
      Class space:        1.00 GB reserved,      18.81 MB (  2%) committed,  1 nodes.
             Both:        1.12 GB reserved,     140.50 MB ( 12%) committed. 

Chunk freelists:
   Non-Class:  5.62 MB
       Class:  13.21 MB
        Both:  18.83 MB

MaxMetaspaceSize: 4.00 GB
CompressedClassSpaceSize: 1.00 GB
Initial GC threshold: 21.00 MB
Current GC threshold: 232.81 MB
CDS: on
MetaspaceReclaimPolicy: balanced
 - commit_granule_bytes: 65536.
 - commit_granule_words: 8192.
 - virtual_space_node_default_size: 8388608.
 - enlarge_chunks_in_place: 1.
 - new_chunks_are_fully_committed: 0.
 - uncommit_free_chunks: 1.
 - use_allocation_guard: 0.
 - handle_deallocations: 1.


Internal statistics:

num_allocs_failed_limit: 6.
num_arena_births: 1754.
num_arena_deaths: 2.
num_vsnodes_births: 3.
num_vsnodes_deaths: 0.
num_space_committed: 2247.
num_space_uncommitted: 0.
num_chunks_returned_to_freelist: 11.
num_chunks_taken_from_freelist: 7527.
num_chunk_merges: 6.
num_chunk_splits: 5329.
num_chunks_enlarged: 3897.
num_inconsistent_stats: 0.

CodeHeap 'non-profiled nmethods': size=259264Kb used=9364Kb max_used=9557Kb free=249900Kb
 bounds [0x000001f5dc360000, 0x000001f5dccc0000, 0x000001f5ec090000]
CodeHeap 'profiled nmethods': size=259264Kb used=33575Kb max_used=35042Kb free=225688Kb
 bounds [0x000001f5cc090000, 0x000001f5ce2d0000, 0x000001f5dbdc0000]
CodeHeap 'non-nmethods': size=5760Kb used=1934Kb max_used=2036Kb free=3825Kb
 bounds [0x000001f5dbdc0000, 0x000001f5dc030000, 0x000001f5dc360000]
 total_blobs=15998 nmethods=14919 adapters=989
 compilation: enabled
              stopped_count=0, restarted_count=0
 full_count=0

Compilation events (20 events):
Event: 255.436 Thread 0x000001f64517a3f0 17412   !   3       java.io.ObjectStreamClass::invokeWriteObject (79 bytes)
Event: 255.438 Thread 0x000001f64517a3f0 nmethod 17412 0x000001f5cdf10d10 code [0x000001f5cdf10fa0, 0x000001f5cdf11da8]
Event: 255.438 Thread 0x000001f64517a3f0 17413       3       java.io.ObjectOutputStream::defaultWriteObject (54 bytes)
Event: 255.439 Thread 0x000001f64517a3f0 nmethod 17413 0x000001f5cdaaa090 code [0x000001f5cdaaa2c0, 0x000001f5cdaaa948]
Event: 255.440 Thread 0x000001f64517a3f0 17415       3       org.jetbrains.kotlin.statistics.fileloggers.MetricsContainer$MetricDescriptor::compareTo (9 bytes)
Event: 255.441 Thread 0x000001f64517a3f0 nmethod 17415 0x000001f5cdaa9b10 code [0x000001f5cdaa9cc0, 0x000001f5cdaa9ee8]
Event: 255.441 Thread 0x000001f64517a3f0 17416       3       org.jetbrains.kotlin.statistics.fileloggers.MetricsContainer$MetricDescriptor::compareTo (71 bytes)
Event: 255.442 Thread 0x000001f64517a3f0 nmethod 17416 0x000001f5cdaa2e10 code [0x000001f5cdaa3080, 0x000001f5cdaa3988]
Event: 255.451 Thread 0x000001f64517a3f0 17417       3       java.io.File::lastModified (33 bytes)
Event: 255.451 Thread 0x000001f64517a3f0 nmethod 17417 0x000001f5ccee4e90 code [0x000001f5ccee5080, 0x000001f5ccee5488]
Event: 255.502 Thread 0x000001f64517a3f0 17418       3       org.gradle.internal.logging.events.RenderableOutputEvent::<init> (15 bytes)
Event: 255.502 Thread 0x000001f64517a3f0 nmethod 17418 0x000001f5ccee4810 code [0x000001f5ccee49c0, 0x000001f5ccee4d18]
Event: 255.502 Thread 0x000001f64517a3f0 17419   !   3       java.nio.charset.CharsetEncoder::encode (273 bytes)
Event: 255.504 Thread 0x000001f64517a3f0 nmethod 17419 0x000001f5cd234110 code [0x000001f5cd234420, 0x000001f5cd235668]
Event: 255.505 Thread 0x000001f64517a3f0 17421       3       org.gradle.internal.file.FileHierarchySet$Node::isChildOfOrThis (110 bytes)
Event: 255.507 Thread 0x000001f64517a3f0 nmethod 17421 0x000001f5cc1c0f90 code [0x000001f5cc1c12c0, 0x000001f5cc1c2738]
Event: 255.507 Thread 0x000001f64517a3f0 17422       3       org.gradle.internal.file.FileHierarchySet$Node::contains (101 bytes)
Event: 255.508 Thread 0x000001f64517a3f0 nmethod 17422 0x000001f5cd43ae90 code [0x000001f5cd43b0e0, 0x000001f5cd43ba98]
Event: 255.508 Thread 0x000001f64517a3f0 17420       3       org.gradle.internal.logging.console.StyledTextOutputBackedRenderer$OutputEventTextOutputImpl::doEndLine (17 bytes)
Event: 255.508 Thread 0x000001f64517a3f0 nmethod 17420 0x000001f5ccee4310 code [0x000001f5ccee44c0, 0x000001f5ccee46a8]

GC Heap History (20 events):
Event: 214.331 GC heap before
{Heap before GC invocations=56 (full 0):
 garbage-first heap   total 180224K, used 137413K [0x0000000600000000, 0x0000000800000000)
  region size 4096K, 15 young (61440K), 1 survivors (4096K)
 Metaspace       used 133827K, committed 134912K, reserved 1179648K
  class space    used 17743K, committed 18240K, reserved 1048576K
}
Event: 214.341 GC heap after
{Heap after GC invocations=57 (full 0):
 garbage-first heap   total 180224K, used 83809K [0x0000000600000000, 0x0000000800000000)
  region size 4096K, 2 young (8192K), 2 survivors (8192K)
 Metaspace       used 133827K, committed 134912K, reserved 1179648K
  class space    used 17743K, committed 18240K, reserved 1048576K
}
Event: 218.698 GC heap before
{Heap before GC invocations=57 (full 0):
 garbage-first heap   total 180224K, used 137057K [0x0000000600000000, 0x0000000800000000)
  region size 4096K, 15 young (61440K), 2 survivors (8192K)
 Metaspace       used 135568K, committed 136704K, reserved 1179648K
  class space    used 17967K, committed 18496K, reserved 1048576K
}
Event: 218.712 GC heap after
{Heap after GC invocations=58 (full 0):
 garbage-first heap   total 180224K, used 86525K [0x0000000600000000, 0x0000000800000000)
  region size 4096K, 2 young (8192K), 2 survivors (8192K)
 Metaspace       used 135568K, committed 136704K, reserved 1179648K
  class space    used 17967K, committed 18496K, reserved 1048576K
}
Event: 224.478 GC heap before
{Heap before GC invocations=58 (full 0):
 garbage-first heap   total 180224K, used 143869K [0x0000000600000000, 0x0000000800000000)
  region size 4096K, 16 young (65536K), 2 survivors (8192K)
 Metaspace       used 138087K, committed 139264K, reserved 1179648K
  class space    used 18203K, committed 18752K, reserved 1048576K
}
Event: 224.502 GC heap after
{Heap after GC invocations=59 (full 0):
 garbage-first heap   total 180224K, used 91183K [0x0000000600000000, 0x0000000800000000)
  region size 4096K, 2 young (8192K), 2 survivors (8192K)
 Metaspace       used 138087K, committed 139264K, reserved 1179648K
  class space    used 18203K, committed 18752K, reserved 1048576K
}
Event: 226.728 GC heap before
{Heap before GC invocations=60 (full 0):
 garbage-first heap   total 184320K, used 140335K [0x0000000600000000, 0x0000000800000000)
  region size 4096K, 14 young (57344K), 2 survivors (8192K)
 Metaspace       used 138205K, committed 139392K, reserved 1179648K
  class space    used 18206K, committed 18752K, reserved 1048576K
}
Event: 226.759 GC heap after
{Heap after GC invocations=61 (full 0):
 garbage-first heap   total 184320K, used 105829K [0x0000000600000000, 0x0000000800000000)
  region size 4096K, 2 young (8192K), 2 survivors (8192K)
 Metaspace       used 138205K, committed 139392K, reserved 1179648K
  class space    used 18206K, committed 18752K, reserved 1048576K
}
Event: 227.412 GC heap before
{Heap before GC invocations=61 (full 0):
 garbage-first heap   total 184320K, used 138597K [0x0000000600000000, 0x0000000800000000)
  region size 4096K, 10 young (40960K), 2 survivors (8192K)
 Metaspace       used 138404K, committed 139584K, reserved 1179648K
  class space    used 18213K, committed 18752K, reserved 1048576K
}
Event: 227.434 GC heap after
{Heap after GC invocations=62 (full 0):
 garbage-first heap   total 221184K, used 118241K [0x0000000600000000, 0x0000000800000000)
  region size 4096K, 2 young (8192K), 2 survivors (8192K)
 Metaspace       used 138404K, committed 139584K, reserved 1179648K
  class space    used 18213K, committed 18752K, reserved 1048576K
}
Event: 229.484 GC heap before
{Heap before GC invocations=63 (full 0):
 garbage-first heap   total 221184K, used 163297K [0x0000000600000000, 0x0000000800000000)
  region size 4096K, 13 young (53248K), 2 survivors (8192K)
 Metaspace       used 138536K, committed 139712K, reserved 1179648K
  class space    used 18213K, committed 18752K, reserved 1048576K
}
Event: 229.505 GC heap after
{Heap after GC invocations=64 (full 0):
 garbage-first heap   total 221184K, used 132724K [0x0000000600000000, 0x0000000800000000)
  region size 4096K, 2 young (8192K), 2 survivors (8192K)
 Metaspace       used 138536K, committed 139712K, reserved 1179648K
  class space    used 18213K, committed 18752K, reserved 1048576K
}
Event: 229.521 GC heap before
{Heap before GC invocations=64 (full 0):
 garbage-first heap   total 221184K, used 136820K [0x0000000600000000, 0x0000000800000000)
  region size 4096K, 3 young (12288K), 2 survivors (8192K)
 Metaspace       used 138536K, committed 139712K, reserved 1179648K
  class space    used 18213K, committed 18752K, reserved 1048576K
}
Event: 229.544 GC heap after
{Heap after GC invocations=65 (full 0):
 garbage-first heap   total 221184K, used 130943K [0x0000000600000000, 0x0000000800000000)
  region size 4096K, 1 young (4096K), 1 survivors (4096K)
 Metaspace       used 138536K, committed 139712K, reserved 1179648K
  class space    used 18213K, committed 18752K, reserved 1048576K
}
Event: 231.935 GC heap before
{Heap before GC invocations=65 (full 0):
 garbage-first heap   total 221184K, used 163711K [0x0000000600000000, 0x0000000800000000)
  region size 4096K, 9 young (36864K), 1 survivors (4096K)
 Metaspace       used 139288K, committed 140416K, reserved 1179648K
  class space    used 18249K, committed 18816K, reserved 1048576K
}
Event: 231.949 GC heap after
{Heap after GC invocations=66 (full 0):
 garbage-first heap   total 221184K, used 139817K [0x0000000600000000, 0x0000000800000000)
  region size 4096K, 2 young (8192K), 2 survivors (8192K)
 Metaspace       used 139288K, committed 140416K, reserved 1179648K
  class space    used 18249K, committed 18816K, reserved 1048576K
}
Event: 233.596 GC heap before
{Heap before GC invocations=66 (full 0):
 garbage-first heap   total 221184K, used 168489K [0x0000000600000000, 0x0000000800000000)
  region size 4096K, 9 young (36864K), 2 survivors (8192K)
 Metaspace       used 139918K, committed 141120K, reserved 1179648K
  class space    used 18277K, committed 18816K, reserved 1048576K
}
Event: 233.613 GC heap after
{Heap after GC invocations=67 (full 0):
 garbage-first heap   total 221184K, used 147244K [0x0000000600000000, 0x0000000800000000)
  region size 4096K, 2 young (8192K), 2 survivors (8192K)
 Metaspace       used 139918K, committed 141120K, reserved 1179648K
  class space    used 18277K, committed 18816K, reserved 1048576K
}
Event: 253.730 GC heap before
{Heap before GC invocations=67 (full 0):
 garbage-first heap   total 221184K, used 171820K [0x0000000600000000, 0x0000000800000000)
  region size 4096K, 8 young (32768K), 2 survivors (8192K)
 Metaspace       used 141741K, committed 142912K, reserved 1179648K
  class space    used 18544K, committed 19072K, reserved 1048576K
}
Event: 253.740 GC heap after
{Heap after GC invocations=68 (full 0):
 garbage-first heap   total 221184K, used 149609K [0x0000000600000000, 0x0000000800000000)
  region size 4096K, 1 young (4096K), 1 survivors (4096K)
 Metaspace       used 141741K, committed 142912K, reserved 1179648K
  class space    used 18544K, committed 19072K, reserved 1048576K
}

Dll operation events (15 events):
Event: 0.147 Loaded shared library C:\Program Files\Eclipse Adoptium\jdk-17.0.19.10-hotspot\bin\java.dll
Event: 0.235 Loaded shared library C:\Program Files\Eclipse Adoptium\jdk-17.0.19.10-hotspot\bin\jsvml.dll
Event: 0.451 Loaded shared library C:\Program Files\Eclipse Adoptium\jdk-17.0.19.10-hotspot\bin\zip.dll
Event: 0.455 Loaded shared library C:\Program Files\Eclipse Adoptium\jdk-17.0.19.10-hotspot\bin\instrument.dll
Event: 0.467 Loaded shared library C:\Program Files\Eclipse Adoptium\jdk-17.0.19.10-hotspot\bin\net.dll
Event: 0.471 Loaded shared library C:\Program Files\Eclipse Adoptium\jdk-17.0.19.10-hotspot\bin\nio.dll
Event: 0.475 Loaded shared library C:\Program Files\Eclipse Adoptium\jdk-17.0.19.10-hotspot\bin\zip.dll
Event: 2.311 Loaded shared library C:\Program Files\Eclipse Adoptium\jdk-17.0.19.10-hotspot\bin\jimage.dll
Event: 3.500 Loaded shared library C:\Program Files\Eclipse Adoptium\jdk-17.0.19.10-hotspot\bin\verify.dll
Event: 3.610 Loaded shared library C:\Users\admin\.gradle\native\1def1411415f61bf3af743bc5b6707747c0891f09f0c88961ee8f79bc544acac\windows-amd64\native-platform.dll
Event: 3.654 Loaded shared library C:\Users\admin\.gradle\native\0.2.8\x86_64-windows-gnu\gradle-fileevents.dll
Event: 8.306 Loaded shared library C:\Program Files\Eclipse Adoptium\jdk-17.0.19.10-hotspot\bin\management.dll
Event: 8.313 Loaded shared library C:\Program Files\Eclipse Adoptium\jdk-17.0.19.10-hotspot\bin\management_ext.dll
Event: 9.688 Loaded shared library C:\Program Files\Eclipse Adoptium\jdk-17.0.19.10-hotspot\bin\extnet.dll
Event: 10.405 Loaded shared library C:\Program Files\Eclipse Adoptium\jdk-17.0.19.10-hotspot\bin\sunmscapi.dll

Deoptimization events (20 events):
Event: 255.421 Thread 0x000001f646a02fd0 DEOPT PACKING pc=0x000001f5cd72a89c sp=0x000000bc0b5fa090
Event: 255.422 Thread 0x000001f646a02fd0 DEOPT UNPACKING pc=0x000001f5dbe17143 sp=0x000000bc0b5f9580 mode 1
Event: 255.424 Thread 0x000001f646a02fd0 DEOPT PACKING pc=0x000001f5cd72a89c sp=0x000000bc0b5fa8e0
Event: 255.424 Thread 0x000001f646a02fd0 DEOPT UNPACKING pc=0x000001f5dbe17143 sp=0x000000bc0b5f9dd0 mode 1
Event: 255.429 Thread 0x000001f646a02fd0 DEOPT PACKING pc=0x000001f5cd72a89c sp=0x000000bc0b5fb270
Event: 255.429 Thread 0x000001f646a02fd0 DEOPT UNPACKING pc=0x000001f5dbe17143 sp=0x000000bc0b5fa760 mode 1
Event: 255.432 Thread 0x000001f646a02fd0 DEOPT PACKING pc=0x000001f5cd72a89c sp=0x000000bc0b5fc2d0
Event: 255.432 Thread 0x000001f646a02fd0 DEOPT UNPACKING pc=0x000001f5dbe17143 sp=0x000000bc0b5fb7c0 mode 1
Event: 255.439 Thread 0x000001f646a02fd0 Uncommon trap: trap_request=0xffffffc6 fr.pc=0x000001f5dc5c8740 relative=0x0000000000000280
Event: 255.439 Thread 0x000001f646a02fd0 Uncommon trap: reason=bimorphic_or_optimized_type_check action=maybe_recompile pc=0x000001f5dc5c8740 method=java.util.Spliterators$IteratorSpliterator.tryAdvance(Ljava/util/function/Consumer;)Z @ 50 c2
Event: 255.439 Thread 0x000001f646a02fd0 DEOPT PACKING pc=0x000001f5dc5c8740 sp=0x000000bc0b5fa750
Event: 255.439 Thread 0x000001f646a02fd0 DEOPT UNPACKING pc=0x000001f5dbe169a3 sp=0x000000bc0b5fa6f0 mode 2
Event: 255.439 Thread 0x000001f646a02fd0 Uncommon trap: trap_request=0xffffffc6 fr.pc=0x000001f5dc5c8740 relative=0x0000000000000280
Event: 255.439 Thread 0x000001f646a02fd0 Uncommon trap: reason=bimorphic_or_optimized_type_check action=maybe_recompile pc=0x000001f5dc5c8740 method=java.util.Spliterators$IteratorSpliterator.tryAdvance(Ljava/util/function/Consumer;)Z @ 50 c2
Event: 255.439 Thread 0x000001f646a02fd0 DEOPT PACKING pc=0x000001f5dc5c8740 sp=0x000000bc0b5fa740
Event: 255.439 Thread 0x000001f646a02fd0 DEOPT UNPACKING pc=0x000001f5dbe169a3 sp=0x000000bc0b5fa6e0 mode 2
Event: 255.454 Thread 0x000001f646a02fd0 Uncommon trap: trap_request=0xffffffc6 fr.pc=0x000001f5dc9c4a20 relative=0x0000000000000060
Event: 255.454 Thread 0x000001f646a02fd0 Uncommon trap: reason=bimorphic_or_optimized_type_check action=maybe_recompile pc=0x000001f5dc9c4a20 method=java.util.AbstractQueue.add(Ljava/lang/Object;)Z @ 2 c2
Event: 255.454 Thread 0x000001f646a02fd0 DEOPT PACKING pc=0x000001f5dc9c4a20 sp=0x000000bc0b5fabb0
Event: 255.454 Thread 0x000001f646a02fd0 DEOPT UNPACKING pc=0x000001f5dbe169a3 sp=0x000000bc0b5fab78 mode 2

Classes loaded (20 events):
Event: 220.840 Loading class java/lang/NegativeArraySizeException
Event: 220.840 Loading class java/lang/NegativeArraySizeException done
Event: 221.237 Loading class java/security/PermissionsEnumerator
Event: 221.239 Loading class java/security/PermissionsEnumerator done
Event: 221.371 Loading class java/util/LinkedList$DescendingIterator
Event: 221.373 Loading class java/util/LinkedList$DescendingIterator done
Event: 222.623 Loading class sun/nio/cs/ISO_8859_1$Encoder
Event: 222.626 Loading class sun/nio/cs/ISO_8859_1$Encoder done
Event: 222.631 Loading class sun/nio/cs/Surrogate$Parser
Event: 222.631 Loading class sun/nio/cs/Surrogate$Parser done
Event: 222.631 Loading class sun/nio/cs/Surrogate
Event: 222.631 Loading class sun/nio/cs/Surrogate done
Event: 253.772 Loading class java/util/TreeMap$KeySpliterator
Event: 253.797 Loading class java/util/TreeMap$TreeMapSpliterator
Event: 253.801 Loading class java/util/TreeMap$TreeMapSpliterator done
Event: 253.801 Loading class java/util/TreeMap$KeySpliterator done
Event: 254.808 Loading class java/util/stream/ReduceOps$6
Event: 254.808 Loading class java/util/stream/ReduceOps$6 done
Event: 254.808 Loading class java/util/stream/ReduceOps$5ReducingSink
Event: 254.809 Loading class java/util/stream/ReduceOps$5ReducingSink done

Classes unloaded (5 events):
Event: 227.612 Thread 0x000001f5ff7acd20 Unloading class 0x000001f602240000 '_BuildScript_$_run_closure1$_closure2'
Event: 227.612 Thread 0x000001f5ff7acd20 Unloading class 0x000001f602238a58 '_BuildScript_$_run_closure1'
Event: 227.612 Thread 0x000001f5ff7acd20 Unloading class 0x000001f602238568 '_BuildScript_'
Event: 227.612 Thread 0x000001f5ff7acd20 Unloading class 0x000001f6022382b0 'GradleAnnotationProcessorPatchPlugin$AnnotationProcessorModelBuilder'
Event: 227.612 Thread 0x000001f5ff7acd20 Unloading class 0x000001f602238000 'GradleAnnotationProcessorPatchPlugin'

Classes redefined (0 events):
No events

Internal exceptions (20 events):
Event: 234.359 Thread 0x000001f646a02fd0 Exception <a 'java/lang/ClassNotFoundException'{0x000000060d3ee0e0}: GradleAnnotationProcessorPatchPlugin$AnnotationProcessorModelBuilderCustomizer> (0x000000060d3ee0e0) 
thrown [s\src\hotspot\share\classfile\systemDictionary.cpp, line 256]
Event: 234.371 Thread 0x000001f646a02fd0 Exception <a 'java/lang/ClassNotFoundException'{0x000000060cc5baf0}: org/gradle/tooling/provider/model/internal/DefaultToolingModelBuilderRegistryBeanInfo> (0x000000060cc5baf0) 
thrown [s\src\hotspot\share\classfile\systemDictionary.cpp, line 256]
Event: 234.373 Thread 0x000001f646a02fd0 Exception <a 'java/lang/ClassNotFoundException'{0x000000060cc773f8}: org/gradle/tooling/provider/model/internal/DefaultToolingModelBuilderRegistryCustomizer> (0x000000060cc773f8) 
thrown [s\src\hotspot\share\classfile\systemDictionary.cpp, line 256]
Event: 234.468 Thread 0x000001f646a02fd0 Implicit null exception at 0x000001f5dc95f395 to 0x000001f5dc964c80
Event: 234.468 Thread 0x000001f646a02fd0 Implicit null exception at 0x000001f5dc94a9a9 to 0x000001f5dc94ac5c
Event: 234.468 Thread 0x000001f646a02fd0 Implicit null exception at 0x000001f5dc95f395 to 0x000001f5dc964c80
Event: 253.381 Thread 0x000001f646a04410 Implicit null exception at 0x000001f5dc95f395 to 0x000001f5dc964c80
Event: 253.381 Thread 0x000001f646a04410 Implicit null exception at 0x000001f5dc95f395 to 0x000001f5dc964c80
Event: 253.390 Thread 0x000001f646a04410 Exception <a 'java/lang/NoSuchMethodError'{0x000000060c0c89e8}: 'java.lang.Object java.lang.invoke.DirectMethodHandle$Holder.newInvokeSpecial(java.lang.Object, java.lang.Object, int, java.lang.Object, java.lang.Object)'> (0x000000060c0c89e8) 
thrown [s\src\hotspot\share\interpreter\linkResolver.cpp, line 759]
Event: 253.390 Thread 0x000001f646a04410 Exception <a 'java/lang/NoSuchMethodError'{0x000000060c0cc968}: 'java.lang.Object java.lang.invoke.Invokers$Holder.linkToTargetMethod(java.lang.Object, int, java.lang.Object, java.lang.Object, java.lang.Object)'> (0x000000060c0cc968) 
thrown [s\src\hotspot\share\interpreter\linkResolver.cpp, line 759]
Event: 253.884 Thread 0x000001f648e19900 Exception <a 'java/lang/NoSuchMethodError'{0x000000060d453b58}: static Lorg/gradle/internal/build/event/types/DefaultTaskStartedProgressEvent;.<clinit>()V> (0x000000060d453b58) 
thrown [s\src\hotspot\share\prims\jni.cpp, line 1112]
Event: 253.907 Thread 0x000001f648e19900 Exception <a 'java/lang/NoSuchMethodError'{0x000000060d45e660}: static Lorg/gradle/internal/build/event/types/DefaultTaskDescriptor;.<clinit>()V> (0x000000060d45e660) 
thrown [s\src\hotspot\share\prims\jni.cpp, line 1112]
Event: 254.098 Thread 0x000001f648e19900 Exception <a 'java/lang/NoSuchMethodError'{0x000000060d4f7a88}: static Lorg/gradle/internal/build/event/types/DefaultTaskFinishedProgressEvent;.<clinit>()V> (0x000000060d4f7a88) 
thrown [s\src\hotspot\share\prims\jni.cpp, line 1112]
Event: 254.100 Thread 0x000001f648e19900 Exception <a 'java/lang/NoSuchMethodError'{0x000000060d50a568}: static Lorg/gradle/internal/build/event/types/DefaultTaskSkippedResult;.<clinit>()V> (0x000000060d50a568) 
thrown [s\src\hotspot\share\prims\jni.cpp, line 1112]
Event: 254.100 Thread 0x000001f648e19900 Exception <a 'java/lang/NoSuchMethodError'{0x000000060d50b928}: static Lorg/gradle/internal/build/event/types/AbstractTaskResult;.<clinit>()V> (0x000000060d50b928) 
thrown [s\src\hotspot\share\prims\jni.cpp, line 1112]
Event: 254.147 Thread 0x000001f646a04410 Exception <a 'java/lang/NoSuchMethodError'{0x000000060d56c160}: 'void java.lang.invoke.DirectMethodHandle$Holder.invokeSpecial(java.lang.Object, java.lang.Object, java.lang.Object, java.lang.Object, int, java.lang.Object, java.lang.Object)'> (0x000000060d56c160) 
thrown [s\src\hotspot\share\interpreter\linkResolver.cpp, line 759]
Event: 254.836 Thread 0x000001f646a04410 Exception <a 'java/lang/NoSuchMethodError'{0x000000060fcb7fd8}: 'int java.lang.invoke.DirectMethodHandle$Holder.invokeSpecial(java.lang.Object, java.lang.Object, java.lang.Object, java.lang.Object, java.lang.Object, int, java.lang.Object)'> (0x000000060fcb7fd8) 
thrown [s\src\hotspot\share\interpreter\linkResolver.cpp, line 759]
Event: 255.324 Thread 0x000001f646a04410 Exception <a 'java/lang/OutOfMemoryError'{0x000000060f9cdcd8}: unable to create native thread: possibly out of memory or process/resource limits reached> (0x000000060f9cdcd8) 
thrown [s\src\hotspot\share\prims\jvm.cpp, line 2923]
Event: 255.357 Thread 0x000001f648e19900 Exception <a 'java/lang/NoSuchMethodError'{0x000000060fbc9df0}: static Lorg/gradle/internal/build/event/types/DefaultTaskFailureResult;.<clinit>()V> (0x000000060fbc9df0) 
thrown [s\src\hotspot\share\prims\jni.cpp, line 1112]
Event: 255.459 Thread 0x000001f646a02fd0 Exception <a 'sun/nio/fs/WindowsException'{0x000000060f0be320}> (0x000000060f0be320) 
thrown [s\src\hotspot\share\prims\jni.cpp, line 516]

VM Operations (20 events):
Event: 253.837 Executing VM operation: HandshakeAllThreads
Event: 253.837 Executing VM operation: HandshakeAllThreads done
Event: 253.989 Executing VM operation: G1PauseRemark
Event: 254.061 Executing VM operation: G1PauseRemark done
Event: 254.189 Executing VM operation: G1PauseCleanup
Event: 254.190 Executing VM operation: G1PauseCleanup done
Event: 254.820 Executing VM operation: HandshakeAllThreads
Event: 254.820 Executing VM operation: HandshakeAllThreads done
Event: 254.823 Executing VM operation: HandshakeAllThreads
Event: 254.824 Executing VM operation: HandshakeAllThreads done
Event: 254.852 Executing VM operation: HandshakeAllThreads
Event: 254.852 Executing VM operation: HandshakeAllThreads done
Event: 254.903 Executing VM operation: HandshakeAllThreads
Event: 254.903 Executing VM operation: HandshakeAllThreads done
Event: 254.906 Executing VM operation: HandshakeAllThreads
Event: 254.906 Executing VM operation: HandshakeAllThreads done
Event: 255.409 Executing VM operation: HandshakeAllThreads
Event: 255.409 Executing VM operation: HandshakeAllThreads done
Event: 255.409 Executing VM operation: Cleanup
Event: 255.409 Executing VM operation: Cleanup done

Memory protections (0 events):
No events

Nmethod flushes (20 events):
Event: 234.448 Thread 0x000001f645182510 flushing  nmethod 0x000001f5cdbdce90
Event: 234.448 Thread 0x000001f645182510 flushing  nmethod 0x000001f5cdbe6190
Event: 234.449 Thread 0x000001f645182510 flushing  nmethod 0x000001f5cdcd3390
Event: 234.450 Thread 0x000001f645182510 flushing  nmethod 0x000001f5cdd26a90
Event: 234.450 Thread 0x000001f645182510 flushing  nmethod 0x000001f5cdd7ff90
Event: 234.450 Thread 0x000001f645182510 flushing  nmethod 0x000001f5cdd85890
Event: 234.450 Thread 0x000001f645182510 flushing  nmethod 0x000001f5cdd88810
Event: 234.451 Thread 0x000001f645182510 flushing  nmethod 0x000001f5cddb2f90
Event: 234.451 Thread 0x000001f645182510 flushing  nmethod 0x000001f5cde22410
Event: 234.451 Thread 0x000001f645182510 flushing  nmethod 0x000001f5cde4d310
Event: 234.451 Thread 0x000001f645182510 flushing  nmethod 0x000001f5cde6a690
Event: 234.452 Thread 0x000001f645182510 flushing  nmethod 0x000001f5cde90a90
Event: 234.452 Thread 0x000001f645182510 flushing  nmethod 0x000001f5cde9eb90
Event: 234.452 Thread 0x000001f645182510 flushing  nmethod 0x000001f5cde9f490
Event: 234.452 Thread 0x000001f645182510 flushing  nmethod 0x000001f5cdea6d90
Event: 234.452 Thread 0x000001f645182510 flushing  nmethod 0x000001f5cdeb1290
Event: 234.452 Thread 0x000001f645182510 flushing  nmethod 0x000001f5cdf10d10
Event: 234.452 Thread 0x000001f645182510 flushing  nmethod 0x000001f5cdf11590
Event: 234.452 Thread 0x000001f645182510 flushing  nmethod 0x000001f5cdf1b610
Event: 234.453 Thread 0x000001f645182510 flushing  nmethod 0x000001f5ce00b490

Events (20 events):
Event: 225.269 Thread 0x000001f64517a3f0 Thread added: 0x000001f64aa40e00
Event: 226.957 Thread 0x000001f64aa40e00 Thread exited: 0x000001f64aa40e00
Event: 227.006 Thread 0x000001f5ff7ceb30 Thread added: 0x000001f64add86d0
Event: 229.073 Thread 0x000001f64add86d0 Thread exited: 0x000001f64add86d0
Event: 253.319 Thread 0x000001f64517a3f0 Thread added: 0x000001f6547c4970
Event: 253.352 Thread 0x000001f646a02fd0 Thread added: 0x000001f646a04410
Event: 253.394 Thread 0x000001f646a04410 Thread added: 0x000001f646a04920
Event: 253.395 Thread 0x000001f646a04410 Thread added: 0x000001f646a025b0
Event: 253.397 Thread 0x000001f646a04410 Thread added: 0x000001f646a03f00
Event: 253.397 Thread 0x000001f646a04410 Thread added: 0x000001f646a034e0
Event: 253.397 Thread 0x000001f646a04410 Thread added: 0x000001f646a020a0
Event: 253.397 Thread 0x000001f646a04410 Thread added: 0x000001f646a02ac0
Event: 253.398 Thread 0x000001f646a04410 Thread added: 0x000001f6476dadc0
Event: 253.541 Thread 0x000001f6547c4970 Thread exited: 0x000001f6547c4970
Event: 253.572 Thread 0x000001f646a04410 Thread added: 0x000001f6476d9470
Event: 254.988 Thread 0x000001f64517a3f0 Thread added: 0x000001f6547c5410
Event: 255.307 Thread 0x000001f646a04410 Thread added: 0x000001f6455e0dd0
Event: 255.307 Thread 0x000001f646a04410 Thread added: 0x000001f6455e3650
Event: 255.309 Thread 0x000001f646a04410 Thread added: 0x000001f65367c920
Event: 255.454 Thread 0x000001f65367b9f0 Thread exited: 0x000001f65367b9f0


Dynamic libraries:
0x00007ff611d00000 - 0x00007ff611d0e000 	C:\Program Files\Eclipse Adoptium\jdk-17.0.19.10-hotspot\bin\java.exe
0x00007ffc36af0000 - 0x00007ffc36d07000 	C:\WINDOWS\SYSTEM32\ntdll.dll
0x00007ffc353c0000 - 0x00007ffc35484000 	C:\WINDOWS\System32\KERNEL32.DLL
0x00007ffc34020000 - 0x00007ffc343f2000 	C:\WINDOWS\System32\KERNELBASE.dll
0x00007ffc344b0000 - 0x00007ffc345c1000 	C:\WINDOWS\System32\ucrtbase.dll
0x00007ffc2c2f0000 - 0x00007ffc2c308000 	C:\Program Files\Eclipse Adoptium\jdk-17.0.19.10-hotspot\bin\jli.dll
0x00007ffc35900000 - 0x00007ffc35ab1000 	C:\WINDOWS\System32\USER32.dll
0x00007ffc33f50000 - 0x00007ffc33f76000 	C:\WINDOWS\System32\win32u.dll
0x00007ffc35bb0000 - 0x00007ffc35bd9000 	C:\WINDOWS\System32\GDI32.dll
0x00007ffc345d0000 - 0x00007ffc346f3000 	C:\WINDOWS\System32\gdi32full.dll
0x00007ffc33f80000 - 0x00007ffc3401a000 	C:\WINDOWS\System32\msvcp_win.dll
0x00007ffc2c2b0000 - 0x00007ffc2c2ce000 	C:\Program Files\Eclipse Adoptium\jdk-17.0.19.10-hotspot\bin\VCRUNTIME140.dll
0x00007ffc1eab0000 - 0x00007ffc1ed4b000 	C:\WINDOWS\WinSxS\amd64_microsoft.windows.common-controls_6595b64144ccf1df_6.0.22621.5547_none_27104afb73855772\COMCTL32.dll
0x00007ffc356b0000 - 0x00007ffc35757000 	C:\WINDOWS\System32\msvcrt.dll
0x00007ffc35be0000 - 0x00007ffc35c11000 	C:\WINDOWS\System32\IMM32.DLL
0x00007ffc2bb70000 - 0x00007ffc2bb7c000 	C:\Program Files\Eclipse Adoptium\jdk-17.0.19.10-hotspot\bin\vcruntime140_1.dll
0x00007ffc11670000 - 0x00007ffc116fd000 	C:\Program Files\Eclipse Adoptium\jdk-17.0.19.10-hotspot\bin\msvcp140.dll
0x00007ffbb9070000 - 0x00007ffbb9cdc000 	C:\Program Files\Eclipse Adoptium\jdk-17.0.19.10-hotspot\bin\server\jvm.dll
0x00007ffc35c20000 - 0x00007ffc35cd1000 	C:\WINDOWS\System32\ADVAPI32.dll
0x00007ffc35f00000 - 0x00007ffc35fa8000 	C:\WINDOWS\System32\sechost.dll
0x00007ffc34480000 - 0x00007ffc344a8000 	C:\WINDOWS\System32\bcrypt.dll
0x00007ffc367f0000 - 0x00007ffc36904000 	C:\WINDOWS\System32\RPCRT4.dll
0x00007ffc35ac0000 - 0x00007ffc35b31000 	C:\WINDOWS\System32\WS2_32.dll
0x00007ffc33850000 - 0x00007ffc3389d000 	C:\WINDOWS\SYSTEM32\POWRPROF.dll
0x00007ffc2aea0000 - 0x00007ffc2aed4000 	C:\WINDOWS\SYSTEM32\WINMM.dll
0x00007ffc267a0000 - 0x00007ffc267aa000 	C:\WINDOWS\SYSTEM32\VERSION.dll
0x00007ffc33830000 - 0x00007ffc33843000 	C:\WINDOWS\SYSTEM32\UMPDC.dll
0x00007ffc32bd0000 - 0x00007ffc32be8000 	C:\WINDOWS\SYSTEM32\kernel.appcore.dll
0x00007ffc2bb60000 - 0x00007ffc2bb6a000 	C:\Program Files\Eclipse Adoptium\jdk-17.0.19.10-hotspot\bin\jimage.dll
0x00007ffc2e350000 - 0x00007ffc2e583000 	C:\WINDOWS\SYSTEM32\DBGHELP.DLL
0x00007ffc36450000 - 0x00007ffc367e3000 	C:\WINDOWS\System32\combase.dll
0x00007ffc34830000 - 0x00007ffc34907000 	C:\WINDOWS\System32\OLEAUT32.dll
0x00007ffc1ce00000 - 0x00007ffc1ce32000 	C:\WINDOWS\SYSTEM32\dbgcore.DLL
0x00007ffc34400000 - 0x00007ffc3447b000 	C:\WINDOWS\System32\bcryptPrimitives.dll
0x00007ffc29560000 - 0x00007ffc2956e000 	C:\Program Files\Eclipse Adoptium\jdk-17.0.19.10-hotspot\bin\instrument.dll
0x00007ffc28a20000 - 0x00007ffc28a45000 	C:\Program Files\Eclipse Adoptium\jdk-17.0.19.10-hotspot\bin\java.dll
0x00007ffc02640000 - 0x00007ffc02717000 	C:\Program Files\Eclipse Adoptium\jdk-17.0.19.10-hotspot\bin\jsvml.dll
0x00007ffc34b10000 - 0x00007ffc353b2000 	C:\WINDOWS\System32\SHELL32.dll
0x00007ffc33ca0000 - 0x00007ffc33ddf000 	C:\WINDOWS\System32\wintypes.dll
0x00007ffc31ac0000 - 0x00007ffc323dd000 	C:\WINDOWS\SYSTEM32\windows.storage.dll
0x00007ffc34980000 - 0x00007ffc34a8c000 	C:\WINDOWS\System32\SHCORE.dll
0x00007ffc36930000 - 0x00007ffc36999000 	C:\WINDOWS\System32\shlwapi.dll
0x00007ffc33b10000 - 0x00007ffc33b3b000 	C:\WINDOWS\SYSTEM32\profapi.dll
0x00007ffc1dd50000 - 0x00007ffc1dd68000 	C:\Program Files\Eclipse Adoptium\jdk-17.0.19.10-hotspot\bin\zip.dll
0x00007ffc13f40000 - 0x00007ffc13f5a000 	C:\Program Files\Eclipse Adoptium\jdk-17.0.19.10-hotspot\bin\net.dll
0x00007ffc29310000 - 0x00007ffc2943c000 	C:\WINDOWS\SYSTEM32\WINHTTP.dll
0x00007ffc33040000 - 0x00007ffc330a9000 	C:\WINDOWS\system32\mswsock.dll
0x00007ffc11e30000 - 0x00007ffc11e46000 	C:\Program Files\Eclipse Adoptium\jdk-17.0.19.10-hotspot\bin\nio.dll
0x00007ffc28a10000 - 0x00007ffc28a20000 	C:\Program Files\Eclipse Adoptium\jdk-17.0.19.10-hotspot\bin\verify.dll
0x00007ffc288f0000 - 0x00007ffc28917000 	C:\Users\admin\.gradle\native\1def1411415f61bf3af743bc5b6707747c0891f09f0c88961ee8f79bc544acac\windows-amd64\native-platform.dll
0x00007ffc287d0000 - 0x00007ffc28847000 	C:\Users\admin\.gradle\native\0.2.8\x86_64-windows-gnu\gradle-fileevents.dll
0x00007ffc1c600000 - 0x00007ffc1c60a000 	C:\Program Files\Eclipse Adoptium\jdk-17.0.19.10-hotspot\bin\management.dll
0x00007ffc16b60000 - 0x00007ffc16b6c000 	C:\Program Files\Eclipse Adoptium\jdk-17.0.19.10-hotspot\bin\management_ext.dll
0x00007ffc36440000 - 0x00007ffc36448000 	C:\WINDOWS\System32\PSAPI.DLL
0x00007ffc32640000 - 0x00007ffc3266d000 	C:\WINDOWS\SYSTEM32\IPHLPAPI.DLL
0x00007ffc35b40000 - 0x00007ffc35b49000 	C:\WINDOWS\System32\NSI.dll
0x00007ffc292f0000 - 0x00007ffc29309000 	C:\WINDOWS\SYSTEM32\dhcpcsvc6.DLL
0x00007ffc292d0000 - 0x00007ffc292ef000 	C:\WINDOWS\SYSTEM32\dhcpcsvc.DLL
0x00007ffc326b0000 - 0x00007ffc327a8000 	C:\WINDOWS\SYSTEM32\DNSAPI.dll
0x00007ffc13940000 - 0x00007ffc13949000 	C:\Program Files\Eclipse Adoptium\jdk-17.0.19.10-hotspot\bin\extnet.dll
0x00007ffc33390000 - 0x00007ffc333ab000 	C:\WINDOWS\SYSTEM32\CRYPTSP.dll
0x00007ffc32b30000 - 0x00007ffc32b67000 	C:\WINDOWS\system32\rsaenh.dll
0x00007ffc330e0000 - 0x00007ffc33108000 	C:\WINDOWS\SYSTEM32\USERENV.dll
0x00007ffc33370000 - 0x00007ffc3337c000 	C:\WINDOWS\SYSTEM32\CRYPTBASE.dll
0x00007ffc12110000 - 0x00007ffc1211e000 	C:\Program Files\Eclipse Adoptium\jdk-17.0.19.10-hotspot\bin\sunmscapi.dll
0x00007ffc33de0000 - 0x00007ffc33f47000 	C:\WINDOWS\System32\CRYPT32.dll
0x00007ffc33510000 - 0x00007ffc3353d000 	C:\WINDOWS\SYSTEM32\ncrypt.dll
0x00007ffc334d0000 - 0x00007ffc33507000 	C:\WINDOWS\SYSTEM32\NTASN1.dll
0x00007ffc2c6f0000 - 0x00007ffc2c6f8000 	C:\WINDOWS\system32\wshunix.dll

dbghelp: loaded successfully - version: 4.0.5 - missing functions: none
symbol engine: initialized successfully - sym options: 0x614 - pdb path: .;C:\Program Files\Eclipse Adoptium\jdk-17.0.19.10-hotspot\bin;C:\WINDOWS\SYSTEM32;C:\WINDOWS\WinSxS\amd64_microsoft.windows.common-controls_6595b64144ccf1df_6.0.22621.5547_none_27104afb73855772;C:\Program Files\Eclipse Adoptium\jdk-17.0.19.10-hotspot\bin\server;C:\Users\admin\.gradle\native\1def1411415f61bf3af743bc5b6707747c0891f09f0c88961ee8f79bc544acac\windows-amd64;C:\Users\admin\.gradle\native\0.2.8\x86_64-windows-gnu

VM Arguments:
jvm_args: --add-opens=java.base/java.lang=ALL-UNNAMED --add-opens=java.base/java.lang.invoke=ALL-UNNAMED --add-opens=java.base/java.util=ALL-UNNAMED --add-opens=java.prefs/java.util.prefs=ALL-UNNAMED --add-exports=jdk.compiler/com.sun.tools.javac.api=ALL-UNNAMED --add-exports=jdk.compiler/com.sun.tools.javac.util=ALL-UNNAMED --add-opens=java.base/java.util=ALL-UNNAMED --add-opens=java.prefs/java.util.prefs=ALL-UNNAMED --add-opens=java.base/java.nio.charset=ALL-UNNAMED --add-opens=java.base/java.net=ALL-UNNAMED --add-opens=java.base/java.util.concurrent=ALL-UNNAMED --add-opens=java.base/java.util.concurrent.atomic=ALL-UNNAMED --add-opens=java.xml/javax.xml.namespace=ALL-UNNAMED --add-opens=java.base/java.time=ALL-UNNAMED -XX:MaxMetaspaceSize=4G -XX:ReservedCodeCacheSize=512m -XX:+HeapDumpOnOutOfMemoryError -Xmx8G -Dfile.encoding=UTF-8 -Duser.country=FR -Duser.language=fr -Duser.variant -javaagent:C:\Users\admin\.gradle\wrapper\dists\gradle-9.1.0-all\7wzd0jkjit61aq2p43wpjgij9\gradle-9.1.0\lib\agents\gradle-instrumentation-agent-9.1.0.jar 
java_command: org.gradle.launcher.daemon.bootstrap.GradleDaemon 9.1.0
java_class_path (initial): C:\Users\admin\.gradle\wrapper\dists\gradle-9.1.0-all\7wzd0jkjit61aq2p43wpjgij9\gradle-9.1.0\lib\gradle-daemon-main-9.1.0.jar
Launcher Type: SUN_STANDARD

[Global flags]
     intx CICompilerCount                          = 4                                         {product} {ergonomic}
     uint ConcGCThreads                            = 2                                         {product} {ergonomic}
     uint G1ConcRefinementThreads                  = 8                                         {product} {ergonomic}
   size_t G1HeapRegionSize                         = 4194304                                   {product} {ergonomic}
    uintx GCDrainStackTargetSize                   = 64                                        {product} {ergonomic}
     bool HeapDumpOnOutOfMemoryError               = true                                   {manageable} {command line}
   size_t InitialHeapSize                          = 134217728                                 {product} {ergonomic}
   size_t MarkStackSize                            = 4194304                                   {product} {ergonomic}
   size_t MaxHeapSize                              = 8589934592                                {product} {command line}
   size_t MaxMetaspaceSize                         = 4294967296                                {product} {command line}
   size_t MaxNewSize                               = 5150605312                                {product} {ergonomic}
   size_t MinHeapDeltaBytes                        = 4194304                                   {product} {ergonomic}
   size_t MinHeapSize                              = 8388608                                   {product} {ergonomic}
    uintx NonNMethodCodeHeapSize                   = 5839372                                {pd product} {ergonomic}
    uintx NonProfiledCodeHeapSize                  = 265515770                              {pd product} {ergonomic}
    uintx ProfiledCodeHeapSize                     = 265515770                              {pd product} {ergonomic}
    uintx ReservedCodeCacheSize                    = 536870912                              {pd product} {command line}
     bool SegmentedCodeCache                       = true                                      {product} {ergonomic}
   size_t SoftMaxHeapSize                          = 8589934592                             {manageable} {ergonomic}
   double SweeperThreshold                         = 0.234375                                  {product} {ergonomic}
     bool UseCompressedClassPointers               = true                           {product lp64_product} {ergonomic}
     bool UseCompressedOops                        = true                           {product lp64_product} {ergonomic}
     bool UseG1GC                                  = true                                      {product} {ergonomic}
     bool UseLargePagesIndividualAllocation        = false                                  {pd product} {ergonomic}

Logging:
Log output configuration:
 #0: stdout all=warning uptime,level,tags
 #1: stderr all=off uptime,level,tags

Environment Variables:
JAVA_HOME=C:\Program Files\Eclipse Adoptium\jdk-25.0.1.8-hotspot
PATH=C:\Program Files\Eclipse Adoptium\jdk-17.0.19.10-hotspot\bin;C:\Program Files (x86)\VMware\VMware Workstation\bin\;C:\Program Files\Python312\Scripts\;C:\Program Files\Python312\;C:\WINDOWS\system32;C:\WINDOWS;C:\WINDOWS\System32\Wbem;C:\WINDOWS\System32\WindowsPowerShell\v1.0\;C:\WINDOWS\System32\OpenSSH\;C:\Program Files (x86)\Microsoft SQL Server\160\Tools\Binn\;C:\Program Files\Microsoft SQL Server\160\Tools\Binn\;C:\Program Files\Microsoft SQL Server\Client SDK\ODBC\170\Tools\Binn\;C:\Program Files\Microsoft SQL Server\160\DTS\Binn\;C:\Program Files (x86)\Microsoft SQL Server\160\DTS\Binn\;C:\Windows\system32\python;C:\sqlite3;C:\Program Files\nodejs\;C:\MinGW\bin;C:\curl\bin;C:\curl\include;C:\MinGW;C:\MinGW\lib;C:\GnuWin32\bin;C:\OpenSSL-Win64\bin;C:\Program Files\PostgreSQL\17\bin;C:\Program Files\Eclipse Adoptium\jdk-25.0.1.8-hotspot\bin;C:\Program Files\Heroku\bin;C:\Program Files\Git\cmd;C:\Program Files (x86)\VMware\VMware Workstation\bin\;C:\Program Files\Python312\Scripts\;C:\Program Files\Python312\;C:\WINDOWS\system32;C:\WINDOWS;C:\WINDOWS\System32\Wbem;C:\WINDOWS\System32\WindowsPowerShell\v1.0\;C:\WINDOWS\System32\OpenSSH\;C:\Program Files (x86)\Microsoft SQL Server\160\Tools\Binn\;C:\Program Files\Microsoft SQL Server\160\Tools\Binn\;C:\Program Files\Microsoft SQL Server\Client SDK\ODBC\170\Tools\Binn\;C:\Program Files\Microsoft SQL Server\160\DTS\Binn\;C:\Program Files (x86)\Microsoft SQL Server\160\DTS\Binn\;C:\Windows\system32\python;C:\sqlite3;C:\Program Files\nodejs\;C:\MinGW\bin;C:\curl\bin;C:\curl\include;C:\MinGW;C:\MinGW\lib;C:\GnuWin32\bin;C:\OpenSSL-Win64\bin;C:\Program Files\PostgreSQL\17\bin;C:\Program Files\Eclipse Adoptium\jdk-25.0.1.8-hotspot\bin;C:\Program Files\Git\cmd;C:\Program Files\Docker\Docker\resources\bin;C:\Program Files\Heroku\bin;C:\Users\admin\AppData\Local\Programs\Microsoft VS Code;C:\Program Files\P;C:\flutter\bin\flutter;C:\flutter\bin;C:\Users\admin\AppData\Local\Programs\Microsoft VS Code\bin
USERNAME=admin
OS=Windows_NT
PROCESSOR_IDENTIFIER=Intel64 Family 6 Model 142 Stepping 10, GenuineIntel
TMP=C:\Users\admin\AppData\Local\Temp
TEMP=C:\Users\admin\AppData\Local\Temp



Periodic native trim disabled


---------------  S Y S T E M  ---------------

OS:
 Windows 11 , 64 bit Build 22621 (10.0.22621.5415)
OS uptime: 0 days 0:33 hours
Hyper-V role detected

CPU: total 8 (initial active 8) (4 cores per cpu, 2 threads per core) family 6 model 142 stepping 10 microcode 0xf4, cx8, cmov, fxsr, ht, mmx, 3dnowpref, sse, sse2, sse3, ssse3, sse4.1, sse4.2, popcnt, lzcnt, tsc, tscinvbit, avx, avx2, aes, erms, clmul, bmi1, bmi2, rtm, adx, fma, vzeroupper, clflush, clflushopt, hv
Processor Information for all 8 processors :
  Max Mhz: 1896, Current Mhz: 1696, Mhz Limit: 1687

Memory: 4k page, system-wide physical 8070M (680M free)
TotalPageFile size 15510M (AvailPageFile size 97M)
current process WorkingSet (physical memory assigned to process): 533M, peak: 536M
current process commit charge ("private bytes"): 646M, peak: 648M

vm_info: OpenJDK 64-Bit Server VM (17.0.19+10) for windows-amd64 JRE (17.0.19+10), built on Apr 25 2026 08:04:44 by "admin" with MS VC++ 17.12 (VS2022)

END.
