#
# There is insufficient memory for the Java Runtime Environment to continue.
# Native memory allocation (malloc) failed to allocate 1063056 bytes. Error detail: Chunk::new
# Possible reasons:
#   The system is out of physical RAM or swap space
#   This process is running with CompressedOops enabled, and the Java Heap may be blocking the growth of the native heap
# Possible solutions:
#   Reduce memory load on the system
#   Increase physical memory or swap space
#   Check if swap backing store is full
#   Decrease Java heap size (-Xmx/-Xms)
#   Decrease number of Java threads
#   Decrease Java thread stack sizes (-Xss)
#   Set larger code cache with -XX:ReservedCodeCacheSize=
#   JVM is running with Unscaled Compressed Oops mode in which the Java heap is
#     placed in the first 4GB address space. The Java Heap base address is the
#     maximum limit for the native heap growth. Please use -XX:HeapBaseMinAddress
#     to set the Java Heap base and to place the Java Heap above 4GB virtual address.
# This output file may be truncated or incomplete.
#
#  Out of Memory Error (arena.cpp:191), pid=1020, tid=19360
#
# JRE version: OpenJDK Runtime Environment Temurin-17.0.19+10 (17.0.19+10) (build 17.0.19+10)
# Java VM: OpenJDK 64-Bit Server VM Temurin-17.0.19+10 (17.0.19+10, mixed mode, sharing, tiered, compressed oops, compressed class ptrs, g1 gc, windows-amd64)
# No core dump will be written. Minidumps are not enabled by default on client versions of Windows
#

---------------  S U M M A R Y ------------

Command Line: org.jetbrains.kotlin.cli.jvm.K2JVMCompiler @C:\flutter\packages\flutter_tools\gradle\build\20260920_11709656949543123447.compiler.options

Host: Intel(R) Core(TM) i5-8350U CPU @ 1.70GHz, 8 cores, 7G,  Windows 11 , 64 bit Build 22621 (10.0.22621.5415)
Time: Sun Sep 20 18:58:10 2026 Paris, Madrid (heure duild 22621 (10.0.22621.5415) elapsed time: 107.815987 seconds (0d 0h 1m 47s)

---------------  T H R E A D  ---------------

Current thread (0x000001957992b2f0):  JavaThread "C2 CompilerThread0" daemon [_thread_in_native, id=19360, stack(0x0000008733500000,0x0000008733600000)]


Current CompileTask:
C2:107816 14212       4       jdk.internal.loader.ClassLoaders$AppClassLoader::loadClass (40 bytes)

Stack: [0x0000008733500000,0x0000008733600000]
Native frames: (J=compiled Java code, j=interpreted, Vv=VM code, C=native code)
V  [jvm.dll+0x684b29]
V  [jvm.dll+0x83a2d5]
V  [jvm.dll+0x83bd4e]
V  [jvm.dll+0x83c3d3]
V  [jvm.dll+0x24905f]
V  [jvm.dll+0xad536]
V  [jvm.dll+0xadbdc]
V  [jvm.dll+0x2b073f]
V  [jvm.dll+0x58aea5]
V  [jvm.dll+0x222fe4]
V  [jvm.dll+0x2233dd]
V  [jvm.dll+0x21c08b]
V  [jvm.dll+0x2191a2]
V  [jvm.dll+0x1a49f0]
V  [jvm.dll+0x2299fa]
V  [jvm.dll+0x227bab]
V  [jvm.dll+0x7f0a88]
V  [jvm.dll+0x7eaf1c]
V  [jvm.dll+0x6839f7]
C  [ucrtbase.dll+0x29333]
C  [KERNEL32.DLL+0x1259d]
C  [ntdll.dll+0x5af78]


---------------  P R O C E S S  ---------------

Threads class SMR info:
_java_thread_list=0x000001957f5379c0, length=12, elements={
0x000001956857cd30, 0x000001957990eb50, 0x00000195799109e0, 0x0000019579927600,
0x00000195799281c0, 0x0000019579928b80, 0x0000019579929540, 0x000001957992b2f0,
0x000001957992bda0, 0x0000019579944a40, 0x0000019579ba6bc0, 0x0000019579bad510
}

Java Threads: ( => current thread )
  0x000001956857cd30 JavaThread "main" [_thread_in_vm, id=19332, stack(0x0000008732800000,0x0000008732900000)]
  0x000001957990eb50 JavaThread "Reference Handler" daemon [_thread_blocked, id=18408, stack(0x0000008732f00000,0x0000008733000000)]
  0x00000195799109e0 JavaThread "Finalizer" daemon [_thread_blocked, id=6244, stack(0x0000008733000000,0x0000008733100000)]
  0x0000019579927600 JavaThread "Signal Dispatcher" daemon [_thread_blocked, id=1672, stack(0x0000008733100000,0x0000008733200000)]
  0x00000195799281c0 JavaThread "Attach Listener" daemon [_thread_blocked, id=18948, stack(0x0000008733200000,0x0000008733300000)]
  0x0000019579928b80 JavaThread "Service Thread" daemon [_thread_blocked, id=7244, stack(0x0000008733300000,0x0000008733400000)]
  0x0000019579929540 JavaThread "Monitor Deflation Thread" daemon [_thread_blocked, id=10632, stack(0x0000008733400000,0x0000008733500000)]
=>0x000001957992b2f0 JavaThread "C2 CompilerThread0" daemon [_thread_in_native, id=19360, stack(0x0000008733500000,0x0000008733600000)]
  0x000001957992bda0 JavaThread "C1 CompilerThread0" daemon [_thread_blocked, id=2896, stack(0x0000008733600000,0x0000008733700000)]
  0x0000019579944a40 JavaThread "Sweeper thread" daemon [_thread_blocked, id=7908, stack(0x0000008733700000,0x0000008733800000)]
  0x0000019579ba6bc0 JavaThread "Notification Thread" daemon [_thread_blocked, id=5896, stack(0x0000008733800000,0x0000008733900000)]
  0x0000019579bad510 JavaThread "Common-Cleaner" daemon [_thread_blocked, id=6644, stack(0x0000008733a00000,0x0000008733b00000)]

Other Threads:
  0x000001957990ad20 VMThread "VM Thread" [stack: 0x0000008732e00000,0x0000008732f00000] [id=16780]
  0x0000019579ba90b0 WatcherThread [stack: 0x0000008733900000,0x0000008733a00000] [id=16280]
  0x00000195685d8f50 GCTaskThread "GC Thread#0" [stack: 0x0000008732900000,0x0000008732a00000] [id=14404]
  0x000001957e2697e0 GCTaskThread "GC Thread#1" [stack: 0x0000008733b00000,0x0000008733c00000] [id=1076]
  0x000001957e269aa0 GCTaskThread "GC Thread#2" [stack: 0x0000008733c00000,0x0000008733d00000] [id=13564]
  0x000001957e1e9520 GCTaskThread "GC Thread#3" [stack: 0x0000008733d00000,0x0000008733e00000] [id=7828]
  0x000001957e27eb60 GCTaskThread "GC Thread#4" [stack: 0x0000008733e00000,0x0000008733f00000] [id=16000]
  0x000001957e27ee20 GCTaskThread "GC Thread#5" [stack: 0x0000008733f00000,0x0000008734000000] [id=6344]
  0x000001957e6ff050 GCTaskThread "GC Thread#6" [stack: 0x0000008734000000,0x0000008734100000] [id=6924]
  0x000001957e6ff310 GCTaskThread "GC Thread#7" [stack: 0x0000008734100000,0x0000008734200000] [id=19200]
  0x00000195685e9ae0 ConcurrentGCThread "G1 Main Marker" [stack: 0x0000008732a00000,0x0000008732b00000] [id=11740]
  0x00000195685ea500 ConcurrentGCThread "G1 Conc#0" [stack: 0x0000008732b00000,0x0000008732c00000] [id=8600]
  0x000001957e9ce660 ConcurrentGCThread "G1 Conc#1" [stack: 0x0000008734200000,0x0000008734300000] [id=17376]
  0x000001956862ea00 ConcurrentGCThread "G1 Refine#0" [stack: 0x0000008732c00000,0x0000008732d00000] [id=11760]
  0x000001957e8fd410 ConcurrentGCThread "G1 Refine#1" [stack: 0x0000008734300000,0x0000008734400000] [id=12164]
  0x000001957f66cac0 ConcurrentGCThread "G1 Refine#2" [stack: 0x0000008734400000,0x0000008734500000] [id=17200]
  0x000001957efb3830 ConcurrentGCThread "G1 Refine#3" [stack: 0x0000008734500000,0x0000008734600000] [id=10392]
  0x0000019557cd85a0 ConcurrentGCThread "G1 Refine#4" [stack: 0x0000008734600000,0x0000008734700000] [id=14812]
  0x0000019557cd8890 ConcurrentGCThread "G1 Refine#5" [stack: 0x0000008734700000,0x0000008734800000] [id=2892]
  0x00000195797c3a30 ConcurrentGCThread "G1 Service" [stack: 0x0000008732d00000,0x0000008732e00000] [id=17844]

Threads with active compile tasks:
C2 CompilerThread0  107862 14212       4       jdk.internal.loader.ClassLoaders$AppClassLoader::loadClass (40 bytes)

VM state: not at safepoint (normal execution)

VM Mutex/Monitor currently owned by a thread: None

Heap address: 0x0000000081e00000, size: 2018 MB, Compressed Oops mode: 32-bit

CDS archive(s) mapped at: [0x000001950f000000-0x000001950fbb0000-0x000001950fbb0000), size 12255232, SharedBaseAddress: 0x000001950f000000, ArchiveRelocationMode: 1.
Compressed class space mapped at: 0x0000019510000000-0x0000019550000000, reserved size: 1073741824
Narrow klass base: 0x000001950f000000, Narrow klass shift: 0, Narrow klass range: 0x100000000

GC Precious Log:
 CPUs: 8 total, 8 available
 Memory: 8070M
 Large Page Support: Disabled
 NUMA Support: Disabled
 Compressed Oops: Enabled (32-bit)
 Heap Region Size: 1M
 Heap Min Capacity: 8M
 Heap Initial Capacity: 128M
 Heap Max Capacity: 2018M
 Pre-touch: Disabled
 Parallel Workers: 8
 Concurrent Workers: 2
 Concurrent Refinement Workers: 8
 Periodic GC: Disabled

Heap:
 garbage-first heap   total 140288K, used 112611K [0x0000000081e00000, 0x0000000100000000)
  region size 1024K, 25 young (25600K), 3 survivors (3072K)
 Metaspace       used 65655K, committed 66112K, reserved 1114112K
  class space    used 7210K, committed 7424K, reserved 1048576K

Heap Regions: E=young(eden), S=young(survivor), O=old, HS=humongous(starts), HC=humongous(continues), CS=collection set, F=free, OA=open archive, CA=closed archive, TAMS=top-at-mark-start (previous, next)
|   0|0x0000000081e00000, 0x0000000081f00000, 0x0000000081f00000|100%|HS|  |TAMS 0x0000000081f00000, 0x0000000081e00000| Complete 
|   1|0x0000000081f00000, 0x0000000082000000, 0x0000000082000000|100%|HC|  |TAMS 0x0000000082000000, 0x0000000081f00000| Complete 
|   2|0x0000000082000000, 0x0000000082100000, 0x0000000082100000|100%|HC|  |TAMS 0x0000000082100000, 0x0000000082000000| Complete 
|   3|0x0000000082100000, 0x0000000082200000, 0x0000000082200000|100%| O|  |TAMS 0x0000000082200000, 0x0000000082100000| Untracked 
|   4|0x0000000082200000, 0x0000000082300000, 0x0000000082300000|100%| O|  |TAMS 0x0000000082300000, 0x0000000082200000| Untracked 
|   5|0x0000000082300000, 0x0000000082400000, 0x0000000082400000|100%| O|  |TAMS 0x0000000082400000, 0x0000000082300000| Untracked 
|   6|0x0000000082400000, 0x0000000082500000, 0x0000000082500000|100%| O|  |TAMS 0x0000000082500000, 0x0000000082400000| Untracked 
|   7|0x0000000082500000, 0x0000000082600000, 0x0000000082600000|100%| O|  |TAMS 0x0000000082600000, 0x0000000082500000| Untracked 
|   8|0x0000000082600000, 0x0000000082700000, 0x0000000082700000|100%| O|  |TAMS 0x0000000082700000, 0x0000000082600000| Untracked 
|   9|0x0000000082700000, 0x0000000082800000, 0x0000000082800000|100%| O|  |TAMS 0x0000000082800000, 0x0000000082700000| Untracked 
|  10|0x0000000082800000, 0x0000000082900000, 0x0000000082900000|100%| O|  |TAMS 0x0000000082900000, 0x0000000082800000| Untracked 
|  11|0x0000000082900000, 0x0000000082a00000, 0x0000000082a00000|100%| O|  |TAMS 0x0000000082a00000, 0x0000000082900000| Untracked 
|  12|0x0000000082a00000, 0x0000000082b00000, 0x0000000082b00000|100%| O|  |TAMS 0x0000000082b00000, 0x0000000082a00000| Untracked 
|  13|0x0000000082b00000, 0x0000000082c00000, 0x0000000082c00000|100%| O|  |TAMS 0x0000000082c00000, 0x0000000082b00000| Untracked 
|  14|0x0000000082c00000, 0x0000000082d00000, 0x0000000082d00000|100%| O|  |TAMS 0x0000000082d00000, 0x0000000082c00000| Untracked 
|  15|0x0000000082d00000, 0x0000000082e00000, 0x0000000082e00000|100%| O|  |TAMS 0x0000000082e00000, 0x0000000082d00000| Untracked 
|  16|0x0000000082e00000, 0x0000000082f00000, 0x0000000082f00000|100%| O|  |TAMS 0x0000000082f00000, 0x0000000082e00000| Untracked 
|  17|0x0000000082f00000, 0x0000000083000000, 0x0000000083000000|100%| O|  |TAMS 0x0000000083000000, 0x0000000082f00000| Untracked 
|  18|0x0000000083000000, 0x0000000083100000, 0x0000000083100000|100%| O|  |TAMS 0x0000000083100000, 0x0000000083000000| Untracked 
|  19|0x0000000083100000, 0x0000000083200000, 0x0000000083200000|100%| O|  |TAMS 0x0000000083100000, 0x0000000083100000| Untracked 
|  20|0x0000000083200000, 0x0000000083300000, 0x0000000083300000|100%| O|  |TAMS 0x0000000083300000, 0x0000000083200000| Untracked 
|  21|0x0000000083300000, 0x0000000083400000, 0x0000000083400000|100%| O|  |TAMS 0x0000000083400000, 0x0000000083300000| Untracked 
|  22|0x0000000083400000, 0x0000000083500000, 0x0000000083500000|100%| O|  |TAMS 0x0000000083500000, 0x0000000083400000| Untracked 
|  23|0x0000000083500000, 0x0000000083600000, 0x0000000083600000|100%| O|  |TAMS 0x0000000083600000, 0x0000000083500000| Untracked 
|  24|0x0000000083600000, 0x0000000083700000, 0x0000000083700000|100%| O|  |TAMS 0x0000000083700000, 0x0000000083600000| Untracked 
|  25|0x0000000083700000, 0x0000000083800000, 0x0000000083800000|100%| O|  |TAMS 0x0000000083800000, 0x0000000083700000| Untracked 
|  26|0x0000000083800000, 0x0000000083900000, 0x0000000083900000|100%| O|  |TAMS 0x0000000083900000, 0x0000000083800000| Untracked 
|  27|0x0000000083900000, 0x0000000083a00000, 0x0000000083a00000|100%|HS|  |TAMS 0x0000000083a00000, 0x0000000083900000| Complete 
|  28|0x0000000083a00000, 0x0000000083b00000, 0x0000000083b00000|100%|HC|  |TAMS 0x0000000083b00000, 0x0000000083a00000| Complete 
|  29|0x0000000083b00000, 0x0000000083c00000, 0x0000000083c00000|100%|HC|  |TAMS 0x0000000083c00000, 0x0000000083b00000| Complete 
|  30|0x0000000083c00000, 0x0000000083d00000, 0x0000000083d00000|100%|HC|  |TAMS 0x0000000083d00000, 0x0000000083c00000| Complete 
|  31|0x0000000083d00000, 0x0000000083e00000, 0x0000000083e00000|100%|HC|  |TAMS 0x0000000083e00000, 0x0000000083d00000| Complete 
|  32|0x0000000083e00000, 0x0000000083f00000, 0x0000000083f00000|100%|HC|  |TAMS 0x0000000083f00000, 0x0000000083e00000| Complete 
|  33|0x0000000083f00000, 0x0000000084000000, 0x0000000084000000|100%|HS|  |TAMS 0x0000000084000000, 0x0000000083f00000| Complete 
|  34|0x0000000084000000, 0x0000000084100000, 0x0000000084100000|100%|HS|  |TAMS 0x0000000084100000, 0x0000000084000000| Complete 
|  35|0x0000000084100000, 0x0000000084200000, 0x0000000084200000|100%|HS|  |TAMS 0x0000000084200000, 0x0000000084100000| Complete 
|  36|0x0000000084200000, 0x0000000084300000, 0x0000000084300000|100%|HC|  |TAMS 0x0000000084300000, 0x0000000084200000| Complete 
|  37|0x0000000084300000, 0x0000000084400000, 0x0000000084400000|100%|HS|  |TAMS 0x0000000084400000, 0x0000000084300000| Complete 
|  38|0x0000000084400000, 0x0000000084500000, 0x0000000084500000|100%| O|  |TAMS 0x0000000084500000, 0x0000000084400000| Untracked 
|  39|0x0000000084500000, 0x0000000084600000, 0x0000000084600000|100%| O|  |TAMS 0x0000000084600000, 0x0000000084500000| Untracked 
|  40|0x0000000084600000, 0x0000000084700000, 0x0000000084700000|100%| O|  |TAMS 0x0000000084700000, 0x0000000084600000| Untracked 
|  41|0x0000000084700000, 0x0000000084800000, 0x0000000084800000|100%| O|  |TAMS 0x0000000084800000, 0x0000000084700000| Untracked 
|  42|0x0000000084800000, 0x0000000084900000, 0x0000000084900000|100%| O|  |TAMS 0x0000000084900000, 0x0000000084800000| Untracked 
|  43|0x0000000084900000, 0x0000000084a00000, 0x0000000084a00000|100%| O|  |TAMS 0x0000000084a00000, 0x0000000084900000| Untracked 
|  44|0x0000000084a00000, 0x0000000084b00000, 0x0000000084b00000|100%| O|  |TAMS 0x0000000084b00000, 0x0000000084a00000| Untracked 
|  45|0x0000000084b00000, 0x0000000084c00000, 0x0000000084c00000|100%| O|  |TAMS 0x0000000084c00000, 0x0000000084b00000| Untracked 
|  46|0x0000000084c00000, 0x0000000084d00000, 0x0000000084d00000|100%| O|  |TAMS 0x0000000084d00000, 0x0000000084c00000| Untracked 
|  47|0x0000000084d00000, 0x0000000084e00000, 0x0000000084e00000|100%| O|  |TAMS 0x0000000084e00000, 0x0000000084d00000| Untracked 
|  48|0x0000000084e00000, 0x0000000084f00000, 0x0000000084f00000|100%| O|  |TAMS 0x0000000084f00000, 0x0000000084e00000| Untracked 
|  49|0x0000000084f00000, 0x0000000085000000, 0x0000000085000000|100%| O|  |TAMS 0x0000000085000000, 0x0000000084f00000| Untracked 
|  50|0x0000000085000000, 0x0000000085100000, 0x0000000085100000|100%| O|  |TAMS 0x0000000085100000, 0x0000000085000000| Untracked 
|  51|0x0000000085100000, 0x0000000085200000, 0x0000000085200000|100%| O|  |TAMS 0x0000000085200000, 0x0000000085100000| Untracked 
|  52|0x0000000085200000, 0x0000000085300000, 0x0000000085300000|100%| O|  |TAMS 0x0000000085300000, 0x0000000085200000| Untracked 
|  53|0x0000000085300000, 0x0000000085400000, 0x0000000085400000|100%| O|  |TAMS 0x0000000085400000, 0x0000000085300000| Untracked 
|  54|0x0000000085400000, 0x0000000085500000, 0x0000000085500000|100%| O|  |TAMS 0x0000000085500000, 0x0000000085400000| Untracked 
|  55|0x0000000085500000, 0x0000000085600000, 0x0000000085600000|100%| O|  |TAMS 0x0000000085600000, 0x0000000085500000| Untracked 
|  56|0x0000000085600000, 0x0000000085700000, 0x0000000085700000|100%| O|  |TAMS 0x0000000085700000, 0x0000000085600000| Untracked 
|  57|0x0000000085700000, 0x0000000085800000, 0x0000000085800000|100%| O|  |TAMS 0x0000000085800000, 0x0000000085700000| Untracked 
|  58|0x0000000085800000, 0x0000000085900000, 0x0000000085900000|100%| O|  |TAMS 0x0000000085900000, 0x0000000085800000| Untracked 
|  59|0x0000000085900000, 0x0000000085a00000, 0x0000000085a00000|100%| O|  |TAMS 0x0000000085a00000, 0x0000000085900000| Untracked 
|  60|0x0000000085a00000, 0x0000000085b00000, 0x0000000085b00000|100%| O|  |TAMS 0x0000000085b00000, 0x0000000085a00000| Untracked 
|  61|0x0000000085b00000, 0x0000000085c00000, 0x0000000085c00000|100%| O|  |TAMS 0x0000000085c00000, 0x0000000085b00000| Untracked 
|  62|0x0000000085c00000, 0x0000000085d00000, 0x0000000085d00000|100%| O|  |TAMS 0x0000000085d00000, 0x0000000085c00000| Untracked 
|  63|0x0000000085d00000, 0x0000000085e00000, 0x0000000085e00000|100%| O|  |TAMS 0x0000000085e00000, 0x0000000085d00000| Untracked 
|  64|0x0000000085e00000, 0x0000000085f00000, 0x0000000085f00000|100%| O|  |TAMS 0x0000000085f00000, 0x0000000085e00000| Untracked 
|  65|0x0000000085f00000, 0x0000000086000000, 0x0000000086000000|100%| O|  |TAMS 0x0000000086000000, 0x0000000085f00000| Untracked 
|  66|0x0000000086000000, 0x0000000086100000, 0x0000000086100000|100%| O|  |TAMS 0x0000000086100000, 0x0000000086000000| Untracked 
|  67|0x0000000086100000, 0x0000000086200000, 0x0000000086200000|100%| O|  |TAMS 0x0000000086200000, 0x0000000086100000| Untracked 
|  68|0x0000000086200000, 0x0000000086300000, 0x0000000086300000|100%| O|  |TAMS 0x0000000086300000, 0x0000000086200000| Untracked 
|  69|0x0000000086300000, 0x0000000086400000, 0x0000000086400000|100%| O|  |TAMS 0x0000000086400000, 0x0000000086300000| Untracked 
|  70|0x0000000086400000, 0x0000000086500000, 0x0000000086500000|100%| O|  |TAMS 0x0000000086500000, 0x0000000086400000| Untracked 
|  71|0x0000000086500000, 0x0000000086600000, 0x0000000086600000|100%|HS|  |TAMS 0x0000000086600000, 0x0000000086500000| Complete 
|  72|0x0000000086600000, 0x0000000086700000, 0x0000000086700000|100%|HC|  |TAMS 0x0000000086700000, 0x0000000086600000| Complete 
|  73|0x0000000086700000, 0x0000000086800000, 0x0000000086800000|100%| O|  |TAMS 0x0000000086800000, 0x0000000086700000| Untracked 
|  74|0x0000000086800000, 0x0000000086900000, 0x0000000086900000|100%| O|  |TAMS 0x0000000086900000, 0x0000000086800000| Untracked 
|  75|0x0000000086900000, 0x0000000086a00000, 0x0000000086a00000|100%| O|  |TAMS 0x0000000086912c00, 0x0000000086900000| Untracked 
|  76|0x0000000086a00000, 0x0000000086b00000, 0x0000000086b00000|100%| O|  |TAMS 0x0000000086a00000, 0x0000000086a00000| Untracked 
|  77|0x0000000086b00000, 0x0000000086c00000, 0x0000000086c00000|100%| O|  |TAMS 0x0000000086b00000, 0x0000000086b00000| Untracked 
|  78|0x0000000086c00000, 0x0000000086d00000, 0x0000000086d00000|100%| O|  |TAMS 0x0000000086c00000, 0x0000000086c00000| Untracked 
|  79|0x0000000086d00000, 0x0000000086e00000, 0x0000000086e00000|100%| O|  |TAMS 0x0000000086d00000, 0x0000000086d00000| Untracked 
|  80|0x0000000086e00000, 0x0000000086f00000, 0x0000000086f00000|100%| O|  |TAMS 0x0000000086e00000, 0x0000000086e00000| Untracked 
|  81|0x0000000086f00000, 0x0000000087000000, 0x0000000087000000|100%| O|  |TAMS 0x0000000086f00000, 0x0000000086f00000| Untracked 
|  82|0x0000000087000000, 0x0000000087100000, 0x0000000087100000|100%| O|  |TAMS 0x0000000087000000, 0x0000000087000000| Untracked 
|  83|0x0000000087100000, 0x0000000087200000, 0x0000000087200000|100%| O|  |TAMS 0x0000000087100000, 0x0000000087100000| Untracked 
|  84|0x0000000087200000, 0x0000000087300000, 0x0000000087300000|100%| O|  |TAMS 0x0000000087200000, 0x0000000087200000| Untracked 
|  85|0x0000000087300000, 0x0000000087400000, 0x0000000087400000|100%| O|  |TAMS 0x0000000087300000, 0x0000000087300000| Untracked 
|  86|0x0000000087400000, 0x0000000087400000, 0x0000000087500000|  0%| F|  |TAMS 0x0000000087400000, 0x0000000087400000| Untracked 
|  87|0x0000000087500000, 0x0000000087500000, 0x0000000087600000|  0%| F|  |TAMS 0x0000000087500000, 0x0000000087500000| Untracked 
|  88|0x0000000087600000, 0x0000000087600000, 0x0000000087700000|  0%| F|  |TAMS 0x0000000087600000, 0x0000000087600000| Untracked 
|  89|0x0000000087700000, 0x0000000087700000, 0x0000000087800000|  0%| F|  |TAMS 0x0000000087700000, 0x0000000087700000| Untracked 
|  90|0x0000000087800000, 0x0000000087800000, 0x0000000087900000|  0%| F|  |TAMS 0x0000000087800000, 0x0000000087800000| Untracked 
|  91|0x0000000087900000, 0x0000000087900000, 0x0000000087a00000|  0%| F|  |TAMS 0x0000000087900000, 0x0000000087900000| Untracked 
|  92|0x0000000087a00000, 0x0000000087a00000, 0x0000000087b00000|  0%| F|  |TAMS 0x0000000087a00000, 0x0000000087a00000| Untracked 
|  93|0x0000000087b00000, 0x0000000087b00000, 0x0000000087c00000|  0%| F|  |TAMS 0x0000000087b00000, 0x0000000087b00000| Untracked 
|  94|0x0000000087c00000, 0x0000000087c00000, 0x0000000087d00000|  0%| F|  |TAMS 0x0000000087c00000, 0x0000000087c00000| Untracked 
|  95|0x0000000087d00000, 0x0000000087d00000, 0x0000000087e00000|  0%| F|  |TAMS 0x0000000087d00000, 0x0000000087d00000| Untracked 
|  96|0x0000000087e00000, 0x0000000087e00000, 0x0000000087f00000|  0%| F|  |TAMS 0x0000000087e00000, 0x0000000087e00000| Untracked 
|  97|0x0000000087f00000, 0x0000000087f00000, 0x0000000088000000|  0%| F|  |TAMS 0x0000000087f00000, 0x0000000087f00000| Untracked 
|  98|0x0000000088000000, 0x0000000088000000, 0x0000000088100000|  0%| F|  |TAMS 0x0000000088000000, 0x0000000088000000| Untracked 
|  99|0x0000000088100000, 0x0000000088100000, 0x0000000088200000|  0%| F|  |TAMS 0x0000000088100000, 0x0000000088100000| Untracked 
| 100|0x0000000088200000, 0x0000000088200000, 0x0000000088300000|  0%| F|  |TAMS 0x0000000088200000, 0x0000000088200000| Untracked 
| 101|0x0000000088300000, 0x0000000088300000, 0x0000000088400000|  0%| F|  |TAMS 0x0000000088300000, 0x0000000088300000| Untracked 
| 102|0x0000000088400000, 0x0000000088400000, 0x0000000088500000|  0%| F|  |TAMS 0x0000000088400000, 0x0000000088400000| Untracked 
| 103|0x0000000088500000, 0x0000000088500000, 0x0000000088600000|  0%| F|  |TAMS 0x0000000088500000, 0x0000000088500000| Untracked 
| 104|0x0000000088600000, 0x00000000886f8e20, 0x0000000088700000| 97%| S|CS|TAMS 0x0000000088600000, 0x0000000088600000| Complete 
| 105|0x0000000088700000, 0x0000000088800000, 0x0000000088800000|100%| S|CS|TAMS 0x0000000088700000, 0x0000000088700000| Complete 
| 106|0x0000000088800000, 0x0000000088900000, 0x0000000088900000|100%| S|CS|TAMS 0x0000000088800000, 0x0000000088800000| Complete 
| 107|0x0000000088900000, 0x0000000088900000, 0x0000000088a00000|  0%| F|  |TAMS 0x0000000088900000, 0x0000000088900000| Untracked 
| 108|0x0000000088a00000, 0x0000000088a00000, 0x0000000088b00000|  0%| F|  |TAMS 0x0000000088a00000, 0x0000000088a00000| Untracked 
| 109|0x0000000088b00000, 0x0000000088b00000, 0x0000000088c00000|  0%| F|  |TAMS 0x0000000088b00000, 0x0000000088b00000| Untracked 
| 110|0x0000000088c00000, 0x0000000088c00000, 0x0000000088d00000|  0%| F|  |TAMS 0x0000000088c00000, 0x0000000088c00000| Untracked 
| 111|0x0000000088d00000, 0x0000000088d00000, 0x0000000088e00000|  0%| F|  |TAMS 0x0000000088d00000, 0x0000000088d00000| Untracked 
| 112|0x0000000088e00000, 0x0000000088e00000, 0x0000000088f00000|  0%| F|  |TAMS 0x0000000088e00000, 0x0000000088e00000| Untracked 
| 113|0x0000000088f00000, 0x0000000088f00000, 0x0000000089000000|  0%| F|  |TAMS 0x0000000088f00000, 0x0000000088f00000| Untracked 
| 114|0x0000000089000000, 0x0000000089000000, 0x0000000089100000|  0%| F|  |TAMS 0x0000000089000000, 0x0000000089000000| Untracked 
| 115|0x0000000089100000, 0x0000000089200000, 0x0000000089200000|100%| E|  |TAMS 0x0000000089100000, 0x0000000089100000| Complete 
| 116|0x0000000089200000, 0x0000000089300000, 0x0000000089300000|100%| E|CS|TAMS 0x0000000089200000, 0x0000000089200000| Complete 
| 117|0x0000000089300000, 0x0000000089400000, 0x0000000089400000|100%| E|CS|TAMS 0x0000000089300000, 0x0000000089300000| Complete 
| 118|0x0000000089400000, 0x0000000089500000, 0x0000000089500000|100%| E|CS|TAMS 0x0000000089400000, 0x0000000089400000| Complete 
| 119|0x0000000089500000, 0x0000000089600000, 0x0000000089600000|100%| E|CS|TAMS 0x0000000089500000, 0x0000000089500000| Complete 
| 120|0x0000000089600000, 0x0000000089700000, 0x0000000089700000|100%| E|CS|TAMS 0x0000000089600000, 0x0000000089600000| Complete 
| 121|0x0000000089700000, 0x0000000089800000, 0x0000000089800000|100%| E|CS|TAMS 0x0000000089700000, 0x0000000089700000| Complete 
| 122|0x0000000089800000, 0x0000000089900000, 0x0000000089900000|100%| E|CS|TAMS 0x0000000089800000, 0x0000000089800000| Complete 
| 123|0x0000000089900000, 0x0000000089a00000, 0x0000000089a00000|100%| E|CS|TAMS 0x0000000089900000, 0x0000000089900000| Complete 
| 124|0x0000000089a00000, 0x0000000089b00000, 0x0000000089b00000|100%| E|CS|TAMS 0x0000000089a00000, 0x0000000089a00000| Complete 
| 125|0x0000000089b00000, 0x0000000089c00000, 0x0000000089c00000|100%| E|CS|TAMS 0x0000000089b00000, 0x0000000089b00000| Complete 
| 126|0x0000000089c00000, 0x0000000089d00000, 0x0000000089d00000|100%| E|CS|TAMS 0x0000000089c00000, 0x0000000089c00000| Complete 
| 127|0x0000000089d00000, 0x0000000089e00000, 0x0000000089e00000|100%| E|CS|TAMS 0x0000000089d00000, 0x0000000089d00000| Complete 
| 128|0x0000000089e00000, 0x0000000089f00000, 0x0000000089f00000|100%| E|CS|TAMS 0x0000000089e00000, 0x0000000089e00000| Complete 
| 129|0x0000000089f00000, 0x000000008a000000, 0x000000008a000000|100%| E|CS|TAMS 0x0000000089f00000, 0x0000000089f00000| Complete 
| 130|0x000000008a000000, 0x000000008a100000, 0x000000008a100000|100%| E|CS|TAMS 0x000000008a000000, 0x000000008a000000| Complete 
| 131|0x000000008a100000, 0x000000008a200000, 0x000000008a200000|100%| E|CS|TAMS 0x000000008a100000, 0x000000008a100000| Complete 
| 132|0x000000008a200000, 0x000000008a300000, 0x000000008a300000|100%| E|CS|TAMS 0x000000008a200000, 0x000000008a200000| Complete 
| 133|0x000000008a300000, 0x000000008a400000, 0x000000008a400000|100%| E|CS|TAMS 0x000000008a300000, 0x000000008a300000| Complete 
| 134|0x000000008a400000, 0x000000008a500000, 0x000000008a500000|100%| E|CS|TAMS 0x000000008a400000, 0x000000008a400000| Complete 
| 135|0x000000008a500000, 0x000000008a600000, 0x000000008a600000|100%| E|CS|TAMS 0x000000008a500000, 0x000000008a500000| Complete 
| 136|0x000000008a600000, 0x000000008a700000, 0x000000008a700000|100%| E|CS|TAMS 0x000000008a600000, 0x000000008a600000| Complete 

Card table byte_map: [0x0000019572740000,0x0000019572b40000] _byte_map_base: 0x0000019572331000

Marking Bits (Prev, Next): (CMBitMap*) 0x00000195685d9570, (CMBitMap*) 0x00000195685d95b0
 Prev Bits: [0x0000019572f40000, 0x0000019574ec8000)
 Next Bits: [0x0000019574ed0000, 0x0000019576e58000)

Polling page: 0x0000019568630000

Metaspace:

Usage:
  Non-class:     57.08 MB used.
      Class:      7.04 MB used.
       Both:     64.12 MB used.

Virtual space:
  Non-class space:       64.00 MB reserved,      57.31 MB ( 90%) committed,  1 nodes.
      Class space:        1.00 GB reserved,       7.25 MB ( <1%) committed,  1 nodes.
             Both:        1.06 GB reserved,      64.56 MB (  6%) committed. 

Chunk freelists:
   Non-Class:  6.09 MB
       Class:  8.70 MB
        Both:  14.80 MB

MaxMetaspaceSize: unlimited
CompressedClassSpaceSize: 1.00 GB
Initial GC threshold: 21.00 MB
Current GC threshold: 90.25 MB
CDS: on
MetaspaceReclaimPolicy: balanced
 - commit_granule_bytes: 65536.
 - commit_granule_words: 8192.
 - virtual_space_node_default_size: 8388608.
 - enlarge_chunks_in_place: 1.
 - new_chunks_are_fully_committed: 0.
 - uncommit_free_chunks: 1.
 - use_allocation_guard: 0.
 - handle_deallocations: 1.


Internal statistics:

num_allocs_failed_limit: 6.
num_arena_births: 510.
num_arena_deaths: 0.
num_vsnodes_births: 2.
num_vsnodes_deaths: 0.
num_space_committed: 1031.
num_space_uncommitted: 0.
num_chunks_returned_to_freelist: 6.
num_chunks_taken_from_freelist: 3015.
num_chunk_merges: 6.
num_chunk_splits: 2286.
num_chunks_enlarged: 1931.
num_inconsistent_stats: 0.

CodeHeap 'non-profiled nmethods': size=120000Kb used=8136Kb max_used=8142Kb free=111863Kb
 bounds [0x0000019507ad0000, 0x00000195082d0000, 0x000001950f000000]
CodeHeap 'profiled nmethods': size=120000Kb used=35504Kb max_used=35504Kb free=84495Kb
 bounds [0x0000019500000000, 0x00000195022c0000, 0x0000019507530000]
CodeHeap 'non-nmethods': size=5760Kb used=1408Kb max_used=1488Kb free=4351Kb
 bounds [0x0000019507530000, 0x00000195077a0000, 0x0000019507ad0000]
 total_blobs=12429 nmethods=11689 adapters=649
 compilation: enabled
              stopped_count=0, restarted_count=0
 full_count=0

Compilation events (20 events):
Event: 107.616 Thread 0x000001957992bda0 14253       3       org.jetbrains.kotlin.backend.jvm.lower.FragmentSharedVariablesLowering::visitFunctionNew (44 bytes)
Event: 107.618 Thread 0x000001957992bda0 nmethod 14253 0x00000195022a5910 code [0x00000195022a5d20, 0x00000195022a75b8]
Event: 107.618 Thread 0x000001957992bda0 14254       3       org.jetbrains.kotlin.backend.common.IrElementTransformerVoidWithContext::visitFunctionNew (12 bytes)
Event: 107.620 Thread 0x000001957992bda0 nmethod 14254 0x00000195022a7e10 code [0x00000195022a8140, 0x00000195022a9228]
Event: 107.620 Thread 0x000001957992bda0 14255       3       org.jetbrains.kotlin.ir.visitors.IrElementTransformerVoid::visitFunction (16 bytes)
Event: 107.621 Thread 0x000001957992bda0 nmethod 14255 0x00000195022a9810 code [0x00000195022a9ac0, 0x00000195022aa6c8]
Event: 107.621 Thread 0x000001957992bda0 14249       3       org.jetbrains.kotlin.ir.expressions.IrTypeOperatorCall::transformChildren (20 bytes)
Event: 107.624 Thread 0x000001957992bda0 nmethod 14249 0x00000195022aab10 code [0x00000195022aaec0, 0x00000195022ac6b8]
Event: 107.624 Thread 0x000001957992bda0 14250       3       org.jetbrains.kotlin.ir.visitors.IrElementTransformerVoid::visitBody (17 bytes)
Event: 107.624 Thread 0x000001957992bda0 nmethod 14250 0x00000195022ace90 code [0x00000195022ad0c0, 0x00000195022ad748]
Event: 107.624 Thread 0x000001957992bda0 14245       3       org.jetbrains.kotlin.ir.expressions.IrReturn::transformChildren (20 bytes)
Event: 107.626 Thread 0x000001957992bda0 nmethod 14245 0x00000195022ada10 code [0x00000195022addc0, 0x00000195022af5b8]
Event: 107.626 Thread 0x000001957992bda0 14244       3       org.jetbrains.kotlin.ir.expressions.IrExpressionBody::accept (15 bytes)
Event: 107.627 Thread 0x000001957992bda0 nmethod 14244 0x00000195022afd90 code [0x00000195022affc0, 0x00000195022b0648]
Event: 107.627 Thread 0x000001957992bda0 14243       3       org.jetbrains.kotlin.ir.visitors.IrElementTransformerVoid::visitWhen (10 bytes)
Event: 107.628 Thread 0x000001957992bda0 nmethod 14243 0x00000195022b0910 code [0x00000195022b0b40, 0x00000195022b1328]
Event: 107.628 Thread 0x000001957992bda0 14239       3       org.jetbrains.kotlin.ir.visitors.IrElementTransformerVoid::visitBlock (16 bytes)
Event: 107.629 Thread 0x000001957992bda0 nmethod 14239 0x00000195022b1610 code [0x00000195022b1840, 0x00000195022b1ea8]
Event: 107.629 Thread 0x000001957992bda0 14240       3       org.jetbrains.kotlin.ir.expressions.IrContainerExpression::transformChildren (16 bytes)
Event: 107.630 Thread 0x000001957992bda0 nmethod 14240 0x00000195022b2110 code [0x00000195022b2340, 0x00000195022b2948]

GC Heap History (20 events):
Event: 65.767 GC heap before
{Heap before GC invocations=27 (full 0):
 garbage-first heap   total 119808K, used 73831K [0x0000000081e00000, 0x0000000100000000)
  region size 1024K, 5 young (5120K), 3 survivors (3072K)
 Metaspace       used 53994K, committed 54336K, reserved 1114112K
  class space    used 6156K, committed 6336K, reserved 1048576K
}
Event: 65.780 GC heap after
{Heap after GC invocations=28 (full 0):
 garbage-first heap   total 119808K, used 71841K [0x0000000081e00000, 0x0000000100000000)
  region size 1024K, 1 young (1024K), 1 survivors (1024K)
 Metaspace       used 53994K, committed 54336K, reserved 1114112K
  class space    used 6156K, committed 6336K, reserved 1048576K
}
Event: 69.945 GC heap before
{Heap before GC invocations=28 (full 0):
 garbage-first heap   total 119808K, used 97441K [0x0000000081e00000, 0x0000000100000000)
  region size 1024K, 26 young (26624K), 1 survivors (1024K)
 Metaspace       used 54442K, committed 54784K, reserved 1114112K
  class space    used 6173K, committed 6336K, reserved 1048576K
}
Event: 69.965 GC heap after
{Heap after GC invocations=29 (full 0):
 garbage-first heap   total 119808K, used 74849K [0x0000000081e00000, 0x0000000100000000)
  region size 1024K, 4 young (4096K), 4 survivors (4096K)
 Metaspace       used 54442K, committed 54784K, reserved 1114112K
  class space    used 6173K, committed 6336K, reserved 1048576K
}
Event: 76.940 GC heap before
{Heap before GC invocations=29 (full 0):
 garbage-first heap   total 119808K, used 99425K [0x0000000081e00000, 0x0000000100000000)
  region size 1024K, 26 young (26624K), 4 survivors (4096K)
 Metaspace       used 54869K, committed 55296K, reserved 1114112K
  class space    used 6197K, committed 6400K, reserved 1048576K
}
Event: 76.964 GC heap after
{Heap after GC invocations=30 (full 0):
 garbage-first heap   total 119808K, used 79200K [0x0000000081e00000, 0x0000000100000000)
  region size 1024K, 3 young (3072K), 3 survivors (3072K)
 Metaspace       used 54869K, committed 55296K, reserved 1114112K
  class space    used 6197K, committed 6400K, reserved 1048576K
}
Event: 79.190 GC heap before
{Heap before GC invocations=30 (full 0):
 garbage-first heap   total 119808K, used 98656K [0x0000000081e00000, 0x0000000100000000)
  region size 1024K, 22 young (22528K), 3 survivors (3072K)
 Metaspace       used 55021K, committed 55424K, reserved 1114112K
  class space    used 6200K, committed 6400K, reserved 1048576K
}
Event: 79.211 GC heap after
{Heap after GC invocations=31 (full 0):
 garbage-first heap   total 119808K, used 81445K [0x0000000081e00000, 0x0000000100000000)
  region size 1024K, 2 young (2048K), 2 survivors (2048K)
 Metaspace       used 55021K, committed 55424K, reserved 1114112K
  class space    used 6200K, committed 6400K, reserved 1048576K
}
Event: 82.661 GC heap before
{Heap before GC invocations=32 (full 0):
 garbage-first heap   total 140288K, used 98853K [0x0000000081e00000, 0x0000000100000000)
  region size 1024K, 19 young (19456K), 2 survivors (2048K)
 Metaspace       used 55270K, committed 55616K, reserved 1114112K
  class space    used 6225K, committed 6400K, reserved 1048576K
}
Event: 82.672 GC heap after
{Heap after GC invocations=33 (full 0):
 garbage-first heap   total 140288K, used 83430K [0x0000000081e00000, 0x0000000100000000)
  region size 1024K, 2 young (2048K), 2 survivors (2048K)
 Metaspace       used 55270K, committed 55616K, reserved 1114112K
  class space    used 6225K, committed 6400K, reserved 1048576K
}
Event: 83.384 GC heap before
{Heap before GC invocations=33 (full 0):
 garbage-first heap   total 140288K, used 87526K [0x0000000081e00000, 0x0000000100000000)
  region size 1024K, 6 young (6144K), 2 survivors (2048K)
 Metaspace       used 55301K, committed 55680K, reserved 1114112K
  class space    used 6226K, committed 6400K, reserved 1048576K
}
Event: 83.394 GC heap after
{Heap after GC invocations=34 (full 0):
 garbage-first heap   total 140288K, used 83278K [0x0000000081e00000, 0x0000000100000000)
  region size 1024K, 1 young (1024K), 1 survivors (1024K)
 Metaspace       used 55301K, committed 55680K, reserved 1114112K
  class space    used 6226K, committed 6400K, reserved 1048576K
}
Event: 88.050 GC heap before
{Heap before GC invocations=34 (full 0):
 garbage-first heap   total 140288K, used 115022K [0x0000000081e00000, 0x0000000100000000)
  region size 1024K, 32 young (32768K), 1 survivors (1024K)
 Metaspace       used 55775K, committed 56128K, reserved 1114112K
  class space    used 6260K, committed 6464K, reserved 1048576K
}
Event: 88.060 GC heap after
{Heap after GC invocations=35 (full 0):
 garbage-first heap   total 140288K, used 85811K [0x0000000081e00000, 0x0000000100000000)
  region size 1024K, 3 young (3072K), 3 survivors (3072K)
 Metaspace       used 55775K, committed 56128K, reserved 1114112K
  class space    used 6260K, committed 6464K, reserved 1048576K
}
Event: 92.484 GC heap before
{Heap before GC invocations=35 (full 0):
 garbage-first heap   total 140288K, used 116531K [0x0000000081e00000, 0x0000000100000000)
  region size 1024K, 33 young (33792K), 3 survivors (3072K)
 Metaspace       used 55986K, committed 56320K, reserved 1114112K
  class space    used 6269K, committed 6464K, reserved 1048576K
}
Event: 92.501 GC heap after
{Heap after GC invocations=36 (full 0):
 garbage-first heap   total 140288K, used 88311K [0x0000000081e00000, 0x0000000100000000)
  region size 1024K, 3 young (3072K), 3 survivors (3072K)
 Metaspace       used 55986K, committed 56320K, reserved 1114112K
  class space    used 6269K, committed 6464K, reserved 1048576K
}
Event: 96.648 GC heap before
{Heap before GC invocations=36 (full 0):
 garbage-first heap   total 140288K, used 116983K [0x0000000081e00000, 0x0000000100000000)
  region size 1024K, 31 young (31744K), 3 survivors (3072K)
 Metaspace       used 57692K, committed 58112K, reserved 1114112K
  class space    used 6403K, committed 6592K, reserved 1048576K
}
Event: 96.657 GC heap after
{Heap after GC invocations=37 (full 0):
 garbage-first heap   total 140288K, used 88954K [0x0000000081e00000, 0x0000000100000000)
  region size 1024K, 1 young (1024K), 1 survivors (1024K)
 Metaspace       used 57692K, committed 58112K, reserved 1114112K
  class space    used 6403K, committed 6592K, reserved 1048576K
}
Event: 102.159 GC heap before
{Heap before GC invocations=37 (full 0):
 garbage-first heap   total 140288K, used 118650K [0x0000000081e00000, 0x0000000100000000)
  region size 1024K, 30 young (30720K), 1 survivors (1024K)
 Metaspace       used 63074K, committed 63552K, reserved 1114112K
  class space    used 6941K, committed 7168K, reserved 1048576K
}
Event: 102.172 GC heap after
{Heap after GC invocations=38 (full 0):
 garbage-first heap   total 140288K, used 91107K [0x0000000081e00000, 0x0000000100000000)
  region size 1024K, 3 young (3072K), 3 survivors (3072K)
 Metaspace       used 63074K, committed 63552K, reserved 1114112K
  class space    used 6941K, committed 7168K, reserved 1048576K
}

Dll operation events (7 events):
Event: 0.028 Loaded shared library C:\Program Files\Eclipse Adoptium\jdk-17.0.19.10-hotspot\bin\java.dll
Event: 0.172 Loaded shared library C:\Program Files\Eclipse Adoptium\jdk-17.0.19.10-hotspot\bin\jsvml.dll
Event: 0.668 Loaded shared library C:\Program Files\Eclipse Adoptium\jdk-17.0.19.10-hotspot\bin\net.dll
Event: 0.836 Loaded shared library C:\Program Files\Eclipse Adoptium\jdk-17.0.19.10-hotspot\bin\nio.dll
Event: 1.018 Loaded shared library C:\Program Files\Eclipse Adoptium\jdk-17.0.19.10-hotspot\bin\zip.dll
Event: 1.186 Loaded shared library C:\Program Files\Eclipse Adoptium\jdk-17.0.19.10-hotspot\bin\jimage.dll
Event: 8.021 Loaded shared library C:\Program Files\Eclipse Adoptium\jdk-17.0.19.10-hotspot\bin\verify.dll

Deoptimization events (20 events):
Event: 104.869 Thread 0x000001956857cd30 DEOPT PACKING pc=0x0000019507ec3588 sp=0x00000087328fb980
Event: 104.869 Thread 0x000001956857cd30 DEOPT UNPACKING pc=0x00000195075869a3 sp=0x00000087328fb910 mode 2
Event: 105.852 Thread 0x000001956857cd30 Uncommon trap: trap_request=0xffffff45 fr.pc=0x0000019507ed8bb4 relative=0x00000000000003f4
Event: 105.852 Thread 0x000001956857cd30 Uncommon trap: reason=unstable_if action=reinterpret pc=0x0000019507ed8bb4 method=kotlin.LazyKt__LazyJVMKt.lazy(Lkotlin/LazyThreadSafetyMode;Lkotlin/jvm/functions/Function0;)Lkotlin/Lazy; @ 21 c2
Event: 105.852 Thread 0x000001956857cd30 DEOPT PACKING pc=0x0000019507ed8bb4 sp=0x00000087328fe270
Event: 105.852 Thread 0x000001956857cd30 DEOPT UNPACKING pc=0x00000195075869a3 sp=0x00000087328fe230 mode 2
Event: 106.953 Thread 0x000001956857cd30 DEOPT PACKING pc=0x0000019501466dcc sp=0x00000087328fe2f0
Event: 106.953 Thread 0x000001956857cd30 DEOPT UNPACKING pc=0x0000019507587143 sp=0x00000087328fd788 mode 0
Event: 106.953 Thread 0x000001956857cd30 Uncommon trap: trap_request=0xffffffde fr.pc=0x000001950824ad9c relative=0x000000000000015c
Event: 106.953 Thread 0x000001956857cd30 Uncommon trap: reason=class_check action=maybe_recompile pc=0x000001950824ad9c method=kotlin.collections.CollectionsKt___CollectionsKt.firstOrNull(Ljava/lang/Iterable;)Ljava/lang/Object; @ 39 c2
Event: 106.953 Thread 0x000001956857cd30 DEOPT PACKING pc=0x000001950824ad9c sp=0x00000087328fd9a0
Event: 106.953 Thread 0x000001956857cd30 DEOPT UNPACKING pc=0x00000195075869a3 sp=0x00000087328fd938 mode 2
Event: 107.083 Thread 0x000001956857cd30 Uncommon trap: trap_request=0xffffffde fr.pc=0x000001950824ad9c relative=0x000000000000015c
Event: 107.083 Thread 0x000001956857cd30 Uncommon trap: reason=class_check action=maybe_recompile pc=0x000001950824ad9c method=kotlin.collections.CollectionsKt___CollectionsKt.firstOrNull(Ljava/lang/Iterable;)Ljava/lang/Object; @ 39 c2
Event: 107.083 Thread 0x000001956857cd30 DEOPT PACKING pc=0x000001950824ad9c sp=0x00000087328fd9b0
Event: 107.083 Thread 0x000001956857cd30 DEOPT UNPACKING pc=0x00000195075869a3 sp=0x00000087328fd948 mode 2
Event: 107.123 Thread 0x000001956857cd30 Uncommon trap: trap_request=0xffffff45 fr.pc=0x0000019507edc3f4 relative=0x0000000000000334
Event: 107.123 Thread 0x000001956857cd30 Uncommon trap: reason=unstable_if action=reinterpret pc=0x0000019507edc3f4 method=kotlin.sequences.FlatteningSequence$iterator$1.hasNext()Z @ 5 c2
Event: 107.124 Thread 0x000001956857cd30 DEOPT PACKING pc=0x0000019507edc3f4 sp=0x00000087328fe550
Event: 107.124 Thread 0x000001956857cd30 DEOPT UNPACKING pc=0x00000195075869a3 sp=0x00000087328fe500 mode 2

Classes loaded (20 events):
Event: 56.285 Loading class java/util/concurrent/locks/AbstractQueuedSynchronizer$Node
Event: 56.285 Loading class java/util/concurrent/locks/AbstractQueuedSynchronizer$Node done
Event: 86.016 Loading class java/util/regex/Pattern$Bound
Event: 86.018 Loading class java/util/regex/Pattern$Bound done
Event: 86.018 Loading class java/util/regex/Pattern$LookBehindEndNode
Event: 86.019 Loading class java/util/regex/Pattern$LookBehindEndNode done
Event: 86.020 Loading class java/util/regex/Pattern$NotBehind
Event: 86.020 Loading class java/util/regex/Pattern$NotBehind done
Event: 97.662 Loading class java/text/MessageFormat
Event: 97.664 Loading class java/text/MessageFormat done
Event: 97.833 Loading class jdk/internal/reflect/UnsafeBooleanFieldAccessorImpl
Event: 97.833 Loading class jdk/internal/reflect/UnsafeBooleanFieldAccessorImpl done
Event: 97.834 Loading class jdk/internal/reflect/UnsafeQualifiedObjectFieldAccessorImpl
Event: 97.834 Loading class jdk/internal/reflect/UnsafeQualifiedFieldAccessorImpl
Event: 97.834 Loading class jdk/internal/reflect/UnsafeQualifiedFieldAccessorImpl done
Event: 97.834 Loading class jdk/internal/reflect/UnsafeQualifiedObjectFieldAccessorImpl done
Event: 98.094 Loading class java/text/ChoiceFormat
Event: 98.095 Loading class java/text/ChoiceFormat done
Event: 98.131 Loading class java/text/MessageFormat$Field
Event: 98.131 Loading class java/text/MessageFormat$Field done

Classes unloaded (0 events):
No events

Classes redefined (0 events):
No events

Internal exceptions (20 events):
Event: 92.846 Thread 0x000001956857cd30 Implicit null exception at 0x0000019507b7bf0f to 0x0000019507b7c464
Event: 98.893 Thread 0x000001956857cd30 Exception <a 'java/lang/NoSuchMethodError'{0x000000008991e368}: 'java.lang.Object java.lang.invoke.DirectMethodHandle$Holder.newInvokeSpecial(java.lang.Object, java.lang.Object, java.lang.Object, java.lang.Object, java.lang.Object, int, java.lang.Object)'> (0x000000008991e368) 
thrown [s\src\hotspot\share\interpreter\linkResolver.cpp, line 759]
Event: 98.894 Thread 0x000001956857cd30 Exception <a 'java/lang/NoSuchMethodError'{0x0000000089923008}: 'java.lang.Object java.lang.invoke.DirectMethodHandle$Holder.invokeSpecial(java.lang.Object, java.lang.Object, java.lang.Object, java.lang.Object, java.lang.Object, java.lang.Object, int, java.lang.Object)'> (0x0000000089923008) 
thrown [s\src\hotspot\share\interpreter\linkResolver.cpp, line 759]
Event: 98.894 Thread 0x000001956857cd30 Exception <a 'java/lang/NoSuchMethodError'{0x0000000089927630}: 'java.lang.Object java.lang.invoke.Invokers$Holder.linkToTargetMethod(java.lang.Object, java.lang.Object, java.lang.Object, java.lang.Object, int, java.lang.Object, java.lang.Object)'> (0x0000000089927630) 
thrown [s\src\hotspot\share\interpreter\linkResolver.cpp, line 759]
Event: 99.341 Thread 0x000001956857cd30 Exception <a 'java/lang/NoSuchMethodError'{0x000000008954ab78}: 'java.lang.Object java.lang.invoke.DirectMethodHandle$Holder.newInvokeSpecial(java.lang.Object, java.lang.Object, int, int, java.lang.Object, java.lang.Object, java.lang.Object)'> (0x000000008954ab78) 
thrown [s\src\hotspot\share\interpreter\linkResolver.cpp, line 759]
Event: 99.509 Thread 0x000001956857cd30 Exception <a 'java/lang/NoSuchMethodError'{0x00000000894e1de8}: 'java.lang.Object java.lang.invoke.DirectMethodHandle$Holder.newInvokeSpecial(java.lang.Object, java.lang.Object, int, int, java.lang.Object, java.lang.Object, java.lang.Object, java.lang.Object)'> (0x00000000894e1de8) 
thrown [s\src\hotspot\share\interpreter\linkResolver.cpp, line 759]
Event: 99.526 Thread 0x000001956857cd30 Exception <a 'java/lang/NoSuchMethodError'{0x00000000893374d0}: 'java.lang.Object java.lang.invoke.DirectMethodHandle$Holder.invokeStatic(java.lang.Object, java.lang.Object, java.lang.Object, int, int, java.lang.Object, java.lang.Object)'> (0x00000000893374d0) 
thrown [s\src\hotspot\share\interpreter\linkResolver.cpp, line 759]
Event: 99.527 Thread 0x000001956857cd30 Exception <a 'java/lang/NoSuchMethodError'{0x0000000089340a48}: 'java.lang.Object java.lang.invoke.DirectMethodHandle$Holder.newInvokeSpecial(java.lang.Object, java.lang.Object, java.lang.Object, int, int, java.lang.Object)'> (0x0000000089340a48) 
thrown [s\src\hotspot\share\interpreter\linkResolver.cpp, line 759]
Event: 99.530 Thread 0x000001956857cd30 Exception <a 'java/lang/NoSuchMethodError'{0x00000000893483e8}: 'java.lang.Object java.lang.invoke.Invokers$Holder.linkToTargetMethod(java.lang.Object, java.lang.Object, int, int, java.lang.Object, java.lang.Object)'> (0x00000000893483e8) 
thrown [s\src\hotspot\share\interpreter\linkResolver.cpp, line 759]
Event: 99.680 Thread 0x000001956857cd30 Exception <a 'java/lang/NoSuchMethodError'{0x000000008921a050}: 'java.lang.Object java.lang.invoke.DirectMethodHandle$Holder.newInvokeSpecial(java.lang.Object, java.lang.Object, java.lang.Object, int, int, java.lang.Object, java.lang.Object)'> (0x000000008921a050) 
thrown [s\src\hotspot\share\interpreter\linkResolver.cpp, line 759]
Event: 99.713 Thread 0x000001956857cd30 Exception <a 'java/lang/NoSuchMethodError'{0x0000000089221d30}: 'java.lang.Object java.lang.invoke.Invokers$Holder.linkToTargetMethod(java.lang.Object, java.lang.Object, int, int, java.lang.Object, java.lang.Object, java.lang.Object)'> (0x0000000089221d30) 
thrown [s\src\hotspot\share\interpreter\linkResolver.cpp, line 759]
Event: 99.732 Thread 0x000001956857cd30 Exception <a 'java/lang/NoSuchMethodError'{0x0000000089266b90}: 'java.lang.Object java.lang.invoke.DirectMethodHandle$Holder.newInvokeSpecial(java.lang.Object, java.lang.Object, java.lang.Object, int, int, java.lang.Object, java.lang.Object, java.lang.Object, java.lang.Object)'> (0x0000000089266b90) 
thrown [s\src\hotspot\share\interpreter\linkResolver.cpp, line 759]
Event: 99.734 Thread 0x000001956857cd30 Exception <a 'java/lang/NoSuchMethodError'{0x0000000089270438}: 'java.lang.Object java.lang.invoke.Invokers$Holder.linkToTargetMethod(java.lang.Object, java.lang.Object, int, int, java.lang.Object, java.lang.Object, java.lang.Object, java.lang.Object, java.lang.Object)'> (0x0000000089270438) 
thrown [s\src\hotspot\share\interpreter\linkResolver.cpp, line 759]
Event: 100.726 Thread 0x000001956857cd30 Exception <a 'java/lang/NoSuchMethodError'{0x0000000088df2848}: 'java.lang.Object java.lang.invoke.DirectMethodHandle$Holder.invokeStatic(java.lang.Object, java.lang.Object, java.lang.Object, int, int, java.lang.Object, java.lang.Object, java.lang.Object)'> (0x0000000088df2848) 
thrown [s\src\hotspot\share\interpreter\linkResolver.cpp, line 759]
Event: 100.728 Thread 0x000001956857cd30 Exception <a 'java/lang/NoSuchMethodError'{0x0000000088dfb1f8}: 'java.lang.Object java.lang.invoke.DirectMethodHandle$Holder.newInvokeSpecial(java.lang.Object, java.lang.Object, java.lang.Object, int, int)'> (0x0000000088dfb1f8) 
thrown [s\src\hotspot\share\interpreter\linkResolver.cpp, line 759]
Event: 100.728 Thread 0x000001956857cd30 Exception <a 'java/lang/NoSuchMethodError'{0x0000000088dff038}: 'java.lang.Object java.lang.invoke.DirectMethodHandle$Holder.invokeSpecial(java.lang.Object, java.lang.Object, java.lang.Object, java.lang.Object, int, int)'> (0x0000000088dff038) 
thrown [s\src\hotspot\share\interpreter\linkResolver.cpp, line 759]
Event: 100.729 Thread 0x000001956857cd30 Exception <a 'java/lang/NoSuchMethodError'{0x0000000088c03708}: 'java.lang.Object java.lang.invoke.Invokers$Holder.linkToTargetMethod(java.lang.Object, java.lang.Object, int, int, java.lang.Object)'> (0x0000000088c03708) 
thrown [s\src\hotspot\share\interpreter\linkResolver.cpp, line 759]
Event: 101.278 Thread 0x000001956857cd30 Exception <a 'java/lang/NoSuchMethodError'{0x0000000088b74500}: 'java.lang.Object java.lang.invoke.DirectMethodHandle$Holder.newInvokeSpecial(java.lang.Object, int, int, java.lang.Object, java.lang.Object, java.lang.Object, java.lang.Object, java.lang.Object)'> (0x0000000088b74500) 
thrown [s\src\hotspot\share\interpreter\linkResolver.cpp, line 759]
Event: 101.279 Thread 0x000001956857cd30 Exception <a 'java/lang/NoSuchMethodError'{0x0000000088b79698}: 'java.lang.Object java.lang.invoke.DirectMethodHandle$Holder.invokeSpecial(java.lang.Object, java.lang.Object, int, int, java.lang.Object, java.lang.Object, java.lang.Object, java.lang.Object, java.lang.Object)'> (0x0000000088b79698) 
thrown [s\src\hotspot\share\interpreter\linkResolver.cpp, line 759]
Event: 107.246 Thread 0x000001956857cd30 Exception <a 'java/lang/NoSuchMethodError'{0x00000000893900d8}: 'java.lang.Object java.lang.invoke.DirectMethodHandle$Holder.invokeSpecial(java.lang.Object, java.lang.Object, int, java.lang.Object, int)'> (0x00000000893900d8) 
thrown [s\src\hotspot\share\interpreter\linkResolver.cpp, line 759]

VM Operations (20 events):
Event: 106.438 Executing VM operation: Cleanup
Event: 106.438 Executing VM operation: Cleanup done
Event: 106.442 Executing VM operation: HandshakeAllThreads
Event: 106.442 Executing VM operation: HandshakeAllThreads done
Event: 106.952 Executing VM operation: HandshakeAllThreads
Event: 106.952 Executing VM operation: HandshakeAllThreads done
Event: 106.958 Executing VM operation: HandshakeAllThreads
Event: 106.958 Executing VM operation: HandshakeAllThreads done
Event: 107.238 Executing VM operation: HandshakeAllThreads
Event: 107.238 Executing VM operation: HandshakeAllThreads done
Event: 107.405 Executing VM operation: HandshakeAllThreads
Event: 107.405 Executing VM operation: HandshakeAllThreads done
Event: 107.416 Executing VM operation: HandshakeAllThreads
Event: 107.416 Executing VM operation: HandshakeAllThreads done
Event: 107.416 Executing VM operation: HandshakeAllThreads
Event: 107.416 Executing VM operation: HandshakeAllThreads done
Event: 107.559 Executing VM operation: HandshakeAllThreads
Event: 107.559 Executing VM operation: HandshakeAllThreads done
Event: 107.559 Executing VM operation: Cleanup
Event: 107.559 Executing VM operation: Cleanup done

Memory protections (0 events):
No events

Nmethod flushes (20 events):
Event: 100.503 Thread 0x0000019579944a40 flushing  nmethod 0x0000019501aea990
Event: 100.503 Thread 0x0000019579944a40 flushing  nmethod 0x0000019501b7d410
Event: 100.504 Thread 0x0000019579944a40 flushing  nmethod 0x0000019501ba7f90
Event: 100.506 Thread 0x0000019579944a40 flushing  nmethod 0x0000019501e74290
Event: 100.508 Thread 0x0000019579944a40 flushing  nmethod 0x0000019502044090
Event: 100.508 Thread 0x0000019579944a40 flushing  nmethod 0x0000019502074090
Event: 104.421 Thread 0x0000019579944a40 flushing  nmethod 0x00000195014fb910
Event: 104.423 Thread 0x0000019579944a40 flushing  nmethod 0x0000019501600390
Event: 104.429 Thread 0x0000019579944a40 flushing  nmethod 0x0000019501972690
Event: 104.429 Thread 0x0000019579944a40 flushing  nmethod 0x0000019501a0ee10
Event: 104.430 Thread 0x0000019579944a40 flushing  nmethod 0x0000019501afd110
Event: 104.432 Thread 0x0000019579944a40 flushing  nmethod 0x0000019501c4ff90
Event: 104.438 Thread 0x0000019579944a40 flushing  nmethod 0x0000019502095e10
Event: 107.424 Thread 0x0000019579944a40 flushing  nmethod 0x0000019508262e90
Event: 107.425 Thread 0x0000019579944a40 flushing  nmethod 0x00000195000f3090
Event: 107.426 Thread 0x0000019579944a40 flushing  nmethod 0x000001950017e590
Event: 107.551 Thread 0x0000019579944a40 flushing  nmethod 0x0000019500d5cd10
Event: 107.554 Thread 0x0000019579944a40 flushing  nmethod 0x0000019500f78e10
Event: 107.561 Thread 0x0000019579944a40 flushing  nmethod 0x00000195012f0910
Event: 107.561 Thread 0x0000019579944a40 flushing  nmethod 0x00000195012f1e10

Events (20 events):
Event: 71.615 Thread 0x000001957f15dca0 Thread exited: 0x000001957f15dca0
Event: 71.839 Thread 0x000001957f15c210 Thread exited: 0x000001957f15c210
Event: 73.496 Thread 0x000001957992bda0 Thread added: 0x000001957f160720
Event: 74.007 Thread 0x000001957f160720 Thread exited: 0x000001957f160720
Event: 76.069 Thread 0x000001957992bda0 Thread added: 0x000001957f15fc80
Event: 76.593 Thread 0x000001957f15fc80 Thread exited: 0x000001957f15fc80
Event: 77.166 Thread 0x000001957992bda0 Thread added: 0x000001957f15dca0
Event: 77.521 Thread 0x000001957f15dca0 Thread exited: 0x000001957f15dca0
Event: 77.717 Thread 0x000001957992bda0 Thread added: 0x000001957f15a230
Event: 78.787 Thread 0x000001957f15a230 Thread exited: 0x000001957f15a230
Event: 78.873 Thread 0x000001957992bda0 Thread added: 0x000001957f15c210
Event: 80.921 Thread 0x000001957f15c210 Thread exited: 0x000001957f15c210
Event: 81.947 Thread 0x000001957992bda0 Thread added: 0x000001957f15a230
Event: 82.769 Thread 0x000001957f15a230 Thread exited: 0x000001957f15a230
Event: 82.875 Thread 0x000001957992bda0 Thread added: 0x000001957f15a230
Event: 88.406 Thread 0x000001957f15a230 Thread exited: 0x000001957f15a230
Event: 95.770 Thread 0x000001957992bda0 Thread added: 0x000001957f15dca0
Event: 96.513 Thread 0x000001957f15dca0 Thread exited: 0x000001957f15dca0
Event: 103.484 Thread 0x000001957992bda0 Thread added: 0x000001957f15f1e0
Event: 106.223 Thread 0x000001957f15f1e0 Thread exited: 0x000001957f15f1e0


Dynamic libraries:
0x00007ff7f7450000 - 0x00007ff7f745e000 	C:\Program Files\Eclipse Adoptium\jdk-17.0.19.10-hotspot\bin\java.exe
0x00007ffbf7510000 - 0x00007ffbf7727000 	C:\WINDOWS\SYSTEM32\ntdll.dll
0x00007ffbf6790000 - 0x00007ffbf6854000 	C:\WINDOWS\System32\KERNEL32.DLL
0x00007ffbf47e0000 - 0x00007ffbf4bb2000 	C:\WINDOWS\System32\KERNELBASE.dll
0x00007ffbf46c0000 - 0x00007ffbf47d1000 	C:\WINDOWS\System32\ucrtbase.dll
0x00007ffbebaa0000 - 0x00007ffbebabe000 	C:\Program Files\Eclipse Adoptium\jdk-17.0.19.10-hotspot\bin\VCRUNTIME140.dll
0x00007ffbeba30000 - 0x00007ffbeba48000 	C:\Program Files\Eclipse Adoptium\jdk-17.0.19.10-hotspot\bin\jli.dll
0x00007ffbf52b0000 - 0x00007ffbf5461000 	C:\WINDOWS\System32\USER32.dll
0x00007ffbf4bc0000 - 0x00007ffbf4be6000 	C:\WINDOWS\System32\win32u.dll
0x00007ffbf74a0000 - 0x00007ffbf74c9000 	C:\WINDOWS\System32\GDI32.dll
0x00007ffbf4bf0000 - 0x00007ffbf4d13000 	C:\WINDOWS\System32\gdi32full.dll
0x00007ffbf4d20000 - 0x00007ffbf4dba000 	C:\WINDOWS\System32\msvcp_win.dll
0x00007ffbdee30000 - 0x00007ffbdf0cb000 	C:\WINDOWS\WinSxS\amd64_microsoft.windows.common-controls_6595b64144ccf1df_6.0.22621.5547_none_27104afb73855772\COMCTL32.dll
0x00007ffbf7130000 - 0x00007ffbf71d7000 	C:\WINDOWS\System32\msvcrt.dll
0x00007ffbf6560000 - 0x00007ffbf6591000 	C:\WINDOWS\System32\IMM32.DLL
0x00007ffbebb60000 - 0x00007ffbebb6c000 	C:\Program Files\Eclipse Adoptium\jdk-17.0.19.10-hotspot\bin\vcruntime140_1.dll
0x00007ffbe9260000 - 0x00007ffbe92ed000 	C:\Program Files\Eclipse Adoptium\jdk-17.0.19.10-hotspot\bin\msvcp140.dll
0x00007ffbb4f70000 - 0x00007ffbb5bdc000 	C:\Program Files\Eclipse Adoptium\jdk-17.0.19.10-hotspot\bin\server\jvm.dll
0x00007ffbf7010000 - 0x00007ffbf70c1000 	C:\WINDOWS\System32\ADVAPI32.dll
0x00007ffbf5c00000 - 0x00007ffbf5ca8000 	C:\WINDOWS\System32\sechost.dll
0x00007ffbf5170000 - 0x00007ffbf5198000 	C:\WINDOWS\System32\bcrypt.dll
0x00007ffbf65c0000 - 0x00007ffbf66d4000 	C:\WINDOWS\System32\RPCRT4.dll
0x00007ffbf5230000 - 0x00007ffbf52a1000 	C:\WINDOWS\System32\WS2_32.dll
0x00007ffbf44d0000 - 0x00007ffbf451d000 	C:\WINDOWS\SYSTEM32\POWRPROF.dll
0x00007ffbe2020000 - 0x00007ffbe202a000 	C:\WINDOWS\SYSTEM32\VERSION.dll
0x00007ffbea780000 - 0x00007ffbea7b4000 	C:\WINDOWS\SYSTEM32\WINMM.dll
0x00007ffbf44b0000 - 0x00007ffbf44c3000 	C:\WINDOWS\SYSTEM32\UMPDC.dll
0x00007ffbf35f0000 - 0x00007ffbf3608000 	C:\WINDOWS\SYSTEM32\kernel.appcore.dll
0x00007ffbeba90000 - 0x00007ffbeba9a000 	C:\Program Files\Eclipse Adoptium\jdk-17.0.19.10-hotspot\bin\jimage.dll
0x00007ffbeefa0000 - 0x00007ffbef1d3000 	C:\WINDOWS\SYSTEM32\DBGHELP.DLL
0x00007ffbf6860000 - 0x00007ffbf6bf3000 	C:\WINDOWS\System32\combase.dll
0x00007ffbf6c00000 - 0x00007ffbf6cd7000 	C:\WINDOWS\System32\OLEAUT32.dll
0x00007ffbde5e0000 - 0x00007ffbde612000 	C:\WINDOWS\SYSTEM32\dbgcore.DLL
0x00007ffbf4dc0000 - 0x00007ffbf4e3b000 	C:\WINDOWS\System32\bcryptPrimitives.dll
0x00007ffbe9420000 - 0x00007ffbe9445000 	C:\Program Files\Eclipse Adoptium\jdk-17.0.19.10-hotspot\bin\java.dll
0x00007ffbd3160000 - 0x00007ffbd3237000 	C:\Program Files\Eclipse Adoptium\jdk-17.0.19.10-hotspot\bin\jsvml.dll
0x00007ffbf5cb0000 - 0x00007ffbf6552000 	C:\WINDOWS\System32\SHELL32.dll
0x00007ffbf4fb0000 - 0x00007ffbf50ef000 	C:\WINDOWS\System32\wintypes.dll
0x00007ffbf24e0000 - 0x00007ffbf2dfd000 	C:\WINDOWS\SYSTEM32\windows.storage.dll
0x00007ffbf7310000 - 0x00007ffbf741c000 	C:\WINDOWS\System32\SHCORE.dll
0x00007ffbf54d0000 - 0x00007ffbf5539000 	C:\WINDOWS\System32\shlwapi.dll
0x00007ffbf4530000 - 0x00007ffbf455b000 	C:\WINDOWS\SYSTEM32\profapi.dll
0x00007ffbd8530000 - 0x00007ffbd854a000 	C:\Program Files\Eclipse Adoptium\jdk-17.0.19.10-hotspot\bin\net.dll
0x00007ffbe9e80000 - 0x00007ffbe9fac000 	C:\WINDOWS\SYSTEM32\WINHTTP.dll
0x00007ffbf3a60000 - 0x00007ffbf3ac9000 	C:\WINDOWS\system32\mswsock.dll
0x00007ffbd2ff0000 - 0x00007ffbd3006000 	C:\Program Files\Eclipse Adoptium\jdk-17.0.19.10-hotspot\bin\nio.dll
0x00007ffbe9240000 - 0x00007ffbe9258000 	C:\Program Files\Eclipse Adoptium\jdk-17.0.19.10-hotspot\bin\zip.dll
0x00007ffbe9230000 - 0x00007ffbe9240000 	C:\Program Files\Eclipse Adoptium\jdk-17.0.19.10-hotspot\bin\verify.dll

dbghelp: loaded successfully - version: 4.0.5 - missing functions: none
symbol engine: initialized successfully - sym options: 0x614 - pdb path: .;C:\Program Files\Eclipse Adoptium\jdk-17.0.19.10-hotspot\bin;C:\WINDOWS\SYSTEM32;C:\WINDOWS\WinSxS\amd64_microsoft.windows.common-controls_6595b64144ccf1df_6.0.22621.5547_none_27104afb73855772;C:\Program Files\Eclipse Adoptium\jdk-17.0.19.10-hotspot\bin\server

VM Arguments:
java_command: org.jetbrains.kotlin.cli.jvm.K2JVMCompiler @C:\flutter\packages\flutter_tools\gradle\build\20260920_11709656949543123447.compiler.options
java_class_path (initial): C:\Users\admin\.gradle\caches\modules-2\files-2.1\org.jetbrains.kotlin\kotlin-compiler-embeddable\2.0.21\79346ed53db48b18312a472602eb5c057070c54d\kotlin-compiler-embeddable-2.0.21.jar;C:\Users\admin\.gradle\caches\modules-2\files-2.1\org.jetbrains.kotlin\kotlin-stdlib\2.0.21\618b539767b4899b4660a83006e052b63f1db551\kotlin-stdlib-2.0.21.jar;C:\Users\admin\.gradle\caches\modules-2\files-2.1\org.jetbrains.kotlin\kotlin-script-runtime\2.0.21\c9b044380ad41f89aa89aa896c2d32a8c0b2129d\kotlin-script-runtime-2.0.21.jar;C:\Users\admin\.gradle\caches\modules-2\files-2.1\org.jetbrains.kotlin\kotlin-reflect\1.6.10\1cbe9c92c12a94eea200d23c2bbaedaf3daf5132\kotlin-reflect-1.6.10.jar;C:\Users\admin\.gradle\caches\modules-2\files-2.1\org.jetbrains.kotlin\kotlin-daemon-embeddable\2.0.21\c9e933b23287de9b5a17e2116b4657bb91aea72c\kotlin-daemon-embeddable-2.0.21.jar;C:\Users\admin\.gradle\caches\modules-2\files-2.1\org.jetbrains.intellij.deps\trove4j\1.0.20200330\3afb14d5f9ceb459d724e907a21145e8ff394f02\trove4j-1.0.20200330.jar;C:\Users\admin\.gradle\caches\modules-2\files-2.1\org.jetbrains.kotlinx\kotlinx-coroutines-core-jvm\1.6.4\2c997cd1c0ef33f3e751d3831929aeff1390cb30\kotlinx-coroutines-core-jvm-1.6.4.jar;C:\Users\admin\.gradle\caches\modules-2\files-2.1\org.jetbrains\annotations\13.0\919f0dfe192fb4e063e7dacadee7f8bb9a2672a9\annotations-13.0.jar
Launcher Type: SUN_STANDARD

[Global flags]
     intx CICompilerCount                          = 4                                         {product} {ergonomic}
     uint ConcGCThreads                            = 2                                         {product} {ergonomic}
     uint G1ConcRefinementThreads                  = 8                                         {product} {ergonomic}
   size_t G1HeapRegionSize                         = 1048576                                   {product} {ergonomic}
    uintx GCDrainStackTargetSize                   = 64                                        {product} {ergonomic}
   size_t InitialHeapSize                          = 134217728                                 {product} {ergonomic}
   size_t MarkStackSize                            = 4194304                                   {product} {ergonomic}
   size_t MaxHeapSize                              = 2116026368                                {product} {ergonomic}
   size_t MaxNewSize                               = 1268776960                                {product} {ergonomic}
   size_t MinHeapDeltaBytes                        = 1048576                                   {product} {ergonomic}
   size_t MinHeapSize                              = 8388608                                   {product} {ergonomic}
    uintx NonNMethodCodeHeapSize                   = 5839372                                {pd product} {ergonomic}
    uintx NonProfiledCodeHeapSize                  = 122909434                              {pd product} {ergonomic}
    uintx ProfiledCodeHeapSize                     = 122909434                              {pd product} {ergonomic}
    uintx ReservedCodeCacheSize                    = 251658240                              {pd product} {ergonomic}
     bool SegmentedCodeCache                       = true                                      {product} {ergonomic}
   size_t SoftMaxHeapSize                          = 2116026368                             {manageable} {ergonomic}
     bool UseCompressedClassPointers               = true                           {product lp64_product} {ergonomic}
     bool UseCompressedOops                        = true                           {product lp64_product} {ergonomic}
     bool UseG1GC                                  = true                                      {product} {ergonomic}
     bool UseLargePagesIndividualAllocation        = false                                  {pd product} {ergonomic}

Logging:
Log output configuration:
 #0: stdout all=warning uptime,level,tags
 #1: stderr all=off uptime,level,tags

Environment Variables:
JAVA_HOME=C:\Program Files\Eclipse Adoptium\jdk-25.0.1.8-hotspot
PATH=C:\Program Files\Eclipse Adoptium\jdk-17.0.19.10-hotspot\bin;C:\Program Files (x86)\VMware\VMware Workstation\bin\;C:\Program Files\Python312\Scripts\;C:\Program Files\Python312\;C:\WINDOWS\system32;C:\WINDOWS;C:\WINDOWS\System32\Wbem;C:\WINDOWS\System32\WindowsPowerShell\v1.0\;C:\WINDOWS\System32\OpenSSH\;C:\Program Files (x86)\Microsoft SQL Server\160\Tools\Binn\;C:\Program Files\Microsoft SQL Server\160\Tools\Binn\;C:\Program Files\Microsoft SQL Server\Client SDK\ODBC\170\Tools\Binn\;C:\Program Files\Microsoft SQL Server\160\DTS\Binn\;C:\Program Files (x86)\Microsoft SQL Server\160\DTS\Binn\;C:\Windows\system32\python;C:\sqlite3;C:\Program Files\nodejs\;C:\MinGW\bin;C:\curl\bin;C:\curl\include;C:\MinGW;C:\MinGW\lib;C:\GnuWin32\bin;C:\OpenSSL-Win64\bin;C:\Program Files\PostgreSQL\17\bin;C:\Program Files\Eclipse Adoptium\jdk-25.0.1.8-hotspot\bin;C:\Program Files\Heroku\bin;C:\Program Files\Git\cmd;C:\Program Files (x86)\VMware\VMware Workstation\bin\;C:\Program Files\Python312\Scripts\;C:\Program Files\Python312\;C:\WINDOWS\system32;C:\WINDOWS;C:\WINDOWS\System32\Wbem;C:\WINDOWS\System32\WindowsPowerShell\v1.0\;C:\WINDOWS\System32\OpenSSH\;C:\Program Files (x86)\Microsoft SQL Server\160\Tools\Binn\;C:\Program Files\Microsoft SQL Server\160\Tools\Binn\;C:\Program Files\Microsoft SQL Server\Client SDK\ODBC\170\Tools\Binn\;C:\Program Files\Microsoft SQL Server\160\DTS\Binn\;C:\Program Files (x86)\Microsoft SQL Server\160\DTS\Binn\;C:\Windows\system32\python;C:\sqlite3;C:\Program Files\nodejs\;C:\MinGW\bin;C:\curl\bin;C:\curl\include;C:\MinGW;C:\MinGW\lib;C:\GnuWin32\bin;C:\OpenSSL-Win64\bin;C:\Program Files\PostgreSQL\17\bin;C:\Program Files\Eclipse Adoptium\jdk-25.0.1.8-hotspot\bin;C:\Program Files\Git\cmd;C:\Program Files\Docker\Docker\resources\bin;C:\Program Files\Heroku\bin;C:\Users\admin\AppData\Local\Programs\Microsoft VS Code;C:\Program Files\P;C:\flutter\bin\flutter;C:\flutter\bin;C:\Users\admin\AppData\Local\Programs\Microsoft VS Code\bin
USERNAME=admin
OS=Windows_NT
PROCESSOR_IDENTIFIER=Intel64 Family 6 Model 142 Stepping 10, GenuineIntel
TMP=C:\Users\admin\AppData\Local\Temp
TEMP=C:\Users\admin\AppData\Local\Temp



Periodic native trim disabled


---------------  S Y S T E M  ---------------

OS:
 Windows 11 , 64 bit Build 22621 (10.0.22621.5415)
OS uptime: 0 days 1:40 hours
Hyper-V role detected

CPU: total 8 (initial active 8) (4 cores per cpu, 2 threads per core) family 6 model 142 stepping 10 microcode 0xf4, cx8, cmov, fxsr, ht, mmx, 3dnowpref, sse, sse2, sse3, ssse3, sse4.1, sse4.2, popcnt, lzcnt, tsc, tscinvbit, avx, avx2, aes, erms, clmul, bmi1, bmi2, rtm, adx, fma, vzeroupper, clflush, clflushopt, hv
Processor Information for all 8 processors :
  Max Mhz: 1896, Current Mhz: 1696, Mhz Limit: 1687

Memory: 4k page, system-wide physical 8070M (362M free)
TotalPageFile size 16142M (AvailPageFile size 0M)
current process WorkingSet (physical memory assigned to process): 359M, peak: 366M
current process commit charge ("private bytes"): 397M, peak: 405M

vm_info: OpenJDK 64-Bit Server VM (17.0.19+10) for windows-amd64 JRE (17.0.19+10), built on Apr 25 2026 08:04:44 by "admin" with MS VC++ 17.12 (VS2022)

END.
