#
# There is insufficient memory for the Java Runtime Environment to continue.
# Native memory allocation (malloc) failed to allocate 675504 bytes. Error detail: Chunk::new
# Possible reasons:
#   The system is out of physical RAM or swap space
#   This process is running with CompressedOops enabled, and the Java Heap may be blocking the growth of the native heap
# Possible solutions:
#   Reduce memory load on the system
#   Increase physical memory or swap space
#   Check if swap backing store is full
#   Decrease Java heap size (-Xmx/-Xms)
#   Decrease number of Java threads
#   Decrease Java thread stack sizes (-Xss)
#   Set larger code cache with -XX:ReservedCodeCacheSize=
#   JVM is running with Unscaled Compressed Oops mode in which the Java heap is
#     placed in the first 4GB address space. The Java Heap base address is the
#     maximum limit for the native heap growth. Please use -XX:HeapBaseMinAddress
#     to set the Java Heap base and to place the Java Heap above 4GB virtual address.
# This output file may be truncated or incomplete.
#
#  Out of Memory Error (arena.cpp:191), pid=12028, tid=1088
#
# JRE version: OpenJDK Runtime Environment Temurin-17.0.19+10 (17.0.19+10) (build 17.0.19+10)
# Java VM: OpenJDK 64-Bit Server VM Temurin-17.0.19+10 (17.0.19+10, mixed mode, sharing, tiered, compressed oops, compressed class ptrs, g1 gc, windows-amd64)
# No core dump will be written. Minidumps are not enabled by default on client versions of Windows
#

---------------  S U M M A R Y ------------

Command Line: org.jetbrains.kotlin.cli.jvm.K2JVMCompiler @C:\flutter\packages\flutter_tools\gradle\build\20260815_11215894502928545238.compiler.options

Host: Intel(R) Core(TM) i5-8350U CPU @ 1.70GHz, 8 cores, 7G,  Windows 11 , 64 bit Build 22621 (10.0.22621.5415)
Time: Sat Aug 15 12:01:04 2026 Paris, Madrid (heure duild 22621 (10.0.22621.5415) elapsed time: 13.246787 seconds (0d 0h 0m 13s)

---------------  T H R E A D  ---------------

Current thread (0x000001c57d2bd050):  JavaThread "C2 CompilerThread1" daemon [_thread_in_native, id=1088, stack(0x000000a6d8e00000,0x000000a6d8f00000)]


Current CompileTask:
C2:13246 4520       4       org.jetbrains.kotlin.serialization.deserialization.descriptors.DeserializedPackageMemberScope::getContributedClassifier (26 bytes)

Stack: [0x000000a6d8e00000,0x000000a6d8f00000]
Native frames: (J=compiled Java code, j=interpreted, Vv=VM code, C=native code)
V  [jvm.dll+0x684b29]
V  [jvm.dll+0x83a2d5]
V  [jvm.dll+0x83bd4e]
V  [jvm.dll+0x83c3d3]
V  [jvm.dll+0x24905f]
V  [jvm.dll+0xad536]
V  [jvm.dll+0xadbdc]
V  [jvm.dll+0x368d9e]
V  [jvm.dll+0x1bc2bf]
V  [jvm.dll+0x219fc0]
V  [jvm.dll+0x2192af]
V  [jvm.dll+0x1a49f0]
V  [jvm.dll+0x2299fa]
V  [jvm.dll+0x227bab]
V  [jvm.dll+0x7f0a88]
V  [jvm.dll+0x7eaf1c]
V  [jvm.dll+0x6839f7]
C  [ucrtbase.dll+0x29333]
C  [KERNEL32.DLL+0x1259d]
C  [ntdll.dll+0x5af78]


---------------  P R O C E S S  ---------------

Threads class SMR info:
_java_thread_list=0x000001c57d97ba00, length=14, elements={
0x000001c54ff2ec70, 0x000001c56e313d60, 0x000001c56e315b00, 0x000001c56e32c3a0,
0x000001c56e32ce70, 0x000001c56e32d740, 0x000001c56e32e010, 0x000001c56e3304f0,
0x000001c56e3312c0, 0x000001c56e343510, 0x000001c56e5ad940, 0x000001c56e5ade50,
0x000001c57d2bd050, 0x000001c57422e730
}

Java Threads: ( => current thread )
  0x000001c54ff2ec70 JavaThread "main" [_thread_in_Java, id=7832, stack(0x000000a6d7400000,0x000000a6d7500000)]
  0x000001c56e313d60 JavaThread "Reference Handler" daemon [_thread_blocked, id=1932, stack(0x000000a6d7b00000,0x000000a6d7c00000)]
  0x000001c56e315b00 JavaThread "Finalizer" daemon [_thread_blocked, id=15008, stack(0x000000a6d7c00000,0x000000a6d7d00000)]
  0x000001c56e32c3a0 JavaThread "Signal Dispatcher" daemon [_thread_blocked, id=15004, stack(0x000000a6d7d00000,0x000000a6d7e00000)]
  0x000001c56e32ce70 JavaThread "Attach Listener" daemon [_thread_blocked, id=6712, stack(0x000000a6d7e00000,0x000000a6d7f00000)]
  0x000001c56e32d740 JavaThread "Service Thread" daemon [_thread_blocked, id=7208, stack(0x000000a6d7f00000,0x000000a6d8000000)]
  0x000001c56e32e010 JavaThread "Monitor Deflation Thread" daemon [_thread_blocked, id=14056, stack(0x000000a6d8000000,0x000000a6d8100000)]
  0x000001c56e3304f0 JavaThread "C2 CompilerThread0" daemon [_thread_in_native, id=11872, stack(0x000000a6d8100000,0x000000a6d8200000)]
  0x000001c56e3312c0 JavaThread "C1 CompilerThread0" daemon [_thread_blocked, id=256, stack(0x000000a6d8200000,0x000000a6d8300000)]
  0x000001c56e343510 JavaThread "Sweeper thread" daemon [_thread_blocked, id=7216, stack(0x000000a6d8300000,0x000000a6d8400000)]
  0x000001c56e5ad940 JavaThread "Notification Thread" daemon [_thread_blocked, id=4856, stack(0x000000a6d8400000,0x000000a6d8500000)]
  0x000001c56e5ade50 JavaThread "Common-Cleaner" daemon [_thread_blocked, id=16564, stack(0x000000a6d8600000,0x000000a6d8700000)]
=>0x000001c57d2bd050 JavaThread "C2 CompilerThread1" daemon [_thread_in_native, id=1088, stack(0x000000a6d8e00000,0x000000a6d8f00000)]
  0x000001c57422e730 JavaThread "C2 CompilerThread2" daemon [_thread_in_native, id=300, stack(0x000000a6d9200000,0x000000a6d9300000)]

Other Threads:
  0x000001c56e30f370 VMThread "VM Thread" [stack: 0x000000a6d7a00000,0x000000a6d7b00000] [id=6488]
  0x000001c56e5b1390 WatcherThread [stack: 0x000000a6d8500000,0x000000a6d8600000] [id=15448]
  0x000001c54ff895e0 GCTaskThread "GC Thread#0" [stack: 0x000000a6d7500000,0x000000a6d7600000] [id=10044]
  0x000001c573270a60 GCTaskThread "GC Thread#1" [stack: 0x000000a6d8700000,0x000000a6d8800000] [id=4844]
  0x000001c573270d20 GCTaskThread "GC Thread#2" [stack: 0x000000a6d8800000,0x000000a6d8900000] [id=16836]
  0x000001c573214d40 GCTaskThread "GC Thread#3" [stack: 0x000000a6d8900000,0x000000a6d8a00000] [id=12400]
  0x000001c573287590 GCTaskThread "GC Thread#4" [stack: 0x000000a6d8a00000,0x000000a6d8b00000] [id=13636]
  0x000001c573287a60 GCTaskThread "GC Thread#5" [stack: 0x000000a6d8b00000,0x000000a6d8c00000] [id=4112]
  0x000001c5737a0d80 GCTaskThread "GC Thread#6" [stack: 0x000000a6d8c00000,0x000000a6d8d00000] [id=16524]
  0x000001c5736a5490 GCTaskThread "GC Thread#7" [stack: 0x000000a6d8d00000,0x000000a6d8e00000] [id=2420]
  0x000001c54ff9a080 ConcurrentGCThread "G1 Main Marker" [stack: 0x000000a6d7600000,0x000000a6d7700000] [id=8920]
  0x000001c54ff9a9b0 ConcurrentGCThread "G1 Conc#0" [stack: 0x000000a6d7700000,0x000000a6d7800000] [id=12104]
  0x000001c5737698b0 ConcurrentGCThread "G1 Conc#1" [stack: 0x000000a6d8f00000,0x000000a6d9000000] [id=9480]
  0x000001c54ffdd680 ConcurrentGCThread "G1 Refine#0" [stack: 0x000000a6d7800000,0x000000a6d7900000] [id=4316]
  0x000001c57ca8a9c0 ConcurrentGCThread "G1 Refine#1" [stack: 0x000000a6d9000000,0x000000a6d9100000] [id=6544]
  0x000001c573e1cbc0 ConcurrentGCThread "G1 Refine#2" [stack: 0x000000a6d9100000,0x000000a6d9200000] [id=13396]
  0x000001c56e1cc120 ConcurrentGCThread "G1 Service" [stack: 0x000000a6d7900000,0x000000a6d7a00000] [id=13728]

Threads with active compile tasks:
C2 CompilerThread0  13302 4746   !   4       org.jetbrains.kotlin.metadata.ProtoBuf$Function::<init> (1410 bytes)
C1 CompilerThread0  13302 4817       3       org.jetbrains.kotlin.resolve.QualifiedExpressionResolverKt::isVisible (89 bytes)
C2 CompilerThread1  13302 4520       4       org.jetbrains.kotlin.serialization.deserialization.descriptors.DeserializedPackageMemberScope::getContributedClassifier (26 bytes)
C2 CompilerThread2  13302 4676       4       org.jetbrains.kotlin.serialization.deserialization.descriptors.DeserializedMemberScope::getContributedClassifier (63 bytes)

VM state: not at safepoint (normal execution)

VM Mutex/Monitor currently owned by a thread: None

Heap address: 0x0000000081e00000, size: 2018 MB, Compressed Oops mode: 32-bit

CDS archive(s) mapped at: [0x000001c500000000-0x000001c500bb0000-0x000001c500bb0000), size 12255232, SharedBaseAddress: 0x000001c500000000, ArchiveRelocationMode: 1.
Compressed class space mapped at: 0x000001c501000000-0x000001c541000000, reserved size: 1073741824
Narrow klass base: 0x000001c500000000, Narrow klass shift: 0, Narrow klass range: 0x100000000

GC Precious Log:
 CPUs: 8 total, 8 available
 Memory: 8070M
 Large Page Support: Disabled
 NUMA Support: Disabled
 Compressed Oops: Enabled (32-bit)
 Heap Region Size: 1M
 Heap Min Capacity: 8M
 Heap Initial Capacity: 128M
 Heap Max Capacity: 2018M
 Pre-touch: Disabled
 Parallel Workers: 8
 Concurrent Workers: 2
 Concurrent Refinement Workers: 8
 Periodic GC: Disabled

Heap:
 garbage-first heap   total 135168K, used 71446K [0x0000000081e00000, 0x0000000100000000)
  region size 1024K, 25 young (25600K), 3 survivors (3072K)
 Metaspace       used 46362K, committed 46784K, reserved 1114112K
  class space    used 5632K, committed 5824K, reserved 1048576K

Heap Regions: E=young(eden), S=young(survivor), O=old, HS=humongous(starts), HC=humongous(continues), CS=collection set, F=free, OA=open archive, CA=closed archive, TAMS=top-at-mark-start (previous, next)
|   0|0x0000000081e00000, 0x0000000081f00000, 0x0000000081f00000|100%|HS|  |TAMS 0x0000000081f00000, 0x0000000081e00000| Complete 
|   1|0x0000000081f00000, 0x0000000082000000, 0x0000000082000000|100%|HC|  |TAMS 0x0000000082000000, 0x0000000081f00000| Complete 
|   2|0x0000000082000000, 0x0000000082100000, 0x0000000082100000|100%|HC|  |TAMS 0x0000000082100000, 0x0000000082000000| Complete 
|   3|0x0000000082100000, 0x0000000082200000, 0x0000000082200000|100%| O|  |TAMS 0x0000000082200000, 0x0000000082100000| Untracked 
|   4|0x0000000082200000, 0x0000000082300000, 0x0000000082300000|100%| O|  |TAMS 0x0000000082300000, 0x0000000082200000| Untracked 
|   5|0x0000000082300000, 0x0000000082400000, 0x0000000082400000|100%| O|  |TAMS 0x0000000082400000, 0x0000000082300000| Untracked 
|   6|0x0000000082400000, 0x0000000082500000, 0x0000000082500000|100%| O|  |TAMS 0x0000000082500000, 0x0000000082400000| Untracked 
|   7|0x0000000082500000, 0x0000000082600000, 0x0000000082600000|100%| O|  |TAMS 0x0000000082600000, 0x0000000082500000| Untracked 
|   8|0x0000000082600000, 0x0000000082700000, 0x0000000082700000|100%| O|  |TAMS 0x0000000082700000, 0x0000000082600000| Untracked 
|   9|0x0000000082700000, 0x0000000082800000, 0x0000000082800000|100%| O|  |TAMS 0x0000000082800000, 0x0000000082700000| Untracked 
|  10|0x0000000082800000, 0x0000000082900000, 0x0000000082900000|100%| O|  |TAMS 0x0000000082900000, 0x0000000082800000| Untracked 
|  11|0x0000000082900000, 0x0000000082a00000, 0x0000000082a00000|100%| O|  |TAMS 0x0000000082a00000, 0x0000000082900000| Untracked 
|  12|0x0000000082a00000, 0x0000000082b00000, 0x0000000082b00000|100%| O|  |TAMS 0x0000000082b00000, 0x0000000082a00000| Untracked 
|  13|0x0000000082b00000, 0x0000000082c00000, 0x0000000082c00000|100%| O|  |TAMS 0x0000000082c00000, 0x0000000082b00000| Untracked 
|  14|0x0000000082c00000, 0x0000000082d00000, 0x0000000082d00000|100%| O|  |TAMS 0x0000000082d00000, 0x0000000082c00000| Untracked 
|  15|0x0000000082d00000, 0x0000000082e00000, 0x0000000082e00000|100%| O|  |TAMS 0x0000000082e00000, 0x0000000082d00000| Untracked 
|  16|0x0000000082e00000, 0x0000000082f00000, 0x0000000082f00000|100%| O|  |TAMS 0x0000000082f00000, 0x0000000082e00000| Untracked 
|  17|0x0000000082f00000, 0x0000000083000000, 0x0000000083000000|100%| O|  |TAMS 0x0000000083000000, 0x0000000082f00000| Untracked 
|  18|0x0000000083000000, 0x0000000083100000, 0x0000000083100000|100%| O|  |TAMS 0x0000000083100000, 0x0000000083000000| Untracked 
|  19|0x0000000083100000, 0x0000000083200000, 0x0000000083200000|100%| O|  |TAMS 0x0000000083200000, 0x0000000083100000| Untracked 
|  20|0x0000000083200000, 0x0000000083300000, 0x0000000083300000|100%| O|  |TAMS 0x0000000083300000, 0x0000000083200000| Untracked 
|  21|0x0000000083300000, 0x0000000083400000, 0x0000000083400000|100%| O|  |TAMS 0x0000000083400000, 0x0000000083300000| Untracked 
|  22|0x0000000083400000, 0x0000000083500000, 0x0000000083500000|100%| O|  |TAMS 0x0000000083500000, 0x0000000083400000| Untracked 
|  23|0x0000000083500000, 0x0000000083600000, 0x0000000083600000|100%| O|  |TAMS 0x0000000083600000, 0x0000000083500000| Untracked 
|  24|0x0000000083600000, 0x0000000083700000, 0x0000000083700000|100%| O|  |TAMS 0x0000000083700000, 0x0000000083600000| Untracked 
|  25|0x0000000083700000, 0x0000000083800000, 0x0000000083800000|100%| O|  |TAMS 0x0000000083800000, 0x0000000083700000| Untracked 
|  26|0x0000000083800000, 0x0000000083900000, 0x0000000083900000|100%| O|  |TAMS 0x0000000083800000, 0x0000000083800000| Untracked 
|  27|0x0000000083900000, 0x0000000083a00000, 0x0000000083a00000|100%|HS|  |TAMS 0x0000000083a00000, 0x0000000083900000| Complete 
|  28|0x0000000083a00000, 0x0000000083b00000, 0x0000000083b00000|100%|HC|  |TAMS 0x0000000083b00000, 0x0000000083a00000| Complete 
|  29|0x0000000083b00000, 0x0000000083c00000, 0x0000000083c00000|100%|HC|  |TAMS 0x0000000083c00000, 0x0000000083b00000| Complete 
|  30|0x0000000083c00000, 0x0000000083d00000, 0x0000000083d00000|100%|HC|  |TAMS 0x0000000083d00000, 0x0000000083c00000| Complete 
|  31|0x0000000083d00000, 0x0000000083e00000, 0x0000000083e00000|100%|HC|  |TAMS 0x0000000083e00000, 0x0000000083d00000| Complete 
|  32|0x0000000083e00000, 0x0000000083f00000, 0x0000000083f00000|100%|HC|  |TAMS 0x0000000083f00000, 0x0000000083e00000| Complete 
|  33|0x0000000083f00000, 0x0000000084000000, 0x0000000084000000|100%|HS|  |TAMS 0x0000000084000000, 0x0000000083f00000| Complete 
|  34|0x0000000084000000, 0x0000000084100000, 0x0000000084100000|100%|HS|  |TAMS 0x0000000084100000, 0x0000000084000000| Complete 
|  35|0x0000000084100000, 0x0000000084200000, 0x0000000084200000|100%|HS|  |TAMS 0x0000000084200000, 0x0000000084100000| Complete 
|  36|0x0000000084200000, 0x0000000084300000, 0x0000000084300000|100%|HC|  |TAMS 0x0000000084300000, 0x0000000084200000| Complete 
|  37|0x0000000084300000, 0x0000000084400000, 0x0000000084400000|100%|HS|  |TAMS 0x0000000084400000, 0x0000000084300000| Complete 
|  38|0x0000000084400000, 0x0000000084500000, 0x0000000084500000|100%| O|  |TAMS 0x0000000084500000, 0x0000000084400000| Untracked 
|  39|0x0000000084500000, 0x0000000084600000, 0x0000000084600000|100%| O|  |TAMS 0x0000000084600000, 0x0000000084500000| Untracked 
|  40|0x0000000084600000, 0x0000000084700000, 0x0000000084700000|100%| O|  |TAMS 0x0000000084700000, 0x0000000084600000| Untracked 
|  41|0x0000000084700000, 0x0000000084800000, 0x0000000084800000|100%| O|  |TAMS 0x0000000084800000, 0x0000000084700000| Untracked 
|  42|0x0000000084800000, 0x0000000084900000, 0x0000000084900000|100%| O|  |TAMS 0x0000000084900000, 0x0000000084800000| Untracked 
|  43|0x0000000084900000, 0x0000000084a00000, 0x0000000084a00000|100%| O|  |TAMS 0x0000000084a00000, 0x0000000084900000| Untracked 
|  44|0x0000000084a00000, 0x0000000084b00000, 0x0000000084b00000|100%| O|  |TAMS 0x0000000084b00000, 0x0000000084a00000| Untracked 
|  45|0x0000000084b00000, 0x0000000084c00000, 0x0000000084c00000|100%| O|  |TAMS 0x0000000084be5a00, 0x0000000084b00000| Untracked 
|  46|0x0000000084c00000, 0x0000000084cc5a00, 0x0000000084d00000| 77%| O|  |TAMS 0x0000000084c00000, 0x0000000084c00000| Untracked 
|  47|0x0000000084d00000, 0x0000000084d00000, 0x0000000084e00000|  0%| F|  |TAMS 0x0000000084d00000, 0x0000000084d00000| Untracked 
|  48|0x0000000084e00000, 0x0000000084e00000, 0x0000000084f00000|  0%| F|  |TAMS 0x0000000084e00000, 0x0000000084e00000| Untracked 
|  49|0x0000000084f00000, 0x0000000084f00000, 0x0000000085000000|  0%| F|  |TAMS 0x0000000084f00000, 0x0000000084f00000| Untracked 
|  50|0x0000000085000000, 0x0000000085000000, 0x0000000085100000|  0%| F|  |TAMS 0x0000000085000000, 0x0000000085000000| Untracked 
|  51|0x0000000085100000, 0x0000000085100000, 0x0000000085200000|  0%| F|  |TAMS 0x0000000085100000, 0x0000000085100000| Untracked 
|  52|0x0000000085200000, 0x0000000085200000, 0x0000000085300000|  0%| F|  |TAMS 0x0000000085200000, 0x0000000085200000| Untracked 
|  53|0x0000000085300000, 0x0000000085300000, 0x0000000085400000|  0%| F|  |TAMS 0x0000000085300000, 0x0000000085300000| Untracked 
|  54|0x0000000085400000, 0x0000000085400000, 0x0000000085500000|  0%| F|  |TAMS 0x0000000085400000, 0x0000000085400000| Untracked 
|  55|0x0000000085500000, 0x0000000085500000, 0x0000000085600000|  0%| F|  |TAMS 0x0000000085500000, 0x0000000085500000| Untracked 
|  56|0x0000000085600000, 0x0000000085600000, 0x0000000085700000|  0%| F|  |TAMS 0x0000000085600000, 0x0000000085600000| Untracked 
|  57|0x0000000085700000, 0x0000000085700000, 0x0000000085800000|  0%| F|  |TAMS 0x0000000085700000, 0x0000000085700000| Untracked 
|  58|0x0000000085800000, 0x0000000085800000, 0x0000000085900000|  0%| F|  |TAMS 0x0000000085800000, 0x0000000085800000| Untracked 
|  59|0x0000000085900000, 0x0000000085a00000, 0x0000000085a00000|100%| S|CS|TAMS 0x0000000085900000, 0x0000000085900000| Complete 
|  60|0x0000000085a00000, 0x0000000085a00000, 0x0000000085b00000|  0%| F|  |TAMS 0x0000000085a00000, 0x0000000085a00000| Untracked 
|  61|0x0000000085b00000, 0x0000000085b00000, 0x0000000085c00000|  0%| F|  |TAMS 0x0000000085b00000, 0x0000000085b00000| Untracked 
|  62|0x0000000085c00000, 0x0000000085c00000, 0x0000000085d00000|  0%| F|  |TAMS 0x0000000085c00000, 0x0000000085c00000| Untracked 
|  63|0x0000000085d00000, 0x0000000085e00000, 0x0000000085e00000|100%| S|CS|TAMS 0x0000000085d00000, 0x0000000085d00000| Complete 
|  64|0x0000000085e00000, 0x0000000085f00000, 0x0000000085f00000|100%| S|CS|TAMS 0x0000000085e00000, 0x0000000085e00000| Complete 
|  65|0x0000000085f00000, 0x0000000085f00000, 0x0000000086000000|  0%| F|  |TAMS 0x0000000085f00000, 0x0000000085f00000| Untracked 
|  66|0x0000000086000000, 0x0000000086000000, 0x0000000086100000|  0%| F|  |TAMS 0x0000000086000000, 0x0000000086000000| Untracked 
|  67|0x0000000086100000, 0x0000000086100000, 0x0000000086200000|  0%| F|  |TAMS 0x0000000086100000, 0x0000000086100000| Untracked 
|  68|0x0000000086200000, 0x0000000086200000, 0x0000000086300000|  0%| F|  |TAMS 0x0000000086200000, 0x0000000086200000| Untracked 
|  69|0x0000000086300000, 0x0000000086300000, 0x0000000086400000|  0%| F|  |TAMS 0x0000000086300000, 0x0000000086300000| Untracked 
|  70|0x0000000086400000, 0x0000000086400000, 0x0000000086500000|  0%| F|  |TAMS 0x0000000086400000, 0x0000000086400000| Untracked 
|  71|0x0000000086500000, 0x0000000086500000, 0x0000000086600000|  0%| F|  |TAMS 0x0000000086500000, 0x0000000086500000| Untracked 
|  72|0x0000000086600000, 0x0000000086600000, 0x0000000086700000|  0%| F|  |TAMS 0x0000000086600000, 0x0000000086600000| Untracked 
|  73|0x0000000086700000, 0x0000000086700000, 0x0000000086800000|  0%| F|  |TAMS 0x0000000086700000, 0x0000000086700000| Untracked 
|  74|0x0000000086800000, 0x0000000086800000, 0x0000000086900000|  0%| F|  |TAMS 0x0000000086800000, 0x0000000086800000| Untracked 
|  75|0x0000000086900000, 0x0000000086900000, 0x0000000086a00000|  0%| F|  |TAMS 0x0000000086900000, 0x0000000086900000| Untracked 
|  76|0x0000000086a00000, 0x0000000086a00000, 0x0000000086b00000|  0%| F|  |TAMS 0x0000000086a00000, 0x0000000086a00000| Untracked 
|  77|0x0000000086b00000, 0x0000000086b00000, 0x0000000086c00000|  0%| F|  |TAMS 0x0000000086b00000, 0x0000000086b00000| Untracked 
|  78|0x0000000086c00000, 0x0000000086c00000, 0x0000000086d00000|  0%| F|  |TAMS 0x0000000086c00000, 0x0000000086c00000| Untracked 
|  79|0x0000000086d00000, 0x0000000086d00000, 0x0000000086e00000|  0%| F|  |TAMS 0x0000000086d00000, 0x0000000086d00000| Untracked 
|  80|0x0000000086e00000, 0x0000000086e00000, 0x0000000086f00000|  0%| F|  |TAMS 0x0000000086e00000, 0x0000000086e00000| Untracked 
|  81|0x0000000086f00000, 0x0000000086f00000, 0x0000000087000000|  0%| F|  |TAMS 0x0000000086f00000, 0x0000000086f00000| Untracked 
|  82|0x0000000087000000, 0x0000000087000000, 0x0000000087100000|  0%| F|  |TAMS 0x0000000087000000, 0x0000000087000000| Untracked 
|  83|0x0000000087100000, 0x0000000087100000, 0x0000000087200000|  0%| F|  |TAMS 0x0000000087100000, 0x0000000087100000| Untracked 
|  84|0x0000000087200000, 0x0000000087200000, 0x0000000087300000|  0%| F|  |TAMS 0x0000000087200000, 0x0000000087200000| Untracked 
|  85|0x0000000087300000, 0x0000000087300000, 0x0000000087400000|  0%| F|  |TAMS 0x0000000087300000, 0x0000000087300000| Untracked 
|  86|0x0000000087400000, 0x0000000087400000, 0x0000000087500000|  0%| F|  |TAMS 0x0000000087400000, 0x0000000087400000| Untracked 
|  87|0x0000000087500000, 0x0000000087500000, 0x0000000087600000|  0%| F|  |TAMS 0x0000000087500000, 0x0000000087500000| Untracked 
|  88|0x0000000087600000, 0x0000000087600000, 0x0000000087700000|  0%| F|  |TAMS 0x0000000087600000, 0x0000000087600000| Untracked 
|  89|0x0000000087700000, 0x0000000087700000, 0x0000000087800000|  0%| F|  |TAMS 0x0000000087700000, 0x0000000087700000| Untracked 
|  90|0x0000000087800000, 0x0000000087800000, 0x0000000087900000|  0%| F|  |TAMS 0x0000000087800000, 0x0000000087800000| Untracked 
|  91|0x0000000087900000, 0x0000000087900000, 0x0000000087a00000|  0%| F|  |TAMS 0x0000000087900000, 0x0000000087900000| Untracked 
|  92|0x0000000087a00000, 0x0000000087a00000, 0x0000000087b00000|  0%| F|  |TAMS 0x0000000087a00000, 0x0000000087a00000| Untracked 
|  93|0x0000000087b00000, 0x0000000087b00000, 0x0000000087c00000|  0%| F|  |TAMS 0x0000000087b00000, 0x0000000087b00000| Untracked 
|  94|0x0000000087c00000, 0x0000000087c00000, 0x0000000087d00000|  0%| F|  |TAMS 0x0000000087c00000, 0x0000000087c00000| Untracked 
|  95|0x0000000087d00000, 0x0000000087d00000, 0x0000000087e00000|  0%| F|  |TAMS 0x0000000087d00000, 0x0000000087d00000| Untracked 
|  96|0x0000000087e00000, 0x0000000087e00000, 0x0000000087f00000|  0%| F|  |TAMS 0x0000000087e00000, 0x0000000087e00000| Untracked 
|  97|0x0000000087f00000, 0x0000000087f00000, 0x0000000088000000|  0%| F|  |TAMS 0x0000000087f00000, 0x0000000087f00000| Untracked 
|  98|0x0000000088000000, 0x0000000088000000, 0x0000000088100000|  0%| F|  |TAMS 0x0000000088000000, 0x0000000088000000| Untracked 
|  99|0x0000000088100000, 0x0000000088100000, 0x0000000088200000|  0%| F|  |TAMS 0x0000000088100000, 0x0000000088100000| Untracked 
| 100|0x0000000088200000, 0x0000000088200000, 0x0000000088300000|  0%| F|  |TAMS 0x0000000088200000, 0x0000000088200000| Untracked 
| 101|0x0000000088300000, 0x0000000088300000, 0x0000000088400000|  0%| F|  |TAMS 0x0000000088300000, 0x0000000088300000| Untracked 
| 102|0x0000000088400000, 0x0000000088400000, 0x0000000088500000|  0%| F|  |TAMS 0x0000000088400000, 0x0000000088400000| Untracked 
| 103|0x0000000088500000, 0x0000000088500000, 0x0000000088600000|  0%| F|  |TAMS 0x0000000088500000, 0x0000000088500000| Untracked 
| 104|0x0000000088600000, 0x0000000088600000, 0x0000000088700000|  0%| F|  |TAMS 0x0000000088600000, 0x0000000088600000| Untracked 
| 105|0x0000000088700000, 0x0000000088700000, 0x0000000088800000|  0%| F|  |TAMS 0x0000000088700000, 0x0000000088700000| Untracked 
| 106|0x0000000088800000, 0x0000000088800000, 0x0000000088900000|  0%| F|  |TAMS 0x0000000088800000, 0x0000000088800000| Untracked 
| 107|0x0000000088900000, 0x0000000088900000, 0x0000000088a00000|  0%| F|  |TAMS 0x0000000088900000, 0x0000000088900000| Untracked 
| 108|0x0000000088a00000, 0x0000000088a00000, 0x0000000088b00000|  0%| F|  |TAMS 0x0000000088a00000, 0x0000000088a00000| Untracked 
| 109|0x0000000088b00000, 0x0000000088b00000, 0x0000000088c00000|  0%| F|  |TAMS 0x0000000088b00000, 0x0000000088b00000| Untracked 
| 110|0x0000000088c00000, 0x0000000088c80000, 0x0000000088d00000| 50%| E|  |TAMS 0x0000000088c00000, 0x0000000088c00000| Complete 
| 111|0x0000000088d00000, 0x0000000088e00000, 0x0000000088e00000|100%| E|CS|TAMS 0x0000000088d00000, 0x0000000088d00000| Complete 
| 112|0x0000000088e00000, 0x0000000088f00000, 0x0000000088f00000|100%| E|CS|TAMS 0x0000000088e00000, 0x0000000088e00000| Complete 
| 113|0x0000000088f00000, 0x0000000089000000, 0x0000000089000000|100%| E|CS|TAMS 0x0000000088f00000, 0x0000000088f00000| Complete 
| 114|0x0000000089000000, 0x0000000089100000, 0x0000000089100000|100%| E|CS|TAMS 0x0000000089000000, 0x0000000089000000| Complete 
| 115|0x0000000089100000, 0x0000000089200000, 0x0000000089200000|100%| E|CS|TAMS 0x0000000089100000, 0x0000000089100000| Complete 
| 116|0x0000000089200000, 0x0000000089300000, 0x0000000089300000|100%| E|CS|TAMS 0x0000000089200000, 0x0000000089200000| Complete 
| 117|0x0000000089300000, 0x0000000089400000, 0x0000000089400000|100%| E|  |TAMS 0x0000000089300000, 0x0000000089300000| Complete 
| 118|0x0000000089400000, 0x0000000089500000, 0x0000000089500000|100%| E|CS|TAMS 0x0000000089400000, 0x0000000089400000| Complete 
| 119|0x0000000089500000, 0x0000000089600000, 0x0000000089600000|100%| E|CS|TAMS 0x0000000089500000, 0x0000000089500000| Complete 
| 120|0x0000000089600000, 0x0000000089700000, 0x0000000089700000|100%| E|CS|TAMS 0x0000000089600000, 0x0000000089600000| Complete 
| 121|0x0000000089700000, 0x0000000089800000, 0x0000000089800000|100%| E|CS|TAMS 0x0000000089700000, 0x0000000089700000| Complete 
| 122|0x0000000089800000, 0x0000000089900000, 0x0000000089900000|100%| E|CS|TAMS 0x0000000089800000, 0x0000000089800000| Complete 
| 123|0x0000000089900000, 0x0000000089a00000, 0x0000000089a00000|100%| E|CS|TAMS 0x0000000089900000, 0x0000000089900000| Complete 
| 124|0x0000000089a00000, 0x0000000089b00000, 0x0000000089b00000|100%| E|CS|TAMS 0x0000000089a00000, 0x0000000089a00000| Complete 
| 125|0x0000000089b00000, 0x0000000089c00000, 0x0000000089c00000|100%| E|CS|TAMS 0x0000000089b00000, 0x0000000089b00000| Complete 
| 126|0x0000000089c00000, 0x0000000089d00000, 0x0000000089d00000|100%| E|CS|TAMS 0x0000000089c00000, 0x0000000089c00000| Complete 
| 127|0x0000000089d00000, 0x0000000089e00000, 0x0000000089e00000|100%| E|CS|TAMS 0x0000000089d00000, 0x0000000089d00000| Complete 
| 128|0x0000000089e00000, 0x0000000089f00000, 0x0000000089f00000|100%| E|CS|TAMS 0x0000000089e00000, 0x0000000089e00000| Complete 
| 129|0x0000000089f00000, 0x000000008a000000, 0x000000008a000000|100%| E|CS|TAMS 0x0000000089f00000, 0x0000000089f00000| Complete 
| 130|0x000000008a000000, 0x000000008a100000, 0x000000008a100000|100%| E|CS|TAMS 0x000000008a000000, 0x000000008a000000| Complete 
| 131|0x000000008a100000, 0x000000008a200000, 0x000000008a200000|100%| E|CS|TAMS 0x000000008a100000, 0x000000008a100000| Complete 

Card table byte_map: [0x000001c5671e0000,0x000001c5675e0000] _byte_map_base: 0x000001c566dd1000

Marking Bits (Prev, Next): (CMBitMap*) 0x000001c54ff89b10, (CMBitMap*) 0x000001c54ff89b50
 Prev Bits: [0x000001c5679e0000, 0x000001c569968000)
 Next Bits: [0x000001c569970000, 0x000001c56b8f8000)

Polling page: 0x000001c54f6e0000

Metaspace:

Usage:
  Non-class:     39.78 MB used.
      Class:      5.50 MB used.
       Both:     45.28 MB used.

Virtual space:
  Non-class space:       64.00 MB reserved,      40.00 MB ( 62%) committed,  1 nodes.
      Class space:        1.00 GB reserved,       5.69 MB ( <1%) committed,  1 nodes.
             Both:        1.06 GB reserved,      45.69 MB (  4%) committed. 

Chunk freelists:
   Non-Class:  7.11 MB
       Class:  10.29 MB
        Both:  17.40 MB

MaxMetaspaceSize: unlimited
CompressedClassSpaceSize: 1.00 GB
Initial GC threshold: 21.00 MB
Current GC threshold: 72.19 MB
CDS: on
MetaspaceReclaimPolicy: balanced
 - commit_granule_bytes: 65536.
 - commit_granule_words: 8192.
 - virtual_space_node_default_size: 8388608.
 - enlarge_chunks_in_place: 1.
 - new_chunks_are_fully_committed: 0.
 - uncommit_free_chunks: 1.
 - use_allocation_guard: 0.
 - handle_deallocations: 1.


Internal statistics:

num_allocs_failed_limit: 6.
num_arena_births: 284.
num_arena_deaths: 0.
num_vsnodes_births: 2.
num_vsnodes_deaths: 0.
num_space_committed: 729.
num_space_uncommitted: 0.
num_chunks_returned_to_freelist: 6.
num_chunks_taken_from_freelist: 1995.
num_chunk_merges: 6.
num_chunk_splits: 1539.
num_chunks_enlarged: 1324.
num_inconsistent_stats: 0.

CodeHeap 'non-profiled nmethods': size=120000Kb used=2915Kb max_used=2915Kb free=117084Kb
 bounds [0x000001c55f580000, 0x000001c55f860000, 0x000001c566ab0000]
CodeHeap 'profiled nmethods': size=120000Kb used=10552Kb max_used=10552Kb free=109447Kb
 bounds [0x000001c557ab0000, 0x000001c558500000, 0x000001c55efe0000]
CodeHeap 'non-nmethods': size=5760Kb used=1291Kb max_used=1387Kb free=4468Kb
 bounds [0x000001c55efe0000, 0x000001c55f250000, 0x000001c55f580000]
 total_blobs=5409 nmethods=4800 adapters=521
 compilation: enabled
              stopped_count=0, restarted_count=0
 full_count=0

Compilation events (20 events):
Event: 13.073 Thread 0x000001c56e3312c0 4757       3       org.jetbrains.kotlin.serialization.deserialization.DeserializationComponents::createContext (62 bytes)
Event: 13.075 Thread 0x000001c56e3312c0 nmethod 4757 0x000001c5584d1590 code [0x000001c5584d19c0, 0x000001c5584d3468]
Event: 13.078 Thread 0x000001c56e3312c0 4758       1       org.jetbrains.kotlin.serialization.deserialization.descriptors.DeserializedClassDescriptor::getClassProto (5 bytes)
Event: 13.078 Thread 0x000001c56e3312c0 nmethod 4758 0x000001c55f84e990 code [0x000001c55f84eb20, 0x000001c55f84ebf8]
Event: 13.078 Thread 0x000001c56e3312c0 4759       3       org.jetbrains.kotlin.serialization.deserialization.TypeDeserializer::<init> (223 bytes)
Event: 13.083 Thread 0x000001c56e3312c0 nmethod 4759 0x000001c5584d3d90 code [0x000001c5584d4340, 0x000001c5584d7538]
Event: 13.083 Thread 0x000001c56e3312c0 4760       3       org.jetbrains.kotlin.serialization.deserialization.TypeDeserializer$$Lambda$239/0x000001c50135fb98::<init> (10 bytes)
Event: 13.083 Thread 0x000001c56e3312c0 nmethod 4760 0x000001c5584d8590 code [0x000001c5584d8740, 0x000001c5584d88f8]
Event: 13.083 Thread 0x000001c56e3312c0 4761       3       org.jetbrains.kotlin.serialization.deserialization.TypeDeserializer$$Lambda$240/0x000001c50135fdb8::<init> (10 bytes)
Event: 13.083 Thread 0x000001c56e3312c0 nmethod 4761 0x000001c5584d8990 code [0x000001c5584d8b40, 0x000001c5584d8cf8]
Event: 13.083 Thread 0x000001c56e3312c0 4762       3       org.jetbrains.kotlin.serialization.deserialization.MemberDeserializer::<init> (47 bytes)
Event: 13.085 Thread 0x000001c56e3312c0 nmethod 4762 0x000001c5584d8d90 code [0x000001c5584d90c0, 0x000001c5584da318]
Event: 13.091 Thread 0x000001c56e3312c0 4765       3       org.jetbrains.kotlin.protobuf.GeneratedMessageLite$ExtendableMessage::verifyExtensionContainingType (22 bytes)
Event: 13.091 Thread 0x000001c56e3312c0 nmethod 4765 0x000001c5584da990 code [0x000001c5584dab60, 0x000001c5584dae58]
Event: 13.091 Thread 0x000001c56e3312c0 4766       3       org.jetbrains.kotlin.metadata.deserialization.NameResolverImpl::getString (15 bytes)
Event: 13.091 Thread 0x000001c56e3312c0 nmethod 4766 0x000001c5584daf90 code [0x000001c5584db160, 0x000001c5584db4d8]
Event: 13.212 Thread 0x000001c56e3304f0 nmethod 4677 0x000001c55f84ec90 code [0x000001c55f84f060, 0x000001c55f852610]
Event: 13.215 Thread 0x000001c56e3304f0 4763   !   4       org.jetbrains.kotlin.storage.LockBasedStorageManager$LockBasedLazyValue::invoke (257 bytes)
Event: 13.238 Thread 0x000001c56e3304f0 nmethod 4763 0x000001c55f854490 code [0x000001c55f8546a0, 0x000001c55f8550b8]
Event: 13.238 Thread 0x000001c56e3304f0 4764       4       org.jetbrains.kotlin.storage.LockBasedStorageManager$LockBasedNotNullLazyValue::invoke (35 bytes)

GC Heap History (20 events):
Event: 2.791 GC heap before
{Heap before GC invocations=1 (full 0):
 garbage-first heap   total 131072K, used 37887K [0x0000000081e00000, 0x0000000100000000)
  region size 1024K, 34 young (34816K), 3 survivors (3072K)
 Metaspace       used 15653K, committed 15872K, reserved 1114112K
  class space    used 1750K, committed 1856K, reserved 1048576K
}
Event: 2.800 GC heap after
{Heap after GC invocations=2 (full 0):
 garbage-first heap   total 131072K, used 7876K [0x0000000081e00000, 0x0000000100000000)
  region size 1024K, 2 young (2048K), 2 survivors (2048K)
 Metaspace       used 15653K, committed 15872K, reserved 1114112K
  class space    used 1750K, committed 1856K, reserved 1048576K
}
Event: 5.166 GC heap before
{Heap before GC invocations=2 (full 0):
 garbage-first heap   total 131072K, used 94916K [0x0000000081e00000, 0x0000000100000000)
  region size 1024K, 76 young (77824K), 2 survivors (2048K)
 Metaspace       used 21277K, committed 21504K, reserved 1114112K
  class space    used 2711K, committed 2816K, reserved 1048576K
}
Event: 5.215 GC heap after
{Heap after GC invocations=3 (full 0):
 garbage-first heap   total 131072K, used 26968K [0x0000000081e00000, 0x0000000100000000)
  region size 1024K, 10 young (10240K), 10 survivors (10240K)
 Metaspace       used 21277K, committed 21504K, reserved 1114112K
  class space    used 2711K, committed 2816K, reserved 1048576K
}
Event: 5.577 GC heap before
{Heap before GC invocations=4 (full 0):
 garbage-first heap   total 92160K, used 33112K [0x0000000081e00000, 0x0000000100000000)
  region size 1024K, 17 young (17408K), 10 survivors (10240K)
 Metaspace       used 23036K, committed 23360K, reserved 1114112K
  class space    used 3128K, committed 3264K, reserved 1048576K
}
Event: 5.620 GC heap after
{Heap after GC invocations=5 (full 0):
 garbage-first heap   total 92160K, used 27480K [0x0000000081e00000, 0x0000000100000000)
  region size 1024K, 1 young (1024K), 1 survivors (1024K)
 Metaspace       used 23036K, committed 23360K, reserved 1114112K
  class space    used 3128K, committed 3264K, reserved 1048576K
}
Event: 5.791 GC heap before
{Heap before GC invocations=5 (full 0):
 garbage-first heap   total 92160K, used 29528K [0x0000000081e00000, 0x0000000100000000)
  region size 1024K, 4 young (4096K), 1 survivors (1024K)
 Metaspace       used 23928K, committed 24192K, reserved 1114112K
  class space    used 3229K, committed 3328K, reserved 1048576K
}
Event: 5.797 GC heap after
{Heap after GC invocations=6 (full 0):
 garbage-first heap   total 92160K, used 28056K [0x0000000081e00000, 0x0000000100000000)
  region size 1024K, 1 young (1024K), 1 survivors (1024K)
 Metaspace       used 23928K, committed 24192K, reserved 1114112K
  class space    used 3229K, committed 3328K, reserved 1048576K
}
Event: 7.133 GC heap before
{Heap before GC invocations=6 (full 0):
 garbage-first heap   total 92160K, used 73112K [0x0000000081e00000, 0x0000000100000000)
  region size 1024K, 34 young (34816K), 1 survivors (1024K)
 Metaspace       used 29794K, committed 30016K, reserved 1114112K
  class space    used 3809K, committed 3904K, reserved 1048576K
}
Event: 7.147 GC heap after
{Heap after GC invocations=7 (full 0):
 garbage-first heap   total 92160K, used 44493K [0x0000000081e00000, 0x0000000100000000)
  region size 1024K, 5 young (5120K), 5 survivors (5120K)
 Metaspace       used 29794K, committed 30016K, reserved 1114112K
  class space    used 3809K, committed 3904K, reserved 1048576K
}
Event: 8.388 GC heap before
{Heap before GC invocations=7 (full 0):
 garbage-first heap   total 92160K, used 71117K [0x0000000081e00000, 0x0000000100000000)
  region size 1024K, 31 young (31744K), 5 survivors (5120K)
 Metaspace       used 35445K, committed 35712K, reserved 1114112K
  class space    used 4342K, committed 4480K, reserved 1048576K
}
Event: 8.408 GC heap after
{Heap after GC invocations=8 (full 0):
 garbage-first heap   total 92160K, used 47186K [0x0000000081e00000, 0x0000000100000000)
  region size 1024K, 3 young (3072K), 3 survivors (3072K)
 Metaspace       used 35445K, committed 35712K, reserved 1114112K
  class space    used 4342K, committed 4480K, reserved 1048576K
}
Event: 8.545 GC heap before
{Heap before GC invocations=8 (full 0):
 garbage-first heap   total 92160K, used 48210K [0x0000000081e00000, 0x0000000100000000)
  region size 1024K, 5 young (5120K), 3 survivors (3072K)
 Metaspace       used 35737K, committed 35968K, reserved 1114112K
  class space    used 4380K, committed 4480K, reserved 1048576K
}
Event: 8.554 GC heap after
{Heap after GC invocations=9 (full 0):
 garbage-first heap   total 92160K, used 47539K [0x0000000081e00000, 0x0000000100000000)
  region size 1024K, 1 young (1024K), 1 survivors (1024K)
 Metaspace       used 35737K, committed 35968K, reserved 1114112K
  class space    used 4380K, committed 4480K, reserved 1048576K
}
Event: 9.412 GC heap before
{Heap before GC invocations=10 (full 0):
 garbage-first heap   total 92160K, used 60851K [0x0000000081e00000, 0x0000000100000000)
  region size 1024K, 17 young (17408K), 1 survivors (1024K)
 Metaspace       used 38789K, committed 39104K, reserved 1114112K
  class space    used 4761K, committed 4864K, reserved 1048576K
}
Event: 9.420 GC heap after
{Heap after GC invocations=11 (full 0):
 garbage-first heap   total 92160K, used 48100K [0x0000000081e00000, 0x0000000100000000)
  region size 1024K, 3 young (3072K), 3 survivors (3072K)
 Metaspace       used 38789K, committed 39104K, reserved 1114112K
  class space    used 4761K, committed 4864K, reserved 1048576K
}
Event: 10.161 GC heap before
{Heap before GC invocations=12 (full 0):
 garbage-first heap   total 92160K, used 72676K [0x0000000081e00000, 0x0000000100000000)
  region size 1024K, 27 young (27648K), 3 survivors (3072K)
 Metaspace       used 38911K, committed 39168K, reserved 1114112K
  class space    used 4761K, committed 4864K, reserved 1048576K
}
Event: 10.170 GC heap after
{Heap after GC invocations=13 (full 0):
 garbage-first heap   total 92160K, used 49046K [0x0000000081e00000, 0x0000000100000000)
  region size 1024K, 3 young (3072K), 3 survivors (3072K)
 Metaspace       used 38911K, committed 39168K, reserved 1114112K
  class space    used 4761K, committed 4864K, reserved 1048576K
}
Event: 11.599 GC heap before
{Heap before GC invocations=13 (full 0):
 garbage-first heap   total 92160K, used 73622K [0x0000000081e00000, 0x0000000100000000)
  region size 1024K, 28 young (28672K), 3 survivors (3072K)
 Metaspace       used 43678K, committed 44032K, reserved 1114112K
  class space    used 5352K, committed 5504K, reserved 1048576K
}
Event: 11.615 GC heap after
{Heap after GC invocations=14 (full 0):
 garbage-first heap   total 135168K, used 50966K [0x0000000081e00000, 0x0000000100000000)
  region size 1024K, 3 young (3072K), 3 survivors (3072K)
 Metaspace       used 43678K, committed 44032K, reserved 1114112K
  class space    used 5352K, committed 5504K, reserved 1048576K
}

Dll operation events (7 events):
Event: 0.013 Loaded shared library C:\Program Files\Eclipse Adoptium\jdk-17.0.19.10-hotspot\bin\java.dll
Event: 0.048 Loaded shared library C:\Program Files\Eclipse Adoptium\jdk-17.0.19.10-hotspot\bin\jsvml.dll
Event: 0.177 Loaded shared library C:\Program Files\Eclipse Adoptium\jdk-17.0.19.10-hotspot\bin\net.dll
Event: 0.180 Loaded shared library C:\Program Files\Eclipse Adoptium\jdk-17.0.19.10-hotspot\bin\nio.dll
Event: 0.221 Loaded shared library C:\Program Files\Eclipse Adoptium\jdk-17.0.19.10-hotspot\bin\zip.dll
Event: 0.261 Loaded shared library C:\Program Files\Eclipse Adoptium\jdk-17.0.19.10-hotspot\bin\jimage.dll
Event: 3.432 Loaded shared library C:\Program Files\Eclipse Adoptium\jdk-17.0.19.10-hotspot\bin\verify.dll

Deoptimization events (20 events):
Event: 13.073 Thread 0x000001c54ff2ec70 Uncommon trap: trap_request=0xffffffde fr.pc=0x000001c55f811ae4 relative=0x0000000000000564
Event: 13.073 Thread 0x000001c54ff2ec70 Uncommon trap: reason=class_check action=maybe_recompile pc=0x000001c55f811ae4 method=org.jetbrains.kotlin.storage.LockBasedStorageManager$LockBasedLazyValue.invoke()Ljava/lang/Object; @ 24 c2
Event: 13.073 Thread 0x000001c54ff2ec70 DEOPT PACKING pc=0x000001c55f811ae4 sp=0x000000a6d74fd3e0
Event: 13.073 Thread 0x000001c54ff2ec70 DEOPT UNPACKING pc=0x000001c55f0369a3 sp=0x000000a6d74fd330 mode 2
Event: 13.073 Thread 0x000001c54ff2ec70 Uncommon trap: trap_request=0xffffffde fr.pc=0x000001c55f811ae4 relative=0x0000000000000564
Event: 13.073 Thread 0x000001c54ff2ec70 Uncommon trap: reason=class_check action=maybe_recompile pc=0x000001c55f811ae4 method=org.jetbrains.kotlin.storage.LockBasedStorageManager$LockBasedLazyValue.invoke()Ljava/lang/Object; @ 24 c2
Event: 13.073 Thread 0x000001c54ff2ec70 DEOPT PACKING pc=0x000001c55f811ae4 sp=0x000000a6d74fcf80
Event: 13.073 Thread 0x000001c54ff2ec70 DEOPT UNPACKING pc=0x000001c55f0369a3 sp=0x000000a6d74fced0 mode 2
Event: 13.073 Thread 0x000001c54ff2ec70 Uncommon trap: trap_request=0xffffffde fr.pc=0x000001c55f811ae4 relative=0x0000000000000564
Event: 13.073 Thread 0x000001c54ff2ec70 Uncommon trap: reason=class_check action=maybe_recompile pc=0x000001c55f811ae4 method=org.jetbrains.kotlin.storage.LockBasedStorageManager$LockBasedLazyValue.invoke()Ljava/lang/Object; @ 24 c2
Event: 13.073 Thread 0x000001c54ff2ec70 DEOPT PACKING pc=0x000001c55f811ae4 sp=0x000000a6d74fcfe0
Event: 13.073 Thread 0x000001c54ff2ec70 DEOPT UNPACKING pc=0x000001c55f0369a3 sp=0x000000a6d74fcf30 mode 2
Event: 13.073 Thread 0x000001c54ff2ec70 Uncommon trap: trap_request=0xffffffde fr.pc=0x000001c55f811ae4 relative=0x0000000000000564
Event: 13.073 Thread 0x000001c54ff2ec70 Uncommon trap: reason=class_check action=maybe_recompile pc=0x000001c55f811ae4 method=org.jetbrains.kotlin.storage.LockBasedStorageManager$LockBasedLazyValue.invoke()Ljava/lang/Object; @ 24 c2
Event: 13.073 Thread 0x000001c54ff2ec70 DEOPT PACKING pc=0x000001c55f811ae4 sp=0x000000a6d74fcfe0
Event: 13.073 Thread 0x000001c54ff2ec70 DEOPT UNPACKING pc=0x000001c55f0369a3 sp=0x000000a6d74fcf30 mode 2
Event: 13.077 Thread 0x000001c54ff2ec70 Uncommon trap: trap_request=0xffffffde fr.pc=0x000001c55f80f978 relative=0x0000000000000578
Event: 13.077 Thread 0x000001c54ff2ec70 Uncommon trap: reason=class_check action=maybe_recompile pc=0x000001c55f80f978 method=org.jetbrains.kotlin.storage.LockBasedStorageManager$LockBasedLazyValue.invoke()Ljava/lang/Object; @ 24 c2
Event: 13.077 Thread 0x000001c54ff2ec70 DEOPT PACKING pc=0x000001c55f80f978 sp=0x000000a6d74fcbe0
Event: 13.077 Thread 0x000001c54ff2ec70 DEOPT UNPACKING pc=0x000001c55f0369a3 sp=0x000000a6d74fcba0 mode 2

Classes loaded (20 events):
Event: 9.081 Loading class java/util/AbstractList$SubList done
Event: 9.081 Loading class java/util/AbstractList$RandomAccessSubList done
Event: 9.081 Loading class java/util/AbstractList$SubList$1
Event: 9.081 Loading class java/util/AbstractList$SubList$1 done
Event: 9.230 Loading class java/text/StringCharacterIterator
Event: 9.231 Loading class java/text/CharacterIterator
Event: 9.231 Loading class java/text/CharacterIterator done
Event: 9.231 Loading class java/text/StringCharacterIterator done
Event: 11.357 Loading class java/util/stream/LongStream
Event: 11.357 Loading class java/util/stream/LongStream done
Event: 11.357 Loading class java/util/stream/DoubleStream
Event: 11.358 Loading class java/util/stream/DoubleStream done
Event: 11.562 Loading class java/util/EnumMap$EntrySet
Event: 11.563 Loading class java/util/EnumMap$EntrySet done
Event: 11.564 Loading class java/util/EnumMap$EntryIterator
Event: 11.564 Loading class java/util/EnumMap$EnumMapIterator
Event: 11.564 Loading class java/util/EnumMap$EnumMapIterator done
Event: 11.564 Loading class java/util/EnumMap$EntryIterator done
Event: 11.564 Loading class java/util/EnumMap$EntryIterator$Entry
Event: 11.564 Loading class java/util/EnumMap$EntryIterator$Entry done

Classes unloaded (0 events):
No events

Classes redefined (0 events):
No events

Internal exceptions (20 events):
Event: 6.221 Thread 0x000001c54ff2ec70 Exception <a 'java/lang/NoSuchMethodError'{0x000000008707dba0}: 'java.lang.Object java.lang.invoke.DirectMethodHandle$Holder.invokeStatic(java.lang.Object, java.lang.Object, int)'> (0x000000008707dba0) 
thrown [s\src\hotspot\share\interpreter\linkResolver.cpp, line 759]
Event: 6.244 Thread 0x000001c54ff2ec70 Exception <a 'java/lang/NoSuchMethodError'{0x0000000086f19e48}: 'java.lang.Object java.lang.invoke.DirectMethodHandle$Holder.newInvokeSpecial(java.lang.Object, java.lang.Object, int)'> (0x0000000086f19e48) 
thrown [s\src\hotspot\share\interpreter\linkResolver.cpp, line 759]
Event: 6.249 Thread 0x000001c54ff2ec70 Exception <a 'java/lang/NoSuchMethodError'{0x0000000086f35800}: 'java.lang.Object java.lang.invoke.DirectMethodHandle$Holder.invokeVirtual(java.lang.Object, java.lang.Object, java.lang.Object)'> (0x0000000086f35800) 
thrown [s\src\hotspot\share\interpreter\linkResolver.cpp, line 759]
Event: 7.650 Thread 0x000001c54ff2ec70 Exception <a 'java/lang/NoSuchMethodError'{0x000000008685ba18}: 'java.lang.Object java.lang.invoke.DirectMethodHandle$Holder.newInvokeSpecial(java.lang.Object, java.lang.Object, java.lang.Object, java.lang.Object, java.lang.Object, java.lang.Object, java.lang.Object)'> (0x000000008685ba18) 
thrown [s\src\hotspot\share\interpreter\linkResolver.cpp, line 759]
Event: 7.651 Thread 0x000001c54ff2ec70 Exception <a 'java/lang/NoSuchMethodError'{0x0000000086860328}: 'java.lang.Object java.lang.invoke.Invokers$Holder.linkToTargetMethod(java.lang.Object, java.lang.Object, java.lang.Object, java.lang.Object, java.lang.Object, java.lang.Object, java.lang.Object)'> (0x0000000086860328) 
thrown [s\src\hotspot\share\interpreter\linkResolver.cpp, line 759]
Event: 8.374 Thread 0x000001c54ff2ec70 Exception <a 'java/lang/NoSuchMethodError'{0x0000000085ecea10}: 'java.lang.Object java.lang.invoke.DirectMethodHandle$Holder.newInvokeSpecial(java.lang.Object, java.lang.Object, java.lang.Object, int)'> (0x0000000085ecea10) 
thrown [s\src\hotspot\share\interpreter\linkResolver.cpp, line 759]
Event: 8.374 Thread 0x000001c54ff2ec70 Exception <a 'java/lang/NoSuchMethodError'{0x0000000085ed3098}: 'java.lang.Object java.lang.invoke.DirectMethodHandle$Holder.invokeSpecial(java.lang.Object, java.lang.Object, java.lang.Object, java.lang.Object, int)'> (0x0000000085ed3098) 
thrown [s\src\hotspot\share\interpreter\linkResolver.cpp, line 759]
Event: 8.375 Thread 0x000001c54ff2ec70 Exception <a 'java/lang/NoSuchMethodError'{0x0000000085ed6f08}: 'java.lang.Object java.lang.invoke.Invokers$Holder.linkToTargetMethod(java.lang.Object, java.lang.Object, int, java.lang.Object)'> (0x0000000085ed6f08) 
thrown [s\src\hotspot\share\interpreter\linkResolver.cpp, line 759]
Event: 8.557 Thread 0x000001c54ff2ec70 Exception <a 'java/lang/NoSuchMethodError'{0x0000000089d07510}: 'int java.lang.invoke.DirectMethodHandle$Holder.invokeVirtual(java.lang.Object, java.lang.Object)'> (0x0000000089d07510) 
thrown [s\src\hotspot\share\interpreter\linkResolver.cpp, line 759]
Event: 8.795 Thread 0x000001c54ff2ec70 Exception <a 'java/lang/NoSuchMethodError'{0x00000000874a9b68}: 'java.lang.Object java.lang.invoke.DirectMethodHandle$Holder.newInvokeSpecial(java.lang.Object, java.lang.Object, java.lang.Object, java.lang.Object, java.lang.Object, java.lang.Object, java.lang.Object, java.lang.Object)'> (0x00000000874a9b68) 
thrown [s\src\hotspot\share\interpreter\linkResolver.cpp, line 759]
Event: 8.796 Thread 0x000001c54ff2ec70 Exception <a 'java/lang/NoSuchMethodError'{0x00000000874af6d0}: 'java.lang.Object java.lang.invoke.DirectMethodHandle$Holder.invokeSpecial(java.lang.Object, java.lang.Object, java.lang.Object, java.lang.Object, java.lang.Object, java.lang.Object, java.lang.Object, java.lang.Object, java.lang.Object)'> (0x00000000874af6d0) 
thrown [s\src\hotspot\share\interpreter\linkResolver.cpp, line 759]
Event: 8.797 Thread 0x000001c54ff2ec70 Exception <a 'java/lang/NoSuchMethodError'{0x00000000874b4b50}: 'java.lang.Object java.lang.invoke.Invokers$Holder.linkToTargetMethod(java.lang.Object, java.lang.Object, java.lang.Object, java.lang.Object, java.lang.Object, java.lang.Object, java.lang.Object, java.lang.Object)'> (0x00000000874b4b50) 
thrown [s\src\hotspot\share\interpreter\linkResolver.cpp, line 759]
Event: 9.190 Thread 0x000001c54ff2ec70 Exception <a 'java/lang/NoSuchMethodError'{0x0000000086bb98f0}: 'java.lang.Object java.lang.invoke.DirectMethodHandle$Holder.newInvokeSpecial(java.lang.Object, java.lang.Object, java.lang.Object, java.lang.Object, int)'> (0x0000000086bb98f0) 
thrown [s\src\hotspot\share\interpreter\linkResolver.cpp, line 759]
Event: 9.191 Thread 0x000001c54ff2ec70 Exception <a 'java/lang/NoSuchMethodError'{0x0000000086bbe420}: 'java.lang.Object java.lang.invoke.DirectMethodHandle$Holder.invokeSpecial(java.lang.Object, java.lang.Object, java.lang.Object, java.lang.Object, java.lang.Object, int)'> (0x0000000086bbe420) 
thrown [s\src\hotspot\share\interpreter\linkResolver.cpp, line 759]
Event: 9.191 Thread 0x000001c54ff2ec70 Exception <a 'java/lang/NoSuchMethodError'{0x0000000086bc2900}: 'java.lang.Object java.lang.invoke.Invokers$Holder.linkToTargetMethod(java.lang.Object, java.lang.Object, java.lang.Object, int, java.lang.Object)'> (0x0000000086bc2900) 
thrown [s\src\hotspot\share\interpreter\linkResolver.cpp, line 759]
Event: 11.421 Thread 0x000001c54ff2ec70 Exception <a 'java/lang/NoSuchMethodError'{0x000000008615a1a0}: 'java.lang.Object java.lang.invoke.DirectMethodHandle$Holder.invokeStatic(java.lang.Object, java.lang.Object, java.lang.Object, java.lang.Object, int)'> (0x000000008615a1a0) 
thrown [s\src\hotspot\share\interpreter\linkResolver.cpp, line 759]
Event: 11.582 Thread 0x000001c54ff2ec70 Exception <a 'java/lang/NoSuchMethodError'{0x0000000085fba3e0}: 'java.lang.Object java.lang.invoke.DirectMethodHandle$Holder.newInvokeSpecial(java.lang.Object, java.lang.Object, java.lang.Object, java.lang.Object, int, java.lang.Object)'> (0x0000000085fba3e0) 
thrown [s\src\hotspot\share\interpreter\linkResolver.cpp, line 759]
Event: 12.079 Thread 0x000001c54ff2ec70 Implicit null exception at 0x000001c55f7d18af to 0x000001c55f7d18ec
Event: 12.154 Thread 0x000001c54ff2ec70 Exception <a 'java/lang/NoSuchMethodError'{0x0000000089a72ce8}: 'java.lang.Object java.lang.invoke.DirectMethodHandle$Holder.newInvokeSpecial(java.lang.Object, java.lang.Object, java.lang.Object, java.lang.Object, java.lang.Object, java.lang.Object)'> (0x0000000089a72ce8) 
thrown [s\src\hotspot\share\interpreter\linkResolver.cpp, line 759]
Event: 12.173 Thread 0x000001c54ff2ec70 Implicit null exception at 0x000001c55f5c550f to 0x000001c55f5c5a94

VM Operations (20 events):
Event: 11.293 Executing VM operation: HandshakeAllThreads
Event: 11.293 Executing VM operation: HandshakeAllThreads done
Event: 11.333 Executing VM operation: HandshakeAllThreads
Event: 11.333 Executing VM operation: HandshakeAllThreads done
Event: 11.354 Executing VM operation: HandshakeAllThreads
Event: 11.354 Executing VM operation: HandshakeAllThreads done
Event: 11.486 Executing VM operation: HandshakeAllThreads
Event: 11.487 Executing VM operation: HandshakeAllThreads done
Event: 11.599 Executing VM operation: G1CollectForAllocation
Event: 11.615 Executing VM operation: G1CollectForAllocation done
Event: 11.675 Executing VM operation: G1PauseRemark
Event: 11.682 Executing VM operation: G1PauseRemark done
Event: 11.710 Executing VM operation: G1PauseCleanup
Event: 11.711 Executing VM operation: G1PauseCleanup done
Event: 12.273 Executing VM operation: HandshakeAllThreads
Event: 12.273 Executing VM operation: HandshakeAllThreads done
Event: 12.288 Executing VM operation: HandshakeAllThreads
Event: 12.288 Executing VM operation: HandshakeAllThreads done
Event: 12.709 Executing VM operation: ICBufferFull
Event: 12.709 Executing VM operation: ICBufferFull done

Memory protections (0 events):
No events

Nmethod flushes (0 events):
No events

Events (20 events):
Event: 0.211 Thread 0x000001c56e3304f0 Thread added: 0x000001c56e5ff5e0
Event: 0.649 Thread 0x000001c56e5ff5e0 Thread exited: 0x000001c56e5ff5e0
Event: 1.624 Thread 0x000001c56e3304f0 Thread added: 0x000001c573345f60
Event: 1.851 Thread 0x000001c573345f60 Thread exited: 0x000001c573345f60
Event: 2.928 Thread 0x000001c56e3312c0 Thread added: 0x000001c5736a7b80
Event: 3.129 Thread 0x000001c5736a7b80 Thread exited: 0x000001c5736a7b80
Event: 3.620 Thread 0x000001c56e3312c0 Thread added: 0x000001c57385c5f0
Event: 6.023 Thread 0x000001c57385c5f0 Thread exited: 0x000001c57385c5f0
Event: 6.069 Thread 0x000001c56e3312c0 Thread added: 0x000001c57385c5f0
Event: 6.790 Thread 0x000001c57385c5f0 Thread exited: 0x000001c57385c5f0
Event: 7.491 Thread 0x000001c56e3304f0 Thread added: 0x000001c57cfc52a0
Event: 7.839 Thread 0x000001c57cfc52a0 Thread exited: 0x000001c57cfc52a0
Event: 7.963 Thread 0x000001c56e3312c0 Thread added: 0x000001c57c9401c0
Event: 8.604 Thread 0x000001c57c9401c0 Thread exited: 0x000001c57c9401c0
Event: 8.793 Thread 0x000001c56e3312c0 Thread added: 0x000001c57d2bd050
Event: 10.508 Thread 0x000001c56e3312c0 Thread added: 0x000001c57d1296a0
Event: 11.359 Thread 0x000001c57d1296a0 Thread exited: 0x000001c57d1296a0
Event: 11.361 Thread 0x000001c57d2bd050 Thread exited: 0x000001c57d2bd050
Event: 11.476 Thread 0x000001c56e3312c0 Thread added: 0x000001c57d2bd050
Event: 11.573 Thread 0x000001c57d2bd050 Thread added: 0x000001c57422e730


Dynamic libraries:
0x00007ff6c3720000 - 0x00007ff6c372e000 	C:\Program Files\Eclipse Adoptium\jdk-17.0.19.10-hotspot\bin\java.exe
0x00007ffe55850000 - 0x00007ffe55a67000 	C:\WINDOWS\SYSTEM32\ntdll.dll
0x00007ffe53d20000 - 0x00007ffe53de4000 	C:\WINDOWS\System32\KERNEL32.DLL
0x00007ffe52b80000 - 0x00007ffe52f52000 	C:\WINDOWS\System32\KERNELBASE.dll
0x00007ffe53250000 - 0x00007ffe53361000 	C:\WINDOWS\System32\ucrtbase.dll
0x00007ffe386c0000 - 0x00007ffe386de000 	C:\Program Files\Eclipse Adoptium\jdk-17.0.19.10-hotspot\bin\VCRUNTIME140.dll
0x00007ffe32d80000 - 0x00007ffe32d98000 	C:\Program Files\Eclipse Adoptium\jdk-17.0.19.10-hotspot\bin\jli.dll
0x00007ffe54740000 - 0x00007ffe548f1000 	C:\WINDOWS\System32\USER32.dll
0x00007ffe3b710000 - 0x00007ffe3b9ab000 	C:\WINDOWS\WinSxS\amd64_microsoft.windows.common-controls_6595b64144ccf1df_6.0.22621.5547_none_27104afb73855772\COMCTL32.dll
0x00007ffe54580000 - 0x00007ffe54627000 	C:\WINDOWS\System32\msvcrt.dll
0x00007ffe52f90000 - 0x00007ffe52fb6000 	C:\WINDOWS\System32\win32u.dll
0x00007ffe53b60000 - 0x00007ffe53b89000 	C:\WINDOWS\System32\GDI32.dll
0x00007ffe53080000 - 0x00007ffe531a3000 	C:\WINDOWS\System32\gdi32full.dll
0x00007ffe531b0000 - 0x00007ffe5324a000 	C:\WINDOWS\System32\msvcp_win.dll
0x00007ffe542b0000 - 0x00007ffe542e1000 	C:\WINDOWS\System32\IMM32.DLL
0x00007ffe32d70000 - 0x00007ffe32d7c000 	C:\Program Files\Eclipse Adoptium\jdk-17.0.19.10-hotspot\bin\vcruntime140_1.dll
0x00007ffe22640000 - 0x00007ffe226cd000 	C:\Program Files\Eclipse Adoptium\jdk-17.0.19.10-hotspot\bin\msvcp140.dll
0x00007ffe06e10000 - 0x00007ffe07a7c000 	C:\Program Files\Eclipse Adoptium\jdk-17.0.19.10-hotspot\bin\server\jvm.dll
0x00007ffe54970000 - 0x00007ffe54a21000 	C:\WINDOWS\System32\ADVAPI32.dll
0x00007ffe54a30000 - 0x00007ffe54ad8000 	C:\WINDOWS\System32\sechost.dll
0x00007ffe52f60000 - 0x00007ffe52f88000 	C:\WINDOWS\System32\bcrypt.dll
0x00007ffe54460000 - 0x00007ffe54574000 	C:\WINDOWS\System32\RPCRT4.dll
0x00007ffe53640000 - 0x00007ffe536b1000 	C:\WINDOWS\System32\WS2_32.dll
0x00007ffe52810000 - 0x00007ffe5285d000 	C:\WINDOWS\SYSTEM32\POWRPROF.dll
0x00007ffe48db0000 - 0x00007ffe48de4000 	C:\WINDOWS\SYSTEM32\WINMM.dll
0x00007ffe40330000 - 0x00007ffe4033a000 	C:\WINDOWS\SYSTEM32\VERSION.dll
0x00007ffe527f0000 - 0x00007ffe52803000 	C:\WINDOWS\SYSTEM32\UMPDC.dll
0x00007ffe51930000 - 0x00007ffe51948000 	C:\WINDOWS\SYSTEM32\kernel.appcore.dll
0x00007ffe30c30000 - 0x00007ffe30c3a000 	C:\Program Files\Eclipse Adoptium\jdk-17.0.19.10-hotspot\bin\jimage.dll
0x00007ffe4d0b0000 - 0x00007ffe4d2e3000 	C:\WINDOWS\SYSTEM32\DBGHELP.DLL
0x00007ffe54bc0000 - 0x00007ffe54f53000 	C:\WINDOWS\System32\combase.dll
0x00007ffe54ae0000 - 0x00007ffe54bb7000 	C:\WINDOWS\System32\OLEAUT32.dll
0x00007ffe3b4f0000 - 0x00007ffe3b522000 	C:\WINDOWS\SYSTEM32\dbgcore.DLL
0x00007ffe52b00000 - 0x00007ffe52b7b000 	C:\WINDOWS\System32\bcryptPrimitives.dll
0x00007ffe30bf0000 - 0x00007ffe30c15000 	C:\Program Files\Eclipse Adoptium\jdk-17.0.19.10-hotspot\bin\java.dll
0x00007ffe21f20000 - 0x00007ffe21ff7000 	C:\Program Files\Eclipse Adoptium\jdk-17.0.19.10-hotspot\bin\jsvml.dll
0x00007ffe54f60000 - 0x00007ffe55802000 	C:\WINDOWS\System32\SHELL32.dll
0x00007ffe52940000 - 0x00007ffe52a7f000 	C:\WINDOWS\System32\wintypes.dll
0x00007ffe50820000 - 0x00007ffe5113d000 	C:\WINDOWS\SYSTEM32\windows.storage.dll
0x00007ffe54630000 - 0x00007ffe5473c000 	C:\WINDOWS\System32\SHCORE.dll
0x00007ffe54900000 - 0x00007ffe54969000 	C:\WINDOWS\System32\shlwapi.dll
0x00007ffe52870000 - 0x00007ffe5289b000 	C:\WINDOWS\SYSTEM32\profapi.dll
0x00007ffe22620000 - 0x00007ffe2263a000 	C:\Program Files\Eclipse Adoptium\jdk-17.0.19.10-hotspot\bin\net.dll
0x00007ffe47fe0000 - 0x00007ffe4810c000 	C:\WINDOWS\SYSTEM32\WINHTTP.dll
0x00007ffe51da0000 - 0x00007ffe51e09000 	C:\WINDOWS\system32\mswsock.dll
0x00007ffe21f00000 - 0x00007ffe21f16000 	C:\Program Files\Eclipse Adoptium\jdk-17.0.19.10-hotspot\bin\nio.dll
0x00007ffe30bd0000 - 0x00007ffe30be8000 	C:\Program Files\Eclipse Adoptium\jdk-17.0.19.10-hotspot\bin\zip.dll
0x00007ffe22610000 - 0x00007ffe22620000 	C:\Program Files\Eclipse Adoptium\jdk-17.0.19.10-hotspot\bin\verify.dll

dbghelp: loaded successfully - version: 4.0.5 - missing functions: none
symbol engine: initialized successfully - sym options: 0x614 - pdb path: .;C:\Program Files\Eclipse Adoptium\jdk-17.0.19.10-hotspot\bin;C:\WINDOWS\SYSTEM32;C:\WINDOWS\WinSxS\amd64_microsoft.windows.common-controls_6595b64144ccf1df_6.0.22621.5547_none_27104afb73855772;C:\Program Files\Eclipse Adoptium\jdk-17.0.19.10-hotspot\bin\server

VM Arguments:
java_command: org.jetbrains.kotlin.cli.jvm.K2JVMCompiler @C:\flutter\packages\flutter_tools\gradle\build\20260815_11215894502928545238.compiler.options
java_class_path (initial): C:\Users\admin\.gradle\caches\modules-2\files-2.1\org.jetbrains.kotlin\kotlin-compiler-embeddable\2.0.21\79346ed53db48b18312a472602eb5c057070c54d\kotlin-compiler-embeddable-2.0.21.jar;C:\Users\admin\.gradle\caches\modules-2\files-2.1\org.jetbrains.kotlin\kotlin-stdlib\2.0.21\618b539767b4899b4660a83006e052b63f1db551\kotlin-stdlib-2.0.21.jar;C:\Users\admin\.gradle\caches\modules-2\files-2.1\org.jetbrains.kotlin\kotlin-script-runtime\2.0.21\c9b044380ad41f89aa89aa896c2d32a8c0b2129d\kotlin-script-runtime-2.0.21.jar;C:\Users\admin\.gradle\caches\modules-2\files-2.1\org.jetbrains.kotlin\kotlin-reflect\1.6.10\1cbe9c92c12a94eea200d23c2bbaedaf3daf5132\kotlin-reflect-1.6.10.jar;C:\Users\admin\.gradle\caches\modules-2\files-2.1\org.jetbrains.kotlin\kotlin-daemon-embeddable\2.0.21\c9e933b23287de9b5a17e2116b4657bb91aea72c\kotlin-daemon-embeddable-2.0.21.jar;C:\Users\admin\.gradle\caches\modules-2\files-2.1\org.jetbrains.intellij.deps\trove4j\1.0.20200330\3afb14d5f9ceb459d724e907a21145e8ff394f02\trove4j-1.0.20200330.jar;C:\Users\admin\.gradle\caches\modules-2\files-2.1\org.jetbrains.kotlinx\kotlinx-coroutines-core-jvm\1.6.4\2c997cd1c0ef33f3e751d3831929aeff1390cb30\kotlinx-coroutines-core-jvm-1.6.4.jar;C:\Users\admin\.gradle\caches\modules-2\files-2.1\org.jetbrains\annotations\13.0\919f0dfe192fb4e063e7dacadee7f8bb9a2672a9\annotations-13.0.jar
Launcher Type: SUN_STANDARD

[Global flags]
     intx CICompilerCount                          = 4                                         {product} {ergonomic}
     uint ConcGCThreads                            = 2                                         {product} {ergonomic}
     uint G1ConcRefinementThreads                  = 8                                         {product} {ergonomic}
   size_t G1HeapRegionSize                         = 1048576                                   {product} {ergonomic}
    uintx GCDrainStackTargetSize                   = 64                                        {product} {ergonomic}
   size_t InitialHeapSize                          = 134217728                                 {product} {ergonomic}
   size_t MarkStackSize                            = 4194304                                   {product} {ergonomic}
   size_t MaxHeapSize                              = 2116026368                                {product} {ergonomic}
   size_t MaxNewSize                               = 1268776960                                {product} {ergonomic}
   size_t MinHeapDeltaBytes                        = 1048576                                   {product} {ergonomic}
   size_t MinHeapSize                              = 8388608                                   {product} {ergonomic}
    uintx NonNMethodCodeHeapSize                   = 5839372                                {pd product} {ergonomic}
    uintx NonProfiledCodeHeapSize                  = 122909434                              {pd product} {ergonomic}
    uintx ProfiledCodeHeapSize                     = 122909434                              {pd product} {ergonomic}
    uintx ReservedCodeCacheSize                    = 251658240                              {pd product} {ergonomic}
     bool SegmentedCodeCache                       = true                                      {product} {ergonomic}
   size_t SoftMaxHeapSize                          = 2116026368                             {manageable} {ergonomic}
     bool UseCompressedClassPointers               = true                           {product lp64_product} {ergonomic}
     bool UseCompressedOops                        = true                           {product lp64_product} {ergonomic}
     bool UseG1GC                                  = true                                      {product} {ergonomic}
     bool UseLargePagesIndividualAllocation        = false                                  {pd product} {ergonomic}

Logging:
Log output configuration:
 #0: stdout all=warning uptime,level,tags
 #1: stderr all=off uptime,level,tags

Environment Variables:
JAVA_HOME=C:\Program Files\Eclipse Adoptium\jdk-25.0.1.8-hotspot
PATH=C:\Program Files\Eclipse Adoptium\jdk-17.0.19.10-hotspot\bin;C:\Program Files (x86)\VMware\VMware Workstation\bin\;C:\Program Files\Python312\Scripts\;C:\Program Files\Python312\;C:\WINDOWS\system32;C:\WINDOWS;C:\WINDOWS\System32\Wbem;C:\WINDOWS\System32\WindowsPowerShell\v1.0\;C:\WINDOWS\System32\OpenSSH\;C:\Program Files (x86)\Microsoft SQL Server\160\Tools\Binn\;C:\Program Files\Microsoft SQL Server\160\Tools\Binn\;C:\Program Files\Microsoft SQL Server\Client SDK\ODBC\170\Tools\Binn\;C:\Program Files\Microsoft SQL Server\160\DTS\Binn\;C:\Program Files (x86)\Microsoft SQL Server\160\DTS\Binn\;C:\Windows\system32\python;C:\sqlite3;C:\Program Files\nodejs\;C:\MinGW\bin;C:\curl\bin;C:\curl\include;C:\MinGW;C:\MinGW\lib;C:\GnuWin32\bin;C:\OpenSSL-Win64\bin;C:\Program Files\PostgreSQL\17\bin;C:\Program Files\Eclipse Adoptium\jdk-25.0.1.8-hotspot\bin;C:\Program Files\Heroku\bin;C:\Program Files\Git\cmd;C:\Program Files (x86)\VMware\VMware Workstation\bin\;C:\Program Files\Python312\Scripts\;C:\Program Files\Python312\;C:\WINDOWS\system32;C:\WINDOWS;C:\WINDOWS\System32\Wbem;C:\WINDOWS\System32\WindowsPowerShell\v1.0\;C:\WINDOWS\System32\OpenSSH\;C:\Program Files (x86)\Microsoft SQL Server\160\Tools\Binn\;C:\Program Files\Microsoft SQL Server\160\Tools\Binn\;C:\Program Files\Microsoft SQL Server\Client SDK\ODBC\170\Tools\Binn\;C:\Program Files\Microsoft SQL Server\160\DTS\Binn\;C:\Program Files (x86)\Microsoft SQL Server\160\DTS\Binn\;C:\Windows\system32\python;C:\sqlite3;C:\Program Files\nodejs\;C:\MinGW\bin;C:\curl\bin;C:\curl\include;C:\MinGW;C:\MinGW\lib;C:\GnuWin32\bin;C:\OpenSSL-Win64\bin;C:\Program Files\PostgreSQL\17\bin;C:\Program Files\Eclipse Adoptium\jdk-25.0.1.8-hotspot\bin;C:\Program Files\Git\cmd;C:\Program Files\Docker\Docker\resources\bin;C:\Program Files\Heroku\bin;C:\Users\admin\AppData\Local\Programs\Microsoft VS Code;C:\Program Files\P;C:\flutter\bin\flutter;C:\flutter\bin;C:\Users\admin\AppData\Local\Programs\Microsoft VS Code\bin
USERNAME=admin
OS=Windows_NT
PROCESSOR_IDENTIFIER=Intel64 Family 6 Model 142 Stepping 10, GenuineIntel
TMP=C:\Users\admin\AppData\Local\Temp
TEMP=C:\Users\admin\AppData\Local\Temp



Periodic native trim disabled


---------------  S Y S T E M  ---------------

OS:
 Windows 11 , 64 bit Build 22621 (10.0.22621.5415)
OS uptime: 0 days 1:42 hours
Hyper-V role detected

CPU: total 8 (initial active 8) (4 cores per cpu, 2 threads per core) family 6 model 142 stepping 10 microcode 0xf4, cx8, cmov, fxsr, ht, mmx, 3dnowpref, sse, sse2, sse3, ssse3, sse4.1, sse4.2, popcnt, lzcnt, tsc, tscinvbit, avx, avx2, aes, erms, clmul, bmi1, bmi2, rtm, adx, fma, vzeroupper, clflush, clflushopt, hv
Processor Information for all 8 processors :
  Max Mhz: 1896, Current Mhz: 1696, Mhz Limit: 1687

Memory: 4k page, system-wide physical 8070M (575M free)
TotalPageFile size 18119M (AvailPageFile size 5M)
current process WorkingSet (physical memory assigned to process): 273M, peak: 273M
current process commit charge ("private bytes"): 336M, peak: 337M

vm_info: OpenJDK 64-Bit Server VM (17.0.19+10) for windows-amd64 JRE (17.0.19+10), built on Apr 25 2026 08:04:44 by "admin" with MS VC++ 17.12 (VS2022)

END.
