#
# There is insufficient memory for the Java Runtime Environment to continue.
# Native memory allocation (mmap) failed to map 148897792 bytes. Error detail: G1 virtual space
# Possible reasons:
#   The system is out of physical RAM or swap space
#   This process is running with CompressedOops enabled, and the Java Heap may be blocking the growth of the native heap
# Possible solutions:
#   Reduce memory load on the system
#   Increase physical memory or swap space
#   Check if swap backing store is full
#   Decrease Java heap size (-Xmx/-Xms)
#   Decrease number of Java threads
#   Decrease Java thread stack sizes (-Xss)
#   Set larger code cache with -XX:ReservedCodeCacheSize=
#   JVM is running with Unscaled Compressed Oops mode in which the Java heap is
#     placed in the first 4GB address space. The Java Heap base address is the
#     maximum limit for the native heap growth. Please use -XX:HeapBaseMinAddress
#     to set the Java Heap base and to place the Java Heap above 4GB virtual address.
# This output file may be truncated or incomplete.
#
#  Out of Memory Error (os_windows.cpp:3618), pid=13528, tid=7192
#
# JRE version: OpenJDK Runtime Environment Temurin-17.0.19+10 (17.0.19+10) (build 17.0.19+10)
# Java VM: OpenJDK 64-Bit Server VM Temurin-17.0.19+10 (17.0.19+10, mixed mode, sharing, tiered, compressed oops, compressed class ptrs, g1 gc, windows-amd64)
# No core dump will be written. Minidumps are not enabled by default on client versions of Windows
#

---------------  S U M M A R Y ------------

Command Line: org.jetbrains.kotlin.cli.jvm.K2JVMCompiler @C:\flutter\packages\flutter_tools\gradle\build\20260815_8688405670564258217.compiler.options

Host: Intel(R) Core(TM) i5-8350U CPU @ 1.70GHz, 8 cores, 7G,  Windows 11 , 64 bit Build 22621 (10.0.22621.5415)
Time: Sat Aug 15 12:23:59 2026 Paris, Madrid (heure duild 22621 (10.0.22621.5415) elapsed time: 41.749073 seconds (0d 0h 0m 41s)

---------------  T H R E A D  ---------------

Current thread (0x00000179eecef590):  VMThread "VM Thread" [stack: 0x0000004210e00000,0x0000004210f00000] [id=7192]

Stack: [0x0000004210e00000,0x0000004210f00000]
Native frames: (J=compiled Java code, j=interpreted, Vv=VM code, C=native code)
V  [jvm.dll+0x684b29]
V  [jvm.dll+0x83a2d5]
V  [jvm.dll+0x83bd4e]
V  [jvm.dll+0x83c3d3]
V  [jvm.dll+0x24905f]
V  [jvm.dll+0x6818e9]
V  [jvm.dll+0x6766ea]
V  [jvm.dll+0x3093b7]
V  [jvm.dll+0x3109a6]
V  [jvm.dll+0x360f1e]
V  [jvm.dll+0x36115d]
V  [jvm.dll+0x2e043c]
V  [jvm.dll+0x2de812]
V  [jvm.dll+0x2ddfac]
V  [jvm.dll+0x320c6b]
V  [jvm.dll+0x840bed]
V  [jvm.dll+0x841923]
V  [jvm.dll+0x841e4f]
V  [jvm.dll+0x842235]
V  [jvm.dll+0x8422fe]
V  [jvm.dll+0x7eaf1c]
V  [jvm.dll+0x6839f7]
C  [ucrtbase.dll+0x29333]
C  [KERNEL32.DLL+0x1259d]
C  [ntdll.dll+0x5af78]

VM_Operation (0x00000042108fc2c0): G1CollectForAllocation, mode: safepoint, requested by thread 0x00000179d090e420


---------------  P R O C E S S  ---------------

Threads class SMR info:
_java_thread_list=0x00000179f4733bb0, length=13, elements={
0x00000179d090e420, 0x00000179eecf2c20, 0x00000179eecf4ab0, 0x00000179eed0d3d0,
0x00000179eed0df90, 0x00000179eed10960, 0x00000179eed11320, 0x00000179eed120c0,
0x00000179eed12b70, 0x00000179eed3ec50, 0x00000179f30e9cc0, 0x00000179f30eda50,
0x00000179f307eab0
}

Java Threads: ( => current thread )
  0x00000179d090e420 JavaThread "main" [_thread_blocked, id=5420, stack(0x0000004210800000,0x0000004210900000)]
  0x00000179eecf2c20 JavaThread "Reference Handler" daemon [_thread_blocked, id=13836, stack(0x0000004210f00000,0x0000004211000000)]
  0x00000179eecf4ab0 JavaThread "Finalizer" daemon [_thread_blocked, id=14416, stack(0x0000004211000000,0x0000004211100000)]
  0x00000179eed0d3d0 JavaThread "Signal Dispatcher" daemon [_thread_blocked, id=1184, stack(0x0000004211100000,0x0000004211200000)]
  0x00000179eed0df90 JavaThread "Attach Listener" daemon [_thread_blocked, id=11464, stack(0x0000004211200000,0x0000004211300000)]
  0x00000179eed10960 JavaThread "Service Thread" daemon [_thread_blocked, id=12296, stack(0x0000004211300000,0x0000004211400000)]
  0x00000179eed11320 JavaThread "Monitor Deflation Thread" daemon [_thread_blocked, id=9548, stack(0x0000004211400000,0x0000004211500000)]
  0x00000179eed120c0 JavaThread "C2 CompilerThread0" daemon [_thread_blocked, id=17596, stack(0x0000004211500000,0x0000004211600000)]
  0x00000179eed12b70 JavaThread "C1 CompilerThread0" daemon [_thread_blocked, id=8768, stack(0x0000004211600000,0x0000004211700000)]
  0x00000179eed3ec50 JavaThread "Sweeper thread" daemon [_thread_blocked, id=1956, stack(0x0000004211700000,0x0000004211800000)]
  0x00000179f30e9cc0 JavaThread "Notification Thread" daemon [_thread_blocked, id=17796, stack(0x0000004211800000,0x0000004211900000)]
  0x00000179f30eda50 JavaThread "Common-Cleaner" daemon [_thread_blocked, id=9140, stack(0x0000004211a00000,0x0000004211b00000)]
  0x00000179f307eab0 JavaThread "C2 CompilerThread1" daemon [_thread_blocked, id=12532, stack(0x0000004210700000,0x0000004210800000)]

Other Threads:
=>0x00000179eecef590 VMThread "VM Thread" [stack: 0x0000004210e00000,0x0000004210f00000] [id=7192]
  0x00000179f30ec5c0 WatcherThread [stack: 0x0000004211900000,0x0000004211a00000] [id=13532]
  0x00000179d0969640 GCTaskThread "GC Thread#0" [stack: 0x0000004210900000,0x0000004210a00000] [id=9252]
  0x00000179f35f7880 GCTaskThread "GC Thread#1" [stack: 0x0000004211b00000,0x0000004211c00000] [id=6632]
  0x00000179f3673010 GCTaskThread "GC Thread#2" [stack: 0x0000004211c00000,0x0000004211d00000] [id=1228]
  0x00000179f364b980 GCTaskThread "GC Thread#3" [stack: 0x0000004211d00000,0x0000004211e00000] [id=2636]
  0x00000179f364c050 GCTaskThread "GC Thread#4" [stack: 0x0000004211e00000,0x0000004211f00000] [id=18192]
  0x00000179f3650320 GCTaskThread "GC Thread#5" [stack: 0x0000004211f00000,0x0000004212000000] [id=5568]
  0x00000179f397c820 GCTaskThread "GC Thread#6" [stack: 0x0000004212000000,0x0000004212100000] [id=10468]
  0x00000179f3a05130 GCTaskThread "GC Thread#7" [stack: 0x0000004212100000,0x0000004212200000] [id=17364]
  0x00000179d097a1d0 ConcurrentGCThread "G1 Main Marker" [stack: 0x0000004210a00000,0x0000004210b00000] [id=17056]
  0x00000179d097b390 ConcurrentGCThread "G1 Conc#0" [stack: 0x0000004210b00000,0x0000004210c00000] [id=7336]
  0x00000179f3a02040 ConcurrentGCThread "G1 Conc#1" [stack: 0x0000004212300000,0x0000004212400000] [id=5296]
  0x00000179d09becd0 ConcurrentGCThread "G1 Refine#0" [stack: 0x0000004210c00000,0x0000004210d00000] [id=13492]
  0x00000179f3dbc700 ConcurrentGCThread "G1 Refine#1" [stack: 0x0000004212400000,0x0000004212500000] [id=17556]
  0x00000179eebaa850 ConcurrentGCThread "G1 Service" [stack: 0x0000004210d00000,0x0000004210e00000] [id=18236]

Threads with active compile tasks:
C2 CompilerThread0  41807 11255       4       org.jetbrains.kotlin.resolve.calls.smartcasts.DataFlowInfoImpl::getNullability (47 bytes)
C2 CompilerThread1  41807 11227       4       org.jetbrains.kotlin.resolve.calls.components.candidate.ResolutionCandidate::isSuccessful (47 bytes)

VM state: at safepoint (normal execution)

VM Mutex/Monitor currently owned by a thread:  ([mutex/lock_event])
[0x00000179d090a340] Threads_lock - owner thread: 0x00000179eecef590
[0x00000179d090a730] Heap_lock - owner thread: 0x00000179d090e420

Heap address: 0x0000000081e00000, size: 2018 MB, Compressed Oops mode: 32-bit

CDS archive(s) mapped at: [0x0000017980000000-0x0000017980bb0000-0x0000017980bb0000), size 12255232, SharedBaseAddress: 0x0000017980000000, ArchiveRelocationMode: 1.
Compressed class space mapped at: 0x0000017981000000-0x00000179c1000000, reserved size: 1073741824
Narrow klass base: 0x0000017980000000, Narrow klass shift: 0, Narrow klass range: 0x100000000

GC Precious Log:
 CPUs: 8 total, 8 available
 Memory: 8070M
 Large Page Support: Disabled
 NUMA Support: Disabled
 Compressed Oops: Enabled (32-bit)
 Heap Region Size: 1M
 Heap Min Capacity: 8M
 Heap Initial Capacity: 128M
 Heap Max Capacity: 2018M
 Pre-touch: Disabled
 Parallel Workers: 8
 Concurrent Workers: 2
 Concurrent Refinement Workers: 8
 Periodic GC: Disabled

Heap:
 garbage-first heap   total 145408K, used 85070K [0x0000000081e00000, 0x0000000100000000)
  region size 1024K, 4 young (4096K), 4 survivors (4096K)
 Metaspace       used 55660K, committed 56064K, reserved 1114112K
  class space    used 6260K, committed 6464K, reserved 1048576K

Heap Regions: E=young(eden), S=young(survivor), O=old, HS=humongous(starts), HC=humongous(continues), CS=collection set, F=free, OA=open archive, CA=closed archive, TAMS=top-at-mark-start (previous, next)
|   0|0x0000000081e00000, 0x0000000081f00000, 0x0000000081f00000|100%|HS|  |TAMS 0x0000000081f00000, 0x0000000081e00000| Complete 
|   1|0x0000000081f00000, 0x0000000082000000, 0x0000000082000000|100%|HC|  |TAMS 0x0000000082000000, 0x0000000081f00000| Complete 
|   2|0x0000000082000000, 0x0000000082100000, 0x0000000082100000|100%|HC|  |TAMS 0x0000000082100000, 0x0000000082000000| Complete 
|   3|0x0000000082100000, 0x0000000082200000, 0x0000000082200000|100%| O|  |TAMS 0x0000000082200000, 0x0000000082100000| Untracked 
|   4|0x0000000082200000, 0x0000000082300000, 0x0000000082300000|100%| O|  |TAMS 0x0000000082300000, 0x0000000082200000| Untracked 
|   5|0x0000000082300000, 0x0000000082400000, 0x0000000082400000|100%| O|  |TAMS 0x0000000082400000, 0x0000000082300000| Untracked 
|   6|0x0000000082400000, 0x0000000082500000, 0x0000000082500000|100%| O|  |TAMS 0x0000000082500000, 0x0000000082400000| Untracked 
|   7|0x0000000082500000, 0x0000000082600000, 0x0000000082600000|100%| O|  |TAMS 0x0000000082600000, 0x0000000082500000| Untracked 
|   8|0x0000000082600000, 0x0000000082700000, 0x0000000082700000|100%| O|  |TAMS 0x0000000082700000, 0x0000000082600000| Untracked 
|   9|0x0000000082700000, 0x0000000082800000, 0x0000000082800000|100%| O|  |TAMS 0x0000000082800000, 0x0000000082700000| Untracked 
|  10|0x0000000082800000, 0x0000000082900000, 0x0000000082900000|100%| O|  |TAMS 0x0000000082900000, 0x0000000082800000| Untracked 
|  11|0x0000000082900000, 0x0000000082a00000, 0x0000000082a00000|100%| O|  |TAMS 0x0000000082a00000, 0x0000000082900000| Untracked 
|  12|0x0000000082a00000, 0x0000000082b00000, 0x0000000082b00000|100%| O|  |TAMS 0x0000000082b00000, 0x0000000082a00000| Untracked 
|  13|0x0000000082b00000, 0x0000000082c00000, 0x0000000082c00000|100%| O|  |TAMS 0x0000000082c00000, 0x0000000082b00000| Untracked 
|  14|0x0000000082c00000, 0x0000000082d00000, 0x0000000082d00000|100%| O|  |TAMS 0x0000000082d00000, 0x0000000082c00000| Untracked 
|  15|0x0000000082d00000, 0x0000000082e00000, 0x0000000082e00000|100%| O|  |TAMS 0x0000000082e00000, 0x0000000082d00000| Untracked 
|  16|0x0000000082e00000, 0x0000000082f00000, 0x0000000082f00000|100%| O|  |TAMS 0x0000000082f00000, 0x0000000082e00000| Untracked 
|  17|0x0000000082f00000, 0x0000000082f00000, 0x0000000083000000|  0%| F|  |TAMS 0x0000000082f00000, 0x0000000082f00000| Untracked 
|  18|0x0000000083000000, 0x0000000083100000, 0x0000000083100000|100%| O|  |TAMS 0x0000000083100000, 0x0000000083000000| Untracked 
|  19|0x0000000083100000, 0x0000000083200000, 0x0000000083200000|100%| O|  |TAMS 0x0000000083200000, 0x0000000083100000| Untracked 
|  20|0x0000000083200000, 0x0000000083300000, 0x0000000083300000|100%| O|  |TAMS 0x0000000083300000, 0x0000000083200000| Untracked 
|  21|0x0000000083300000, 0x0000000083400000, 0x0000000083400000|100%| O|  |TAMS 0x0000000083400000, 0x0000000083300000| Untracked 
|  22|0x0000000083400000, 0x0000000083500000, 0x0000000083500000|100%| O|  |TAMS 0x0000000083500000, 0x0000000083400000| Untracked 
|  23|0x0000000083500000, 0x0000000083600000, 0x0000000083600000|100%| O|  |TAMS 0x0000000083600000, 0x0000000083500000| Untracked 
|  24|0x0000000083600000, 0x0000000083700000, 0x0000000083700000|100%| O|  |TAMS 0x0000000083700000, 0x0000000083600000| Untracked 
|  25|0x0000000083700000, 0x0000000083800000, 0x0000000083800000|100%| O|  |TAMS 0x0000000083800000, 0x0000000083700000| Untracked 
|  26|0x0000000083800000, 0x0000000083900000, 0x0000000083900000|100%| O|  |TAMS 0x0000000083800000, 0x0000000083800000| Untracked 
|  27|0x0000000083900000, 0x0000000083a00000, 0x0000000083a00000|100%|HS|  |TAMS 0x0000000083a00000, 0x0000000083900000| Complete 
|  28|0x0000000083a00000, 0x0000000083b00000, 0x0000000083b00000|100%|HC|  |TAMS 0x0000000083b00000, 0x0000000083a00000| Complete 
|  29|0x0000000083b00000, 0x0000000083c00000, 0x0000000083c00000|100%|HC|  |TAMS 0x0000000083c00000, 0x0000000083b00000| Complete 
|  30|0x0000000083c00000, 0x0000000083d00000, 0x0000000083d00000|100%|HC|  |TAMS 0x0000000083d00000, 0x0000000083c00000| Complete 
|  31|0x0000000083d00000, 0x0000000083e00000, 0x0000000083e00000|100%|HC|  |TAMS 0x0000000083e00000, 0x0000000083d00000| Complete 
|  32|0x0000000083e00000, 0x0000000083f00000, 0x0000000083f00000|100%|HC|  |TAMS 0x0000000083f00000, 0x0000000083e00000| Complete 
|  33|0x0000000083f00000, 0x0000000084000000, 0x0000000084000000|100%|HS|  |TAMS 0x0000000084000000, 0x0000000083f00000| Complete 
|  34|0x0000000084000000, 0x0000000084100000, 0x0000000084100000|100%|HS|  |TAMS 0x0000000084100000, 0x0000000084000000| Complete 
|  35|0x0000000084100000, 0x0000000084200000, 0x0000000084200000|100%|HS|  |TAMS 0x0000000084200000, 0x0000000084100000| Complete 
|  36|0x0000000084200000, 0x0000000084300000, 0x0000000084300000|100%|HC|  |TAMS 0x0000000084300000, 0x0000000084200000| Complete 
|  37|0x0000000084300000, 0x0000000084400000, 0x0000000084400000|100%|HS|  |TAMS 0x0000000084400000, 0x0000000084300000| Complete 
|  38|0x0000000084400000, 0x0000000084500000, 0x0000000084500000|100%| O|  |TAMS 0x0000000084500000, 0x0000000084400000| Untracked 
|  39|0x0000000084500000, 0x0000000084600000, 0x0000000084600000|100%| O|  |TAMS 0x0000000084600000, 0x0000000084500000| Untracked 
|  40|0x0000000084600000, 0x0000000084700000, 0x0000000084700000|100%| O|  |TAMS 0x0000000084700000, 0x0000000084600000| Untracked 
|  41|0x0000000084700000, 0x0000000084800000, 0x0000000084800000|100%| O|  |TAMS 0x0000000084800000, 0x0000000084700000| Untracked 
|  42|0x0000000084800000, 0x0000000084900000, 0x0000000084900000|100%| O|  |TAMS 0x0000000084900000, 0x0000000084800000| Untracked 
|  43|0x0000000084900000, 0x0000000084a00000, 0x0000000084a00000|100%| O|  |TAMS 0x0000000084a00000, 0x0000000084900000| Untracked 
|  44|0x0000000084a00000, 0x0000000084b00000, 0x0000000084b00000|100%| O|  |TAMS 0x0000000084b00000, 0x0000000084a00000| Untracked 
|  45|0x0000000084b00000, 0x0000000084c00000, 0x0000000084c00000|100%| O|  |TAMS 0x0000000084c00000, 0x0000000084b00000| Untracked 
|  46|0x0000000084c00000, 0x0000000084d00000, 0x0000000084d00000|100%| O|  |TAMS 0x0000000084d00000, 0x0000000084c00000| Untracked 
|  47|0x0000000084d00000, 0x0000000084e00000, 0x0000000084e00000|100%| O|  |TAMS 0x0000000084e00000, 0x0000000084d00000| Untracked 
|  48|0x0000000084e00000, 0x0000000084f00000, 0x0000000084f00000|100%| O|  |TAMS 0x0000000084f00000, 0x0000000084e00000| Untracked 
|  49|0x0000000084f00000, 0x0000000085000000, 0x0000000085000000|100%| O|  |TAMS 0x0000000085000000, 0x0000000084f00000| Untracked 
|  50|0x0000000085000000, 0x0000000085100000, 0x0000000085100000|100%| O|  |TAMS 0x0000000085100000, 0x0000000085000000| Untracked 
|  51|0x0000000085100000, 0x0000000085200000, 0x0000000085200000|100%| O|  |TAMS 0x0000000085200000, 0x0000000085100000| Untracked 
|  52|0x0000000085200000, 0x0000000085300000, 0x0000000085300000|100%| O|  |TAMS 0x0000000085300000, 0x0000000085200000| Untracked 
|  53|0x0000000085300000, 0x0000000085400000, 0x0000000085400000|100%| O|  |TAMS 0x0000000085400000, 0x0000000085300000| Untracked 
|  54|0x0000000085400000, 0x0000000085500000, 0x0000000085500000|100%| O|  |TAMS 0x0000000085500000, 0x0000000085400000| Untracked 
|  55|0x0000000085500000, 0x0000000085600000, 0x0000000085600000|100%| O|  |TAMS 0x0000000085600000, 0x0000000085500000| Untracked 
|  56|0x0000000085600000, 0x0000000085700000, 0x0000000085700000|100%| O|  |TAMS 0x0000000085700000, 0x0000000085600000| Untracked 
|  57|0x0000000085700000, 0x0000000085800000, 0x0000000085800000|100%| O|  |TAMS 0x0000000085800000, 0x0000000085700000| Untracked 
|  58|0x0000000085800000, 0x0000000085900000, 0x0000000085900000|100%| O|  |TAMS 0x0000000085900000, 0x0000000085800000| Untracked 
|  59|0x0000000085900000, 0x0000000085a00000, 0x0000000085a00000|100%| O|  |TAMS 0x0000000085a00000, 0x0000000085900000| Untracked 
|  60|0x0000000085a00000, 0x0000000085b00000, 0x0000000085b00000|100%| O|  |TAMS 0x0000000085b00000, 0x0000000085a00000| Untracked 
|  61|0x0000000085b00000, 0x0000000085c00000, 0x0000000085c00000|100%| O|  |TAMS 0x0000000085c00000, 0x0000000085b00000| Untracked 
|  62|0x0000000085c00000, 0x0000000085d00000, 0x0000000085d00000|100%| O|  |TAMS 0x0000000085d00000, 0x0000000085c00000| Untracked 
|  63|0x0000000085d00000, 0x0000000085e00000, 0x0000000085e00000|100%| O|  |TAMS 0x0000000085e00000, 0x0000000085d00000| Untracked 
|  64|0x0000000085e00000, 0x0000000085f00000, 0x0000000085f00000|100%| O|  |TAMS 0x0000000085f00000, 0x0000000085e00000| Untracked 
|  65|0x0000000085f00000, 0x0000000086000000, 0x0000000086000000|100%| O|  |TAMS 0x0000000086000000, 0x0000000085f00000| Untracked 
|  66|0x0000000086000000, 0x0000000086100000, 0x0000000086100000|100%| O|  |TAMS 0x0000000086100000, 0x0000000086000000| Untracked 
|  67|0x0000000086100000, 0x0000000086200000, 0x0000000086200000|100%| O|  |TAMS 0x0000000086200000, 0x0000000086100000| Untracked 
|  68|0x0000000086200000, 0x0000000086300000, 0x0000000086300000|100%| O|  |TAMS 0x0000000086300000, 0x0000000086200000| Untracked 
|  69|0x0000000086300000, 0x0000000086400000, 0x0000000086400000|100%| O|  |TAMS 0x0000000086400000, 0x0000000086300000| Untracked 
|  70|0x0000000086400000, 0x0000000086500000, 0x0000000086500000|100%| O|  |TAMS 0x0000000086500000, 0x0000000086400000| Untracked 
|  71|0x0000000086500000, 0x0000000086600000, 0x0000000086600000|100%| O|  |TAMS 0x0000000086600000, 0x0000000086500000| Untracked 
|  72|0x0000000086600000, 0x0000000086700000, 0x0000000086700000|100%| O|  |TAMS 0x0000000086659200, 0x0000000086600000| Untracked 
|  73|0x0000000086700000, 0x0000000086800000, 0x0000000086800000|100%|HS|  |TAMS 0x0000000086800000, 0x0000000086700000| Complete 
|  74|0x0000000086800000, 0x0000000086900000, 0x0000000086900000|100%|HC|  |TAMS 0x0000000086900000, 0x0000000086800000| Complete 
|  75|0x0000000086900000, 0x0000000086a00000, 0x0000000086a00000|100%| O|  |TAMS 0x0000000086900000, 0x0000000086900000| Untracked 
|  76|0x0000000086a00000, 0x0000000086b00000, 0x0000000086b00000|100%| O|  |TAMS 0x0000000086a00000, 0x0000000086a00000| Untracked 
|  77|0x0000000086b00000, 0x0000000086c00000, 0x0000000086c00000|100%| O|  |TAMS 0x0000000086b00000, 0x0000000086b00000| Untracked 
|  78|0x0000000086c00000, 0x0000000086d00000, 0x0000000086d00000|100%| O|  |TAMS 0x0000000086c00000, 0x0000000086c00000| Untracked 
|  79|0x0000000086d00000, 0x0000000086e00000, 0x0000000086e00000|100%| O|  |TAMS 0x0000000086d00000, 0x0000000086d00000| Untracked 
|  80|0x0000000086e00000, 0x0000000086ee0c00, 0x0000000086f00000| 87%| O|  |TAMS 0x0000000086e00000, 0x0000000086e00000| Untracked 
|  81|0x0000000086f00000, 0x0000000086f00000, 0x0000000087000000|  0%| F|  |TAMS 0x0000000086f00000, 0x0000000086f00000| Untracked 
|  82|0x0000000087000000, 0x0000000087000000, 0x0000000087100000|  0%| F|  |TAMS 0x0000000087000000, 0x0000000087000000| Untracked 
|  83|0x0000000087100000, 0x0000000087100000, 0x0000000087200000|  0%| F|  |TAMS 0x0000000087100000, 0x0000000087100000| Untracked 
|  84|0x0000000087200000, 0x0000000087200000, 0x0000000087300000|  0%| F|  |TAMS 0x0000000087200000, 0x0000000087200000| Untracked 
|  85|0x0000000087300000, 0x0000000087300000, 0x0000000087400000|  0%| F|  |TAMS 0x0000000087300000, 0x0000000087300000| Untracked 
|  86|0x0000000087400000, 0x0000000087400000, 0x0000000087500000|  0%| F|  |TAMS 0x0000000087400000, 0x0000000087400000| Untracked 
|  87|0x0000000087500000, 0x0000000087500000, 0x0000000087600000|  0%| F|  |TAMS 0x0000000087500000, 0x0000000087500000| Untracked 
|  88|0x0000000087600000, 0x0000000087600000, 0x0000000087700000|  0%| F|  |TAMS 0x0000000087600000, 0x0000000087600000| Untracked 
|  89|0x0000000087700000, 0x0000000087700000, 0x0000000087800000|  0%| F|  |TAMS 0x0000000087700000, 0x0000000087700000| Untracked 
|  90|0x0000000087800000, 0x0000000087800000, 0x0000000087900000|  0%| F|  |TAMS 0x0000000087800000, 0x0000000087800000| Untracked 
|  91|0x0000000087900000, 0x0000000087900000, 0x0000000087a00000|  0%| F|  |TAMS 0x0000000087900000, 0x0000000087900000| Untracked 
|  92|0x0000000087a00000, 0x0000000087a00000, 0x0000000087b00000|  0%| F|  |TAMS 0x0000000087a00000, 0x0000000087a00000| Untracked 
|  93|0x0000000087b00000, 0x0000000087b00000, 0x0000000087c00000|  0%| F|  |TAMS 0x0000000087b00000, 0x0000000087b00000| Untracked 
|  94|0x0000000087c00000, 0x0000000087c00000, 0x0000000087d00000|  0%| F|  |TAMS 0x0000000087c00000, 0x0000000087c00000| Untracked 
|  95|0x0000000087d00000, 0x0000000087d00000, 0x0000000087e00000|  0%| F|  |TAMS 0x0000000087d00000, 0x0000000087d00000| Untracked 
|  96|0x0000000087e00000, 0x0000000087e00000, 0x0000000087f00000|  0%| F|  |TAMS 0x0000000087e00000, 0x0000000087e00000| Untracked 
|  97|0x0000000087f00000, 0x0000000087f00000, 0x0000000088000000|  0%| F|  |TAMS 0x0000000087f00000, 0x0000000087f00000| Untracked 
|  98|0x0000000088000000, 0x0000000088000000, 0x0000000088100000|  0%| F|  |TAMS 0x0000000088000000, 0x0000000088000000| Untracked 
|  99|0x0000000088100000, 0x0000000088100000, 0x0000000088200000|  0%| F|  |TAMS 0x0000000088100000, 0x0000000088100000| Untracked 
| 100|0x0000000088200000, 0x0000000088200000, 0x0000000088300000|  0%| F|  |TAMS 0x0000000088200000, 0x0000000088200000| Untracked 
| 101|0x0000000088300000, 0x0000000088300000, 0x0000000088400000|  0%| F|  |TAMS 0x0000000088300000, 0x0000000088300000| Untracked 
| 102|0x0000000088400000, 0x0000000088400000, 0x0000000088500000|  0%| F|  |TAMS 0x0000000088400000, 0x0000000088400000| Untracked 
| 103|0x0000000088500000, 0x0000000088532c70, 0x0000000088600000| 19%| S|CS|TAMS 0x0000000088500000, 0x0000000088500000| Complete 
| 104|0x0000000088600000, 0x0000000088700000, 0x0000000088700000|100%| S|CS|TAMS 0x0000000088600000, 0x0000000088600000| Complete 
| 105|0x0000000088700000, 0x0000000088800000, 0x0000000088800000|100%| S|CS|TAMS 0x0000000088700000, 0x0000000088700000| Complete 
| 106|0x0000000088800000, 0x0000000088900000, 0x0000000088900000|100%| S|CS|TAMS 0x0000000088800000, 0x0000000088800000| Complete 
| 107|0x0000000088900000, 0x0000000088900000, 0x0000000088a00000|  0%| F|  |TAMS 0x0000000088900000, 0x0000000088900000| Untracked 
| 108|0x0000000088a00000, 0x0000000088a00000, 0x0000000088b00000|  0%| F|  |TAMS 0x0000000088a00000, 0x0000000088a00000| Untracked 
| 109|0x0000000088b00000, 0x0000000088b00000, 0x0000000088c00000|  0%| F|  |TAMS 0x0000000088b00000, 0x0000000088b00000| Untracked 
| 110|0x0000000088c00000, 0x0000000088c00000, 0x0000000088d00000|  0%| F|  |TAMS 0x0000000088c00000, 0x0000000088c00000| Untracked 
| 111|0x0000000088d00000, 0x0000000088d00000, 0x0000000088e00000|  0%| F|  |TAMS 0x0000000088d00000, 0x0000000088d00000| Untracked 
| 112|0x0000000088e00000, 0x0000000088e00000, 0x0000000088f00000|  0%| F|  |TAMS 0x0000000088e00000, 0x0000000088e00000| Untracked 
| 113|0x0000000088f00000, 0x0000000088f00000, 0x0000000089000000|  0%| F|  |TAMS 0x0000000088f00000, 0x0000000088f00000| Untracked 
| 114|0x0000000089000000, 0x0000000089000000, 0x0000000089100000|  0%| F|  |TAMS 0x0000000089000000, 0x0000000089000000| Untracked 
| 115|0x0000000089100000, 0x0000000089100000, 0x0000000089200000|  0%| F|  |TAMS 0x0000000089100000, 0x0000000089100000| Untracked 
| 116|0x0000000089200000, 0x0000000089200000, 0x0000000089300000|  0%| F|  |TAMS 0x0000000089200000, 0x0000000089200000| Untracked 
| 117|0x0000000089300000, 0x0000000089300000, 0x0000000089400000|  0%| F|  |TAMS 0x0000000089300000, 0x0000000089300000| Untracked 
| 118|0x0000000089400000, 0x0000000089400000, 0x0000000089500000|  0%| F|  |TAMS 0x0000000089400000, 0x0000000089400000| Untracked 
| 119|0x0000000089500000, 0x0000000089500000, 0x0000000089600000|  0%| F|  |TAMS 0x0000000089500000, 0x0000000089500000| Untracked 
| 120|0x0000000089600000, 0x0000000089600000, 0x0000000089700000|  0%| F|  |TAMS 0x0000000089600000, 0x0000000089600000| Untracked 
| 121|0x0000000089700000, 0x0000000089700000, 0x0000000089800000|  0%| F|  |TAMS 0x0000000089700000, 0x0000000089700000| Untracked 
| 122|0x0000000089800000, 0x0000000089800000, 0x0000000089900000|  0%| F|  |TAMS 0x0000000089800000, 0x0000000089800000| Untracked 
| 123|0x0000000089900000, 0x0000000089900000, 0x0000000089a00000|  0%| F|  |TAMS 0x0000000089900000, 0x0000000089900000| Untracked 
| 124|0x0000000089a00000, 0x0000000089a00000, 0x0000000089b00000|  0%| F|  |TAMS 0x0000000089a00000, 0x0000000089a00000| Untracked 
| 125|0x0000000089b00000, 0x0000000089b00000, 0x0000000089c00000|  0%| F|  |TAMS 0x0000000089b00000, 0x0000000089b00000| Untracked 
| 126|0x0000000089c00000, 0x0000000089c00000, 0x0000000089d00000|  0%| F|  |TAMS 0x0000000089c00000, 0x0000000089c00000| Untracked 
| 127|0x0000000089d00000, 0x0000000089d00000, 0x0000000089e00000|  0%| F|  |TAMS 0x0000000089d00000, 0x0000000089d00000| Untracked 
| 128|0x0000000089e00000, 0x0000000089e00000, 0x0000000089f00000|  0%| F|  |TAMS 0x0000000089e00000, 0x0000000089e00000| Untracked 
| 129|0x0000000089f00000, 0x0000000089f00000, 0x000000008a000000|  0%| F|  |TAMS 0x0000000089f00000, 0x0000000089f00000| Untracked 
| 130|0x000000008a000000, 0x000000008a000000, 0x000000008a100000|  0%| F|  |TAMS 0x000000008a000000, 0x000000008a000000| Untracked 
| 131|0x000000008a100000, 0x000000008a100000, 0x000000008a200000|  0%| F|  |TAMS 0x000000008a100000, 0x000000008a100000| Untracked 
| 132|0x000000008a200000, 0x000000008a200000, 0x000000008a300000|  0%| F|  |TAMS 0x000000008a200000, 0x000000008a200000| Untracked 
| 133|0x000000008a300000, 0x000000008a300000, 0x000000008a400000|  0%| F|  |TAMS 0x000000008a300000, 0x000000008a300000| Untracked 
| 134|0x000000008a400000, 0x000000008a400000, 0x000000008a500000|  0%| F|  |TAMS 0x000000008a400000, 0x000000008a400000| Untracked 
| 135|0x000000008a500000, 0x000000008a500000, 0x000000008a600000|  0%| F|  |TAMS 0x000000008a500000, 0x000000008a500000| Untracked 
| 136|0x000000008a600000, 0x000000008a600000, 0x000000008a700000|  0%| F|  |TAMS 0x000000008a600000, 0x000000008a600000| Untracked 
| 137|0x000000008a700000, 0x000000008a700000, 0x000000008a800000|  0%| F|  |TAMS 0x000000008a700000, 0x000000008a700000| Untracked 
| 138|0x000000008a800000, 0x000000008a800000, 0x000000008a900000|  0%| F|  |TAMS 0x000000008a800000, 0x000000008a800000| Untracked 
| 139|0x000000008a900000, 0x000000008a900000, 0x000000008aa00000|  0%| F|  |TAMS 0x000000008a900000, 0x000000008a900000| Untracked 
| 140|0x000000008aa00000, 0x000000008aa00000, 0x000000008ab00000|  0%| F|  |TAMS 0x000000008aa00000, 0x000000008aa00000| Untracked 
| 141|0x000000008ab00000, 0x000000008ab00000, 0x000000008ac00000|  0%| F|  |TAMS 0x000000008ab00000, 0x000000008ab00000| Untracked 

Card table byte_map: [0x00000179e7bc0000,0x00000179e7fc0000] _byte_map_base: 0x00000179e77b1000

Marking Bits (Prev, Next): (CMBitMap*) 0x00000179d0969ca0, (CMBitMap*) 0x00000179d0969c60
 Prev Bits: [0x00000179ea350000, 0x00000179ec2d8000)
 Next Bits: [0x00000179e83c0000, 0x00000179ea348000)

Polling page: 0x00000179ce820000

Metaspace:

Usage:
  Non-class:     48.24 MB used.
      Class:      6.11 MB used.
       Both:     54.36 MB used.

Virtual space:
  Non-class space:       64.00 MB reserved,      48.44 MB ( 76%) committed,  1 nodes.
      Class space:        1.00 GB reserved,       6.31 MB ( <1%) committed,  1 nodes.
             Both:        1.06 GB reserved,      54.75 MB (  5%) committed. 

Chunk freelists:
   Non-Class:  14.86 MB
       Class:  9.66 MB
        Both:  24.52 MB

MaxMetaspaceSize: unlimited
CompressedClassSpaceSize: 1.00 GB
Initial GC threshold: 21.00 MB
Current GC threshold: 89.94 MB
CDS: on
MetaspaceReclaimPolicy: balanced
 - commit_granule_bytes: 65536.
 - commit_granule_words: 8192.
 - virtual_space_node_default_size: 8388608.
 - enlarge_chunks_in_place: 1.
 - new_chunks_are_fully_committed: 0.
 - uncommit_free_chunks: 1.
 - use_allocation_guard: 0.
 - handle_deallocations: 1.


Internal statistics:

num_allocs_failed_limit: 6.
num_arena_births: 372.
num_arena_deaths: 0.
num_vsnodes_births: 2.
num_vsnodes_deaths: 0.
num_space_committed: 874.
num_space_uncommitted: 0.
num_chunks_returned_to_freelist: 6.
num_chunks_taken_from_freelist: 2509.
num_chunk_merges: 6.
num_chunk_splits: 1871.
num_chunks_enlarged: 1591.
num_inconsistent_stats: 0.

CodeHeap 'non-profiled nmethods': size=120000Kb used=5662Kb max_used=5662Kb free=114338Kb
 bounds [0x00000179dff60000, 0x00000179e04f0000, 0x00000179e7490000]
CodeHeap 'profiled nmethods': size=120000Kb used=31587Kb max_used=31587Kb free=88412Kb
 bounds [0x00000179d8490000, 0x00000179da3a0000, 0x00000179df9c0000]
CodeHeap 'non-nmethods': size=5760Kb used=1312Kb max_used=1405Kb free=4447Kb
 bounds [0x00000179df9c0000, 0x00000179dfc30000, 0x00000179dff60000]
 total_blobs=10393 nmethods=9769 adapters=534
 compilation: enabled
              stopped_count=0, restarted_count=0
 full_count=0

Compilation events (20 events):
Event: 41.698 Thread 0x00000179f307eab0 nmethod 11234 0x00000179e04dd490 code [0x00000179e04dd640, 0x00000179e04dd7f8]
Event: 41.698 Thread 0x00000179f307eab0 11235       4       org.jetbrains.kotlin.types.checker.NewCapturedTypeKt::captureFromArguments (41 bytes)
Event: 41.701 Thread 0x00000179f307eab0 nmethod 11235 0x00000179e04dda90 code [0x00000179e04ddc40, 0x00000179e04ddd98]
Event: 41.701 Thread 0x00000179f307eab0 11214       4       org.jetbrains.kotlin.resolve.scopes.LexicalScopeStorage::recordLookup (7 bytes)
Event: 41.704 Thread 0x00000179f307eab0 nmethod 11214 0x00000179e04ddf90 code [0x00000179e04de120, 0x00000179e04de238]
Event: 41.704 Thread 0x00000179f307eab0 11221       4       org.jetbrains.kotlin.types.checker.SimpleClassicTypeSystemContext::isStubType (6 bytes)
Event: 41.705 Thread 0x00000179f307eab0 nmethod 11221 0x00000179e04de410 code [0x00000179e04de5a0, 0x00000179e04de6d8]
Event: 41.706 Thread 0x00000179f307eab0 11239       4       org.jetbrains.kotlin.resolve.calls.components.ClassicTypeSystemContextForCS::newTypeCheckerState (18 bytes)
Event: 41.708 Thread 0x00000179f307eab0 nmethod 11239 0x00000179e04de890 code [0x00000179e04dea20, 0x00000179e04deb58]
Event: 41.708 Thread 0x00000179f307eab0 11247       4       org.jetbrains.kotlin.types.model.TypeSystemContext::originalIfDefinitelyNotNullable (31 bytes)
Event: 41.710 Thread 0x00000179f307eab0 nmethod 11247 0x00000179e04dec90 code [0x00000179e04dee20, 0x00000179e04def98]
Event: 41.711 Thread 0x00000179f307eab0 11206       4       org.jetbrains.kotlin.resolve.lazy.LazyImportScope$$Lambda$429/0x000001798147ee40::invoke (20 bytes)
Event: 41.712 Thread 0x00000179f307eab0 nmethod 11206 0x00000179e04df110 code [0x00000179e04df2a0, 0x00000179e04df368]
Event: 41.712 Thread 0x00000179f307eab0 11227       4       org.jetbrains.kotlin.resolve.calls.components.candidate.ResolutionCandidate::isSuccessful (47 bytes)
Event: 41.720 Thread 0x00000179eed120c0 nmethod 11204 0x00000179e04df410 code [0x00000179e04df900, 0x00000179e04e4180]
Event: 41.723 Thread 0x00000179eed120c0 11254       4       org.jetbrains.kotlin.com.intellij.psi.impl.source.tree.LazyParseablePsiElement::getParent (28 bytes)
Event: 41.724 Thread 0x00000179eed12b70 11257       3       org.jetbrains.kotlin.load.kotlin.KotlinJvmBinaryPackageSourceElement::getContainingBinaryClass (41 bytes)
Event: 41.725 Thread 0x00000179eed120c0 nmethod 11254 0x00000179e04e7490 code [0x00000179e04e7620, 0x00000179e04e7728]
Event: 41.725 Thread 0x00000179eed120c0 11255       4       org.jetbrains.kotlin.resolve.calls.smartcasts.DataFlowInfoImpl::getNullability (47 bytes)
Event: 41.726 Thread 0x00000179eed12b70 nmethod 11257 0x00000179d8e55c90 code [0x00000179d8e56020, 0x00000179d8e57658]

GC Heap History (20 events):
Event: 18.737 GC heap after
{Heap after GC invocations=16 (full 0):
 garbage-first heap   total 96256K, used 56448K [0x0000000081e00000, 0x0000000100000000)
  region size 1024K, 4 young (4096K), 4 survivors (4096K)
 Metaspace       used 46382K, committed 46784K, reserved 1114112K
  class space    used 5631K, committed 5824K, reserved 1048576K
}
Event: 20.429 GC heap before
{Heap before GC invocations=16 (full 0):
 garbage-first heap   total 96256K, used 75904K [0x0000000081e00000, 0x0000000100000000)
  region size 1024K, 23 young (23552K), 4 survivors (4096K)
 Metaspace       used 47795K, committed 48128K, reserved 1114112K
  class space    used 5696K, committed 5888K, reserved 1048576K
}
Event: 20.455 GC heap after
{Heap after GC invocations=17 (full 0):
 garbage-first heap   total 140288K, used 60126K [0x0000000081e00000, 0x0000000100000000)
  region size 1024K, 3 young (3072K), 3 survivors (3072K)
 Metaspace       used 47795K, committed 48128K, reserved 1114112K
  class space    used 5696K, committed 5888K, reserved 1048576K
}
Event: 25.015 GC heap before
{Heap before GC invocations=18 (full 0):
 garbage-first heap   total 140288K, used 106206K [0x0000000081e00000, 0x0000000100000000)
  region size 1024K, 48 young (49152K), 3 survivors (3072K)
 Metaspace       used 51950K, committed 52288K, reserved 1114112K
  class space    used 6103K, committed 6272K, reserved 1048576K
}
Event: 25.039 GC heap after
{Heap after GC invocations=19 (full 0):
 garbage-first heap   total 140288K, used 65767K [0x0000000081e00000, 0x0000000100000000)
  region size 1024K, 6 young (6144K), 6 survivors (6144K)
 Metaspace       used 51950K, committed 52288K, reserved 1114112K
  class space    used 6103K, committed 6272K, reserved 1048576K
}
Event: 25.178 GC heap before
{Heap before GC invocations=19 (full 0):
 garbage-first heap   total 140288K, used 66791K [0x0000000081e00000, 0x0000000100000000)
  region size 1024K, 7 young (7168K), 6 survivors (6144K)
 Metaspace       used 52026K, committed 52416K, reserved 1114112K
  class space    used 6108K, committed 6272K, reserved 1048576K
}
Event: 25.194 GC heap after
{Heap after GC invocations=20 (full 0):
 garbage-first heap   total 140288K, used 66193K [0x0000000081e00000, 0x0000000100000000)
  region size 1024K, 1 young (1024K), 1 survivors (1024K)
 Metaspace       used 52026K, committed 52416K, reserved 1114112K
  class space    used 6108K, committed 6272K, reserved 1048576K
}
Event: 27.609 GC heap before
{Heap before GC invocations=20 (full 0):
 garbage-first heap   total 140288K, used 91793K [0x0000000081e00000, 0x0000000100000000)
  region size 1024K, 27 young (27648K), 1 survivors (1024K)
 Metaspace       used 53248K, committed 53696K, reserved 1114112K
  class space    used 6144K, committed 6336K, reserved 1048576K
}
Event: 27.620 GC heap after
{Heap after GC invocations=21 (full 0):
 garbage-first heap   total 140288K, used 68525K [0x0000000081e00000, 0x0000000100000000)
  region size 1024K, 4 young (4096K), 4 survivors (4096K)
 Metaspace       used 53248K, committed 53696K, reserved 1114112K
  class space    used 6144K, committed 6336K, reserved 1048576K
}
Event: 31.153 GC heap before
{Heap before GC invocations=22 (full 0):
 garbage-first heap   total 140288K, used 109485K [0x0000000081e00000, 0x0000000100000000)
  region size 1024K, 43 young (44032K), 4 survivors (4096K)
 Metaspace       used 54076K, committed 54400K, reserved 1114112K
  class space    used 6164K, committed 6336K, reserved 1048576K
}
Event: 31.173 GC heap after
{Heap after GC invocations=23 (full 0):
 garbage-first heap   total 140288K, used 73857K [0x0000000081e00000, 0x0000000100000000)
  region size 1024K, 6 young (6144K), 6 survivors (6144K)
 Metaspace       used 54076K, committed 54400K, reserved 1114112K
  class space    used 6164K, committed 6336K, reserved 1048576K
}
Event: 31.240 GC heap before
{Heap before GC invocations=23 (full 0):
 garbage-first heap   total 140288K, used 74881K [0x0000000081e00000, 0x0000000100000000)
  region size 1024K, 7 young (7168K), 6 survivors (6144K)
 Metaspace       used 54103K, committed 54464K, reserved 1114112K
  class space    used 6166K, committed 6336K, reserved 1048576K
}
Event: 31.258 GC heap after
{Heap after GC invocations=24 (full 0):
 garbage-first heap   total 140288K, used 73979K [0x0000000081e00000, 0x0000000100000000)
  region size 1024K, 1 young (1024K), 1 survivors (1024K)
 Metaspace       used 54103K, committed 54464K, reserved 1114112K
  class space    used 6166K, committed 6336K, reserved 1048576K
}
Event: 35.023 GC heap before
{Heap before GC invocations=24 (full 0):
 garbage-first heap   total 140288K, used 112891K [0x0000000081e00000, 0x0000000100000000)
  region size 1024K, 37 young (37888K), 1 survivors (1024K)
 Metaspace       used 54782K, committed 55232K, reserved 1114112K
  class space    used 6200K, committed 6400K, reserved 1048576K
}
Event: 35.037 GC heap after
{Heap after GC invocations=25 (full 0):
 garbage-first heap   total 140288K, used 79375K [0x0000000081e00000, 0x0000000100000000)
  region size 1024K, 5 young (5120K), 5 survivors (5120K)
 Metaspace       used 54782K, committed 55232K, reserved 1114112K
  class space    used 6200K, committed 6400K, reserved 1048576K
}
Event: 37.564 GC heap before
{Heap before GC invocations=26 (full 0):
 garbage-first heap   total 145408K, used 111119K [0x0000000081e00000, 0x0000000100000000)
  region size 1024K, 36 young (36864K), 5 survivors (5120K)
 Metaspace       used 55126K, committed 55488K, reserved 1114112K
  class space    used 6224K, committed 6400K, reserved 1048576K
}
Event: 37.583 GC heap after
{Heap after GC invocations=27 (full 0):
 garbage-first heap   total 145408K, used 82773K [0x0000000081e00000, 0x0000000100000000)
  region size 1024K, 4 young (4096K), 4 survivors (4096K)
 Metaspace       used 55126K, committed 55488K, reserved 1114112K
  class space    used 6224K, committed 6400K, reserved 1048576K
}
Event: 37.822 GC heap before
{Heap before GC invocations=27 (full 0):
 garbage-first heap   total 145408K, used 85845K [0x0000000081e00000, 0x0000000100000000)
  region size 1024K, 7 young (7168K), 4 survivors (4096K)
 Metaspace       used 55171K, committed 55552K, reserved 1114112K
  class space    used 6229K, committed 6400K, reserved 1048576K
}
Event: 37.833 GC heap after
{Heap after GC invocations=28 (full 0):
 garbage-first heap   total 145408K, used 82420K [0x0000000081e00000, 0x0000000100000000)
  region size 1024K, 1 young (1024K), 1 survivors (1024K)
 Metaspace       used 55171K, committed 55552K, reserved 1114112K
  class space    used 6229K, committed 6400K, reserved 1048576K
}
Event: 41.730 GC heap before
{Heap before GC invocations=28 (full 0):
 garbage-first heap   total 145408K, used 117236K [0x0000000081e00000, 0x0000000100000000)
  region size 1024K, 35 young (35840K), 1 survivors (1024K)
 Metaspace       used 55660K, committed 56064K, reserved 1114112K
  class space    used 6260K, committed 6464K, reserved 1048576K
}

Dll operation events (7 events):
Event: 0.019 Loaded shared library C:\Program Files\Eclipse Adoptium\jdk-17.0.19.10-hotspot\bin\java.dll
Event: 0.139 Loaded shared library C:\Program Files\Eclipse Adoptium\jdk-17.0.19.10-hotspot\bin\jsvml.dll
Event: 0.218 Loaded shared library C:\Program Files\Eclipse Adoptium\jdk-17.0.19.10-hotspot\bin\net.dll
Event: 0.221 Loaded shared library C:\Program Files\Eclipse Adoptium\jdk-17.0.19.10-hotspot\bin\nio.dll
Event: 0.286 Loaded shared library C:\Program Files\Eclipse Adoptium\jdk-17.0.19.10-hotspot\bin\zip.dll
Event: 0.346 Loaded shared library C:\Program Files\Eclipse Adoptium\jdk-17.0.19.10-hotspot\bin\jimage.dll
Event: 4.348 Loaded shared library C:\Program Files\Eclipse Adoptium\jdk-17.0.19.10-hotspot\bin\verify.dll

Deoptimization events (20 events):
Event: 41.067 Thread 0x00000179d090e420 Uncommon trap: trap_request=0xffffffc6 fr.pc=0x00000179e0365fe4 relative=0x00000000000008a4
Event: 41.067 Thread 0x00000179d090e420 Uncommon trap: reason=bimorphic_or_optimized_type_check action=maybe_recompile pc=0x00000179e0365fe4 method=org.jetbrains.kotlin.types.AbstractTypeChecker.checkSubtypeForSpecialCases(Lorg/jetbrains/kotlin/types/TypeCheckerState;Lorg/jetbrains/kotlin/types
Event: 41.067 Thread 0x00000179d090e420 DEOPT PACKING pc=0x00000179e0365fe4 sp=0x00000042108f9960
Event: 41.067 Thread 0x00000179d090e420 DEOPT UNPACKING pc=0x00000179dfa169a3 sp=0x00000042108f98d0 mode 2
Event: 41.067 Thread 0x00000179d090e420 Uncommon trap: trap_request=0xffffffc6 fr.pc=0x00000179e0365fe4 relative=0x00000000000008a4
Event: 41.067 Thread 0x00000179d090e420 Uncommon trap: reason=bimorphic_or_optimized_type_check action=maybe_recompile pc=0x00000179e0365fe4 method=org.jetbrains.kotlin.types.AbstractTypeChecker.checkSubtypeForSpecialCases(Lorg/jetbrains/kotlin/types/TypeCheckerState;Lorg/jetbrains/kotlin/types
Event: 41.067 Thread 0x00000179d090e420 DEOPT PACKING pc=0x00000179e0365fe4 sp=0x00000042108f9a10
Event: 41.067 Thread 0x00000179d090e420 DEOPT UNPACKING pc=0x00000179dfa169a3 sp=0x00000042108f9980 mode 2
Event: 41.074 Thread 0x00000179d090e420 Uncommon trap: trap_request=0xffffffc6 fr.pc=0x00000179e0365fe4 relative=0x00000000000008a4
Event: 41.074 Thread 0x00000179d090e420 Uncommon trap: reason=bimorphic_or_optimized_type_check action=maybe_recompile pc=0x00000179e0365fe4 method=org.jetbrains.kotlin.types.AbstractTypeChecker.checkSubtypeForSpecialCases(Lorg/jetbrains/kotlin/types/TypeCheckerState;Lorg/jetbrains/kotlin/types
Event: 41.074 Thread 0x00000179d090e420 DEOPT PACKING pc=0x00000179e0365fe4 sp=0x00000042108f8b00
Event: 41.074 Thread 0x00000179d090e420 DEOPT UNPACKING pc=0x00000179dfa169a3 sp=0x00000042108f8a70 mode 2
Event: 41.641 Thread 0x00000179d090e420 Uncommon trap: trap_request=0xffffffde fr.pc=0x00000179e046c614 relative=0x0000000000006b54
Event: 41.641 Thread 0x00000179d090e420 Uncommon trap: reason=class_check action=maybe_recompile pc=0x00000179e046c614 method=org.jetbrains.kotlin.types.TypeSubstitutor.unsafeSubstitute(Lorg/jetbrains/kotlin/types/TypeProjection;Lorg/jetbrains/kotlin/descriptors/TypeParameterDescriptor;I)Lorg/j
Event: 41.641 Thread 0x00000179d090e420 DEOPT PACKING pc=0x00000179e046c614 sp=0x00000042108f7360
Event: 41.641 Thread 0x00000179d090e420 DEOPT UNPACKING pc=0x00000179dfa169a3 sp=0x00000042108f7350 mode 2
Event: 41.682 Thread 0x00000179d090e420 Uncommon trap: trap_request=0xffffff45 fr.pc=0x00000179e03ee7cc relative=0x000000000000456c
Event: 41.682 Thread 0x00000179d090e420 Uncommon trap: reason=unstable_if action=reinterpret pc=0x00000179e03ee7cc method=org.jetbrains.kotlin.resolve.deprecation.DeprecationResolver.isHiddenInResolution(Lorg/jetbrains/kotlin/descriptors/DeclarationDescriptor;Lorg/jetbrains/kotlin/psi/KtElement
Event: 41.682 Thread 0x00000179d090e420 DEOPT PACKING pc=0x00000179e03ee7cc sp=0x00000042108f4400
Event: 41.682 Thread 0x00000179d090e420 DEOPT UNPACKING pc=0x00000179dfa169a3 sp=0x00000042108f3ff0 mode 2

Classes loaded (20 events):
Event: 16.694 Loading class java/util/EnumMap$EntrySet
Event: 16.694 Loading class java/util/EnumMap$EntrySet done
Event: 16.694 Loading class java/util/EnumMap$EntryIterator
Event: 16.694 Loading class java/util/EnumMap$EnumMapIterator
Event: 16.695 Loading class java/util/EnumMap$EnumMapIterator done
Event: 16.695 Loading class java/util/EnumMap$EntryIterator done
Event: 16.695 Loading class java/util/EnumMap$EntryIterator$Entry
Event: 16.695 Loading class java/util/EnumMap$EntryIterator$Entry done
Event: 19.001 Loading class java/util/RegularEnumSet$EnumSetIterator
Event: 19.001 Loading class java/util/RegularEnumSet$EnumSetIterator done
Event: 23.064 Loading class java/util/Collections$2
Event: 23.065 Loading class java/util/Collections$2 done
Event: 28.196 Loading class java/util/concurrent/locks/AbstractQueuedSynchronizer$Node
Event: 28.196 Loading class java/util/concurrent/locks/AbstractQueuedSynchronizer$Node done
Event: 40.219 Loading class java/util/regex/Pattern$Bound
Event: 40.219 Loading class java/util/regex/Pattern$Bound done
Event: 40.219 Loading class java/util/regex/Pattern$LookBehindEndNode
Event: 40.220 Loading class java/util/regex/Pattern$LookBehindEndNode done
Event: 40.220 Loading class java/util/regex/Pattern$NotBehind
Event: 40.220 Loading class java/util/regex/Pattern$NotBehind done

Classes unloaded (0 events):
No events

Classes redefined (0 events):
No events

Internal exceptions (20 events):
Event: 21.708 Thread 0x00000179d090e420 Implicit null exception at 0x00000179e02136b2 to 0x00000179e0216b6c
Event: 21.708 Thread 0x00000179d090e420 Implicit null exception at 0x00000179e02136b2 to 0x00000179e0216b6c
Event: 21.708 Thread 0x00000179d090e420 Implicit null exception at 0x00000179e02136b2 to 0x00000179e0216b6c
Event: 21.708 Thread 0x00000179d090e420 Implicit null exception at 0x00000179e02136b2 to 0x00000179e0216b6c
Event: 21.708 Thread 0x00000179d090e420 Implicit null exception at 0x00000179e02136b2 to 0x00000179e0216b6c
Event: 21.709 Thread 0x00000179d090e420 Implicit null exception at 0x00000179e02136b2 to 0x00000179e0216b6c
Event: 21.709 Thread 0x00000179d090e420 Implicit null exception at 0x00000179e02136b2 to 0x00000179e0216b6c
Event: 21.709 Thread 0x00000179d090e420 Implicit null exception at 0x00000179e02136b2 to 0x00000179e0216b6c
Event: 21.709 Thread 0x00000179d090e420 Implicit null exception at 0x00000179e01e8b96 to 0x00000179e01eda34
Event: 22.279 Thread 0x00000179d090e420 Exception <a 'java/lang/NoSuchMethodError'{0x0000000089802138}: 'java.lang.Object java.lang.invoke.DirectMethodHandle$Holder.newInvokeSpecial(java.lang.Object, int, java.lang.Object, java.lang.Object)'> (0x0000000089802138) 
thrown [s\src\hotspot\share\interpreter\linkResolver.cpp, line 759]
Event: 22.280 Thread 0x00000179d090e420 Exception <a 'java/lang/NoSuchMethodError'{0x0000000089806888}: 'java.lang.Object java.lang.invoke.DirectMethodHandle$Holder.invokeSpecial(java.lang.Object, java.lang.Object, int, java.lang.Object, java.lang.Object)'> (0x0000000089806888) 
thrown [s\src\hotspot\share\interpreter\linkResolver.cpp, line 759]
Event: 22.893 Thread 0x00000179d090e420 Implicit null exception at 0x00000179dffec360 to 0x00000179dffed618
Event: 23.026 Thread 0x00000179d090e420 Exception <a 'java/lang/NoSuchMethodError'{0x0000000088faaee8}: 'java.lang.Object java.lang.invoke.DirectMethodHandle$Holder.invokeInterface(java.lang.Object, java.lang.Object, java.lang.Object)'> (0x0000000088faaee8) 
thrown [s\src\hotspot\share\interpreter\linkResolver.cpp, line 759]
Event: 23.027 Thread 0x00000179d090e420 Exception <a 'java/lang/IncompatibleClassChangeError'{0x0000000088fae858}: Found class java.lang.Object, but interface was expected> (0x0000000088fae858) 
thrown [s\src\hotspot\share\interpreter\linkResolver.cpp, line 826]
Event: 23.419 Thread 0x00000179d090e420 Exception <a 'java/lang/NoSuchMethodError'{0x0000000088aab700}: 'java.lang.Object java.lang.invoke.DirectMethodHandle$Holder.invokeStatic(java.lang.Object, java.lang.Object, int, java.lang.Object)'> (0x0000000088aab700) 
thrown [s\src\hotspot\share\interpreter\linkResolver.cpp, line 759]
Event: 23.421 Thread 0x00000179d090e420 Exception <a 'java/lang/NoSuchMethodError'{0x0000000088ab3980}: 'java.lang.Object java.lang.invoke.DirectMethodHandle$Holder.newInvokeSpecial(java.lang.Object, java.lang.Object, int, java.lang.Object)'> (0x0000000088ab3980) 
thrown [s\src\hotspot\share\interpreter\linkResolver.cpp, line 759]
Event: 23.421 Thread 0x00000179d090e420 Exception <a 'java/lang/NoSuchMethodError'{0x0000000088ab8280}: 'java.lang.Object java.lang.invoke.DirectMethodHandle$Holder.invokeSpecial(java.lang.Object, java.lang.Object, java.lang.Object, int, java.lang.Object)'> (0x0000000088ab8280) 
thrown [s\src\hotspot\share\interpreter\linkResolver.cpp, line 759]
Event: 23.422 Thread 0x00000179d090e420 Exception <a 'java/lang/NoSuchMethodError'{0x0000000088abc450}: 'java.lang.Object java.lang.invoke.Invokers$Holder.linkToTargetMethod(java.lang.Object, int, java.lang.Object, java.lang.Object)'> (0x0000000088abc450) 
thrown [s\src\hotspot\share\interpreter\linkResolver.cpp, line 759]
Event: 30.980 Thread 0x00000179d090e420 Implicit null exception at 0x00000179dffd2912 to 0x00000179dffd2ef8
Event: 34.239 Thread 0x00000179d090e420 Implicit null exception at 0x00000179e035ba88 to 0x00000179e035e028

VM Operations (20 events):
Event: 38.446 Executing VM operation: HandshakeAllThreads done
Event: 38.449 Executing VM operation: HandshakeAllThreads
Event: 38.449 Executing VM operation: HandshakeAllThreads done
Event: 38.449 Executing VM operation: HandshakeAllThreads
Event: 38.449 Executing VM operation: HandshakeAllThreads done
Event: 38.477 Executing VM operation: HandshakeAllThreads
Event: 38.477 Executing VM operation: HandshakeAllThreads done
Event: 38.486 Executing VM operation: ICBufferFull
Event: 38.487 Executing VM operation: ICBufferFull done
Event: 38.736 Executing VM operation: ICBufferFull
Event: 38.736 Executing VM operation: ICBufferFull done
Event: 39.398 Executing VM operation: ICBufferFull
Event: 39.398 Executing VM operation: ICBufferFull done
Event: 40.204 Executing VM operation: ICBufferFull
Event: 40.204 Executing VM operation: ICBufferFull done
Event: 41.066 Executing VM operation: ICBufferFull
Event: 41.067 Executing VM operation: ICBufferFull done
Event: 41.726 Executing VM operation: ICBufferFull
Event: 41.726 Executing VM operation: ICBufferFull done
Event: 41.730 Executing VM operation: G1CollectForAllocation

Memory protections (0 events):
No events

Nmethod flushes (20 events):
Event: 37.074 Thread 0x00000179eed3ec50 flushing  nmethod 0x00000179d9bb0810
Event: 37.074 Thread 0x00000179eed3ec50 flushing  nmethod 0x00000179d9c1da10
Event: 37.075 Thread 0x00000179eed3ec50 flushing  nmethod 0x00000179d9ccfb10
Event: 37.077 Thread 0x00000179eed3ec50 flushing  nmethod 0x00000179d9e05190
Event: 37.078 Thread 0x00000179eed3ec50 flushing  nmethod 0x00000179d9e98810
Event: 37.079 Thread 0x00000179eed3ec50 flushing  nmethod 0x00000179d9f60f10
Event: 37.079 Thread 0x00000179eed3ec50 flushing  nmethod 0x00000179d9f66510
Event: 37.079 Thread 0x00000179eed3ec50 flushing  nmethod 0x00000179d9f80b10
Event: 37.079 Thread 0x00000179eed3ec50 flushing  nmethod 0x00000179d9f96910
Event: 37.079 Thread 0x00000179eed3ec50 flushing  nmethod 0x00000179d9fb3510
Event: 37.079 Thread 0x00000179eed3ec50 flushing  nmethod 0x00000179da01b410
Event: 37.080 Thread 0x00000179eed3ec50 flushing  nmethod 0x00000179da053110
Event: 37.080 Thread 0x00000179eed3ec50 flushing  nmethod 0x00000179da057d10
Event: 37.080 Thread 0x00000179eed3ec50 flushing  nmethod 0x00000179da065590
Event: 37.080 Thread 0x00000179eed3ec50 flushing  nmethod 0x00000179da0c5890
Event: 37.081 Thread 0x00000179eed3ec50 flushing  nmethod 0x00000179da1a3c90
Event: 38.464 Thread 0x00000179eed3ec50 flushing  nmethod 0x00000179d8f3a910
Event: 38.465 Thread 0x00000179eed3ec50 flushing  nmethod 0x00000179d900c710
Event: 38.467 Thread 0x00000179eed3ec50 flushing  nmethod 0x00000179d929ab90
Event: 38.468 Thread 0x00000179eed3ec50 flushing  nmethod 0x00000179d9315a10

Events (20 events):
Event: 6.706 Thread 0x00000179f46eca50 Thread exited: 0x00000179f46eca50
Event: 6.891 Thread 0x00000179eed120c0 Thread added: 0x00000179f3e7a570
Event: 7.297 Thread 0x00000179f3e7a570 Thread exited: 0x00000179f3e7a570
Event: 7.337 Thread 0x00000179eed12b70 Thread added: 0x00000179f41d89e0
Event: 7.602 Thread 0x00000179f41d89e0 Thread exited: 0x00000179f41d89e0
Event: 8.707 Thread 0x00000179eed12b70 Thread added: 0x00000179f4299250
Event: 8.969 Thread 0x00000179f4299250 Thread exited: 0x00000179f4299250
Event: 9.809 Thread 0x00000179eed12b70 Thread added: 0x00000179f4601840
Event: 9.967 Thread 0x00000179f4601840 Thread exited: 0x00000179f4601840
Event: 11.186 Thread 0x00000179eed12b70 Thread added: 0x00000179f3024ec0
Event: 11.331 Thread 0x00000179f3024ec0 Thread exited: 0x00000179f3024ec0
Event: 12.272 Thread 0x00000179eed12b70 Thread added: 0x00000179f4a3c450
Event: 14.146 Thread 0x00000179f4a3c450 Thread exited: 0x00000179f4a3c450
Event: 14.361 Thread 0x00000179eed12b70 Thread added: 0x00000179fd490950
Event: 17.445 Thread 0x00000179fd490950 Thread exited: 0x00000179fd490950
Event: 17.818 Thread 0x00000179eed12b70 Thread added: 0x00000179fd535590
Event: 20.933 Thread 0x00000179fd535590 Thread exited: 0x00000179fd535590
Event: 27.968 Thread 0x00000179eed12b70 Thread added: 0x00000179fd64de20
Event: 29.620 Thread 0x00000179fd64de20 Thread exited: 0x00000179fd64de20
Event: 37.753 Thread 0x00000179eed12b70 Thread added: 0x00000179f307eab0


Dynamic libraries:
0x00007ff671550000 - 0x00007ff67155e000 	C:\Program Files\Eclipse Adoptium\jdk-17.0.19.10-hotspot\bin\java.exe
0x00007fff006f0000 - 0x00007fff00907000 	C:\WINDOWS\SYSTEM32\ntdll.dll
0x00007ffeff620000 - 0x00007ffeff6e4000 	C:\WINDOWS\System32\KERNEL32.DLL
0x00007ffefda00000 - 0x00007ffefddd2000 	C:\WINDOWS\System32\KERNELBASE.dll
0x00007ffefde80000 - 0x00007ffefdf91000 	C:\WINDOWS\System32\ucrtbase.dll
0x00007ffebf900000 - 0x00007ffebf91e000 	C:\Program Files\Eclipse Adoptium\jdk-17.0.19.10-hotspot\bin\VCRUNTIME140.dll
0x00007ffebf3e0000 - 0x00007ffebf3f8000 	C:\Program Files\Eclipse Adoptium\jdk-17.0.19.10-hotspot\bin\jli.dll
0x00007ffeff900000 - 0x00007ffeffab1000 	C:\WINDOWS\System32\USER32.dll
0x00007ffefd9d0000 - 0x00007ffefd9f6000 	C:\WINDOWS\System32\win32u.dll
0x00007fff00270000 - 0x00007fff00299000 	C:\WINDOWS\System32\GDI32.dll
0x00007ffefd8a0000 - 0x00007ffefd9c3000 	C:\WINDOWS\System32\gdi32full.dll
0x00007ffefdde0000 - 0x00007ffefde7a000 	C:\WINDOWS\System32\msvcp_win.dll
0x00007ffee6ac0000 - 0x00007ffee6d5b000 	C:\WINDOWS\WinSxS\amd64_microsoft.windows.common-controls_6595b64144ccf1df_6.0.22621.5547_none_27104afb73855772\COMCTL32.dll
0x00007fff00300000 - 0x00007fff003a7000 	C:\WINDOWS\System32\msvcrt.dll
0x00007ffeffca0000 - 0x00007ffeffcd1000 	C:\WINDOWS\System32\IMM32.DLL
0x00007ffec6d50000 - 0x00007ffec6d5c000 	C:\Program Files\Eclipse Adoptium\jdk-17.0.19.10-hotspot\bin\vcruntime140_1.dll
0x00007ffe80ac0000 - 0x00007ffe80b4d000 	C:\Program Files\Eclipse Adoptium\jdk-17.0.19.10-hotspot\bin\msvcp140.dll
0x00007ffe4d320000 - 0x00007ffe4df8c000 	C:\Program Files\Eclipse Adoptium\jdk-17.0.19.10-hotspot\bin\server\jvm.dll
0x00007fff005d0000 - 0x00007fff00681000 	C:\WINDOWS\System32\ADVAPI32.dll
0x00007ffeff6f0000 - 0x00007ffeff798000 	C:\WINDOWS\System32\sechost.dll
0x00007ffefe190000 - 0x00007ffefe1b8000 	C:\WINDOWS\System32\bcrypt.dll
0x00007ffeffac0000 - 0x00007ffeffbd4000 	C:\WINDOWS\System32\RPCRT4.dll
0x00007fff00550000 - 0x00007fff005c1000 	C:\WINDOWS\System32\WS2_32.dll
0x00007ffefd6a0000 - 0x00007ffefd6ed000 	C:\WINDOWS\SYSTEM32\POWRPROF.dll
0x00007ffeeb200000 - 0x00007ffeeb20a000 	C:\WINDOWS\SYSTEM32\VERSION.dll
0x00007ffef3250000 - 0x00007ffef3284000 	C:\WINDOWS\SYSTEM32\WINMM.dll
0x00007ffefd680000 - 0x00007ffefd693000 	C:\WINDOWS\SYSTEM32\UMPDC.dll
0x00007ffefc7d0000 - 0x00007ffefc7e8000 	C:\WINDOWS\SYSTEM32\kernel.appcore.dll
0x00007ffec5560000 - 0x00007ffec556a000 	C:\Program Files\Eclipse Adoptium\jdk-17.0.19.10-hotspot\bin\jimage.dll
0x00007ffef8040000 - 0x00007ffef8273000 	C:\WINDOWS\SYSTEM32\DBGHELP.DLL
0x00007ffeffce0000 - 0x00007fff00073000 	C:\WINDOWS\System32\combase.dll
0x00007fff00080000 - 0x00007fff00157000 	C:\WINDOWS\System32\OLEAUT32.dll
0x00007ffee5dd0000 - 0x00007ffee5e02000 	C:\WINDOWS\SYSTEM32\dbgcore.DLL
0x00007ffefe300000 - 0x00007ffefe37b000 	C:\WINDOWS\System32\bcryptPrimitives.dll
0x00007ffeb13f0000 - 0x00007ffeb1415000 	C:\Program Files\Eclipse Adoptium\jdk-17.0.19.10-hotspot\bin\java.dll
0x00007ffe7b280000 - 0x00007ffe7b357000 	C:\Program Files\Eclipse Adoptium\jdk-17.0.19.10-hotspot\bin\jsvml.dll
0x00007ffefe860000 - 0x00007ffeff102000 	C:\WINDOWS\System32\SHELL32.dll
0x00007ffefe1c0000 - 0x00007ffefe2ff000 	C:\WINDOWS\System32\wintypes.dll
0x00007ffefb6c0000 - 0x00007ffefbfdd000 	C:\WINDOWS\SYSTEM32\windows.storage.dll
0x00007ffeff7a0000 - 0x00007ffeff8ac000 	C:\WINDOWS\System32\SHCORE.dll
0x00007ffeffbe0000 - 0x00007ffeffc49000 	C:\WINDOWS\System32\shlwapi.dll
0x00007ffefd710000 - 0x00007ffefd73b000 	C:\WINDOWS\SYSTEM32\profapi.dll
0x00007ffe88380000 - 0x00007ffe8839a000 	C:\Program Files\Eclipse Adoptium\jdk-17.0.19.10-hotspot\bin\net.dll
0x00007ffef30d0000 - 0x00007ffef31fc000 	C:\WINDOWS\SYSTEM32\WINHTTP.dll
0x00007ffefcc40000 - 0x00007ffefcca9000 	C:\WINDOWS\system32\mswsock.dll
0x00007ffe88360000 - 0x00007ffe88376000 	C:\Program Files\Eclipse Adoptium\jdk-17.0.19.10-hotspot\bin\nio.dll
0x00007ffea00b0000 - 0x00007ffea00c8000 	C:\Program Files\Eclipse Adoptium\jdk-17.0.19.10-hotspot\bin\zip.dll
0x00007ffebb320000 - 0x00007ffebb330000 	C:\Program Files\Eclipse Adoptium\jdk-17.0.19.10-hotspot\bin\verify.dll

dbghelp: loaded successfully - version: 4.0.5 - missing functions: none
symbol engine: initialized successfully - sym options: 0x614 - pdb path: .;C:\Program Files\Eclipse Adoptium\jdk-17.0.19.10-hotspot\bin;C:\WINDOWS\SYSTEM32;C:\WINDOWS\WinSxS\amd64_microsoft.windows.common-controls_6595b64144ccf1df_6.0.22621.5547_none_27104afb73855772;C:\Program Files\Eclipse Adoptium\jdk-17.0.19.10-hotspot\bin\server

VM Arguments:
java_command: org.jetbrains.kotlin.cli.jvm.K2JVMCompiler @C:\flutter\packages\flutter_tools\gradle\build\20260815_8688405670564258217.compiler.options
java_class_path (initial): C:\Users\admin\.gradle\caches\modules-2\files-2.1\org.jetbrains.kotlin\kotlin-compiler-embeddable\2.0.21\79346ed53db48b18312a472602eb5c057070c54d\kotlin-compiler-embeddable-2.0.21.jar;C:\Users\admin\.gradle\caches\modules-2\files-2.1\org.jetbrains.kotlin\kotlin-stdlib\2.0.21\618b539767b4899b4660a83006e052b63f1db551\kotlin-stdlib-2.0.21.jar;C:\Users\admin\.gradle\caches\modules-2\files-2.1\org.jetbrains.kotlin\kotlin-script-runtime\2.0.21\c9b044380ad41f89aa89aa896c2d32a8c0b2129d\kotlin-script-runtime-2.0.21.jar;C:\Users\admin\.gradle\caches\modules-2\files-2.1\org.jetbrains.kotlin\kotlin-reflect\1.6.10\1cbe9c92c12a94eea200d23c2bbaedaf3daf5132\kotlin-reflect-1.6.10.jar;C:\Users\admin\.gradle\caches\modules-2\files-2.1\org.jetbrains.kotlin\kotlin-daemon-embeddable\2.0.21\c9e933b23287de9b5a17e2116b4657bb91aea72c\kotlin-daemon-embeddable-2.0.21.jar;C:\Users\admin\.gradle\caches\modules-2\files-2.1\org.jetbrains.intellij.deps\trove4j\1.0.20200330\3afb14d5f9ceb459d724e907a21145e8ff394f02\trove4j-1.0.20200330.jar;C:\Users\admin\.gradle\caches\modules-2\files-2.1\org.jetbrains.kotlinx\kotlinx-coroutines-core-jvm\1.6.4\2c997cd1c0ef33f3e751d3831929aeff1390cb30\kotlinx-coroutines-core-jvm-1.6.4.jar;C:\Users\admin\.gradle\caches\modules-2\files-2.1\org.jetbrains\annotations\13.0\919f0dfe192fb4e063e7dacadee7f8bb9a2672a9\annotations-13.0.jar
Launcher Type: SUN_STANDARD

[Global flags]
     intx CICompilerCount                          = 4                                         {product} {ergonomic}
     uint ConcGCThreads                            = 2                                         {product} {ergonomic}
     uint G1ConcRefinementThreads                  = 8                                         {product} {ergonomic}
   size_t G1HeapRegionSize                         = 1048576                                   {product} {ergonomic}
    uintx GCDrainStackTargetSize                   = 64                                        {product} {ergonomic}
   size_t InitialHeapSize                          = 134217728                                 {product} {ergonomic}
   size_t MarkStackSize                            = 4194304                                   {product} {ergonomic}
   size_t MaxHeapSize                              = 2116026368                                {product} {ergonomic}
   size_t MaxNewSize                               = 1268776960                                {product} {ergonomic}
   size_t MinHeapDeltaBytes                        = 1048576                                   {product} {ergonomic}
   size_t MinHeapSize                              = 8388608                                   {product} {ergonomic}
    uintx NonNMethodCodeHeapSize                   = 5839372                                {pd product} {ergonomic}
    uintx NonProfiledCodeHeapSize                  = 122909434                              {pd product} {ergonomic}
    uintx ProfiledCodeHeapSize                     = 122909434                              {pd product} {ergonomic}
    uintx ReservedCodeCacheSize                    = 251658240                              {pd product} {ergonomic}
     bool SegmentedCodeCache                       = true                                      {product} {ergonomic}
   size_t SoftMaxHeapSize                          = 2116026368                             {manageable} {ergonomic}
     bool UseCompressedClassPointers               = true                           {product lp64_product} {ergonomic}
     bool UseCompressedOops                        = true                           {product lp64_product} {ergonomic}
     bool UseG1GC                                  = true                                      {product} {ergonomic}
     bool UseLargePagesIndividualAllocation        = false                                  {pd product} {ergonomic}

Logging:
Log output configuration:
 #0: stdout all=warning uptime,level,tags
 #1: stderr all=off uptime,level,tags

Environment Variables:
JAVA_HOME=C:\Program Files\Eclipse Adoptium\jdk-25.0.1.8-hotspot
PATH=C:\Program Files\Eclipse Adoptium\jdk-17.0.19.10-hotspot\bin;C:\Program Files (x86)\VMware\VMware Workstation\bin\;C:\Program Files\Python312\Scripts\;C:\Program Files\Python312\;C:\WINDOWS\system32;C:\WINDOWS;C:\WINDOWS\System32\Wbem;C:\WINDOWS\System32\WindowsPowerShell\v1.0\;C:\WINDOWS\System32\OpenSSH\;C:\Program Files (x86)\Microsoft SQL Server\160\Tools\Binn\;C:\Program Files\Microsoft SQL Server\160\Tools\Binn\;C:\Program Files\Microsoft SQL Server\Client SDK\ODBC\170\Tools\Binn\;C:\Program Files\Microsoft SQL Server\160\DTS\Binn\;C:\Program Files (x86)\Microsoft SQL Server\160\DTS\Binn\;C:\Windows\system32\python;C:\sqlite3;C:\Program Files\nodejs\;C:\MinGW\bin;C:\curl\bin;C:\curl\include;C:\MinGW;C:\MinGW\lib;C:\GnuWin32\bin;C:\OpenSSL-Win64\bin;C:\Program Files\PostgreSQL\17\bin;C:\Program Files\Eclipse Adoptium\jdk-25.0.1.8-hotspot\bin;C:\Program Files\Heroku\bin;C:\Program Files\Git\cmd;C:\Program Files (x86)\VMware\VMware Workstation\bin\;C:\Program Files\Python312\Scripts\;C:\Program Files\Python312\;C:\WINDOWS\system32;C:\WINDOWS;C:\WINDOWS\System32\Wbem;C:\WINDOWS\System32\WindowsPowerShell\v1.0\;C:\WINDOWS\System32\OpenSSH\;C:\Program Files (x86)\Microsoft SQL Server\160\Tools\Binn\;C:\Program Files\Microsoft SQL Server\160\Tools\Binn\;C:\Program Files\Microsoft SQL Server\Client SDK\ODBC\170\Tools\Binn\;C:\Program Files\Microsoft SQL Server\160\DTS\Binn\;C:\Program Files (x86)\Microsoft SQL Server\160\DTS\Binn\;C:\Windows\system32\python;C:\sqlite3;C:\Program Files\nodejs\;C:\MinGW\bin;C:\curl\bin;C:\curl\include;C:\MinGW;C:\MinGW\lib;C:\GnuWin32\bin;C:\OpenSSL-Win64\bin;C:\Program Files\PostgreSQL\17\bin;C:\Program Files\Eclipse Adoptium\jdk-25.0.1.8-hotspot\bin;C:\Program Files\Git\cmd;C:\Program Files\Docker\Docker\resources\bin;C:\Program Files\Heroku\bin;C:\Users\admin\AppData\Local\Programs\Microsoft VS Code;C:\Program Files\P;C:\flutter\bin\flutter;C:\flutter\bin;C:\Users\admin\AppData\Local\Programs\Microsoft VS Code\bin
USERNAME=admin
OS=Windows_NT
PROCESSOR_IDENTIFIER=Intel64 Family 6 Model 142 Stepping 10, GenuineIntel
TMP=C:\Users\admin\AppData\Local\Temp
TEMP=C:\Users\admin\AppData\Local\Temp



Periodic native trim disabled


---------------  S Y S T E M  ---------------

OS:
 Windows 11 , 64 bit Build 22621 (10.0.22621.5415)
OS uptime: 0 days 0:21 hours
Hyper-V role detected

CPU: total 8 (initial active 8) (4 cores per cpu, 2 threads per core) family 6 model 142 stepping 10 microcode 0xf4, cx8, cmov, fxsr, ht, mmx, 3dnowpref, sse, sse2, sse3, ssse3, sse4.1, sse4.2, popcnt, lzcnt, tsc, tscinvbit, avx, avx2, aes, erms, clmul, bmi1, bmi2, rtm, adx, fma, vzeroupper, clflush, clflushopt, hv
Processor Information for all 8 processors :
  Max Mhz: 1896, Current Mhz: 1696, Mhz Limit: 1687

Memory: 4k page, system-wide physical 8070M (492M free)
TotalPageFile size 17287M (AvailPageFile size 102M)
current process WorkingSet (physical memory assigned to process): 318M, peak: 346M
current process commit charge ("private bytes"): 358M, peak: 500M

vm_info: OpenJDK 64-Bit Server VM (17.0.19+10) for windows-amd64 JRE (17.0.19+10), built on Apr 25 2026 08:04:44 by "admin" with MS VC++ 17.12 (VS2022)

END.
