#
# There is insufficient memory for the Java Runtime Environment to continue.
# Native memory allocation (malloc) failed to allocate 1049680 bytes. Error detail: Chunk::new
# Possible reasons:
#   The system is out of physical RAM or swap space
#   This process is running with CompressedOops enabled, and the Java Heap may be blocking the growth of the native heap
# Possible solutions:
#   Reduce memory load on the system
#   Increase physical memory or swap space
#   Check if swap backing store is full
#   Decrease Java heap size (-Xmx/-Xms)
#   Decrease number of Java threads
#   Decrease Java thread stack sizes (-Xss)
#   Set larger code cache with -XX:ReservedCodeCacheSize=
#   JVM is running with Zero Based Compressed Oops mode in which the Java heap is
#     placed in the first 32GB address space. The Java Heap base address is the
#     maximum limit for the native heap growth. Please use -XX:HeapBaseMinAddress
#     to set the Java Heap base and to place the Java Heap above 32GB virtual address.
# This output file may be truncated or incomplete.
#
#  Out of Memory Error (arena.cpp:191), pid=5904, tid=6196
#
# JRE version: OpenJDK Runtime Environment Temurin-17.0.19+10 (17.0.19+10) (build 17.0.19+10)
# Java VM: OpenJDK 64-Bit Server VM Temurin-17.0.19+10 (17.0.19+10, mixed mode, sharing, tiered, compressed oops, compressed class ptrs, g1 gc, windows-amd64)
# No core dump will be written. Minidumps are not enabled by default on client versions of Windows
#

---------------  S U M M A R Y ------------

Command Line: --add-opens=java.base/java.lang=ALL-UNNAMED --add-opens=java.base/java.lang.invoke=ALL-UNNAMED --add-opens=java.base/java.util=ALL-UNNAMED --add-opens=java.prefs/java.util.prefs=ALL-UNNAMED --add-exports=jdk.compiler/com.sun.tools.javac.api=ALL-UNNAMED --add-exports=jdk.compiler/com.sun.tools.javac.util=ALL-UNNAMED --add-opens=java.base/java.util=ALL-UNNAMED --add-opens=java.prefs/java.util.prefs=ALL-UNNAMED --add-opens=java.base/java.nio.charset=ALL-UNNAMED --add-opens=java.base/java.net=ALL-UNNAMED --add-opens=java.base/java.util.concurrent=ALL-UNNAMED --add-opens=java.base/java.util.concurrent.atomic=ALL-UNNAMED --add-opens=java.xml/javax.xml.namespace=ALL-UNNAMED --add-opens=java.base/java.time=ALL-UNNAMED -XX:MaxMetaspaceSize=4G -XX:ReservedCodeCacheSize=512m -XX:+HeapDumpOnOutOfMemoryError -Xmx8G -Dfile.encoding=UTF-8 -Duser.country=FR -Duser.language=fr -Duser.variant -javaagent:C:\Users\admin\.gradle\wrapper\dists\gradle-9.1.0-all\7wzd0jkjit61aq2p43wpjgij9\gradle-9.1.0\lib\agents\gradle-instrumentation-agent-9.1.0.jar org.gradle.launcher.daemon.bootstrap.GradleDaemon 9.1.0

Host: Intel(R) Core(TM) i5-8350U CPU @ 1.70GHz, 8 cores, 7G,  Windows 11 , 64 bit Build 22621 (10.0.22621.5415)
Time: Sun Sep 20 14:04:35 2026 Paris, Madrid (heure duild 22621 (10.0.22621.5415) elapsed time: 111.457631 seconds (0d 0h 1m 51s)

---------------  T H R E A D  ---------------

Current thread (0x0000018e7a35cc60):  JavaThread "C2 CompilerThread0" daemon [_thread_in_native, id=6196, stack(0x0000004221500000,0x0000004221600000)]


Current CompileTask:
C2:111457 11541       4       java.util.zip.ZipFile$Source::initCEN (612 bytes)

Stack: [0x0000004221500000,0x0000004221600000]
Native frames: (J=compiled Java code, j=interpreted, Vv=VM code, C=native code)
V  [jvm.dll+0x684b29]
V  [jvm.dll+0x83a2d5]
V  [jvm.dll+0x83bd4e]
V  [jvm.dll+0x83c3d3]
V  [jvm.dll+0x24905f]
V  [jvm.dll+0xad536]
V  [jvm.dll+0xadbdc]
V  [jvm.dll+0x368d9e]
V  [jvm.dll+0x3331d5]
V  [jvm.dll+0x33263a]
V  [jvm.dll+0x219e69]
V  [jvm.dll+0x2192af]
V  [jvm.dll+0x1a49f0]
V  [jvm.dll+0x2299fa]
V  [jvm.dll+0x227bab]
V  [jvm.dll+0x7f0a88]
V  [jvm.dll+0x7eaf1c]
V  [jvm.dll+0x6839f7]
C  [ucrtbase.dll+0x29333]
C  [KERNEL32.DLL+0x1259d]
C  [ntdll.dll+0x5af78]


---------------  P R O C E S S  ---------------

Threads class SMR info:
_java_thread_list=0x0000018ec5b94ae0, length=131, elements={
0x0000018e3f0b0f80, 0x0000018e7a3426c0, 0x0000018e7a343540, 0x0000018e7a356f60,
0x0000018e7a357b20, 0x0000018e7a35a4f0, 0x0000018e7a35aeb0, 0x0000018e7a35cc60,
0x0000018e7a362b50, 0x0000018ec2057fd0, 0x0000018e7a32e9c0, 0x0000018ec21e0f00,
0x0000018ec22d3aa0, 0x0000018ec2fd0a60, 0x0000018ec2843c80, 0x0000018ec3357600,
0x0000018ec3cbf9f0, 0x0000018ec21baec0, 0x0000018ec21bcd20, 0x0000018ec21bbdf0,
0x0000018ec21bc300, 0x0000018ec21bd230, 0x0000018ec21ba9b0, 0x0000018ec21bb8e0,
0x0000018ec21bd740, 0x0000018ec21b9f90, 0x0000018ec5744fb0, 0x0000018ec5749180,
0x0000018ec5749690, 0x0000018ec5748c70, 0x0000018ec5743150, 0x0000018ec574a5c0,
0x0000018ec5747320, 0x0000018ec57454c0, 0x0000018ec57459d0, 0x0000018ec5746900,
0x0000018ec5746e10, 0x0000018ec5747830, 0x0000018ec5743b70, 0x0000018ec5747d40,
0x0000018ec5743660, 0x0000018ec5744080, 0x0000018ec5748250, 0x0000018ec574a0b0,
0x0000018ec40e09b0, 0x0000018ec40e2300, 0x0000018ec40df570, 0x0000018ec40dfa80,
0x0000018ec40e13d0, 0x0000018ec40e0ec0, 0x0000018ec40e18e0, 0x0000018ec40df060,
0x0000018ec40e1df0, 0x0000018ec40e04a0, 0x0000018ec40e2810, 0x0000018ec40dff90,
0x0000018ec61f6490, 0x0000018ec61f69a0, 0x0000018ec61f5a70, 0x0000018ec61f3c10,
0x0000018ec61f4b40, 0x0000018ec61f4120, 0x0000018ec61f22c0, 0x0000018ec61f6eb0,
0x0000018ec61f5560, 0x0000018ec61f18a0, 0x0000018ec61f82f0, 0x0000018ec61f78d0,
0x0000018ec61f31f0, 0x0000018ec61f5f80, 0x0000018ec61f5050, 0x0000018ec61f73c0,
0x0000018ec61f7de0, 0x0000018ec61f0e80, 0x0000018ec61f8800, 0x0000018ec61f1390,
0x0000018ec40f62d0, 0x0000018ec40f4e90, 0x0000018ec40f3030, 0x0000018ec40f11d0,
0x0000018ec40f2100, 0x0000018ec40f16e0, 0x0000018ec40f3540, 0x0000018ec40f1bf0,
0x0000018ec40f3a50, 0x0000018ec40f7200, 0x0000018ec40f2610, 0x0000018ec40f4980,
0x0000018ec40f58b0, 0x0000018ec40f7710, 0x0000018ec40f5dc0, 0x0000018ec40f3f60,
0x0000018ec40f67e0, 0x0000018ec40f6cf0, 0x0000018ec40f7c20, 0x0000018ec40f4470,
0x0000018ec40f2b20, 0x0000018ec40f8130, 0x0000018ec2d162c0, 0x0000018ec2d167d0,
0x0000018ec2d1b3c0, 0x0000018ec2d19a70, 0x0000018ec2d18630, 0x0000018ec2d18b40,
0x0000018ec2d14970, 0x0000018ec2d14e80, 0x0000018ec2d171f0, 0x0000018ec2d1b8d0,
0x0000018ec2d19f80, 0x0000018ec2d1a490, 0x0000018ec2d17700, 0x0000018ec2d17c10,
0x0000018ec2d1bde0, 0x0000018ec2d19050, 0x0000018ec2d19560, 0x0000018ec2d1aeb0,
0x0000018ec2d1c2f0, 0x0000018ec2d15390, 0x0000018ec5744aa0, 0x0000018ec5749ba0,
0x0000018ec21bb3d0, 0x0000018ec45c9880, 0x0000018ec45cb6e0, 0x0000018ec45c8e60,
0x0000018ec45c60d0, 0x0000018ec45c8950, 0x0000018ec45ccb20, 0x0000018ec45c9d90,
0x0000018ec45cc100, 0x0000018ec45cc610, 0x0000018ec45cb1d0
}

Java Threads: ( => current thread )
  0x0000018e3f0b0f80 JavaThread "main" [_thread_blocked, id=5820, stack(0x0000004220700000,0x0000004220800000)]
  0x0000018e7a3426c0 JavaThread "Reference Handler" daemon [_thread_blocked, id=13428, stack(0x0000004220f00000,0x0000004221000000)]
  0x0000018e7a343540 JavaThread "Finalizer" daemon [_thread_blocked, id=19440, stack(0x0000004221000000,0x0000004221100000)]
  0x0000018e7a356f60 JavaThread "Signal Dispatcher" daemon [_thread_blocked, id=11716, stack(0x0000004221100000,0x0000004221200000)]
  0x0000018e7a357b20 JavaThread "Attach Listener" daemon [_thread_blocked, id=11796, stack(0x0000004221200000,0x0000004221300000)]
  0x0000018e7a35a4f0 JavaThread "Service Thread" daemon [_thread_blocked, id=3324, stack(0x0000004221300000,0x0000004221400000)]
  0x0000018e7a35aeb0 JavaThread "Monitor Deflation Thread" daemon [_thread_blocked, id=15948, stack(0x0000004221400000,0x0000004221500000)]
=>0x0000018e7a35cc60 JavaThread "C2 CompilerThread0" daemon [_thread_in_native, id=6196, stack(0x0000004221500000,0x0000004221600000)]
  0x0000018e7a362b50 JavaThread "C1 CompilerThread0" daemon [_thread_blocked, id=10036, stack(0x0000004221600000,0x0000004221700000)]
  0x0000018ec2057fd0 JavaThread "Sweeper thread" daemon [_thread_blocked, id=19276, stack(0x0000004221700000,0x0000004221800000)]
  0x0000018e7a32e9c0 JavaThread "Common-Cleaner" daemon [_thread_blocked, id=4756, stack(0x0000004221800000,0x0000004221900000)]
  0x0000018ec21e0f00 JavaThread "Notification Thread" daemon [_thread_blocked, id=18392, stack(0x0000004221900000,0x0000004221a00000)]
  0x0000018ec22d3aa0 JavaThread "Daemon health stats" [_thread_blocked, id=16400, stack(0x0000004221f00000,0x0000004222000000)]
  0x0000018ec2fd0a60 JavaThread "Incoming local TCP Connector on port 56447" [_thread_in_native, id=16140, stack(0x0000004222000000,0x0000004222100000)]
  0x0000018ec2843c80 JavaThread "Daemon periodic checks" [_thread_blocked, id=19384, stack(0x0000004222100000,0x0000004222200000)]
  0x0000018ec3357600 JavaThread "Daemon" [_thread_blocked, id=14076, stack(0x0000004222300000,0x0000004222400000)]
  0x0000018ec3cbf9f0 JavaThread "Handler for socket connection from /127.0.0.1:56447 to /127.0.0.1:56448" [_thread_in_native, id=14028, stack(0x0000004222400000,0x0000004222500000)]
  0x0000018ec21baec0 JavaThread "Cancel handler" [_thread_blocked, id=11024, stack(0x0000004222200000,0x0000004222300000)]
  0x0000018ec21bcd20 JavaThread "Daemon worker" [_thread_in_native, id=16264, stack(0x0000004222500000,0x0000004222600000)]
  0x0000018ec21bbdf0 JavaThread "Asynchronous log dispatcher for DefaultDaemonConnection: socket connection from /127.0.0.1:56447 to /127.0.0.1:56448" [_thread_blocked, id=19324, stack(0x0000004222600000,0x0000004222700000)]
  0x0000018ec21bc300 JavaThread "Stdin handler" [_thread_blocked, id=9532, stack(0x0000004222700000,0x0000004222800000)]
  0x0000018ec21bd230 JavaThread "Daemon client event forwarder" [_thread_blocked, id=12052, stack(0x0000004222800000,0x0000004222900000)]
  0x0000018ec21ba9b0 JavaThread "Cache worker for journal cache (C:\Users\admin\.gradle\caches\journal-1)" [_thread_blocked, id=3940, stack(0x0000004222900000,0x0000004222a00000)]
  0x0000018ec21bb8e0 JavaThread "File lock request listener" [_thread_in_native, id=13108, stack(0x0000004222a00000,0x0000004222b00000)]
  0x0000018ec21bd740 JavaThread "Cache worker for file hash cache (C:\Users\admin\.gradle\caches\9.1.0\fileHashes)" [_thread_blocked, id=19216, stack(0x0000004222b00000,0x0000004222c00000)]
  0x0000018ec21b9f90 JavaThread "File lock release action executor" [_thread_blocked, id=18808, stack(0x0000004222c00000,0x0000004222d00000)]
  0x0000018ec5744fb0 JavaThread "Cache worker for file hash cache (C:\Users\admin\Downloads\livreurs-pro\flutter\foodmood_app\android\.gradle\9.1.0\fileHashes)" [_thread_blocked, id=8688, stack(0x0000004223200000,0x0000004223300000)]
  0x0000018ec5749180 JavaThread "Cache worker for Build Output Cleanup Cache (C:\Users\admin\Downloads\livreurs-pro\flutter\foodmood_app\android\.gradle\buildOutputCleanup)" [_thread_blocked, id=6696, stack(0x0000004223300000,0x0000004223400000)]
  0x0000018ec5749690 JavaThread "File watcher server" daemon [_thread_in_native, id=8760, stack(0x0000004223400000,0x0000004223500000)]
  0x0000018ec5748c70 JavaThread "File watcher consumer" daemon [_thread_blocked, id=2272, stack(0x0000004223500000,0x0000004223600000)]
  0x0000018ec5743150 JavaThread "jar transforms" [_thread_blocked, id=8048, stack(0x0000004223100000,0x0000004223200000)]
  0x0000018ec574a5c0 JavaThread "jar transforms Thread 2" [_thread_blocked, id=18636, stack(0x0000004223600000,0x0000004223700000)]
  0x0000018ec5747320 JavaThread "jar transforms Thread 3" [_thread_blocked, id=18648, stack(0x0000004223700000,0x0000004223800000)]
  0x0000018ec57454c0 JavaThread "Cache worker for checksums cache (C:\Users\admin\Downloads\livreurs-pro\flutter\foodmood_app\android\.gradle\9.1.0\checksums)" [_thread_blocked, id=7180, stack(0x0000004223800000,0x0000004223900000)]
  0x0000018ec57459d0 JavaThread "Cache worker for file content cache (C:\Users\admin\.gradle\caches\9.1.0\fileContent)" [_thread_blocked, id=19148, stack(0x0000004223900000,0x0000004223a00000)]
  0x0000018ec5746900 JavaThread "Cache worker for cache directory md-supplier (C:\Users\admin\.gradle\caches\9.1.0\md-supplier)" [_thread_blocked, id=7400, stack(0x0000004223b00000,0x0000004223c00000)]
  0x0000018ec5746e10 JavaThread "Cache worker for cache directory md-rule (C:\Users\admin\.gradle\caches\9.1.0\md-rule)" [_thread_blocked, id=10496, stack(0x0000004223c00000,0x0000004223d00000)]
  0x0000018ec5747830 JavaThread "jar transforms Thread 4" [_thread_blocked, id=18452, stack(0x0000004223f00000,0x0000004224000000)]
  0x0000018ec5743b70 JavaThread "jar transforms Thread 5" [_thread_blocked, id=18996, stack(0x0000004224000000,0x0000004224100000)]
  0x0000018ec5747d40 JavaThread "jar transforms Thread 6" [_thread_blocked, id=17008, stack(0x0000004223a00000,0x0000004223b00000)]
  0x0000018ec5743660 JavaThread "jar transforms Thread 7" [_thread_blocked, id=12128, stack(0x0000004224100000,0x0000004224200000)]
  0x0000018ec5744080 JavaThread "jar transforms Thread 8" [_thread_blocked, id=12628, stack(0x0000004224200000,0x0000004224300000)]
  0x0000018ec5748250 JavaThread "Cache worker for Build Output Cleanup Cache (C:\flutter\packages\flutter_tools\gradle\.gradle\buildOutputCleanup)" [_thread_blocked, id=11468, stack(0x0000004224400000,0x0000004224500000)]
  0x0000018ec574a0b0 JavaThread "Unconstrained build operations" [_thread_blocked, id=12532, stack(0x0000004224700000,0x0000004224800000)]
  0x0000018ec40e09b0 JavaThread "Unconstrained build operations Thread 2" [_thread_blocked, id=18560, stack(0x0000004224800000,0x0000004224900000)]
  0x0000018ec40e2300 JavaThread "Unconstrained build operations Thread 3" [_thread_blocked, id=2624, stack(0x0000004224900000,0x0000004224a00000)]
  0x0000018ec40df570 JavaThread "Unconstrained build operations Thread 4" [_thread_blocked, id=5992, stack(0x0000004224a00000,0x0000004224b00000)]
  0x0000018ec40dfa80 JavaThread "Unconstrained build operations Thread 5" [_thread_blocked, id=6904, stack(0x0000004224b00000,0x0000004224c00000)]
  0x0000018ec40e13d0 JavaThread "Unconstrained build operations Thread 6" [_thread_blocked, id=13648, stack(0x0000004224c00000,0x0000004224d00000)]
  0x0000018ec40e0ec0 JavaThread "Unconstrained build operations Thread 7" [_thread_blocked, id=17964, stack(0x0000004224d00000,0x0000004224e00000)]
  0x0000018ec40e18e0 JavaThread "Unconstrained build operations Thread 8" [_thread_blocked, id=18664, stack(0x0000004224e00000,0x0000004224f00000)]
  0x0000018ec40df060 JavaThread "Unconstrained build operations Thread 9" [_thread_blocked, id=18660, stack(0x0000004224f00000,0x0000004225000000)]
  0x0000018ec40e1df0 JavaThread "Unconstrained build operations Thread 10" [_thread_blocked, id=19200, stack(0x0000004225000000,0x0000004225100000)]
  0x0000018ec40e04a0 JavaThread "Unconstrained build operations Thread 11" [_thread_blocked, id=5852, stack(0x0000004225100000,0x0000004225200000)]
  0x0000018ec40e2810 JavaThread "Unconstrained build operations Thread 12" [_thread_blocked, id=3216, stack(0x0000004225200000,0x0000004225300000)]
  0x0000018ec40dff90 JavaThread "Unconstrained build operations Thread 13" [_thread_blocked, id=18968, stack(0x0000004225300000,0x0000004225400000)]
  0x0000018ec61f6490 JavaThread "Unconstrained build operations Thread 14" [_thread_blocked, id=4428, stack(0x0000004225400000,0x0000004225500000)]
  0x0000018ec61f69a0 JavaThread "Unconstrained build operations Thread 15" [_thread_blocked, id=18812, stack(0x0000004224600000,0x0000004224700000)]
  0x0000018ec61f5a70 JavaThread "Unconstrained build operations Thread 16" [_thread_blocked, id=11336, stack(0x0000004225500000,0x0000004225600000)]
  0x0000018ec61f3c10 JavaThread "Unconstrained build operations Thread 17" [_thread_blocked, id=18980, stack(0x0000004225600000,0x0000004225700000)]
  0x0000018ec61f4b40 JavaThread "Unconstrained build operations Thread 18" [_thread_blocked, id=7792, stack(0x0000004225700000,0x0000004225800000)]
  0x0000018ec61f4120 JavaThread "Unconstrained build operations Thread 19" [_thread_blocked, id=12060, stack(0x0000004225800000,0x0000004225900000)]
  0x0000018ec61f22c0 JavaThread "Unconstrained build operations Thread 20" [_thread_blocked, id=4524, stack(0x0000004225900000,0x0000004225a00000)]
  0x0000018ec61f6eb0 JavaThread "Unconstrained build operations Thread 21" [_thread_blocked, id=9336, stack(0x0000004225a00000,0x0000004225b00000)]
  0x0000018ec61f5560 JavaThread "Memory manager" [_thread_blocked, id=18036, stack(0x0000004225b00000,0x0000004225c00000)]
  0x0000018ec61f18a0 JavaThread "build event listener" [_thread_blocked, id=18204, stack(0x0000004225c00000,0x0000004225d00000)]
  0x0000018ec61f82f0 JavaThread "included builds" [_thread_blocked, id=19388, stack(0x0000004220600000,0x0000004220700000)]
  0x0000018ec61f78d0 JavaThread "Execution worker" [_thread_blocked, id=7984, stack(0x0000004220800000,0x0000004220900000)]
  0x0000018ec61f31f0 JavaThread "Execution worker Thread 2" [_thread_blocked, id=7384, stack(0x0000004225d00000,0x0000004225e00000)]
  0x0000018ec61f5f80 JavaThread "Execution worker Thread 3" [_thread_blocked, id=18912, stack(0x0000004225e00000,0x0000004225f00000)]
  0x0000018ec61f5050 JavaThread "Execution worker Thread 4" [_thread_blocked, id=18732, stack(0x0000004225f00000,0x0000004226000000)]
  0x0000018ec61f73c0 JavaThread "Execution worker Thread 5" [_thread_blocked, id=13992, stack(0x0000004226000000,0x0000004226100000)]
  0x0000018ec61f7de0 JavaThread "Execution worker Thread 6" [_thread_blocked, id=19172, stack(0x0000004226100000,0x0000004226200000)]
  0x0000018ec61f0e80 JavaThread "Execution worker Thread 7" [_thread_blocked, id=15240, stack(0x0000004226200000,0x0000004226300000)]
  0x0000018ec61f8800 JavaThread "Cache worker for execution history cache (C:\flutter\packages\flutter_tools\gradle\.gradle\9.1.0\executionHistory)" [_thread_blocked, id=19188, stack(0x0000004226300000,0x0000004226400000)]
  0x0000018ec61f1390 JavaThread "Unconstrained build operations Thread 22" [_thread_blocked, id=16388, stack(0x0000004226400000,0x0000004226500000)]
  0x0000018ec40f62d0 JavaThread "Unconstrained build operations Thread 23" [_thread_blocked, id=5160, stack(0x0000004226500000,0x0000004226600000)]
  0x0000018ec40f4e90 JavaThread "Unconstrained build operations Thread 24" [_thread_blocked, id=19152, stack(0x0000004226600000,0x0000004226700000)]
  0x0000018ec40f3030 JavaThread "Unconstrained build operations Thread 25" [_thread_blocked, id=11472, stack(0x0000004226700000,0x0000004226800000)]
  0x0000018ec40f11d0 JavaThread "Unconstrained build operations Thread 26" [_thread_blocked, id=1336, stack(0x0000004226800000,0x0000004226900000)]
  0x0000018ec40f2100 JavaThread "Unconstrained build operations Thread 27" [_thread_blocked, id=6236, stack(0x0000004226900000,0x0000004226a00000)]
  0x0000018ec40f16e0 JavaThread "Unconstrained build operations Thread 28" [_thread_blocked, id=18228, stack(0x0000004226a00000,0x0000004226b00000)]
  0x0000018ec40f3540 JavaThread "Unconstrained build operations Thread 29" [_thread_blocked, id=2896, stack(0x0000004226b00000,0x0000004226c00000)]
  0x0000018ec40f1bf0 JavaThread "Unconstrained build operations Thread 30" [_thread_blocked, id=5512, stack(0x0000004226c00000,0x0000004226d00000)]
  0x0000018ec40f3a50 JavaThread "Unconstrained build operations Thread 31" [_thread_blocked, id=19024, stack(0x0000004226d00000,0x0000004226e00000)]
  0x0000018ec40f7200 JavaThread "Unconstrained build operations Thread 32" [_thread_blocked, id=4016, stack(0x0000004226e00000,0x0000004226f00000)]
  0x0000018ec40f2610 JavaThread "Unconstrained build operations Thread 33" [_thread_blocked, id=5260, stack(0x0000004226f00000,0x0000004227000000)]
  0x0000018ec40f4980 JavaThread "Unconstrained build operations Thread 34" [_thread_blocked, id=18892, stack(0x0000004227000000,0x0000004227100000)]
  0x0000018ec40f58b0 JavaThread "Unconstrained build operations Thread 35" [_thread_blocked, id=8588, stack(0x0000004227100000,0x0000004227200000)]
  0x0000018ec40f7710 JavaThread "Unconstrained build operations Thread 36" [_thread_blocked, id=7664, stack(0x0000004227200000,0x0000004227300000)]
  0x0000018ec40f5dc0 JavaThread "Unconstrained build operations Thread 37" [_thread_blocked, id=6844, stack(0x0000004227300000,0x0000004227400000)]
  0x0000018ec40f3f60 JavaThread "Unconstrained build operations Thread 38" [_thread_blocked, id=4160, stack(0x0000004227400000,0x0000004227500000)]
  0x0000018ec40f67e0 JavaThread "Unconstrained build operations Thread 39" [_thread_blocked, id=8516, stack(0x0000004227500000,0x0000004227600000)]
  0x0000018ec40f6cf0 JavaThread "Unconstrained build operations Thread 40" [_thread_blocked, id=18064, stack(0x0000004227600000,0x0000004227700000)]
  0x0000018ec40f7c20 JavaThread "Unconstrained build operations Thread 41" [_thread_blocked, id=12636, stack(0x0000004227700000,0x0000004227800000)]
  0x0000018ec40f4470 JavaThread "Unconstrained build operations Thread 42" [_thread_blocked, id=18976, stack(0x0000004227800000,0x0000004227900000)]
  0x0000018ec40f2b20 JavaThread "Unconstrained build operations Thread 43" [_thread_blocked, id=2480, stack(0x0000004227900000,0x0000004227a00000)]
  0x0000018ec40f8130 JavaThread "Unconstrained build operations Thread 44" [_thread_blocked, id=19160, stack(0x0000004227a00000,0x0000004227b00000)]
  0x0000018ec2d162c0 JavaThread "WorkerExecutor Queue" [_thread_blocked, id=19068, stack(0x0000004227b00000,0x0000004227c00000)]
  0x0000018ec2d167d0 JavaThread "RMI Scheduler(0)" daemon [_thread_blocked, id=9524, stack(0x0000004227c00000,0x0000004227d00000)]
  0x0000018ec2d1b3c0 JavaThread "RMI GC Daemon" daemon [_thread_blocked, id=4128, stack(0x0000004227e00000,0x0000004227f00000)]
  0x0000018ec2d19a70 JavaThread "RMI TCP Accept-0" daemon [_thread_in_native, id=16984, stack(0x0000004227f00000,0x0000004228000000)]
  0x0000018ec2d18630 JavaThread "RMI Reaper" [_thread_blocked, id=10560, stack(0x0000004228000000,0x0000004228100000)]
  0x0000018ec2d18b40 JavaThread "RMI TCP Connection(2)-127.0.0.1" daemon [_thread_in_native, id=8548, stack(0x0000004228100000,0x0000004228200000)]
  0x0000018ec2d14970 JavaThread "File lock release action executor Thread 2" [_thread_blocked, id=19292, stack(0x0000004228200000,0x0000004228300000)]
  0x0000018ec2d14e80 JavaThread "File lock release action executor Thread 3" [_thread_blocked, id=12604, stack(0x0000004228300000,0x0000004228400000)]
  0x0000018ec2d171f0 JavaThread "File lock release action executor Thread 4" [_thread_blocked, id=17988, stack(0x0000004228400000,0x0000004228500000)]
  0x0000018ec2d1b8d0 JavaThread "File lock release action executor Thread 5" [_thread_blocked, id=19288, stack(0x0000004228500000,0x0000004228600000)]
  0x0000018ec2d19f80 JavaThread "File lock release action executor Thread 6" [_thread_blocked, id=13612, stack(0x0000004228600000,0x0000004228700000)]
  0x0000018ec2d1a490 JavaThread "File lock release action executor Thread 7" [_thread_blocked, id=19360, stack(0x0000004228700000,0x0000004228800000)]
  0x0000018ec2d17700 JavaThread "Unconstrained build operations Thread 45" [_thread_blocked, id=18460, stack(0x0000004227d00000,0x0000004227e00000)]
  0x0000018ec2d17c10 JavaThread "Unconstrained build operations Thread 46" [_thread_blocked, id=17704, stack(0x0000004228800000,0x0000004228900000)]
  0x0000018ec2d1bde0 JavaThread "Unconstrained build operations Thread 47" [_thread_blocked, id=15564, stack(0x0000004228900000,0x0000004228a00000)]
  0x0000018ec2d19050 JavaThread "Unconstrained build operations Thread 48" [_thread_blocked, id=3984, stack(0x0000004228a00000,0x0000004228b00000)]
  0x0000018ec2d19560 JavaThread "Unconstrained build operations Thread 49" [_thread_blocked, id=19400, stack(0x0000004228b00000,0x0000004228c00000)]
  0x0000018ec2d1aeb0 JavaThread "Unconstrained build operations Thread 50" [_thread_blocked, id=12940, stack(0x0000004228c00000,0x0000004228d00000)]
  0x0000018ec2d1c2f0 JavaThread "Unconstrained build operations Thread 51" [_thread_blocked, id=11484, stack(0x0000004228d00000,0x0000004228e00000)]
  0x0000018ec2d15390 JavaThread "Unconstrained build operations Thread 52" [_thread_blocked, id=7140, stack(0x0000004228e00000,0x0000004228f00000)]
  0x0000018ec5744aa0 JavaThread "Unconstrained build operations Thread 53" [_thread_blocked, id=14760, stack(0x0000004228f00000,0x0000004229000000)]
  0x0000018ec5749ba0 JavaThread "Unconstrained build operations Thread 54" [_thread_blocked, id=16356, stack(0x0000004229000000,0x0000004229100000)]
  0x0000018ec21bb3d0 JavaThread "Unconstrained build operations Thread 55" [_thread_blocked, id=18440, stack(0x0000004229100000,0x0000004229200000)]
  0x0000018ec45c9880 JavaThread "Unconstrained build operations Thread 56" [_thread_blocked, id=5008, stack(0x0000004229200000,0x0000004229300000)]
  0x0000018ec45cb6e0 JavaThread "Unconstrained build operations Thread 57" [_thread_blocked, id=18264, stack(0x0000004229300000,0x0000004229400000)]
  0x0000018ec45c8e60 JavaThread "Unconstrained build operations Thread 58" [_thread_blocked, id=2892, stack(0x0000004229400000,0x0000004229500000)]
  0x0000018ec45c60d0 JavaThread "Unconstrained build operations Thread 59" [_thread_blocked, id=9868, stack(0x0000004229500000,0x0000004229600000)]
  0x0000018ec45c8950 JavaThread "Unconstrained build operations Thread 60" [_thread_blocked, id=8816, stack(0x0000004229600000,0x0000004229700000)]
  0x0000018ec45ccb20 JavaThread "Unconstrained build operations Thread 61" [_thread_blocked, id=2976, stack(0x0000004229700000,0x0000004229800000)]
  0x0000018ec45c9d90 JavaThread "Unconstrained build operations Thread 62" [_thread_blocked, id=19320, stack(0x0000004229800000,0x0000004229900000)]
  0x0000018ec45cc100 JavaThread "Unconstrained build operations Thread 63" [_thread_blocked, id=10504, stack(0x0000004229900000,0x0000004229a00000)]
  0x0000018ec45cc610 JavaThread "Unconstrained build operations Thread 64" [_thread_blocked, id=6644, stack(0x0000004229a00000,0x0000004229b00000)]
  0x0000018ec45cb1d0 JavaThread "Unconstrained build operations Thread 65" [_thread_blocked, id=19300, stack(0x0000004229b00000,0x0000004229c00000)]

Other Threads:
  0x0000018e7a33ccd0 VMThread "VM Thread" [stack: 0x0000004220e00000,0x0000004220f00000] [id=3876]
  0x0000018e3f0b1e00 WatcherThread [stack: 0x0000004221a00000,0x0000004221b00000] [id=15604]
  0x0000018e3f15ea30 GCTaskThread "GC Thread#0" [stack: 0x0000004220900000,0x0000004220a00000] [id=9792]
  0x0000018ec241f110 GCTaskThread "GC Thread#1" [stack: 0x0000004221c00000,0x0000004221d00000] [id=19280]
  0x0000018ec241f3d0 GCTaskThread "GC Thread#2" [stack: 0x0000004221d00000,0x0000004221e00000] [id=9148]
  0x0000018ec2b05bc0 GCTaskThread "GC Thread#3" [stack: 0x0000004221b00000,0x0000004221c00000] [id=16512]
  0x0000018ec32ac040 GCTaskThread "GC Thread#4" [stack: 0x0000004221e00000,0x0000004221f00000] [id=10848]
  0x0000018ec4ac2be0 GCTaskThread "GC Thread#5" [stack: 0x0000004222d00000,0x0000004222e00000] [id=8672]
  0x0000018ec511e010 GCTaskThread "GC Thread#6" [stack: 0x0000004222e00000,0x0000004222f00000] [id=10076]
  0x0000018ec5333450 GCTaskThread "GC Thread#7" [stack: 0x0000004222f00000,0x0000004223000000] [id=10160]
  0x0000018e7a190b20 ConcurrentGCThread "G1 Main Marker" [stack: 0x0000004220a00000,0x0000004220b00000] [id=8508]
  0x0000018e7a191450 ConcurrentGCThread "G1 Conc#0" [stack: 0x0000004220b00000,0x0000004220c00000] [id=8704]
  0x0000018ec31fd4d0 ConcurrentGCThread "G1 Conc#1" [stack: 0x0000004223000000,0x0000004223100000] [id=15396]
  0x0000018e7a1f9000 ConcurrentGCThread "G1 Refine#0" [stack: 0x0000004220c00000,0x0000004220d00000] [id=7560]
  0x0000018ec47747e0 ConcurrentGCThread "G1 Refine#1" [stack: 0x0000004223d00000,0x0000004223e00000] [id=11540]
  0x0000018ec4774ad0 ConcurrentGCThread "G1 Refine#2" [stack: 0x0000004223e00000,0x0000004223f00000] [id=6164]
  0x0000018e7a1f9a30 ConcurrentGCThread "G1 Service" [stack: 0x0000004220d00000,0x0000004220e00000] [id=17100]

Threads with active compile tasks:
C2 CompilerThread0  111509 11541       4       java.util.zip.ZipFile$Source::initCEN (612 bytes)

VM state: not at safepoint (normal execution)

VM Mutex/Monitor currently owned by a thread: None

Heap address: 0x0000000600000000, size: 8192 MB, Compressed Oops mode: Zero based, Oop shift amount: 3

CDS archive(s) mapped at: [0x0000018e7d000000-0x0000018e7dbb0000-0x0000018e7dbb0000), size 12255232, SharedBaseAddress: 0x0000018e7d000000, ArchiveRelocationMode: 1.
Compressed class space mapped at: 0x0000018e7e000000-0x0000018ebe000000, reserved size: 1073741824
Narrow klass base: 0x0000018e7d000000, Narrow klass shift: 0, Narrow klass range: 0x100000000

GC Precious Log:
 CPUs: 8 total, 8 available
 Memory: 8070M
 Large Page Support: Disabled
 NUMA Support: Disabled
 Compressed Oops: Enabled (Zero based)
 Heap Region Size: 4M
 Heap Min Capacity: 8M
 Heap Initial Capacity: 128M
 Heap Max Capacity: 8G
 Pre-touch: Disabled
 Parallel Workers: 8
 Concurrent Workers: 2
 Concurrent Refinement Workers: 8
 Periodic GC: Disabled

Heap:
 garbage-first heap   total 159744K, used 106370K [0x0000000600000000, 0x0000000800000000)
  region size 4096K, 10 young (40960K), 2 survivors (8192K)
 Metaspace       used 75822K, committed 76928K, reserved 1179648K
  class space    used 10795K, committed 11328K, reserved 1048576K

Heap Regions: E=young(eden), S=young(survivor), O=old, HS=humongous(starts), HC=humongous(continues), CS=collection set, F=free, OA=open archive, CA=closed archive, TAMS=top-at-mark-start (previous, next)
|   0|0x0000000600000000, 0x0000000600400000, 0x0000000600400000|100%|HS|  |TAMS 0x0000000600400000, 0x0000000600000000| Complete 
|   1|0x0000000600400000, 0x0000000600800000, 0x0000000600800000|100%| O|  |TAMS 0x0000000600800000, 0x0000000600400000| Untracked 
|   2|0x0000000600800000, 0x0000000600c00000, 0x0000000600c00000|100%| O|  |TAMS 0x0000000600c00000, 0x0000000600800000| Untracked 
|   3|0x0000000600c00000, 0x0000000600f8a000, 0x0000000601000000| 88%| O|  |TAMS 0x0000000600f8a000, 0x0000000600c00000| Untracked 
|   4|0x0000000601000000, 0x0000000601400000, 0x0000000601400000|100%| O|  |TAMS 0x0000000601400000, 0x0000000601000000| Untracked 
|   5|0x0000000601400000, 0x0000000601800000, 0x0000000601800000|100%| O|  |TAMS 0x0000000601800000, 0x0000000601400000| Untracked 
|   6|0x0000000601800000, 0x0000000601c00000, 0x0000000601c00000|100%| O|  |TAMS 0x0000000601c00000, 0x0000000601800000| Untracked 
|   7|0x0000000601c00000, 0x0000000602000000, 0x0000000602000000|100%| O|  |TAMS 0x0000000602000000, 0x0000000601c00000| Untracked 
|   8|0x0000000602000000, 0x0000000602400000, 0x0000000602400000|100%| O|  |TAMS 0x0000000602400000, 0x0000000602000000| Untracked 
|   9|0x0000000602400000, 0x0000000602800000, 0x0000000602800000|100%| O|  |TAMS 0x0000000602800000, 0x0000000602400000| Untracked 
|  10|0x0000000602800000, 0x0000000602c00000, 0x0000000602c00000|100%| O|  |TAMS 0x0000000602c00000, 0x0000000602800000| Untracked 
|  11|0x0000000602c00000, 0x0000000603000000, 0x0000000603000000|100%| O|  |TAMS 0x0000000603000000, 0x0000000602c00000| Untracked 
|  12|0x0000000603000000, 0x0000000603400000, 0x0000000603400000|100%| O|  |TAMS 0x0000000603400000, 0x0000000603000000| Untracked 
|  13|0x0000000603400000, 0x0000000603800000, 0x0000000603800000|100%| O|  |TAMS 0x0000000603800000, 0x0000000603400000| Untracked 
|  14|0x0000000603800000, 0x0000000603c00000, 0x0000000603c00000|100%| O|  |TAMS 0x0000000603c00000, 0x0000000603800000| Untracked 
|  15|0x0000000603c00000, 0x0000000604000000, 0x0000000604000000|100%| O|  |TAMS 0x0000000604000000, 0x0000000603c00000| Untracked 
|  16|0x0000000604000000, 0x0000000604400000, 0x0000000604400000|100%| O|  |TAMS 0x0000000604400000, 0x0000000604000000| Untracked 
|  17|0x0000000604400000, 0x0000000604800000, 0x0000000604800000|100%| O|  |TAMS 0x0000000604800000, 0x0000000604400000| Untracked 
|  18|0x0000000604800000, 0x0000000604bb5200, 0x0000000604c00000| 92%| O|  |TAMS 0x0000000604a72000, 0x0000000604800000| Untracked 
|  19|0x0000000604c00000, 0x0000000604c00000, 0x0000000605000000|  0%| F|  |TAMS 0x0000000604c00000, 0x0000000604c00000| Untracked 
|  20|0x0000000605000000, 0x0000000605000000, 0x0000000605400000|  0%| F|  |TAMS 0x0000000605000000, 0x0000000605000000| Untracked 
|  21|0x0000000605400000, 0x0000000605400000, 0x0000000605800000|  0%| F|  |TAMS 0x0000000605400000, 0x0000000605400000| Untracked 
|  22|0x0000000605800000, 0x0000000605800000, 0x0000000605c00000|  0%| F|  |TAMS 0x0000000605800000, 0x0000000605800000| Untracked 
|  23|0x0000000605c00000, 0x0000000605c00000, 0x0000000606000000|  0%| F|  |TAMS 0x0000000605c00000, 0x0000000605c00000| Untracked 
|  24|0x0000000606000000, 0x0000000606000000, 0x0000000606400000|  0%| F|  |TAMS 0x0000000606000000, 0x0000000606000000| Untracked 
|  25|0x0000000606400000, 0x0000000606400000, 0x0000000606800000|  0%| F|  |TAMS 0x0000000606400000, 0x0000000606400000| Untracked 
|  26|0x0000000606800000, 0x0000000606800000, 0x0000000606c00000|  0%| F|  |TAMS 0x0000000606800000, 0x0000000606800000| Untracked 
|  27|0x0000000606c00000, 0x0000000606c00000, 0x0000000607000000|  0%| F|  |TAMS 0x0000000606c00000, 0x0000000606c00000| Untracked 
|  28|0x0000000607000000, 0x0000000607000000, 0x0000000607400000|  0%| F|  |TAMS 0x0000000607000000, 0x0000000607000000| Untracked 
|  29|0x0000000607400000, 0x00000006074a1818, 0x0000000607800000| 15%| S|CS|TAMS 0x0000000607400000, 0x0000000607400000| Complete 
|  30|0x0000000607800000, 0x0000000607c00000, 0x0000000607c00000|100%| S|CS|TAMS 0x0000000607800000, 0x0000000607800000| Complete 
|  31|0x0000000607c00000, 0x0000000607ddbcd0, 0x0000000608000000| 46%| E|  |TAMS 0x0000000607c00000, 0x0000000607c00000| Complete 
|  32|0x0000000608000000, 0x0000000608400000, 0x0000000608400000|100%| E|  |TAMS 0x0000000608000000, 0x0000000608000000| Complete 
|  33|0x0000000608400000, 0x0000000608800000, 0x0000000608800000|100%| E|CS|TAMS 0x0000000608400000, 0x0000000608400000| Complete 
|  34|0x0000000608800000, 0x0000000608c00000, 0x0000000608c00000|100%| E|CS|TAMS 0x0000000608800000, 0x0000000608800000| Complete 
|  35|0x0000000608c00000, 0x0000000609000000, 0x0000000609000000|100%| E|CS|TAMS 0x0000000608c00000, 0x0000000608c00000| Complete 
|  36|0x0000000609000000, 0x0000000609400000, 0x0000000609400000|100%| E|CS|TAMS 0x0000000609000000, 0x0000000609000000| Complete 
|  37|0x0000000609400000, 0x0000000609800000, 0x0000000609800000|100%| E|CS|TAMS 0x0000000609400000, 0x0000000609400000| Complete 
|  38|0x0000000609800000, 0x0000000609c00000, 0x0000000609c00000|100%| E|CS|TAMS 0x0000000609800000, 0x0000000609800000| Complete 

Card table byte_map: [0x0000018e68180000,0x0000018e69180000] _byte_map_base: 0x0000018e65180000

Marking Bits (Prev, Next): (CMBitMap*) 0x0000018e7a180230, (CMBitMap*) 0x0000018e7a1801f0
 Prev Bits: [0x0000018e72180000, 0x0000018e7a180000)
 Next Bits: [0x0000018e6a180000, 0x0000018e72180000)

Polling page: 0x0000018e3d070000

Metaspace:

Usage:
  Non-class:     63.50 MB used.
      Class:     10.54 MB used.
       Both:     74.05 MB used.

Virtual space:
  Non-class space:      128.00 MB reserved,      64.06 MB ( 50%) committed,  2 nodes.
      Class space:        1.00 GB reserved,      11.06 MB (  1%) committed,  1 nodes.
             Both:        1.12 GB reserved,      75.12 MB (  7%) committed. 

Chunk freelists:
   Non-Class:  15.34 MB
       Class:  4.92 MB
        Both:  20.26 MB

MaxMetaspaceSize: 4.00 GB
CompressedClassSpaceSize: 1.00 GB
Initial GC threshold: 21.00 MB
Current GC threshold: 124.62 MB
CDS: on
MetaspaceReclaimPolicy: balanced
 - commit_granule_bytes: 65536.
 - commit_granule_words: 8192.
 - virtual_space_node_default_size: 8388608.
 - enlarge_chunks_in_place: 1.
 - new_chunks_are_fully_committed: 0.
 - uncommit_free_chunks: 1.
 - use_allocation_guard: 0.
 - handle_deallocations: 1.


Internal statistics:

num_allocs_failed_limit: 6.
num_arena_births: 1584.
num_arena_deaths: 0.
num_vsnodes_births: 3.
num_vsnodes_deaths: 0.
num_space_committed: 1202.
num_space_uncommitted: 0.
num_chunks_returned_to_freelist: 6.
num_chunks_taken_from_freelist: 5078.
num_chunk_merges: 6.
num_chunk_splits: 3156.
num_chunks_enlarged: 1864.
num_inconsistent_stats: 0.

CodeHeap 'non-profiled nmethods': size=259264Kb used=5819Kb max_used=5819Kb free=253445Kb
 bounds [0x0000018e56f00000, 0x0000018e574b0000, 0x0000018e66c30000]
CodeHeap 'profiled nmethods': size=259264Kb used=19772Kb max_used=19772Kb free=239491Kb
 bounds [0x0000018e46c30000, 0x0000018e47f90000, 0x0000018e56960000]
CodeHeap 'non-nmethods': size=5760Kb used=1726Kb max_used=1797Kb free=4033Kb
 bounds [0x0000018e56960000, 0x0000018e56bd0000, 0x0000018e56f00000]
 total_blobs=10838 nmethods=10011 adapters=739
 compilation: enabled
              stopped_count=0, restarted_count=0
 full_count=0

Compilation events (20 events):
Event: 111.157 Thread 0x0000018e7a362b50 11537       3       jdk.internal.loader.URLClassPath$JarLoader::getJarFile (102 bytes)
Event: 111.158 Thread 0x0000018e7a362b50 nmethod 11537 0x0000018e47f7dc10 code [0x0000018e47f7dee0, 0x0000018e47f7ec48]
Event: 111.158 Thread 0x0000018e7a362b50 11538       3       jdk.internal.loader.URLClassPath$JarLoader::isOptimizable (10 bytes)
Event: 111.158 Thread 0x0000018e7a362b50 nmethod 11538 0x0000018e47f7f110 code [0x0000018e47f7f2c0, 0x0000018e47f7f428]
Event: 111.158 Thread 0x0000018e7a362b50 11539       3       jdk.internal.loader.FileURLMapper::<init> (10 bytes)
Event: 111.158 Thread 0x0000018e7a362b50 nmethod 11539 0x0000018e47f7f510 code [0x0000018e47f7f6c0, 0x0000018e47f7f878]
Event: 111.158 Thread 0x0000018e7a362b50 11540       3       jdk.internal.loader.FileURLMapper::exists (19 bytes)
Event: 111.159 Thread 0x0000018e7a362b50 nmethod 11540 0x0000018e47f7f910 code [0x0000018e47f7fb20, 0x0000018e47f80188]
Event: 111.256 Thread 0x0000018e7a35cc60 nmethod 11487 0x0000018e574a7090 code [0x0000018e574a74a0, 0x0000018e574aaea0]
Event: 111.256 Thread 0x0000018e7a35cc60 11502       4       kotlin.reflect.jvm.internal.impl.protobuf.CodedInputStream::readInt32 (5 bytes)
Event: 111.264 Thread 0x0000018e7a35cc60 nmethod 11502 0x0000018e574ad390 code [0x0000018e574ad520, 0x0000018e574ad8a8]
Event: 111.264 Thread 0x0000018e7a35cc60 11505  s    4       kotlin.reflect.jvm.internal.impl.protobuf.ByteString$Output::toByteString (12 bytes)
Event: 111.267 Thread 0x0000018e7a35cc60 nmethod 11505 0x0000018e574ada90 code [0x0000018e574adc20, 0x0000018e574ade78]
Event: 111.267 Thread 0x0000018e7a35cc60 11534       4       java.lang.invoke.VarHandleReferences$FieldInstanceReadWrite::getAndSet (35 bytes)
Event: 111.272 Thread 0x0000018e7a35cc60 nmethod 11534 0x0000018e574ae010 code [0x0000018e574ae1a0, 0x0000018e574ae498]
Event: 111.272 Thread 0x0000018e7a35cc60 11513       4       kotlin.reflect.jvm.internal.impl.protobuf.GeneratedMessageLite$ExtendableMessage::<init> (12 bytes)
Event: 111.277 Thread 0x0000018e7a35cc60 nmethod 11513 0x0000018e574ae690 code [0x0000018e574ae820, 0x0000018e574aeaf8]
Event: 111.277 Thread 0x0000018e7a35cc60 11541       4       java.util.zip.ZipFile$Source::initCEN (612 bytes)
Event: 111.284 Thread 0x0000018e7a362b50 11542       3       java.util.StringTokenizer::scanToken (179 bytes)
Event: 111.289 Thread 0x0000018e7a362b50 nmethod 11542 0x0000018e47f80390 code [0x0000018e47f80700, 0x0000018e47f81cb8]

GC Heap History (20 events):
Event: 60.702 GC heap before
{Heap before GC invocations=31 (full 0):
 garbage-first heap   total 118784K, used 88408K [0x0000000600000000, 0x0000000800000000)
  region size 4096K, 8 young (32768K), 1 survivors (4096K)
 Metaspace       used 66963K, committed 68032K, reserved 1114112K
  class space    used 9609K, committed 10112K, reserved 1048576K
}
Event: 60.708 GC heap after
{Heap after GC invocations=32 (full 0):
 garbage-first heap   total 118784K, used 62609K [0x0000000600000000, 0x0000000800000000)
  region size 4096K, 1 young (4096K), 1 survivors (4096K)
 Metaspace       used 66963K, committed 68032K, reserved 1114112K
  class space    used 9609K, committed 10112K, reserved 1048576K
}
Event: 63.866 GC heap before
{Heap before GC invocations=33 (full 0):
 garbage-first heap   total 118784K, used 91281K [0x0000000600000000, 0x0000000800000000)
  region size 4096K, 8 young (32768K), 1 survivors (4096K)
 Metaspace       used 69019K, committed 70016K, reserved 1114112K
  class space    used 9966K, committed 10432K, reserved 1048576K
}
Event: 63.880 GC heap after
{Heap after GC invocations=34 (full 0):
 garbage-first heap   total 118784K, used 66202K [0x0000000600000000, 0x0000000800000000)
  region size 4096K, 1 young (4096K), 1 survivors (4096K)
 Metaspace       used 69019K, committed 70016K, reserved 1114112K
  class space    used 9966K, committed 10432K, reserved 1048576K
}
Event: 65.684 GC heap before
{Heap before GC invocations=34 (full 0):
 garbage-first heap   total 118784K, used 90778K [0x0000000600000000, 0x0000000800000000)
  region size 4096K, 7 young (28672K), 1 survivors (4096K)
 Metaspace       used 70535K, committed 71616K, reserved 1114112K
  class space    used 10187K, committed 10688K, reserved 1048576K
}
Event: 65.691 GC heap after
{Heap after GC invocations=35 (full 0):
 garbage-first heap   total 118784K, used 67446K [0x0000000600000000, 0x0000000800000000)
  region size 4096K, 1 young (4096K), 1 survivors (4096K)
 Metaspace       used 70535K, committed 71616K, reserved 1114112K
  class space    used 10187K, committed 10688K, reserved 1048576K
}
Event: 66.709 GC heap before
{Heap before GC invocations=36 (full 0):
 garbage-first heap   total 131072K, used 87926K [0x0000000600000000, 0x0000000800000000)
  region size 4096K, 6 young (24576K), 1 survivors (4096K)
 Metaspace       used 72405K, committed 73408K, reserved 1114112K
  class space    used 10396K, committed 10880K, reserved 1048576K
}
Event: 66.716 GC heap after
{Heap after GC invocations=37 (full 0):
 garbage-first heap   total 131072K, used 69428K [0x0000000600000000, 0x0000000800000000)
  region size 4096K, 1 young (4096K), 1 survivors (4096K)
 Metaspace       used 72405K, committed 73408K, reserved 1114112K
  class space    used 10396K, committed 10880K, reserved 1048576K
}
Event: 106.824 GC heap before
{Heap before GC invocations=37 (full 0):
 garbage-first heap   total 131072K, used 98100K [0x0000000600000000, 0x0000000800000000)
  region size 4096K, 8 young (32768K), 1 survivors (4096K)
 Metaspace       used 74978K, committed 76032K, reserved 1114112K
  class space    used 10752K, committed 11264K, reserved 1048576K
}
Event: 106.832 GC heap after
{Heap after GC invocations=38 (full 0):
 garbage-first heap   total 131072K, used 71392K [0x0000000600000000, 0x0000000800000000)
  region size 4096K, 1 young (4096K), 1 survivors (4096K)
 Metaspace       used 74978K, committed 76032K, reserved 1114112K
  class space    used 10752K, committed 11264K, reserved 1048576K
}
Event: 107.696 GC heap before
{Heap before GC invocations=39 (full 0):
 garbage-first heap   total 131072K, used 100064K [0x0000000600000000, 0x0000000800000000)
  region size 4096K, 8 young (32768K), 1 survivors (4096K)
 Metaspace       used 75387K, committed 76416K, reserved 1179648K
  class space    used 10766K, committed 11264K, reserved 1048576K
}
Event: 107.705 GC heap after
{Heap after GC invocations=40 (full 0):
 garbage-first heap   total 131072K, used 75643K [0x0000000600000000, 0x0000000800000000)
  region size 4096K, 1 young (4096K), 1 survivors (4096K)
 Metaspace       used 75387K, committed 76416K, reserved 1179648K
  class space    used 10766K, committed 11264K, reserved 1048576K
}
Event: 108.258 GC heap before
{Heap before GC invocations=40 (full 0):
 garbage-first heap   total 131072K, used 96123K [0x0000000600000000, 0x0000000800000000)
  region size 4096K, 7 young (28672K), 1 survivors (4096K)
 Metaspace       used 75524K, committed 76544K, reserved 1179648K
  class space    used 10769K, committed 11264K, reserved 1048576K
}
Event: 108.265 GC heap after
{Heap after GC invocations=41 (full 0):
 garbage-first heap   total 131072K, used 77447K [0x0000000600000000, 0x0000000800000000)
  region size 4096K, 1 young (4096K), 1 survivors (4096K)
 Metaspace       used 75524K, committed 76544K, reserved 1179648K
  class space    used 10769K, committed 11264K, reserved 1048576K
}
Event: 108.969 GC heap before
{Heap before GC invocations=42 (full 0):
 garbage-first heap   total 143360K, used 97927K [0x0000000600000000, 0x0000000800000000)
  region size 4096K, 7 young (28672K), 1 survivors (4096K)
 Metaspace       used 75541K, committed 76608K, reserved 1179648K
  class space    used 10769K, committed 11264K, reserved 1048576K
}
Event: 108.974 GC heap after
{Heap after GC invocations=43 (full 0):
 garbage-first heap   total 143360K, used 78491K [0x0000000600000000, 0x0000000800000000)
  region size 4096K, 1 young (4096K), 1 survivors (4096K)
 Metaspace       used 75541K, committed 76608K, reserved 1179648K
  class space    used 10769K, committed 11264K, reserved 1048576K
}
Event: 109.799 GC heap before
{Heap before GC invocations=43 (full 0):
 garbage-first heap   total 143360K, used 111259K [0x0000000600000000, 0x0000000800000000)
  region size 4096K, 9 young (36864K), 1 survivors (4096K)
 Metaspace       used 75548K, committed 76608K, reserved 1179648K
  class space    used 10769K, committed 11264K, reserved 1048576K
}
Event: 109.806 GC heap after
{Heap after GC invocations=44 (full 0):
 garbage-first heap   total 143360K, used 80154K [0x0000000600000000, 0x0000000800000000)
  region size 4096K, 2 young (8192K), 2 survivors (8192K)
 Metaspace       used 75548K, committed 76608K, reserved 1179648K
  class space    used 10769K, committed 11264K, reserved 1048576K
}
Event: 110.606 GC heap before
{Heap before GC invocations=45 (full 0):
 garbage-first heap   total 159744K, used 112922K [0x0000000600000000, 0x0000000800000000)
  region size 4096K, 10 young (40960K), 2 survivors (8192K)
 Metaspace       used 75552K, committed 76608K, reserved 1179648K
  class space    used 10770K, committed 11264K, reserved 1048576K
}
Event: 110.613 GC heap after
{Heap after GC invocations=46 (full 0):
 garbage-first heap   total 159744K, used 81794K [0x0000000600000000, 0x0000000800000000)
  region size 4096K, 2 young (8192K), 2 survivors (8192K)
 Metaspace       used 75552K, committed 76608K, reserved 1179648K
  class space    used 10770K, committed 11264K, reserved 1048576K
}

Dll operation events (16 events):
Event: 0.194 Loaded shared library C:\Program Files\Eclipse Adoptium\jdk-17.0.19.10-hotspot\bin\java.dll
Event: 0.269 Loaded shared library C:\Program Files\Eclipse Adoptium\jdk-17.0.19.10-hotspot\bin\jsvml.dll
Event: 0.812 Loaded shared library C:\Program Files\Eclipse Adoptium\jdk-17.0.19.10-hotspot\bin\zip.dll
Event: 0.817 Loaded shared library C:\Program Files\Eclipse Adoptium\jdk-17.0.19.10-hotspot\bin\instrument.dll
Event: 0.826 Loaded shared library C:\Program Files\Eclipse Adoptium\jdk-17.0.19.10-hotspot\bin\net.dll
Event: 0.829 Loaded shared library C:\Program Files\Eclipse Adoptium\jdk-17.0.19.10-hotspot\bin\nio.dll
Event: 0.833 Loaded shared library C:\Program Files\Eclipse Adoptium\jdk-17.0.19.10-hotspot\bin\zip.dll
Event: 2.809 Loaded shared library C:\Program Files\Eclipse Adoptium\jdk-17.0.19.10-hotspot\bin\jimage.dll
Event: 4.210 Loaded shared library C:\Program Files\Eclipse Adoptium\jdk-17.0.19.10-hotspot\bin\verify.dll
Event: 4.542 Loaded shared library C:\Users\admin\.gradle\native\1def1411415f61bf3af743bc5b6707747c0891f09f0c88961ee8f79bc544acac\windows-amd64\native-platform.dll
Event: 4.571 Loaded shared library C:\Users\admin\.gradle\native\0.2.8\x86_64-windows-gnu\gradle-fileevents.dll
Event: 11.635 Loaded shared library C:\Program Files\Eclipse Adoptium\jdk-17.0.19.10-hotspot\bin\management.dll
Event: 11.816 Loaded shared library C:\Program Files\Eclipse Adoptium\jdk-17.0.19.10-hotspot\bin\management_ext.dll
Event: 14.491 Loaded shared library C:\Program Files\Eclipse Adoptium\jdk-17.0.19.10-hotspot\bin\extnet.dll
Event: 16.235 Loaded shared library C:\Program Files\Eclipse Adoptium\jdk-17.0.19.10-hotspot\bin\sunmscapi.dll
Event: 67.093 Loaded shared library C:\Program Files\Eclipse Adoptium\jdk-17.0.19.10-hotspot\bin\rmi.dll

Deoptimization events (20 events):
Event: 110.948 Thread 0x0000018ec21bcd20 Uncommon trap: trap_request=0xffffff45 fr.pc=0x0000018e5736dd3c relative=0x0000000000001e1c
Event: 110.948 Thread 0x0000018ec21bcd20 Uncommon trap: reason=unstable_if action=reinterpret pc=0x0000018e5736dd3c method=java.lang.reflect.Constructor.acquireConstructorAccessor()Ljdk/internal/reflect/ConstructorAccessor; @ 18 c2
Event: 110.948 Thread 0x0000018ec21bcd20 DEOPT PACKING pc=0x0000018e5736dd3c sp=0x00000042225f8810
Event: 110.948 Thread 0x0000018ec21bcd20 DEOPT UNPACKING pc=0x0000018e569b69a3 sp=0x00000042225f8808 mode 2
Event: 111.054 Thread 0x0000018ec21bcd20 Uncommon trap: trap_request=0xffffff45 fr.pc=0x0000018e57456940 relative=0x00000000000000a0
Event: 111.054 Thread 0x0000018ec21bcd20 Uncommon trap: reason=unstable_if action=reinterpret pc=0x0000018e57456940 method=java.lang.StringLatin1.lastIndexOf([BI[BII)I @ 32 c2
Event: 111.054 Thread 0x0000018ec21bcd20 DEOPT PACKING pc=0x0000018e57456940 sp=0x00000042225f68a0
Event: 111.054 Thread 0x0000018ec21bcd20 DEOPT UNPACKING pc=0x0000018e569b69a3 sp=0x00000042225f67f8 mode 2
Event: 111.148 Thread 0x0000018ec21bcd20 DEOPT PACKING pc=0x0000018e46ebb7bd sp=0x00000042225f5d80
Event: 111.149 Thread 0x0000018ec21bcd20 DEOPT UNPACKING pc=0x0000018e569b7143 sp=0x00000042225f5300 mode 0
Event: 111.155 Thread 0x0000018ec21bcd20 Uncommon trap: trap_request=0xffffff45 fr.pc=0x0000018e571b4248 relative=0x00000000000019a8
Event: 111.155 Thread 0x0000018ec21bcd20 Uncommon trap: reason=unstable_if action=reinterpret pc=0x0000018e571b4248 method=java.util.zip.ZipFile.getInputStream(Ljava/util/zip/ZipEntry;)Ljava/io/InputStream; @ 101 c2
Event: 111.155 Thread 0x0000018ec21bcd20 DEOPT PACKING pc=0x0000018e571b4248 sp=0x00000042225f6110
Event: 111.155 Thread 0x0000018ec21bcd20 DEOPT UNPACKING pc=0x0000018e569b69a3 sp=0x00000042225f60e8 mode 2
Event: 111.162 Thread 0x0000018ec21bcd20 DEOPT PACKING pc=0x0000018e46ebb7bd sp=0x00000042225f5d80
Event: 111.162 Thread 0x0000018ec21bcd20 DEOPT UNPACKING pc=0x0000018e569b7143 sp=0x00000042225f5300 mode 0
Event: 111.273 Thread 0x0000018ec21bcd20 DEOPT PACKING pc=0x0000018e46ebb7bd sp=0x00000042225f5d50
Event: 111.273 Thread 0x0000018ec21bcd20 DEOPT UNPACKING pc=0x0000018e569b7143 sp=0x00000042225f52d0 mode 0
Event: 111.283 Thread 0x0000018ec21bcd20 DEOPT PACKING pc=0x0000018e46ebb7bd sp=0x00000042225f5d50
Event: 111.283 Thread 0x0000018ec21bcd20 DEOPT UNPACKING pc=0x0000018e569b7143 sp=0x00000042225f52d0 mode 0

Classes loaded (20 events):
Event: 106.600 Loading class sun/net/ProgressMonitor
Event: 106.601 Loading class sun/net/ProgressMonitor done
Event: 106.601 Loading class sun/net/DefaultProgressMeteringPolicy
Event: 106.604 Loading class sun/net/ProgressMeteringPolicy
Event: 106.604 Loading class sun/net/ProgressMeteringPolicy done
Event: 106.604 Loading class sun/net/DefaultProgressMeteringPolicy done
Event: 106.662 Loading class java/util/concurrent/ConcurrentLinkedQueue$Itr
Event: 106.662 Loading class java/util/concurrent/ConcurrentLinkedQueue$Itr done
Event: 106.834 Loading class sun/rmi/transport/DGCClient$EndpointEntry$CleanRequest
Event: 106.834 Loading class sun/rmi/transport/DGCClient$EndpointEntry$CleanRequest done
Event: 107.148 Loading class java/util/Collections$ReverseComparator
Event: 107.149 Loading class java/util/Collections$ReverseComparator done
Event: 107.149 Loading class java/util/Comparators$NaturalOrderComparator
Event: 107.149 Loading class java/util/Comparators$NaturalOrderComparator done
Event: 107.149 Loading class java/util/Collections$ReverseComparator2
Event: 107.150 Loading class java/util/Collections$ReverseComparator2 done
Event: 107.785 Loading class java/util/concurrent/atomic/Striped64$Cell
Event: 107.786 Loading class java/util/concurrent/atomic/Striped64$Cell done
Event: 110.043 Loading class jdk/internal/misc/ScopedMemoryAccess$Scope$Handle
Event: 110.044 Loading class jdk/internal/misc/ScopedMemoryAccess$Scope$Handle done

Classes unloaded (0 events):
No events

Classes redefined (0 events):
No events

Internal exceptions (20 events):
Event: 68.464 Thread 0x0000018ec2d17c10 Exception <a 'java/lang/NoSuchMethodError'{0x000000060740ade8}: 'java.lang.Object java.lang.invoke.DirectMethodHandle$Holder.newInvokeSpecial(java.lang.Object, java.lang.Object, int, java.lang.Object, long)'> (0x000000060740ade8) 
thrown [s\src\hotspot\share\interpreter\linkResolver.cpp, line 759]
Event: 68.465 Thread 0x0000018ec2d162c0 Exception <a 'java/net/ConnectException'{0x0000000607beb060}: Connection refused: connect> (0x0000000607beb060) 
thrown [s\src\hotspot\share\prims\jni.cpp, line 535]
Event: 68.465 Thread 0x0000018ec2d162c0 Exception <a 'java/net/SocketException'{0x0000000607beb9f0}: Socket is not connected: shutdown> (0x0000000607beb9f0) 
thrown [s\src\hotspot\share\prims\jni.cpp, line 535]
Event: 68.478 Thread 0x0000018ec2d162c0 Exception <a 'java/net/ConnectException'{0x0000000607bed328}: Connection refused: connect> (0x0000000607bed328) 
thrown [s\src\hotspot\share\prims\jni.cpp, line 535]
Event: 68.478 Thread 0x0000018ec2d162c0 Exception <a 'java/net/SocketException'{0x0000000607bedbb0}: Socket is not connected: shutdown> (0x0000000607bedbb0) 
thrown [s\src\hotspot\share\prims\jni.cpp, line 535]
Event: 68.492 Thread 0x0000018ec2d162c0 Exception <a 'java/net/ConnectException'{0x0000000607420690}: Connection refused: connect> (0x0000000607420690) 
thrown [s\src\hotspot\share\prims\jni.cpp, line 535]
Event: 68.492 Thread 0x0000018ec2d162c0 Exception <a 'java/net/SocketException'{0x0000000607420f18}: Socket is not connected: shutdown> (0x0000000607420f18) 
thrown [s\src\hotspot\share\prims\jni.cpp, line 535]
Event: 68.506 Thread 0x0000018ec2d162c0 Exception <a 'java/lang/NoSuchMethodError'{0x000000060745dfc0}: static Lorg/jetbrains/kotlin/daemon/common/CompileService$CallResult$Ok;.<clinit>()V> (0x000000060745dfc0) 
thrown [s\src\hotspot\share\prims\jni.cpp, line 1112]
Event: 68.542 Thread 0x0000018ec2d162c0 Exception <a 'java/lang/NoSuchMethodError'{0x0000000607589a88}: static [Ljava/lang/Integer;.<clinit>()V> (0x0000000607589a88) 
thrown [s\src\hotspot\share\prims\jni.cpp, line 1112]
Event: 106.084 Thread 0x0000018ec61f82f0 Exception <a 'sun/nio/fs/WindowsException'{0x0000000606d9a650}> (0x0000000606d9a650) 
thrown [s\src\hotspot\share\prims\jni.cpp, line 516]
Event: 106.085 Thread 0x0000018ec61f82f0 Exception <a 'sun/nio/fs/WindowsException'{0x0000000606d9c9f0}> (0x0000000606d9c9f0) 
thrown [s\src\hotspot\share\prims\jni.cpp, line 516]
Event: 106.085 Thread 0x0000018ec61f82f0 Exception <a 'sun/nio/fs/WindowsException'{0x0000000606d9eb40}> (0x0000000606d9eb40) 
thrown [s\src\hotspot\share\prims\jni.cpp, line 516]
Event: 106.086 Thread 0x0000018ec61f82f0 Exception <a 'sun/nio/fs/WindowsException'{0x0000000606f6baa8}> (0x0000000606f6baa8) 
thrown [s\src\hotspot\share\prims\jni.cpp, line 516]
Event: 106.097 Thread 0x0000018ec61f82f0 Exception <a 'sun/nio/fs/WindowsException'{0x0000000606f8b730}> (0x0000000606f8b730) 
thrown [s\src\hotspot\share\prims\jni.cpp, line 516]
Event: 106.098 Thread 0x0000018ec61f82f0 Exception <a 'sun/nio/fs/WindowsException'{0x0000000606f8d838}> (0x0000000606f8d838) 
thrown [s\src\hotspot\share\prims\jni.cpp, line 516]
Event: 106.099 Thread 0x0000018ec61f82f0 Exception <a 'sun/nio/fs/WindowsException'{0x0000000606f8f6a8}> (0x0000000606f8f6a8) 
thrown [s\src\hotspot\share\prims\jni.cpp, line 516]
Event: 106.835 Thread 0x0000018ec2d17c10 Implicit null exception at 0x0000018e5721c68c to 0x0000018e5721c73c
Event: 106.835 Thread 0x0000018ec2d17c10 Implicit null exception at 0x0000018e57431e51 to 0x0000018e574325d8
Event: 109.013 Thread 0x0000018ec45c60d0 Implicit null exception at 0x0000018e571f95e4 to 0x0000018e571fdc10
Event: 111.114 Thread 0x0000018ec21bcd20 Exception <a 'java/lang/NoSuchMethodError'{0x00000006085bdd60}: 'java.lang.Object java.lang.invoke.Invokers$Holder.invokeExact_MT(java.lang.Object, java.lang.Object, java.lang.Object, int, java.lang.Object, java.lang.Object)'> (0x00000006085bdd60) 
thrown [s\src\hotspot\share\interpreter\linkResolver.cpp, line 759]

VM Operations (20 events):
Event: 107.696 Executing VM operation: G1CollectForAllocation
Event: 107.705 Executing VM operation: G1CollectForAllocation done
Event: 108.257 Executing VM operation: G1CollectForAllocation
Event: 108.265 Executing VM operation: G1CollectForAllocation done
Event: 108.396 Executing VM operation: G1PauseRemark
Event: 108.403 Executing VM operation: G1PauseRemark done
Event: 108.466 Executing VM operation: G1PauseCleanup
Event: 108.467 Executing VM operation: G1PauseCleanup done
Event: 108.968 Executing VM operation: G1CollectForAllocation
Event: 108.974 Executing VM operation: G1CollectForAllocation done
Event: 109.799 Executing VM operation: G1CollectForAllocation
Event: 109.806 Executing VM operation: G1CollectForAllocation done
Event: 109.960 Executing VM operation: G1PauseRemark
Event: 109.968 Executing VM operation: G1PauseRemark done
Event: 110.029 Executing VM operation: G1PauseCleanup
Event: 110.029 Executing VM operation: G1PauseCleanup done
Event: 110.605 Executing VM operation: G1CollectForAllocation
Event: 110.613 Executing VM operation: G1CollectForAllocation done
Event: 111.010 Executing VM operation: HandshakeAllThreads
Event: 111.011 Executing VM operation: HandshakeAllThreads done

Memory protections (0 events):
No events

Nmethod flushes (20 events):
Event: 104.609 Thread 0x0000018ec2057fd0 flushing  nmethod 0x0000018e47a4b610
Event: 104.609 Thread 0x0000018ec2057fd0 flushing  nmethod 0x0000018e47a4bb10
Event: 104.609 Thread 0x0000018ec2057fd0 flushing  nmethod 0x0000018e47a4e290
Event: 104.609 Thread 0x0000018ec2057fd0 flushing  nmethod 0x0000018e47a50290
Event: 104.609 Thread 0x0000018ec2057fd0 flushing  nmethod 0x0000018e47a59f10
Event: 104.609 Thread 0x0000018ec2057fd0 flushing  nmethod 0x0000018e47a5a810
Event: 104.609 Thread 0x0000018ec2057fd0 flushing  nmethod 0x0000018e47a9a890
Event: 104.609 Thread 0x0000018ec2057fd0 flushing  nmethod 0x0000018e47ac1510
Event: 104.609 Thread 0x0000018ec2057fd0 flushing  nmethod 0x0000018e47ae2c90
Event: 104.610 Thread 0x0000018ec2057fd0 flushing  nmethod 0x0000018e47b93290
Event: 104.611 Thread 0x0000018ec2057fd0 flushing  nmethod 0x0000018e47c9e910
Event: 104.611 Thread 0x0000018ec2057fd0 flushing  nmethod 0x0000018e47ca4090
Event: 104.611 Thread 0x0000018ec2057fd0 flushing  nmethod 0x0000018e47ca4a10
Event: 104.611 Thread 0x0000018ec2057fd0 flushing  nmethod 0x0000018e47ca4e90
Event: 104.611 Thread 0x0000018ec2057fd0 flushing  nmethod 0x0000018e47ca5190
Event: 104.611 Thread 0x0000018ec2057fd0 flushing  nmethod 0x0000018e47ccb390
Event: 104.611 Thread 0x0000018ec2057fd0 flushing  nmethod 0x0000018e47ce4090
Event: 104.611 Thread 0x0000018ec2057fd0 flushing  nmethod 0x0000018e47cf1e10
Event: 104.611 Thread 0x0000018ec2057fd0 flushing  nmethod 0x0000018e47d03210
Event: 104.612 Thread 0x0000018ec2057fd0 flushing  nmethod 0x0000018e47dc7110

Events (20 events):
Event: 107.259 Thread 0x0000018ec21bcd20 Thread added: 0x0000018ec2d17c10
Event: 107.266 Thread 0x0000018ec21bcd20 Thread added: 0x0000018ec2d1bde0
Event: 107.266 Thread 0x0000018ec21bcd20 Thread added: 0x0000018ec2d19050
Event: 107.266 Thread 0x0000018ec21bcd20 Thread added: 0x0000018ec2d19560
Event: 107.267 Thread 0x0000018ec21bcd20 Thread added: 0x0000018ec2d1aeb0
Event: 107.267 Thread 0x0000018ec21bcd20 Thread added: 0x0000018ec2d1c2f0
Event: 107.369 Thread 0x0000018ec21bcd20 Thread added: 0x0000018ec2d15390
Event: 107.382 Thread 0x0000018ec21bcd20 Thread added: 0x0000018ec5744aa0
Event: 107.385 Thread 0x0000018ec21bcd20 Thread added: 0x0000018ec5749ba0
Event: 107.398 Thread 0x0000018ec21bcd20 Thread added: 0x0000018ec21bb3d0
Event: 107.400 Thread 0x0000018ec21bcd20 Thread added: 0x0000018ec45c9880
Event: 107.402 Thread 0x0000018ec21bcd20 Thread added: 0x0000018ec45cb6e0
Event: 107.405 Thread 0x0000018ec21bcd20 Thread added: 0x0000018ec45c8e60
Event: 108.113 Thread 0x0000018ec21bcd20 Thread added: 0x0000018ec45c60d0
Event: 108.114 Thread 0x0000018ec21bcd20 Thread added: 0x0000018ec45c8950
Event: 108.115 Thread 0x0000018ec21bcd20 Thread added: 0x0000018ec45ccb20
Event: 108.116 Thread 0x0000018ec21bcd20 Thread added: 0x0000018ec45c9d90
Event: 108.116 Thread 0x0000018ec21bcd20 Thread added: 0x0000018ec45cc100
Event: 108.117 Thread 0x0000018ec21bcd20 Thread added: 0x0000018ec45cc610
Event: 108.118 Thread 0x0000018ec21bcd20 Thread added: 0x0000018ec45cb1d0


Dynamic libraries:
0x00007ff7f7450000 - 0x00007ff7f745e000 	C:\Program Files\Eclipse Adoptium\jdk-17.0.19.10-hotspot\bin\java.exe
0x00007ffbf7510000 - 0x00007ffbf7727000 	C:\WINDOWS\SYSTEM32\ntdll.dll
0x00007ffbf6790000 - 0x00007ffbf6854000 	C:\WINDOWS\System32\KERNEL32.DLL
0x00007ffbf47e0000 - 0x00007ffbf4bb2000 	C:\WINDOWS\System32\KERNELBASE.dll
0x00007ffbf46c0000 - 0x00007ffbf47d1000 	C:\WINDOWS\System32\ucrtbase.dll
0x00007ffbeba30000 - 0x00007ffbeba48000 	C:\Program Files\Eclipse Adoptium\jdk-17.0.19.10-hotspot\bin\jli.dll
0x00007ffbf52b0000 - 0x00007ffbf5461000 	C:\WINDOWS\System32\USER32.dll
0x00007ffbf4bc0000 - 0x00007ffbf4be6000 	C:\WINDOWS\System32\win32u.dll
0x00007ffbf74a0000 - 0x00007ffbf74c9000 	C:\WINDOWS\System32\GDI32.dll
0x00007ffbf4bf0000 - 0x00007ffbf4d13000 	C:\WINDOWS\System32\gdi32full.dll
0x00007ffbf4d20000 - 0x00007ffbf4dba000 	C:\WINDOWS\System32\msvcp_win.dll
0x00007ffbebaa0000 - 0x00007ffbebabe000 	C:\Program Files\Eclipse Adoptium\jdk-17.0.19.10-hotspot\bin\VCRUNTIME140.dll
0x00007ffbdee30000 - 0x00007ffbdf0cb000 	C:\WINDOWS\WinSxS\amd64_microsoft.windows.common-controls_6595b64144ccf1df_6.0.22621.5547_none_27104afb73855772\COMCTL32.dll
0x00007ffbf7130000 - 0x00007ffbf71d7000 	C:\WINDOWS\System32\msvcrt.dll
0x00007ffbf6560000 - 0x00007ffbf6591000 	C:\WINDOWS\System32\IMM32.DLL
0x00007ffbebb60000 - 0x00007ffbebb6c000 	C:\Program Files\Eclipse Adoptium\jdk-17.0.19.10-hotspot\bin\vcruntime140_1.dll
0x00007ffbe9260000 - 0x00007ffbe92ed000 	C:\Program Files\Eclipse Adoptium\jdk-17.0.19.10-hotspot\bin\msvcp140.dll
0x00007ffbb4f70000 - 0x00007ffbb5bdc000 	C:\Program Files\Eclipse Adoptium\jdk-17.0.19.10-hotspot\bin\server\jvm.dll
0x00007ffbf7010000 - 0x00007ffbf70c1000 	C:\WINDOWS\System32\ADVAPI32.dll
0x00007ffbf5c00000 - 0x00007ffbf5ca8000 	C:\WINDOWS\System32\sechost.dll
0x00007ffbf5170000 - 0x00007ffbf5198000 	C:\WINDOWS\System32\bcrypt.dll
0x00007ffbf65c0000 - 0x00007ffbf66d4000 	C:\WINDOWS\System32\RPCRT4.dll
0x00007ffbf5230000 - 0x00007ffbf52a1000 	C:\WINDOWS\System32\WS2_32.dll
0x00007ffbf44d0000 - 0x00007ffbf451d000 	C:\WINDOWS\SYSTEM32\POWRPROF.dll
0x00007ffbea780000 - 0x00007ffbea7b4000 	C:\WINDOWS\SYSTEM32\WINMM.dll
0x00007ffbe2020000 - 0x00007ffbe202a000 	C:\WINDOWS\SYSTEM32\VERSION.dll
0x00007ffbf44b0000 - 0x00007ffbf44c3000 	C:\WINDOWS\SYSTEM32\UMPDC.dll
0x00007ffbf35f0000 - 0x00007ffbf3608000 	C:\WINDOWS\SYSTEM32\kernel.appcore.dll
0x00007ffbeba90000 - 0x00007ffbeba9a000 	C:\Program Files\Eclipse Adoptium\jdk-17.0.19.10-hotspot\bin\jimage.dll
0x00007ffbeefa0000 - 0x00007ffbef1d3000 	C:\WINDOWS\SYSTEM32\DBGHELP.DLL
0x00007ffbf6860000 - 0x00007ffbf6bf3000 	C:\WINDOWS\System32\combase.dll
0x00007ffbf6c00000 - 0x00007ffbf6cd7000 	C:\WINDOWS\System32\OLEAUT32.dll
0x00007ffbde5e0000 - 0x00007ffbde612000 	C:\WINDOWS\SYSTEM32\dbgcore.DLL
0x00007ffbf4dc0000 - 0x00007ffbf4e3b000 	C:\WINDOWS\System32\bcryptPrimitives.dll
0x00007ffbea7c0000 - 0x00007ffbea7ce000 	C:\Program Files\Eclipse Adoptium\jdk-17.0.19.10-hotspot\bin\instrument.dll
0x00007ffbe9420000 - 0x00007ffbe9445000 	C:\Program Files\Eclipse Adoptium\jdk-17.0.19.10-hotspot\bin\java.dll
0x00007ffbd3160000 - 0x00007ffbd3237000 	C:\Program Files\Eclipse Adoptium\jdk-17.0.19.10-hotspot\bin\jsvml.dll
0x00007ffbf5cb0000 - 0x00007ffbf6552000 	C:\WINDOWS\System32\SHELL32.dll
0x00007ffbf4fb0000 - 0x00007ffbf50ef000 	C:\WINDOWS\System32\wintypes.dll
0x00007ffbf24e0000 - 0x00007ffbf2dfd000 	C:\WINDOWS\SYSTEM32\windows.storage.dll
0x00007ffbf7310000 - 0x00007ffbf741c000 	C:\WINDOWS\System32\SHCORE.dll
0x00007ffbf54d0000 - 0x00007ffbf5539000 	C:\WINDOWS\System32\shlwapi.dll
0x00007ffbf4530000 - 0x00007ffbf455b000 	C:\WINDOWS\SYSTEM32\profapi.dll
0x00007ffbe9240000 - 0x00007ffbe9258000 	C:\Program Files\Eclipse Adoptium\jdk-17.0.19.10-hotspot\bin\zip.dll
0x00007ffbd8530000 - 0x00007ffbd854a000 	C:\Program Files\Eclipse Adoptium\jdk-17.0.19.10-hotspot\bin\net.dll
0x00007ffbe9e80000 - 0x00007ffbe9fac000 	C:\WINDOWS\SYSTEM32\WINHTTP.dll
0x00007ffbf3a60000 - 0x00007ffbf3ac9000 	C:\WINDOWS\system32\mswsock.dll
0x00007ffbd2ff0000 - 0x00007ffbd3006000 	C:\Program Files\Eclipse Adoptium\jdk-17.0.19.10-hotspot\bin\nio.dll
0x00007ffbe9230000 - 0x00007ffbe9240000 	C:\Program Files\Eclipse Adoptium\jdk-17.0.19.10-hotspot\bin\verify.dll
0x00007ffbc3240000 - 0x00007ffbc3267000 	C:\Users\admin\.gradle\native\1def1411415f61bf3af743bc5b6707747c0891f09f0c88961ee8f79bc544acac\windows-amd64\native-platform.dll
0x00007ffbd2a50000 - 0x00007ffbd2ac7000 	C:\Users\admin\.gradle\native\0.2.8\x86_64-windows-gnu\gradle-fileevents.dll
0x00007ffbe9220000 - 0x00007ffbe922a000 	C:\Program Files\Eclipse Adoptium\jdk-17.0.19.10-hotspot\bin\management.dll
0x00007ffbe9210000 - 0x00007ffbe921c000 	C:\Program Files\Eclipse Adoptium\jdk-17.0.19.10-hotspot\bin\management_ext.dll
0x00007ffbf55d0000 - 0x00007ffbf55d8000 	C:\WINDOWS\System32\PSAPI.DLL
0x00007ffbf3060000 - 0x00007ffbf308d000 	C:\WINDOWS\SYSTEM32\IPHLPAPI.DLL
0x00007ffbf65b0000 - 0x00007ffbf65b9000 	C:\WINDOWS\System32\NSI.dll
0x00007ffbea560000 - 0x00007ffbea579000 	C:\WINDOWS\SYSTEM32\dhcpcsvc6.DLL
0x00007ffbea540000 - 0x00007ffbea55f000 	C:\WINDOWS\SYSTEM32\dhcpcsvc.DLL
0x00007ffbf30d0000 - 0x00007ffbf31c8000 	C:\WINDOWS\SYSTEM32\DNSAPI.dll
0x00007ffbe9200000 - 0x00007ffbe9209000 	C:\Program Files\Eclipse Adoptium\jdk-17.0.19.10-hotspot\bin\extnet.dll
0x00007ffbf3db0000 - 0x00007ffbf3dcb000 	C:\WINDOWS\SYSTEM32\CRYPTSP.dll
0x00007ffbf3550000 - 0x00007ffbf3587000 	C:\WINDOWS\system32\rsaenh.dll
0x00007ffbf3b00000 - 0x00007ffbf3b28000 	C:\WINDOWS\SYSTEM32\USERENV.dll
0x00007ffbf3d90000 - 0x00007ffbf3d9c000 	C:\WINDOWS\SYSTEM32\CRYPTBASE.dll
0x00007ffbe91f0000 - 0x00007ffbe91fe000 	C:\Program Files\Eclipse Adoptium\jdk-17.0.19.10-hotspot\bin\sunmscapi.dll
0x00007ffbf4e40000 - 0x00007ffbf4fa7000 	C:\WINDOWS\System32\CRYPT32.dll
0x00007ffbf3ec0000 - 0x00007ffbf3eed000 	C:\WINDOWS\SYSTEM32\ncrypt.dll
0x00007ffbf3e80000 - 0x00007ffbf3eb7000 	C:\WINDOWS\SYSTEM32\NTASN1.dll
0x00007ffbec890000 - 0x00007ffbec898000 	C:\WINDOWS\system32\wshunix.dll
0x00007ffbebb40000 - 0x00007ffbebb47000 	C:\Program Files\Eclipse Adoptium\jdk-17.0.19.10-hotspot\bin\rmi.dll

dbghelp: loaded successfully - version: 4.0.5 - missing functions: none
symbol engine: initialized successfully - sym options: 0x614 - pdb path: .;C:\Program Files\Eclipse Adoptium\jdk-17.0.19.10-hotspot\bin;C:\WINDOWS\SYSTEM32;C:\WINDOWS\WinSxS\amd64_microsoft.windows.common-controls_6595b64144ccf1df_6.0.22621.5547_none_27104afb73855772;C:\Program Files\Eclipse Adoptium\jdk-17.0.19.10-hotspot\bin\server;C:\Users\admin\.gradle\native\1def1411415f61bf3af743bc5b6707747c0891f09f0c88961ee8f79bc544acac\windows-amd64;C:\Users\admin\.gradle\native\0.2.8\x86_64-windows-gnu

VM Arguments:
jvm_args: --add-opens=java.base/java.lang=ALL-UNNAMED --add-opens=java.base/java.lang.invoke=ALL-UNNAMED --add-opens=java.base/java.util=ALL-UNNAMED --add-opens=java.prefs/java.util.prefs=ALL-UNNAMED --add-exports=jdk.compiler/com.sun.tools.javac.api=ALL-UNNAMED --add-exports=jdk.compiler/com.sun.tools.javac.util=ALL-UNNAMED --add-opens=java.base/java.util=ALL-UNNAMED --add-opens=java.prefs/java.util.prefs=ALL-UNNAMED --add-opens=java.base/java.nio.charset=ALL-UNNAMED --add-opens=java.base/java.net=ALL-UNNAMED --add-opens=java.base/java.util.concurrent=ALL-UNNAMED --add-opens=java.base/java.util.concurrent.atomic=ALL-UNNAMED --add-opens=java.xml/javax.xml.namespace=ALL-UNNAMED --add-opens=java.base/java.time=ALL-UNNAMED -XX:MaxMetaspaceSize=4G -XX:ReservedCodeCacheSize=512m -XX:+HeapDumpOnOutOfMemoryError -Xmx8G -Dfile.encoding=UTF-8 -Duser.country=FR -Duser.language=fr -Duser.variant -javaagent:C:\Users\admin\.gradle\wrapper\dists\gradle-9.1.0-all\7wzd0jkjit61aq2p43wpjgij9\gradle-9.1.0\lib\agents\gradle-instrumentation-agent-9.1.0.jar 
java_command: org.gradle.launcher.daemon.bootstrap.GradleDaemon 9.1.0
java_class_path (initial): C:\Users\admin\.gradle\wrapper\dists\gradle-9.1.0-all\7wzd0jkjit61aq2p43wpjgij9\gradle-9.1.0\lib\gradle-daemon-main-9.1.0.jar
Launcher Type: SUN_STANDARD

[Global flags]
     intx CICompilerCount                          = 4                                         {product} {ergonomic}
     uint ConcGCThreads                            = 2                                         {product} {ergonomic}
     uint G1ConcRefinementThreads                  = 8                                         {product} {ergonomic}
   size_t G1HeapRegionSize                         = 4194304                                   {product} {ergonomic}
    uintx GCDrainStackTargetSize                   = 64                                        {product} {ergonomic}
     bool HeapDumpOnOutOfMemoryError               = true                                   {manageable} {command line}
   size_t InitialHeapSize                          = 134217728                                 {product} {ergonomic}
   size_t MarkStackSize                            = 4194304                                   {product} {ergonomic}
   size_t MaxHeapSize                              = 8589934592                                {product} {command line}
   size_t MaxMetaspaceSize                         = 4294967296                                {product} {command line}
   size_t MaxNewSize                               = 5150605312                                {product} {ergonomic}
   size_t MinHeapDeltaBytes                        = 4194304                                   {product} {ergonomic}
   size_t MinHeapSize                              = 8388608                                   {product} {ergonomic}
    uintx NonNMethodCodeHeapSize                   = 5839372                                {pd product} {ergonomic}
    uintx NonProfiledCodeHeapSize                  = 265515770                              {pd product} {ergonomic}
    uintx ProfiledCodeHeapSize                     = 265515770                              {pd product} {ergonomic}
    uintx ReservedCodeCacheSize                    = 536870912                              {pd product} {command line}
     bool SegmentedCodeCache                       = true                                      {product} {ergonomic}
   size_t SoftMaxHeapSize                          = 8589934592                             {manageable} {ergonomic}
   double SweeperThreshold                         = 0.234375                                  {product} {ergonomic}
     bool UseCompressedClassPointers               = true                           {product lp64_product} {ergonomic}
     bool UseCompressedOops                        = true                           {product lp64_product} {ergonomic}
     bool UseG1GC                                  = true                                      {product} {ergonomic}
     bool UseLargePagesIndividualAllocation        = false                                  {pd product} {ergonomic}

Logging:
Log output configuration:
 #0: stdout all=warning uptime,level,tags
 #1: stderr all=off uptime,level,tags

Environment Variables:
JAVA_HOME=C:\Program Files\Eclipse Adoptium\jdk-25.0.1.8-hotspot
PATH=C:\Program Files\Eclipse Adoptium\jdk-17.0.19.10-hotspot\bin;C:\Program Files (x86)\VMware\VMware Workstation\bin\;C:\Program Files\Python312\Scripts\;C:\Program Files\Python312\;C:\WINDOWS\system32;C:\WINDOWS;C:\WINDOWS\System32\Wbem;C:\WINDOWS\System32\WindowsPowerShell\v1.0\;C:\WINDOWS\System32\OpenSSH\;C:\Program Files (x86)\Microsoft SQL Server\160\Tools\Binn\;C:\Program Files\Microsoft SQL Server\160\Tools\Binn\;C:\Program Files\Microsoft SQL Server\Client SDK\ODBC\170\Tools\Binn\;C:\Program Files\Microsoft SQL Server\160\DTS\Binn\;C:\Program Files (x86)\Microsoft SQL Server\160\DTS\Binn\;C:\Windows\system32\python;C:\sqlite3;C:\Program Files\nodejs\;C:\MinGW\bin;C:\curl\bin;C:\curl\include;C:\MinGW;C:\MinGW\lib;C:\GnuWin32\bin;C:\OpenSSL-Win64\bin;C:\Program Files\PostgreSQL\17\bin;C:\Program Files\Eclipse Adoptium\jdk-25.0.1.8-hotspot\bin;C:\Program Files\Heroku\bin;C:\Program Files\Git\cmd;C:\Program Files (x86)\VMware\VMware Workstation\bin\;C:\Program Files\Python312\Scripts\;C:\Program Files\Python312\;C:\WINDOWS\system32;C:\WINDOWS;C:\WINDOWS\System32\Wbem;C:\WINDOWS\System32\WindowsPowerShell\v1.0\;C:\WINDOWS\System32\OpenSSH\;C:\Program Files (x86)\Microsoft SQL Server\160\Tools\Binn\;C:\Program Files\Microsoft SQL Server\160\Tools\Binn\;C:\Program Files\Microsoft SQL Server\Client SDK\ODBC\170\Tools\Binn\;C:\Program Files\Microsoft SQL Server\160\DTS\Binn\;C:\Program Files (x86)\Microsoft SQL Server\160\DTS\Binn\;C:\Windows\system32\python;C:\sqlite3;C:\Program Files\nodejs\;C:\MinGW\bin;C:\curl\bin;C:\curl\include;C:\MinGW;C:\MinGW\lib;C:\GnuWin32\bin;C:\OpenSSL-Win64\bin;C:\Program Files\PostgreSQL\17\bin;C:\Program Files\Eclipse Adoptium\jdk-25.0.1.8-hotspot\bin;C:\Program Files\Git\cmd;C:\Program Files\Docker\Docker\resources\bin;C:\Program Files\Heroku\bin;C:\Users\admin\AppData\Local\Programs\Microsoft VS Code;C:\Program Files\P;C:\flutter\bin\flutter;C:\flutter\bin;C:\Users\admin\AppData\Local\Programs\Microsoft VS Code\bin
USERNAME=admin
OS=Windows_NT
PROCESSOR_IDENTIFIER=Intel64 Family 6 Model 142 Stepping 10, GenuineIntel
TMP=C:\Users\admin\AppData\Local\Temp
TEMP=C:\Users\admin\AppData\Local\Temp



Periodic native trim disabled


---------------  S Y S T E M  ---------------

OS:
 Windows 11 , 64 bit Build 22621 (10.0.22621.5415)
OS uptime: 0 days 0:27 hours
Hyper-V role detected

CPU: total 8 (initial active 8) (4 cores per cpu, 2 threads per core) family 6 model 142 stepping 10 microcode 0xf4, cx8, cmov, fxsr, ht, mmx, 3dnowpref, sse, sse2, sse3, ssse3, sse4.1, sse4.2, popcnt, lzcnt, tsc, tscinvbit, avx, avx2, aes, erms, clmul, bmi1, bmi2, rtm, adx, fma, vzeroupper, clflush, clflushopt, hv
Processor Information for all 8 processors :
  Max Mhz: 1896, Current Mhz: 1696, Mhz Limit: 1687

Memory: 4k page, system-wide physical 8070M (122M free)
TotalPageFile size 16533M (AvailPageFile size 0M)
current process WorkingSet (physical memory assigned to process): 380M, peak: 380M
current process commit charge ("private bytes"): 425M, peak: 426M

vm_info: OpenJDK 64-Bit Server VM (17.0.19+10) for windows-amd64 JRE (17.0.19+10), built on Apr 25 2026 08:04:44 by "admin" with MS VC++ 17.12 (VS2022)

END.
