#
# There is insufficient memory for the Java Runtime Environment to continue.
# Native memory allocation (malloc) failed to allocate 1614816 bytes. Error detail: Chunk::new
# Possible reasons:
#   The system is out of physical RAM or swap space
#   This process is running with CompressedOops enabled, and the Java Heap may be blocking the growth of the native heap
# Possible solutions:
#   Reduce memory load on the system
#   Increase physical memory or swap space
#   Check if swap backing store is full
#   Decrease Java heap size (-Xmx/-Xms)
#   Decrease number of Java threads
#   Decrease Java thread stack sizes (-Xss)
#   Set larger code cache with -XX:ReservedCodeCacheSize=
#   JVM is running with Unscaled Compressed Oops mode in which the Java heap is
#     placed in the first 4GB address space. The Java Heap base address is the
#     maximum limit for the native heap growth. Please use -XX:HeapBaseMinAddress
#     to set the Java Heap base and to place the Java Heap above 4GB virtual address.
# This output file may be truncated or incomplete.
#
#  Out of Memory Error (arena.cpp:191), pid=2336, tid=13288
#
# JRE version: OpenJDK Runtime Environment Temurin-17.0.19+10 (17.0.19+10) (build 17.0.19+10)
# Java VM: OpenJDK 64-Bit Server VM Temurin-17.0.19+10 (17.0.19+10, mixed mode, sharing, tiered, compressed oops, compressed class ptrs, g1 gc, windows-amd64)
# No core dump will be written. Minidumps are not enabled by default on client versions of Windows
#

---------------  S U M M A R Y ------------

Command Line: org.jetbrains.kotlin.cli.jvm.K2JVMCompiler @C:\flutter\packages\flutter_tools\gradle\build\20260815_18253813016970970845.compiler.options

Host: Intel(R) Core(TM) i5-8350U CPU @ 1.70GHz, 8 cores, 7G,  Windows 11 , 64 bit Build 22621 (10.0.22621.5415)
Time: Sat Aug 15 11:58:28 2026 Paris, Madrid (heure duild 22621 (10.0.22621.5415) elapsed time: 11.324781 seconds (0d 0h 0m 11s)

---------------  T H R E A D  ---------------

Current thread (0x0000024cc6ad3fb0):  JavaThread "C2 CompilerThread0" daemon [_thread_in_native, id=13288, stack(0x0000005cf1d00000,0x0000005cf1e00000)]


Current CompileTask:
C2:11324 4637   !   4       org.jetbrains.kotlin.metadata.ProtoBuf$Type::<init> (875 bytes)

Stack: [0x0000005cf1d00000,0x0000005cf1e00000]
Native frames: (J=compiled Java code, j=interpreted, Vv=VM code, C=native code)
V  [jvm.dll+0x684b29]
V  [jvm.dll+0x83a2d5]
V  [jvm.dll+0x83bd4e]
V  [jvm.dll+0x83c3d3]
V  [jvm.dll+0x24905f]
V  [jvm.dll+0xad536]
V  [jvm.dll+0xadbdc]
V  [jvm.dll+0x368d9e]
V  [jvm.dll+0x3331d5]
V  [jvm.dll+0x33263a]
V  [jvm.dll+0x219e69]
V  [jvm.dll+0x2192af]
V  [jvm.dll+0x1a49f0]
V  [jvm.dll+0x2299fa]
V  [jvm.dll+0x227bab]
V  [jvm.dll+0x7f0a88]
V  [jvm.dll+0x7eaf1c]
V  [jvm.dll+0x6839f7]
C  [ucrtbase.dll+0x29333]
C  [KERNEL32.DLL+0x1259d]
C  [ntdll.dll+0x5af78]


---------------  P R O C E S S  ---------------

Threads class SMR info:
_java_thread_list=0x0000024d0c0d8400, length=12, elements={
0x0000024ca670db20, 0x0000024cc6ab4cf0, 0x0000024cc6ab73a0, 0x0000024cc6ad01c0,
0x0000024cc6ad0d80, 0x0000024cc6ad2850, 0x0000024cc6ad3210, 0x0000024cc6ad3fb0,
0x0000024cc6ae1390, 0x0000024cc6ae6cd0, 0x0000024d0c0f8e70, 0x0000024d0c0fa2b0
}

Java Threads: ( => current thread )
  0x0000024ca670db20 JavaThread "main" [_thread_in_Java, id=10276, stack(0x0000005cf1000000,0x0000005cf1100000)]
  0x0000024cc6ab4cf0 JavaThread "Reference Handler" daemon [_thread_blocked, id=10212, stack(0x0000005cf1700000,0x0000005cf1800000)]
  0x0000024cc6ab73a0 JavaThread "Finalizer" daemon [_thread_blocked, id=12332, stack(0x0000005cf1800000,0x0000005cf1900000)]
  0x0000024cc6ad01c0 JavaThread "Signal Dispatcher" daemon [_thread_blocked, id=10808, stack(0x0000005cf1900000,0x0000005cf1a00000)]
  0x0000024cc6ad0d80 JavaThread "Attach Listener" daemon [_thread_blocked, id=14308, stack(0x0000005cf1a00000,0x0000005cf1b00000)]
  0x0000024cc6ad2850 JavaThread "Service Thread" daemon [_thread_blocked, id=5548, stack(0x0000005cf1b00000,0x0000005cf1c00000)]
  0x0000024cc6ad3210 JavaThread "Monitor Deflation Thread" daemon [_thread_blocked, id=12948, stack(0x0000005cf1c00000,0x0000005cf1d00000)]
=>0x0000024cc6ad3fb0 JavaThread "C2 CompilerThread0" daemon [_thread_in_native, id=13288, stack(0x0000005cf1d00000,0x0000005cf1e00000)]
  0x0000024cc6ae1390 JavaThread "C1 CompilerThread0" daemon [_thread_in_native, id=2680, stack(0x0000005cf1e00000,0x0000005cf1f00000)]
  0x0000024cc6ae6cd0 JavaThread "Sweeper thread" daemon [_thread_blocked, id=9952, stack(0x0000005cf1f00000,0x0000005cf2000000)]
  0x0000024d0c0f8e70 JavaThread "Notification Thread" daemon [_thread_blocked, id=6236, stack(0x0000005cf2000000,0x0000005cf2100000)]
  0x0000024d0c0fa2b0 JavaThread "Common-Cleaner" daemon [_thread_blocked, id=13740, stack(0x0000005cf2200000,0x0000005cf2300000)]

Other Threads:
  0x0000024cc6ab0630 VMThread "VM Thread" [stack: 0x0000005cf1600000,0x0000005cf1700000] [id=4072]
  0x0000024d0c0fd3f0 WatcherThread [stack: 0x0000005cf2100000,0x0000005cf2200000] [id=13696]
  0x0000024ca676b190 GCTaskThread "GC Thread#0" [stack: 0x0000005cf1100000,0x0000005cf1200000] [id=10004]
  0x0000024d0c1acfc0 GCTaskThread "GC Thread#1" [stack: 0x0000005cf2300000,0x0000005cf2400000] [id=17636]
  0x0000024d0c1abf40 GCTaskThread "GC Thread#2" [stack: 0x0000005cf2400000,0x0000005cf2500000] [id=2548]
  0x0000024d0c1abc80 GCTaskThread "GC Thread#3" [stack: 0x0000005cf2500000,0x0000005cf2600000] [id=16192]
  0x0000024d0c1ac200 GCTaskThread "GC Thread#4" [stack: 0x0000005cf2600000,0x0000005cf2700000] [id=4836]
  0x0000024d0c1ac4c0 GCTaskThread "GC Thread#5" [stack: 0x0000005cf2700000,0x0000005cf2800000] [id=8796]
  0x0000024d0c1acd00 GCTaskThread "GC Thread#6" [stack: 0x0000005cf2800000,0x0000005cf2900000] [id=14604]
  0x0000024d0c1ac780 GCTaskThread "GC Thread#7" [stack: 0x0000005cf2900000,0x0000005cf2a00000] [id=2272]
  0x0000024ca677bd20 ConcurrentGCThread "G1 Main Marker" [stack: 0x0000005cf1200000,0x0000005cf1300000] [id=7544]
  0x0000024ca677d4f0 ConcurrentGCThread "G1 Conc#0" [stack: 0x0000005cf1300000,0x0000005cf1400000] [id=18316]
  0x0000024d0cb411a0 ConcurrentGCThread "G1 Conc#1" [stack: 0x0000005cf2a00000,0x0000005cf2b00000] [id=15068]
  0x0000024cc696a960 ConcurrentGCThread "G1 Refine#0" [stack: 0x0000005cf1400000,0x0000005cf1500000] [id=14012]
  0x0000024d0d2797f0 ConcurrentGCThread "G1 Refine#1" [stack: 0x0000005cf2b00000,0x0000005cf2c00000] [id=18056]
  0x0000024cc696c1b0 ConcurrentGCThread "G1 Service" [stack: 0x0000005cf1500000,0x0000005cf1600000] [id=4960]

Threads with active compile tasks:
C2 CompilerThread0  11384 4637   !   4       org.jetbrains.kotlin.metadata.ProtoBuf$Type::<init> (875 bytes)
C1 CompilerThread0  11384 4904       2       org.jetbrains.kotlin.load.java.structure.impl.classFiles.BinaryJavaMethod::<init> (51 bytes)

VM state: not at safepoint (normal execution)

VM Mutex/Monitor currently owned by a thread: None

Heap address: 0x0000000081e00000, size: 2018 MB, Compressed Oops mode: 32-bit

CDS archive(s) mapped at: [0x0000024cc7000000-0x0000024cc7bb0000-0x0000024cc7bb0000), size 12255232, SharedBaseAddress: 0x0000024cc7000000, ArchiveRelocationMode: 1.
Compressed class space mapped at: 0x0000024cc8000000-0x0000024d08000000, reserved size: 1073741824
Narrow klass base: 0x0000024cc7000000, Narrow klass shift: 0, Narrow klass range: 0x100000000

GC Precious Log:
 CPUs: 8 total, 8 available
 Memory: 8070M
 Large Page Support: Disabled
 NUMA Support: Disabled
 Compressed Oops: Enabled (32-bit)
 Heap Region Size: 1M
 Heap Min Capacity: 8M
 Heap Initial Capacity: 128M
 Heap Max Capacity: 2018M
 Pre-touch: Disabled
 Parallel Workers: 8
 Concurrent Workers: 2
 Concurrent Refinement Workers: 8
 Periodic GC: Disabled

Heap:
 garbage-first heap   total 140288K, used 76082K [0x0000000081e00000, 0x0000000100000000)
  region size 1024K, 28 young (28672K), 3 survivors (3072K)
 Metaspace       used 46420K, committed 46784K, reserved 1114112K
  class space    used 5631K, committed 5824K, reserved 1048576K

Heap Regions: E=young(eden), S=young(survivor), O=old, HS=humongous(starts), HC=humongous(continues), CS=collection set, F=free, OA=open archive, CA=closed archive, TAMS=top-at-mark-start (previous, next)
|   0|0x0000000081e00000, 0x0000000081f00000, 0x0000000081f00000|100%|HS|  |TAMS 0x0000000081f00000, 0x0000000081e00000| Complete 
|   1|0x0000000081f00000, 0x0000000082000000, 0x0000000082000000|100%|HC|  |TAMS 0x0000000082000000, 0x0000000081f00000| Complete 
|   2|0x0000000082000000, 0x0000000082100000, 0x0000000082100000|100%|HC|  |TAMS 0x0000000082100000, 0x0000000082000000| Complete 
|   3|0x0000000082100000, 0x0000000082200000, 0x0000000082200000|100%| O|  |TAMS 0x0000000082200000, 0x0000000082100000| Untracked 
|   4|0x0000000082200000, 0x0000000082300000, 0x0000000082300000|100%| O|  |TAMS 0x0000000082300000, 0x0000000082200000| Untracked 
|   5|0x0000000082300000, 0x0000000082400000, 0x0000000082400000|100%| O|  |TAMS 0x0000000082400000, 0x0000000082300000| Untracked 
|   6|0x0000000082400000, 0x0000000082500000, 0x0000000082500000|100%| O|  |TAMS 0x0000000082500000, 0x0000000082400000| Untracked 
|   7|0x0000000082500000, 0x0000000082600000, 0x0000000082600000|100%| O|  |TAMS 0x0000000082600000, 0x0000000082500000| Untracked 
|   8|0x0000000082600000, 0x0000000082700000, 0x0000000082700000|100%| O|  |TAMS 0x0000000082700000, 0x0000000082600000| Untracked 
|   9|0x0000000082700000, 0x0000000082800000, 0x0000000082800000|100%| O|  |TAMS 0x0000000082800000, 0x0000000082700000| Untracked 
|  10|0x0000000082800000, 0x0000000082900000, 0x0000000082900000|100%| O|  |TAMS 0x0000000082900000, 0x0000000082800000| Untracked 
|  11|0x0000000082900000, 0x0000000082a00000, 0x0000000082a00000|100%| O|  |TAMS 0x0000000082a00000, 0x0000000082900000| Untracked 
|  12|0x0000000082a00000, 0x0000000082b00000, 0x0000000082b00000|100%| O|  |TAMS 0x0000000082b00000, 0x0000000082a00000| Untracked 
|  13|0x0000000082b00000, 0x0000000082c00000, 0x0000000082c00000|100%| O|  |TAMS 0x0000000082c00000, 0x0000000082b00000| Untracked 
|  14|0x0000000082c00000, 0x0000000082d00000, 0x0000000082d00000|100%| O|  |TAMS 0x0000000082d00000, 0x0000000082c00000| Untracked 
|  15|0x0000000082d00000, 0x0000000082e00000, 0x0000000082e00000|100%| O|  |TAMS 0x0000000082e00000, 0x0000000082d00000| Untracked 
|  16|0x0000000082e00000, 0x0000000082f00000, 0x0000000082f00000|100%| O|  |TAMS 0x0000000082f00000, 0x0000000082e00000| Untracked 
|  17|0x0000000082f00000, 0x0000000083000000, 0x0000000083000000|100%| O|  |TAMS 0x0000000083000000, 0x0000000082f00000| Untracked 
|  18|0x0000000083000000, 0x0000000083100000, 0x0000000083100000|100%|HS|  |TAMS 0x0000000083100000, 0x0000000083000000| Complete 
|  19|0x0000000083100000, 0x0000000083200000, 0x0000000083200000|100%| O|  |TAMS 0x0000000083200000, 0x0000000083100000| Untracked 
|  20|0x0000000083200000, 0x0000000083300000, 0x0000000083300000|100%| O|  |TAMS 0x0000000083300000, 0x0000000083200000| Untracked 
|  21|0x0000000083300000, 0x0000000083400000, 0x0000000083400000|100%| O|  |TAMS 0x0000000083400000, 0x0000000083300000| Untracked 
|  22|0x0000000083400000, 0x0000000083500000, 0x0000000083500000|100%| O|  |TAMS 0x0000000083500000, 0x0000000083400000| Untracked 
|  23|0x0000000083500000, 0x0000000083600000, 0x0000000083600000|100%| O|  |TAMS 0x0000000083600000, 0x0000000083500000| Untracked 
|  24|0x0000000083600000, 0x0000000083700000, 0x0000000083700000|100%| O|  |TAMS 0x0000000083700000, 0x0000000083600000| Untracked 
|  25|0x0000000083700000, 0x0000000083800000, 0x0000000083800000|100%| O|  |TAMS 0x0000000083800000, 0x0000000083700000| Untracked 
|  26|0x0000000083800000, 0x0000000083900000, 0x0000000083900000|100%| O|  |TAMS 0x0000000083900000, 0x0000000083800000| Untracked 
|  27|0x0000000083900000, 0x0000000083967600, 0x0000000083a00000| 40%| O|  |TAMS 0x0000000083967600, 0x0000000083900000| Untracked 
|  28|0x0000000083a00000, 0x0000000083b00000, 0x0000000083b00000|100%|HS|  |TAMS 0x0000000083b00000, 0x0000000083a00000| Complete 
|  29|0x0000000083b00000, 0x0000000083c00000, 0x0000000083c00000|100%|HC|  |TAMS 0x0000000083c00000, 0x0000000083b00000| Complete 
|  30|0x0000000083c00000, 0x0000000083d00000, 0x0000000083d00000|100%|HC|  |TAMS 0x0000000083d00000, 0x0000000083c00000| Complete 
|  31|0x0000000083d00000, 0x0000000083e00000, 0x0000000083e00000|100%|HC|  |TAMS 0x0000000083e00000, 0x0000000083d00000| Complete 
|  32|0x0000000083e00000, 0x0000000083f00000, 0x0000000083f00000|100%|HC|  |TAMS 0x0000000083f00000, 0x0000000083e00000| Complete 
|  33|0x0000000083f00000, 0x0000000084000000, 0x0000000084000000|100%|HC|  |TAMS 0x0000000084000000, 0x0000000083f00000| Complete 
|  34|0x0000000084000000, 0x0000000084100000, 0x0000000084100000|100%|HS|  |TAMS 0x0000000084100000, 0x0000000084000000| Complete 
|  35|0x0000000084100000, 0x0000000084200000, 0x0000000084200000|100%|HS|  |TAMS 0x0000000084200000, 0x0000000084100000| Complete 
|  36|0x0000000084200000, 0x0000000084300000, 0x0000000084300000|100%|HC|  |TAMS 0x0000000084300000, 0x0000000084200000| Complete 
|  37|0x0000000084300000, 0x0000000084400000, 0x0000000084400000|100%|HS|  |TAMS 0x0000000084400000, 0x0000000084300000| Complete 
|  38|0x0000000084400000, 0x0000000084500000, 0x0000000084500000|100%| O|  |TAMS 0x0000000084500000, 0x0000000084400000| Untracked 
|  39|0x0000000084500000, 0x0000000084600000, 0x0000000084600000|100%| O|  |TAMS 0x0000000084600000, 0x0000000084500000| Untracked 
|  40|0x0000000084600000, 0x0000000084700000, 0x0000000084700000|100%| O|  |TAMS 0x0000000084700000, 0x0000000084600000| Untracked 
|  41|0x0000000084700000, 0x0000000084800000, 0x0000000084800000|100%| O|  |TAMS 0x0000000084800000, 0x0000000084700000| Untracked 
|  42|0x0000000084800000, 0x0000000084900000, 0x0000000084900000|100%| O|  |TAMS 0x0000000084900000, 0x0000000084800000| Untracked 
|  43|0x0000000084900000, 0x0000000084a00000, 0x0000000084a00000|100%| O|  |TAMS 0x0000000084a00000, 0x0000000084900000| Untracked 
|  44|0x0000000084a00000, 0x0000000084b00000, 0x0000000084b00000|100%| O|  |TAMS 0x0000000084b00000, 0x0000000084a00000| Untracked 
|  45|0x0000000084b00000, 0x0000000084c00000, 0x0000000084c00000|100%| O|  |TAMS 0x0000000084c00000, 0x0000000084b00000| Untracked 
|  46|0x0000000084c00000, 0x0000000084d00000, 0x0000000084d00000|100%| O|  |TAMS 0x0000000084c00000, 0x0000000084c00000| Untracked 
|  47|0x0000000084d00000, 0x0000000084e00000, 0x0000000084e00000|100%| O|  |TAMS 0x0000000084d6e800, 0x0000000084d00000| Untracked 
|  48|0x0000000084e00000, 0x0000000084e5ea00, 0x0000000084f00000| 36%| O|  |TAMS 0x0000000084e00000, 0x0000000084e00000| Untracked 
|  49|0x0000000084f00000, 0x0000000084f00000, 0x0000000085000000|  0%| F|  |TAMS 0x0000000084f00000, 0x0000000084f00000| Untracked 
|  50|0x0000000085000000, 0x0000000085000000, 0x0000000085100000|  0%| F|  |TAMS 0x0000000085000000, 0x0000000085000000| Untracked 
|  51|0x0000000085100000, 0x0000000085100000, 0x0000000085200000|  0%| F|  |TAMS 0x0000000085100000, 0x0000000085100000| Untracked 
|  52|0x0000000085200000, 0x0000000085200000, 0x0000000085300000|  0%| F|  |TAMS 0x0000000085200000, 0x0000000085200000| Untracked 
|  53|0x0000000085300000, 0x0000000085300000, 0x0000000085400000|  0%| F|  |TAMS 0x0000000085300000, 0x0000000085300000| Untracked 
|  54|0x0000000085400000, 0x0000000085400000, 0x0000000085500000|  0%| F|  |TAMS 0x0000000085400000, 0x0000000085400000| Untracked 
|  55|0x0000000085500000, 0x0000000085500000, 0x0000000085600000|  0%| F|  |TAMS 0x0000000085500000, 0x0000000085500000| Untracked 
|  56|0x0000000085600000, 0x0000000085600000, 0x0000000085700000|  0%| F|  |TAMS 0x0000000085600000, 0x0000000085600000| Untracked 
|  57|0x0000000085700000, 0x0000000085700000, 0x0000000085800000|  0%| F|  |TAMS 0x0000000085700000, 0x0000000085700000| Untracked 
|  58|0x0000000085800000, 0x0000000085800000, 0x0000000085900000|  0%| F|  |TAMS 0x0000000085800000, 0x0000000085800000| Untracked 
|  59|0x0000000085900000, 0x0000000085900000, 0x0000000085a00000|  0%| F|  |TAMS 0x0000000085900000, 0x0000000085900000| Untracked 
|  60|0x0000000085a00000, 0x0000000085a00000, 0x0000000085b00000|  0%| F|  |TAMS 0x0000000085a00000, 0x0000000085a00000| Untracked 
|  61|0x0000000085b00000, 0x0000000085b00000, 0x0000000085c00000|  0%| F|  |TAMS 0x0000000085b00000, 0x0000000085b00000| Untracked 
|  62|0x0000000085c00000, 0x0000000085c00000, 0x0000000085d00000|  0%| F|  |TAMS 0x0000000085c00000, 0x0000000085c00000| Untracked 
|  63|0x0000000085d00000, 0x0000000085d00000, 0x0000000085e00000|  0%| F|  |TAMS 0x0000000085d00000, 0x0000000085d00000| Untracked 
|  64|0x0000000085e00000, 0x0000000085e00000, 0x0000000085f00000|  0%| F|  |TAMS 0x0000000085e00000, 0x0000000085e00000| Untracked 
|  65|0x0000000085f00000, 0x0000000085f86900, 0x0000000086000000| 52%| S|CS|TAMS 0x0000000085f00000, 0x0000000085f00000| Complete 
|  66|0x0000000086000000, 0x0000000086100000, 0x0000000086100000|100%| S|CS|TAMS 0x0000000086000000, 0x0000000086000000| Complete 
|  67|0x0000000086100000, 0x0000000086200000, 0x0000000086200000|100%| S|CS|TAMS 0x0000000086100000, 0x0000000086100000| Complete 
|  68|0x0000000086200000, 0x0000000086200000, 0x0000000086300000|  0%| F|  |TAMS 0x0000000086200000, 0x0000000086200000| Untracked 
|  69|0x0000000086300000, 0x0000000086300000, 0x0000000086400000|  0%| F|  |TAMS 0x0000000086300000, 0x0000000086300000| Untracked 
|  70|0x0000000086400000, 0x0000000086400000, 0x0000000086500000|  0%| F|  |TAMS 0x0000000086400000, 0x0000000086400000| Untracked 
|  71|0x0000000086500000, 0x0000000086500000, 0x0000000086600000|  0%| F|  |TAMS 0x0000000086500000, 0x0000000086500000| Untracked 
|  72|0x0000000086600000, 0x0000000086600000, 0x0000000086700000|  0%| F|  |TAMS 0x0000000086600000, 0x0000000086600000| Untracked 
|  73|0x0000000086700000, 0x0000000086700000, 0x0000000086800000|  0%| F|  |TAMS 0x0000000086700000, 0x0000000086700000| Untracked 
|  74|0x0000000086800000, 0x0000000086800000, 0x0000000086900000|  0%| F|  |TAMS 0x0000000086800000, 0x0000000086800000| Untracked 
|  75|0x0000000086900000, 0x0000000086900000, 0x0000000086a00000|  0%| F|  |TAMS 0x0000000086900000, 0x0000000086900000| Untracked 
|  76|0x0000000086a00000, 0x0000000086a00000, 0x0000000086b00000|  0%| F|  |TAMS 0x0000000086a00000, 0x0000000086a00000| Untracked 
|  77|0x0000000086b00000, 0x0000000086b00000, 0x0000000086c00000|  0%| F|  |TAMS 0x0000000086b00000, 0x0000000086b00000| Untracked 
|  78|0x0000000086c00000, 0x0000000086c00000, 0x0000000086d00000|  0%| F|  |TAMS 0x0000000086c00000, 0x0000000086c00000| Untracked 
|  79|0x0000000086d00000, 0x0000000086d00000, 0x0000000086e00000|  0%| F|  |TAMS 0x0000000086d00000, 0x0000000086d00000| Untracked 
|  80|0x0000000086e00000, 0x0000000086e00000, 0x0000000086f00000|  0%| F|  |TAMS 0x0000000086e00000, 0x0000000086e00000| Untracked 
|  81|0x0000000086f00000, 0x0000000086f00000, 0x0000000087000000|  0%| F|  |TAMS 0x0000000086f00000, 0x0000000086f00000| Untracked 
|  82|0x0000000087000000, 0x0000000087000000, 0x0000000087100000|  0%| F|  |TAMS 0x0000000087000000, 0x0000000087000000| Untracked 
|  83|0x0000000087100000, 0x0000000087100000, 0x0000000087200000|  0%| F|  |TAMS 0x0000000087100000, 0x0000000087100000| Untracked 
|  84|0x0000000087200000, 0x0000000087200000, 0x0000000087300000|  0%| F|  |TAMS 0x0000000087200000, 0x0000000087200000| Untracked 
|  85|0x0000000087300000, 0x0000000087300000, 0x0000000087400000|  0%| F|  |TAMS 0x0000000087300000, 0x0000000087300000| Untracked 
|  86|0x0000000087400000, 0x0000000087400000, 0x0000000087500000|  0%| F|  |TAMS 0x0000000087400000, 0x0000000087400000| Untracked 
|  87|0x0000000087500000, 0x0000000087500000, 0x0000000087600000|  0%| F|  |TAMS 0x0000000087500000, 0x0000000087500000| Untracked 
|  88|0x0000000087600000, 0x0000000087600000, 0x0000000087700000|  0%| F|  |TAMS 0x0000000087600000, 0x0000000087600000| Untracked 
|  89|0x0000000087700000, 0x0000000087700000, 0x0000000087800000|  0%| F|  |TAMS 0x0000000087700000, 0x0000000087700000| Untracked 
|  90|0x0000000087800000, 0x0000000087800000, 0x0000000087900000|  0%| F|  |TAMS 0x0000000087800000, 0x0000000087800000| Untracked 
|  91|0x0000000087900000, 0x0000000087900000, 0x0000000087a00000|  0%| F|  |TAMS 0x0000000087900000, 0x0000000087900000| Untracked 
|  92|0x0000000087a00000, 0x0000000087a00000, 0x0000000087b00000|  0%| F|  |TAMS 0x0000000087a00000, 0x0000000087a00000| Untracked 
|  93|0x0000000087b00000, 0x0000000087b00000, 0x0000000087c00000|  0%| F|  |TAMS 0x0000000087b00000, 0x0000000087b00000| Untracked 
|  94|0x0000000087c00000, 0x0000000087c00000, 0x0000000087d00000|  0%| F|  |TAMS 0x0000000087c00000, 0x0000000087c00000| Untracked 
|  95|0x0000000087d00000, 0x0000000087d00000, 0x0000000087e00000|  0%| F|  |TAMS 0x0000000087d00000, 0x0000000087d00000| Untracked 
|  96|0x0000000087e00000, 0x0000000087e00000, 0x0000000087f00000|  0%| F|  |TAMS 0x0000000087e00000, 0x0000000087e00000| Untracked 
|  97|0x0000000087f00000, 0x0000000087f00000, 0x0000000088000000|  0%| F|  |TAMS 0x0000000087f00000, 0x0000000087f00000| Untracked 
|  98|0x0000000088000000, 0x0000000088000000, 0x0000000088100000|  0%| F|  |TAMS 0x0000000088000000, 0x0000000088000000| Untracked 
|  99|0x0000000088100000, 0x0000000088100000, 0x0000000088200000|  0%| F|  |TAMS 0x0000000088100000, 0x0000000088100000| Untracked 
| 100|0x0000000088200000, 0x0000000088200000, 0x0000000088300000|  0%| F|  |TAMS 0x0000000088200000, 0x0000000088200000| Untracked 
| 101|0x0000000088300000, 0x0000000088300000, 0x0000000088400000|  0%| F|  |TAMS 0x0000000088300000, 0x0000000088300000| Untracked 
| 102|0x0000000088400000, 0x0000000088400000, 0x0000000088500000|  0%| F|  |TAMS 0x0000000088400000, 0x0000000088400000| Untracked 
| 103|0x0000000088500000, 0x0000000088500000, 0x0000000088600000|  0%| F|  |TAMS 0x0000000088500000, 0x0000000088500000| Untracked 
| 104|0x0000000088600000, 0x0000000088600000, 0x0000000088700000|  0%| F|  |TAMS 0x0000000088600000, 0x0000000088600000| Untracked 
| 105|0x0000000088700000, 0x0000000088700000, 0x0000000088800000|  0%| F|  |TAMS 0x0000000088700000, 0x0000000088700000| Untracked 
| 106|0x0000000088800000, 0x0000000088800000, 0x0000000088900000|  0%| F|  |TAMS 0x0000000088800000, 0x0000000088800000| Untracked 
| 107|0x0000000088900000, 0x0000000088900000, 0x0000000088a00000|  0%| F|  |TAMS 0x0000000088900000, 0x0000000088900000| Untracked 
| 108|0x0000000088a00000, 0x0000000088a00000, 0x0000000088b00000|  0%| F|  |TAMS 0x0000000088a00000, 0x0000000088a00000| Untracked 
| 109|0x0000000088b00000, 0x0000000088b00000, 0x0000000088c00000|  0%| F|  |TAMS 0x0000000088b00000, 0x0000000088b00000| Untracked 
| 110|0x0000000088c00000, 0x0000000088c00000, 0x0000000088d00000|  0%| F|  |TAMS 0x0000000088c00000, 0x0000000088c00000| Untracked 
| 111|0x0000000088d00000, 0x0000000088d00000, 0x0000000088e00000|  0%| F|  |TAMS 0x0000000088d00000, 0x0000000088d00000| Untracked 
| 112|0x0000000088e00000, 0x0000000088e80000, 0x0000000088f00000| 50%| E|  |TAMS 0x0000000088e00000, 0x0000000088e00000| Complete 
| 113|0x0000000088f00000, 0x0000000089000000, 0x0000000089000000|100%| E|CS|TAMS 0x0000000088f00000, 0x0000000088f00000| Complete 
| 114|0x0000000089000000, 0x0000000089100000, 0x0000000089100000|100%| E|CS|TAMS 0x0000000089000000, 0x0000000089000000| Complete 
| 115|0x0000000089100000, 0x0000000089200000, 0x0000000089200000|100%| E|CS|TAMS 0x0000000089100000, 0x0000000089100000| Complete 
| 116|0x0000000089200000, 0x0000000089300000, 0x0000000089300000|100%| E|CS|TAMS 0x0000000089200000, 0x0000000089200000| Complete 
| 117|0x0000000089300000, 0x0000000089400000, 0x0000000089400000|100%| E|CS|TAMS 0x0000000089300000, 0x0000000089300000| Complete 
| 118|0x0000000089400000, 0x0000000089500000, 0x0000000089500000|100%| E|CS|TAMS 0x0000000089400000, 0x0000000089400000| Complete 
| 119|0x0000000089500000, 0x0000000089600000, 0x0000000089600000|100%| E|CS|TAMS 0x0000000089500000, 0x0000000089500000| Complete 
| 120|0x0000000089600000, 0x0000000089700000, 0x0000000089700000|100%| E|CS|TAMS 0x0000000089600000, 0x0000000089600000| Complete 
| 121|0x0000000089700000, 0x0000000089800000, 0x0000000089800000|100%| E|CS|TAMS 0x0000000089700000, 0x0000000089700000| Complete 
| 122|0x0000000089800000, 0x0000000089900000, 0x0000000089900000|100%| E|CS|TAMS 0x0000000089800000, 0x0000000089800000| Complete 
| 123|0x0000000089900000, 0x0000000089a00000, 0x0000000089a00000|100%| E|CS|TAMS 0x0000000089900000, 0x0000000089900000| Complete 
| 124|0x0000000089a00000, 0x0000000089b00000, 0x0000000089b00000|100%| E|CS|TAMS 0x0000000089a00000, 0x0000000089a00000| Complete 
| 125|0x0000000089b00000, 0x0000000089c00000, 0x0000000089c00000|100%| E|CS|TAMS 0x0000000089b00000, 0x0000000089b00000| Complete 
| 126|0x0000000089c00000, 0x0000000089d00000, 0x0000000089d00000|100%| E|CS|TAMS 0x0000000089c00000, 0x0000000089c00000| Complete 
| 127|0x0000000089d00000, 0x0000000089e00000, 0x0000000089e00000|100%| E|CS|TAMS 0x0000000089d00000, 0x0000000089d00000| Complete 
| 128|0x0000000089e00000, 0x0000000089f00000, 0x0000000089f00000|100%| E|CS|TAMS 0x0000000089e00000, 0x0000000089e00000| Complete 
| 129|0x0000000089f00000, 0x000000008a000000, 0x000000008a000000|100%| E|CS|TAMS 0x0000000089f00000, 0x0000000089f00000| Complete 
| 130|0x000000008a000000, 0x000000008a100000, 0x000000008a100000|100%| E|CS|TAMS 0x000000008a000000, 0x000000008a000000| Complete 
| 131|0x000000008a100000, 0x000000008a200000, 0x000000008a200000|100%| E|CS|TAMS 0x000000008a100000, 0x000000008a100000| Complete 
| 132|0x000000008a200000, 0x000000008a300000, 0x000000008a300000|100%| E|CS|TAMS 0x000000008a200000, 0x000000008a200000| Complete 
| 133|0x000000008a300000, 0x000000008a400000, 0x000000008a400000|100%| E|CS|TAMS 0x000000008a300000, 0x000000008a300000| Complete 
| 134|0x000000008a400000, 0x000000008a500000, 0x000000008a500000|100%| E|CS|TAMS 0x000000008a400000, 0x000000008a400000| Complete 
| 135|0x000000008a500000, 0x000000008a600000, 0x000000008a600000|100%| E|CS|TAMS 0x000000008a500000, 0x000000008a500000| Complete 
| 136|0x000000008a600000, 0x000000008a700000, 0x000000008a700000|100%| E|CS|TAMS 0x000000008a600000, 0x000000008a600000| Complete 

Card table byte_map: [0x0000024cbf8e0000,0x0000024cbfce0000] _byte_map_base: 0x0000024cbf4d1000

Marking Bits (Prev, Next): (CMBitMap*) 0x0000024ca676b7b0, (CMBitMap*) 0x0000024ca676b7f0
 Prev Bits: [0x0000024cc00e0000, 0x0000024cc2068000)
 Next Bits: [0x0000024cc2070000, 0x0000024cc3ff8000)

Polling page: 0x0000024cafa40000

Metaspace:

Usage:
  Non-class:     39.84 MB used.
      Class:      5.50 MB used.
       Both:     45.34 MB used.

Virtual space:
  Non-class space:       64.00 MB reserved,      40.00 MB ( 62%) committed,  1 nodes.
      Class space:        1.00 GB reserved,       5.69 MB ( <1%) committed,  1 nodes.
             Both:        1.06 GB reserved,      45.69 MB (  4%) committed. 

Chunk freelists:
   Non-Class:  7.07 MB
       Class:  10.29 MB
        Both:  17.36 MB

MaxMetaspaceSize: unlimited
CompressedClassSpaceSize: 1.00 GB
Initial GC threshold: 21.00 MB
Current GC threshold: 71.50 MB
CDS: on
MetaspaceReclaimPolicy: balanced
 - commit_granule_bytes: 65536.
 - commit_granule_words: 8192.
 - virtual_space_node_default_size: 8388608.
 - enlarge_chunks_in_place: 1.
 - new_chunks_are_fully_committed: 0.
 - uncommit_free_chunks: 1.
 - use_allocation_guard: 0.
 - handle_deallocations: 1.


Internal statistics:

num_allocs_failed_limit: 6.
num_arena_births: 284.
num_arena_deaths: 0.
num_vsnodes_births: 2.
num_vsnodes_deaths: 0.
num_space_committed: 729.
num_space_uncommitted: 0.
num_chunks_returned_to_freelist: 6.
num_chunks_taken_from_freelist: 1985.
num_chunk_merges: 6.
num_chunk_splits: 1532.
num_chunks_enlarged: 1330.
num_inconsistent_stats: 0.

CodeHeap 'non-profiled nmethods': size=120000Kb used=1950Kb max_used=1950Kb free=118049Kb
 bounds [0x0000024cb7530000, 0x0000024cb77a0000, 0x0000024cbea60000]
CodeHeap 'profiled nmethods': size=120000Kb used=9429Kb max_used=9429Kb free=110570Kb
 bounds [0x0000024cafa60000, 0x0000024cb03a0000, 0x0000024cb6f90000]
CodeHeap 'non-nmethods': size=5760Kb used=1292Kb max_used=1355Kb free=4467Kb
 bounds [0x0000024cb6f90000, 0x0000024cb7200000, 0x0000024cb7530000]
 total_blobs=5474 nmethods=4865 adapters=521
 compilation: enabled
              stopped_count=0, restarted_count=0
 full_count=0

Compilation events (20 events):
Event: 11.310 Thread 0x0000024cc6ae1390 4843       1       org.jetbrains.kotlin.types.FlexibleType::getLowerBound (5 bytes)
Event: 11.311 Thread 0x0000024cc6ae1390 nmethod 4843 0x0000024cb7715c10 code [0x0000024cb7715da0, 0x0000024cb7715e78]
Event: 11.312 Thread 0x0000024cc6ae1390 4844       2       org.jetbrains.kotlin.types.checker.ClassicTypeSystemContext$DefaultImpls::asFlexibleType (97 bytes)
Event: 11.313 Thread 0x0000024cc6ae1390 nmethod 4844 0x0000024cb0371a10 code [0x0000024cb0371cc0, 0x0000024cb0372468]
Event: 11.313 Thread 0x0000024cc6ae1390 4845       2       org.jetbrains.kotlin.types.TypeUtils::contains (301 bytes)
Event: 11.315 Thread 0x0000024cc6ae1390 nmethod 4845 0x0000024cb0372910 code [0x0000024cb0372c60, 0x0000024cb0373888]
Event: 11.315 Thread 0x0000024cc6ae1390 4846       2       org.jetbrains.kotlin.types.IndexedParametersSubstitution::<init> (17 bytes)
Event: 11.316 Thread 0x0000024cc6ae1390 nmethod 4846 0x0000024cb0373e90 code [0x0000024cb0374040, 0x0000024cb0374168]
Event: 11.316 Thread 0x0000024cc6ae1390 4847       2       org.jetbrains.kotlin.types.KotlinType::getAnnotations (8 bytes)
Event: 11.317 Thread 0x0000024cc6ae1390 nmethod 4847 0x0000024cb0374210 code [0x0000024cb0374500, 0x0000024cb0374d08]
Event: 11.317 Thread 0x0000024cc6ae1390 4848       2       org.jetbrains.kotlin.types.IndexedParametersSubstitution::<init> (70 bytes)
Event: 11.318 Thread 0x0000024cc6ae1390 nmethod 4848 0x0000024cb0375310 code [0x0000024cb0375580, 0x0000024cb0375d28]
Event: 11.318 Thread 0x0000024cc6ae1390 4850       2       org.jetbrains.kotlin.builtins.KotlinBuiltIns::isNothingOrNullableNothing (18 bytes)
Event: 11.319 Thread 0x0000024cc6ae1390 nmethod 4850 0x0000024cb0376110 code [0x0000024cb03762e0, 0x0000024cb0376478]
Event: 11.319 Thread 0x0000024cc6ae1390 4849       1       org.jetbrains.kotlin.load.java.lazy.descriptors.LazyJavaScope::getC (5 bytes)
Event: 11.319 Thread 0x0000024cc6ae1390 nmethod 4849 0x0000024cb7715f10 code [0x0000024cb77160a0, 0x0000024cb7716178]
Event: 11.319 Thread 0x0000024cc6ae1390 4851       1       org.jetbrains.kotlin.serialization.deserialization.DeserializationComponents::getKotlinTypeChecker (5 bytes)
Event: 11.319 Thread 0x0000024cc6ae1390 nmethod 4851 0x0000024cb7716210 code [0x0000024cb77163a0, 0x0000024cb7716478]
Event: 11.321 Thread 0x0000024cc6ae1390 4852       1       org.jetbrains.kotlin.serialization.deserialization.descriptors.DeserializedClassDescriptor$DeserializedClassMemberScope::getClassDescriptor (5 bytes)
Event: 11.321 Thread 0x0000024cc6ae1390 nmethod 4852 0x0000024cb7716510 code [0x0000024cb77166a0, 0x0000024cb7716778]

GC Heap History (20 events):
Event: 1.282 GC heap before
{Heap before GC invocations=0 (full 0):
 garbage-first heap   total 131072K, used 26624K [0x0000000081e00000, 0x0000000100000000)
  region size 1024K, 23 young (23552K), 0 survivors (0K)
 Metaspace       used 6836K, committed 6976K, reserved 1114112K
  class space    used 688K, committed 768K, reserved 1048576K
}
Event: 1.289 GC heap after
{Heap after GC invocations=1 (full 0):
 garbage-first heap   total 131072K, used 6165K [0x0000000081e00000, 0x0000000100000000)
  region size 1024K, 3 young (3072K), 3 survivors (3072K)
 Metaspace       used 6836K, committed 6976K, reserved 1114112K
  class space    used 688K, committed 768K, reserved 1048576K
}
Event: 2.701 GC heap before
{Heap before GC invocations=1 (full 0):
 garbage-first heap   total 131072K, used 37909K [0x0000000081e00000, 0x0000000100000000)
  region size 1024K, 34 young (34816K), 3 survivors (3072K)
 Metaspace       used 15640K, committed 15872K, reserved 1114112K
  class space    used 1749K, committed 1856K, reserved 1048576K
}
Event: 2.710 GC heap after
{Heap after GC invocations=2 (full 0):
 garbage-first heap   total 131072K, used 8104K [0x0000000081e00000, 0x0000000100000000)
  region size 1024K, 2 young (2048K), 2 survivors (2048K)
 Metaspace       used 15640K, committed 15872K, reserved 1114112K
  class space    used 1749K, committed 1856K, reserved 1048576K
}
Event: 4.430 GC heap before
{Heap before GC invocations=2 (full 0):
 garbage-first heap   total 131072K, used 95144K [0x0000000081e00000, 0x0000000100000000)
  region size 1024K, 76 young (77824K), 2 survivors (2048K)
 Metaspace       used 21290K, committed 21504K, reserved 1114112K
  class space    used 2711K, committed 2816K, reserved 1048576K
}
Event: 4.480 GC heap after
{Heap after GC invocations=3 (full 0):
 garbage-first heap   total 131072K, used 27037K [0x0000000081e00000, 0x0000000100000000)
  region size 1024K, 10 young (10240K), 10 survivors (10240K)
 Metaspace       used 21290K, committed 21504K, reserved 1114112K
  class space    used 2711K, committed 2816K, reserved 1048576K
}
Event: 4.812 GC heap before
{Heap before GC invocations=4 (full 0):
 garbage-first heap   total 92160K, used 30109K [0x0000000081e00000, 0x0000000100000000)
  region size 1024K, 14 young (14336K), 10 survivors (10240K)
 Metaspace       used 22241K, committed 22464K, reserved 1114112K
  class space    used 3020K, committed 3136K, reserved 1048576K
}
Event: 4.848 GC heap after
{Heap after GC invocations=5 (full 0):
 garbage-first heap   total 92160K, used 27549K [0x0000000081e00000, 0x0000000100000000)
  region size 1024K, 1 young (1024K), 1 survivors (1024K)
 Metaspace       used 22241K, committed 22464K, reserved 1114112K
  class space    used 3020K, committed 3136K, reserved 1048576K
}
Event: 6.204 GC heap before
{Heap before GC invocations=5 (full 0):
 garbage-first heap   total 92160K, used 72605K [0x0000000081e00000, 0x0000000100000000)
  region size 1024K, 34 young (34816K), 1 survivors (1024K)
 Metaspace       used 28680K, committed 28992K, reserved 1114112K
  class space    used 3719K, committed 3840K, reserved 1048576K
}
Event: 6.222 GC heap after
{Heap after GC invocations=6 (full 0):
 garbage-first heap   total 92160K, used 43421K [0x0000000081e00000, 0x0000000100000000)
  region size 1024K, 5 young (5120K), 5 survivors (5120K)
 Metaspace       used 28680K, committed 28992K, reserved 1114112K
  class space    used 3719K, committed 3840K, reserved 1048576K
}
Event: 7.222 GC heap before
{Heap before GC invocations=6 (full 0):
 garbage-first heap   total 92160K, used 70045K [0x0000000081e00000, 0x0000000100000000)
  region size 1024K, 31 young (31744K), 5 survivors (5120K)
 Metaspace       used 34276K, committed 34496K, reserved 1114112K
  class space    used 4251K, committed 4352K, reserved 1048576K
}
Event: 7.239 GC heap after
{Heap after GC invocations=7 (full 0):
 garbage-first heap   total 92160K, used 46224K [0x0000000081e00000, 0x0000000100000000)
  region size 1024K, 3 young (3072K), 3 survivors (3072K)
 Metaspace       used 34276K, committed 34496K, reserved 1114112K
  class space    used 4251K, committed 4352K, reserved 1048576K
}
Event: 7.811 GC heap before
{Heap before GC invocations=7 (full 0):
 garbage-first heap   total 92160K, used 52368K [0x0000000081e00000, 0x0000000100000000)
  region size 1024K, 10 young (10240K), 3 survivors (3072K)
 Metaspace       used 35733K, committed 35968K, reserved 1114112K
  class space    used 4372K, committed 4480K, reserved 1048576K
}
Event: 7.826 GC heap after
{Heap after GC invocations=8 (full 0):
 garbage-first heap   total 92160K, used 47117K [0x0000000081e00000, 0x0000000100000000)
  region size 1024K, 2 young (2048K), 2 survivors (2048K)
 Metaspace       used 35733K, committed 35968K, reserved 1114112K
  class space    used 4372K, committed 4480K, reserved 1048576K
}
Event: 8.589 GC heap before
{Heap before GC invocations=9 (full 0):
 garbage-first heap   total 92160K, used 62477K [0x0000000081e00000, 0x0000000100000000)
  region size 1024K, 19 young (19456K), 2 survivors (2048K)
 Metaspace       used 38791K, committed 39104K, reserved 1114112K
  class space    used 4761K, committed 4864K, reserved 1048576K
}
Event: 8.601 GC heap after
{Heap after GC invocations=10 (full 0):
 garbage-first heap   total 92160K, used 49050K [0x0000000081e00000, 0x0000000100000000)
  region size 1024K, 4 young (4096K), 4 survivors (4096K)
 Metaspace       used 38791K, committed 39104K, reserved 1114112K
  class space    used 4761K, committed 4864K, reserved 1048576K
}
Event: 9.094 GC heap before
{Heap before GC invocations=11 (full 0):
 garbage-first heap   total 94208K, used 72602K [0x0000000081e00000, 0x0000000100000000)
  region size 1024K, 27 young (27648K), 4 survivors (4096K)
 Metaspace       used 38889K, committed 39168K, reserved 1114112K
  class space    used 4761K, committed 4864K, reserved 1048576K
}
Event: 9.105 GC heap after
{Heap after GC invocations=12 (full 0):
 garbage-first heap   total 94208K, used 50007K [0x0000000081e00000, 0x0000000100000000)
  region size 1024K, 3 young (3072K), 3 survivors (3072K)
 Metaspace       used 38889K, committed 39168K, reserved 1114112K
  class space    used 4761K, committed 4864K, reserved 1048576K
}
Event: 10.138 GC heap before
{Heap before GC invocations=12 (full 0):
 garbage-first heap   total 94208K, used 73559K [0x0000000081e00000, 0x0000000100000000)
  region size 1024K, 27 young (27648K), 3 survivors (3072K)
 Metaspace       used 43343K, committed 43648K, reserved 1114112K
  class space    used 5305K, committed 5440K, reserved 1048576K
}
Event: 10.153 GC heap after
{Heap after GC invocations=13 (full 0):
 garbage-first heap   total 140288K, used 51506K [0x0000000081e00000, 0x0000000100000000)
  region size 1024K, 3 young (3072K), 3 survivors (3072K)
 Metaspace       used 43343K, committed 43648K, reserved 1114112K
  class space    used 5305K, committed 5440K, reserved 1048576K
}

Dll operation events (7 events):
Event: 0.016 Loaded shared library C:\Program Files\Eclipse Adoptium\jdk-17.0.19.10-hotspot\bin\java.dll
Event: 0.042 Loaded shared library C:\Program Files\Eclipse Adoptium\jdk-17.0.19.10-hotspot\bin\jsvml.dll
Event: 0.104 Loaded shared library C:\Program Files\Eclipse Adoptium\jdk-17.0.19.10-hotspot\bin\net.dll
Event: 0.108 Loaded shared library C:\Program Files\Eclipse Adoptium\jdk-17.0.19.10-hotspot\bin\nio.dll
Event: 0.158 Loaded shared library C:\Program Files\Eclipse Adoptium\jdk-17.0.19.10-hotspot\bin\zip.dll
Event: 0.217 Loaded shared library C:\Program Files\Eclipse Adoptium\jdk-17.0.19.10-hotspot\bin\jimage.dll
Event: 3.301 Loaded shared library C:\Program Files\Eclipse Adoptium\jdk-17.0.19.10-hotspot\bin\verify.dll

Deoptimization events (20 events):
Event: 10.924 Thread 0x0000024ca670db20 Uncommon trap: trap_request=0xffffffde fr.pc=0x0000024cb76e7b90 relative=0x00000000000012b0
Event: 10.924 Thread 0x0000024ca670db20 Uncommon trap: reason=class_check action=maybe_recompile pc=0x0000024cb76e7b90 method=org.jetbrains.kotlin.lexer._JetLexer.advance()Lorg/jetbrains/kotlin/com/intellij/psi/tree/IElementType; @ 2230 c2
Event: 10.924 Thread 0x0000024ca670db20 DEOPT PACKING pc=0x0000024cb76e7b90 sp=0x0000005cf10fcf30
Event: 10.924 Thread 0x0000024ca670db20 DEOPT UNPACKING pc=0x0000024cb6fe69a3 sp=0x0000005cf10fcec8 mode 2
Event: 11.090 Thread 0x0000024ca670db20 Uncommon trap: trap_request=0xffffffde fr.pc=0x0000024cb76e7b90 relative=0x00000000000012b0
Event: 11.090 Thread 0x0000024ca670db20 Uncommon trap: reason=class_check action=maybe_recompile pc=0x0000024cb76e7b90 method=org.jetbrains.kotlin.lexer._JetLexer.advance()Lorg/jetbrains/kotlin/com/intellij/psi/tree/IElementType; @ 2230 c2
Event: 11.090 Thread 0x0000024ca670db20 DEOPT PACKING pc=0x0000024cb76e7b90 sp=0x0000005cf10fcf30
Event: 11.090 Thread 0x0000024ca670db20 DEOPT UNPACKING pc=0x0000024cb6fe69a3 sp=0x0000005cf10fcec8 mode 2
Event: 11.090 Thread 0x0000024ca670db20 Uncommon trap: trap_request=0xffffffde fr.pc=0x0000024cb76faaa0 relative=0x0000000000004ba0
Event: 11.090 Thread 0x0000024ca670db20 Uncommon trap: reason=class_check action=maybe_recompile pc=0x0000024cb76faaa0 method=org.jetbrains.kotlin.parsing.AbstractKotlinParsing.at(Lorg/jetbrains/kotlin/com/intellij/psi/tree/IElementType;)Z @ 30 c2
Event: 11.090 Thread 0x0000024ca670db20 DEOPT PACKING pc=0x0000024cb76faaa0 sp=0x0000005cf10fbc90
Event: 11.090 Thread 0x0000024ca670db20 DEOPT UNPACKING pc=0x0000024cb6fe69a3 sp=0x0000005cf10fbca0 mode 2
Event: 11.095 Thread 0x0000024ca670db20 Uncommon trap: trap_request=0xffffffde fr.pc=0x0000024cb76e7b90 relative=0x00000000000012b0
Event: 11.096 Thread 0x0000024ca670db20 Uncommon trap: reason=class_check action=maybe_recompile pc=0x0000024cb76e7b90 method=org.jetbrains.kotlin.lexer._JetLexer.advance()Lorg/jetbrains/kotlin/com/intellij/psi/tree/IElementType; @ 2230 c2
Event: 11.096 Thread 0x0000024ca670db20 DEOPT PACKING pc=0x0000024cb76e7b90 sp=0x0000005cf10fcf30
Event: 11.096 Thread 0x0000024ca670db20 DEOPT UNPACKING pc=0x0000024cb6fe69a3 sp=0x0000005cf10fcec8 mode 2
Event: 11.096 Thread 0x0000024ca670db20 Uncommon trap: trap_request=0xffffffde fr.pc=0x0000024cb76faaa0 relative=0x0000000000004ba0
Event: 11.096 Thread 0x0000024ca670db20 Uncommon trap: reason=class_check action=maybe_recompile pc=0x0000024cb76faaa0 method=org.jetbrains.kotlin.parsing.AbstractKotlinParsing.at(Lorg/jetbrains/kotlin/com/intellij/psi/tree/IElementType;)Z @ 30 c2
Event: 11.096 Thread 0x0000024ca670db20 DEOPT PACKING pc=0x0000024cb76faaa0 sp=0x0000005cf10fbc90
Event: 11.096 Thread 0x0000024ca670db20 DEOPT UNPACKING pc=0x0000024cb6fe69a3 sp=0x0000005cf10fbca0 mode 2

Classes loaded (20 events):
Event: 8.256 Loading class java/util/AbstractList$SubList done
Event: 8.256 Loading class java/util/AbstractList$RandomAccessSubList done
Event: 8.256 Loading class java/util/AbstractList$SubList$1
Event: 8.256 Loading class java/util/AbstractList$SubList$1 done
Event: 8.432 Loading class java/text/StringCharacterIterator
Event: 8.432 Loading class java/text/CharacterIterator
Event: 8.433 Loading class java/text/CharacterIterator done
Event: 8.433 Loading class java/text/StringCharacterIterator done
Event: 10.035 Loading class java/util/stream/LongStream
Event: 10.035 Loading class java/util/stream/LongStream done
Event: 10.035 Loading class java/util/stream/DoubleStream
Event: 10.036 Loading class java/util/stream/DoubleStream done
Event: 10.260 Loading class java/util/EnumMap$EntrySet
Event: 10.260 Loading class java/util/EnumMap$EntrySet done
Event: 10.260 Loading class java/util/EnumMap$EntryIterator
Event: 10.261 Loading class java/util/EnumMap$EnumMapIterator
Event: 10.261 Loading class java/util/EnumMap$EnumMapIterator done
Event: 10.261 Loading class java/util/EnumMap$EntryIterator done
Event: 10.261 Loading class java/util/EnumMap$EntryIterator$Entry
Event: 10.261 Loading class java/util/EnumMap$EntryIterator$Entry done

Classes unloaded (0 events):
No events

Classes redefined (0 events):
No events

Internal exceptions (20 events):
Event: 5.445 Thread 0x0000024ca670db20 Exception <a 'java/lang/NoSuchMethodError'{0x0000000086ac9d78}: 'java.lang.Object java.lang.invoke.DirectMethodHandle$Holder.newInvokeSpecial(java.lang.Object, java.lang.Object, int)'> (0x0000000086ac9d78) 
thrown [s\src\hotspot\share\interpreter\linkResolver.cpp, line 759]
Event: 5.451 Thread 0x0000024ca670db20 Exception <a 'java/lang/NoSuchMethodError'{0x0000000086ae5730}: 'java.lang.Object java.lang.invoke.DirectMethodHandle$Holder.invokeVirtual(java.lang.Object, java.lang.Object, java.lang.Object)'> (0x0000000086ae5730) 
thrown [s\src\hotspot\share\interpreter\linkResolver.cpp, line 759]
Event: 6.985 Thread 0x0000024ca670db20 Exception <a 'java/lang/NoSuchMethodError'{0x00000000862188c0}: 'java.lang.Object java.lang.invoke.DirectMethodHandle$Holder.newInvokeSpecial(java.lang.Object, java.lang.Object, java.lang.Object, java.lang.Object, java.lang.Object, java.lang.Object, java.lang.Object)'> (0x00000000862188c0) 
thrown [s\src\hotspot\share\interpreter\linkResolver.cpp, line 759]
Event: 6.986 Thread 0x0000024ca670db20 Exception <a 'java/lang/NoSuchMethodError'{0x000000008621d1d0}: 'java.lang.Object java.lang.invoke.Invokers$Holder.linkToTargetMethod(java.lang.Object, java.lang.Object, java.lang.Object, java.lang.Object, java.lang.Object, java.lang.Object, java.lang.Object)'> (0x000000008621d1d0) 
thrown [s\src\hotspot\share\interpreter\linkResolver.cpp, line 759]
Event: 7.751 Thread 0x0000024ca670db20 Exception <a 'java/lang/NoSuchMethodError'{0x000000008728ef38}: 'java.lang.Object java.lang.invoke.DirectMethodHandle$Holder.newInvokeSpecial(java.lang.Object, java.lang.Object, java.lang.Object, int)'> (0x000000008728ef38) 
thrown [s\src\hotspot\share\interpreter\linkResolver.cpp, line 759]
Event: 7.751 Thread 0x0000024ca670db20 Exception <a 'java/lang/NoSuchMethodError'{0x00000000872935c0}: 'java.lang.Object java.lang.invoke.DirectMethodHandle$Holder.invokeSpecial(java.lang.Object, java.lang.Object, java.lang.Object, java.lang.Object, int)'> (0x00000000872935c0) 
thrown [s\src\hotspot\share\interpreter\linkResolver.cpp, line 759]
Event: 7.752 Thread 0x0000024ca670db20 Exception <a 'java/lang/NoSuchMethodError'{0x0000000087297430}: 'java.lang.Object java.lang.invoke.Invokers$Holder.linkToTargetMethod(java.lang.Object, java.lang.Object, int, java.lang.Object)'> (0x0000000087297430) 
thrown [s\src\hotspot\share\interpreter\linkResolver.cpp, line 759]
Event: 7.836 Thread 0x0000024ca670db20 Exception <a 'java/lang/NoSuchMethodError'{0x0000000089d1ecb0}: 'int java.lang.invoke.DirectMethodHandle$Holder.invokeVirtual(java.lang.Object, java.lang.Object)'> (0x0000000089d1ecb0) 
thrown [s\src\hotspot\share\interpreter\linkResolver.cpp, line 759]
Event: 7.919 Thread 0x0000024ca670db20 Exception <a 'java/lang/NoSuchMethodError'{0x00000000875c27b8}: 'java.lang.Object java.lang.invoke.DirectMethodHandle$Holder.newInvokeSpecial(java.lang.Object, java.lang.Object, java.lang.Object, java.lang.Object, java.lang.Object, java.lang.Object, java.lang.Object, java.lang.Object)'> (0x00000000875c27b8) 
thrown [s\src\hotspot\share\interpreter\linkResolver.cpp, line 759]
Event: 7.919 Thread 0x0000024ca670db20 Exception <a 'java/lang/NoSuchMethodError'{0x00000000875c8320}: 'java.lang.Object java.lang.invoke.DirectMethodHandle$Holder.invokeSpecial(java.lang.Object, java.lang.Object, java.lang.Object, java.lang.Object, java.lang.Object, java.lang.Object, java.lang.Object, java.lang.Object, java.lang.Object)'> (0x00000000875c8320) 
thrown [s\src\hotspot\share\interpreter\linkResolver.cpp, line 759]
Event: 7.920 Thread 0x0000024ca670db20 Exception <a 'java/lang/NoSuchMethodError'{0x00000000875cd7a0}: 'java.lang.Object java.lang.invoke.Invokers$Holder.linkToTargetMethod(java.lang.Object, java.lang.Object, java.lang.Object, java.lang.Object, java.lang.Object, java.lang.Object, java.lang.Object, java.lang.Object)'> (0x00000000875cd7a0) 
thrown [s\src\hotspot\share\interpreter\linkResolver.cpp, line 759]
Event: 8.377 Thread 0x0000024ca670db20 Exception <a 'java/lang/NoSuchMethodError'{0x0000000086ad87c0}: 'java.lang.Object java.lang.invoke.DirectMethodHandle$Holder.newInvokeSpecial(java.lang.Object, java.lang.Object, java.lang.Object, java.lang.Object, int)'> (0x0000000086ad87c0) 
thrown [s\src\hotspot\share\interpreter\linkResolver.cpp, line 759]
Event: 8.382 Thread 0x0000024ca670db20 Exception <a 'java/lang/NoSuchMethodError'{0x0000000086add2f0}: 'java.lang.Object java.lang.invoke.DirectMethodHandle$Holder.invokeSpecial(java.lang.Object, java.lang.Object, java.lang.Object, java.lang.Object, java.lang.Object, int)'> (0x0000000086add2f0) 
thrown [s\src\hotspot\share\interpreter\linkResolver.cpp, line 759]
Event: 8.383 Thread 0x0000024ca670db20 Exception <a 'java/lang/NoSuchMethodError'{0x0000000086ae17d0}: 'java.lang.Object java.lang.invoke.Invokers$Holder.linkToTargetMethod(java.lang.Object, java.lang.Object, java.lang.Object, int, java.lang.Object)'> (0x0000000086ae17d0) 
thrown [s\src\hotspot\share\interpreter\linkResolver.cpp, line 759]
Event: 10.104 Thread 0x0000024ca670db20 Exception <a 'java/lang/NoSuchMethodError'{0x0000000086261a48}: 'java.lang.Object java.lang.invoke.DirectMethodHandle$Holder.invokeStatic(java.lang.Object, java.lang.Object, java.lang.Object, java.lang.Object, int)'> (0x0000000086261a48) 
thrown [s\src\hotspot\share\interpreter\linkResolver.cpp, line 759]
Event: 10.328 Thread 0x0000024ca670db20 Exception <a 'java/lang/NoSuchMethodError'{0x000000008a5d7178}: 'java.lang.Object java.lang.invoke.DirectMethodHandle$Holder.newInvokeSpecial(java.lang.Object, java.lang.Object, java.lang.Object, java.lang.Object, int, java.lang.Object)'> (0x000000008a5d7178) 
thrown [s\src\hotspot\share\interpreter\linkResolver.cpp, line 759]
Event: 10.682 Thread 0x0000024ca670db20 Exception <a 'java/lang/NoSuchMethodError'{0x0000000089d924d0}: 'java.lang.Object java.lang.invoke.DirectMethodHandle$Holder.newInvokeSpecial(java.lang.Object, java.lang.Object, java.lang.Object, java.lang.Object, java.lang.Object, java.lang.Object)'> (0x0000000089d924d0) 
thrown [s\src\hotspot\share\interpreter\linkResolver.cpp, line 759]
Event: 10.691 Thread 0x0000024ca670db20 Implicit null exception at 0x0000024cb757500f to 0x0000024cb7575590
Event: 11.307 Thread 0x0000024ca670db20 Exception <a 'java/lang/NoSuchMethodError'{0x0000000088f2a4e0}: 'java.lang.Object java.lang.invoke.DirectMethodHandle$Holder.newInvokeSpecial(java.lang.Object, int, java.lang.Object)'> (0x0000000088f2a4e0) 
thrown [s\src\hotspot\share\interpreter\linkResolver.cpp, line 759]
Event: 11.308 Thread 0x0000024ca670db20 Exception <a 'java/lang/NoSuchMethodError'{0x0000000088f30788}: 'int java.lang.invoke.DirectMethodHandle$Holder.invokeInterface(java.lang.Object, java.lang.Object)'> (0x0000000088f30788) 
thrown [s\src\hotspot\share\interpreter\linkResolver.cpp, line 759]

VM Operations (20 events):
Event: 9.870 Executing VM operation: HandshakeAllThreads
Event: 9.870 Executing VM operation: HandshakeAllThreads done
Event: 9.929 Executing VM operation: HandshakeAllThreads
Event: 9.929 Executing VM operation: HandshakeAllThreads done
Event: 9.991 Executing VM operation: HandshakeAllThreads
Event: 9.991 Executing VM operation: HandshakeAllThreads done
Event: 10.032 Executing VM operation: HandshakeAllThreads
Event: 10.032 Executing VM operation: HandshakeAllThreads done
Event: 10.137 Executing VM operation: G1CollectForAllocation
Event: 10.153 Executing VM operation: G1CollectForAllocation done
Event: 10.181 Executing VM operation: HandshakeAllThreads
Event: 10.181 Executing VM operation: HandshakeAllThreads done
Event: 10.218 Executing VM operation: G1PauseRemark
Event: 10.225 Executing VM operation: G1PauseRemark done
Event: 10.255 Executing VM operation: G1PauseCleanup
Event: 10.255 Executing VM operation: G1PauseCleanup done
Event: 10.780 Executing VM operation: HandshakeAllThreads
Event: 10.780 Executing VM operation: HandshakeAllThreads done
Event: 10.971 Executing VM operation: ICBufferFull
Event: 10.971 Executing VM operation: ICBufferFull done

Memory protections (0 events):
No events

Nmethod flushes (0 events):
No events

Events (12 events):
Event: 0.042 Thread 0x0000024ca670db20 Thread added: 0x0000024ca670db20
Event: 0.047 Thread 0x0000024ca670db20 Thread added: 0x0000024cc6ab4cf0
Event: 0.047 Thread 0x0000024ca670db20 Thread added: 0x0000024cc6ab73a0
Event: 0.062 Thread 0x0000024ca670db20 Thread added: 0x0000024cc6ad01c0
Event: 0.062 Thread 0x0000024ca670db20 Thread added: 0x0000024cc6ad0d80
Event: 0.062 Thread 0x0000024ca670db20 Thread added: 0x0000024cc6ad2850
Event: 0.062 Thread 0x0000024ca670db20 Thread added: 0x0000024cc6ad3210
Event: 0.062 Thread 0x0000024ca670db20 Thread added: 0x0000024cc6ad3fb0
Event: 0.062 Thread 0x0000024ca670db20 Thread added: 0x0000024cc6ae1390
Event: 0.063 Thread 0x0000024ca670db20 Thread added: 0x0000024cc6ae6cd0
Event: 0.095 Thread 0x0000024ca670db20 Thread added: 0x0000024d0c0f8e70
Event: 0.099 Thread 0x0000024ca670db20 Thread added: 0x0000024d0c0fa2b0


Dynamic libraries:
0x00007ff6c3720000 - 0x00007ff6c372e000 	C:\Program Files\Eclipse Adoptium\jdk-17.0.19.10-hotspot\bin\java.exe
0x00007ffe55850000 - 0x00007ffe55a67000 	C:\WINDOWS\SYSTEM32\ntdll.dll
0x00007ffe53d20000 - 0x00007ffe53de4000 	C:\WINDOWS\System32\KERNEL32.DLL
0x00007ffe52b80000 - 0x00007ffe52f52000 	C:\WINDOWS\System32\KERNELBASE.dll
0x00007ffe53250000 - 0x00007ffe53361000 	C:\WINDOWS\System32\ucrtbase.dll
0x00007ffe386c0000 - 0x00007ffe386de000 	C:\Program Files\Eclipse Adoptium\jdk-17.0.19.10-hotspot\bin\VCRUNTIME140.dll
0x00007ffe32d80000 - 0x00007ffe32d98000 	C:\Program Files\Eclipse Adoptium\jdk-17.0.19.10-hotspot\bin\jli.dll
0x00007ffe54740000 - 0x00007ffe548f1000 	C:\WINDOWS\System32\USER32.dll
0x00007ffe3b710000 - 0x00007ffe3b9ab000 	C:\WINDOWS\WinSxS\amd64_microsoft.windows.common-controls_6595b64144ccf1df_6.0.22621.5547_none_27104afb73855772\COMCTL32.dll
0x00007ffe52f90000 - 0x00007ffe52fb6000 	C:\WINDOWS\System32\win32u.dll
0x00007ffe54580000 - 0x00007ffe54627000 	C:\WINDOWS\System32\msvcrt.dll
0x00007ffe53b60000 - 0x00007ffe53b89000 	C:\WINDOWS\System32\GDI32.dll
0x00007ffe53080000 - 0x00007ffe531a3000 	C:\WINDOWS\System32\gdi32full.dll
0x00007ffe531b0000 - 0x00007ffe5324a000 	C:\WINDOWS\System32\msvcp_win.dll
0x00007ffe542b0000 - 0x00007ffe542e1000 	C:\WINDOWS\System32\IMM32.DLL
0x00007ffe32d70000 - 0x00007ffe32d7c000 	C:\Program Files\Eclipse Adoptium\jdk-17.0.19.10-hotspot\bin\vcruntime140_1.dll
0x00007ffe22640000 - 0x00007ffe226cd000 	C:\Program Files\Eclipse Adoptium\jdk-17.0.19.10-hotspot\bin\msvcp140.dll
0x00007ffe06e10000 - 0x00007ffe07a7c000 	C:\Program Files\Eclipse Adoptium\jdk-17.0.19.10-hotspot\bin\server\jvm.dll
0x00007ffe54970000 - 0x00007ffe54a21000 	C:\WINDOWS\System32\ADVAPI32.dll
0x00007ffe54a30000 - 0x00007ffe54ad8000 	C:\WINDOWS\System32\sechost.dll
0x00007ffe52f60000 - 0x00007ffe52f88000 	C:\WINDOWS\System32\bcrypt.dll
0x00007ffe54460000 - 0x00007ffe54574000 	C:\WINDOWS\System32\RPCRT4.dll
0x00007ffe53640000 - 0x00007ffe536b1000 	C:\WINDOWS\System32\WS2_32.dll
0x00007ffe52810000 - 0x00007ffe5285d000 	C:\WINDOWS\SYSTEM32\POWRPROF.dll
0x00007ffe40330000 - 0x00007ffe4033a000 	C:\WINDOWS\SYSTEM32\VERSION.dll
0x00007ffe48db0000 - 0x00007ffe48de4000 	C:\WINDOWS\SYSTEM32\WINMM.dll
0x00007ffe527f0000 - 0x00007ffe52803000 	C:\WINDOWS\SYSTEM32\UMPDC.dll
0x00007ffe51930000 - 0x00007ffe51948000 	C:\WINDOWS\SYSTEM32\kernel.appcore.dll
0x00007ffe30c30000 - 0x00007ffe30c3a000 	C:\Program Files\Eclipse Adoptium\jdk-17.0.19.10-hotspot\bin\jimage.dll
0x00007ffe4d0b0000 - 0x00007ffe4d2e3000 	C:\WINDOWS\SYSTEM32\DBGHELP.DLL
0x00007ffe54bc0000 - 0x00007ffe54f53000 	C:\WINDOWS\System32\combase.dll
0x00007ffe54ae0000 - 0x00007ffe54bb7000 	C:\WINDOWS\System32\OLEAUT32.dll
0x00007ffe3b4f0000 - 0x00007ffe3b522000 	C:\WINDOWS\SYSTEM32\dbgcore.DLL
0x00007ffe52b00000 - 0x00007ffe52b7b000 	C:\WINDOWS\System32\bcryptPrimitives.dll
0x00007ffe30bf0000 - 0x00007ffe30c15000 	C:\Program Files\Eclipse Adoptium\jdk-17.0.19.10-hotspot\bin\java.dll
0x00007ffe21f20000 - 0x00007ffe21ff7000 	C:\Program Files\Eclipse Adoptium\jdk-17.0.19.10-hotspot\bin\jsvml.dll
0x00007ffe54f60000 - 0x00007ffe55802000 	C:\WINDOWS\System32\SHELL32.dll
0x00007ffe52940000 - 0x00007ffe52a7f000 	C:\WINDOWS\System32\wintypes.dll
0x00007ffe50820000 - 0x00007ffe5113d000 	C:\WINDOWS\SYSTEM32\windows.storage.dll
0x00007ffe54630000 - 0x00007ffe5473c000 	C:\WINDOWS\System32\SHCORE.dll
0x00007ffe54900000 - 0x00007ffe54969000 	C:\WINDOWS\System32\shlwapi.dll
0x00007ffe52870000 - 0x00007ffe5289b000 	C:\WINDOWS\SYSTEM32\profapi.dll
0x00007ffe22620000 - 0x00007ffe2263a000 	C:\Program Files\Eclipse Adoptium\jdk-17.0.19.10-hotspot\bin\net.dll
0x00007ffe47fe0000 - 0x00007ffe4810c000 	C:\WINDOWS\SYSTEM32\WINHTTP.dll
0x00007ffe51da0000 - 0x00007ffe51e09000 	C:\WINDOWS\system32\mswsock.dll
0x00007ffe21f00000 - 0x00007ffe21f16000 	C:\Program Files\Eclipse Adoptium\jdk-17.0.19.10-hotspot\bin\nio.dll
0x00007ffe30bd0000 - 0x00007ffe30be8000 	C:\Program Files\Eclipse Adoptium\jdk-17.0.19.10-hotspot\bin\zip.dll
0x00007ffe22610000 - 0x00007ffe22620000 	C:\Program Files\Eclipse Adoptium\jdk-17.0.19.10-hotspot\bin\verify.dll

dbghelp: loaded successfully - version: 4.0.5 - missing functions: none
symbol engine: initialized successfully - sym options: 0x614 - pdb path: .;C:\Program Files\Eclipse Adoptium\jdk-17.0.19.10-hotspot\bin;C:\WINDOWS\SYSTEM32;C:\WINDOWS\WinSxS\amd64_microsoft.windows.common-controls_6595b64144ccf1df_6.0.22621.5547_none_27104afb73855772;C:\Program Files\Eclipse Adoptium\jdk-17.0.19.10-hotspot\bin\server

VM Arguments:
java_command: org.jetbrains.kotlin.cli.jvm.K2JVMCompiler @C:\flutter\packages\flutter_tools\gradle\build\20260815_18253813016970970845.compiler.options
java_class_path (initial): C:\Users\admin\.gradle\caches\modules-2\files-2.1\org.jetbrains.kotlin\kotlin-compiler-embeddable\2.0.21\79346ed53db48b18312a472602eb5c057070c54d\kotlin-compiler-embeddable-2.0.21.jar;C:\Users\admin\.gradle\caches\modules-2\files-2.1\org.jetbrains.kotlin\kotlin-stdlib\2.0.21\618b539767b4899b4660a83006e052b63f1db551\kotlin-stdlib-2.0.21.jar;C:\Users\admin\.gradle\caches\modules-2\files-2.1\org.jetbrains.kotlin\kotlin-script-runtime\2.0.21\c9b044380ad41f89aa89aa896c2d32a8c0b2129d\kotlin-script-runtime-2.0.21.jar;C:\Users\admin\.gradle\caches\modules-2\files-2.1\org.jetbrains.kotlin\kotlin-reflect\1.6.10\1cbe9c92c12a94eea200d23c2bbaedaf3daf5132\kotlin-reflect-1.6.10.jar;C:\Users\admin\.gradle\caches\modules-2\files-2.1\org.jetbrains.kotlin\kotlin-daemon-embeddable\2.0.21\c9e933b23287de9b5a17e2116b4657bb91aea72c\kotlin-daemon-embeddable-2.0.21.jar;C:\Users\admin\.gradle\caches\modules-2\files-2.1\org.jetbrains.intellij.deps\trove4j\1.0.20200330\3afb14d5f9ceb459d724e907a21145e8ff394f02\trove4j-1.0.20200330.jar;C:\Users\admin\.gradle\caches\modules-2\files-2.1\org.jetbrains.kotlinx\kotlinx-coroutines-core-jvm\1.6.4\2c997cd1c0ef33f3e751d3831929aeff1390cb30\kotlinx-coroutines-core-jvm-1.6.4.jar;C:\Users\admin\.gradle\caches\modules-2\files-2.1\org.jetbrains\annotations\13.0\919f0dfe192fb4e063e7dacadee7f8bb9a2672a9\annotations-13.0.jar
Launcher Type: SUN_STANDARD

[Global flags]
     intx CICompilerCount                          = 4                                         {product} {ergonomic}
     uint ConcGCThreads                            = 2                                         {product} {ergonomic}
     uint G1ConcRefinementThreads                  = 8                                         {product} {ergonomic}
   size_t G1HeapRegionSize                         = 1048576                                   {product} {ergonomic}
    uintx GCDrainStackTargetSize                   = 64                                        {product} {ergonomic}
   size_t InitialHeapSize                          = 134217728                                 {product} {ergonomic}
   size_t MarkStackSize                            = 4194304                                   {product} {ergonomic}
   size_t MaxHeapSize                              = 2116026368                                {product} {ergonomic}
   size_t MaxNewSize                               = 1268776960                                {product} {ergonomic}
   size_t MinHeapDeltaBytes                        = 1048576                                   {product} {ergonomic}
   size_t MinHeapSize                              = 8388608                                   {product} {ergonomic}
    uintx NonNMethodCodeHeapSize                   = 5839372                                {pd product} {ergonomic}
    uintx NonProfiledCodeHeapSize                  = 122909434                              {pd product} {ergonomic}
    uintx ProfiledCodeHeapSize                     = 122909434                              {pd product} {ergonomic}
    uintx ReservedCodeCacheSize                    = 251658240                              {pd product} {ergonomic}
     bool SegmentedCodeCache                       = true                                      {product} {ergonomic}
   size_t SoftMaxHeapSize                          = 2116026368                             {manageable} {ergonomic}
     bool UseCompressedClassPointers               = true                           {product lp64_product} {ergonomic}
     bool UseCompressedOops                        = true                           {product lp64_product} {ergonomic}
     bool UseG1GC                                  = true                                      {product} {ergonomic}
     bool UseLargePagesIndividualAllocation        = false                                  {pd product} {ergonomic}

Logging:
Log output configuration:
 #0: stdout all=warning uptime,level,tags
 #1: stderr all=off uptime,level,tags

Environment Variables:
JAVA_HOME=C:\Program Files\Eclipse Adoptium\jdk-25.0.1.8-hotspot
PATH=C:\Program Files\Eclipse Adoptium\jdk-17.0.19.10-hotspot\bin;C:\Program Files (x86)\VMware\VMware Workstation\bin\;C:\Program Files\Python312\Scripts\;C:\Program Files\Python312\;C:\WINDOWS\system32;C:\WINDOWS;C:\WINDOWS\System32\Wbem;C:\WINDOWS\System32\WindowsPowerShell\v1.0\;C:\WINDOWS\System32\OpenSSH\;C:\Program Files (x86)\Microsoft SQL Server\160\Tools\Binn\;C:\Program Files\Microsoft SQL Server\160\Tools\Binn\;C:\Program Files\Microsoft SQL Server\Client SDK\ODBC\170\Tools\Binn\;C:\Program Files\Microsoft SQL Server\160\DTS\Binn\;C:\Program Files (x86)\Microsoft SQL Server\160\DTS\Binn\;C:\Windows\system32\python;C:\sqlite3;C:\Program Files\nodejs\;C:\MinGW\bin;C:\curl\bin;C:\curl\include;C:\MinGW;C:\MinGW\lib;C:\GnuWin32\bin;C:\OpenSSL-Win64\bin;C:\Program Files\PostgreSQL\17\bin;C:\Program Files\Eclipse Adoptium\jdk-25.0.1.8-hotspot\bin;C:\Program Files\Heroku\bin;C:\Program Files\Git\cmd;C:\Program Files (x86)\VMware\VMware Workstation\bin\;C:\Program Files\Python312\Scripts\;C:\Program Files\Python312\;C:\WINDOWS\system32;C:\WINDOWS;C:\WINDOWS\System32\Wbem;C:\WINDOWS\System32\WindowsPowerShell\v1.0\;C:\WINDOWS\System32\OpenSSH\;C:\Program Files (x86)\Microsoft SQL Server\160\Tools\Binn\;C:\Program Files\Microsoft SQL Server\160\Tools\Binn\;C:\Program Files\Microsoft SQL Server\Client SDK\ODBC\170\Tools\Binn\;C:\Program Files\Microsoft SQL Server\160\DTS\Binn\;C:\Program Files (x86)\Microsoft SQL Server\160\DTS\Binn\;C:\Windows\system32\python;C:\sqlite3;C:\Program Files\nodejs\;C:\MinGW\bin;C:\curl\bin;C:\curl\include;C:\MinGW;C:\MinGW\lib;C:\GnuWin32\bin;C:\OpenSSL-Win64\bin;C:\Program Files\PostgreSQL\17\bin;C:\Program Files\Eclipse Adoptium\jdk-25.0.1.8-hotspot\bin;C:\Program Files\Git\cmd;C:\Program Files\Docker\Docker\resources\bin;C:\Program Files\Heroku\bin;C:\Users\admin\AppData\Local\Programs\Microsoft VS Code;C:\Program Files\P;C:\flutter\bin\flutter;C:\flutter\bin;C:\Users\admin\AppData\Local\Programs\Microsoft VS Code\bin
USERNAME=admin
OS=Windows_NT
PROCESSOR_IDENTIFIER=Intel64 Family 6 Model 142 Stepping 10, GenuineIntel
TMP=C:\Users\admin\AppData\Local\Temp
TEMP=C:\Users\admin\AppData\Local\Temp



Periodic native trim disabled


---------------  S Y S T E M  ---------------

OS:
 Windows 11 , 64 bit Build 22621 (10.0.22621.5415)
OS uptime: 0 days 1:39 hours
Hyper-V role detected

CPU: total 8 (initial active 8) (4 cores per cpu, 2 threads per core) family 6 model 142 stepping 10 microcode 0xf4, cx8, cmov, fxsr, ht, mmx, 3dnowpref, sse, sse2, sse3, ssse3, sse4.1, sse4.2, popcnt, lzcnt, tsc, tscinvbit, avx, avx2, aes, erms, clmul, bmi1, bmi2, rtm, adx, fma, vzeroupper, clflush, clflushopt, hv
Processor Information for all 8 processors :
  Max Mhz: 1896, Current Mhz: 1696, Mhz Limit: 1687

Memory: 4k page, system-wide physical 8070M (224M free)
TotalPageFile size 18119M (AvailPageFile size 3M)
current process WorkingSet (physical memory assigned to process): 249M, peak: 249M
current process commit charge ("private bytes"): 313M, peak: 316M

vm_info: OpenJDK 64-Bit Server VM (17.0.19+10) for windows-amd64 JRE (17.0.19+10), built on Apr 25 2026 08:04:44 by "admin" with MS VC++ 17.12 (VS2022)

END.
