#
# There is insufficient memory for the Java Runtime Environment to continue.
# Native memory allocation (malloc) failed to allocate 2138064 bytes. Error detail: Chunk::new
# Possible reasons:
#   The system is out of physical RAM or swap space
#   This process is running with CompressedOops enabled, and the Java Heap may be blocking the growth of the native heap
# Possible solutions:
#   Reduce memory load on the system
#   Increase physical memory or swap space
#   Check if swap backing store is full
#   Decrease Java heap size (-Xmx/-Xms)
#   Decrease number of Java threads
#   Decrease Java thread stack sizes (-Xss)
#   Set larger code cache with -XX:ReservedCodeCacheSize=
#   JVM is running with Zero Based Compressed Oops mode in which the Java heap is
#     placed in the first 32GB address space. The Java Heap base address is the
#     maximum limit for the native heap growth. Please use -XX:HeapBaseMinAddress
#     to set the Java Heap base and to place the Java Heap above 32GB virtual address.
# This output file may be truncated or incomplete.
#
#  Out of Memory Error (arena.cpp:191), pid=3892, tid=4492
#
# JRE version: OpenJDK Runtime Environment Temurin-17.0.19+10 (17.0.19+10) (build 17.0.19+10)
# Java VM: OpenJDK 64-Bit Server VM Temurin-17.0.19+10 (17.0.19+10, mixed mode, sharing, tiered, compressed oops, compressed class ptrs, g1 gc, windows-amd64)
# No core dump will be written. Minidumps are not enabled by default on client versions of Windows
#

---------------  S U M M A R Y ------------

Command Line: --add-opens=java.base/java.lang=ALL-UNNAMED --add-opens=java.base/java.lang.invoke=ALL-UNNAMED --add-opens=java.base/java.util=ALL-UNNAMED --add-opens=java.prefs/java.util.prefs=ALL-UNNAMED --add-exports=jdk.compiler/com.sun.tools.javac.api=ALL-UNNAMED --add-exports=jdk.compiler/com.sun.tools.javac.util=ALL-UNNAMED --add-opens=java.base/java.util=ALL-UNNAMED --add-opens=java.prefs/java.util.prefs=ALL-UNNAMED --add-opens=java.base/java.nio.charset=ALL-UNNAMED --add-opens=java.base/java.net=ALL-UNNAMED --add-opens=java.base/java.util.concurrent.atomic=ALL-UNNAMED --add-opens=java.xml/javax.xml.namespace=ALL-UNNAMED -XX:MaxMetaspaceSize=4G -XX:ReservedCodeCacheSize=512m -XX:+HeapDumpOnOutOfMemoryError -Xmx8G -Dfile.encoding=UTF-8 -Duser.country=FR -Duser.language=fr -Duser.variant -javaagent:C:\Users\admin\.gradle\wrapper\dists\gradle-8.14-all\c2qonpi39x1mddn7hk5gh9iqj\gradle-8.14\lib\agents\gradle-instrumentation-agent-8.14.jar org.gradle.launcher.daemon.bootstrap.GradleDaemon 8.14

Host: Intel(R) Core(TM) i5-8350U CPU @ 1.70GHz, 8 cores, 7G,  Windows 11 , 64 bit Build 22621 (10.0.22621.5415)
Time: Sun Sep 20 14:16:36 2026 Paris, Madrid (heure duild 22621 (10.0.22621.5415) elapsed time: 20.745177 seconds (0d 0h 0m 20s)

---------------  T H R E A D  ---------------

Current thread (0x000001723eb0c7e0):  JavaThread "C2 CompilerThread0" daemon [_thread_in_native, id=4492, stack(0x00000032b8100000,0x00000032b8200000)]


Current CompileTask:
C2:20745 3340   !   4       java.net.URLClassLoader$1::run (81 bytes)

Stack: [0x00000032b8100000,0x00000032b8200000]
Native frames: (J=compiled Java code, j=interpreted, Vv=VM code, C=native code)
V  [jvm.dll+0x684b29]
V  [jvm.dll+0x83a2d5]
V  [jvm.dll+0x83bd4e]
V  [jvm.dll+0x83c3d3]
V  [jvm.dll+0x24905f]
V  [jvm.dll+0xad536]
V  [jvm.dll+0xadbdc]
V  [jvm.dll+0x368d9e]
V  [jvm.dll+0x3331d5]
V  [jvm.dll+0x33263a]
V  [jvm.dll+0x219e69]
V  [jvm.dll+0x2192af]
V  [jvm.dll+0x1a49f0]
V  [jvm.dll+0x2299fa]
V  [jvm.dll+0x227bab]
V  [jvm.dll+0x7f0a88]
V  [jvm.dll+0x7eaf1c]
V  [jvm.dll+0x6839f7]
C  [ucrtbase.dll+0x29333]
C  [KERNEL32.DLL+0x1259d]
C  [ntdll.dll+0x5af78]


---------------  P R O C E S S  ---------------

Threads class SMR info:
_java_thread_list=0x0000017289e284b0, length=37, elements={
0x0000017203860bd0, 0x000001723eaf2b50, 0x000001723eaf38e0, 0x000001723eb09160,
0x000001723eb09a30, 0x000001723eb0a300, 0x000001723eb0abd0, 0x000001723eb0c7e0,
0x000001723eb0d1a0, 0x0000017241542f10, 0x000001724157b750, 0x000001724168c7e0,
0x00000172876dc600, 0x00000172416635e0, 0x0000017288c69ea0, 0x0000017287bd4050,
0x0000017288c268f0, 0x0000017288033c30, 0x0000017288035580, 0x0000017288035a90,
0x00000172880364b0, 0x0000017288035fa0, 0x0000017288032d00, 0x0000017288034140,
0x0000017288034650, 0x0000017288033720, 0x0000017288034b60, 0x0000017288035070,
0x0000017289ad7450, 0x0000017289ad7960, 0x0000017289ad8380, 0x0000017289ad7e70,
0x0000017289ad6520, 0x0000017289ad5b00, 0x0000017289ad50e0, 0x0000017289ad55f0,
0x0000017289ad6a30
}

Java Threads: ( => current thread )
  0x0000017203860bd0 JavaThread "main" [_thread_blocked, id=10280, stack(0x00000032b7400000,0x00000032b7500000)]
  0x000001723eaf2b50 JavaThread "Reference Handler" daemon [_thread_blocked, id=12788, stack(0x00000032b7b00000,0x00000032b7c00000)]
  0x000001723eaf38e0 JavaThread "Finalizer" daemon [_thread_blocked, id=4316, stack(0x00000032b7c00000,0x00000032b7d00000)]
  0x000001723eb09160 JavaThread "Signal Dispatcher" daemon [_thread_blocked, id=12160, stack(0x00000032b7d00000,0x00000032b7e00000)]
  0x000001723eb09a30 JavaThread "Attach Listener" daemon [_thread_blocked, id=13620, stack(0x00000032b7e00000,0x00000032b7f00000)]
  0x000001723eb0a300 JavaThread "Service Thread" daemon [_thread_blocked, id=5804, stack(0x00000032b7f00000,0x00000032b8000000)]
  0x000001723eb0abd0 JavaThread "Monitor Deflation Thread" daemon [_thread_blocked, id=6824, stack(0x00000032b8000000,0x00000032b8100000)]
=>0x000001723eb0c7e0 JavaThread "C2 CompilerThread0" daemon [_thread_in_native, id=4492, stack(0x00000032b8100000,0x00000032b8200000)]
  0x000001723eb0d1a0 JavaThread "C1 CompilerThread0" daemon [_thread_blocked, id=4160, stack(0x00000032b8200000,0x00000032b8300000)]
  0x0000017241542f10 JavaThread "Sweeper thread" daemon [_thread_blocked, id=336, stack(0x00000032b8300000,0x00000032b8400000)]
  0x000001724157b750 JavaThread "Common-Cleaner" daemon [_thread_blocked, id=11904, stack(0x00000032b8400000,0x00000032b8500000)]
  0x000001724168c7e0 JavaThread "Notification Thread" daemon [_thread_blocked, id=19248, stack(0x00000032b8500000,0x00000032b8600000)]
  0x00000172876dc600 JavaThread "Daemon health stats" [_thread_blocked, id=8620, stack(0x00000032b8c00000,0x00000032b8d00000)]
  0x00000172416635e0 JavaThread "Incoming local TCP Connector on port 52829" [_thread_in_native, id=18620, stack(0x00000032b8700000,0x00000032b8800000)]
  0x0000017288c69ea0 JavaThread "Daemon periodic checks" [_thread_blocked, id=11216, stack(0x00000032b8d00000,0x00000032b8e00000)]
  0x0000017287bd4050 JavaThread "Daemon" [_thread_blocked, id=18988, stack(0x00000032b8e00000,0x00000032b8f00000)]
  0x0000017288c268f0 JavaThread "Handler for socket connection from /127.0.0.1:52829 to /127.0.0.1:52830" [_thread_in_native, id=1556, stack(0x00000032b8f00000,0x00000032b9000000)]
  0x0000017288033c30 JavaThread "Cancel handler" [_thread_blocked, id=2784, stack(0x00000032b9000000,0x00000032b9100000)]
  0x0000017288035580 JavaThread "Daemon worker" [_thread_blocked, id=15808, stack(0x00000032b9100000,0x00000032b9200000)]
  0x0000017288035a90 JavaThread "Asynchronous log dispatcher for DefaultDaemonConnection: socket connection from /127.0.0.1:52829 to /127.0.0.1:52830" [_thread_blocked, id=18412, stack(0x00000032b9200000,0x00000032b9300000)]
  0x00000172880364b0 JavaThread "Stdin handler" [_thread_blocked, id=10352, stack(0x00000032b9300000,0x00000032b9400000)]
  0x0000017288035fa0 JavaThread "Daemon client event forwarder" [_thread_blocked, id=18696, stack(0x00000032b9400000,0x00000032b9500000)]
  0x0000017288032d00 JavaThread "Cache worker for journal cache (C:\Users\admin\.gradle\caches\journal-1)" [_thread_blocked, id=1376, stack(0x00000032b9500000,0x00000032b9600000)]
  0x0000017288034140 JavaThread "File lock request listener" [_thread_in_native, id=18704, stack(0x00000032b9600000,0x00000032b9700000)]
  0x0000017288034650 JavaThread "Cache worker for file hash cache (C:\Users\admin\.gradle\caches\8.14\fileHashes)" [_thread_blocked, id=8328, stack(0x00000032b9700000,0x00000032b9800000)]
  0x0000017288033720 JavaThread "File lock release action executor" [_thread_blocked, id=13516, stack(0x00000032b9b00000,0x00000032b9c00000)]
  0x0000017288034b60 JavaThread "Cache worker for file hash cache (C:\Users\admin\Downloads\livreurs-pro\flutter\flutter\examples\hello_world\android\.gradle\8.14\fileHashes)" [_thread_blocked, id=16256, stack(0x00000032b9c00000,0x00000032b9d00000)]
  0x0000017288035070 JavaThread "Cache worker for Build Output Cleanup Cache (C:\Users\admin\Downloads\livreurs-pro\flutter\flutter\examples\hello_world\android\.gradle\buildOutputCleanup)" [_thread_blocked, id=12652, stack(0x00000032b9d00000,0x00000032b9e00000)]
  0x0000017289ad7450 JavaThread "File watcher server" daemon [_thread_in_native, id=16228, stack(0x00000032b9f00000,0x00000032ba000000)]
  0x0000017289ad7960 JavaThread "File watcher consumer" daemon [_thread_blocked, id=15488, stack(0x00000032ba000000,0x00000032ba100000)]
  0x0000017289ad8380 JavaThread "jar transforms" [_thread_blocked, id=16752, stack(0x00000032ba100000,0x00000032ba200000)]
  0x0000017289ad7e70 JavaThread "jar transforms Thread 2" [_thread_blocked, id=10308, stack(0x00000032ba200000,0x00000032ba300000)]
  0x0000017289ad6520 JavaThread "jar transforms Thread 3" [_thread_blocked, id=18524, stack(0x00000032ba300000,0x00000032ba400000)]
  0x0000017289ad5b00 JavaThread "jar transforms Thread 4" [_thread_blocked, id=19264, stack(0x00000032ba400000,0x00000032ba500000)]
  0x0000017289ad50e0 JavaThread "jar transforms Thread 5" [_thread_blocked, id=13428, stack(0x00000032ba500000,0x00000032ba600000)]
  0x0000017289ad55f0 JavaThread "Cache worker for checksums cache (C:\Users\admin\Downloads\livreurs-pro\flutter\flutter\examples\hello_world\android\.gradle\8.14\checksums)" [_thread_blocked, id=1628, stack(0x00000032ba700000,0x00000032ba800000)]
  0x0000017289ad6a30 JavaThread "Cache worker for file content cache (C:\Users\admin\.gradle\caches\8.14\fileContent)" [_thread_blocked, id=12352, stack(0x00000032ba800000,0x00000032ba900000)]

Other Threads:
  0x000001723eaef270 VMThread "VM Thread" [stack: 0x00000032b7a00000,0x00000032b7b00000] [id=18636]
  0x00000172416689a0 WatcherThread [stack: 0x00000032b8600000,0x00000032b8700000] [id=3816]
  0x000001720390e6c0 GCTaskThread "GC Thread#0" [stack: 0x00000032b7500000,0x00000032b7600000] [id=6120]
  0x00000172871324f0 GCTaskThread "GC Thread#1" [stack: 0x00000032b8800000,0x00000032b8900000] [id=18676]
  0x000001728717b110 GCTaskThread "GC Thread#2" [stack: 0x00000032b8900000,0x00000032b8a00000] [id=8000]
  0x000001728826fb80 GCTaskThread "GC Thread#3" [stack: 0x00000032b8a00000,0x00000032b8b00000] [id=2804]
  0x000001728826fe40 GCTaskThread "GC Thread#4" [stack: 0x00000032b8b00000,0x00000032b8c00000] [id=6032]
  0x0000017287d5d1a0 GCTaskThread "GC Thread#5" [stack: 0x00000032b9800000,0x00000032b9900000] [id=13756]
  0x00000172885f3cd0 GCTaskThread "GC Thread#6" [stack: 0x00000032b9900000,0x00000032b9a00000] [id=4372]
  0x0000017288eee010 GCTaskThread "GC Thread#7" [stack: 0x00000032b9a00000,0x00000032b9b00000] [id=18916]
  0x000001723e940780 ConcurrentGCThread "G1 Main Marker" [stack: 0x00000032b7600000,0x00000032b7700000] [id=7328]
  0x000001723e940fb0 ConcurrentGCThread "G1 Conc#0" [stack: 0x00000032b7700000,0x00000032b7800000] [id=19224]
  0x0000017287d26410 ConcurrentGCThread "G1 Conc#1" [stack: 0x00000032b9e00000,0x00000032b9f00000] [id=13860]
  0x000001723e9a9ea0 ConcurrentGCThread "G1 Refine#0" [stack: 0x00000032b7800000,0x00000032b7900000] [id=1532]
  0x00000172870dc220 ConcurrentGCThread "G1 Refine#1" [stack: 0x00000032ba600000,0x00000032ba700000] [id=9344]
  0x000001723e9aa7e0 ConcurrentGCThread "G1 Service" [stack: 0x00000032b7900000,0x00000032b7a00000] [id=7908]

Threads with active compile tasks:
C2 CompilerThread0  20792 3340   !   4       java.net.URLClassLoader$1::run (81 bytes)

VM state: not at safepoint (normal execution)

VM Mutex/Monitor currently owned by a thread: None

Heap address: 0x0000000600000000, size: 8192 MB, Compressed Oops mode: Zero based, Oop shift amount: 3

CDS archive(s) mapped at: [0x0000017242000000-0x0000017242bb0000-0x0000017242bb0000), size 12255232, SharedBaseAddress: 0x0000017242000000, ArchiveRelocationMode: 1.
Compressed class space mapped at: 0x0000017243000000-0x0000017283000000, reserved size: 1073741824
Narrow klass base: 0x0000017242000000, Narrow klass shift: 0, Narrow klass range: 0x100000000

GC Precious Log:
 CPUs: 8 total, 8 available
 Memory: 8070M
 Large Page Support: Disabled
 NUMA Support: Disabled
 Compressed Oops: Enabled (Zero based)
 Heap Region Size: 4M
 Heap Min Capacity: 8M
 Heap Initial Capacity: 128M
 Heap Max Capacity: 8G
 Pre-touch: Disabled
 Parallel Workers: 8
 Concurrent Workers: 2
 Concurrent Refinement Workers: 8
 Periodic GC: Disabled

Heap:
 garbage-first heap   total 98304K, used 34116K [0x0000000600000000, 0x0000000800000000)
  region size 4096K, 3 young (12288K), 2 survivors (8192K)
 Metaspace       used 35714K, committed 36224K, reserved 1114112K
  class space    used 4915K, committed 5120K, reserved 1048576K

Heap Regions: E=young(eden), S=young(survivor), O=old, HS=humongous(starts), HC=humongous(continues), CS=collection set, F=free, OA=open archive, CA=closed archive, TAMS=top-at-mark-start (previous, next)
|   0|0x0000000600000000, 0x0000000600400000, 0x0000000600400000|100%|HS|  |TAMS 0x0000000600400000, 0x0000000600000000| Complete 
|   1|0x0000000600400000, 0x0000000600800000, 0x0000000600800000|100%| O|  |TAMS 0x0000000600800000, 0x0000000600400000| Untracked 
|   2|0x0000000600800000, 0x0000000600c00000, 0x0000000600c00000|100%| O|  |TAMS 0x0000000600c00000, 0x0000000600800000| Untracked 
|   3|0x0000000600c00000, 0x0000000600fe2200, 0x0000000601000000| 97%| O|  |TAMS 0x0000000600fe2200, 0x0000000600c00000| Untracked 
|   4|0x0000000601000000, 0x0000000601400000, 0x0000000601400000|100%| O|  |TAMS 0x0000000601400000, 0x0000000601000000| Untracked 
|   5|0x0000000601400000, 0x0000000601800000, 0x0000000601800000|100%| O|  |TAMS 0x00000006017efe00, 0x0000000601400000| Complete 
|   6|0x0000000601800000, 0x0000000601baf800, 0x0000000601c00000| 92%| O|  |TAMS 0x0000000601800000, 0x0000000601800000| Untracked 
|   7|0x0000000601c00000, 0x0000000601c00000, 0x0000000602000000|  0%| F|  |TAMS 0x0000000601c00000, 0x0000000601c00000| Untracked 
|   8|0x0000000602000000, 0x0000000602000000, 0x0000000602400000|  0%| F|  |TAMS 0x0000000602000000, 0x0000000602000000| Untracked 
|   9|0x0000000602400000, 0x0000000602400000, 0x0000000602800000|  0%| F|  |TAMS 0x0000000602400000, 0x0000000602400000| Untracked 
|  10|0x0000000602800000, 0x0000000602800000, 0x0000000602c00000|  0%| F|  |TAMS 0x0000000602800000, 0x0000000602800000| Untracked 
|  11|0x0000000602c00000, 0x0000000602c00000, 0x0000000603000000|  0%| F|  |TAMS 0x0000000602c00000, 0x0000000602c00000| Untracked 
|  12|0x0000000603000000, 0x0000000603000000, 0x0000000603400000|  0%| F|  |TAMS 0x0000000603000000, 0x0000000603000000| Untracked 
|  13|0x0000000603400000, 0x0000000603400000, 0x0000000603800000|  0%| F|  |TAMS 0x0000000603400000, 0x0000000603400000| Untracked 
|  14|0x0000000603800000, 0x0000000603800000, 0x0000000603c00000|  0%| F|  |TAMS 0x0000000603800000, 0x0000000603800000| Untracked 
|  15|0x0000000603c00000, 0x0000000603dbf9b0, 0x0000000604000000| 43%| S|CS|TAMS 0x0000000603c00000, 0x0000000603c00000| Complete 
|  16|0x0000000604000000, 0x0000000604400000, 0x0000000604400000|100%| S|CS|TAMS 0x0000000604000000, 0x0000000604000000| Complete 
|  17|0x0000000604400000, 0x0000000604400000, 0x0000000604800000|  0%| F|  |TAMS 0x0000000604400000, 0x0000000604400000| Untracked 
|  18|0x0000000604800000, 0x0000000604800000, 0x0000000604c00000|  0%| F|  |TAMS 0x0000000604800000, 0x0000000604800000| Untracked 
|  19|0x0000000604c00000, 0x0000000604c00000, 0x0000000605000000|  0%| F|  |TAMS 0x0000000604c00000, 0x0000000604c00000| Untracked 
|  20|0x0000000605000000, 0x0000000605000000, 0x0000000605400000|  0%| F|  |TAMS 0x0000000605000000, 0x0000000605000000| Untracked 
|  21|0x0000000605400000, 0x0000000605400000, 0x0000000605800000|  0%| F|  |TAMS 0x0000000605400000, 0x0000000605400000| Untracked 
|  22|0x0000000605800000, 0x0000000605800000, 0x0000000605c00000|  0%| F|  |TAMS 0x0000000605800000, 0x0000000605800000| Untracked 
|  31|0x0000000607c00000, 0x0000000607ca3328, 0x0000000608000000| 15%| E|  |TAMS 0x0000000607c00000, 0x0000000607c00000| Complete 

Card table byte_map: [0x000001722c930000,0x000001722d930000] _byte_map_base: 0x0000017229930000

Marking Bits (Prev, Next): (CMBitMap*) 0x000001723e930090, (CMBitMap*) 0x000001723e9300d0
 Prev Bits: [0x000001722e930000, 0x0000017236930000)
 Next Bits: [0x0000017236930000, 0x000001723e930000)

Polling page: 0x0000017201820000

Metaspace:

Usage:
  Non-class:     30.08 MB used.
      Class:      4.80 MB used.
       Both:     34.88 MB used.

Virtual space:
  Non-class space:       64.00 MB reserved,      30.38 MB ( 47%) committed,  1 nodes.
      Class space:        1.00 GB reserved,       5.00 MB ( <1%) committed,  1 nodes.
             Both:        1.06 GB reserved,      35.38 MB (  3%) committed. 

Chunk freelists:
   Non-Class:  1.05 MB
       Class:  10.91 MB
        Both:  11.95 MB

MaxMetaspaceSize: 4.00 GB
CompressedClassSpaceSize: 1.00 GB
Initial GC threshold: 21.00 MB
Current GC threshold: 58.88 MB
CDS: on
MetaspaceReclaimPolicy: balanced
 - commit_granule_bytes: 65536.
 - commit_granule_words: 8192.
 - virtual_space_node_default_size: 8388608.
 - enlarge_chunks_in_place: 1.
 - new_chunks_are_fully_committed: 0.
 - uncommit_free_chunks: 1.
 - use_allocation_guard: 0.
 - handle_deallocations: 1.


Internal statistics:

num_allocs_failed_limit: 6.
num_arena_births: 492.
num_arena_deaths: 0.
num_vsnodes_births: 2.
num_vsnodes_deaths: 0.
num_space_committed: 566.
num_space_uncommitted: 0.
num_chunks_returned_to_freelist: 6.
num_chunks_taken_from_freelist: 1828.
num_chunk_merges: 6.
num_chunk_splits: 1181.
num_chunks_enlarged: 782.
num_inconsistent_stats: 0.

CodeHeap 'non-profiled nmethods': size=259264Kb used=2232Kb max_used=2232Kb free=257031Kb
 bounds [0x000001721b6b0000, 0x000001721b920000, 0x000001722b3e0000]
CodeHeap 'profiled nmethods': size=259264Kb used=8807Kb max_used=8807Kb free=250457Kb
 bounds [0x000001720b3e0000, 0x000001720bc80000, 0x000001721b110000]
CodeHeap 'non-nmethods': size=5760Kb used=2299Kb max_used=2299Kb free=3460Kb
 bounds [0x000001721b110000, 0x000001721b380000, 0x000001721b6b0000]
 total_blobs=5057 nmethods=4249 adapters=720
 compilation: enabled
              stopped_count=0, restarted_count=0
 full_count=0

Compilation events (20 events):
Event: 20.640 Thread 0x000001723eb0d1a0 4263       3       org.codehaus.groovy.reflection.CachedMethod::compareToMethod (125 bytes)
Event: 20.642 Thread 0x000001723eb0d1a0 nmethod 4263 0x000001720bc66b90 code [0x000001720bc66e80, 0x000001720bc67d28]
Event: 20.642 Thread 0x000001723eb0d1a0 4265       3       groovy.lang.MetaBeanProperty::<init> (18 bytes)
Event: 20.642 Thread 0x000001723eb0d1a0 nmethod 4265 0x000001720bc68310 code [0x000001720bc684c0, 0x000001720bc68818]
Event: 20.642 Thread 0x000001723eb0d1a0 4266       3       org.codehaus.groovy.util.ComplexKeyHashMap$1::nextEntry (69 bytes)
Event: 20.642 Thread 0x000001723eb0d1a0 nmethod 4266 0x000001720bc68910 code [0x000001720bc68ae0, 0x000001720bc68e88]
Event: 20.642 Thread 0x000001723eb0d1a0 4264  s!   3       java.beans.PropertyDescriptor::getPropertyType (33 bytes)
Event: 20.643 Thread 0x000001723eb0d1a0 nmethod 4264 0x000001720bc69090 code [0x000001720bc692c0, 0x000001720bc69ca8]
Event: 20.722 Thread 0x000001723eb0d1a0 4267       3       java.util.Spliterators$ArraySpliterator::tryAdvance (58 bytes)
Event: 20.722 Thread 0x000001723eb0d1a0 nmethod 4267 0x000001720bc6a010 code [0x000001720bc6a1e0, 0x000001720bc6a598]
Event: 20.722 Thread 0x000001723eb0d1a0 4268       3       java.util.Arrays::stream (8 bytes)
Event: 20.723 Thread 0x000001723eb0d1a0 nmethod 4268 0x000001720bc6a710 code [0x000001720bc6a8e0, 0x000001720bc6aaf8]
Event: 20.723 Thread 0x000001723eb0d1a0 4269       3       java.util.Arrays::stream (11 bytes)
Event: 20.723 Thread 0x000001723eb0d1a0 nmethod 4269 0x000001720bc6ac10 code [0x000001720bc6adc0, 0x000001720bc6af58]
Event: 20.723 Thread 0x000001723eb0d1a0 4270       3       java.util.Arrays::spliterator (10 bytes)
Event: 20.723 Thread 0x000001723eb0d1a0 nmethod 4270 0x000001720bc6b010 code [0x000001720bc6b1c0, 0x000001720bc6b2e8]
Event: 20.738 Thread 0x000001723eb0d1a0 4271   !   3       jdk.proxy1.$Proxy2::value (29 bytes)
Event: 20.738 Thread 0x000001723eb0d1a0 nmethod 4271 0x000001720bc6b390 code [0x000001720bc6b560, 0x000001720bc6b958]
Event: 20.738 Thread 0x000001723eb0d1a0 4272       3       org.gradle.internal.service.DefaultServiceRegistry$FactoryMethodService::<init> (34 bytes)
Event: 20.738 Thread 0x000001723eb0d1a0 nmethod 4272 0x000001720bc6bb10 code [0x000001720bc6bce0, 0x000001720bc6c158]

GC Heap History (16 events):
Event: 1.076 GC heap before
{Heap before GC invocations=0 (full 0):
 garbage-first heap   total 131072K, used 20480K [0x0000000600000000, 0x0000000800000000)
  region size 4096K, 5 young (20480K), 0 survivors (0K)
 Metaspace       used 825K, committed 896K, reserved 1114112K
  class space    used 61K, committed 128K, reserved 1048576K
}
Event: 1.135 GC heap after
{Heap after GC invocations=1 (full 0):
 garbage-first heap   total 131072K, used 1392K [0x0000000600000000, 0x0000000800000000)
  region size 4096K, 1 young (4096K), 1 survivors (4096K)
 Metaspace       used 825K, committed 896K, reserved 1114112K
  class space    used 61K, committed 128K, reserved 1048576K
}
Event: 3.040 GC heap before
{Heap before GC invocations=1 (full 0):
 garbage-first heap   total 131072K, used 42352K [0x0000000600000000, 0x0000000800000000)
  region size 4096K, 10 young (40960K), 1 survivors (4096K)
 Metaspace       used 4367K, committed 4544K, reserved 1114112K
  class space    used 548K, committed 640K, reserved 1048576K
}
Event: 3.050 GC heap after
{Heap after GC invocations=2 (full 0):
 garbage-first heap   total 131072K, used 11771K [0x0000000600000000, 0x0000000800000000)
  region size 4096K, 2 young (8192K), 2 survivors (8192K)
 Metaspace       used 4367K, committed 4544K, reserved 1114112K
  class space    used 548K, committed 640K, reserved 1048576K
}
Event: 4.262 GC heap before
{Heap before GC invocations=2 (full 0):
 garbage-first heap   total 131072K, used 60923K [0x0000000600000000, 0x0000000800000000)
  region size 4096K, 14 young (57344K), 2 survivors (8192K)
 Metaspace       used 4624K, committed 4864K, reserved 1114112K
  class space    used 583K, committed 704K, reserved 1048576K
}
Event: 4.275 GC heap after
{Heap after GC invocations=3 (full 0):
 garbage-first heap   total 131072K, used 16574K [0x0000000600000000, 0x0000000800000000)
  region size 4096K, 2 young (8192K), 2 survivors (8192K)
 Metaspace       used 4624K, committed 4864K, reserved 1114112K
  class space    used 583K, committed 704K, reserved 1048576K
}
Event: 11.006 GC heap before
{Heap before GC invocations=3 (full 0):
 garbage-first heap   total 131072K, used 78014K [0x0000000600000000, 0x0000000800000000)
  region size 4096K, 18 young (73728K), 2 survivors (8192K)
 Metaspace       used 16043K, committed 16320K, reserved 1114112K
  class space    used 2225K, committed 2368K, reserved 1048576K
}
Event: 11.016 GC heap after
{Heap after GC invocations=4 (full 0):
 garbage-first heap   total 131072K, used 21487K [0x0000000600000000, 0x0000000800000000)
  region size 4096K, 3 young (12288K), 3 survivors (12288K)
 Metaspace       used 16043K, committed 16320K, reserved 1114112K
  class space    used 2225K, committed 2368K, reserved 1048576K
}
Event: 12.996 GC heap before
{Heap before GC invocations=4 (full 0):
 garbage-first heap   total 131072K, used 66543K [0x0000000600000000, 0x0000000800000000)
  region size 4096K, 15 young (61440K), 3 survivors (12288K)
 Metaspace       used 21173K, committed 21504K, reserved 1114112K
  class space    used 3086K, committed 3264K, reserved 1048576K
}
Event: 13.004 GC heap after
{Heap after GC invocations=5 (full 0):
 garbage-first heap   total 131072K, used 24403K [0x0000000600000000, 0x0000000800000000)
  region size 4096K, 2 young (8192K), 2 survivors (8192K)
 Metaspace       used 21173K, committed 21504K, reserved 1114112K
  class space    used 3086K, committed 3264K, reserved 1048576K
}
Event: 16.287 GC heap before
{Heap before GC invocations=6 (full 0):
 garbage-first heap   total 98304K, used 77651K [0x0000000600000000, 0x0000000800000000)
  region size 4096K, 16 young (65536K), 2 survivors (8192K)
 Metaspace       used 28324K, committed 28864K, reserved 1114112K
  class space    used 4154K, committed 4416K, reserved 1048576K
}
Event: 16.299 GC heap after
{Heap after GC invocations=7 (full 0):
 garbage-first heap   total 98304K, used 28409K [0x0000000600000000, 0x0000000800000000)
  region size 4096K, 2 young (8192K), 2 survivors (8192K)
 Metaspace       used 28324K, committed 28864K, reserved 1114112K
  class space    used 4154K, committed 4416K, reserved 1048576K
}
Event: 19.179 GC heap before
{Heap before GC invocations=7 (full 0):
 garbage-first heap   total 98304K, used 61177K [0x0000000600000000, 0x0000000800000000)
  region size 4096K, 11 young (45056K), 2 survivors (8192K)
 Metaspace       used 33961K, committed 34368K, reserved 1114112K
  class space    used 4755K, committed 4928K, reserved 1048576K
}
Event: 19.190 GC heap after
{Heap after GC invocations=8 (full 0):
 garbage-first heap   total 98304K, used 32209K [0x0000000600000000, 0x0000000800000000)
  region size 4096K, 2 young (8192K), 2 survivors (8192K)
 Metaspace       used 33961K, committed 34368K, reserved 1114112K
  class space    used 4755K, committed 4928K, reserved 1048576K
}
Event: 20.685 GC heap before
{Heap before GC invocations=8 (full 0):
 garbage-first heap   total 98304K, used 52689K [0x0000000600000000, 0x0000000800000000)
  region size 4096K, 9 young (36864K), 2 survivors (8192K)
 Metaspace       used 35625K, committed 36096K, reserved 1114112K
  class space    used 4897K, committed 5120K, reserved 1048576K
}
Event: 20.693 GC heap after
{Heap after GC invocations=9 (full 0):
 garbage-first heap   total 98304K, used 34116K [0x0000000600000000, 0x0000000800000000)
  region size 4096K, 2 young (8192K), 2 survivors (8192K)
 Metaspace       used 35625K, committed 36096K, reserved 1114112K
  class space    used 4897K, committed 5120K, reserved 1048576K
}

Dll operation events (15 events):
Event: 0.016 Loaded shared library C:\Program Files\Eclipse Adoptium\jdk-17.0.19.10-hotspot\bin\java.dll
Event: 0.126 Loaded shared library C:\Program Files\Eclipse Adoptium\jdk-17.0.19.10-hotspot\bin\jsvml.dll
Event: 0.330 Loaded shared library C:\Program Files\Eclipse Adoptium\jdk-17.0.19.10-hotspot\bin\zip.dll
Event: 0.334 Loaded shared library C:\Program Files\Eclipse Adoptium\jdk-17.0.19.10-hotspot\bin\instrument.dll
Event: 0.344 Loaded shared library C:\Program Files\Eclipse Adoptium\jdk-17.0.19.10-hotspot\bin\net.dll
Event: 0.347 Loaded shared library C:\Program Files\Eclipse Adoptium\jdk-17.0.19.10-hotspot\bin\nio.dll
Event: 0.352 Loaded shared library C:\Program Files\Eclipse Adoptium\jdk-17.0.19.10-hotspot\bin\zip.dll
Event: 1.152 Loaded shared library C:\Program Files\Eclipse Adoptium\jdk-17.0.19.10-hotspot\bin\jimage.dll
Event: 1.561 Loaded shared library C:\Program Files\Eclipse Adoptium\jdk-17.0.19.10-hotspot\bin\verify.dll
Event: 1.774 Loaded shared library C:\Users\admin\.gradle\native\1def1411415f61bf3af743bc5b6707747c0891f09f0c88961ee8f79bc544acac\windows-amd64\native-platform.dll
Event: 1.797 Loaded shared library C:\Users\admin\.gradle\native\0.2.7\x86_64-windows-gnu\gradle-fileevents.dll
Event: 5.007 Loaded shared library C:\Program Files\Eclipse Adoptium\jdk-17.0.19.10-hotspot\bin\management.dll
Event: 5.013 Loaded shared library C:\Program Files\Eclipse Adoptium\jdk-17.0.19.10-hotspot\bin\management_ext.dll
Event: 7.677 Loaded shared library C:\Program Files\Eclipse Adoptium\jdk-17.0.19.10-hotspot\bin\extnet.dll
Event: 8.658 Loaded shared library C:\Program Files\Eclipse Adoptium\jdk-17.0.19.10-hotspot\bin\sunmscapi.dll

Deoptimization events (20 events):
Event: 19.380 Thread 0x0000017288035580 Uncommon trap: trap_request=0xffffffc6 fr.pc=0x000001721b8bd958 relative=0x00000000000007f8
Event: 19.380 Thread 0x0000017288035580 Uncommon trap: reason=bimorphic_or_optimized_type_check action=maybe_recompile pc=0x000001721b8bd958 method=java.util.regex.Pattern$Start.match(Ljava/util/regex/Matcher;ILjava/lang/CharSequence;)Z @ 44 c2
Event: 19.380 Thread 0x0000017288035580 DEOPT PACKING pc=0x000001721b8bd958 sp=0x00000032b91f8320
Event: 19.380 Thread 0x0000017288035580 DEOPT UNPACKING pc=0x000001721b1669a3 sp=0x00000032b91f8260 mode 2
Event: 19.383 Thread 0x0000017288035580 Uncommon trap: trap_request=0xffffffc6 fr.pc=0x000001721b8bd958 relative=0x00000000000007f8
Event: 19.383 Thread 0x0000017288035580 Uncommon trap: reason=bimorphic_or_optimized_type_check action=maybe_recompile pc=0x000001721b8bd958 method=java.util.regex.Pattern$Start.match(Ljava/util/regex/Matcher;ILjava/lang/CharSequence;)Z @ 44 c2
Event: 19.383 Thread 0x0000017288035580 DEOPT PACKING pc=0x000001721b8bd958 sp=0x00000032b91f8320
Event: 19.383 Thread 0x0000017288035580 DEOPT UNPACKING pc=0x000001721b1669a3 sp=0x00000032b91f8260 mode 2
Event: 19.975 Thread 0x0000017288035580 Uncommon trap: trap_request=0xffffffc6 fr.pc=0x000001721b8bd958 relative=0x00000000000007f8
Event: 19.975 Thread 0x0000017288035580 Uncommon trap: reason=bimorphic_or_optimized_type_check action=maybe_recompile pc=0x000001721b8bd958 method=java.util.regex.Pattern$Start.match(Ljava/util/regex/Matcher;ILjava/lang/CharSequence;)Z @ 44 c2
Event: 19.975 Thread 0x0000017288035580 DEOPT PACKING pc=0x000001721b8bd958 sp=0x00000032b91f8880
Event: 19.975 Thread 0x0000017288035580 DEOPT UNPACKING pc=0x000001721b1669a3 sp=0x00000032b91f87c0 mode 2
Event: 19.976 Thread 0x0000017288035580 Uncommon trap: trap_request=0xffffffc6 fr.pc=0x000001721b8bd958 relative=0x00000000000007f8
Event: 19.976 Thread 0x0000017288035580 Uncommon trap: reason=bimorphic_or_optimized_type_check action=maybe_recompile pc=0x000001721b8bd958 method=java.util.regex.Pattern$Start.match(Ljava/util/regex/Matcher;ILjava/lang/CharSequence;)Z @ 44 c2
Event: 19.976 Thread 0x0000017288035580 DEOPT PACKING pc=0x000001721b8bd958 sp=0x00000032b91f8880
Event: 19.976 Thread 0x0000017288035580 DEOPT UNPACKING pc=0x000001721b1669a3 sp=0x00000032b91f87c0 mode 2
Event: 19.988 Thread 0x0000017288035580 Uncommon trap: trap_request=0xffffffc6 fr.pc=0x000001721b8c0008 relative=0x0000000000000628
Event: 19.988 Thread 0x0000017288035580 Uncommon trap: reason=bimorphic_or_optimized_type_check action=maybe_recompile pc=0x000001721b8c0008 method=java.util.regex.Pattern$Start.match(Ljava/util/regex/Matcher;ILjava/lang/CharSequence;)Z @ 44 c2
Event: 19.988 Thread 0x0000017288035580 DEOPT PACKING pc=0x000001721b8c0008 sp=0x00000032b91f87f0
Event: 19.988 Thread 0x0000017288035580 DEOPT UNPACKING pc=0x000001721b1669a3 sp=0x00000032b91f87b0 mode 2

Classes loaded (20 events):
Event: 18.941 Loading class jdk/internal/jimage/ImageReader$Resource
Event: 18.941 Loading class jdk/internal/jimage/ImageReader$Resource done
Event: 19.274 Loading class java/util/WeakHashMap$KeyIterator
Event: 19.274 Loading class java/util/WeakHashMap$HashIterator
Event: 19.274 Loading class java/util/WeakHashMap$HashIterator done
Event: 19.274 Loading class java/util/WeakHashMap$KeyIterator done
Event: 19.974 Loading class sun/reflect/generics/tree/IntSignature
Event: 19.974 Loading class sun/reflect/generics/tree/IntSignature done
Event: 19.975 Loading class sun/reflect/generics/tree/ArrayTypeSignature
Event: 19.975 Loading class sun/reflect/generics/tree/ArrayTypeSignature done
Event: 19.999 Loading class com/sun/beans/finder/MethodFinder
Event: 19.999 Loading class com/sun/beans/finder/AbstractFinder
Event: 20.000 Loading class com/sun/beans/finder/AbstractFinder done
Event: 20.000 Loading class com/sun/beans/finder/MethodFinder done
Event: 20.000 Loading class com/sun/beans/finder/MethodFinder$1
Event: 20.000 Loading class com/sun/beans/finder/MethodFinder$1 done
Event: 20.000 Loading class com/sun/beans/finder/FinderUtils
Event: 20.000 Loading class com/sun/beans/finder/FinderUtils done
Event: 20.722 Loading class java/lang/invoke/SerializedLambda
Event: 20.722 Loading class java/lang/invoke/SerializedLambda done

Classes unloaded (0 events):
No events

Classes redefined (0 events):
No events

Internal exceptions (20 events):
Event: 19.373 Thread 0x0000017288035580 Exception <a 'java/lang/ClassNotFoundException'{0x000000060576f120}: org/gradle/groovy/scripts/BasicScriptCustomizer> (0x000000060576f120) 
thrown [s\src\hotspot\share\classfile\systemDictionary.cpp, line 256]
Event: 19.379 Thread 0x0000017288035580 Exception <a 'java/lang/ClassNotFoundException'{0x00000006057877d8}: org/gradle/groovy/scripts/DefaultScriptCustomizer> (0x00000006057877d8) 
thrown [s\src\hotspot\share\classfile\systemDictionary.cpp, line 256]
Event: 19.480 Thread 0x0000017288035580 Exception <a 'java/lang/ClassNotFoundException'{0x00000006057d0e00}: org/gradle/initialization/InitScriptCustomizer> (0x00000006057d0e00) 
thrown [s\src\hotspot\share\classfile\systemDictionary.cpp, line 256]
Event: 19.483 Thread 0x0000017288035580 Exception <a 'java/lang/ClassNotFoundException'{0x00000006057e0860}: init_4jnmfl1cknx1kgfepc56pomxoCustomizer> (0x00000006057e0860) 
thrown [s\src\hotspot\share\classfile\systemDictionary.cpp, line 256]
Event: 19.569 Thread 0x0000017288035580 Exception <a 'java/lang/ClassNotFoundException'{0x00000006050cb918}: org/gradle/internal/extensibility/DefaultExtraPropertiesExtensionBeanInfo> (0x00000006050cb918) 
thrown [s\src\hotspot\share\classfile\systemDictionary.cpp, line 256]
Event: 19.575 Thread 0x0000017288035580 Exception <a 'java/lang/ClassNotFoundException'{0x00000006050d7318}: org/gradle/internal/extensibility/DefaultExtraPropertiesExtensionCustomizer> (0x00000006050d7318) 
thrown [s\src\hotspot\share\classfile\systemDictionary.cpp, line 256]
Event: 19.632 Thread 0x0000017288035580 Exception <a 'java/lang/NoSuchMethodError'{0x00000006051eae80}: 'java.lang.Object java.lang.invoke.DirectMethodHandle$Holder.invokeSpecialIFC(java.lang.Object, java.lang.Object, java.lang.Object, java.lang.Object)'> (0x00000006051eae80) 
thrown [s\src\hotspot\share\interpreter\linkResolver.cpp, line 759]
Event: 19.648 Thread 0x0000017288035580 Exception <a 'java/lang/NoSuchMethodError'{0x000000060524d328}: 'java.lang.Object java.lang.invoke.DirectMethodHandle$Holder.newInvokeSpecial(java.lang.Object, java.lang.Object, java.lang.Object, java.lang.Object, java.lang.Object, java.lang.Object, java.lang.Object, java.lang.Object, java.lang.Object, java.lang.Object)'> (0x000000060524d328) 
thrown [s\src\hotspot\share\interpreter\linkResolver.cpp, line 759]
Event: 19.649 Thread 0x0000017288035580 Exception <a 'java/lang/NoSuchMethodError'{0x0000000605252210}: 'java.lang.Object java.lang.invoke.Invokers$Holder.linkToTargetMethod(java.lang.Object, java.lang.Object, java.lang.Object, java.lang.Object, java.lang.Object, java.lang.Object, java.lang.Object, java.lang.Object, java.lang.Object, java.lang.Object)'> (0x0000000605252210) 
thrown [s\src\hotspot\share\interpreter\linkResolver.cpp, line 759]
Event: 19.970 Thread 0x0000017288035580 Exception <a 'java/lang/ClassNotFoundException'{0x0000000604c6a7c8}: groovy/lang/Closure$1BeanInfo> (0x0000000604c6a7c8) 
thrown [s\src\hotspot\share\classfile\systemDictionary.cpp, line 256]
Event: 19.972 Thread 0x0000017288035580 Exception <a 'java/lang/ClassNotFoundException'{0x0000000604c88490}: groovy/lang/ClosureBeanInfo> (0x0000000604c88490) 
thrown [s\src\hotspot\share\classfile\systemDictionary.cpp, line 256]
Event: 19.973 Thread 0x0000017288035580 Exception <a 'java/lang/ClassNotFoundException'{0x0000000604ca6400}: groovy/lang/ClosureCustomizer> (0x0000000604ca6400) 
thrown [s\src\hotspot\share\classfile\systemDictionary.cpp, line 256]
Event: 19.999 Thread 0x0000017288035580 Exception <a 'java/lang/ClassNotFoundException'{0x0000000604ce9198}: groovy/lang/Closure$1Customizer> (0x0000000604ce9198) 
thrown [s\src\hotspot\share\classfile\systemDictionary.cpp, line 256]
Event: 20.274 Thread 0x0000017288035580 Exception <a 'java/lang/NoSuchMethodError'{0x0000000604dc07f0}: 'void java.lang.invoke.Invokers$Holder.invoke_MT(java.lang.Object, java.lang.Object, java.lang.Object, java.lang.Object)'> (0x0000000604dc07f0) 
thrown [s\src\hotspot\share\interpreter\linkResolver.cpp, line 759]
Event: 20.531 Thread 0x0000017288035580 Exception <a 'java/lang/ClassNotFoundException'{0x0000000604b50b40}: org/gradle/invocation/DefaultGradle_DecoratedBeanInfo> (0x0000000604b50b40) 
thrown [s\src\hotspot\share\classfile\systemDictionary.cpp, line 256]
Event: 20.532 Thread 0x0000017288035580 Exception <a 'java/lang/ClassNotFoundException'{0x0000000604b61430}: org/gradle/invocation/DefaultGradleBeanInfo> (0x0000000604b61430) 
thrown [s\src\hotspot\share\classfile\systemDictionary.cpp, line 256]
Event: 20.536 Thread 0x0000017288035580 Exception <a 'java/lang/ClassNotFoundException'{0x0000000604b72428}: org/gradle/api/internal/project/AbstractPluginAwareBeanInfo> (0x0000000604b72428) 
thrown [s\src\hotspot\share\classfile\systemDictionary.cpp, line 256]
Event: 20.545 Thread 0x0000017288035580 Exception <a 'java/lang/ClassNotFoundException'{0x0000000604b834c0}: org/gradle/api/internal/project/AbstractPluginAwareCustomizer> (0x0000000604b834c0) 
thrown [s\src\hotspot\share\classfile\systemDictionary.cpp, line 256]
Event: 20.558 Thread 0x0000017288035580 Exception <a 'java/lang/ClassNotFoundException'{0x0000000604b99e98}: org/gradle/invocation/DefaultGradleCustomizer> (0x0000000604b99e98) 
thrown [s\src\hotspot\share\classfile\systemDictionary.cpp, line 256]
Event: 20.593 Thread 0x0000017288035580 Exception <a 'java/lang/ClassNotFoundException'{0x0000000604bdf220}: org/gradle/invocation/DefaultGradle_DecoratedCustomizer> (0x0000000604bdf220) 
thrown [s\src\hotspot\share\classfile\systemDictionary.cpp, line 256]

VM Operations (20 events):
Event: 17.631 Executing VM operation: HandshakeAllThreads
Event: 17.632 Executing VM operation: HandshakeAllThreads done
Event: 17.632 Executing VM operation: Cleanup
Event: 17.632 Executing VM operation: Cleanup done
Event: 18.012 Executing VM operation: HandshakeAllThreads
Event: 18.013 Executing VM operation: HandshakeAllThreads done
Event: 18.660 Executing VM operation: HandshakeAllThreads
Event: 18.660 Executing VM operation: HandshakeAllThreads done
Event: 18.660 Executing VM operation: Cleanup
Event: 18.660 Executing VM operation: Cleanup done
Event: 18.936 Executing VM operation: HandshakeAllThreads
Event: 18.937 Executing VM operation: HandshakeAllThreads done
Event: 19.179 Executing VM operation: G1CollectForAllocation
Event: 19.190 Executing VM operation: G1CollectForAllocation done
Event: 20.203 Executing VM operation: Cleanup
Event: 20.267 Executing VM operation: Cleanup done
Event: 20.685 Executing VM operation: CollectForMetadataAllocation
Event: 20.693 Executing VM operation: CollectForMetadataAllocation done
Event: 20.728 Executing VM operation: G1PauseRemark
Event: 20.732 Executing VM operation: G1PauseRemark done

Memory protections (0 events):
No events

Nmethod flushes (0 events):
No events

Events (20 events):
Event: 9.219 Thread 0x0000017288035580 Thread added: 0x0000017288035a90
Event: 9.224 Thread 0x0000017288035580 Thread added: 0x00000172880364b0
Event: 9.229 Thread 0x0000017288035580 Thread added: 0x0000017288035fa0
Event: 9.274 Thread 0x000001723eb0d1a0 Thread added: 0x0000017287d8ce50
Event: 9.429 Thread 0x0000017287d8ce50 Thread exited: 0x0000017287d8ce50
Event: 10.618 Thread 0x0000017288035580 Thread added: 0x0000017288032d00
Event: 10.631 Thread 0x0000017288035580 Thread added: 0x0000017288034140
Event: 10.715 Thread 0x0000017288035580 Thread added: 0x0000017288034650
Event: 12.126 Thread 0x0000017288034140 Thread added: 0x0000017288033720
Event: 12.897 Thread 0x0000017288035580 Thread added: 0x0000017288034b60
Event: 12.918 Thread 0x0000017288035580 Thread added: 0x0000017288035070
Event: 13.824 Thread 0x0000017288035580 Thread added: 0x0000017289ad7450
Event: 13.841 Thread 0x0000017288035580 Thread added: 0x0000017289ad7960
Event: 14.115 Thread 0x0000017288035580 Thread added: 0x0000017289ad8380
Event: 14.115 Thread 0x0000017288035580 Thread added: 0x0000017289ad7e70
Event: 14.115 Thread 0x0000017288035580 Thread added: 0x0000017289ad6520
Event: 15.818 Thread 0x0000017288035580 Thread added: 0x0000017289ad5b00
Event: 16.051 Thread 0x0000017288035580 Thread added: 0x0000017289ad50e0
Event: 19.617 Thread 0x0000017288035580 Thread added: 0x0000017289ad55f0
Event: 19.669 Thread 0x0000017288035580 Thread added: 0x0000017289ad6a30


Dynamic libraries:
0x00007ff7f7450000 - 0x00007ff7f745e000 	C:\Program Files\Eclipse Adoptium\jdk-17.0.19.10-hotspot\bin\java.exe
0x00007ffbf7510000 - 0x00007ffbf7727000 	C:\WINDOWS\SYSTEM32\ntdll.dll
0x00007ffbf6790000 - 0x00007ffbf6854000 	C:\WINDOWS\System32\KERNEL32.DLL
0x00007ffbf47e0000 - 0x00007ffbf4bb2000 	C:\WINDOWS\System32\KERNELBASE.dll
0x00007ffbf46c0000 - 0x00007ffbf47d1000 	C:\WINDOWS\System32\ucrtbase.dll
0x00007ffbebaa0000 - 0x00007ffbebabe000 	C:\Program Files\Eclipse Adoptium\jdk-17.0.19.10-hotspot\bin\VCRUNTIME140.dll
0x00007ffbeba30000 - 0x00007ffbeba48000 	C:\Program Files\Eclipse Adoptium\jdk-17.0.19.10-hotspot\bin\jli.dll
0x00007ffbf52b0000 - 0x00007ffbf5461000 	C:\WINDOWS\System32\USER32.dll
0x00007ffbf4bc0000 - 0x00007ffbf4be6000 	C:\WINDOWS\System32\win32u.dll
0x00007ffbf74a0000 - 0x00007ffbf74c9000 	C:\WINDOWS\System32\GDI32.dll
0x00007ffbf4bf0000 - 0x00007ffbf4d13000 	C:\WINDOWS\System32\gdi32full.dll
0x00007ffbf4d20000 - 0x00007ffbf4dba000 	C:\WINDOWS\System32\msvcp_win.dll
0x00007ffbdee30000 - 0x00007ffbdf0cb000 	C:\WINDOWS\WinSxS\amd64_microsoft.windows.common-controls_6595b64144ccf1df_6.0.22621.5547_none_27104afb73855772\COMCTL32.dll
0x00007ffbf7130000 - 0x00007ffbf71d7000 	C:\WINDOWS\System32\msvcrt.dll
0x00007ffbf6560000 - 0x00007ffbf6591000 	C:\WINDOWS\System32\IMM32.DLL
0x00007ffbebb60000 - 0x00007ffbebb6c000 	C:\Program Files\Eclipse Adoptium\jdk-17.0.19.10-hotspot\bin\vcruntime140_1.dll
0x00007ffbe9260000 - 0x00007ffbe92ed000 	C:\Program Files\Eclipse Adoptium\jdk-17.0.19.10-hotspot\bin\msvcp140.dll
0x00007ffbb4f70000 - 0x00007ffbb5bdc000 	C:\Program Files\Eclipse Adoptium\jdk-17.0.19.10-hotspot\bin\server\jvm.dll
0x00007ffbf7010000 - 0x00007ffbf70c1000 	C:\WINDOWS\System32\ADVAPI32.dll
0x00007ffbf5c00000 - 0x00007ffbf5ca8000 	C:\WINDOWS\System32\sechost.dll
0x00007ffbf5170000 - 0x00007ffbf5198000 	C:\WINDOWS\System32\bcrypt.dll
0x00007ffbf65c0000 - 0x00007ffbf66d4000 	C:\WINDOWS\System32\RPCRT4.dll
0x00007ffbf5230000 - 0x00007ffbf52a1000 	C:\WINDOWS\System32\WS2_32.dll
0x00007ffbf44d0000 - 0x00007ffbf451d000 	C:\WINDOWS\SYSTEM32\POWRPROF.dll
0x00007ffbea780000 - 0x00007ffbea7b4000 	C:\WINDOWS\SYSTEM32\WINMM.dll
0x00007ffbe2020000 - 0x00007ffbe202a000 	C:\WINDOWS\SYSTEM32\VERSION.dll
0x00007ffbf44b0000 - 0x00007ffbf44c3000 	C:\WINDOWS\SYSTEM32\UMPDC.dll
0x00007ffbf35f0000 - 0x00007ffbf3608000 	C:\WINDOWS\SYSTEM32\kernel.appcore.dll
0x00007ffbeba90000 - 0x00007ffbeba9a000 	C:\Program Files\Eclipse Adoptium\jdk-17.0.19.10-hotspot\bin\jimage.dll
0x00007ffbeefa0000 - 0x00007ffbef1d3000 	C:\WINDOWS\SYSTEM32\DBGHELP.DLL
0x00007ffbf6860000 - 0x00007ffbf6bf3000 	C:\WINDOWS\System32\combase.dll
0x00007ffbf6c00000 - 0x00007ffbf6cd7000 	C:\WINDOWS\System32\OLEAUT32.dll
0x00007ffbde5e0000 - 0x00007ffbde612000 	C:\WINDOWS\SYSTEM32\dbgcore.DLL
0x00007ffbf4dc0000 - 0x00007ffbf4e3b000 	C:\WINDOWS\System32\bcryptPrimitives.dll
0x00007ffbea7c0000 - 0x00007ffbea7ce000 	C:\Program Files\Eclipse Adoptium\jdk-17.0.19.10-hotspot\bin\instrument.dll
0x00007ffbe9420000 - 0x00007ffbe9445000 	C:\Program Files\Eclipse Adoptium\jdk-17.0.19.10-hotspot\bin\java.dll
0x00007ffbd3160000 - 0x00007ffbd3237000 	C:\Program Files\Eclipse Adoptium\jdk-17.0.19.10-hotspot\bin\jsvml.dll
0x00007ffbf5cb0000 - 0x00007ffbf6552000 	C:\WINDOWS\System32\SHELL32.dll
0x00007ffbf4fb0000 - 0x00007ffbf50ef000 	C:\WINDOWS\System32\wintypes.dll
0x00007ffbf24e0000 - 0x00007ffbf2dfd000 	C:\WINDOWS\SYSTEM32\windows.storage.dll
0x00007ffbf7310000 - 0x00007ffbf741c000 	C:\WINDOWS\System32\SHCORE.dll
0x00007ffbf54d0000 - 0x00007ffbf5539000 	C:\WINDOWS\System32\shlwapi.dll
0x00007ffbf4530000 - 0x00007ffbf455b000 	C:\WINDOWS\SYSTEM32\profapi.dll
0x00007ffbe9240000 - 0x00007ffbe9258000 	C:\Program Files\Eclipse Adoptium\jdk-17.0.19.10-hotspot\bin\zip.dll
0x00007ffbd8530000 - 0x00007ffbd854a000 	C:\Program Files\Eclipse Adoptium\jdk-17.0.19.10-hotspot\bin\net.dll
0x00007ffbe9e80000 - 0x00007ffbe9fac000 	C:\WINDOWS\SYSTEM32\WINHTTP.dll
0x00007ffbf3a60000 - 0x00007ffbf3ac9000 	C:\WINDOWS\system32\mswsock.dll
0x00007ffbd2ff0000 - 0x00007ffbd3006000 	C:\Program Files\Eclipse Adoptium\jdk-17.0.19.10-hotspot\bin\nio.dll
0x00007ffbe9230000 - 0x00007ffbe9240000 	C:\Program Files\Eclipse Adoptium\jdk-17.0.19.10-hotspot\bin\verify.dll
0x00007ffbdf560000 - 0x00007ffbdf587000 	C:\Users\admin\.gradle\native\1def1411415f61bf3af743bc5b6707747c0891f09f0c88961ee8f79bc544acac\windows-amd64\native-platform.dll
0x00007ffbdf5a0000 - 0x00007ffbdf618000 	C:\Users\admin\.gradle\native\0.2.7\x86_64-windows-gnu\gradle-fileevents.dll
0x00007ffbe9220000 - 0x00007ffbe922a000 	C:\Program Files\Eclipse Adoptium\jdk-17.0.19.10-hotspot\bin\management.dll
0x00007ffbe9210000 - 0x00007ffbe921c000 	C:\Program Files\Eclipse Adoptium\jdk-17.0.19.10-hotspot\bin\management_ext.dll
0x00007ffbf55d0000 - 0x00007ffbf55d8000 	C:\WINDOWS\System32\PSAPI.DLL
0x00007ffbf3060000 - 0x00007ffbf308d000 	C:\WINDOWS\SYSTEM32\IPHLPAPI.DLL
0x00007ffbf65b0000 - 0x00007ffbf65b9000 	C:\WINDOWS\System32\NSI.dll
0x00007ffbea560000 - 0x00007ffbea579000 	C:\WINDOWS\SYSTEM32\dhcpcsvc6.DLL
0x00007ffbea540000 - 0x00007ffbea55f000 	C:\WINDOWS\SYSTEM32\dhcpcsvc.DLL
0x00007ffbf30d0000 - 0x00007ffbf31c8000 	C:\WINDOWS\SYSTEM32\DNSAPI.dll
0x00007ffbe9200000 - 0x00007ffbe9209000 	C:\Program Files\Eclipse Adoptium\jdk-17.0.19.10-hotspot\bin\extnet.dll
0x00007ffbf3db0000 - 0x00007ffbf3dcb000 	C:\WINDOWS\SYSTEM32\CRYPTSP.dll
0x00007ffbf3550000 - 0x00007ffbf3587000 	C:\WINDOWS\system32\rsaenh.dll
0x00007ffbf3b00000 - 0x00007ffbf3b28000 	C:\WINDOWS\SYSTEM32\USERENV.dll
0x00007ffbf3d90000 - 0x00007ffbf3d9c000 	C:\WINDOWS\SYSTEM32\CRYPTBASE.dll
0x00007ffbe91f0000 - 0x00007ffbe91fe000 	C:\Program Files\Eclipse Adoptium\jdk-17.0.19.10-hotspot\bin\sunmscapi.dll
0x00007ffbf4e40000 - 0x00007ffbf4fa7000 	C:\WINDOWS\System32\CRYPT32.dll
0x00007ffbf3ec0000 - 0x00007ffbf3eed000 	C:\WINDOWS\SYSTEM32\ncrypt.dll
0x00007ffbf3e80000 - 0x00007ffbf3eb7000 	C:\WINDOWS\SYSTEM32\NTASN1.dll
0x00007ffbec890000 - 0x00007ffbec898000 	C:\WINDOWS\system32\wshunix.dll

dbghelp: loaded successfully - version: 4.0.5 - missing functions: none
symbol engine: initialized successfully - sym options: 0x614 - pdb path: .;C:\Program Files\Eclipse Adoptium\jdk-17.0.19.10-hotspot\bin;C:\WINDOWS\SYSTEM32;C:\WINDOWS\WinSxS\amd64_microsoft.windows.common-controls_6595b64144ccf1df_6.0.22621.5547_none_27104afb73855772;C:\Program Files\Eclipse Adoptium\jdk-17.0.19.10-hotspot\bin\server;C:\Users\admin\.gradle\native\1def1411415f61bf3af743bc5b6707747c0891f09f0c88961ee8f79bc544acac\windows-amd64;C:\Users\admin\.gradle\native\0.2.7\x86_64-windows-gnu

VM Arguments:
jvm_args: --add-opens=java.base/java.lang=ALL-UNNAMED --add-opens=java.base/java.lang.invoke=ALL-UNNAMED --add-opens=java.base/java.util=ALL-UNNAMED --add-opens=java.prefs/java.util.prefs=ALL-UNNAMED --add-exports=jdk.compiler/com.sun.tools.javac.api=ALL-UNNAMED --add-exports=jdk.compiler/com.sun.tools.javac.util=ALL-UNNAMED --add-opens=java.base/java.util=ALL-UNNAMED --add-opens=java.prefs/java.util.prefs=ALL-UNNAMED --add-opens=java.base/java.nio.charset=ALL-UNNAMED --add-opens=java.base/java.net=ALL-UNNAMED --add-opens=java.base/java.util.concurrent.atomic=ALL-UNNAMED --add-opens=java.xml/javax.xml.namespace=ALL-UNNAMED -XX:MaxMetaspaceSize=4G -XX:ReservedCodeCacheSize=512m -XX:+HeapDumpOnOutOfMemoryError -Xmx8G -Dfile.encoding=UTF-8 -Duser.country=FR -Duser.language=fr -Duser.variant -javaagent:C:\Users\admin\.gradle\wrapper\dists\gradle-8.14-all\c2qonpi39x1mddn7hk5gh9iqj\gradle-8.14\lib\agents\gradle-instrumentation-agent-8.14.jar 
java_command: org.gradle.launcher.daemon.bootstrap.GradleDaemon 8.14
java_class_path (initial): C:\Users\admin\.gradle\wrapper\dists\gradle-8.14-all\c2qonpi39x1mddn7hk5gh9iqj\gradle-8.14\lib\gradle-daemon-main-8.14.jar
Launcher Type: SUN_STANDARD

[Global flags]
     intx CICompilerCount                          = 4                                         {product} {ergonomic}
     uint ConcGCThreads                            = 2                                         {product} {ergonomic}
     uint G1ConcRefinementThreads                  = 8                                         {product} {ergonomic}
   size_t G1HeapRegionSize                         = 4194304                                   {product} {ergonomic}
    uintx GCDrainStackTargetSize                   = 64                                        {product} {ergonomic}
     bool HeapDumpOnOutOfMemoryError               = true                                   {manageable} {command line}
   size_t InitialHeapSize                          = 134217728                                 {product} {ergonomic}
   size_t MarkStackSize                            = 4194304                                   {product} {ergonomic}
   size_t MaxHeapSize                              = 8589934592                                {product} {command line}
   size_t MaxMetaspaceSize                         = 4294967296                                {product} {command line}
   size_t MaxNewSize                               = 5150605312                                {product} {ergonomic}
   size_t MinHeapDeltaBytes                        = 4194304                                   {product} {ergonomic}
   size_t MinHeapSize                              = 8388608                                   {product} {ergonomic}
    uintx NonNMethodCodeHeapSize                   = 5839372                                {pd product} {ergonomic}
    uintx NonProfiledCodeHeapSize                  = 265515770                              {pd product} {ergonomic}
    uintx ProfiledCodeHeapSize                     = 265515770                              {pd product} {ergonomic}
    uintx ReservedCodeCacheSize                    = 536870912                              {pd product} {command line}
     bool SegmentedCodeCache                       = true                                      {product} {ergonomic}
   size_t SoftMaxHeapSize                          = 8589934592                             {manageable} {ergonomic}
   double SweeperThreshold                         = 0.234375                                  {product} {ergonomic}
     bool UseCompressedClassPointers               = true                           {product lp64_product} {ergonomic}
     bool UseCompressedOops                        = true                           {product lp64_product} {ergonomic}
     bool UseG1GC                                  = true                                      {product} {ergonomic}
     bool UseLargePagesIndividualAllocation        = false                                  {pd product} {ergonomic}

Logging:
Log output configuration:
 #0: stdout all=warning uptime,level,tags
 #1: stderr all=off uptime,level,tags

Environment Variables:
JAVA_HOME=C:\Program Files\Eclipse Adoptium\jdk-25.0.1.8-hotspot
PATH=C:\Program Files\Eclipse Adoptium\jdk-17.0.19.10-hotspot\bin;C:\Program Files (x86)\VMware\VMware Workstation\bin\;C:\Program Files\Python312\Scripts\;C:\Program Files\Python312\;C:\WINDOWS\system32;C:\WINDOWS;C:\WINDOWS\System32\Wbem;C:\WINDOWS\System32\WindowsPowerShell\v1.0\;C:\WINDOWS\System32\OpenSSH\;C:\Program Files (x86)\Microsoft SQL Server\160\Tools\Binn\;C:\Program Files\Microsoft SQL Server\160\Tools\Binn\;C:\Program Files\Microsoft SQL Server\Client SDK\ODBC\170\Tools\Binn\;C:\Program Files\Microsoft SQL Server\160\DTS\Binn\;C:\Program Files (x86)\Microsoft SQL Server\160\DTS\Binn\;C:\Windows\system32\python;C:\sqlite3;C:\Program Files\nodejs\;C:\MinGW\bin;C:\curl\bin;C:\curl\include;C:\MinGW;C:\MinGW\lib;C:\GnuWin32\bin;C:\OpenSSL-Win64\bin;C:\Program Files\PostgreSQL\17\bin;C:\Program Files\Eclipse Adoptium\jdk-25.0.1.8-hotspot\bin;C:\Program Files\Heroku\bin;C:\Program Files\Git\cmd;C:\Program Files (x86)\VMware\VMware Workstation\bin\;C:\Program Files\Python312\Scripts\;C:\Program Files\Python312\;C:\WINDOWS\system32;C:\WINDOWS;C:\WINDOWS\System32\Wbem;C:\WINDOWS\System32\WindowsPowerShell\v1.0\;C:\WINDOWS\System32\OpenSSH\;C:\Program Files (x86)\Microsoft SQL Server\160\Tools\Binn\;C:\Program Files\Microsoft SQL Server\160\Tools\Binn\;C:\Program Files\Microsoft SQL Server\Client SDK\ODBC\170\Tools\Binn\;C:\Program Files\Microsoft SQL Server\160\DTS\Binn\;C:\Program Files (x86)\Microsoft SQL Server\160\DTS\Binn\;C:\Windows\system32\python;C:\sqlite3;C:\Program Files\nodejs\;C:\MinGW\bin;C:\curl\bin;C:\curl\include;C:\MinGW;C:\MinGW\lib;C:\GnuWin32\bin;C:\OpenSSL-Win64\bin;C:\Program Files\PostgreSQL\17\bin;C:\Program Files\Eclipse Adoptium\jdk-25.0.1.8-hotspot\bin;C:\Program Files\Git\cmd;C:\Program Files\Docker\Docker\resources\bin;C:\Program Files\Heroku\bin;C:\Users\admin\AppData\Local\Programs\Microsoft VS Code;C:\Program Files\P;C:\flutter\bin\flutter;C:\flutter\bin;C:\Users\admin\AppData\Local\Programs\Microsoft VS Code\bin
USERNAME=admin
OS=Windows_NT
PROCESSOR_IDENTIFIER=Intel64 Family 6 Model 142 Stepping 10, GenuineIntel
TMP=C:\Users\admin\AppData\Local\Temp
TEMP=C:\Users\admin\AppData\Local\Temp



Periodic native trim disabled


---------------  S Y S T E M  ---------------

OS:
 Windows 11 , 64 bit Build 22621 (10.0.22621.5415)
OS uptime: 0 days 0:39 hours
Hyper-V role detected

CPU: total 8 (initial active 8) (4 cores per cpu, 2 threads per core) family 6 model 142 stepping 10 microcode 0xf4, cx8, cmov, fxsr, ht, mmx, 3dnowpref, sse, sse2, sse3, ssse3, sse4.1, sse4.2, popcnt, lzcnt, tsc, tscinvbit, avx, avx2, aes, erms, clmul, bmi1, bmi2, rtm, adx, fma, vzeroupper, clflush, clflushopt, hv
Processor Information for all 8 processors :
  Max Mhz: 1896, Current Mhz: 1696, Mhz Limit: 1687

Memory: 4k page, system-wide physical 8070M (305M free)
TotalPageFile size 16358M (AvailPageFile size 7M)
current process WorkingSet (physical memory assigned to process): 231M, peak: 245M
current process commit charge ("private bytes"): 276M, peak: 293M

vm_info: OpenJDK 64-Bit Server VM (17.0.19+10) for windows-amd64 JRE (17.0.19+10), built on Apr 25 2026 08:04:44 by "admin" with MS VC++ 17.12 (VS2022)

END.
