#
# There is insufficient memory for the Java Runtime Environment to continue.
# Native memory allocation (mmap) failed to map 50331648 bytes. Error detail: G1 virtual space
# Possible reasons:
#   The system is out of physical RAM or swap space
#   This process is running with CompressedOops enabled, and the Java Heap may be blocking the growth of the native heap
# Possible solutions:
#   Reduce memory load on the system
#   Increase physical memory or swap space
#   Check if swap backing store is full
#   Decrease Java heap size (-Xmx/-Xms)
#   Decrease number of Java threads
#   Decrease Java thread stack sizes (-Xss)
#   Set larger code cache with -XX:ReservedCodeCacheSize=
#   JVM is running with Zero Based Compressed Oops mode in which the Java heap is
#     placed in the first 32GB address space. The Java Heap base address is the
#     maximum limit for the native heap growth. Please use -XX:HeapBaseMinAddress
#     to set the Java Heap base and to place the Java Heap above 32GB virtual address.
# This output file may be truncated or incomplete.
#
#  Out of Memory Error (os_windows.cpp:3618), pid=6576, tid=18444
#
# JRE version: OpenJDK Runtime Environment Temurin-17.0.19+10 (17.0.19+10) (build 17.0.19+10)
# Java VM: OpenJDK 64-Bit Server VM Temurin-17.0.19+10 (17.0.19+10, mixed mode, sharing, tiered, compressed oops, compressed class ptrs, g1 gc, windows-amd64)
# No core dump will be written. Minidumps are not enabled by default on client versions of Windows
#

---------------  S U M M A R Y ------------

Command Line: --add-opens=java.base/java.lang=ALL-UNNAMED --add-opens=java.base/java.lang.invoke=ALL-UNNAMED --add-opens=java.base/java.util=ALL-UNNAMED --add-opens=java.prefs/java.util.prefs=ALL-UNNAMED --add-exports=jdk.compiler/com.sun.tools.javac.api=ALL-UNNAMED --add-exports=jdk.compiler/com.sun.tools.javac.util=ALL-UNNAMED --add-opens=java.base/java.util=ALL-UNNAMED --add-opens=java.prefs/java.util.prefs=ALL-UNNAMED --add-opens=java.base/java.nio.charset=ALL-UNNAMED --add-opens=java.base/java.net=ALL-UNNAMED --add-opens=java.base/java.util.concurrent=ALL-UNNAMED --add-opens=java.base/java.util.concurrent.atomic=ALL-UNNAMED --add-opens=java.xml/javax.xml.namespace=ALL-UNNAMED --add-opens=java.base/java.time=ALL-UNNAMED -XX:MaxMetaspaceSize=4G -XX:ReservedCodeCacheSize=512m -XX:+HeapDumpOnOutOfMemoryError -Xmx8G -Dfile.encoding=UTF-8 -Duser.country=FR -Duser.language=fr -Duser.variant -javaagent:C:\Users\admin\.gradle\wrapper\dists\gradle-9.1.0-all\7wzd0jkjit61aq2p43wpjgij9\gradle-9.1.0\lib\agents\gradle-instrumentation-agent-9.1.0.jar org.gradle.launcher.daemon.bootstrap.GradleDaemon 9.1.0

Host: Intel(R) Core(TM) i5-8350U CPU @ 1.70GHz, 8 cores, 7G,  Windows 11 , 64 bit Build 22621 (10.0.22621.5415)
Time: Sun Sep 20 14:21:58 2026 Paris, Madrid (heure duild 22621 (10.0.22621.5415) elapsed time: 116.499698 seconds (0d 0h 1m 56s)

---------------  T H R E A D  ---------------

Current thread (0x000001e4ff10cd20):  VMThread "VM Thread" [stack: 0x000000946b200000,0x000000946b300000] [id=18444]

Stack: [0x000000946b200000,0x000000946b300000]
Native frames: (J=compiled Java code, j=interpreted, Vv=VM code, C=native code)
V  [jvm.dll+0x684b29]
V  [jvm.dll+0x83a2d5]
V  [jvm.dll+0x83bd4e]
V  [jvm.dll+0x83c3d3]
V  [jvm.dll+0x24905f]
V  [jvm.dll+0x6818e9]
V  [jvm.dll+0x6766ea]
V  [jvm.dll+0x3093b7]
V  [jvm.dll+0x3109a6]
V  [jvm.dll+0x360f1e]
V  [jvm.dll+0x36115d]
V  [jvm.dll+0x2e043c]
V  [jvm.dll+0x2de812]
V  [jvm.dll+0x2ddfac]
V  [jvm.dll+0x320c6b]
V  [jvm.dll+0x840bed]
V  [jvm.dll+0x841923]
V  [jvm.dll+0x841e4f]
V  [jvm.dll+0x842235]
V  [jvm.dll+0x8422fe]
V  [jvm.dll+0x7eaf1c]
V  [jvm.dll+0x6839f7]
C  [ucrtbase.dll+0x29333]
C  [KERNEL32.DLL+0x1259d]
C  [ntdll.dll+0x5af78]

VM_Operation (0x000000946cffe6e0): G1CollectForAllocation, mode: safepoint, requested by thread 0x000001e54631afc0


---------------  P R O C E S S  ---------------

Threads class SMR info:
_java_thread_list=0x000001e545260540, length=129, elements={
0x000001e4c9e8ff60, 0x000001e4ff112710, 0x000001e4ff113d30, 0x000001e4ff127e80,
0x000001e4ff128a40, 0x000001e4ff12b410, 0x000001e4ff12bdd0, 0x000001e4ff12dad0,
0x000001e4ffb80b70, 0x000001e4ffb875b0, 0x000001e4ff0fed80, 0x000001e4ffcbf390,
0x000001e5464da740, 0x000001e5464368e0, 0x000001e54631cfa0, 0x000001e5464201c0,
0x000001e546319670, 0x000001e546319b80, 0x000001e546318c50, 0x000001e54631c400,
0x000001e54631b4d0, 0x000001e54631a5a0, 0x000001e54631a090, 0x000001e54631aab0,
0x000001e54631afc0, 0x000001e54631b9e0, 0x000001e546319160, 0x000001e54631bef0,
0x000001e54836f0c0, 0x000001e54836ebb0, 0x000001e548371e50, 0x000001e54836f5d0,
0x000001e548371430, 0x000001e548371940, 0x000001e54836dc80, 0x000001e54836be20,
0x000001e54836c330, 0x000001e54836fae0, 0x000001e548372360, 0x000001e54836b400,
0x000001e54836fff0, 0x000001e54836e6a0, 0x000001e54836aef0, 0x000001e548372870,
0x000001e548370a10, 0x000001e548370f20, 0x000001e54836c840, 0x000001e54836d260,
0x000001e54836d770, 0x000001e54836e190, 0x000001e546e2c900, 0x000001e546e2dd40,
0x000001e546e2e760, 0x000001e546e2fba0, 0x000001e546e300b0, 0x000001e546e314f0,
0x000001e546e2bee0, 0x000001e546e305c0, 0x000001e546e2ec70, 0x000001e546e2f180,
0x000001e546e2c3f0, 0x000001e546e30ad0, 0x000001e546e30fe0, 0x000001e546e2f690,
0x000001e546e31a00, 0x000001e546e31f10, 0x000001e546e2afb0, 0x000001e546e32930,
0x000001e546e2b4c0, 0x000001e546e2d320, 0x000001e546e2d830, 0x000001e546e2e250,
0x000001e54b637d40, 0x000001e54b63c420, 0x000001e54b63c930, 0x000001e54b638250,
0x000001e54b63a5c0, 0x000001e54b63dd70, 0x000001e54b63ce40, 0x000001e54b63aad0,
0x000001e54b63afe0, 0x000001e54b63d860, 0x000001e54b637830, 0x000001e54b63bf10,
0x000001e54b636900, 0x000001e54b639180, 0x000001e54b63d350, 0x000001e54b636e10,
0x000001e54b638760, 0x000001e54b63e280, 0x000001e54b63ba00, 0x000001e54b637320,
0x000001e54b638c70, 0x000001e54b639690, 0x000001e54b639ba0, 0x000001e5488f8070,
0x000001e5488f6210, 0x000001e5488fa8f0, 0x000001e5488f7140, 0x000001e5488f48c0,
0x000001e5488f8580, 0x000001e5488f6c30, 0x000001e5488fb820, 0x000001e5488f8a90,
0x000001e5488f94b0, 0x000001e5488fb310, 0x000001e5488f99c0, 0x000001e5488f4dd0,
0x000001e5488fae00, 0x000001e5488fa3e0, 0x000001e5488f57f0, 0x000001e5488f43b0,
0x000001e5488f5d00, 0x000001e548b99540, 0x000001e548b9ccf0, 0x000001e548b9b8b0,
0x000001e548b9ae90, 0x000001e548b99a50, 0x000001e548b99f60, 0x000001e548b9d200,
0x000001e548b9d710, 0x000001e548b97bf0, 0x000001e548b9dc20, 0x000001e548b9b3a0,
0x000001e548b9e130, 0x000001e548b9a980, 0x000001e548b96cc0, 0x000001e548b9c2d0,
0x000001e5455eb220
}

Java Threads: ( => current thread )
  0x000001e4c9e8ff60 JavaThread "main" [_thread_blocked, id=11940, stack(0x000000946ac00000,0x000000946ad00000)]
  0x000001e4ff112710 JavaThread "Reference Handler" daemon [_thread_blocked, id=13912, stack(0x000000946b300000,0x000000946b400000)]
  0x000001e4ff113d30 JavaThread "Finalizer" daemon [_thread_blocked, id=1808, stack(0x000000946b400000,0x000000946b500000)]
  0x000001e4ff127e80 JavaThread "Signal Dispatcher" daemon [_thread_blocked, id=14576, stack(0x000000946b500000,0x000000946b600000)]
  0x000001e4ff128a40 JavaThread "Attach Listener" daemon [_thread_blocked, id=6928, stack(0x000000946b600000,0x000000946b700000)]
  0x000001e4ff12b410 JavaThread "Service Thread" daemon [_thread_blocked, id=5516, stack(0x000000946b700000,0x000000946b800000)]
  0x000001e4ff12bdd0 JavaThread "Monitor Deflation Thread" daemon [_thread_blocked, id=15212, stack(0x000000946b800000,0x000000946b900000)]
  0x000001e4ff12dad0 JavaThread "C2 CompilerThread0" daemon [_thread_blocked, id=18020, stack(0x000000946b900000,0x000000946ba00000)]
  0x000001e4ffb80b70 JavaThread "C1 CompilerThread0" daemon [_thread_blocked, id=18356, stack(0x000000946ba00000,0x000000946bb00000)]
  0x000001e4ffb875b0 JavaThread "Sweeper thread" daemon [_thread_blocked, id=16060, stack(0x000000946bb00000,0x000000946bc00000)]
  0x000001e4ff0fed80 JavaThread "Common-Cleaner" daemon [_thread_blocked, id=18124, stack(0x000000946bc00000,0x000000946bd00000)]
  0x000001e4ffcbf390 JavaThread "Notification Thread" daemon [_thread_blocked, id=7852, stack(0x000000946bd00000,0x000000946be00000)]
  0x000001e5464da740 JavaThread "Daemon health stats" [_thread_blocked, id=15036, stack(0x000000946c400000,0x000000946c500000)]
  0x000001e5464368e0 JavaThread "Incoming local TCP Connector on port 53186" [_thread_in_native, id=19396, stack(0x000000946c300000,0x000000946c400000)]
  0x000001e54631cfa0 JavaThread "Daemon periodic checks" [_thread_blocked, id=19332, stack(0x000000946c500000,0x000000946c600000)]
  0x000001e5464201c0 JavaThread "Daemon" [_thread_blocked, id=19080, stack(0x000000946c600000,0x000000946c700000)]
  0x000001e546319670 JavaThread "Handler for socket connection from /127.0.0.1:53186 to /127.0.0.1:53187" [_thread_in_native, id=17392, stack(0x000000946c700000,0x000000946c800000)]
  0x000001e546319b80 JavaThread "Cancel handler" [_thread_blocked, id=1460, stack(0x000000946c800000,0x000000946c900000)]
  0x000001e546318c50 JavaThread "Daemon worker" [_thread_blocked, id=12528, stack(0x000000946c900000,0x000000946ca00000)]
  0x000001e54631c400 JavaThread "Asynchronous log dispatcher for DefaultDaemonConnection: socket connection from /127.0.0.1:53186 to /127.0.0.1:53187" [_thread_blocked, id=10292, stack(0x000000946ca00000,0x000000946cb00000)]
  0x000001e54631b4d0 JavaThread "Stdin handler" [_thread_blocked, id=18964, stack(0x000000946cb00000,0x000000946cc00000)]
  0x000001e54631a5a0 JavaThread "Daemon client event forwarder" [_thread_blocked, id=11788, stack(0x000000946cc00000,0x000000946cd00000)]
  0x000001e54631a090 JavaThread "Cache worker for journal cache (C:\Users\admin\.gradle\caches\journal-1)" [_thread_blocked, id=10080, stack(0x000000946cd00000,0x000000946ce00000)]
  0x000001e54631aab0 JavaThread "File lock request listener" [_thread_in_native, id=5112, stack(0x000000946ce00000,0x000000946cf00000)]
  0x000001e54631afc0 JavaThread "Cache worker for file hash cache (C:\Users\admin\.gradle\caches\9.1.0\fileHashes)" [_thread_blocked, id=3772, stack(0x000000946cf00000,0x000000946d000000)]
  0x000001e54631b9e0 JavaThread "File lock release action executor" [_thread_blocked, id=9028, stack(0x000000946d300000,0x000000946d400000)]
  0x000001e546319160 JavaThread "Cache worker for file hash cache (C:\Users\admin\Downloads\livreurs-pro\flutter\foodmood_app\android\.gradle\9.1.0\fileHashes)" [_thread_blocked, id=16944, stack(0x000000946d600000,0x000000946d700000)]
  0x000001e54631bef0 JavaThread "Cache worker for Build Output Cleanup Cache (C:\Users\admin\Downloads\livreurs-pro\flutter\foodmood_app\android\.gradle\buildOutputCleanup)" [_thread_blocked, id=2548, stack(0x000000946d700000,0x000000946d800000)]
  0x000001e54836f0c0 JavaThread "File watcher server" daemon [_thread_in_native, id=13592, stack(0x000000946d800000,0x000000946d900000)]
  0x000001e54836ebb0 JavaThread "File watcher consumer" daemon [_thread_blocked, id=8176, stack(0x000000946d900000,0x000000946da00000)]
  0x000001e548371e50 JavaThread "jar transforms" [_thread_blocked, id=7312, stack(0x000000946da00000,0x000000946db00000)]
  0x000001e54836f5d0 JavaThread "jar transforms Thread 2" [_thread_blocked, id=2380, stack(0x000000946db00000,0x000000946dc00000)]
  0x000001e548371430 JavaThread "jar transforms Thread 3" [_thread_blocked, id=10552, stack(0x000000946dc00000,0x000000946dd00000)]
  0x000001e548371940 JavaThread "Cache worker for checksums cache (C:\Users\admin\Downloads\livreurs-pro\flutter\foodmood_app\android\.gradle\9.1.0\checksums)" [_thread_blocked, id=13508, stack(0x000000946d500000,0x000000946d600000)]
  0x000001e54836dc80 JavaThread "Cache worker for file content cache (C:\Users\admin\.gradle\caches\9.1.0\fileContent)" [_thread_blocked, id=11764, stack(0x000000946dd00000,0x000000946de00000)]
  0x000001e54836be20 JavaThread "Cache worker for cache directory md-supplier (C:\Users\admin\.gradle\caches\9.1.0\md-supplier)" [_thread_blocked, id=1336, stack(0x000000946df00000,0x000000946e000000)]
  0x000001e54836c330 JavaThread "Cache worker for cache directory md-rule (C:\Users\admin\.gradle\caches\9.1.0\md-rule)" [_thread_blocked, id=11136, stack(0x000000946e000000,0x000000946e100000)]
  0x000001e54836fae0 JavaThread "jar transforms Thread 4" [_thread_blocked, id=8748, stack(0x000000946e200000,0x000000946e300000)]
  0x000001e548372360 JavaThread "jar transforms Thread 5" [_thread_blocked, id=17612, stack(0x000000946e300000,0x000000946e400000)]
  0x000001e54836b400 JavaThread "jar transforms Thread 6" [_thread_blocked, id=19248, stack(0x000000946de00000,0x000000946df00000)]
  0x000001e54836fff0 JavaThread "jar transforms Thread 7" [_thread_blocked, id=15508, stack(0x000000946e400000,0x000000946e500000)]
  0x000001e54836e6a0 JavaThread "jar transforms Thread 8" [_thread_blocked, id=2156, stack(0x000000946e500000,0x000000946e600000)]
  0x000001e54836aef0 JavaThread "Cache worker for Build Output Cleanup Cache (C:\flutter\packages\flutter_tools\gradle\.gradle\buildOutputCleanup)" [_thread_blocked, id=7696, stack(0x000000946e800000,0x000000946e900000)]
  0x000001e548372870 JavaThread "Unconstrained build operations" [_thread_blocked, id=19188, stack(0x000000946eb00000,0x000000946ec00000)]
  0x000001e548370a10 JavaThread "Unconstrained build operations Thread 2" [_thread_blocked, id=17580, stack(0x000000946ec00000,0x000000946ed00000)]
  0x000001e548370f20 JavaThread "Unconstrained build operations Thread 3" [_thread_blocked, id=17288, stack(0x000000946ed00000,0x000000946ee00000)]
  0x000001e54836c840 JavaThread "Unconstrained build operations Thread 4" [_thread_blocked, id=12184, stack(0x000000946ee00000,0x000000946ef00000)]
  0x000001e54836d260 JavaThread "Unconstrained build operations Thread 5" [_thread_blocked, id=10508, stack(0x000000946ef00000,0x000000946f000000)]
  0x000001e54836d770 JavaThread "Unconstrained build operations Thread 6" [_thread_blocked, id=7248, stack(0x000000946f000000,0x000000946f100000)]
  0x000001e54836e190 JavaThread "Unconstrained build operations Thread 7" [_thread_blocked, id=3992, stack(0x000000946f100000,0x000000946f200000)]
  0x000001e546e2c900 JavaThread "Unconstrained build operations Thread 8" [_thread_blocked, id=11220, stack(0x000000946e900000,0x000000946ea00000)]
  0x000001e546e2dd40 JavaThread "Unconstrained build operations Thread 9" [_thread_blocked, id=7480, stack(0x000000946ea00000,0x000000946eb00000)]
  0x000001e546e2e760 JavaThread "Unconstrained build operations Thread 10" [_thread_blocked, id=7172, stack(0x000000946f200000,0x000000946f300000)]
  0x000001e546e2fba0 JavaThread "Unconstrained build operations Thread 11" [_thread_blocked, id=10128, stack(0x000000946f300000,0x000000946f400000)]
  0x000001e546e300b0 JavaThread "Unconstrained build operations Thread 12" [_thread_blocked, id=1940, stack(0x000000946f400000,0x000000946f500000)]
  0x000001e546e314f0 JavaThread "Unconstrained build operations Thread 13" [_thread_blocked, id=13636, stack(0x000000946f500000,0x000000946f600000)]
  0x000001e546e2bee0 JavaThread "Unconstrained build operations Thread 14" [_thread_blocked, id=3984, stack(0x000000946f600000,0x000000946f700000)]
  0x000001e546e305c0 JavaThread "Unconstrained build operations Thread 15" [_thread_blocked, id=11224, stack(0x000000946f700000,0x000000946f800000)]
  0x000001e546e2ec70 JavaThread "Unconstrained build operations Thread 16" [_thread_blocked, id=17232, stack(0x000000946f800000,0x000000946f900000)]
  0x000001e546e2f180 JavaThread "Unconstrained build operations Thread 17" [_thread_blocked, id=13428, stack(0x000000946f900000,0x000000946fa00000)]
  0x000001e546e2c3f0 JavaThread "Unconstrained build operations Thread 18" [_thread_blocked, id=3988, stack(0x000000946fa00000,0x000000946fb00000)]
  0x000001e546e30ad0 JavaThread "Unconstrained build operations Thread 19" [_thread_blocked, id=7824, stack(0x000000946fb00000,0x000000946fc00000)]
  0x000001e546e30fe0 JavaThread "Unconstrained build operations Thread 20" [_thread_blocked, id=15988, stack(0x000000946fc00000,0x000000946fd00000)]
  0x000001e546e2f690 JavaThread "Unconstrained build operations Thread 21" [_thread_blocked, id=10672, stack(0x000000946fd00000,0x000000946fe00000)]
  0x000001e546e31a00 JavaThread "Memory manager" [_thread_blocked, id=4240, stack(0x000000946ff00000,0x0000009470000000)]
  0x000001e546e31f10 JavaThread "build event listener" [_thread_blocked, id=13028, stack(0x000000946fe00000,0x000000946ff00000)]
  0x000001e546e2afb0 JavaThread "File lock release action executor Thread 2" [_thread_blocked, id=3308, stack(0x0000009470100000,0x0000009470200000)]
  0x000001e546e32930 JavaThread "File lock release action executor Thread 3" [_thread_blocked, id=17172, stack(0x0000009470200000,0x0000009470300000)]
  0x000001e546e2b4c0 JavaThread "File lock release action executor Thread 4" [_thread_blocked, id=16508, stack(0x0000009470300000,0x0000009470400000)]
  0x000001e546e2d320 JavaThread "included builds" [_thread_blocked, id=2768, stack(0x000000946aa00000,0x000000946ab00000)]
  0x000001e546e2d830 JavaThread "Execution worker" [_thread_blocked, id=9224, stack(0x000000946ab00000,0x000000946ac00000)]
  0x000001e546e2e250 JavaThread "Execution worker Thread 2" [_thread_blocked, id=11460, stack(0x0000009470000000,0x0000009470100000)]
  0x000001e54b637d40 JavaThread "Execution worker Thread 3" [_thread_blocked, id=12932, stack(0x0000009470400000,0x0000009470500000)]
  0x000001e54b63c420 JavaThread "Execution worker Thread 4" [_thread_blocked, id=9556, stack(0x0000009470500000,0x0000009470600000)]
  0x000001e54b63c930 JavaThread "Execution worker Thread 5" [_thread_blocked, id=15668, stack(0x0000009470600000,0x0000009470700000)]
  0x000001e54b638250 JavaThread "Execution worker Thread 6" [_thread_blocked, id=16996, stack(0x0000009470700000,0x0000009470800000)]
  0x000001e54b63a5c0 JavaThread "Execution worker Thread 7" [_thread_blocked, id=18700, stack(0x0000009470800000,0x0000009470900000)]
  0x000001e54b63dd70 JavaThread "Cache worker for execution history cache (C:\flutter\packages\flutter_tools\gradle\.gradle\9.1.0\executionHistory)" [_thread_blocked, id=17996, stack(0x0000009470900000,0x0000009470a00000)]
  0x000001e54b63ce40 JavaThread "Unconstrained build operations Thread 22" [_thread_blocked, id=12452, stack(0x0000009470a00000,0x0000009470b00000)]
  0x000001e54b63aad0 JavaThread "Unconstrained build operations Thread 23" [_thread_blocked, id=8852, stack(0x0000009470b00000,0x0000009470c00000)]
  0x000001e54b63afe0 JavaThread "Unconstrained build operations Thread 24" [_thread_blocked, id=17660, stack(0x0000009470c00000,0x0000009470d00000)]
  0x000001e54b63d860 JavaThread "Unconstrained build operations Thread 25" [_thread_blocked, id=6120, stack(0x0000009470d00000,0x0000009470e00000)]
  0x000001e54b637830 JavaThread "Unconstrained build operations Thread 26" [_thread_blocked, id=18552, stack(0x0000009470e00000,0x0000009470f00000)]
  0x000001e54b63bf10 JavaThread "Unconstrained build operations Thread 27" [_thread_blocked, id=17168, stack(0x0000009470f00000,0x0000009471000000)]
  0x000001e54b636900 JavaThread "Unconstrained build operations Thread 28" [_thread_blocked, id=18448, stack(0x0000009471000000,0x0000009471100000)]
  0x000001e54b639180 JavaThread "Unconstrained build operations Thread 29" [_thread_blocked, id=13072, stack(0x0000009471100000,0x0000009471200000)]
  0x000001e54b63d350 JavaThread "Unconstrained build operations Thread 30" [_thread_blocked, id=18148, stack(0x0000009471200000,0x0000009471300000)]
  0x000001e54b636e10 JavaThread "Unconstrained build operations Thread 31" [_thread_blocked, id=8856, stack(0x0000009471300000,0x0000009471400000)]
  0x000001e54b638760 JavaThread "Unconstrained build operations Thread 32" [_thread_blocked, id=16516, stack(0x0000009471400000,0x0000009471500000)]
  0x000001e54b63e280 JavaThread "Unconstrained build operations Thread 33" [_thread_blocked, id=18724, stack(0x0000009471500000,0x0000009471600000)]
  0x000001e54b63ba00 JavaThread "Unconstrained build operations Thread 34" [_thread_blocked, id=5608, stack(0x0000009471600000,0x0000009471700000)]
  0x000001e54b637320 JavaThread "Unconstrained build operations Thread 35" [_thread_blocked, id=3396, stack(0x0000009471700000,0x0000009471800000)]
  0x000001e54b638c70 JavaThread "Unconstrained build operations Thread 36" [_thread_blocked, id=5588, stack(0x0000009471800000,0x0000009471900000)]
  0x000001e54b639690 JavaThread "Unconstrained build operations Thread 37" [_thread_blocked, id=16300, stack(0x0000009471900000,0x0000009471a00000)]
  0x000001e54b639ba0 JavaThread "Unconstrained build operations Thread 38" [_thread_blocked, id=7660, stack(0x0000009471a00000,0x0000009471b00000)]
  0x000001e5488f8070 JavaThread "Unconstrained build operations Thread 39" [_thread_blocked, id=18544, stack(0x0000009471b00000,0x0000009471c00000)]
  0x000001e5488f6210 JavaThread "Unconstrained build operations Thread 40" [_thread_blocked, id=18788, stack(0x0000009471c00000,0x0000009471d00000)]
  0x000001e5488fa8f0 JavaThread "Unconstrained build operations Thread 41" [_thread_blocked, id=1264, stack(0x0000009471d00000,0x0000009471e00000)]
  0x000001e5488f7140 JavaThread "Unconstrained build operations Thread 42" [_thread_blocked, id=2488, stack(0x0000009471e00000,0x0000009471f00000)]
  0x000001e5488f48c0 JavaThread "Unconstrained build operations Thread 43" [_thread_blocked, id=2948, stack(0x0000009471f00000,0x0000009472000000)]
  0x000001e5488f8580 JavaThread "Unconstrained build operations Thread 44" [_thread_blocked, id=11540, stack(0x0000009472000000,0x0000009472100000)]
  0x000001e5488f6c30 JavaThread "WorkerExecutor Queue" [_thread_blocked, id=9696, stack(0x0000009472100000,0x0000009472200000)]
  0x000001e5488fb820 JavaThread "RMI Scheduler(0)" daemon [_thread_blocked, id=8572, stack(0x0000009472200000,0x0000009472300000)]
  0x000001e5488f8a90 JavaThread "RMI GC Daemon" daemon [_thread_blocked, id=18820, stack(0x0000009472400000,0x0000009472500000)]
  0x000001e5488f94b0 JavaThread "RMI TCP Accept-0" daemon [_thread_in_native, id=1820, stack(0x0000009472500000,0x0000009472600000)]
  0x000001e5488fb310 JavaThread "RMI Reaper" [_thread_blocked, id=12772, stack(0x0000009472600000,0x0000009472700000)]
  0x000001e5488f99c0 JavaThread "RMI TCP Connection(2)-127.0.0.1" daemon [_thread_in_native, id=12920, stack(0x0000009472700000,0x0000009472800000)]
  0x000001e5488f4dd0 JavaThread "Unconstrained build operations Thread 45" [_thread_blocked, id=5380, stack(0x0000009472800000,0x0000009472900000)]
  0x000001e5488fae00 JavaThread "Unconstrained build operations Thread 46" [_thread_blocked, id=8660, stack(0x0000009472900000,0x0000009472a00000)]
  0x000001e5488fa3e0 JavaThread "Unconstrained build operations Thread 47" [_thread_blocked, id=8520, stack(0x0000009472a00000,0x0000009472b00000)]
  0x000001e5488f57f0 JavaThread "Unconstrained build operations Thread 48" [_thread_blocked, id=11884, stack(0x0000009472b00000,0x0000009472c00000)]
  0x000001e5488f43b0 JavaThread "Unconstrained build operations Thread 49" [_thread_blocked, id=7692, stack(0x0000009472c00000,0x0000009472d00000)]
  0x000001e5488f5d00 JavaThread "Unconstrained build operations Thread 50" [_thread_blocked, id=18748, stack(0x0000009472d00000,0x0000009472e00000)]
  0x000001e548b99540 JavaThread "Unconstrained build operations Thread 51" [_thread_blocked, id=8980, stack(0x0000009472e00000,0x0000009472f00000)]
  0x000001e548b9ccf0 JavaThread "Unconstrained build operations Thread 52" [_thread_blocked, id=7956, stack(0x0000009472f00000,0x0000009473000000)]
  0x000001e548b9b8b0 JavaThread "Unconstrained build operations Thread 53" [_thread_blocked, id=10976, stack(0x0000009473000000,0x0000009473100000)]
  0x000001e548b9ae90 JavaThread "Unconstrained build operations Thread 54" [_thread_blocked, id=6112, stack(0x0000009473100000,0x0000009473200000)]
  0x000001e548b99a50 JavaThread "Unconstrained build operations Thread 55" [_thread_blocked, id=16932, stack(0x0000009473200000,0x0000009473300000)]
  0x000001e548b99f60 JavaThread "Unconstrained build operations Thread 56" [_thread_blocked, id=12632, stack(0x0000009473300000,0x0000009473400000)]
  0x000001e548b9d200 JavaThread "Unconstrained build operations Thread 57" [_thread_blocked, id=3160, stack(0x0000009473400000,0x0000009473500000)]
  0x000001e548b9d710 JavaThread "Unconstrained build operations Thread 58" [_thread_blocked, id=3216, stack(0x0000009473500000,0x0000009473600000)]
  0x000001e548b97bf0 JavaThread "Unconstrained build operations Thread 59" [_thread_blocked, id=18112, stack(0x0000009472300000,0x0000009472400000)]
  0x000001e548b9dc20 JavaThread "Unconstrained build operations Thread 60" [_thread_blocked, id=7304, stack(0x0000009473600000,0x0000009473700000)]
  0x000001e548b9b3a0 JavaThread "Unconstrained build operations Thread 61" [_thread_blocked, id=17688, stack(0x0000009473700000,0x0000009473800000)]
  0x000001e548b9e130 JavaThread "Unconstrained build operations Thread 62" [_thread_blocked, id=18400, stack(0x0000009473800000,0x0000009473900000)]
  0x000001e548b9a980 JavaThread "Unconstrained build operations Thread 63" [_thread_blocked, id=6320, stack(0x0000009473900000,0x0000009473a00000)]
  0x000001e548b96cc0 JavaThread "Unconstrained build operations Thread 64" [_thread_blocked, id=18152, stack(0x0000009473a00000,0x0000009473b00000)]
  0x000001e548b9c2d0 JavaThread "Unconstrained build operations Thread 65" [_thread_blocked, id=3824, stack(0x0000009473b00000,0x0000009473c00000)]
  0x000001e5455eb220 JavaThread "C2 CompilerThread1" daemon [_thread_blocked, id=1260, stack(0x0000009473c00000,0x0000009473d00000)]

Other Threads:
=>0x000001e4ff10cd20 VMThread "VM Thread" [stack: 0x000000946b200000,0x000000946b300000] [id=18444]
  0x000001e4ffc45bd0 WatcherThread [stack: 0x000000946be00000,0x000000946bf00000] [id=14564]
  0x000001e4c9f3ea80 GCTaskThread "GC Thread#0" [stack: 0x000000946ad00000,0x000000946ae00000] [id=19148]
  0x000001e4ffd479d0 GCTaskThread "GC Thread#1" [stack: 0x000000946bf00000,0x000000946c000000] [id=17604]
  0x000001e4ffed2970 GCTaskThread "GC Thread#2" [stack: 0x000000946c000000,0x000000946c100000] [id=6836]
  0x000001e54589f7d0 GCTaskThread "GC Thread#3" [stack: 0x000000946c100000,0x000000946c200000] [id=11768]
  0x000001e5462c3880 GCTaskThread "GC Thread#4" [stack: 0x000000946c200000,0x000000946c300000] [id=16460]
  0x000001e54650c5b0 GCTaskThread "GC Thread#5" [stack: 0x000000946d000000,0x000000946d100000] [id=13620]
  0x000001e54650b270 GCTaskThread "GC Thread#6" [stack: 0x000000946d100000,0x000000946d200000] [id=5788]
  0x000001e54650b530 GCTaskThread "GC Thread#7" [stack: 0x000000946d200000,0x000000946d300000] [id=14224]
  0x000001e4fef60b20 ConcurrentGCThread "G1 Main Marker" [stack: 0x000000946ae00000,0x000000946af00000] [id=17616]
  0x000001e4fef61ce0 ConcurrentGCThread "G1 Conc#0" [stack: 0x000000946af00000,0x000000946b000000] [id=11604]
  0x000001e54650c030 ConcurrentGCThread "G1 Conc#1" [stack: 0x000000946d400000,0x000000946d500000] [id=1376]
  0x000001e4fefca020 ConcurrentGCThread "G1 Refine#0" [stack: 0x000000946b000000,0x000000946b100000] [id=4720]
  0x000001e546b0b650 ConcurrentGCThread "G1 Refine#1" [stack: 0x000000946e100000,0x000000946e200000] [id=17552]
  0x000001e4fefcaa50 ConcurrentGCThread "G1 Service" [stack: 0x000000946b100000,0x000000946b200000] [id=10016]

Threads with active compile tasks:
C2 CompilerThread1  116566 11334       4       org.gradle.internal.hash.HashCode::toStringBuilder (67 bytes)

VM state: at safepoint (normal execution)

VM Mutex/Monitor currently owned by a thread:  ([mutex/lock_event])
[0x000001e4c9e8c0c0] Threads_lock - owner thread: 0x000001e4ff10cd20
[0x000001e4c9e8aad0] Heap_lock - owner thread: 0x000001e54631afc0

Heap address: 0x0000000600000000, size: 8192 MB, Compressed Oops mode: Zero based, Oop shift amount: 3

CDS archive(s) mapped at: [0x000001e500000000-0x000001e500bb0000-0x000001e500bb0000), size 12255232, SharedBaseAddress: 0x000001e500000000, ArchiveRelocationMode: 1.
Compressed class space mapped at: 0x000001e501000000-0x000001e541000000, reserved size: 1073741824
Narrow klass base: 0x000001e500000000, Narrow klass shift: 0, Narrow klass range: 0x100000000

GC Precious Log:
 CPUs: 8 total, 8 available
 Memory: 8070M
 Large Page Support: Disabled
 NUMA Support: Disabled
 Compressed Oops: Enabled (Zero based)
 Heap Region Size: 4M
 Heap Min Capacity: 8M
 Heap Initial Capacity: 128M
 Heap Max Capacity: 8G
 Pre-touch: Disabled
 Parallel Workers: 8
 Concurrent Workers: 2
 Concurrent Refinement Workers: 8
 Periodic GC: Disabled

Heap:
 garbage-first heap   total 139264K, used 75537K [0x0000000600000000, 0x0000000800000000)
  region size 4096K, 1 young (4096K), 1 survivors (4096K)
 Metaspace       used 75561K, committed 76544K, reserved 1179648K
  class space    used 10761K, committed 11200K, reserved 1048576K

Heap Regions: E=young(eden), S=young(survivor), O=old, HS=humongous(starts), HC=humongous(continues), CS=collection set, F=free, OA=open archive, CA=closed archive, TAMS=top-at-mark-start (previous, next)
|   0|0x0000000600000000, 0x0000000600400000, 0x0000000600400000|100%|HS|  |TAMS 0x0000000600400000, 0x0000000600000000| Complete 
|   1|0x0000000600400000, 0x0000000600800000, 0x0000000600800000|100%| O|  |TAMS 0x0000000600800000, 0x0000000600400000| Untracked 
|   2|0x0000000600800000, 0x0000000600c00000, 0x0000000600c00000|100%| O|  |TAMS 0x0000000600c00000, 0x0000000600800000| Untracked 
|   3|0x0000000600c00000, 0x0000000600ff5400, 0x0000000601000000| 98%| O|  |TAMS 0x0000000600ff5400, 0x0000000600c00000| Untracked 
|   4|0x0000000601000000, 0x0000000601400000, 0x0000000601400000|100%| O|  |TAMS 0x0000000601400000, 0x0000000601000000| Untracked 
|   5|0x0000000601400000, 0x0000000601800000, 0x0000000601800000|100%| O|  |TAMS 0x0000000601800000, 0x0000000601400000| Untracked 
|   6|0x0000000601800000, 0x0000000601c00000, 0x0000000601c00000|100%| O|  |TAMS 0x0000000601c00000, 0x0000000601800000| Untracked 
|   7|0x0000000601c00000, 0x0000000602000000, 0x0000000602000000|100%| O|  |TAMS 0x0000000602000000, 0x0000000601c00000| Untracked 
|   8|0x0000000602000000, 0x0000000602400000, 0x0000000602400000|100%| O|  |TAMS 0x0000000602400000, 0x0000000602000000| Untracked 
|   9|0x0000000602400000, 0x0000000602800000, 0x0000000602800000|100%| O|  |TAMS 0x0000000602800000, 0x0000000602400000| Untracked 
|  10|0x0000000602800000, 0x0000000602c00000, 0x0000000602c00000|100%| O|  |TAMS 0x0000000602c00000, 0x0000000602800000| Untracked 
|  11|0x0000000602c00000, 0x0000000603000000, 0x0000000603000000|100%| O|  |TAMS 0x0000000603000000, 0x0000000602c00000| Untracked 
|  12|0x0000000603000000, 0x0000000603400000, 0x0000000603400000|100%| O|  |TAMS 0x0000000603400000, 0x0000000603000000| Untracked 
|  13|0x0000000603400000, 0x0000000603800000, 0x0000000603800000|100%| O|  |TAMS 0x0000000603800000, 0x0000000603400000| Untracked 
|  14|0x0000000603800000, 0x0000000603c00000, 0x0000000603c00000|100%| O|  |TAMS 0x0000000603c00000, 0x0000000603800000| Untracked 
|  15|0x0000000603c00000, 0x0000000604000000, 0x0000000604000000|100%| O|  |TAMS 0x0000000604000000, 0x0000000603c00000| Untracked 
|  16|0x0000000604000000, 0x0000000604400000, 0x0000000604400000|100%| O|  |TAMS 0x0000000604400000, 0x0000000604000000| Untracked 
|  17|0x0000000604400000, 0x0000000604745e00, 0x0000000604800000| 81%| O|  |TAMS 0x00000006044bb000, 0x0000000604400000| Untracked 
|  18|0x0000000604800000, 0x0000000604800000, 0x0000000604c00000|  0%| F|  |TAMS 0x0000000604800000, 0x0000000604800000| Untracked 
|  19|0x0000000604c00000, 0x0000000604c00000, 0x0000000605000000|  0%| F|  |TAMS 0x0000000604c00000, 0x0000000604c00000| Untracked 
|  20|0x0000000605000000, 0x0000000605000000, 0x0000000605400000|  0%| F|  |TAMS 0x0000000605000000, 0x0000000605000000| Untracked 
|  21|0x0000000605400000, 0x0000000605400000, 0x0000000605800000|  0%| F|  |TAMS 0x0000000605400000, 0x0000000605400000| Untracked 
|  22|0x0000000605800000, 0x0000000605800000, 0x0000000605c00000|  0%| F|  |TAMS 0x0000000605800000, 0x0000000605800000| Untracked 
|  23|0x0000000605c00000, 0x0000000605c00000, 0x0000000606000000|  0%| F|  |TAMS 0x0000000605c00000, 0x0000000605c00000| Untracked 
|  24|0x0000000606000000, 0x0000000606000000, 0x0000000606400000|  0%| F|  |TAMS 0x0000000606000000, 0x0000000606000000| Untracked 
|  25|0x0000000606400000, 0x0000000606689290, 0x0000000606800000| 63%| S|CS|TAMS 0x0000000606400000, 0x0000000606400000| Complete 
|  26|0x0000000606800000, 0x0000000606800000, 0x0000000606c00000|  0%| F|  |TAMS 0x0000000606800000, 0x0000000606800000| Untracked 
|  27|0x0000000606c00000, 0x0000000606c00000, 0x0000000607000000|  0%| F|  |TAMS 0x0000000606c00000, 0x0000000606c00000| Untracked 
|  28|0x0000000607000000, 0x0000000607000000, 0x0000000607400000|  0%| F|  |TAMS 0x0000000607000000, 0x0000000607000000| Untracked 
|  29|0x0000000607400000, 0x0000000607400000, 0x0000000607800000|  0%| F|  |TAMS 0x0000000607400000, 0x0000000607400000| Untracked 
|  30|0x0000000607800000, 0x0000000607800000, 0x0000000607c00000|  0%| F|  |TAMS 0x0000000607800000, 0x0000000607800000| Untracked 
|  31|0x0000000607c00000, 0x0000000607c00000, 0x0000000608000000|  0%| F|  |TAMS 0x0000000607c00000, 0x0000000607c00000| Untracked 
|  32|0x0000000608000000, 0x0000000608000000, 0x0000000608400000|  0%| F|  |TAMS 0x0000000608000000, 0x0000000608000000| Untracked 
|  33|0x0000000608400000, 0x0000000608400000, 0x0000000608800000|  0%| F|  |TAMS 0x0000000608400000, 0x0000000608400000| Untracked 

Card table byte_map: [0x000001e4f4ec0000,0x000001e4f5ec0000] _byte_map_base: 0x000001e4f1ec0000

Marking Bits (Prev, Next): (CMBitMap*) 0x000001e4fef501f0, (CMBitMap*) 0x000001e4fef50230
 Prev Bits: [0x000001e4f6ec0000, 0x000001e4feec0000)
 Next Bits: [0x000001e480000000, 0x000001e488000000)

Polling page: 0x000001e4c9f40000

Metaspace:

Usage:
  Non-class:     63.28 MB used.
      Class:     10.51 MB used.
       Both:     73.79 MB used.

Virtual space:
  Non-class space:      128.00 MB reserved,      63.81 MB ( 50%) committed,  2 nodes.
      Class space:        1.00 GB reserved,      10.94 MB (  1%) committed,  1 nodes.
             Both:        1.12 GB reserved,      74.75 MB (  6%) committed. 

Chunk freelists:
   Non-Class:  15.53 MB
       Class:  4.88 MB
        Both:  20.41 MB

MaxMetaspaceSize: 4.00 GB
CompressedClassSpaceSize: 1.00 GB
Initial GC threshold: 21.00 MB
Current GC threshold: 124.38 MB
CDS: on
MetaspaceReclaimPolicy: balanced
 - commit_granule_bytes: 65536.
 - commit_granule_words: 8192.
 - virtual_space_node_default_size: 8388608.
 - enlarge_chunks_in_place: 1.
 - new_chunks_are_fully_committed: 0.
 - uncommit_free_chunks: 1.
 - use_allocation_guard: 0.
 - handle_deallocations: 1.


Internal statistics:

num_allocs_failed_limit: 6.
num_arena_births: 1570.
num_arena_deaths: 0.
num_vsnodes_births: 3.
num_vsnodes_deaths: 0.
num_space_committed: 1196.
num_space_uncommitted: 0.
num_chunks_returned_to_freelist: 6.
num_chunks_taken_from_freelist: 5050.
num_chunk_merges: 6.
num_chunk_splits: 3153.
num_chunks_enlarged: 1858.
num_inconsistent_stats: 0.

CodeHeap 'non-profiled nmethods': size=259264Kb used=6067Kb max_used=6067Kb free=253197Kb
 bounds [0x000001e4e3500000, 0x000001e4e3af0000, 0x000001e4f3230000]
CodeHeap 'profiled nmethods': size=259264Kb used=19141Kb max_used=19141Kb free=240122Kb
 bounds [0x000001e4d3230000, 0x000001e4d44f0000, 0x000001e4e2f60000]
CodeHeap 'non-nmethods': size=5760Kb used=1726Kb max_used=1797Kb free=4033Kb
 bounds [0x000001e4e2f60000, 0x000001e4e31d0000, 0x000001e4e3500000]
 total_blobs=10639 nmethods=9812 adapters=739
 compilation: enabled
              stopped_count=0, restarted_count=0
 full_count=0

Compilation events (20 events):
Event: 116.466 Thread 0x000001e4ffb80b70 nmethod 11330 0x000001e4d378ca90 code [0x000001e4d378cc20, 0x000001e4d378cd18]
Event: 116.474 Thread 0x000001e5455eb220 nmethod 11327 0x000001e4e3ae4e90 code [0x000001e4e3ae5060, 0x000001e4e3ae5738]
Event: 116.474 Thread 0x000001e5455eb220 11261       4       org.gradle.internal.snapshot.AbstractIncompleteFileSystemNode::getNode (10 bytes)
Event: 116.477 Thread 0x000001e4ff12dad0 nmethod 11260 0x000001e4e3ae5e90 code [0x000001e4e3ae6220, 0x000001e4e3ae94d8]
Event: 116.477 Thread 0x000001e5455eb220 nmethod 11261 0x000001e4e3aeaf90 code [0x000001e4e3aeb120, 0x000001e4e3aeb258]
Event: 116.477 Thread 0x000001e5455eb220 11262       4       org.gradle.internal.snapshot.SnapshotUtil::getChild (20 bytes)
Event: 116.478 Thread 0x000001e4ff12dad0 11322       4       com.google.common.collect.ImmutableSortedMap::get (27 bytes)
Event: 116.479 Thread 0x000001e5455eb220 nmethod 11262 0x000001e4e3aeb390 code [0x000001e4e3aeb520, 0x000001e4e3aeb638]
Event: 116.479 Thread 0x000001e5455eb220 11331       4       org.gradle.internal.execution.DefaultWorkExecutionTracker$OperationListener::progress (1 bytes)
Event: 116.480 Thread 0x000001e5455eb220 nmethod 11331 0x000001e4e3aeb790 code [0x000001e4e3aeb900, 0x000001e4e3aeb978]
Event: 116.480 Thread 0x000001e5455eb220 11332       4       org.gradle.tooling.internal.provider.runner.BuildPhaseOperationListener::progress (1 bytes)
Event: 116.480 Thread 0x000001e5455eb220 nmethod 11332 0x000001e4e3aeba90 code [0x000001e4e3aebc00, 0x000001e4e3aebc78]
Event: 116.480 Thread 0x000001e5455eb220 11333       4       org.gradle.internal.operations.DefaultBuildOperationAncestryTracker::progress (1 bytes)
Event: 116.480 Thread 0x000001e5455eb220 nmethod 11333 0x000001e4e3aebd90 code [0x000001e4e3aebf00, 0x000001e4e3aebf78]
Event: 116.482 Thread 0x000001e5455eb220 11334       4       org.gradle.internal.hash.HashCode::toStringBuilder (67 bytes)
Event: 116.491 Thread 0x000001e4ff12dad0 nmethod 11322 0x000001e4e3aec090 code [0x000001e4e3aec260, 0x000001e4e3aec778]
Event: 116.491 Thread 0x000001e4ffb80b70 11335       3       org.gradle.api.internal.artifacts.transform.TransformExecutionResult$Builder$ProducedOutputOnlyResult$$Lambda$1153/0x000001e50171a458::apply (12 bytes)
Event: 116.492 Thread 0x000001e4ffb80b70 nmethod 11335 0x000001e4d44e3b10 code [0x000001e4d44e3ce0, 0x000001e4d44e4118]
Event: 116.492 Thread 0x000001e4ffb80b70 11336       3       org.gradle.api.internal.artifacts.transform.TransformExecutionResult$Builder$ProducedOutputOnlyResult$$Lambda$1154/0x000001e50171a698::apply (12 bytes)
Event: 116.492 Thread 0x000001e4ffb80b70 nmethod 11336 0x000001e4d44e4290 code [0x000001e4d44e4460, 0x000001e4d44e47e8]

GC Heap History (20 events):
Event: 73.525 GC heap after
{Heap after GC invocations=40 (full 0):
 garbage-first heap   total 98304K, used 67452K [0x0000000600000000, 0x0000000800000000)
  region size 4096K, 1 young (4096K), 1 survivors (4096K)
 Metaspace       used 72809K, committed 73728K, reserved 1114112K
  class space    used 10456K, committed 10880K, reserved 1048576K
}
Event: 95.829 GC heap before
{Heap before GC invocations=40 (full 0):
 garbage-first heap   total 98304K, used 75644K [0x0000000600000000, 0x0000000800000000)
  region size 4096K, 3 young (12288K), 1 survivors (4096K)
 Metaspace       used 74208K, committed 75200K, reserved 1114112K
  class space    used 10660K, committed 11136K, reserved 1048576K
}
Event: 95.836 GC heap after
{Heap after GC invocations=41 (full 0):
 garbage-first heap   total 98304K, used 67922K [0x0000000600000000, 0x0000000800000000)
  region size 4096K, 1 young (4096K), 1 survivors (4096K)
 Metaspace       used 74208K, committed 75200K, reserved 1114112K
  class space    used 10660K, committed 11136K, reserved 1048576K
}
Event: 112.271 GC heap before
{Heap before GC invocations=41 (full 0):
 garbage-first heap   total 98304K, used 72018K [0x0000000600000000, 0x0000000800000000)
  region size 4096K, 3 young (12288K), 1 survivors (4096K)
 Metaspace       used 74381K, committed 75392K, reserved 1114112K
  class space    used 10675K, committed 11136K, reserved 1048576K
}
Event: 112.274 GC heap after
{Heap after GC invocations=42 (full 0):
 garbage-first heap   total 98304K, used 67945K [0x0000000600000000, 0x0000000800000000)
  region size 4096K, 1 young (4096K), 1 survivors (4096K)
 Metaspace       used 74381K, committed 75392K, reserved 1114112K
  class space    used 10675K, committed 11136K, reserved 1048576K
}
Event: 114.100 GC heap before
{Heap before GC invocations=42 (full 0):
 garbage-first heap   total 98304K, used 76137K [0x0000000600000000, 0x0000000800000000)
  region size 4096K, 3 young (12288K), 1 survivors (4096K)
 Metaspace       used 75002K, committed 75968K, reserved 1114112K
  class space    used 10747K, committed 11200K, reserved 1048576K
}
Event: 114.103 GC heap after
{Heap after GC invocations=43 (full 0):
 garbage-first heap   total 98304K, used 68933K [0x0000000600000000, 0x0000000800000000)
  region size 4096K, 1 young (4096K), 1 survivors (4096K)
 Metaspace       used 75002K, committed 75968K, reserved 1114112K
  class space    used 10747K, committed 11200K, reserved 1048576K
}
Event: 114.745 GC heap before
{Heap before GC invocations=43 (full 0):
 garbage-first heap   total 98304K, used 77125K [0x0000000600000000, 0x0000000800000000)
  region size 4096K, 3 young (12288K), 1 survivors (4096K)
 Metaspace       used 75225K, committed 76224K, reserved 1179648K
  class space    used 10751K, committed 11200K, reserved 1048576K
}
Event: 114.750 GC heap after
{Heap after GC invocations=44 (full 0):
 garbage-first heap   total 98304K, used 70381K [0x0000000600000000, 0x0000000800000000)
  region size 4096K, 1 young (4096K), 1 survivors (4096K)
 Metaspace       used 75225K, committed 76224K, reserved 1179648K
  class space    used 10751K, committed 11200K, reserved 1048576K
}
Event: 115.013 GC heap before
{Heap before GC invocations=44 (full 0):
 garbage-first heap   total 98304K, used 78573K [0x0000000600000000, 0x0000000800000000)
  region size 4096K, 3 young (12288K), 1 survivors (4096K)
 Metaspace       used 75336K, committed 76352K, reserved 1179648K
  class space    used 10760K, committed 11200K, reserved 1048576K
}
Event: 115.020 GC heap after
{Heap after GC invocations=45 (full 0):
 garbage-first heap   total 98304K, used 71851K [0x0000000600000000, 0x0000000800000000)
  region size 4096K, 1 young (4096K), 1 survivors (4096K)
 Metaspace       used 75336K, committed 76352K, reserved 1179648K
  class space    used 10760K, committed 11200K, reserved 1048576K
}
Event: 115.106 GC heap before
{Heap before GC invocations=45 (full 0):
 garbage-first heap   total 98304K, used 75947K [0x0000000600000000, 0x0000000800000000)
  region size 4096K, 2 young (8192K), 1 survivors (4096K)
 Metaspace       used 75349K, committed 76352K, reserved 1179648K
  class space    used 10760K, committed 11200K, reserved 1048576K
}
Event: 115.110 GC heap after
{Heap after GC invocations=46 (full 0):
 garbage-first heap   total 98304K, used 73078K [0x0000000600000000, 0x0000000800000000)
  region size 4096K, 1 young (4096K), 1 survivors (4096K)
 Metaspace       used 75349K, committed 76352K, reserved 1179648K
  class space    used 10760K, committed 11200K, reserved 1048576K
}
Event: 115.178 GC heap before
{Heap before GC invocations=46 (full 0):
 garbage-first heap   total 98304K, used 73078K [0x0000000600000000, 0x0000000800000000)
  region size 4096K, 2 young (8192K), 1 survivors (4096K)
 Metaspace       used 75386K, committed 76416K, reserved 1179648K
  class space    used 10760K, committed 11200K, reserved 1048576K
}
Event: 115.181 GC heap after
{Heap after GC invocations=47 (full 0):
 garbage-first heap   total 98304K, used 73803K [0x0000000600000000, 0x0000000800000000)
  region size 4096K, 1 young (4096K), 1 survivors (4096K)
 Metaspace       used 75386K, committed 76416K, reserved 1179648K
  class space    used 10760K, committed 11200K, reserved 1048576K
}
Event: 115.310 GC heap before
{Heap before GC invocations=47 (full 0):
 garbage-first heap   total 98304K, used 73803K [0x0000000600000000, 0x0000000800000000)
  region size 4096K, 2 young (8192K), 1 survivors (4096K)
 Metaspace       used 75435K, committed 76416K, reserved 1179648K
  class space    used 10760K, committed 11200K, reserved 1048576K
}
Event: 115.313 GC heap after
{Heap after GC invocations=48 (full 0):
 garbage-first heap   total 98304K, used 73821K [0x0000000600000000, 0x0000000800000000)
  region size 4096K, 1 young (4096K), 1 survivors (4096K)
 Metaspace       used 75435K, committed 76416K, reserved 1179648K
  class space    used 10760K, committed 11200K, reserved 1048576K
}
Event: 115.495 GC heap before
{Heap before GC invocations=49 (full 0):
 garbage-first heap   total 139264K, used 77917K [0x0000000600000000, 0x0000000800000000)
  region size 4096K, 2 young (8192K), 1 survivors (4096K)
 Metaspace       used 75461K, committed 76480K, reserved 1179648K
  class space    used 10760K, committed 11200K, reserved 1048576K
}
Event: 115.499 GC heap after
{Heap after GC invocations=50 (full 0):
 garbage-first heap   total 139264K, used 74036K [0x0000000600000000, 0x0000000800000000)
  region size 4096K, 1 young (4096K), 1 survivors (4096K)
 Metaspace       used 75461K, committed 76480K, reserved 1179648K
  class space    used 10760K, committed 11200K, reserved 1048576K
}
Event: 116.493 GC heap before
{Heap before GC invocations=50 (full 0):
 garbage-first heap   total 139264K, used 102708K [0x0000000600000000, 0x0000000800000000)
  region size 4096K, 8 young (32768K), 1 survivors (4096K)
 Metaspace       used 75561K, committed 76544K, reserved 1179648K
  class space    used 10761K, committed 11200K, reserved 1048576K
}

Dll operation events (16 events):
Event: 0.027 Loaded shared library C:\Program Files\Eclipse Adoptium\jdk-17.0.19.10-hotspot\bin\java.dll
Event: 0.071 Loaded shared library C:\Program Files\Eclipse Adoptium\jdk-17.0.19.10-hotspot\bin\jsvml.dll
Event: 0.249 Loaded shared library C:\Program Files\Eclipse Adoptium\jdk-17.0.19.10-hotspot\bin\zip.dll
Event: 0.253 Loaded shared library C:\Program Files\Eclipse Adoptium\jdk-17.0.19.10-hotspot\bin\instrument.dll
Event: 0.264 Loaded shared library C:\Program Files\Eclipse Adoptium\jdk-17.0.19.10-hotspot\bin\net.dll
Event: 0.269 Loaded shared library C:\Program Files\Eclipse Adoptium\jdk-17.0.19.10-hotspot\bin\nio.dll
Event: 0.274 Loaded shared library C:\Program Files\Eclipse Adoptium\jdk-17.0.19.10-hotspot\bin\zip.dll
Event: 1.212 Loaded shared library C:\Program Files\Eclipse Adoptium\jdk-17.0.19.10-hotspot\bin\jimage.dll
Event: 1.823 Loaded shared library C:\Program Files\Eclipse Adoptium\jdk-17.0.19.10-hotspot\bin\verify.dll
Event: 1.981 Loaded shared library C:\Users\admin\.gradle\native\1def1411415f61bf3af743bc5b6707747c0891f09f0c88961ee8f79bc544acac\windows-amd64\native-platform.dll
Event: 2.001 Loaded shared library C:\Users\admin\.gradle\native\0.2.8\x86_64-windows-gnu\gradle-fileevents.dll
Event: 6.740 Loaded shared library C:\Program Files\Eclipse Adoptium\jdk-17.0.19.10-hotspot\bin\management.dll
Event: 6.744 Loaded shared library C:\Program Files\Eclipse Adoptium\jdk-17.0.19.10-hotspot\bin\management_ext.dll
Event: 8.053 Loaded shared library C:\Program Files\Eclipse Adoptium\jdk-17.0.19.10-hotspot\bin\extnet.dll
Event: 8.764 Loaded shared library C:\Program Files\Eclipse Adoptium\jdk-17.0.19.10-hotspot\bin\sunmscapi.dll
Event: 74.175 Loaded shared library C:\Program Files\Eclipse Adoptium\jdk-17.0.19.10-hotspot\bin\rmi.dll

Deoptimization events (20 events):
Event: 116.414 Thread 0x000001e548b9c2d0 DEOPT PACKING pc=0x000001e4e386eaf8 sp=0x0000009473bfe230
Event: 116.414 Thread 0x000001e548b9c2d0 DEOPT UNPACKING pc=0x000001e4e2fb69a3 sp=0x0000009473bfe188 mode 2
Event: 116.420 Thread 0x000001e548b97bf0 Uncommon trap: trap_request=0xffffffde fr.pc=0x000001e4e386eaf8 relative=0x00000000000002b8
Event: 116.420 Thread 0x000001e548b97bf0 Uncommon trap: reason=class_check action=maybe_recompile pc=0x000001e4e386eaf8 method=java.util.concurrent.ConcurrentHashMap.get(Ljava/lang/Object;)Ljava/lang/Object; @ 93 c2
Event: 116.420 Thread 0x000001e548b97bf0 DEOPT PACKING pc=0x000001e4e386eaf8 sp=0x00000094723fdd40
Event: 116.420 Thread 0x000001e548b97bf0 DEOPT UNPACKING pc=0x000001e4e2fb69a3 sp=0x00000094723fdc98 mode 2
Event: 116.420 Thread 0x000001e548b97bf0 Uncommon trap: trap_request=0xffffff45 fr.pc=0x000001e4e35cfef0 relative=0x0000000000001310
Event: 116.420 Thread 0x000001e548b97bf0 Uncommon trap: reason=unstable_if action=reinterpret pc=0x000001e4e35cfef0 method=java.util.concurrent.ConcurrentHashMap.transfer([Ljava/util/concurrent/ConcurrentHashMap$Node;[Ljava/util/concurrent/ConcurrentHashMap$Node;)V @ 273 c2
Event: 116.420 Thread 0x000001e548b97bf0 DEOPT PACKING pc=0x000001e4e35cfef0 sp=0x00000094723fdc80
Event: 116.420 Thread 0x000001e548b97bf0 DEOPT UNPACKING pc=0x000001e4e2fb69a3 sp=0x00000094723fdc08 mode 2
Event: 116.423 Thread 0x000001e548b9e130 Uncommon trap: trap_request=0xffffff45 fr.pc=0x000001e4e3a3c6b8 relative=0x0000000000002118
Event: 116.423 Thread 0x000001e548b9e130 Uncommon trap: reason=unstable_if action=reinterpret pc=0x000001e4e3a3c6b8 method=java.util.concurrent.ConcurrentHashMap.addCount(JI)V @ 171 c2
Event: 116.423 Thread 0x000001e548b9e130 DEOPT PACKING pc=0x000001e4e3a3c6b8 sp=0x00000094738fe220
Event: 116.423 Thread 0x000001e548b9e130 DEOPT UNPACKING pc=0x000001e4e2fb69a3 sp=0x00000094738fe100 mode 2
Event: 116.456 Thread 0x000001e546318c50 DEOPT PACKING pc=0x000001e4d3d664c6 sp=0x000000946c9f58b0
Event: 116.457 Thread 0x000001e546318c50 DEOPT UNPACKING pc=0x000001e4e2fb7143 sp=0x000000946c9f4d40 mode 0
Event: 116.492 Thread 0x000001e546318c50 Uncommon trap: trap_request=0xfffffff4 fr.pc=0x000001e4e3ae9118 relative=0x0000000000002ef8
Event: 116.492 Thread 0x000001e546318c50 Uncommon trap: reason=null_check action=make_not_entrant pc=0x000001e4e3ae9118 method=org.gradle.tooling.internal.provider.runner.ClientBuildEventGenerator$Disabled.accept(Lorg/gradle/internal/operations/BuildOperationDescriptor;)Lorg/gradle/tooling/inter
Event: 116.492 Thread 0x000001e546318c50 DEOPT PACKING pc=0x000001e4e3ae9118 sp=0x000000946c9f7070
Event: 116.492 Thread 0x000001e546318c50 DEOPT UNPACKING pc=0x000001e4e2fb69a3 sp=0x000000946c9f6fe8 mode 2

Classes loaded (20 events):
Event: 112.694 Loading class java/nio/StringCharBuffer
Event: 112.694 Loading class java/nio/StringCharBuffer done
Event: 112.702 Loading class java/nio/file/Files$2
Event: 112.702 Loading class java/nio/file/Files$2 done
Event: 112.704 Loading class java/util/function/BooleanSupplier
Event: 112.705 Loading class java/util/function/BooleanSupplier done
Event: 113.573 Loading class sun/net/ProgressMonitor
Event: 113.574 Loading class sun/net/ProgressMonitor done
Event: 113.574 Loading class sun/net/DefaultProgressMeteringPolicy
Event: 113.574 Loading class sun/net/ProgressMeteringPolicy
Event: 113.574 Loading class sun/net/ProgressMeteringPolicy done
Event: 113.574 Loading class sun/net/DefaultProgressMeteringPolicy done
Event: 113.730 Loading class java/util/concurrent/ConcurrentLinkedQueue$Itr
Event: 113.730 Loading class java/util/concurrent/ConcurrentLinkedQueue$Itr done
Event: 114.594 Loading class java/util/Collections$ReverseComparator
Event: 114.595 Loading class java/util/Collections$ReverseComparator done
Event: 114.595 Loading class java/util/Comparators$NaturalOrderComparator
Event: 114.596 Loading class java/util/Comparators$NaturalOrderComparator done
Event: 114.596 Loading class java/util/Collections$ReverseComparator2
Event: 114.597 Loading class java/util/Collections$ReverseComparator2 done

Classes unloaded (0 events):
No events

Classes redefined (0 events):
No events

Internal exceptions (20 events):
Event: 74.334 Thread 0x000001e5488f6c30 Exception <a 'java/lang/NoSuchMethodError'{0x00000006058f0258}: static Lorg/jetbrains/kotlin/daemon/common/CompileService$CallResult$Good;.<clinit>()V> (0x00000006058f0258) 
thrown [s\src\hotspot\share\prims\jni.cpp, line 1112]
Event: 74.335 Thread 0x000001e5488f6c30 Exception <a 'java/lang/NoSuchMethodError'{0x00000006058fd9b0}: static Lorg/jetbrains/kotlin/daemon/common/DaemonJVMOptions;.<clinit>()V> (0x00000006058fd9b0) 
thrown [s\src\hotspot\share\prims\jni.cpp, line 1112]
Event: 74.338 Thread 0x000001e5488f6c30 Exception <a 'java/net/ConnectException'{0x00000006059045f0}: Connection refused: connect> (0x00000006059045f0) 
thrown [s\src\hotspot\share\prims\jni.cpp, line 535]
Event: 74.338 Thread 0x000001e5488f6c30 Exception <a 'java/net/SocketException'{0x0000000605904f80}: Socket is not connected: shutdown> (0x0000000605904f80) 
thrown [s\src\hotspot\share\prims\jni.cpp, line 535]
Event: 74.350 Thread 0x000001e5488f6c30 Exception <a 'java/net/ConnectException'{0x0000000605906af8}: Connection refused: connect> (0x0000000605906af8) 
thrown [s\src\hotspot\share\prims\jni.cpp, line 535]
Event: 74.350 Thread 0x000001e5488f6c30 Exception <a 'java/net/SocketException'{0x0000000605907380}: Socket is not connected: shutdown> (0x0000000605907380) 
thrown [s\src\hotspot\share\prims\jni.cpp, line 535]
Event: 74.362 Thread 0x000001e5488f6c30 Exception <a 'java/net/ConnectException'{0x0000000605908100}: Connection refused: connect> (0x0000000605908100) 
thrown [s\src\hotspot\share\prims\jni.cpp, line 535]
Event: 74.362 Thread 0x000001e5488f6c30 Exception <a 'java/net/SocketException'{0x0000000605908988}: Socket is not connected: shutdown> (0x0000000605908988) 
thrown [s\src\hotspot\share\prims\jni.cpp, line 535]
Event: 79.155 Thread 0x000001e5488f6c30 Exception <a 'java/lang/NoSuchMethodError'{0x0000000605976960}: static Lorg/jetbrains/kotlin/daemon/common/CompileService$CallResult$Ok;.<clinit>()V> (0x0000000605976960) 
thrown [s\src\hotspot\share\prims\jni.cpp, line 1112]
Event: 79.205 Thread 0x000001e5488f6c30 Exception <a 'java/lang/NoSuchMethodError'{0x0000000605aa1510}: static [Ljava/lang/Integer;.<clinit>()V> (0x0000000605aa1510) 
thrown [s\src\hotspot\share\prims\jni.cpp, line 1112]
Event: 112.269 Thread 0x000001e546e2d320 Exception <a 'sun/nio/fs/WindowsException'{0x0000000605bb3b08}> (0x0000000605bb3b08) 
thrown [s\src\hotspot\share\prims\jni.cpp, line 516]
Event: 112.270 Thread 0x000001e546e2d320 Exception <a 'sun/nio/fs/WindowsException'{0x0000000605bed3d0}> (0x0000000605bed3d0) 
thrown [s\src\hotspot\share\prims\jni.cpp, line 516]
Event: 112.274 Thread 0x000001e546e2d320 Exception <a 'sun/nio/fs/WindowsException'{0x0000000607c04d78}> (0x0000000607c04d78) 
thrown [s\src\hotspot\share\prims\jni.cpp, line 516]
Event: 112.276 Thread 0x000001e546e2d320 Exception <a 'sun/nio/fs/WindowsException'{0x0000000607c06c30}> (0x0000000607c06c30) 
thrown [s\src\hotspot\share\prims\jni.cpp, line 516]
Event: 112.280 Thread 0x000001e5488f57f0 Implicit null exception at 0x000001e4e37ef50c to 0x000001e4e37ef5bc
Event: 112.280 Thread 0x000001e5488f57f0 Implicit null exception at 0x000001e4e3a6c051 to 0x000001e4e3a6c7b8
Event: 112.294 Thread 0x000001e546e2d320 Exception <a 'sun/nio/fs/WindowsException'{0x0000000607c46600}> (0x0000000607c46600) 
thrown [s\src\hotspot\share\prims\jni.cpp, line 516]
Event: 112.296 Thread 0x000001e546e2d320 Exception <a 'sun/nio/fs/WindowsException'{0x0000000607c4cbe8}> (0x0000000607c4cbe8) 
thrown [s\src\hotspot\share\prims\jni.cpp, line 516]
Event: 112.296 Thread 0x000001e546e2d320 Exception <a 'sun/nio/fs/WindowsException'{0x0000000607c4ea28}> (0x0000000607c4ea28) 
thrown [s\src\hotspot\share\prims\jni.cpp, line 516]
Event: 116.492 Thread 0x000001e546318c50 Implicit null exception at 0x000001e4e3ae7410 to 0x000001e4e3ae9104

VM Operations (20 events):
Event: 114.103 Executing VM operation: G1CollectForAllocation done
Event: 114.719 Executing VM operation: G1CollectForAllocation
Event: 114.750 Executing VM operation: G1CollectForAllocation done
Event: 114.987 Executing VM operation: G1CollectForAllocation
Event: 115.020 Executing VM operation: G1CollectForAllocation done
Event: 115.106 Executing VM operation: G1CollectForAllocation
Event: 115.110 Executing VM operation: G1CollectForAllocation done
Event: 115.178 Executing VM operation: G1CollectForAllocation
Event: 115.181 Executing VM operation: G1CollectForAllocation done
Event: 115.309 Executing VM operation: G1CollectForAllocation
Event: 115.313 Executing VM operation: G1CollectForAllocation done
Event: 115.315 Executing VM operation: G1PauseRemark
Event: 115.324 Executing VM operation: G1PauseRemark done
Event: 115.380 Executing VM operation: G1PauseCleanup
Event: 115.380 Executing VM operation: G1PauseCleanup done
Event: 115.495 Executing VM operation: G1CollectForAllocation
Event: 115.499 Executing VM operation: G1CollectForAllocation done
Event: 116.491 Executing VM operation: ICBufferFull
Event: 116.491 Executing VM operation: ICBufferFull done
Event: 116.493 Executing VM operation: G1CollectForAllocation

Memory protections (0 events):
No events

Nmethod flushes (20 events):
Event: 73.310 Thread 0x000001e4ffb875b0 flushing  nmethod 0x000001e4d4027e90
Event: 73.310 Thread 0x000001e4ffb875b0 flushing  nmethod 0x000001e4d403f110
Event: 73.310 Thread 0x000001e4ffb875b0 flushing  nmethod 0x000001e4d404c610
Event: 73.310 Thread 0x000001e4ffb875b0 flushing  nmethod 0x000001e4d4058f10
Event: 73.310 Thread 0x000001e4ffb875b0 flushing  nmethod 0x000001e4d4059410
Event: 73.310 Thread 0x000001e4ffb875b0 flushing  nmethod 0x000001e4d4063e10
Event: 73.310 Thread 0x000001e4ffb875b0 flushing  nmethod 0x000001e4d4064410
Event: 73.310 Thread 0x000001e4ffb875b0 flushing  nmethod 0x000001e4d4066290
Event: 73.310 Thread 0x000001e4ffb875b0 flushing  nmethod 0x000001e4d406fb90
Event: 73.310 Thread 0x000001e4ffb875b0 flushing  nmethod 0x000001e4d407a910
Event: 73.310 Thread 0x000001e4ffb875b0 flushing  nmethod 0x000001e4d407d810
Event: 73.310 Thread 0x000001e4ffb875b0 flushing  nmethod 0x000001e4d40acd90
Event: 73.310 Thread 0x000001e4ffb875b0 flushing  nmethod 0x000001e4d40c4110
Event: 73.311 Thread 0x000001e4ffb875b0 flushing  nmethod 0x000001e4d4123890
Event: 73.312 Thread 0x000001e4ffb875b0 flushing  nmethod 0x000001e4d42a1b10
Event: 73.312 Thread 0x000001e4ffb875b0 flushing  nmethod 0x000001e4d42a2690
Event: 73.312 Thread 0x000001e4ffb875b0 flushing  nmethod 0x000001e4d42a2b10
Event: 73.312 Thread 0x000001e4ffb875b0 flushing  nmethod 0x000001e4d42d0290
Event: 73.312 Thread 0x000001e4ffb875b0 flushing  nmethod 0x000001e4d42e2e90
Event: 73.312 Thread 0x000001e4ffb875b0 flushing  nmethod 0x000001e4d4304690

Events (20 events):
Event: 114.756 Thread 0x000001e546318c50 Thread added: 0x000001e5488f5d00
Event: 114.756 Thread 0x000001e546318c50 Thread added: 0x000001e548b99540
Event: 114.935 Thread 0x000001e546318c50 Thread added: 0x000001e548b9ccf0
Event: 114.963 Thread 0x000001e546318c50 Thread added: 0x000001e548b9b8b0
Event: 114.967 Thread 0x000001e546318c50 Thread added: 0x000001e548b9ae90
Event: 115.031 Thread 0x000001e546318c50 Thread added: 0x000001e548b99a50
Event: 115.034 Thread 0x000001e546318c50 Thread added: 0x000001e548b99f60
Event: 115.055 Thread 0x000001e5455eacd0 Thread exited: 0x000001e5455eacd0
Event: 115.056 Thread 0x000001e546318c50 Thread added: 0x000001e548b9d200
Event: 115.058 Thread 0x000001e546318c50 Thread added: 0x000001e548b9d710
Event: 115.252 Thread 0x000001e4ffb80b70 Thread added: 0x000001e5455eacd0
Event: 116.183 Thread 0x000001e5455eacd0 Thread exited: 0x000001e5455eacd0
Event: 116.233 Thread 0x000001e546318c50 Thread added: 0x000001e548b97bf0
Event: 116.233 Thread 0x000001e546318c50 Thread added: 0x000001e548b9dc20
Event: 116.235 Thread 0x000001e546318c50 Thread added: 0x000001e548b9b3a0
Event: 116.236 Thread 0x000001e546318c50 Thread added: 0x000001e548b9e130
Event: 116.238 Thread 0x000001e546318c50 Thread added: 0x000001e548b9a980
Event: 116.239 Thread 0x000001e546318c50 Thread added: 0x000001e548b96cc0
Event: 116.241 Thread 0x000001e546318c50 Thread added: 0x000001e548b9c2d0
Event: 116.381 Thread 0x000001e4ffb80b70 Thread added: 0x000001e5455eb220


Dynamic libraries:
0x00007ff7f7450000 - 0x00007ff7f745e000 	C:\Program Files\Eclipse Adoptium\jdk-17.0.19.10-hotspot\bin\java.exe
0x00007ffbf7510000 - 0x00007ffbf7727000 	C:\WINDOWS\SYSTEM32\ntdll.dll
0x00007ffbf6790000 - 0x00007ffbf6854000 	C:\WINDOWS\System32\KERNEL32.DLL
0x00007ffbf47e0000 - 0x00007ffbf4bb2000 	C:\WINDOWS\System32\KERNELBASE.dll
0x00007ffbf46c0000 - 0x00007ffbf47d1000 	C:\WINDOWS\System32\ucrtbase.dll
0x00007ffbeba30000 - 0x00007ffbeba48000 	C:\Program Files\Eclipse Adoptium\jdk-17.0.19.10-hotspot\bin\jli.dll
0x00007ffbf52b0000 - 0x00007ffbf5461000 	C:\WINDOWS\System32\USER32.dll
0x00007ffbf4bc0000 - 0x00007ffbf4be6000 	C:\WINDOWS\System32\win32u.dll
0x00007ffbf74a0000 - 0x00007ffbf74c9000 	C:\WINDOWS\System32\GDI32.dll
0x00007ffbf4bf0000 - 0x00007ffbf4d13000 	C:\WINDOWS\System32\gdi32full.dll
0x00007ffbf4d20000 - 0x00007ffbf4dba000 	C:\WINDOWS\System32\msvcp_win.dll
0x00007ffbebaa0000 - 0x00007ffbebabe000 	C:\Program Files\Eclipse Adoptium\jdk-17.0.19.10-hotspot\bin\VCRUNTIME140.dll
0x00007ffbdee30000 - 0x00007ffbdf0cb000 	C:\WINDOWS\WinSxS\amd64_microsoft.windows.common-controls_6595b64144ccf1df_6.0.22621.5547_none_27104afb73855772\COMCTL32.dll
0x00007ffbf7130000 - 0x00007ffbf71d7000 	C:\WINDOWS\System32\msvcrt.dll
0x00007ffbf6560000 - 0x00007ffbf6591000 	C:\WINDOWS\System32\IMM32.DLL
0x00007ffbebb60000 - 0x00007ffbebb6c000 	C:\Program Files\Eclipse Adoptium\jdk-17.0.19.10-hotspot\bin\vcruntime140_1.dll
0x00007ffbe9260000 - 0x00007ffbe92ed000 	C:\Program Files\Eclipse Adoptium\jdk-17.0.19.10-hotspot\bin\msvcp140.dll
0x00007ffbb4f70000 - 0x00007ffbb5bdc000 	C:\Program Files\Eclipse Adoptium\jdk-17.0.19.10-hotspot\bin\server\jvm.dll
0x00007ffbf7010000 - 0x00007ffbf70c1000 	C:\WINDOWS\System32\ADVAPI32.dll
0x00007ffbf5c00000 - 0x00007ffbf5ca8000 	C:\WINDOWS\System32\sechost.dll
0x00007ffbf5170000 - 0x00007ffbf5198000 	C:\WINDOWS\System32\bcrypt.dll
0x00007ffbf65c0000 - 0x00007ffbf66d4000 	C:\WINDOWS\System32\RPCRT4.dll
0x00007ffbf5230000 - 0x00007ffbf52a1000 	C:\WINDOWS\System32\WS2_32.dll
0x00007ffbf44d0000 - 0x00007ffbf451d000 	C:\WINDOWS\SYSTEM32\POWRPROF.dll
0x00007ffbea780000 - 0x00007ffbea7b4000 	C:\WINDOWS\SYSTEM32\WINMM.dll
0x00007ffbe2020000 - 0x00007ffbe202a000 	C:\WINDOWS\SYSTEM32\VERSION.dll
0x00007ffbf44b0000 - 0x00007ffbf44c3000 	C:\WINDOWS\SYSTEM32\UMPDC.dll
0x00007ffbf35f0000 - 0x00007ffbf3608000 	C:\WINDOWS\SYSTEM32\kernel.appcore.dll
0x00007ffbeba90000 - 0x00007ffbeba9a000 	C:\Program Files\Eclipse Adoptium\jdk-17.0.19.10-hotspot\bin\jimage.dll
0x00007ffbeefa0000 - 0x00007ffbef1d3000 	C:\WINDOWS\SYSTEM32\DBGHELP.DLL
0x00007ffbf6860000 - 0x00007ffbf6bf3000 	C:\WINDOWS\System32\combase.dll
0x00007ffbf6c00000 - 0x00007ffbf6cd7000 	C:\WINDOWS\System32\OLEAUT32.dll
0x00007ffbde5e0000 - 0x00007ffbde612000 	C:\WINDOWS\SYSTEM32\dbgcore.DLL
0x00007ffbf4dc0000 - 0x00007ffbf4e3b000 	C:\WINDOWS\System32\bcryptPrimitives.dll
0x00007ffbea7c0000 - 0x00007ffbea7ce000 	C:\Program Files\Eclipse Adoptium\jdk-17.0.19.10-hotspot\bin\instrument.dll
0x00007ffbe9420000 - 0x00007ffbe9445000 	C:\Program Files\Eclipse Adoptium\jdk-17.0.19.10-hotspot\bin\java.dll
0x00007ffbd3160000 - 0x00007ffbd3237000 	C:\Program Files\Eclipse Adoptium\jdk-17.0.19.10-hotspot\bin\jsvml.dll
0x00007ffbf5cb0000 - 0x00007ffbf6552000 	C:\WINDOWS\System32\SHELL32.dll
0x00007ffbf4fb0000 - 0x00007ffbf50ef000 	C:\WINDOWS\System32\wintypes.dll
0x00007ffbf24e0000 - 0x00007ffbf2dfd000 	C:\WINDOWS\SYSTEM32\windows.storage.dll
0x00007ffbf7310000 - 0x00007ffbf741c000 	C:\WINDOWS\System32\SHCORE.dll
0x00007ffbf54d0000 - 0x00007ffbf5539000 	C:\WINDOWS\System32\shlwapi.dll
0x00007ffbf4530000 - 0x00007ffbf455b000 	C:\WINDOWS\SYSTEM32\profapi.dll
0x00007ffbe9240000 - 0x00007ffbe9258000 	C:\Program Files\Eclipse Adoptium\jdk-17.0.19.10-hotspot\bin\zip.dll
0x00007ffbd8530000 - 0x00007ffbd854a000 	C:\Program Files\Eclipse Adoptium\jdk-17.0.19.10-hotspot\bin\net.dll
0x00007ffbe9e80000 - 0x00007ffbe9fac000 	C:\WINDOWS\SYSTEM32\WINHTTP.dll
0x00007ffbf3a60000 - 0x00007ffbf3ac9000 	C:\WINDOWS\system32\mswsock.dll
0x00007ffbd2ff0000 - 0x00007ffbd3006000 	C:\Program Files\Eclipse Adoptium\jdk-17.0.19.10-hotspot\bin\nio.dll
0x00007ffbe9230000 - 0x00007ffbe9240000 	C:\Program Files\Eclipse Adoptium\jdk-17.0.19.10-hotspot\bin\verify.dll
0x00007ffbdf560000 - 0x00007ffbdf587000 	C:\Users\admin\.gradle\native\1def1411415f61bf3af743bc5b6707747c0891f09f0c88961ee8f79bc544acac\windows-amd64\native-platform.dll
0x00007ffbd2a50000 - 0x00007ffbd2ac7000 	C:\Users\admin\.gradle\native\0.2.8\x86_64-windows-gnu\gradle-fileevents.dll
0x00007ffbe9220000 - 0x00007ffbe922a000 	C:\Program Files\Eclipse Adoptium\jdk-17.0.19.10-hotspot\bin\management.dll
0x00007ffbe9210000 - 0x00007ffbe921c000 	C:\Program Files\Eclipse Adoptium\jdk-17.0.19.10-hotspot\bin\management_ext.dll
0x00007ffbf55d0000 - 0x00007ffbf55d8000 	C:\WINDOWS\System32\PSAPI.DLL
0x00007ffbf3060000 - 0x00007ffbf308d000 	C:\WINDOWS\SYSTEM32\IPHLPAPI.DLL
0x00007ffbf65b0000 - 0x00007ffbf65b9000 	C:\WINDOWS\System32\NSI.dll
0x00007ffbea560000 - 0x00007ffbea579000 	C:\WINDOWS\SYSTEM32\dhcpcsvc6.DLL
0x00007ffbea540000 - 0x00007ffbea55f000 	C:\WINDOWS\SYSTEM32\dhcpcsvc.DLL
0x00007ffbf30d0000 - 0x00007ffbf31c8000 	C:\WINDOWS\SYSTEM32\DNSAPI.dll
0x00007ffbe9200000 - 0x00007ffbe9209000 	C:\Program Files\Eclipse Adoptium\jdk-17.0.19.10-hotspot\bin\extnet.dll
0x00007ffbf3db0000 - 0x00007ffbf3dcb000 	C:\WINDOWS\SYSTEM32\CRYPTSP.dll
0x00007ffbf3550000 - 0x00007ffbf3587000 	C:\WINDOWS\system32\rsaenh.dll
0x00007ffbf3b00000 - 0x00007ffbf3b28000 	C:\WINDOWS\SYSTEM32\USERENV.dll
0x00007ffbf3d90000 - 0x00007ffbf3d9c000 	C:\WINDOWS\SYSTEM32\CRYPTBASE.dll
0x00007ffbe91f0000 - 0x00007ffbe91fe000 	C:\Program Files\Eclipse Adoptium\jdk-17.0.19.10-hotspot\bin\sunmscapi.dll
0x00007ffbf4e40000 - 0x00007ffbf4fa7000 	C:\WINDOWS\System32\CRYPT32.dll
0x00007ffbf3ec0000 - 0x00007ffbf3eed000 	C:\WINDOWS\SYSTEM32\ncrypt.dll
0x00007ffbf3e80000 - 0x00007ffbf3eb7000 	C:\WINDOWS\SYSTEM32\NTASN1.dll
0x00007ffbec890000 - 0x00007ffbec898000 	C:\WINDOWS\system32\wshunix.dll
0x00007ffbebb40000 - 0x00007ffbebb47000 	C:\Program Files\Eclipse Adoptium\jdk-17.0.19.10-hotspot\bin\rmi.dll

dbghelp: loaded successfully - version: 4.0.5 - missing functions: none
symbol engine: initialized successfully - sym options: 0x614 - pdb path: .;C:\Program Files\Eclipse Adoptium\jdk-17.0.19.10-hotspot\bin;C:\WINDOWS\SYSTEM32;C:\WINDOWS\WinSxS\amd64_microsoft.windows.common-controls_6595b64144ccf1df_6.0.22621.5547_none_27104afb73855772;C:\Program Files\Eclipse Adoptium\jdk-17.0.19.10-hotspot\bin\server;C:\Users\admin\.gradle\native\1def1411415f61bf3af743bc5b6707747c0891f09f0c88961ee8f79bc544acac\windows-amd64;C:\Users\admin\.gradle\native\0.2.8\x86_64-windows-gnu

VM Arguments:
jvm_args: --add-opens=java.base/java.lang=ALL-UNNAMED --add-opens=java.base/java.lang.invoke=ALL-UNNAMED --add-opens=java.base/java.util=ALL-UNNAMED --add-opens=java.prefs/java.util.prefs=ALL-UNNAMED --add-exports=jdk.compiler/com.sun.tools.javac.api=ALL-UNNAMED --add-exports=jdk.compiler/com.sun.tools.javac.util=ALL-UNNAMED --add-opens=java.base/java.util=ALL-UNNAMED --add-opens=java.prefs/java.util.prefs=ALL-UNNAMED --add-opens=java.base/java.nio.charset=ALL-UNNAMED --add-opens=java.base/java.net=ALL-UNNAMED --add-opens=java.base/java.util.concurrent=ALL-UNNAMED --add-opens=java.base/java.util.concurrent.atomic=ALL-UNNAMED --add-opens=java.xml/javax.xml.namespace=ALL-UNNAMED --add-opens=java.base/java.time=ALL-UNNAMED -XX:MaxMetaspaceSize=4G -XX:ReservedCodeCacheSize=512m -XX:+HeapDumpOnOutOfMemoryError -Xmx8G -Dfile.encoding=UTF-8 -Duser.country=FR -Duser.language=fr -Duser.variant -javaagent:C:\Users\admin\.gradle\wrapper\dists\gradle-9.1.0-all\7wzd0jkjit61aq2p43wpjgij9\gradle-9.1.0\lib\agents\gradle-instrumentation-agent-9.1.0.jar 
java_command: org.gradle.launcher.daemon.bootstrap.GradleDaemon 9.1.0
java_class_path (initial): C:\Users\admin\.gradle\wrapper\dists\gradle-9.1.0-all\7wzd0jkjit61aq2p43wpjgij9\gradle-9.1.0\lib\gradle-daemon-main-9.1.0.jar
Launcher Type: SUN_STANDARD

[Global flags]
     intx CICompilerCount                          = 4                                         {product} {ergonomic}
     uint ConcGCThreads                            = 2                                         {product} {ergonomic}
     uint G1ConcRefinementThreads                  = 8                                         {product} {ergonomic}
   size_t G1HeapRegionSize                         = 4194304                                   {product} {ergonomic}
    uintx GCDrainStackTargetSize                   = 64                                        {product} {ergonomic}
     bool HeapDumpOnOutOfMemoryError               = true                                   {manageable} {command line}
   size_t InitialHeapSize                          = 134217728                                 {product} {ergonomic}
   size_t MarkStackSize                            = 4194304                                   {product} {ergonomic}
   size_t MaxHeapSize                              = 8589934592                                {product} {command line}
   size_t MaxMetaspaceSize                         = 4294967296                                {product} {command line}
   size_t MaxNewSize                               = 5150605312                                {product} {ergonomic}
   size_t MinHeapDeltaBytes                        = 4194304                                   {product} {ergonomic}
   size_t MinHeapSize                              = 8388608                                   {product} {ergonomic}
    uintx NonNMethodCodeHeapSize                   = 5839372                                {pd product} {ergonomic}
    uintx NonProfiledCodeHeapSize                  = 265515770                              {pd product} {ergonomic}
    uintx ProfiledCodeHeapSize                     = 265515770                              {pd product} {ergonomic}
    uintx ReservedCodeCacheSize                    = 536870912                              {pd product} {command line}
     bool SegmentedCodeCache                       = true                                      {product} {ergonomic}
   size_t SoftMaxHeapSize                          = 8589934592                             {manageable} {ergonomic}
   double SweeperThreshold                         = 0.234375                                  {product} {ergonomic}
     bool UseCompressedClassPointers               = true                           {product lp64_product} {ergonomic}
     bool UseCompressedOops                        = true                           {product lp64_product} {ergonomic}
     bool UseG1GC                                  = true                                      {product} {ergonomic}
     bool UseLargePagesIndividualAllocation        = false                                  {pd product} {ergonomic}

Logging:
Log output configuration:
 #0: stdout all=warning uptime,level,tags
 #1: stderr all=off uptime,level,tags

Environment Variables:
JAVA_HOME=C:\Program Files\Eclipse Adoptium\jdk-25.0.1.8-hotspot
PATH=C:\Program Files\Eclipse Adoptium\jdk-17.0.19.10-hotspot\bin;C:\Program Files (x86)\VMware\VMware Workstation\bin\;C:\Program Files\Python312\Scripts\;C:\Program Files\Python312\;C:\WINDOWS\system32;C:\WINDOWS;C:\WINDOWS\System32\Wbem;C:\WINDOWS\System32\WindowsPowerShell\v1.0\;C:\WINDOWS\System32\OpenSSH\;C:\Program Files (x86)\Microsoft SQL Server\160\Tools\Binn\;C:\Program Files\Microsoft SQL Server\160\Tools\Binn\;C:\Program Files\Microsoft SQL Server\Client SDK\ODBC\170\Tools\Binn\;C:\Program Files\Microsoft SQL Server\160\DTS\Binn\;C:\Program Files (x86)\Microsoft SQL Server\160\DTS\Binn\;C:\Windows\system32\python;C:\sqlite3;C:\Program Files\nodejs\;C:\MinGW\bin;C:\curl\bin;C:\curl\include;C:\MinGW;C:\MinGW\lib;C:\GnuWin32\bin;C:\OpenSSL-Win64\bin;C:\Program Files\PostgreSQL\17\bin;C:\Program Files\Eclipse Adoptium\jdk-25.0.1.8-hotspot\bin;C:\Program Files\Heroku\bin;C:\Program Files\Git\cmd;C:\Program Files (x86)\VMware\VMware Workstation\bin\;C:\Program Files\Python312\Scripts\;C:\Program Files\Python312\;C:\WINDOWS\system32;C:\WINDOWS;C:\WINDOWS\System32\Wbem;C:\WINDOWS\System32\WindowsPowerShell\v1.0\;C:\WINDOWS\System32\OpenSSH\;C:\Program Files (x86)\Microsoft SQL Server\160\Tools\Binn\;C:\Program Files\Microsoft SQL Server\160\Tools\Binn\;C:\Program Files\Microsoft SQL Server\Client SDK\ODBC\170\Tools\Binn\;C:\Program Files\Microsoft SQL Server\160\DTS\Binn\;C:\Program Files (x86)\Microsoft SQL Server\160\DTS\Binn\;C:\Windows\system32\python;C:\sqlite3;C:\Program Files\nodejs\;C:\MinGW\bin;C:\curl\bin;C:\curl\include;C:\MinGW;C:\MinGW\lib;C:\GnuWin32\bin;C:\OpenSSL-Win64\bin;C:\Program Files\PostgreSQL\17\bin;C:\Program Files\Eclipse Adoptium\jdk-25.0.1.8-hotspot\bin;C:\Program Files\Git\cmd;C:\Program Files\Docker\Docker\resources\bin;C:\Program Files\Heroku\bin;C:\Users\admin\AppData\Local\Programs\Microsoft VS Code;C:\Program Files\P;C:\flutter\bin\flutter;C:\flutter\bin;C:\Users\admin\AppData\Local\Programs\Microsoft VS Code\bin
USERNAME=admin
OS=Windows_NT
PROCESSOR_IDENTIFIER=Intel64 Family 6 Model 142 Stepping 10, GenuineIntel
TMP=C:\Users\admin\AppData\Local\Temp
TEMP=C:\Users\admin\AppData\Local\Temp



Periodic native trim disabled


---------------  S Y S T E M  ---------------

OS:
 Windows 11 , 64 bit Build 22621 (10.0.22621.5415)
OS uptime: 0 days 0:45 hours
Hyper-V role detected

CPU: total 8 (initial active 8) (4 cores per cpu, 2 threads per core) family 6 model 142 stepping 10 microcode 0xf4, cx8, cmov, fxsr, ht, mmx, 3dnowpref, sse, sse2, sse3, ssse3, sse4.1, sse4.2, popcnt, lzcnt, tsc, tscinvbit, avx, avx2, aes, erms, clmul, bmi1, bmi2, rtm, adx, fma, vzeroupper, clflush, clflushopt, hv
Processor Information for all 8 processors :
  Max Mhz: 1896, Current Mhz: 1696, Mhz Limit: 1687

Memory: 4k page, system-wide physical 8070M (487M free)
TotalPageFile size 16358M (AvailPageFile size 5M)
current process WorkingSet (physical memory assigned to process): 359M, peak: 359M
current process commit charge ("private bytes"): 415M, peak: 463M

vm_info: OpenJDK 64-Bit Server VM (17.0.19+10) for windows-amd64 JRE (17.0.19+10), built on Apr 25 2026 08:04:44 by "admin" with MS VC++ 17.12 (VS2022)

END.
