#
# There is insufficient memory for the Java Runtime Environment to continue.
# Native memory allocation (malloc) failed to allocate 1275216 bytes. Error detail: Chunk::new
# Possible reasons:
#   The system is out of physical RAM or swap space
#   This process is running with CompressedOops enabled, and the Java Heap may be blocking the growth of the native heap
# Possible solutions:
#   Reduce memory load on the system
#   Increase physical memory or swap space
#   Check if swap backing store is full
#   Decrease Java heap size (-Xmx/-Xms)
#   Decrease number of Java threads
#   Decrease Java thread stack sizes (-Xss)
#   Set larger code cache with -XX:ReservedCodeCacheSize=
#   JVM is running with Zero Based Compressed Oops mode in which the Java heap is
#     placed in the first 32GB address space. The Java Heap base address is the
#     maximum limit for the native heap growth. Please use -XX:HeapBaseMinAddress
#     to set the Java Heap base and to place the Java Heap above 32GB virtual address.
# This output file may be truncated or incomplete.
#
#  Out of Memory Error (arena.cpp:191), pid=8144, tid=19344
#
# JRE version: OpenJDK Runtime Environment Temurin-17.0.19+10 (17.0.19+10) (build 17.0.19+10)
# Java VM: OpenJDK 64-Bit Server VM Temurin-17.0.19+10 (17.0.19+10, mixed mode, sharing, tiered, compressed oops, compressed class ptrs, g1 gc, windows-amd64)
# No core dump will be written. Minidumps are not enabled by default on client versions of Windows
#

---------------  S U M M A R Y ------------

Command Line: --add-opens=java.base/java.lang=ALL-UNNAMED --add-opens=java.base/java.lang.invoke=ALL-UNNAMED --add-opens=java.base/java.util=ALL-UNNAMED --add-opens=java.prefs/java.util.prefs=ALL-UNNAMED --add-exports=jdk.compiler/com.sun.tools.javac.api=ALL-UNNAMED --add-exports=jdk.compiler/com.sun.tools.javac.util=ALL-UNNAMED --add-opens=java.base/java.util=ALL-UNNAMED --add-opens=java.prefs/java.util.prefs=ALL-UNNAMED --add-opens=java.base/java.nio.charset=ALL-UNNAMED --add-opens=java.base/java.net=ALL-UNNAMED --add-opens=java.base/java.util.concurrent.atomic=ALL-UNNAMED --add-opens=java.xml/javax.xml.namespace=ALL-UNNAMED -XX:MaxMetaspaceSize=4G -XX:ReservedCodeCacheSize=512m -XX:+HeapDumpOnOutOfMemoryError -Xmx8G -Dfile.encoding=UTF-8 -Duser.country=FR -Duser.language=fr -Duser.variant -javaagent:C:\Users\admin\.gradle\wrapper\dists\gradle-8.13-bin\5xuhj0ry160q40clulazy9h7d\gradle-8.13\lib\agents\gradle-instrumentation-agent-8.13.jar org.gradle.launcher.daemon.bootstrap.GradleDaemon 8.13

Host: Intel(R) Core(TM) i5-8350U CPU @ 1.70GHz, 8 cores, 7G,  Windows 11 , 64 bit Build 22621 (10.0.22621.5415)
Time: Sun Sep 20 14:55:27 2026 Paris, Madrid (heure duild 22621 (10.0.22621.5415) elapsed time: 12.600167 seconds (0d 0h 0m 12s)

---------------  T H R E A D  ---------------

Current thread (0x000001ea7f88b550):  JavaThread "C2 CompilerThread0" daemon [_thread_in_native, id=19344, stack(0x0000005a1e800000,0x0000005a1e900000)]


Current CompileTask:
C2:12600 2523   !   4       java.net.URLClassLoader::findClass (47 bytes)

Stack: [0x0000005a1e800000,0x0000005a1e900000]
Native frames: (J=compiled Java code, j=interpreted, Vv=VM code, C=native code)
V  [jvm.dll+0x684b29]
V  [jvm.dll+0x83a2d5]
V  [jvm.dll+0x83bd4e]
V  [jvm.dll+0x83c3d3]
V  [jvm.dll+0x24905f]
V  [jvm.dll+0xad536]
V  [jvm.dll+0xadbdc]
V  [jvm.dll+0x368d4f]
V  [jvm.dll+0x1bc2bf]
V  [jvm.dll+0x219fc0]
V  [jvm.dll+0x2192af]
V  [jvm.dll+0x1a49f0]
V  [jvm.dll+0x2299fa]
V  [jvm.dll+0x227bab]
V  [jvm.dll+0x7f0a88]
V  [jvm.dll+0x7eaf1c]
V  [jvm.dll+0x6839f7]
C  [ucrtbase.dll+0x29333]
C  [KERNEL32.DLL+0x1259d]
C  [ntdll.dll+0x5af78]


---------------  P R O C E S S  ---------------

Threads class SMR info:
_java_thread_list=0x000001eac6c43450, length=26, elements={
0x000001ea775e1be0, 0x000001ea7f872820, 0x000001ea7f8735b0, 0x000001ea7f886ed0,
0x000001ea7f8877a0, 0x000001ea7f88a080, 0x000001ea7f88a950, 0x000001ea7f88b550,
0x000001ea7f88df20, 0x000001ea7f891050, 0x000001eac51a1fe0, 0x000001eac52ae6a0,
0x000001eac627dd10, 0x000001eac697ab90, 0x000001eac5a37ea0, 0x000001eac5a36550,
0x000001eac5a37480, 0x000001eac5a383b0, 0x000001eac5a388c0, 0x000001eac5a392e0,
0x000001eac5a35b30, 0x000001eac5a38dd0, 0x000001eac5a36a60, 0x000001eac5a36f70,
0x000001eac77e6e40, 0x000001eac77e3690
}

Java Threads: ( => current thread )
  0x000001ea775e1be0 JavaThread "main" [_thread_blocked, id=12740, stack(0x0000005a1db00000,0x0000005a1dc00000)]
  0x000001ea7f872820 JavaThread "Reference Handler" daemon [_thread_blocked, id=4796, stack(0x0000005a1e200000,0x0000005a1e300000)]
  0x000001ea7f8735b0 JavaThread "Finalizer" daemon [_thread_blocked, id=4408, stack(0x0000005a1e300000,0x0000005a1e400000)]
  0x000001ea7f886ed0 JavaThread "Signal Dispatcher" daemon [_thread_blocked, id=9624, stack(0x0000005a1e400000,0x0000005a1e500000)]
  0x000001ea7f8877a0 JavaThread "Attach Listener" daemon [_thread_blocked, id=16052, stack(0x0000005a1e500000,0x0000005a1e600000)]
  0x000001ea7f88a080 JavaThread "Service Thread" daemon [_thread_blocked, id=7056, stack(0x0000005a1e600000,0x0000005a1e700000)]
  0x000001ea7f88a950 JavaThread "Monitor Deflation Thread" daemon [_thread_blocked, id=13704, stack(0x0000005a1e700000,0x0000005a1e800000)]
=>0x000001ea7f88b550 JavaThread "C2 CompilerThread0" daemon [_thread_in_native, id=19344, stack(0x0000005a1e800000,0x0000005a1e900000)]
  0x000001ea7f88df20 JavaThread "C1 CompilerThread0" daemon [_thread_blocked, id=6236, stack(0x0000005a1e900000,0x0000005a1ea00000)]
  0x000001ea7f891050 JavaThread "Sweeper thread" daemon [_thread_blocked, id=13072, stack(0x0000005a1ea00000,0x0000005a1eb00000)]
  0x000001eac51a1fe0 JavaThread "Common-Cleaner" daemon [_thread_blocked, id=18944, stack(0x0000005a1eb00000,0x0000005a1ec00000)]
  0x000001eac52ae6a0 JavaThread "Notification Thread" daemon [_thread_blocked, id=3600, stack(0x0000005a1ec00000,0x0000005a1ed00000)]
  0x000001eac627dd10 JavaThread "Daemon health stats" [_thread_blocked, id=18480, stack(0x0000005a1f200000,0x0000005a1f300000)]
  0x000001eac697ab90 JavaThread "Incoming local TCP Connector on port 58871" [_thread_in_native, id=12720, stack(0x0000005a1f300000,0x0000005a1f400000)]
  0x000001eac5a37ea0 JavaThread "Daemon periodic checks" [_thread_blocked, id=19208, stack(0x0000005a1f400000,0x0000005a1f500000)]
  0x000001eac5a36550 JavaThread "Daemon" [_thread_blocked, id=13384, stack(0x0000005a1f500000,0x0000005a1f600000)]
  0x000001eac5a37480 JavaThread "Handler for socket connection from /127.0.0.1:58871 to /127.0.0.1:58872" [_thread_in_native, id=6484, stack(0x0000005a1f600000,0x0000005a1f700000)]
  0x000001eac5a383b0 JavaThread "Cancel handler" [_thread_blocked, id=11792, stack(0x0000005a1f700000,0x0000005a1f800000)]
  0x000001eac5a388c0 JavaThread "Daemon worker" [_thread_in_native, id=11776, stack(0x0000005a1f800000,0x0000005a1f900000)]
  0x000001eac5a392e0 JavaThread "Asynchronous log dispatcher for DefaultDaemonConnection: socket connection from /127.0.0.1:58871 to /127.0.0.1:58872" [_thread_blocked, id=16452, stack(0x0000005a1f900000,0x0000005a1fa00000)]
  0x000001eac5a35b30 JavaThread "Stdin handler" [_thread_blocked, id=3080, stack(0x0000005a1fa00000,0x0000005a1fb00000)]
  0x000001eac5a38dd0 JavaThread "Daemon client event forwarder" [_thread_blocked, id=7100, stack(0x0000005a1fb00000,0x0000005a1fc00000)]
  0x000001eac5a36a60 JavaThread "Cache worker for journal cache (C:\Users\admin\.gradle\caches\journal-1)" [_thread_blocked, id=2872, stack(0x0000005a1fc00000,0x0000005a1fd00000)]
  0x000001eac5a36f70 JavaThread "File lock request listener" [_thread_in_native, id=1812, stack(0x0000005a1fd00000,0x0000005a1fe00000)]
  0x000001eac77e6e40 JavaThread "Cache worker for file hash cache (C:\Users\admin\.gradle\caches\8.13\fileHashes)" [_thread_blocked, id=5084, stack(0x0000005a1fe00000,0x0000005a1ff00000)]
  0x000001eac77e3690 JavaThread "File lock release action executor" [_thread_blocked, id=2216, stack(0x0000005a1ff00000,0x0000005a20000000)]

Other Threads:
  0x000001ea7f86c790 VMThread "VM Thread" [stack: 0x0000005a1e100000,0x0000005a1e200000] [id=10192]
  0x000001ea775e2970 WatcherThread [stack: 0x0000005a1ed00000,0x0000005a1ee00000] [id=16508]
  0x000001ea7768e660 GCTaskThread "GC Thread#0" [stack: 0x0000005a1dc00000,0x0000005a1dd00000] [id=16348]
  0x000001eac5433980 GCTaskThread "GC Thread#1" [stack: 0x0000005a1ee00000,0x0000005a1ef00000] [id=12396]
  0x000001eac53ec4e0 GCTaskThread "GC Thread#2" [stack: 0x0000005a1ef00000,0x0000005a1f000000] [id=1376]
  0x000001eac5dc4a60 GCTaskThread "GC Thread#3" [stack: 0x0000005a1f000000,0x0000005a1f100000] [id=9452]
  0x000001eac5dc4d20 GCTaskThread "GC Thread#4" [stack: 0x0000005a1f100000,0x0000005a1f200000] [id=16872]
  0x000001eac8160420 GCTaskThread "GC Thread#5" [stack: 0x0000005a20000000,0x0000005a20100000] [id=12552]
  0x000001eac7520d30 GCTaskThread "GC Thread#6" [stack: 0x0000005a20100000,0x0000005a20200000] [id=5404]
  0x000001eac77f5570 GCTaskThread "GC Thread#7" [stack: 0x0000005a20200000,0x0000005a20300000] [id=2000]
  0x000001ea7f6c0780 ConcurrentGCThread "G1 Main Marker" [stack: 0x0000005a1dd00000,0x0000005a1de00000] [id=7732]
  0x000001ea7f6c0fb0 ConcurrentGCThread "G1 Conc#0" [stack: 0x0000005a1de00000,0x0000005a1df00000] [id=18520]
  0x000001ea7f728330 ConcurrentGCThread "G1 Refine#0" [stack: 0x0000005a1df00000,0x0000005a1e000000] [id=11484]
  0x000001ea7f728c70 ConcurrentGCThread "G1 Service" [stack: 0x0000005a1e000000,0x0000005a1e100000] [id=6348]

Threads with active compile tasks:
C2 CompilerThread0  12683 2523   !   4       java.net.URLClassLoader::findClass (47 bytes)

VM state: not at safepoint (normal execution)

VM Mutex/Monitor currently owned by a thread:  ([mutex/lock_event])
[0x000001ea775da470] SystemDictionary_lock - owner thread: 0x0000000000000000

Heap address: 0x0000000600000000, size: 8192 MB, Compressed Oops mode: Zero based, Oop shift amount: 3

CDS archive(s) mapped at: [0x000001ea80000000-0x000001ea80bb0000-0x000001ea80bb0000), size 12255232, SharedBaseAddress: 0x000001ea80000000, ArchiveRelocationMode: 1.
Compressed class space mapped at: 0x000001ea81000000-0x000001eac1000000, reserved size: 1073741824
Narrow klass base: 0x000001ea80000000, Narrow klass shift: 0, Narrow klass range: 0x100000000

GC Precious Log:
 CPUs: 8 total, 8 available
 Memory: 8070M
 Large Page Support: Disabled
 NUMA Support: Disabled
 Compressed Oops: Enabled (Zero based)
 Heap Region Size: 4M
 Heap Min Capacity: 8M
 Heap Initial Capacity: 128M
 Heap Max Capacity: 8G
 Pre-touch: Disabled
 Parallel Workers: 8
 Concurrent Workers: 2
 Concurrent Refinement Workers: 8
 Periodic GC: Disabled

Heap:
 garbage-first heap   total 131072K, used 33640K [0x0000000600000000, 0x0000000800000000)
  region size 4096K, 7 young (28672K), 3 survivors (12288K)
 Metaspace       used 17572K, committed 17920K, reserved 1114112K
  class space    used 2486K, committed 2624K, reserved 1048576K

Heap Regions: E=young(eden), S=young(survivor), O=old, HS=humongous(starts), HC=humongous(continues), CS=collection set, F=free, OA=open archive, CA=closed archive, TAMS=top-at-mark-start (previous, next)
|   0|0x0000000600000000, 0x0000000600400000, 0x0000000600400000|100%|HS|  |TAMS 0x0000000600000000, 0x0000000600000000| Complete 
|   1|0x0000000600400000, 0x0000000600800000, 0x0000000600800000|100%| O|  |TAMS 0x0000000600400000, 0x0000000600400000| Untracked 
|   2|0x0000000600800000, 0x0000000600b55c00, 0x0000000600c00000| 83%| O|  |TAMS 0x0000000600800000, 0x0000000600800000| Untracked 
|   3|0x0000000600c00000, 0x0000000600c00000, 0x0000000601000000|  0%| F|  |TAMS 0x0000000600c00000, 0x0000000600c00000| Untracked 
|   4|0x0000000601000000, 0x0000000601000000, 0x0000000601400000|  0%| F|  |TAMS 0x0000000601000000, 0x0000000601000000| Untracked 
|   5|0x0000000601400000, 0x0000000601400000, 0x0000000601800000|  0%| F|  |TAMS 0x0000000601400000, 0x0000000601400000| Untracked 
|   6|0x0000000601800000, 0x0000000601800000, 0x0000000601c00000|  0%| F|  |TAMS 0x0000000601800000, 0x0000000601800000| Untracked 
|   7|0x0000000601c00000, 0x0000000601c00000, 0x0000000602000000|  0%| F|  |TAMS 0x0000000601c00000, 0x0000000601c00000| Untracked 
|   8|0x0000000602000000, 0x0000000602000000, 0x0000000602400000|  0%| F|  |TAMS 0x0000000602000000, 0x0000000602000000| Untracked 
|   9|0x0000000602400000, 0x0000000602400000, 0x0000000602800000|  0%| F|  |TAMS 0x0000000602400000, 0x0000000602400000| Untracked 
|  10|0x0000000602800000, 0x0000000602800000, 0x0000000602c00000|  0%| F|  |TAMS 0x0000000602800000, 0x0000000602800000| Untracked 
|  11|0x0000000602c00000, 0x0000000602c00000, 0x0000000603000000|  0%| F|  |TAMS 0x0000000602c00000, 0x0000000602c00000| Untracked 
|  12|0x0000000603000000, 0x0000000603184630, 0x0000000603400000| 37%| S|CS|TAMS 0x0000000603000000, 0x0000000603000000| Complete 
|  13|0x0000000603400000, 0x0000000603800000, 0x0000000603800000|100%| S|CS|TAMS 0x0000000603400000, 0x0000000603400000| Complete 
|  14|0x0000000603800000, 0x0000000603c00000, 0x0000000603c00000|100%| S|CS|TAMS 0x0000000603800000, 0x0000000603800000| Complete 
|  15|0x0000000603c00000, 0x0000000603c00000, 0x0000000604000000|  0%| F|  |TAMS 0x0000000603c00000, 0x0000000603c00000| Untracked 
|  16|0x0000000604000000, 0x0000000604000000, 0x0000000604400000|  0%| F|  |TAMS 0x0000000604000000, 0x0000000604000000| Untracked 
|  17|0x0000000604400000, 0x0000000604400000, 0x0000000604800000|  0%| F|  |TAMS 0x0000000604400000, 0x0000000604400000| Untracked 
|  18|0x0000000604800000, 0x0000000604800000, 0x0000000604c00000|  0%| F|  |TAMS 0x0000000604800000, 0x0000000604800000| Untracked 
|  19|0x0000000604c00000, 0x0000000604c00000, 0x0000000605000000|  0%| F|  |TAMS 0x0000000604c00000, 0x0000000604c00000| Untracked 
|  20|0x0000000605000000, 0x0000000605000000, 0x0000000605400000|  0%| F|  |TAMS 0x0000000605000000, 0x0000000605000000| Untracked 
|  21|0x0000000605400000, 0x0000000605400000, 0x0000000605800000|  0%| F|  |TAMS 0x0000000605400000, 0x0000000605400000| Untracked 
|  22|0x0000000605800000, 0x0000000605800000, 0x0000000605c00000|  0%| F|  |TAMS 0x0000000605800000, 0x0000000605800000| Untracked 
|  23|0x0000000605c00000, 0x0000000605c00000, 0x0000000606000000|  0%| F|  |TAMS 0x0000000605c00000, 0x0000000605c00000| Untracked 
|  24|0x0000000606000000, 0x0000000606000000, 0x0000000606400000|  0%| F|  |TAMS 0x0000000606000000, 0x0000000606000000| Untracked 
|  25|0x0000000606400000, 0x0000000606400000, 0x0000000606800000|  0%| F|  |TAMS 0x0000000606400000, 0x0000000606400000| Untracked 
|  26|0x0000000606800000, 0x0000000606800000, 0x0000000606c00000|  0%| F|  |TAMS 0x0000000606800000, 0x0000000606800000| Untracked 
|  27|0x0000000606c00000, 0x0000000606c00000, 0x0000000607000000|  0%| F|  |TAMS 0x0000000606c00000, 0x0000000606c00000| Untracked 
|  28|0x0000000607000000, 0x0000000607124138, 0x0000000607400000| 28%| E|  |TAMS 0x0000000607000000, 0x0000000607000000| Complete 
|  29|0x0000000607400000, 0x0000000607800000, 0x0000000607800000|100%| E|CS|TAMS 0x0000000607400000, 0x0000000607400000| Complete 
|  30|0x0000000607800000, 0x0000000607c00000, 0x0000000607c00000|100%| E|CS|TAMS 0x0000000607800000, 0x0000000607800000| Complete 
|  31|0x0000000607c00000, 0x0000000608000000, 0x0000000608000000|100%| E|CS|TAMS 0x0000000607c00000, 0x0000000607c00000| Complete 

Card table byte_map: [0x000001ea21000000,0x000001ea22000000] _byte_map_base: 0x000001ea1e000000

Marking Bits (Prev, Next): (CMBitMap*) 0x000001ea7f6b0090, (CMBitMap*) 0x000001ea7f6b00d0
 Prev Bits: [0x000001ea23000000, 0x000001ea2b000000)
 Next Bits: [0x000001ea2b000000, 0x000001ea33000000)

Polling page: 0x000001ea754f0000

Metaspace:

Usage:
  Non-class:     14.74 MB used.
      Class:      2.43 MB used.
       Both:     17.17 MB used.

Virtual space:
  Non-class space:       64.00 MB reserved,      14.94 MB ( 23%) committed,  1 nodes.
      Class space:        1.00 GB reserved,       2.56 MB ( <1%) committed,  1 nodes.
             Both:        1.06 GB reserved,      17.50 MB (  2%) committed. 

Chunk freelists:
   Non-Class:  1005.00 KB
       Class:  13.45 MB
        Both:  14.43 MB

MaxMetaspaceSize: 4.00 GB
CompressedClassSpaceSize: 1.00 GB
Initial GC threshold: 21.00 MB
Current GC threshold: 21.00 MB
CDS: on
MetaspaceReclaimPolicy: balanced
 - commit_granule_bytes: 65536.
 - commit_granule_words: 8192.
 - virtual_space_node_default_size: 8388608.
 - enlarge_chunks_in_place: 1.
 - new_chunks_are_fully_committed: 0.
 - uncommit_free_chunks: 1.
 - use_allocation_guard: 0.
 - handle_deallocations: 1.


Internal statistics:

num_allocs_failed_limit: 0.
num_arena_births: 218.
num_arena_deaths: 0.
num_vsnodes_births: 2.
num_vsnodes_deaths: 0.
num_space_committed: 280.
num_space_uncommitted: 0.
num_chunks_returned_to_freelist: 0.
num_chunks_taken_from_freelist: 815.
num_chunk_merges: 0.
num_chunk_splits: 526.
num_chunks_enlarged: 369.
num_inconsistent_stats: 0.

CodeHeap 'non-profiled nmethods': size=259264Kb used=1349Kb max_used=1349Kb free=257914Kb
 bounds [0x000001ea102d0000, 0x000001ea10540000, 0x000001ea20000000]
CodeHeap 'profiled nmethods': size=259264Kb used=5107Kb max_used=5107Kb free=254156Kb
 bounds [0x000001ea00000000, 0x000001ea00500000, 0x000001ea0fd30000]
CodeHeap 'non-nmethods': size=5760Kb used=1234Kb max_used=1312Kb free=4525Kb
 bounds [0x000001ea0fd30000, 0x000001ea0ffa0000, 0x000001ea102d0000]
 total_blobs=3075 nmethods=2532 adapters=455
 compilation: enabled
              stopped_count=0, restarted_count=0
 full_count=0

Compilation events (20 events):
Event: 12.124 Thread 0x000001ea7f88df20 2527       3       org.gradle.internal.service.DefaultServiceRegistry::isAssignableFromAnyType (41 bytes)
Event: 12.125 Thread 0x000001ea7f88df20 nmethod 2527 0x000001ea004f4790 code [0x000001ea004f4980, 0x000001ea004f4f18]
Event: 12.125 Thread 0x000001ea7f88df20 2526       3       org.gradle.internal.service.DefaultServiceRegistry::access$1500 (6 bytes)
Event: 12.125 Thread 0x000001ea7f88df20 nmethod 2526 0x000001ea004f5110 code [0x000001ea004f52c0, 0x000001ea004f53c8]
Event: 12.125 Thread 0x000001ea7f88df20 2528       3       org.gradle.internal.service.DefaultServiceRegistry$SingletonService::getAll (38 bytes)
Event: 12.125 Thread 0x000001ea7f88df20 nmethod 2528 0x000001ea004f5490 code [0x000001ea004f5680, 0x000001ea004f5a98]
Event: 12.132 Thread 0x000001ea7f88df20 2529   !   3       org.gradle.internal.classloader.TransformingClassLoader::findClass (203 bytes)
Event: 12.135 Thread 0x000001ea7f88df20 nmethod 2529 0x000001ea004f5c10 code [0x000001ea004f60e0, 0x000001ea004f84d8]
Event: 12.135 Thread 0x000001ea7f88df20 2530       3       org.gradle.initialization.MixInLegacyTypesClassLoader::shouldTransform (42 bytes)
Event: 12.135 Thread 0x000001ea7f88df20 nmethod 2530 0x000001ea004f9490 code [0x000001ea004f9660, 0x000001ea004f9a98]
Event: 12.135 Thread 0x000001ea7f88df20 2531   !   3       sun.reflect.annotation.AnnotationParser::parseClassValue (56 bytes)
Event: 12.136 Thread 0x000001ea7f88df20 nmethod 2531 0x000001ea004f9c10 code [0x000001ea004f9e40, 0x000001ea004fa408]
Event: 12.242 Thread 0x000001ea7f88df20 2533       3       org.gradle.internal.service.DefaultServiceRegistry$SingletonService::<init> (58 bytes)
Event: 12.242 Thread 0x000001ea7f88df20 nmethod 2533 0x000001ea004fa710 code [0x000001ea004fa960, 0x000001ea004fb508]
Event: 12.403 Thread 0x000001ea7f88df20 2535       3       java.util.concurrent.TimeUnit::toNanos (45 bytes)
Event: 12.403 Thread 0x000001ea7f88df20 nmethod 2535 0x000001ea004fb890 code [0x000001ea004fba40, 0x000001ea004fbc98]
Event: 12.541 Thread 0x000001ea7f88df20 2536       3       java.lang.Class::isLocalOrAnonymousClass (5 bytes)
Event: 12.541 Thread 0x000001ea7f88df20 nmethod 2536 0x000001ea004fbd10 code [0x000001ea004fbec0, 0x000001ea004fc0d8]
Event: 12.541 Thread 0x000001ea7f88df20 2537       3       java.lang.Class::hasEnclosingMethodInfo (17 bytes)
Event: 12.541 Thread 0x000001ea7f88df20 nmethod 2537 0x000001ea004fc190 code [0x000001ea004fc340, 0x000001ea004fc518]

GC Heap History (8 events):
Event: 1.810 GC heap before
{Heap before GC invocations=0 (full 0):
 garbage-first heap   total 131072K, used 20480K [0x0000000600000000, 0x0000000800000000)
  region size 4096K, 5 young (20480K), 0 survivors (0K)
 Metaspace       used 812K, committed 896K, reserved 1114112K
  class space    used 61K, committed 128K, reserved 1048576K
}
Event: 1.897 GC heap after
{Heap after GC invocations=1 (full 0):
 garbage-first heap   total 131072K, used 1381K [0x0000000600000000, 0x0000000800000000)
  region size 4096K, 1 young (4096K), 1 survivors (4096K)
 Metaspace       used 812K, committed 896K, reserved 1114112K
  class space    used 61K, committed 128K, reserved 1048576K
}
Event: 4.121 GC heap before
{Heap before GC invocations=1 (full 0):
 garbage-first heap   total 131072K, used 42341K [0x0000000600000000, 0x0000000800000000)
  region size 4096K, 11 young (45056K), 1 survivors (4096K)
 Metaspace       used 4389K, committed 4544K, reserved 1114112K
  class space    used 548K, committed 640K, reserved 1048576K
}
Event: 4.129 GC heap after
{Heap after GC invocations=2 (full 0):
 garbage-first heap   total 131072K, used 11836K [0x0000000600000000, 0x0000000800000000)
  region size 4096K, 2 young (8192K), 2 survivors (8192K)
 Metaspace       used 4389K, committed 4544K, reserved 1114112K
  class space    used 548K, committed 640K, reserved 1048576K
}
Event: 5.382 GC heap before
{Heap before GC invocations=2 (full 0):
 garbage-first heap   total 131072K, used 52796K [0x0000000600000000, 0x0000000800000000)
  region size 4096K, 13 young (53248K), 2 survivors (8192K)
 Metaspace       used 4904K, committed 5056K, reserved 1114112K
  class space    used 632K, committed 704K, reserved 1048576K
}
Event: 5.394 GC heap after
{Heap after GC invocations=3 (full 0):
 garbage-first heap   total 131072K, used 16871K [0x0000000600000000, 0x0000000800000000)
  region size 4096K, 2 young (8192K), 2 survivors (8192K)
 Metaspace       used 4904K, committed 5056K, reserved 1114112K
  class space    used 632K, committed 704K, reserved 1048576K
}
Event: 11.166 GC heap before
{Heap before GC invocations=3 (full 0):
 garbage-first heap   total 131072K, used 78311K [0x0000000600000000, 0x0000000800000000)
  region size 4096K, 17 young (69632K), 2 survivors (8192K)
 Metaspace       used 15999K, committed 16320K, reserved 1114112K
  class space    used 2215K, committed 2368K, reserved 1048576K
}
Event: 11.387 GC heap after
{Heap after GC invocations=4 (full 0):
 garbage-first heap   total 131072K, used 21352K [0x0000000600000000, 0x0000000800000000)
  region size 4096K, 3 young (12288K), 3 survivors (12288K)
 Metaspace       used 15999K, committed 16320K, reserved 1114112K
  class space    used 2215K, committed 2368K, reserved 1048576K
}

Dll operation events (15 events):
Event: 0.512 Loaded shared library C:\Program Files\Eclipse Adoptium\jdk-17.0.19.10-hotspot\bin\java.dll
Event: 0.608 Loaded shared library C:\Program Files\Eclipse Adoptium\jdk-17.0.19.10-hotspot\bin\jsvml.dll
Event: 1.015 Loaded shared library C:\Program Files\Eclipse Adoptium\jdk-17.0.19.10-hotspot\bin\zip.dll
Event: 1.021 Loaded shared library C:\Program Files\Eclipse Adoptium\jdk-17.0.19.10-hotspot\bin\instrument.dll
Event: 1.030 Loaded shared library C:\Program Files\Eclipse Adoptium\jdk-17.0.19.10-hotspot\bin\net.dll
Event: 1.034 Loaded shared library C:\Program Files\Eclipse Adoptium\jdk-17.0.19.10-hotspot\bin\nio.dll
Event: 1.039 Loaded shared library C:\Program Files\Eclipse Adoptium\jdk-17.0.19.10-hotspot\bin\zip.dll
Event: 1.906 Loaded shared library C:\Program Files\Eclipse Adoptium\jdk-17.0.19.10-hotspot\bin\jimage.dll
Event: 2.726 Loaded shared library C:\Program Files\Eclipse Adoptium\jdk-17.0.19.10-hotspot\bin\verify.dll
Event: 2.974 Loaded shared library C:\Users\admin\.gradle\native\1def1411415f61bf3af743bc5b6707747c0891f09f0c88961ee8f79bc544acac\windows-amd64\native-platform.dll
Event: 3.045 Loaded shared library C:\Users\admin\.gradle\native\0.2.7\x86_64-windows-gnu\gradle-fileevents.dll
Event: 5.959 Loaded shared library C:\Program Files\Eclipse Adoptium\jdk-17.0.19.10-hotspot\bin\management.dll
Event: 5.965 Loaded shared library C:\Program Files\Eclipse Adoptium\jdk-17.0.19.10-hotspot\bin\management_ext.dll
Event: 7.389 Loaded shared library C:\Program Files\Eclipse Adoptium\jdk-17.0.19.10-hotspot\bin\extnet.dll
Event: 8.147 Loaded shared library C:\Program Files\Eclipse Adoptium\jdk-17.0.19.10-hotspot\bin\sunmscapi.dll

Deoptimization events (20 events):
Event: 9.153 Thread 0x000001eac5a388c0 DEOPT PACKING pc=0x000001ea103afec8 sp=0x0000005a1f8fb750
Event: 9.153 Thread 0x000001eac5a388c0 DEOPT UNPACKING pc=0x000001ea0fd869a3 sp=0x0000005a1f8fb6e8 mode 2
Event: 10.607 Thread 0x000001eac5a388c0 DEOPT PACKING pc=0x000001ea000d2fd7 sp=0x0000005a1f8faa20
Event: 10.607 Thread 0x000001eac5a388c0 DEOPT UNPACKING pc=0x000001ea0fd87143 sp=0x0000005a1f8f9eb8 mode 0
Event: 10.771 Thread 0x000001eac5a388c0 Uncommon trap: trap_request=0xffffff45 fr.pc=0x000001ea102f2968 relative=0x0000000000000b48
Event: 10.771 Thread 0x000001eac5a388c0 Uncommon trap: reason=unstable_if action=reinterpret pc=0x000001ea102f2968 method=java.io.WinNTFileSystem.resolve(Ljava/lang/String;Ljava/lang/String;)Ljava/lang/String; @ 19 c2
Event: 10.771 Thread 0x000001eac5a388c0 DEOPT PACKING pc=0x000001ea102f2968 sp=0x0000005a1f8fb220
Event: 10.771 Thread 0x000001eac5a388c0 DEOPT UNPACKING pc=0x000001ea0fd869a3 sp=0x0000005a1f8fb1c8 mode 2
Event: 10.774 Thread 0x000001eac5a388c0 Uncommon trap: trap_request=0xffffff45 fr.pc=0x000001ea10363dac relative=0x000000000000066c
Event: 10.774 Thread 0x000001eac5a388c0 Uncommon trap: reason=unstable_if action=reinterpret pc=0x000001ea10363dac method=java.io.File.getName()Ljava/lang/String; @ 16 c2
Event: 10.774 Thread 0x000001eac5a388c0 DEOPT PACKING pc=0x000001ea10363dac sp=0x0000005a1f8fb1d0
Event: 10.774 Thread 0x000001eac5a388c0 DEOPT UNPACKING pc=0x000001ea0fd869a3 sp=0x0000005a1f8fb1a0 mode 2
Event: 11.078 Thread 0x000001eac5a388c0 Uncommon trap: trap_request=0xffffff45 fr.pc=0x000001ea102f9684 relative=0x00000000000000e4
Event: 11.078 Thread 0x000001eac5a388c0 Uncommon trap: reason=unstable_if action=reinterpret pc=0x000001ea102f9684 method=java.util.HashMap.hash(Ljava/lang/Object;)I @ 1 c2
Event: 11.078 Thread 0x000001eac5a388c0 DEOPT PACKING pc=0x000001ea102f9684 sp=0x0000005a1f8fc1f0
Event: 11.078 Thread 0x000001eac5a388c0 DEOPT UNPACKING pc=0x000001ea0fd869a3 sp=0x0000005a1f8fc130 mode 2
Event: 11.422 Thread 0x000001eac5a388c0 Uncommon trap: trap_request=0xffffff45 fr.pc=0x000001ea10386d90 relative=0x00000000000007d0
Event: 11.422 Thread 0x000001eac5a388c0 Uncommon trap: reason=unstable_if action=reinterpret pc=0x000001ea10386d90 method=java.util.ArrayList.grow(I)[Ljava/lang/Object; @ 17 c2
Event: 11.422 Thread 0x000001eac5a388c0 DEOPT PACKING pc=0x000001ea10386d90 sp=0x0000005a1f8fd180
Event: 11.422 Thread 0x000001eac5a388c0 DEOPT UNPACKING pc=0x000001ea0fd869a3 sp=0x0000005a1f8fd018 mode 2

Classes loaded (20 events):
Event: 10.910 Loading class java/nio/file/FileVisitOption
Event: 10.910 Loading class java/nio/file/FileVisitOption done
Event: 10.919 Loading class java/util/stream/ReduceOps$1
Event: 10.919 Loading class java/util/stream/ReduceOps$1 done
Event: 10.919 Loading class java/util/stream/ReduceOps$1ReducingSink
Event: 10.919 Loading class java/util/stream/ReduceOps$1ReducingSink done
Event: 11.938 Loading class java/util/Collections$2
Event: 11.941 Loading class java/util/Collections$2 done
Event: 12.049 Loading class java/io/ObjectOutputStream$BlockDataOutputStream
Event: 12.050 Loading class java/io/ObjectOutputStream$BlockDataOutputStream done
Event: 12.050 Loading class java/io/ObjectOutputStream$HandleTable
Event: 12.050 Loading class java/io/ObjectOutputStream$HandleTable done
Event: 12.050 Loading class java/io/ObjectOutputStream$ReplaceTable
Event: 12.051 Loading class java/io/ObjectOutputStream$ReplaceTable done
Event: 12.058 Loading class java/io/UnsupportedEncodingException
Event: 12.059 Loading class java/io/UnsupportedEncodingException done
Event: 12.059 Loading class java/nio/charset/CharacterCodingException
Event: 12.059 Loading class java/nio/charset/CharacterCodingException done
Event: 12.407 Loading class java/util/function/LongFunction
Event: 12.407 Loading class java/util/function/LongFunction done

Classes unloaded (0 events):
No events

Classes redefined (0 events):
No events

Internal exceptions (20 events):
Event: 8.807 Thread 0x000001eac5a388c0 Exception <a 'java/lang/NoSuchMethodError'{0x000000060618e8e8}: 'long java.lang.invoke.DirectMethodHandle$Holder.invokeInterface(java.lang.Object, java.lang.Object)'> (0x000000060618e8e8) 
thrown [s\src\hotspot\share\interpreter\linkResolver.cpp, line 759]
Event: 9.042 Thread 0x000001eac5a388c0 Exception <a 'java/lang/NoSuchMethodError'{0x0000000605dd7168}: 'void java.lang.invoke.DirectMethodHandle$Holder.invokeStatic(java.lang.Object, java.lang.Object)'> (0x0000000605dd7168) 
thrown [s\src\hotspot\share\interpreter\linkResolver.cpp, line 759]
Event: 9.157 Thread 0x000001eac5a388c0 Exception <a 'java/lang/NoSuchMethodError'{0x0000000605ff73f8}: 'int java.lang.invoke.DirectMethodHandle$Holder.invokeVirtual(java.lang.Object, java.lang.Object, java.lang.Object)'> (0x0000000605ff73f8) 
thrown [s\src\hotspot\share\interpreter\linkResolver.cpp, line 759]
Event: 9.377 Thread 0x000001eac5a388c0 Exception <a 'java/lang/NoSuchMethodError'{0x0000000605a8e938}: 'java.lang.Object java.lang.invoke.DirectMethodHandle$Holder.newInvokeSpecial(java.lang.Object, java.lang.Object, java.lang.Object, java.lang.Object, java.lang.Object, java.lang.Object)'> (0x0000000605a8e938) 
thrown [s\src\hotspot\share\interpreter\linkResolver.cpp, line 759]
Event: 9.551 Thread 0x000001eac5a388c0 Exception <a 'java/lang/NoSuchMethodError'{0x0000000605597680}: 'void java.lang.invoke.DelegatingMethodHandle$Holder.reinvoke_L(java.lang.Object, java.lang.Object, java.lang.Object, java.lang.Object, java.lang.Object, java.lang.Object, java.lang.Object, java.lang.Object, java.lang.Object, java.lang.Object)'> (0x0000000605597680) 
thrown [s\src\hotspot\share\interpreter\linkResolver.cpp, line 759]
Event: 9.552 Thread 0x000001eac5a388c0 Exception <a 'java/lang/NoSuchMethodError'{0x000000060559faf0}: 'java.lang.Object java.lang.invoke.DirectMethodHandle$Holder.invokeSpecial(java.lang.Object, java.lang.Object, java.lang.Object, java.lang.Object, java.lang.Object, java.lang.Object, java.lang.Object, java.lang.Object, java.lang.Object, java.lang.Object)'> (0x000000060559faf0) 
thrown [s\src\hotspot\share\interpreter\linkResolver.cpp, line 759]
Event: 9.553 Thread 0x000001eac5a388c0 Exception <a 'java/lang/NoSuchMethodError'{0x00000006055a43c0}: 'java.lang.Object java.lang.invoke.Invokers$Holder.invoker(java.lang.Object, java.lang.Object, java.lang.Object, java.lang.Object, java.lang.Object, java.lang.Object, java.lang.Object, java.lang.Object, java.lang.Object, java.lang.Object)'> (0x00000006055a43c0) 
thrown [s\src\hotspot\share\interpreter\linkResolver.cpp, line 759]
Event: 9.554 Thread 0x000001eac5a388c0 Exception <a 'java/lang/NoSuchMethodError'{0x00000006055a9fc8}: 'java.lang.Object java.lang.invoke.DirectMethodHandle$Holder.invokeSpecial(java.lang.Object, java.lang.Object, java.lang.Object, java.lang.Object, java.lang.Object, java.lang.Object, java.lang.Object, java.lang.Object, java.lang.Object, java.lang.Object, java.lang.Object)'> (0x00000006055a9fc8) 
thrown [s\src\hotspot\share\interpreter\linkResolver.cpp, line 759]
Event: 10.503 Thread 0x000001eac5a388c0 Exception <a 'java/lang/NoSuchMethodError'{0x0000000604db23f0}: 'java.lang.Object java.lang.invoke.DirectMethodHandle$Holder.newInvokeSpecial(java.lang.Object, java.lang.Object, int)'> (0x0000000604db23f0) 
thrown [s\src\hotspot\share\interpreter\linkResolver.cpp, line 759]
Event: 10.819 Thread 0x000001eac5a388c0 Exception <a 'java/lang/NoSuchMethodError'{0x0000000603c79b00}: 'java.lang.Object java.lang.invoke.DirectMethodHandle$Holder.invokeInterface(java.lang.Object, java.lang.Object, java.lang.Object)'> (0x0000000603c79b00) 
thrown [s\src\hotspot\share\interpreter\linkResolver.cpp, line 759]
Event: 10.915 Thread 0x000001eac5a388c0 Exception <a 'java/lang/NoSuchMethodError'{0x0000000603d5ff10}: 'int java.lang.invoke.DirectMethodHandle$Holder.invokeSpecialIFC(java.lang.Object, java.lang.Object, java.lang.Object, java.lang.Object)'> (0x0000000603d5ff10) 
thrown [s\src\hotspot\share\interpreter\linkResolver.cpp, line 759]
Event: 10.918 Thread 0x000001eac5a388c0 Exception <a 'java/lang/IncompatibleClassChangeError'{0x0000000603d6ec78}: Found class java.lang.Object, but interface was expected> (0x0000000603d6ec78) 
thrown [s\src\hotspot\share\interpreter\linkResolver.cpp, line 826]
Event: 11.078 Thread 0x000001eac5a388c0 Implicit null exception at 0x000001ea102f95e0 to 0x000001ea102f967a
Event: 11.106 Thread 0x000001eac5a388c0 Exception <a 'java/lang/NoSuchMethodError'{0x0000000603f6e070}: 'int java.lang.invoke.DirectMethodHandle$Holder.invokeStatic(java.lang.Object, java.lang.Object, java.lang.Object, java.lang.Object)'> (0x0000000603f6e070) 
thrown [s\src\hotspot\share\interpreter\linkResolver.cpp, line 759]
Event: 11.107 Thread 0x000001eac5a388c0 Exception <a 'java/lang/NoSuchMethodError'{0x0000000603f71f40}: 'java.lang.Object java.lang.invoke.Invokers$Holder.invokeExact_MT(java.lang.Object, java.lang.Object, java.lang.Object, java.lang.Object, java.lang.Object, java.lang.Object)'> (0x0000000603f71f40) 
thrown [s\src\hotspot\share\interpreter\linkResolver.cpp, line 759]
Event: 11.883 Thread 0x000001eac5a388c0 Exception <a 'java/lang/IncompatibleClassChangeError'{0x00000006078238a0}: Found class java.lang.Object, but interface was expected> (0x00000006078238a0) 
thrown [s\src\hotspot\share\interpreter\linkResolver.cpp, line 826]
Event: 12.055 Thread 0x000001eac5a38dd0 Exception <a 'java/lang/NoSuchMethodError'{0x0000000607cac5b0}: static Lorg/gradle/internal/build/event/types/DefaultOperationStartedProgressEvent;.<clinit>()V> (0x0000000607cac5b0) 
thrown [s\src\hotspot\share\prims\jni.cpp, line 1112]
Event: 12.055 Thread 0x000001eac5a38dd0 Exception <a 'java/lang/NoSuchMethodError'{0x0000000607cadbe8}: static Lorg/gradle/internal/build/event/types/AbstractProgressEvent;.<clinit>()V> (0x0000000607cadbe8) 
thrown [s\src\hotspot\share\prims\jni.cpp, line 1112]
Event: 12.057 Thread 0x000001eac5a38dd0 Exception <a 'java/lang/NoSuchMethodError'{0x0000000607cb6950}: static Lorg/gradle/internal/build/event/types/DefaultOperationDescriptor;.<clinit>()V> (0x0000000607cb6950) 
thrown [s\src\hotspot\share\prims\jni.cpp, line 1112]
Event: 12.061 Thread 0x000001eac5a38dd0 Exception <a 'java/lang/NoSuchMethodError'{0x0000000607ccc1d0}: static Lorg/gradle/internal/operations/OperationIdentifier;.<clinit>()V> (0x0000000607ccc1d0) 
thrown [s\src\hotspot\share\prims\jni.cpp, line 1112]

VM Operations (20 events):
Event: 7.384 Executing VM operation: HandshakeAllThreads
Event: 7.384 Executing VM operation: HandshakeAllThreads done
Event: 7.487 Executing VM operation: HandshakeAllThreads
Event: 7.487 Executing VM operation: HandshakeAllThreads done
Event: 7.708 Executing VM operation: HandshakeAllThreads
Event: 7.708 Executing VM operation: HandshakeAllThreads done
Event: 7.934 Executing VM operation: HandshakeAllThreads
Event: 8.085 Executing VM operation: HandshakeAllThreads done
Event: 9.092 Executing VM operation: Cleanup
Event: 9.093 Executing VM operation: Cleanup done
Event: 10.105 Executing VM operation: Cleanup
Event: 10.121 Executing VM operation: Cleanup done
Event: 11.136 Executing VM operation: Cleanup
Event: 11.136 Executing VM operation: Cleanup done
Event: 11.166 Executing VM operation: G1CollectForAllocation
Event: 11.387 Executing VM operation: G1CollectForAllocation done
Event: 11.768 Executing VM operation: HandshakeAllThreads
Event: 11.768 Executing VM operation: HandshakeAllThreads done
Event: 11.769 Executing VM operation: HandshakeAllThreads
Event: 11.769 Executing VM operation: HandshakeAllThreads done

Memory protections (0 events):
No events

Nmethod flushes (0 events):
No events

Events (20 events):
Event: 0.692 Thread 0x000001ea775e1be0 Thread added: 0x000001ea7f88a950
Event: 0.692 Thread 0x000001ea775e1be0 Thread added: 0x000001ea7f88b550
Event: 0.713 Thread 0x000001ea775e1be0 Thread added: 0x000001ea7f88df20
Event: 0.715 Thread 0x000001ea775e1be0 Thread added: 0x000001ea7f891050
Event: 0.781 Thread 0x000001ea775e1be0 Thread added: 0x000001eac51a1fe0
Event: 1.059 Thread 0x000001ea775e1be0 Thread added: 0x000001eac52ae6a0
Event: 6.035 Thread 0x000001ea775e1be0 Thread added: 0x000001eac627dd10
Event: 7.745 Thread 0x000001ea775e1be0 Thread added: 0x000001eac697ab90
Event: 7.869 Thread 0x000001ea775e1be0 Thread added: 0x000001eac5a37ea0
Event: 8.182 Thread 0x000001eac697ab90 Thread added: 0x000001eac5a36550
Event: 8.242 Thread 0x000001eac5a36550 Thread added: 0x000001eac5a37480
Event: 8.450 Thread 0x000001eac5a36550 Thread added: 0x000001eac5a383b0
Event: 8.467 Thread 0x000001eac5a36550 Thread added: 0x000001eac5a388c0
Event: 8.500 Thread 0x000001eac5a388c0 Thread added: 0x000001eac5a392e0
Event: 8.505 Thread 0x000001eac5a388c0 Thread added: 0x000001eac5a35b30
Event: 8.511 Thread 0x000001eac5a388c0 Thread added: 0x000001eac5a38dd0
Event: 10.500 Thread 0x000001eac5a388c0 Thread added: 0x000001eac5a36a60
Event: 10.521 Thread 0x000001eac5a388c0 Thread added: 0x000001eac5a36f70
Event: 10.654 Thread 0x000001eac5a388c0 Thread added: 0x000001eac77e6e40
Event: 10.716 Thread 0x000001eac5a36f70 Thread added: 0x000001eac77e3690


Dynamic libraries:
0x00007ff7f7450000 - 0x00007ff7f745e000 	C:\Program Files\Eclipse Adoptium\jdk-17.0.19.10-hotspot\bin\java.exe
0x00007ffbf7510000 - 0x00007ffbf7727000 	C:\WINDOWS\SYSTEM32\ntdll.dll
0x00007ffbf6790000 - 0x00007ffbf6854000 	C:\WINDOWS\System32\KERNEL32.DLL
0x00007ffbf47e0000 - 0x00007ffbf4bb2000 	C:\WINDOWS\System32\KERNELBASE.dll
0x00007ffbf46c0000 - 0x00007ffbf47d1000 	C:\WINDOWS\System32\ucrtbase.dll
0x00007ffbebaa0000 - 0x00007ffbebabe000 	C:\Program Files\Eclipse Adoptium\jdk-17.0.19.10-hotspot\bin\VCRUNTIME140.dll
0x00007ffbeba30000 - 0x00007ffbeba48000 	C:\Program Files\Eclipse Adoptium\jdk-17.0.19.10-hotspot\bin\jli.dll
0x00007ffbf52b0000 - 0x00007ffbf5461000 	C:\WINDOWS\System32\USER32.dll
0x00007ffbdee30000 - 0x00007ffbdf0cb000 	C:\WINDOWS\WinSxS\amd64_microsoft.windows.common-controls_6595b64144ccf1df_6.0.22621.5547_none_27104afb73855772\COMCTL32.dll
0x00007ffbf4bc0000 - 0x00007ffbf4be6000 	C:\WINDOWS\System32\win32u.dll
0x00007ffbf7130000 - 0x00007ffbf71d7000 	C:\WINDOWS\System32\msvcrt.dll
0x00007ffbf74a0000 - 0x00007ffbf74c9000 	C:\WINDOWS\System32\GDI32.dll
0x00007ffbf4bf0000 - 0x00007ffbf4d13000 	C:\WINDOWS\System32\gdi32full.dll
0x00007ffbf4d20000 - 0x00007ffbf4dba000 	C:\WINDOWS\System32\msvcp_win.dll
0x00007ffbf6560000 - 0x00007ffbf6591000 	C:\WINDOWS\System32\IMM32.DLL
0x00007ffbebb60000 - 0x00007ffbebb6c000 	C:\Program Files\Eclipse Adoptium\jdk-17.0.19.10-hotspot\bin\vcruntime140_1.dll
0x00007ffbe9260000 - 0x00007ffbe92ed000 	C:\Program Files\Eclipse Adoptium\jdk-17.0.19.10-hotspot\bin\msvcp140.dll
0x00007ffbb4f70000 - 0x00007ffbb5bdc000 	C:\Program Files\Eclipse Adoptium\jdk-17.0.19.10-hotspot\bin\server\jvm.dll
0x00007ffbf7010000 - 0x00007ffbf70c1000 	C:\WINDOWS\System32\ADVAPI32.dll
0x00007ffbf5c00000 - 0x00007ffbf5ca8000 	C:\WINDOWS\System32\sechost.dll
0x00007ffbf5170000 - 0x00007ffbf5198000 	C:\WINDOWS\System32\bcrypt.dll
0x00007ffbf65c0000 - 0x00007ffbf66d4000 	C:\WINDOWS\System32\RPCRT4.dll
0x00007ffbf5230000 - 0x00007ffbf52a1000 	C:\WINDOWS\System32\WS2_32.dll
0x00007ffbf44d0000 - 0x00007ffbf451d000 	C:\WINDOWS\SYSTEM32\POWRPROF.dll
0x00007ffbea780000 - 0x00007ffbea7b4000 	C:\WINDOWS\SYSTEM32\WINMM.dll
0x00007ffbe2020000 - 0x00007ffbe202a000 	C:\WINDOWS\SYSTEM32\VERSION.dll
0x00007ffbf44b0000 - 0x00007ffbf44c3000 	C:\WINDOWS\SYSTEM32\UMPDC.dll
0x00007ffbf35f0000 - 0x00007ffbf3608000 	C:\WINDOWS\SYSTEM32\kernel.appcore.dll
0x00007ffbeba90000 - 0x00007ffbeba9a000 	C:\Program Files\Eclipse Adoptium\jdk-17.0.19.10-hotspot\bin\jimage.dll
0x00007ffbeefa0000 - 0x00007ffbef1d3000 	C:\WINDOWS\SYSTEM32\DBGHELP.DLL
0x00007ffbf6860000 - 0x00007ffbf6bf3000 	C:\WINDOWS\System32\combase.dll
0x00007ffbf6c00000 - 0x00007ffbf6cd7000 	C:\WINDOWS\System32\OLEAUT32.dll
0x00007ffbde5e0000 - 0x00007ffbde612000 	C:\WINDOWS\SYSTEM32\dbgcore.DLL
0x00007ffbf4dc0000 - 0x00007ffbf4e3b000 	C:\WINDOWS\System32\bcryptPrimitives.dll
0x00007ffbea7c0000 - 0x00007ffbea7ce000 	C:\Program Files\Eclipse Adoptium\jdk-17.0.19.10-hotspot\bin\instrument.dll
0x00007ffbe9420000 - 0x00007ffbe9445000 	C:\Program Files\Eclipse Adoptium\jdk-17.0.19.10-hotspot\bin\java.dll
0x00007ffbd3160000 - 0x00007ffbd3237000 	C:\Program Files\Eclipse Adoptium\jdk-17.0.19.10-hotspot\bin\jsvml.dll
0x00007ffbf5cb0000 - 0x00007ffbf6552000 	C:\WINDOWS\System32\SHELL32.dll
0x00007ffbf4fb0000 - 0x00007ffbf50ef000 	C:\WINDOWS\System32\wintypes.dll
0x00007ffbf24e0000 - 0x00007ffbf2dfd000 	C:\WINDOWS\SYSTEM32\windows.storage.dll
0x00007ffbf7310000 - 0x00007ffbf741c000 	C:\WINDOWS\System32\SHCORE.dll
0x00007ffbf54d0000 - 0x00007ffbf5539000 	C:\WINDOWS\System32\shlwapi.dll
0x00007ffbf4530000 - 0x00007ffbf455b000 	C:\WINDOWS\SYSTEM32\profapi.dll
0x00007ffbe9240000 - 0x00007ffbe9258000 	C:\Program Files\Eclipse Adoptium\jdk-17.0.19.10-hotspot\bin\zip.dll
0x00007ffbd8530000 - 0x00007ffbd854a000 	C:\Program Files\Eclipse Adoptium\jdk-17.0.19.10-hotspot\bin\net.dll
0x00007ffbe9e80000 - 0x00007ffbe9fac000 	C:\WINDOWS\SYSTEM32\WINHTTP.dll
0x00007ffbf3a60000 - 0x00007ffbf3ac9000 	C:\WINDOWS\system32\mswsock.dll
0x00007ffbd2ff0000 - 0x00007ffbd3006000 	C:\Program Files\Eclipse Adoptium\jdk-17.0.19.10-hotspot\bin\nio.dll
0x00007ffbe9230000 - 0x00007ffbe9240000 	C:\Program Files\Eclipse Adoptium\jdk-17.0.19.10-hotspot\bin\verify.dll
0x00007ffbdf560000 - 0x00007ffbdf587000 	C:\Users\admin\.gradle\native\1def1411415f61bf3af743bc5b6707747c0891f09f0c88961ee8f79bc544acac\windows-amd64\native-platform.dll
0x00007ffbdf5a0000 - 0x00007ffbdf618000 	C:\Users\admin\.gradle\native\0.2.7\x86_64-windows-gnu\gradle-fileevents.dll
0x00007ffbe9220000 - 0x00007ffbe922a000 	C:\Program Files\Eclipse Adoptium\jdk-17.0.19.10-hotspot\bin\management.dll
0x00007ffbe9210000 - 0x00007ffbe921c000 	C:\Program Files\Eclipse Adoptium\jdk-17.0.19.10-hotspot\bin\management_ext.dll
0x00007ffbf55d0000 - 0x00007ffbf55d8000 	C:\WINDOWS\System32\PSAPI.DLL
0x00007ffbf3060000 - 0x00007ffbf308d000 	C:\WINDOWS\SYSTEM32\IPHLPAPI.DLL
0x00007ffbf65b0000 - 0x00007ffbf65b9000 	C:\WINDOWS\System32\NSI.dll
0x00007ffbea560000 - 0x00007ffbea579000 	C:\WINDOWS\SYSTEM32\dhcpcsvc6.DLL
0x00007ffbea540000 - 0x00007ffbea55f000 	C:\WINDOWS\SYSTEM32\dhcpcsvc.DLL
0x00007ffbf30d0000 - 0x00007ffbf31c8000 	C:\WINDOWS\SYSTEM32\DNSAPI.dll
0x00007ffbe9200000 - 0x00007ffbe9209000 	C:\Program Files\Eclipse Adoptium\jdk-17.0.19.10-hotspot\bin\extnet.dll
0x00007ffbf3db0000 - 0x00007ffbf3dcb000 	C:\WINDOWS\SYSTEM32\CRYPTSP.dll
0x00007ffbf3550000 - 0x00007ffbf3587000 	C:\WINDOWS\system32\rsaenh.dll
0x00007ffbf3b00000 - 0x00007ffbf3b28000 	C:\WINDOWS\SYSTEM32\USERENV.dll
0x00007ffbf3d90000 - 0x00007ffbf3d9c000 	C:\WINDOWS\SYSTEM32\CRYPTBASE.dll
0x00007ffbe91f0000 - 0x00007ffbe91fe000 	C:\Program Files\Eclipse Adoptium\jdk-17.0.19.10-hotspot\bin\sunmscapi.dll
0x00007ffbf4e40000 - 0x00007ffbf4fa7000 	C:\WINDOWS\System32\CRYPT32.dll
0x00007ffbf3ec0000 - 0x00007ffbf3eed000 	C:\WINDOWS\SYSTEM32\ncrypt.dll
0x00007ffbf3e80000 - 0x00007ffbf3eb7000 	C:\WINDOWS\SYSTEM32\NTASN1.dll
0x00007ffbec890000 - 0x00007ffbec898000 	C:\WINDOWS\system32\wshunix.dll

dbghelp: loaded successfully - version: 4.0.5 - missing functions: none
symbol engine: initialized successfully - sym options: 0x614 - pdb path: .;C:\Program Files\Eclipse Adoptium\jdk-17.0.19.10-hotspot\bin;C:\WINDOWS\SYSTEM32;C:\WINDOWS\WinSxS\amd64_microsoft.windows.common-controls_6595b64144ccf1df_6.0.22621.5547_none_27104afb73855772;C:\Program Files\Eclipse Adoptium\jdk-17.0.19.10-hotspot\bin\server;C:\Users\admin\.gradle\native\1def1411415f61bf3af743bc5b6707747c0891f09f0c88961ee8f79bc544acac\windows-amd64;C:\Users\admin\.gradle\native\0.2.7\x86_64-windows-gnu

VM Arguments:
jvm_args: --add-opens=java.base/java.lang=ALL-UNNAMED --add-opens=java.base/java.lang.invoke=ALL-UNNAMED --add-opens=java.base/java.util=ALL-UNNAMED --add-opens=java.prefs/java.util.prefs=ALL-UNNAMED --add-exports=jdk.compiler/com.sun.tools.javac.api=ALL-UNNAMED --add-exports=jdk.compiler/com.sun.tools.javac.util=ALL-UNNAMED --add-opens=java.base/java.util=ALL-UNNAMED --add-opens=java.prefs/java.util.prefs=ALL-UNNAMED --add-opens=java.base/java.nio.charset=ALL-UNNAMED --add-opens=java.base/java.net=ALL-UNNAMED --add-opens=java.base/java.util.concurrent.atomic=ALL-UNNAMED --add-opens=java.xml/javax.xml.namespace=ALL-UNNAMED -XX:MaxMetaspaceSize=4G -XX:ReservedCodeCacheSize=512m -XX:+HeapDumpOnOutOfMemoryError -Xmx8G -Dfile.encoding=UTF-8 -Duser.country=FR -Duser.language=fr -Duser.variant -javaagent:C:\Users\admin\.gradle\wrapper\dists\gradle-8.13-bin\5xuhj0ry160q40clulazy9h7d\gradle-8.13\lib\agents\gradle-instrumentation-agent-8.13.jar 
java_command: org.gradle.launcher.daemon.bootstrap.GradleDaemon 8.13
java_class_path (initial): C:\Users\admin\.gradle\wrapper\dists\gradle-8.13-bin\5xuhj0ry160q40clulazy9h7d\gradle-8.13\lib\gradle-daemon-main-8.13.jar
Launcher Type: SUN_STANDARD

[Global flags]
     intx CICompilerCount                          = 4                                         {product} {ergonomic}
     uint ConcGCThreads                            = 2                                         {product} {ergonomic}
     uint G1ConcRefinementThreads                  = 8                                         {product} {ergonomic}
   size_t G1HeapRegionSize                         = 4194304                                   {product} {ergonomic}
    uintx GCDrainStackTargetSize                   = 64                                        {product} {ergonomic}
     bool HeapDumpOnOutOfMemoryError               = true                                   {manageable} {command line}
   size_t InitialHeapSize                          = 134217728                                 {product} {ergonomic}
   size_t MarkStackSize                            = 4194304                                   {product} {ergonomic}
   size_t MaxHeapSize                              = 8589934592                                {product} {command line}
   size_t MaxMetaspaceSize                         = 4294967296                                {product} {command line}
   size_t MaxNewSize                               = 5150605312                                {product} {ergonomic}
   size_t MinHeapDeltaBytes                        = 4194304                                   {product} {ergonomic}
   size_t MinHeapSize                              = 8388608                                   {product} {ergonomic}
    uintx NonNMethodCodeHeapSize                   = 5839372                                {pd product} {ergonomic}
    uintx NonProfiledCodeHeapSize                  = 265515770                              {pd product} {ergonomic}
    uintx ProfiledCodeHeapSize                     = 265515770                              {pd product} {ergonomic}
    uintx ReservedCodeCacheSize                    = 536870912                              {pd product} {command line}
     bool SegmentedCodeCache                       = true                                      {product} {ergonomic}
   size_t SoftMaxHeapSize                          = 8589934592                             {manageable} {ergonomic}
   double SweeperThreshold                         = 0.234375                                  {product} {ergonomic}
     bool UseCompressedClassPointers               = true                           {product lp64_product} {ergonomic}
     bool UseCompressedOops                        = true                           {product lp64_product} {ergonomic}
     bool UseG1GC                                  = true                                      {product} {ergonomic}
     bool UseLargePagesIndividualAllocation        = false                                  {pd product} {ergonomic}

Logging:
Log output configuration:
 #0: stdout all=warning uptime,level,tags
 #1: stderr all=off uptime,level,tags

Environment Variables:
JAVA_HOME=C:\Program Files\Eclipse Adoptium\jdk-25.0.1.8-hotspot
PATH=C:\Program Files\Eclipse Adoptium\jdk-17.0.19.10-hotspot\bin;C:\Program Files (x86)\VMware\VMware Workstation\bin\;C:\Program Files\Python312\Scripts\;C:\Program Files\Python312\;C:\WINDOWS\system32;C:\WINDOWS;C:\WINDOWS\System32\Wbem;C:\WINDOWS\System32\WindowsPowerShell\v1.0\;C:\WINDOWS\System32\OpenSSH\;C:\Program Files (x86)\Microsoft SQL Server\160\Tools\Binn\;C:\Program Files\Microsoft SQL Server\160\Tools\Binn\;C:\Program Files\Microsoft SQL Server\Client SDK\ODBC\170\Tools\Binn\;C:\Program Files\Microsoft SQL Server\160\DTS\Binn\;C:\Program Files (x86)\Microsoft SQL Server\160\DTS\Binn\;C:\Windows\system32\python;C:\sqlite3;C:\Program Files\nodejs\;C:\MinGW\bin;C:\curl\bin;C:\curl\include;C:\MinGW;C:\MinGW\lib;C:\GnuWin32\bin;C:\OpenSSL-Win64\bin;C:\Program Files\PostgreSQL\17\bin;C:\Program Files\Eclipse Adoptium\jdk-25.0.1.8-hotspot\bin;C:\Program Files\Heroku\bin;C:\Program Files\Git\cmd;C:\Program Files (x86)\VMware\VMware Workstation\bin\;C:\Program Files\Python312\Scripts\;C:\Program Files\Python312\;C:\WINDOWS\system32;C:\WINDOWS;C:\WINDOWS\System32\Wbem;C:\WINDOWS\System32\WindowsPowerShell\v1.0\;C:\WINDOWS\System32\OpenSSH\;C:\Program Files (x86)\Microsoft SQL Server\160\Tools\Binn\;C:\Program Files\Microsoft SQL Server\160\Tools\Binn\;C:\Program Files\Microsoft SQL Server\Client SDK\ODBC\170\Tools\Binn\;C:\Program Files\Microsoft SQL Server\160\DTS\Binn\;C:\Program Files (x86)\Microsoft SQL Server\160\DTS\Binn\;C:\Windows\system32\python;C:\sqlite3;C:\Program Files\nodejs\;C:\MinGW\bin;C:\curl\bin;C:\curl\include;C:\MinGW;C:\MinGW\lib;C:\GnuWin32\bin;C:\OpenSSL-Win64\bin;C:\Program Files\PostgreSQL\17\bin;C:\Program Files\Eclipse Adoptium\jdk-25.0.1.8-hotspot\bin;C:\Program Files\Git\cmd;C:\Program Files\Docker\Docker\resources\bin;C:\Program Files\Heroku\bin;C:\Users\admin\AppData\Local\Programs\Microsoft VS Code;C:\Program Files\P;C:\flutter\bin\flutter;C:\flutter\bin;C:\Users\admin\AppData\Local\Programs\Microsoft VS Code\bin
USERNAME=admin
OS=Windows_NT
PROCESSOR_IDENTIFIER=Intel64 Family 6 Model 142 Stepping 10, GenuineIntel
TMP=C:\Users\admin\AppData\Local\Temp
TEMP=C:\Users\admin\AppData\Local\Temp



Periodic native trim disabled


---------------  S Y S T E M  ---------------

OS:
 Windows 11 , 64 bit Build 22621 (10.0.22621.5415)
OS uptime: 0 days 1:18 hours
Hyper-V role detected

CPU: total 8 (initial active 8) (4 cores per cpu, 2 threads per core) family 6 model 142 stepping 10 microcode 0xf4, cx8, cmov, fxsr, ht, mmx, 3dnowpref, sse, sse2, sse3, ssse3, sse4.1, sse4.2, popcnt, lzcnt, tsc, tscinvbit, avx, avx2, aes, erms, clmul, bmi1, bmi2, rtm, adx, fma, vzeroupper, clflush, clflushopt, hv
Processor Information for all 8 processors :
  Max Mhz: 1896, Current Mhz: 1696, Mhz Limit: 1687

Memory: 4k page, system-wide physical 8070M (192M free)
TotalPageFile size 16260M (AvailPageFile size 3M)
current process WorkingSet (physical memory assigned to process): 196M, peak: 199M
current process commit charge ("private bytes"): 286M, peak: 289M

vm_info: OpenJDK 64-Bit Server VM (17.0.19+10) for windows-amd64 JRE (17.0.19+10), built on Apr 25 2026 08:04:44 by "admin" with MS VC++ 17.12 (VS2022)

END.
