#
# There is insufficient memory for the Java Runtime Environment to continue.
# Native memory allocation (malloc) failed to allocate 131088 bytes. Error detail: Chunk::new
# Possible reasons:
#   The system is out of physical RAM or swap space
#   This process is running with CompressedOops enabled, and the Java Heap may be blocking the growth of the native heap
# Possible solutions:
#   Reduce memory load on the system
#   Increase physical memory or swap space
#   Check if swap backing store is full
#   Decrease Java heap size (-Xmx/-Xms)
#   Decrease number of Java threads
#   Decrease Java thread stack sizes (-Xss)
#   Set larger code cache with -XX:ReservedCodeCacheSize=
#   JVM is running with Zero Based Compressed Oops mode in which the Java heap is
#     placed in the first 32GB address space. The Java Heap base address is the
#     maximum limit for the native heap growth. Please use -XX:HeapBaseMinAddress
#     to set the Java Heap base and to place the Java Heap above 32GB virtual address.
# This output file may be truncated or incomplete.
#
#  Out of Memory Error (arena.cpp:191), pid=14384, tid=17988
#
# JRE version: OpenJDK Runtime Environment Temurin-17.0.19+10 (17.0.19+10) (build 17.0.19+10)
# Java VM: OpenJDK 64-Bit Server VM Temurin-17.0.19+10 (17.0.19+10, mixed mode, sharing, tiered, compressed oops, compressed class ptrs, g1 gc, windows-amd64)
# No core dump will be written. Minidumps are not enabled by default on client versions of Windows
#

---------------  S U M M A R Y ------------

Command Line: --add-opens=java.base/java.lang=ALL-UNNAMED --add-opens=java.base/java.lang.invoke=ALL-UNNAMED --add-opens=java.base/java.util=ALL-UNNAMED --add-opens=java.prefs/java.util.prefs=ALL-UNNAMED --add-exports=jdk.compiler/com.sun.tools.javac.api=ALL-UNNAMED --add-exports=jdk.compiler/com.sun.tools.javac.util=ALL-UNNAMED --add-opens=java.base/java.util=ALL-UNNAMED --add-opens=java.prefs/java.util.prefs=ALL-UNNAMED --add-opens=java.base/java.nio.charset=ALL-UNNAMED --add-opens=java.base/java.net=ALL-UNNAMED --add-opens=java.base/java.util.concurrent.atomic=ALL-UNNAMED --add-opens=java.xml/javax.xml.namespace=ALL-UNNAMED -XX:MaxMetaspaceSize=4G -XX:ReservedCodeCacheSize=512m -XX:+HeapDumpOnOutOfMemoryError -Xmx8G -Dfile.encoding=UTF-8 -Duser.country=FR -Duser.language=fr -Duser.variant -javaagent:C:\Users\admin\.gradle\wrapper\dists\gradle-8.13-bin\5xuhj0ry160q40clulazy9h7d\gradle-8.13\lib\agents\gradle-instrumentation-agent-8.13.jar org.gradle.launcher.daemon.bootstrap.GradleDaemon 8.13

Host: Intel(R) Core(TM) i5-8350U CPU @ 1.70GHz, 8 cores, 7G,  Windows 11 , 64 bit Build 22621 (10.0.22621.5415)
Time: Sun Sep 20 19:30:22 2026 Paris, Madrid (heure duild 22621 (10.0.22621.5415) elapsed time: 52.647300 seconds (0d 0h 0m 52s)

---------------  T H R E A D  ---------------

Current thread (0x0000022d8f3c6c80):  JavaThread "C2 CompilerThread1" daemon [_thread_in_native, id=17988, stack(0x000000785a600000,0x000000785a700000)]


Current CompileTask:
C2:52647 8613       4       org.gradle.internal.reflect.ClassInspector::inspectClass (179 bytes)

Stack: [0x000000785a600000,0x000000785a700000]
Native frames: (J=compiled Java code, j=interpreted, Vv=VM code, C=native code)
V  [jvm.dll+0x684b29]
V  [jvm.dll+0x83a2d5]
V  [jvm.dll+0x83bd4e]
V  [jvm.dll+0x83c3d3]
V  [jvm.dll+0x24905f]
V  [jvm.dll+0xad536]
V  [jvm.dll+0xadbdc]
V  [jvm.dll+0xad644]
V  [jvm.dll+0x6aa204]
V  [jvm.dll+0x1a8d73]
V  [jvm.dll+0x6aab30]
V  [jvm.dll+0x59835e]
V  [jvm.dll+0x57eed3]
V  [jvm.dll+0x57ed1c]
V  [jvm.dll+0x58b495]
V  [jvm.dll+0x222fe4]
V  [jvm.dll+0x21b67f]
V  [jvm.dll+0x2191a2]
V  [jvm.dll+0x1a49f0]
V  [jvm.dll+0x2299fa]
V  [jvm.dll+0x227bab]
V  [jvm.dll+0x7f0a88]
V  [jvm.dll+0x7eaf1c]
V  [jvm.dll+0x6839f7]
C  [ucrtbase.dll+0x29333]
C  [KERNEL32.DLL+0x1259d]
C  [ntdll.dll+0x5af78]


---------------  P R O C E S S  ---------------

Threads class SMR info:
_java_thread_list=0x0000022d8db386d0, length=67, elements={
0x0000022d08790690, 0x0000022d43a23960, 0x0000022d43a247e0, 0x0000022d43a39fb0,
0x0000022d43a3ab70, 0x0000022d43a3d540, 0x0000022d43a3df00, 0x0000022d43a3eca0,
0x0000022d43a3f750, 0x0000022d43a42160, 0x0000022d464a0480, 0x0000022d465d4410,
0x0000022d465fb940, 0x0000022d8d6d62d0, 0x0000022d8c924440, 0x0000022d8c092bd0,
0x0000022d8cde6af0, 0x0000022d8d5405c0, 0x0000022d8d53fba0, 0x0000022d8d5414f0,
0x0000022d8d540ad0, 0x0000022d8d5400b0, 0x0000022d8d53e250, 0x0000022d8d53e760,
0x0000022d8d53ec70, 0x0000022d8e276f60, 0x0000022d8e272370, 0x0000022d8e277470,
0x0000022d8e2746e0, 0x0000022d8e273cc0, 0x0000022d8e274bf0, 0x0000022d8e276a50,
0x0000022d8e277e90, 0x0000022d8e275b20, 0x0000022d8e270a20, 0x0000022d8e272d90,
0x0000022d8e275100, 0x0000022d8e276030, 0x0000022d8e270f30, 0x0000022d8e271e60,
0x0000022d8f684340, 0x0000022d8f6829f0, 0x0000022d8f683920, 0x0000022d8f686bc0,
0x0000022d8f681fd0, 0x0000022d8f6870d0, 0x0000022d8f682f00, 0x0000022d8f685c90,
0x0000022d8f683410, 0x0000022d8f67fc60, 0x0000022d8f683e30, 0x0000022d8f680b90,
0x0000022d8f684850, 0x0000022d8f684d60, 0x0000022d8f6875e0, 0x0000022d8f685270,
0x0000022d8f6824e0, 0x0000022d8f680170, 0x0000022d8f6810a0, 0x0000022d8f6815b0,
0x0000022d8f681ac0, 0x0000022d8f6861a0, 0x0000022d8ed13df0, 0x0000022d8ed138e0,
0x0000022d8ed129b0, 0x0000022d8ed124a0, 0x0000022d8f3c6c80
}

Java Threads: ( => current thread )
  0x0000022d08790690 JavaThread "main" [_thread_blocked, id=9356, stack(0x0000007855300000,0x0000007855400000)]
  0x0000022d43a23960 JavaThread "Reference Handler" daemon [_thread_blocked, id=7060, stack(0x0000007855a00000,0x0000007855b00000)]
  0x0000022d43a247e0 JavaThread "Finalizer" daemon [_thread_blocked, id=19216, stack(0x0000007855b00000,0x0000007855c00000)]
  0x0000022d43a39fb0 JavaThread "Signal Dispatcher" daemon [_thread_blocked, id=6704, stack(0x0000007855c00000,0x0000007855d00000)]
  0x0000022d43a3ab70 JavaThread "Attach Listener" daemon [_thread_blocked, id=592, stack(0x0000007855d00000,0x0000007855e00000)]
  0x0000022d43a3d540 JavaThread "Service Thread" daemon [_thread_blocked, id=15364, stack(0x0000007855e00000,0x0000007855f00000)]
  0x0000022d43a3df00 JavaThread "Monitor Deflation Thread" daemon [_thread_blocked, id=14412, stack(0x0000007855f00000,0x0000007856000000)]
  0x0000022d43a3eca0 JavaThread "C2 CompilerThread0" daemon [_thread_in_native, id=14568, stack(0x0000007856000000,0x0000007856100000)]
  0x0000022d43a3f750 JavaThread "C1 CompilerThread0" daemon [_thread_blocked, id=18032, stack(0x0000007856100000,0x0000007856200000)]
  0x0000022d43a42160 JavaThread "Sweeper thread" daemon [_thread_blocked, id=18168, stack(0x0000007856200000,0x0000007856300000)]
  0x0000022d464a0480 JavaThread "Common-Cleaner" daemon [_thread_blocked, id=16956, stack(0x0000007856300000,0x0000007856400000)]
  0x0000022d465d4410 JavaThread "Notification Thread" daemon [_thread_blocked, id=15332, stack(0x0000007856400000,0x0000007856500000)]
  0x0000022d465fb940 JavaThread "Daemon health stats" [_thread_blocked, id=7128, stack(0x0000007856b00000,0x0000007856c00000)]
  0x0000022d8d6d62d0 JavaThread "Incoming local TCP Connector on port 62686" [_thread_in_native, id=19184, stack(0x0000007856a00000,0x0000007856b00000)]
  0x0000022d8c924440 JavaThread "Daemon periodic checks" [_thread_blocked, id=7508, stack(0x0000007856c00000,0x0000007856d00000)]
  0x0000022d8c092bd0 JavaThread "Daemon" [_thread_blocked, id=9004, stack(0x0000007856d00000,0x0000007856e00000)]
  0x0000022d8cde6af0 JavaThread "Handler for socket connection from /127.0.0.1:62686 to /127.0.0.1:62687" [_thread_in_native, id=12104, stack(0x0000007856e00000,0x0000007856f00000)]
  0x0000022d8d5405c0 JavaThread "Cancel handler" [_thread_blocked, id=18864, stack(0x0000007856f00000,0x0000007857000000)]
  0x0000022d8d53fba0 JavaThread "Daemon worker" [_thread_in_Java, id=13756, stack(0x0000007857000000,0x0000007857100000)]
  0x0000022d8d5414f0 JavaThread "Asynchronous log dispatcher for DefaultDaemonConnection: socket connection from /127.0.0.1:62686 to /127.0.0.1:62687" [_thread_blocked, id=16508, stack(0x0000007857100000,0x0000007857200000)]
  0x0000022d8d540ad0 JavaThread "Stdin handler" [_thread_blocked, id=15280, stack(0x0000007857200000,0x0000007857300000)]
  0x0000022d8d5400b0 JavaThread "Daemon client event forwarder" [_thread_blocked, id=17204, stack(0x0000007857300000,0x0000007857400000)]
  0x0000022d8d53e250 JavaThread "Cache worker for journal cache (C:\Users\admin\.gradle\caches\journal-1)" [_thread_blocked, id=7908, stack(0x0000007857500000,0x0000007857600000)]
  0x0000022d8d53e760 JavaThread "File lock request listener" [_thread_in_native, id=19124, stack(0x0000007857600000,0x0000007857700000)]
  0x0000022d8d53ec70 JavaThread "Cache worker for file hash cache (C:\Users\admin\.gradle\caches\8.13\fileHashes)" [_thread_blocked, id=2420, stack(0x0000007857700000,0x0000007857800000)]
  0x0000022d8e276f60 JavaThread "Cache worker for file hash cache (C:\Users\admin\Downloads\livreurs-pro\flutter\flutter\dev\tracing_tests\android\.gradle\8.13\fileHashes)" [_thread_blocked, id=5624, stack(0x0000007857b00000,0x0000007857c00000)]
  0x0000022d8e272370 JavaThread "Cache worker for Build Output Cleanup Cache (C:\Users\admin\Downloads\livreurs-pro\flutter\flutter\dev\tracing_tests\android\.gradle\buildOutputCleanup)" [_thread_blocked, id=18564, stack(0x0000007857c00000,0x0000007857d00000)]
  0x0000022d8e277470 JavaThread "File watcher server" daemon [_thread_in_native, id=17148, stack(0x0000007857400000,0x0000007857500000)]
  0x0000022d8e2746e0 JavaThread "File watcher consumer" daemon [_thread_blocked, id=3984, stack(0x0000007857e00000,0x0000007857f00000)]
  0x0000022d8e273cc0 JavaThread "jar transforms" [_thread_blocked, id=10672, stack(0x0000007858000000,0x0000007858100000)]
  0x0000022d8e274bf0 JavaThread "jar transforms Thread 2" [_thread_blocked, id=5920, stack(0x0000007858100000,0x0000007858200000)]
  0x0000022d8e276a50 JavaThread "jar transforms Thread 3" [_thread_blocked, id=10352, stack(0x0000007858200000,0x0000007858300000)]
  0x0000022d8e277e90 JavaThread "jar transforms Thread 4" [_thread_blocked, id=17092, stack(0x0000007858300000,0x0000007858400000)]
  0x0000022d8e275b20 JavaThread "jar transforms Thread 5" [_thread_blocked, id=18720, stack(0x0000007858400000,0x0000007858500000)]
  0x0000022d8e270a20 JavaThread "Cache worker for checksums cache (C:\Users\admin\Downloads\livreurs-pro\flutter\flutter\dev\tracing_tests\android\.gradle\8.13\checksums)" [_thread_blocked, id=15752, stack(0x0000007858600000,0x0000007858700000)]
  0x0000022d8e272d90 JavaThread "Cache worker for file content cache (C:\Users\admin\.gradle\caches\8.13\fileContent)" [_thread_blocked, id=19192, stack(0x0000007858700000,0x0000007858800000)]
  0x0000022d8e275100 JavaThread "jar transforms Thread 6" [_thread_blocked, id=2372, stack(0x0000007858800000,0x0000007858900000)]
  0x0000022d8e276030 JavaThread "jar transforms Thread 7" [_thread_blocked, id=10284, stack(0x0000007858900000,0x0000007858a00000)]
  0x0000022d8e270f30 JavaThread "jar transforms Thread 8" [_thread_blocked, id=5544, stack(0x0000007858a00000,0x0000007858b00000)]
  0x0000022d8e271e60 JavaThread "Cache worker for cache directory md-supplier (C:\Users\admin\.gradle\caches\8.13\md-supplier)" [_thread_blocked, id=18960, stack(0x0000007858b00000,0x0000007858c00000)]
  0x0000022d8f684340 JavaThread "Cache worker for cache directory md-rule (C:\Users\admin\.gradle\caches\8.13\md-rule)" [_thread_blocked, id=13544, stack(0x0000007858c00000,0x0000007858d00000)]
  0x0000022d8f6829f0 JavaThread "Cache worker for Build Output Cleanup Cache (C:\flutter\packages\flutter_tools\gradle\.gradle\buildOutputCleanup)" [_thread_blocked, id=8948, stack(0x0000007858d00000,0x0000007858e00000)]
  0x0000022d8f683920 JavaThread "File lock release action executor" [_thread_blocked, id=6212, stack(0x0000007857f00000,0x0000007858000000)]
  0x0000022d8f686bc0 JavaThread "Unconstrained build operations" [_thread_blocked, id=18196, stack(0x0000007855000000,0x0000007855100000)]
  0x0000022d8f681fd0 JavaThread "Unconstrained build operations Thread 2" [_thread_blocked, id=14880, stack(0x0000007858e00000,0x0000007858f00000)]
  0x0000022d8f6870d0 JavaThread "Unconstrained build operations Thread 3" [_thread_blocked, id=19364, stack(0x0000007858f00000,0x0000007859000000)]
  0x0000022d8f682f00 JavaThread "Unconstrained build operations Thread 4" [_thread_blocked, id=316, stack(0x0000007859000000,0x0000007859100000)]
  0x0000022d8f685c90 JavaThread "Unconstrained build operations Thread 5" [_thread_blocked, id=9448, stack(0x0000007859100000,0x0000007859200000)]
  0x0000022d8f683410 JavaThread "Unconstrained build operations Thread 6" [_thread_blocked, id=2652, stack(0x0000007859200000,0x0000007859300000)]
  0x0000022d8f67fc60 JavaThread "Unconstrained build operations Thread 7" [_thread_blocked, id=11812, stack(0x0000007859300000,0x0000007859400000)]
  0x0000022d8f683e30 JavaThread "Unconstrained build operations Thread 8" [_thread_blocked, id=4868, stack(0x0000007859500000,0x0000007859600000)]
  0x0000022d8f680b90 JavaThread "Unconstrained build operations Thread 9" [_thread_blocked, id=5340, stack(0x0000007859600000,0x0000007859700000)]
  0x0000022d8f684850 JavaThread "Unconstrained build operations Thread 10" [_thread_blocked, id=15388, stack(0x0000007859700000,0x0000007859800000)]
  0x0000022d8f684d60 JavaThread "Unconstrained build operations Thread 11" [_thread_blocked, id=10664, stack(0x0000007859800000,0x0000007859900000)]
  0x0000022d8f6875e0 JavaThread "Unconstrained build operations Thread 12" [_thread_blocked, id=6200, stack(0x0000007859900000,0x0000007859a00000)]
  0x0000022d8f685270 JavaThread "Unconstrained build operations Thread 13" [_thread_blocked, id=284, stack(0x0000007859a00000,0x0000007859b00000)]
  0x0000022d8f6824e0 JavaThread "Unconstrained build operations Thread 14" [_thread_blocked, id=6708, stack(0x0000007859b00000,0x0000007859c00000)]
  0x0000022d8f680170 JavaThread "Unconstrained build operations Thread 15" [_thread_blocked, id=13360, stack(0x0000007859400000,0x0000007859500000)]
  0x0000022d8f6810a0 JavaThread "Unconstrained build operations Thread 16" [_thread_blocked, id=1340, stack(0x0000007859e00000,0x0000007859f00000)]
  0x0000022d8f6815b0 JavaThread "Unconstrained build operations Thread 17" [_thread_blocked, id=11080, stack(0x0000007859f00000,0x000000785a000000)]
  0x0000022d8f681ac0 JavaThread "Unconstrained build operations Thread 18" [_thread_blocked, id=1448, stack(0x000000785a000000,0x000000785a100000)]
  0x0000022d8f6861a0 JavaThread "Unconstrained build operations Thread 19" [_thread_blocked, id=2904, stack(0x000000785a100000,0x000000785a200000)]
  0x0000022d8ed13df0 JavaThread "Unconstrained build operations Thread 20" [_thread_blocked, id=13684, stack(0x000000785a200000,0x000000785a300000)]
  0x0000022d8ed138e0 JavaThread "Unconstrained build operations Thread 21" [_thread_blocked, id=19224, stack(0x000000785a300000,0x000000785a400000)]
  0x0000022d8ed129b0 JavaThread "Memory manager" [_thread_blocked, id=18972, stack(0x000000785a500000,0x000000785a600000)]
  0x0000022d8ed124a0 JavaThread "build event listener" [_thread_blocked, id=8640, stack(0x000000785a400000,0x000000785a500000)]
=>0x0000022d8f3c6c80 JavaThread "C2 CompilerThread1" daemon [_thread_in_native, id=17988, stack(0x000000785a600000,0x000000785a700000)]

Other Threads:
  0x0000022d43a1ff80 VMThread "VM Thread" [stack: 0x0000007855900000,0x0000007855a00000] [id=15384]
  0x0000022d4668db80 WatcherThread [stack: 0x0000007856500000,0x0000007856600000] [id=16792]
  0x0000022d0883d010 GCTaskThread "GC Thread#0" [stack: 0x0000007855400000,0x0000007855500000] [id=19056]
  0x0000022d466b48c0 GCTaskThread "GC Thread#1" [stack: 0x0000007856800000,0x0000007856900000] [id=15976]
  0x0000022d8c047ae0 GCTaskThread "GC Thread#2" [stack: 0x0000007856900000,0x0000007856a00000] [id=12784]
  0x0000022d8ce85560 GCTaskThread "GC Thread#3" [stack: 0x0000007856600000,0x0000007856700000] [id=7800]
  0x0000022d8d0cc280 GCTaskThread "GC Thread#4" [stack: 0x0000007856700000,0x0000007856800000] [id=11188]
  0x0000022d8db83b70 GCTaskThread "GC Thread#5" [stack: 0x0000007857800000,0x0000007857900000] [id=1856]
  0x0000022d8cee4d90 GCTaskThread "GC Thread#6" [stack: 0x0000007857900000,0x0000007857a00000] [id=7404]
  0x0000022d8e6fd190 GCTaskThread "GC Thread#7" [stack: 0x0000007857a00000,0x0000007857b00000] [id=18096]
  0x0000022d0883df30 ConcurrentGCThread "G1 Main Marker" [stack: 0x0000007855500000,0x0000007855600000] [id=15160]
  0x0000022d0883e950 ConcurrentGCThread "G1 Conc#0" [stack: 0x0000007855600000,0x0000007855700000] [id=19356]
  0x0000022d8e654920 ConcurrentGCThread "G1 Conc#1" [stack: 0x0000007857d00000,0x0000007857e00000] [id=7248]
  0x0000022d438d70f0 ConcurrentGCThread "G1 Refine#0" [stack: 0x0000007855700000,0x0000007855800000] [id=13708]
  0x0000022d903180c0 ConcurrentGCThread "G1 Refine#1" [stack: 0x0000007858500000,0x0000007858600000] [id=17972]
  0x0000022d438d7b20 ConcurrentGCThread "G1 Service" [stack: 0x0000007855800000,0x0000007855900000] [id=3668]

Threads with active compile tasks:
C2 CompilerThread0  52721 8601   !   4       java.net.URLClassLoader::findClass (47 bytes)
C2 CompilerThread1  52721 8613       4       org.gradle.internal.reflect.ClassInspector::inspectClass (179 bytes)

VM state: not at safepoint (normal execution)

VM Mutex/Monitor currently owned by a thread: None

Heap address: 0x0000000600000000, size: 8192 MB, Compressed Oops mode: Zero based, Oop shift amount: 3

CDS archive(s) mapped at: [0x0000022d47000000-0x0000022d47bb0000-0x0000022d47bb0000), size 12255232, SharedBaseAddress: 0x0000022d47000000, ArchiveRelocationMode: 1.
Compressed class space mapped at: 0x0000022d48000000-0x0000022d88000000, reserved size: 1073741824
Narrow klass base: 0x0000022d47000000, Narrow klass shift: 0, Narrow klass range: 0x100000000

GC Precious Log:
 CPUs: 8 total, 8 available
 Memory: 8070M
 Large Page Support: Disabled
 NUMA Support: Disabled
 Compressed Oops: Enabled (Zero based)
 Heap Region Size: 4M
 Heap Min Capacity: 8M
 Heap Initial Capacity: 128M
 Heap Max Capacity: 8G
 Pre-touch: Disabled
 Parallel Workers: 8
 Concurrent Workers: 2
 Concurrent Refinement Workers: 8
 Periodic GC: Disabled

Heap:
 garbage-first heap   total 122880K, used 75601K [0x0000000600000000, 0x0000000800000000)
  region size 4096K, 5 young (20480K), 2 survivors (8192K)
 Metaspace       used 68729K, committed 69504K, reserved 1114112K
  class space    used 9673K, committed 10048K, reserved 1048576K

Heap Regions: E=young(eden), S=young(survivor), O=old, HS=humongous(starts), HC=humongous(continues), CS=collection set, F=free, OA=open archive, CA=closed archive, TAMS=top-at-mark-start (previous, next)
|   0|0x0000000600000000, 0x0000000600400000, 0x0000000600400000|100%|HS|  |TAMS 0x0000000600400000, 0x0000000600000000| Complete 
|   1|0x0000000600400000, 0x0000000600800000, 0x0000000600800000|100%| O|  |TAMS 0x0000000600800000, 0x0000000600400000| Untracked 
|   2|0x0000000600800000, 0x0000000600c00000, 0x0000000600c00000|100%| O|  |TAMS 0x0000000600c00000, 0x0000000600800000| Untracked 
|   3|0x0000000600c00000, 0x0000000600ffde00, 0x0000000601000000| 99%| O|  |TAMS 0x0000000600ffde00, 0x0000000600c00000| Untracked 
|   4|0x0000000601000000, 0x0000000601400000, 0x0000000601400000|100%| O|  |TAMS 0x0000000601400000, 0x0000000601000000| Untracked 
|   5|0x0000000601400000, 0x0000000601800000, 0x0000000601800000|100%| O|  |TAMS 0x0000000601800000, 0x0000000601400000| Untracked 
|   6|0x0000000601800000, 0x0000000601c00000, 0x0000000601c00000|100%| O|  |TAMS 0x0000000601c00000, 0x0000000601800000| Untracked 
|   7|0x0000000601c00000, 0x0000000602000000, 0x0000000602000000|100%| O|  |TAMS 0x0000000602000000, 0x0000000601c00000| Untracked 
|   8|0x0000000602000000, 0x0000000602400000, 0x0000000602400000|100%| O|  |TAMS 0x0000000602400000, 0x0000000602000000| Untracked 
|   9|0x0000000602400000, 0x0000000602800000, 0x0000000602800000|100%| O|  |TAMS 0x0000000602800000, 0x0000000602400000| Untracked 
|  10|0x0000000602800000, 0x0000000602c00000, 0x0000000602c00000|100%| O|  |TAMS 0x0000000602c00000, 0x0000000602800000| Untracked 
|  11|0x0000000602c00000, 0x0000000603000000, 0x0000000603000000|100%|HS|  |TAMS 0x0000000603000000, 0x0000000602c00000| Complete 
|  12|0x0000000603000000, 0x0000000603400000, 0x0000000603400000|100%|HS|  |TAMS 0x0000000603400000, 0x0000000603000000| Complete 
|  13|0x0000000603400000, 0x0000000603800000, 0x0000000603800000|100%| O|  |TAMS 0x0000000603800000, 0x0000000603400000| Untracked 
|  14|0x0000000603800000, 0x0000000603bdf200, 0x0000000603c00000| 96%| O|  |TAMS 0x0000000603bb8e00, 0x0000000603800000| Untracked 
|  15|0x0000000603c00000, 0x0000000603c00000, 0x0000000604000000|  0%| F|  |TAMS 0x0000000603c00000, 0x0000000603c00000| Untracked 
|  16|0x0000000604000000, 0x0000000604000000, 0x0000000604400000|  0%| F|  |TAMS 0x0000000604000000, 0x0000000604000000| Untracked 
|  17|0x0000000604400000, 0x0000000604400000, 0x0000000604800000|  0%| F|  |TAMS 0x0000000604400000, 0x0000000604400000| Untracked 
|  18|0x0000000604800000, 0x0000000604800000, 0x0000000604c00000|  0%| F|  |TAMS 0x0000000604800000, 0x0000000604800000| Untracked 
|  19|0x0000000604c00000, 0x0000000604c00000, 0x0000000605000000|  0%| F|  |TAMS 0x0000000604c00000, 0x0000000604c00000| Untracked 
|  20|0x0000000605000000, 0x0000000605000000, 0x0000000605400000|  0%| F|  |TAMS 0x0000000605000000, 0x0000000605000000| Untracked 
|  21|0x0000000605400000, 0x00000006055f7580, 0x0000000605800000| 49%| S|CS|TAMS 0x0000000605400000, 0x0000000605400000| Complete 
|  22|0x0000000605800000, 0x0000000605c00000, 0x0000000605c00000|100%| S|CS|TAMS 0x0000000605800000, 0x0000000605800000| Complete 
|  23|0x0000000605c00000, 0x0000000605c00000, 0x0000000606000000|  0%| F|  |TAMS 0x0000000605c00000, 0x0000000605c00000| Untracked 
|  24|0x0000000606000000, 0x0000000606000000, 0x0000000606400000|  0%| F|  |TAMS 0x0000000606000000, 0x0000000606000000| Untracked 
|  25|0x0000000606400000, 0x0000000606400000, 0x0000000606800000|  0%| F|  |TAMS 0x0000000606400000, 0x0000000606400000| Untracked 
|  26|0x0000000606800000, 0x0000000606800000, 0x0000000606c00000|  0%| F|  |TAMS 0x0000000606800000, 0x0000000606800000| Untracked 
|  27|0x0000000606c00000, 0x0000000606ef0928, 0x0000000607000000| 73%| E|  |TAMS 0x0000000606c00000, 0x0000000606c00000| Complete 
|  28|0x0000000607000000, 0x0000000607400000, 0x0000000607400000|100%| E|CS|TAMS 0x0000000607000000, 0x0000000607000000| Complete 
|  31|0x0000000607c00000, 0x0000000608000000, 0x0000000608000000|100%| E|CS|TAMS 0x0000000607c00000, 0x0000000607c00000| Complete 

Card table byte_map: [0x0000022d31860000,0x0000022d32860000] _byte_map_base: 0x0000022d2e860000

Marking Bits (Prev, Next): (CMBitMap*) 0x0000022d0883d630, (CMBitMap*) 0x0000022d0883d670
 Prev Bits: [0x0000022d33860000, 0x0000022d3b860000)
 Next Bits: [0x0000022d3b860000, 0x0000022d43860000)

Polling page: 0x0000022d07f40000

Metaspace:

Usage:
  Non-class:     57.67 MB used.
      Class:      9.45 MB used.
       Both:     67.12 MB used.

Virtual space:
  Non-class space:       64.00 MB reserved,      58.06 MB ( 91%) committed,  1 nodes.
      Class space:        1.00 GB reserved,       9.81 MB ( <1%) committed,  1 nodes.
             Both:        1.06 GB reserved,      67.88 MB (  6%) committed. 

Chunk freelists:
   Non-Class:  5.17 MB
       Class:  6.04 MB
        Both:  11.21 MB

MaxMetaspaceSize: 4.00 GB
CompressedClassSpaceSize: 1.00 GB
Initial GC threshold: 21.00 MB
Current GC threshold: 110.12 MB
CDS: on
MetaspaceReclaimPolicy: balanced
 - commit_granule_bytes: 65536.
 - commit_granule_words: 8192.
 - virtual_space_node_default_size: 8388608.
 - enlarge_chunks_in_place: 1.
 - new_chunks_are_fully_committed: 0.
 - uncommit_free_chunks: 1.
 - use_allocation_guard: 0.
 - handle_deallocations: 1.


Internal statistics:

num_allocs_failed_limit: 6.
num_arena_births: 986.
num_arena_deaths: 0.
num_vsnodes_births: 2.
num_vsnodes_deaths: 0.
num_space_committed: 1086.
num_space_uncommitted: 0.
num_chunks_returned_to_freelist: 6.
num_chunks_taken_from_freelist: 3926.
num_chunk_merges: 3.
num_chunk_splits: 2499.
num_chunks_enlarged: 1583.
num_inconsistent_stats: 0.

CodeHeap 'non-profiled nmethods': size=259264Kb used=5273Kb max_used=5273Kb free=253990Kb
 bounds [0x0000022d205e0000, 0x0000022d20b10000, 0x0000022d30310000]
CodeHeap 'profiled nmethods': size=259264Kb used=15786Kb max_used=15786Kb free=243477Kb
 bounds [0x0000022d10310000, 0x0000022d11280000, 0x0000022d20040000]
CodeHeap 'non-nmethods': size=5760Kb used=2376Kb max_used=2467Kb free=3383Kb
 bounds [0x0000022d20040000, 0x0000022d202d0000, 0x0000022d205e0000]
 total_blobs=8820 nmethods=7915 adapters=817
 compilation: enabled
              stopped_count=0, restarted_count=0
 full_count=0

Compilation events (20 events):
Event: 52.602 Thread 0x0000022d43a3f750 nmethod 8688 0x0000022d1126b710 code [0x0000022d1126b8c0, 0x0000022d1126bb18]
Event: 52.602 Thread 0x0000022d43a3f750 8690       3       java.util.Hashtable::entrySet (28 bytes)
Event: 52.603 Thread 0x0000022d43a3f750 nmethod 8690 0x0000022d1126bc10 code [0x0000022d1126be20, 0x0000022d1126c598]
Event: 52.603 Thread 0x0000022d43a3f750 8691       3       java.util.Hashtable$EntrySet::iterator (9 bytes)
Event: 52.603 Thread 0x0000022d43a3f750 nmethod 8691 0x0000022d1126c810 code [0x0000022d1126c9c0, 0x0000022d1126cb08]
Event: 52.603 Thread 0x0000022d43a3f750 8692       3       java.util.Hashtable::getIterator (22 bytes)
Event: 52.604 Thread 0x0000022d43a3f750 nmethod 8692 0x0000022d1126cc10 code [0x0000022d1126cdc0, 0x0000022d1126d048]
Event: 52.618 Thread 0x0000022d43a3f750 8694       3       java.util.LinkedList$ListItr::set (28 bytes)
Event: 52.618 Thread 0x0000022d43a3f750 nmethod 8694 0x0000022d1126d110 code [0x0000022d1126d2e0, 0x0000022d1126d6f8]
Event: 52.624 Thread 0x0000022d43a3f750 8695       3       org.gradle.internal.classpath.intercept.CallInterceptorRegistry::getGroovyCallDecorator (19 bytes)
Event: 52.624 Thread 0x0000022d43a3f750 nmethod 8695 0x0000022d1126d910 code [0x0000022d1126db20, 0x0000022d1126e338]
Event: 52.624 Thread 0x0000022d43a3f750 8696       3       org.gradle.internal.classpath.intercept.CallInterceptorRegistry$$Lambda$494/0x0000022d4845b6a8::<init> (10 bytes)
Event: 52.625 Thread 0x0000022d43a3f750 nmethod 8696 0x0000022d1126e590 code [0x0000022d1126e740, 0x0000022d1126e8f8]
Event: 52.637 Thread 0x0000022d43a3f750 8697       3       groovyjarjarasm.asm.MethodWriter::visitVarInsn (302 bytes)
Event: 52.638 Thread 0x0000022d43a3f750 nmethod 8697 0x0000022d1126e990 code [0x0000022d1126ebe0, 0x0000022d1126f5a8]
Event: 52.638 Thread 0x0000022d43a3f750 8698       3       groovyjarjarasm.asm.Type::getArgumentsAndReturnSizes (140 bytes)
Event: 52.642 Thread 0x0000022d43a3f750 nmethod 8698 0x0000022d1126f890 code [0x0000022d1126fca0, 0x0000022d11271bf8]
Event: 52.642 Thread 0x0000022d43a3f750 8699       3       groovyjarjarasm.asm.MethodWriter::visitLabel (332 bytes)
Event: 52.643 Thread 0x0000022d43a3f750 nmethod 8699 0x0000022d11272810 code [0x0000022d11272a80, 0x0000022d11273888]
Event: 52.644 Thread 0x0000022d43a3f750 8700       3       org.gradle.internal.execution.DefaultWorkExecutionTracker$OperationListener::isTransformAction (11 bytes)

GC Heap History (20 events):
Event: 41.810 GC heap before
{Heap before GC invocations=17 (full 0):
 garbage-first heap   total 98304K, used 70777K [0x0000000600000000, 0x0000000800000000)
  region size 4096K, 9 young (36864K), 2 survivors (8192K)
 Metaspace       used 53845K, committed 54464K, reserved 1114112K
  class space    used 7587K, committed 7872K, reserved 1048576K
}
Event: 41.816 GC heap after
{Heap after GC invocations=18 (full 0):
 garbage-first heap   total 98304K, used 47395K [0x0000000600000000, 0x0000000800000000)
  region size 4096K, 2 young (8192K), 2 survivors (8192K)
 Metaspace       used 53845K, committed 54464K, reserved 1114112K
  class space    used 7587K, committed 7872K, reserved 1048576K
}
Event: 42.540 GC heap before
{Heap before GC invocations=18 (full 0):
 garbage-first heap   total 98304K, used 55587K [0x0000000600000000, 0x0000000800000000)
  region size 4096K, 6 young (24576K), 2 survivors (8192K)
 Metaspace       used 54881K, committed 55552K, reserved 1114112K
  class space    used 7747K, committed 8064K, reserved 1048576K
}
Event: 42.546 GC heap after
{Heap after GC invocations=19 (full 0):
 garbage-first heap   total 98304K, used 50581K [0x0000000600000000, 0x0000000800000000)
  region size 4096K, 1 young (4096K), 1 survivors (4096K)
 Metaspace       used 54881K, committed 55552K, reserved 1114112K
  class space    used 7747K, committed 8064K, reserved 1048576K
}
Event: 43.727 GC heap before
{Heap before GC invocations=20 (full 0):
 garbage-first heap   total 102400K, used 79253K [0x0000000600000000, 0x0000000800000000)
  region size 4096K, 7 young (28672K), 1 survivors (4096K)
 Metaspace       used 57230K, committed 57920K, reserved 1114112K
  class space    used 8073K, committed 8384K, reserved 1048576K
}
Event: 43.731 GC heap after
{Heap after GC invocations=21 (full 0):
 garbage-first heap   total 102400K, used 56447K [0x0000000600000000, 0x0000000800000000)
  region size 4096K, 1 young (4096K), 1 survivors (4096K)
 Metaspace       used 57230K, committed 57920K, reserved 1114112K
  class space    used 8073K, committed 8384K, reserved 1048576K
}
Event: 44.705 GC heap before
{Heap before GC invocations=21 (full 0):
 garbage-first heap   total 102400K, used 76927K [0x0000000600000000, 0x0000000800000000)
  region size 4096K, 6 young (24576K), 1 survivors (4096K)
 Metaspace       used 58993K, committed 59712K, reserved 1114112K
  class space    used 8316K, committed 8640K, reserved 1048576K
}
Event: 44.708 GC heap after
{Heap after GC invocations=22 (full 0):
 garbage-first heap   total 102400K, used 56782K [0x0000000600000000, 0x0000000800000000)
  region size 4096K, 1 young (4096K), 1 survivors (4096K)
 Metaspace       used 58993K, committed 59712K, reserved 1114112K
  class space    used 8316K, committed 8640K, reserved 1048576K
}
Event: 45.901 GC heap before
{Heap before GC invocations=23 (full 0):
 garbage-first heap   total 110592K, used 77262K [0x0000000600000000, 0x0000000800000000)
  region size 4096K, 6 young (24576K), 1 survivors (4096K)
 Metaspace       used 61264K, committed 61952K, reserved 1114112K
  class space    used 8621K, committed 8960K, reserved 1048576K
}
Event: 45.904 GC heap after
{Heap after GC invocations=24 (full 0):
 garbage-first heap   total 110592K, used 57648K [0x0000000600000000, 0x0000000800000000)
  region size 4096K, 1 young (4096K), 1 survivors (4096K)
 Metaspace       used 61264K, committed 61952K, reserved 1114112K
  class space    used 8621K, committed 8960K, reserved 1048576K
}
Event: 46.017 GC heap before
{Heap before GC invocations=24 (full 0):
 garbage-first heap   total 110592K, used 57648K [0x0000000600000000, 0x0000000800000000)
  region size 4096K, 2 young (8192K), 1 survivors (4096K)
 Metaspace       used 61610K, committed 62336K, reserved 1114112K
  class space    used 8666K, committed 9024K, reserved 1048576K
}
Event: 46.023 GC heap after
{Heap after GC invocations=25 (full 0):
 garbage-first heap   total 110592K, used 57284K [0x0000000600000000, 0x0000000800000000)
  region size 4096K, 1 young (4096K), 1 survivors (4096K)
 Metaspace       used 61610K, committed 62336K, reserved 1114112K
  class space    used 8666K, committed 9024K, reserved 1048576K
}
Event: 47.094 GC heap before
{Heap before GC invocations=25 (full 0):
 garbage-first heap   total 110592K, used 81860K [0x0000000600000000, 0x0000000800000000)
  region size 4096K, 8 young (32768K), 1 survivors (4096K)
 Metaspace       used 63342K, committed 64064K, reserved 1114112K
  class space    used 8892K, committed 9280K, reserved 1048576K
}
Event: 47.100 GC heap after
{Heap after GC invocations=26 (full 0):
 garbage-first heap   total 110592K, used 58414K [0x0000000600000000, 0x0000000800000000)
  region size 4096K, 1 young (4096K), 1 survivors (4096K)
 Metaspace       used 63342K, committed 64064K, reserved 1114112K
  class space    used 8892K, committed 9280K, reserved 1048576K
}
Event: 48.655 GC heap before
{Heap before GC invocations=27 (full 0):
 garbage-first heap   total 118784K, used 91182K [0x0000000600000000, 0x0000000800000000)
  region size 4096K, 8 young (32768K), 1 survivors (4096K)
 Metaspace       used 64973K, committed 65664K, reserved 1114112K
  class space    used 9142K, committed 9472K, reserved 1048576K
}
Event: 48.660 GC heap after
{Heap after GC invocations=28 (full 0):
 garbage-first heap   total 118784K, used 64001K [0x0000000600000000, 0x0000000800000000)
  region size 4096K, 1 young (4096K), 1 survivors (4096K)
 Metaspace       used 64973K, committed 65664K, reserved 1114112K
  class space    used 9142K, committed 9472K, reserved 1048576K
}
Event: 51.318 GC heap before
{Heap before GC invocations=28 (full 0):
 garbage-first heap   total 118784K, used 96769K [0x0000000600000000, 0x0000000800000000)
  region size 4096K, 9 young (36864K), 1 survivors (4096K)
 Metaspace       used 66755K, committed 67520K, reserved 1114112K
  class space    used 9403K, committed 9792K, reserved 1048576K
}
Event: 51.323 GC heap after
{Heap after GC invocations=29 (full 0):
 garbage-first heap   total 118784K, used 65599K [0x0000000600000000, 0x0000000800000000)
  region size 4096K, 2 young (8192K), 2 survivors (8192K)
 Metaspace       used 66755K, committed 67520K, reserved 1114112K
  class space    used 9403K, committed 9792K, reserved 1048576K
}
Event: 52.537 GC heap before
{Heap before GC invocations=30 (full 0):
 garbage-first heap   total 122880K, used 90175K [0x0000000600000000, 0x0000000800000000)
  region size 4096K, 9 young (36864K), 2 survivors (8192K)
 Metaspace       used 68640K, committed 69376K, reserved 1114112K
  class space    used 9659K, committed 9984K, reserved 1048576K
}
Event: 52.543 GC heap after
{Heap after GC invocations=31 (full 0):
 garbage-first heap   total 122880K, used 67409K [0x0000000600000000, 0x0000000800000000)
  region size 4096K, 2 young (8192K), 2 survivors (8192K)
 Metaspace       used 68640K, committed 69376K, reserved 1114112K
  class space    used 9659K, committed 9984K, reserved 1048576K
}

Dll operation events (15 events):
Event: 0.050 Loaded shared library C:\Program Files\Eclipse Adoptium\jdk-17.0.19.10-hotspot\bin\java.dll
Event: 0.297 Loaded shared library C:\Program Files\Eclipse Adoptium\jdk-17.0.19.10-hotspot\bin\jsvml.dll
Event: 0.596 Loaded shared library C:\Program Files\Eclipse Adoptium\jdk-17.0.19.10-hotspot\bin\zip.dll
Event: 0.601 Loaded shared library C:\Program Files\Eclipse Adoptium\jdk-17.0.19.10-hotspot\bin\instrument.dll
Event: 0.610 Loaded shared library C:\Program Files\Eclipse Adoptium\jdk-17.0.19.10-hotspot\bin\net.dll
Event: 0.614 Loaded shared library C:\Program Files\Eclipse Adoptium\jdk-17.0.19.10-hotspot\bin\nio.dll
Event: 0.618 Loaded shared library C:\Program Files\Eclipse Adoptium\jdk-17.0.19.10-hotspot\bin\zip.dll
Event: 1.775 Loaded shared library C:\Program Files\Eclipse Adoptium\jdk-17.0.19.10-hotspot\bin\jimage.dll
Event: 2.184 Loaded shared library C:\Program Files\Eclipse Adoptium\jdk-17.0.19.10-hotspot\bin\verify.dll
Event: 2.479 Loaded shared library C:\Users\admin\.gradle\native\1def1411415f61bf3af743bc5b6707747c0891f09f0c88961ee8f79bc544acac\windows-amd64\native-platform.dll
Event: 2.500 Loaded shared library C:\Users\admin\.gradle\native\0.2.7\x86_64-windows-gnu\gradle-fileevents.dll
Event: 6.723 Loaded shared library C:\Program Files\Eclipse Adoptium\jdk-17.0.19.10-hotspot\bin\management.dll
Event: 6.736 Loaded shared library C:\Program Files\Eclipse Adoptium\jdk-17.0.19.10-hotspot\bin\management_ext.dll
Event: 8.001 Loaded shared library C:\Program Files\Eclipse Adoptium\jdk-17.0.19.10-hotspot\bin\extnet.dll
Event: 8.804 Loaded shared library C:\Program Files\Eclipse Adoptium\jdk-17.0.19.10-hotspot\bin\sunmscapi.dll

Deoptimization events (20 events):
Event: 52.490 Thread 0x0000022d8d53fba0 DEOPT PACKING pc=0x0000022d20ab5cd0 sp=0x00000078570f7f60
Event: 52.490 Thread 0x0000022d8d53fba0 DEOPT UNPACKING pc=0x0000022d200969a3 sp=0x00000078570f7ef0 mode 2
Event: 52.492 Thread 0x0000022d8d5400b0 Uncommon trap: trap_request=0xffffffc6 fr.pc=0x0000022d20684c48 relative=0x0000000000000868
Event: 52.492 Thread 0x0000022d8d5400b0 Uncommon trap: reason=bimorphic_or_optimized_type_check action=maybe_recompile pc=0x0000022d20684c48 method=sun.security.provider.DigestBase.engineUpdate([BII)V @ 128 c2
Event: 52.492 Thread 0x0000022d8d5400b0 DEOPT PACKING pc=0x0000022d20684c48 sp=0x00000078573fea00
Event: 52.492 Thread 0x0000022d8d5400b0 DEOPT UNPACKING pc=0x0000022d200969a3 sp=0x00000078573fe9e8 mode 2
Event: 52.493 Thread 0x0000022d8d5400b0 Uncommon trap: trap_request=0xffffffc6 fr.pc=0x0000022d20684c48 relative=0x0000000000000868
Event: 52.493 Thread 0x0000022d8d5400b0 Uncommon trap: reason=bimorphic_or_optimized_type_check action=maybe_recompile pc=0x0000022d20684c48 method=sun.security.provider.DigestBase.engineUpdate([BII)V @ 128 c2
Event: 52.493 Thread 0x0000022d8d5400b0 DEOPT PACKING pc=0x0000022d20684c48 sp=0x00000078573fe950
Event: 52.493 Thread 0x0000022d8d5400b0 DEOPT UNPACKING pc=0x0000022d200969a3 sp=0x00000078573fe938 mode 2
Event: 52.496 Thread 0x0000022d8d5400b0 Uncommon trap: trap_request=0xffffff45 fr.pc=0x0000022d209dd79c relative=0x0000000000004f3c
Event: 52.496 Thread 0x0000022d8d5400b0 Uncommon trap: reason=unstable_if action=reinterpret pc=0x0000022d209dd79c method=java.io.ObjectStreamClass.hasWriteReplaceMethod()Z @ 8 c2
Event: 52.496 Thread 0x0000022d8d5400b0 DEOPT PACKING pc=0x0000022d209dd79c sp=0x00000078573fddc0
Event: 52.496 Thread 0x0000022d8d5400b0 DEOPT UNPACKING pc=0x0000022d200969a3 sp=0x00000078573fdd60 mode 2
Event: 52.498 Thread 0x0000022d8d5400b0 Uncommon trap: trap_request=0xffffff45 fr.pc=0x0000022d209d0224 relative=0x0000000000006f24
Event: 52.498 Thread 0x0000022d8d5400b0 Uncommon trap: reason=unstable_if action=reinterpret pc=0x0000022d209d0224 method=java.io.ObjectStreamClass.writeNonProxy(Ljava/io/ObjectOutputStream;)V @ 22 c2
Event: 52.498 Thread 0x0000022d8d5400b0 DEOPT PACKING pc=0x0000022d209d0224 sp=0x00000078573fdc60
Event: 52.498 Thread 0x0000022d8d5400b0 DEOPT UNPACKING pc=0x0000022d200969a3 sp=0x00000078573fdb00 mode 2
Event: 52.587 Thread 0x0000022d8d53fba0 DEOPT PACKING pc=0x0000022d103d4f5b sp=0x00000078570f2690
Event: 52.587 Thread 0x0000022d8d53fba0 DEOPT UNPACKING pc=0x0000022d20097143 sp=0x00000078570f1bc8 mode 0

Classes loaded (20 events):
Event: 52.496 Loading class java/time/Ser
Event: 52.497 Loading class java/time/Ser done
Event: 52.518 Loading class java/lang/AbstractMethodError
Event: 52.518 Loading class java/lang/AbstractMethodError done
Event: 52.544 Loading class java/util/TreeSetBeanInfo
Event: 52.544 Loading class java/util/TreeSetBeanInfo done
Event: 52.544 Loading class java/util/TreeSetBeanInfo
Event: 52.544 Loading class java/util/TreeSetBeanInfo done
Event: 52.545 Loading class java/util/AbstractSetBeanInfo
Event: 52.545 Loading class java/util/AbstractSetBeanInfo done
Event: 52.545 Loading class java/util/AbstractSetBeanInfo
Event: 52.545 Loading class java/util/AbstractSetBeanInfo done
Event: 52.545 Loading class java/util/AbstractSetCustomizer
Event: 52.545 Loading class java/util/AbstractSetCustomizer done
Event: 52.546 Loading class java/util/AbstractSetCustomizer
Event: 52.546 Loading class java/util/AbstractSetCustomizer done
Event: 52.548 Loading class java/util/TreeSetCustomizer
Event: 52.548 Loading class java/util/TreeSetCustomizer done
Event: 52.549 Loading class java/util/TreeSetCustomizer
Event: 52.549 Loading class java/util/TreeSetCustomizer done

Classes unloaded (0 events):
No events

Classes redefined (0 events):
No events

Internal exceptions (20 events):
Event: 52.493 Thread 0x0000022d8d5400b0 Exception <a 'java/lang/NoSuchMethodError'{0x0000000605e47188}: static Lorg/gradle/internal/build/event/types/AbstractProjectConfigurationResult;.<clinit>()V> (0x0000000605e47188) 
thrown [s\src\hotspot\share\prims\jni.cpp, line 1112]
Event: 52.494 Thread 0x0000022d8d5400b0 Exception <a 'java/lang/NoSuchMethodError'{0x0000000605e51c70}: static Lorg/gradle/internal/build/event/types/DefaultPluginApplicationResult;.<clinit>()V> (0x0000000605e51c70) 
thrown [s\src\hotspot\share\prims\jni.cpp, line 1112]
Event: 52.495 Thread 0x0000022d8d5400b0 Exception <a 'java/lang/NoSuchMethodError'{0x0000000605e5d3e0}: static Lorg/gradle/internal/build/event/types/DefaultBinaryPluginIdentifier;.<clinit>()V> (0x0000000605e5d3e0) 
thrown [s\src\hotspot\share\prims\jni.cpp, line 1112]
Event: 52.499 Thread 0x0000022d8d5400b0 Exception <a 'java/lang/NoSuchMethodError'{0x0000000605ef6860}: static Lorg/gradle/internal/build/event/types/DefaultScriptPluginIdentifier;.<clinit>()V> (0x0000000605ef6860) 
thrown [s\src\hotspot\share\prims\jni.cpp, line 1112]
Event: 52.545 Thread 0x0000022d8d53fba0 Exception <a 'java/lang/ClassNotFoundException'{0x0000000607c986a0}: java/util/TreeSetBeanInfo> (0x0000000607c986a0) 
thrown [s\src\hotspot\share\classfile\systemDictionary.cpp, line 256]
Event: 52.545 Thread 0x0000022d8d53fba0 Exception <a 'java/lang/ClassNotFoundException'{0x0000000607ca0620}: java/util/AbstractSetBeanInfo> (0x0000000607ca0620) 
thrown [s\src\hotspot\share\classfile\systemDictionary.cpp, line 256]
Event: 52.546 Thread 0x0000022d8d53fba0 Exception <a 'java/lang/ClassNotFoundException'{0x0000000607ca8600}: java/util/AbstractSetCustomizer> (0x0000000607ca8600) 
thrown [s\src\hotspot\share\classfile\systemDictionary.cpp, line 256]
Event: 52.549 Thread 0x0000022d8d53fba0 Exception <a 'java/lang/ClassNotFoundException'{0x0000000607cd6b20}: java/util/TreeSetCustomizer> (0x0000000607cd6b20) 
thrown [s\src\hotspot\share\classfile\systemDictionary.cpp, line 256]
Event: 52.593 Thread 0x0000022d8d53fba0 Exception <a 'java/lang/ClassNotFoundException'{0x0000000607df3c30}: org/gradle/plugins/ide/eclipse/model/EclipseModel_DecoratedBeanInfo> (0x0000000607df3c30) 
thrown [s\src\hotspot\share\classfile\systemDictionary.cpp, line 256]
Event: 52.594 Thread 0x0000022d8d53fba0 Exception <a 'java/lang/ClassNotFoundException'{0x0000000607e063d8}: org/gradle/plugins/ide/eclipse/model/EclipseModelBeanInfo> (0x0000000607e063d8) 
thrown [s\src\hotspot\share\classfile\systemDictionary.cpp, line 256]
Event: 52.596 Thread 0x0000022d8d53fba0 Exception <a 'java/lang/ClassNotFoundException'{0x0000000607e18b70}: org/gradle/plugins/ide/eclipse/model/EclipseModelCustomizer> (0x0000000607e18b70) 
thrown [s\src\hotspot\share\classfile\systemDictionary.cpp, line 256]
Event: 52.598 Thread 0x0000022d8d53fba0 Exception <a 'java/lang/ClassNotFoundException'{0x0000000607e3f8f8}: org/gradle/plugins/ide/eclipse/model/EclipseModel_DecoratedCustomizer> (0x0000000607e3f8f8) 
thrown [s\src\hotspot\share\classfile\systemDictionary.cpp, line 256]
Event: 52.610 Thread 0x0000022d8d53fba0 Exception <a 'java/lang/ClassNotFoundException'{0x0000000607eb4e50}: org/gradle/plugins/ide/eclipse/model/EclipseClasspath_DecoratedBeanInfo> (0x0000000607eb4e50) 
thrown [s\src\hotspot\share\classfile\systemDictionary.cpp, line 256]
Event: 52.612 Thread 0x0000022d8d53fba0 Exception <a 'java/lang/ClassNotFoundException'{0x0000000607ec7628}: org/gradle/plugins/ide/eclipse/model/EclipseClasspathBeanInfo> (0x0000000607ec7628) 
thrown [s\src\hotspot\share\classfile\systemDictionary.cpp, line 256]
Event: 52.613 Thread 0x0000022d8d53fba0 Exception <a 'java/lang/ClassNotFoundException'{0x0000000607ed9f68}: org/gradle/plugins/ide/eclipse/model/EclipseClasspathCustomizer> (0x0000000607ed9f68) 
thrown [s\src\hotspot\share\classfile\systemDictionary.cpp, line 256]
Event: 52.616 Thread 0x0000022d8d53fba0 Exception <a 'java/lang/ClassNotFoundException'{0x0000000607f15358}: org/gradle/plugins/ide/eclipse/model/EclipseClasspath_DecoratedCustomizer> (0x0000000607f15358) 
thrown [s\src\hotspot\share\classfile\systemDictionary.cpp, line 256]
Event: 52.631 Thread 0x0000022d8d53fba0 Exception <a 'java/lang/ClassNotFoundException'{0x0000000607fadb78}: org/gradle/plugins/ide/api/XmlFileContentMergerBeanInfo> (0x0000000607fadb78) 
thrown [s\src\hotspot\share\classfile\systemDictionary.cpp, line 256]
Event: 52.632 Thread 0x0000022d8d53fba0 Exception <a 'java/lang/ClassNotFoundException'{0x0000000607fbecf0}: org/gradle/plugins/ide/api/FileContentMergerBeanInfo> (0x0000000607fbecf0) 
thrown [s\src\hotspot\share\classfile\systemDictionary.cpp, line 256]
Event: 52.633 Thread 0x0000022d8d53fba0 Exception <a 'java/lang/ClassNotFoundException'{0x0000000607fcfe98}: org/gradle/plugins/ide/api/FileContentMergerCustomizer> (0x0000000607fcfe98) 
thrown [s\src\hotspot\share\classfile\systemDictionary.cpp, line 256]
Event: 52.635 Thread 0x0000022d8d53fba0 Exception <a 'java/lang/ClassNotFoundException'{0x0000000607febda0}: org/gradle/plugins/ide/api/XmlFileContentMergerCustomizer> (0x0000000607febda0) 
thrown [s\src\hotspot\share\classfile\systemDictionary.cpp, line 256]

VM Operations (20 events):
Event: 48.244 Executing VM operation: Cleanup
Event: 48.260 Executing VM operation: Cleanup done
Event: 48.655 Executing VM operation: G1CollectForAllocation
Event: 48.660 Executing VM operation: G1CollectForAllocation done
Event: 49.676 Executing VM operation: Cleanup
Event: 49.676 Executing VM operation: Cleanup done
Event: 50.678 Executing VM operation: Cleanup
Event: 50.709 Executing VM operation: Cleanup done
Event: 51.318 Executing VM operation: G1CollectForAllocation
Event: 51.323 Executing VM operation: G1CollectForAllocation done
Event: 51.421 Executing VM operation: G1PauseRemark
Event: 51.427 Executing VM operation: G1PauseRemark done
Event: 51.427 Executing VM operation: G1PauseCleanup
Event: 51.428 Executing VM operation: G1PauseCleanup done
Event: 51.915 Executing VM operation: HandshakeAllThreads
Event: 51.916 Executing VM operation: HandshakeAllThreads done
Event: 52.536 Executing VM operation: G1CollectForAllocation
Event: 52.543 Executing VM operation: G1CollectForAllocation done
Event: 52.564 Executing VM operation: HandshakeAllThreads
Event: 52.564 Executing VM operation: HandshakeAllThreads done

Memory protections (0 events):
No events

Nmethod flushes (20 events):
Event: 22.986 Thread 0x0000022d43a42160 flushing  nmethod 0x0000022d10acbb90
Event: 22.986 Thread 0x0000022d43a42160 flushing  nmethod 0x0000022d10ad1290
Event: 22.987 Thread 0x0000022d43a42160 flushing  nmethod 0x0000022d10af1190
Event: 22.987 Thread 0x0000022d43a42160 flushing  nmethod 0x0000022d10af9b10
Event: 22.987 Thread 0x0000022d43a42160 flushing  nmethod 0x0000022d10b09e10
Event: 22.987 Thread 0x0000022d43a42160 flushing  nmethod 0x0000022d10b0a990
Event: 22.987 Thread 0x0000022d43a42160 flushing  nmethod 0x0000022d10b12990
Event: 22.987 Thread 0x0000022d43a42160 flushing  nmethod 0x0000022d10b13890
Event: 22.987 Thread 0x0000022d43a42160 flushing  nmethod 0x0000022d10b14090
Event: 22.987 Thread 0x0000022d43a42160 flushing  nmethod 0x0000022d10b14b10
Event: 22.987 Thread 0x0000022d43a42160 flushing  nmethod 0x0000022d10b15910
Event: 22.987 Thread 0x0000022d43a42160 flushing  nmethod 0x0000022d10b17190
Event: 22.987 Thread 0x0000022d43a42160 flushing  nmethod 0x0000022d10b1cb10
Event: 22.987 Thread 0x0000022d43a42160 flushing  nmethod 0x0000022d10b1e910
Event: 22.987 Thread 0x0000022d43a42160 flushing  nmethod 0x0000022d10b34d10
Event: 22.987 Thread 0x0000022d43a42160 flushing  nmethod 0x0000022d10b51d10
Event: 22.987 Thread 0x0000022d43a42160 flushing  nmethod 0x0000022d10b65810
Event: 38.752 Thread 0x0000022d43a42160 flushing  nmethod 0x0000022d20837410
Event: 38.752 Thread 0x0000022d43a42160 flushing  nmethod 0x0000022d2088f990
Event: 38.752 Thread 0x0000022d43a42160 flushing  nmethod 0x0000022d20898510

Events (20 events):
Event: 37.688 Thread 0x0000022d8d53fba0 Thread added: 0x0000022d8ed138e0
Event: 37.897 Thread 0x0000022d43a3f750 Thread added: 0x0000022d8f53ab30
Event: 39.559 Thread 0x0000022d8f53ab30 Thread exited: 0x0000022d8f53ab30
Event: 40.888 Thread 0x0000022d43a3f750 Thread added: 0x0000022d910a5a50
Event: 41.194 Thread 0x0000022d8d53fba0 Thread added: 0x0000022d8ed129b0
Event: 41.913 Thread 0x0000022d43a3f750 Thread added: 0x0000022d8e619c30
Event: 43.139 Thread 0x0000022d8e619c30 Thread exited: 0x0000022d8e619c30
Event: 43.340 Thread 0x0000022d910a5a50 Thread exited: 0x0000022d910a5a50
Event: 45.374 Thread 0x0000022d8d53fba0 Thread added: 0x0000022d8ed124a0
Event: 46.847 Thread 0x0000022d43a3f750 Thread added: 0x0000022d90d1dd20
Event: 47.653 Thread 0x0000022d90d1dd20 Thread exited: 0x0000022d90d1dd20
Event: 48.162 Thread 0x0000022d43a3f750 Thread added: 0x0000022d8fc87490
Event: 48.522 Thread 0x0000022d8fc87490 Thread exited: 0x0000022d8fc87490
Event: 49.295 Thread 0x0000022d43a3f750 Thread added: 0x0000022d90c109b0
Event: 49.703 Thread 0x0000022d90c109b0 Thread exited: 0x0000022d90c109b0
Event: 50.301 Thread 0x0000022d43a3eca0 Thread added: 0x0000022d8e1ecac0
Event: 51.676 Thread 0x0000022d8e1ecac0 Thread exited: 0x0000022d8e1ecac0
Event: 51.821 Thread 0x0000022d43a3f750 Thread added: 0x0000022d8e1ecac0
Event: 52.031 Thread 0x0000022d8e1ecac0 Thread exited: 0x0000022d8e1ecac0
Event: 52.553 Thread 0x0000022d43a3f750 Thread added: 0x0000022d8f3c6c80


Dynamic libraries:
0x00007ff7f7450000 - 0x00007ff7f745e000 	C:\Program Files\Eclipse Adoptium\jdk-17.0.19.10-hotspot\bin\java.exe
0x00007ffbf7510000 - 0x00007ffbf7727000 	C:\WINDOWS\SYSTEM32\ntdll.dll
0x00007ffbf6790000 - 0x00007ffbf6854000 	C:\WINDOWS\System32\KERNEL32.DLL
0x00007ffbf47e0000 - 0x00007ffbf4bb2000 	C:\WINDOWS\System32\KERNELBASE.dll
0x00007ffbf46c0000 - 0x00007ffbf47d1000 	C:\WINDOWS\System32\ucrtbase.dll
0x00007ffbebaa0000 - 0x00007ffbebabe000 	C:\Program Files\Eclipse Adoptium\jdk-17.0.19.10-hotspot\bin\VCRUNTIME140.dll
0x00007ffbeba30000 - 0x00007ffbeba48000 	C:\Program Files\Eclipse Adoptium\jdk-17.0.19.10-hotspot\bin\jli.dll
0x00007ffbf52b0000 - 0x00007ffbf5461000 	C:\WINDOWS\System32\USER32.dll
0x00007ffbf4bc0000 - 0x00007ffbf4be6000 	C:\WINDOWS\System32\win32u.dll
0x00007ffbf74a0000 - 0x00007ffbf74c9000 	C:\WINDOWS\System32\GDI32.dll
0x00007ffbf4bf0000 - 0x00007ffbf4d13000 	C:\WINDOWS\System32\gdi32full.dll
0x00007ffbf4d20000 - 0x00007ffbf4dba000 	C:\WINDOWS\System32\msvcp_win.dll
0x00007ffbdee30000 - 0x00007ffbdf0cb000 	C:\WINDOWS\WinSxS\amd64_microsoft.windows.common-controls_6595b64144ccf1df_6.0.22621.5547_none_27104afb73855772\COMCTL32.dll
0x00007ffbf7130000 - 0x00007ffbf71d7000 	C:\WINDOWS\System32\msvcrt.dll
0x00007ffbf6560000 - 0x00007ffbf6591000 	C:\WINDOWS\System32\IMM32.DLL
0x00007ffbebb60000 - 0x00007ffbebb6c000 	C:\Program Files\Eclipse Adoptium\jdk-17.0.19.10-hotspot\bin\vcruntime140_1.dll
0x00007ffbe9260000 - 0x00007ffbe92ed000 	C:\Program Files\Eclipse Adoptium\jdk-17.0.19.10-hotspot\bin\msvcp140.dll
0x00007ffbb4f70000 - 0x00007ffbb5bdc000 	C:\Program Files\Eclipse Adoptium\jdk-17.0.19.10-hotspot\bin\server\jvm.dll
0x00007ffbf7010000 - 0x00007ffbf70c1000 	C:\WINDOWS\System32\ADVAPI32.dll
0x00007ffbf5c00000 - 0x00007ffbf5ca8000 	C:\WINDOWS\System32\sechost.dll
0x00007ffbf5170000 - 0x00007ffbf5198000 	C:\WINDOWS\System32\bcrypt.dll
0x00007ffbf65c0000 - 0x00007ffbf66d4000 	C:\WINDOWS\System32\RPCRT4.dll
0x00007ffbf5230000 - 0x00007ffbf52a1000 	C:\WINDOWS\System32\WS2_32.dll
0x00007ffbf44d0000 - 0x00007ffbf451d000 	C:\WINDOWS\SYSTEM32\POWRPROF.dll
0x00007ffbea780000 - 0x00007ffbea7b4000 	C:\WINDOWS\SYSTEM32\WINMM.dll
0x00007ffbe2020000 - 0x00007ffbe202a000 	C:\WINDOWS\SYSTEM32\VERSION.dll
0x00007ffbf44b0000 - 0x00007ffbf44c3000 	C:\WINDOWS\SYSTEM32\UMPDC.dll
0x00007ffbf35f0000 - 0x00007ffbf3608000 	C:\WINDOWS\SYSTEM32\kernel.appcore.dll
0x00007ffbeba90000 - 0x00007ffbeba9a000 	C:\Program Files\Eclipse Adoptium\jdk-17.0.19.10-hotspot\bin\jimage.dll
0x00007ffbeefa0000 - 0x00007ffbef1d3000 	C:\WINDOWS\SYSTEM32\DBGHELP.DLL
0x00007ffbf6860000 - 0x00007ffbf6bf3000 	C:\WINDOWS\System32\combase.dll
0x00007ffbf6c00000 - 0x00007ffbf6cd7000 	C:\WINDOWS\System32\OLEAUT32.dll
0x00007ffbde5e0000 - 0x00007ffbde612000 	C:\WINDOWS\SYSTEM32\dbgcore.DLL
0x00007ffbf4dc0000 - 0x00007ffbf4e3b000 	C:\WINDOWS\System32\bcryptPrimitives.dll
0x00007ffbd3010000 - 0x00007ffbd301e000 	C:\Program Files\Eclipse Adoptium\jdk-17.0.19.10-hotspot\bin\instrument.dll
0x00007ffbe9420000 - 0x00007ffbe9445000 	C:\Program Files\Eclipse Adoptium\jdk-17.0.19.10-hotspot\bin\java.dll
0x00007ffbd3160000 - 0x00007ffbd3237000 	C:\Program Files\Eclipse Adoptium\jdk-17.0.19.10-hotspot\bin\jsvml.dll
0x00007ffbf5cb0000 - 0x00007ffbf6552000 	C:\WINDOWS\System32\SHELL32.dll
0x00007ffbf4fb0000 - 0x00007ffbf50ef000 	C:\WINDOWS\System32\wintypes.dll
0x00007ffbf24e0000 - 0x00007ffbf2dfd000 	C:\WINDOWS\SYSTEM32\windows.storage.dll
0x00007ffbf7310000 - 0x00007ffbf741c000 	C:\WINDOWS\System32\SHCORE.dll
0x00007ffbf54d0000 - 0x00007ffbf5539000 	C:\WINDOWS\System32\shlwapi.dll
0x00007ffbf4530000 - 0x00007ffbf455b000 	C:\WINDOWS\SYSTEM32\profapi.dll
0x00007ffbe9240000 - 0x00007ffbe9258000 	C:\Program Files\Eclipse Adoptium\jdk-17.0.19.10-hotspot\bin\zip.dll
0x00007ffbd8530000 - 0x00007ffbd854a000 	C:\Program Files\Eclipse Adoptium\jdk-17.0.19.10-hotspot\bin\net.dll
0x00007ffbe9e80000 - 0x00007ffbe9fac000 	C:\WINDOWS\SYSTEM32\WINHTTP.dll
0x00007ffbf3a60000 - 0x00007ffbf3ac9000 	C:\WINDOWS\system32\mswsock.dll
0x00007ffbd2ff0000 - 0x00007ffbd3006000 	C:\Program Files\Eclipse Adoptium\jdk-17.0.19.10-hotspot\bin\nio.dll
0x00007ffbe9230000 - 0x00007ffbe9240000 	C:\Program Files\Eclipse Adoptium\jdk-17.0.19.10-hotspot\bin\verify.dll
0x00007ffbdb7c0000 - 0x00007ffbdb7e7000 	C:\Users\admin\.gradle\native\1def1411415f61bf3af743bc5b6707747c0891f09f0c88961ee8f79bc544acac\windows-amd64\native-platform.dll
0x00007ffbb4a70000 - 0x00007ffbb4ae8000 	C:\Users\admin\.gradle\native\0.2.7\x86_64-windows-gnu\gradle-fileevents.dll
0x00007ffbe9220000 - 0x00007ffbe922a000 	C:\Program Files\Eclipse Adoptium\jdk-17.0.19.10-hotspot\bin\management.dll
0x00007ffbe9210000 - 0x00007ffbe921c000 	C:\Program Files\Eclipse Adoptium\jdk-17.0.19.10-hotspot\bin\management_ext.dll
0x00007ffbf55d0000 - 0x00007ffbf55d8000 	C:\WINDOWS\System32\PSAPI.DLL
0x00007ffbf3060000 - 0x00007ffbf308d000 	C:\WINDOWS\SYSTEM32\IPHLPAPI.DLL
0x00007ffbf65b0000 - 0x00007ffbf65b9000 	C:\WINDOWS\System32\NSI.dll
0x00007ffbea560000 - 0x00007ffbea579000 	C:\WINDOWS\SYSTEM32\dhcpcsvc6.DLL
0x00007ffbea540000 - 0x00007ffbea55f000 	C:\WINDOWS\SYSTEM32\dhcpcsvc.DLL
0x00007ffbf30d0000 - 0x00007ffbf31c8000 	C:\WINDOWS\SYSTEM32\DNSAPI.dll
0x00007ffbe9200000 - 0x00007ffbe9209000 	C:\Program Files\Eclipse Adoptium\jdk-17.0.19.10-hotspot\bin\extnet.dll
0x00007ffbf3db0000 - 0x00007ffbf3dcb000 	C:\WINDOWS\SYSTEM32\CRYPTSP.dll
0x00007ffbf3550000 - 0x00007ffbf3587000 	C:\WINDOWS\system32\rsaenh.dll
0x00007ffbf3b00000 - 0x00007ffbf3b28000 	C:\WINDOWS\SYSTEM32\USERENV.dll
0x00007ffbf3d90000 - 0x00007ffbf3d9c000 	C:\WINDOWS\SYSTEM32\CRYPTBASE.dll
0x00007ffbd2fe0000 - 0x00007ffbd2fee000 	C:\Program Files\Eclipse Adoptium\jdk-17.0.19.10-hotspot\bin\sunmscapi.dll
0x00007ffbf4e40000 - 0x00007ffbf4fa7000 	C:\WINDOWS\System32\CRYPT32.dll
0x00007ffbf3ec0000 - 0x00007ffbf3eed000 	C:\WINDOWS\SYSTEM32\ncrypt.dll
0x00007ffbf3e80000 - 0x00007ffbf3eb7000 	C:\WINDOWS\SYSTEM32\NTASN1.dll
0x00007ffbec890000 - 0x00007ffbec898000 	C:\WINDOWS\system32\wshunix.dll
0x00007ffbd1600000 - 0x00007ffbd1617000 	C:\WINDOWS\system32\napinsp.dll
0x00007ffbd1260000 - 0x00007ffbd127b000 	C:\WINDOWS\system32\pnrpnsp.dll
0x00007ffbd16e0000 - 0x00007ffbd16f1000 	C:\WINDOWS\System32\winrnr.dll
0x00007ffbe99e0000 - 0x00007ffbe99ff000 	C:\WINDOWS\system32\wshbth.dll
0x00007ffbd1460000 - 0x00007ffbd1481000 	C:\WINDOWS\system32\nlansp_c.dll
0x00007ffbe91d0000 - 0x00007ffbe91da000 	C:\Windows\System32\rasadhlp.dll
0x00007ffbe9370000 - 0x00007ffbe93f4000 	C:\WINDOWS\System32\fwpuclnt.dll

dbghelp: loaded successfully - version: 4.0.5 - missing functions: none
symbol engine: initialized successfully - sym options: 0x614 - pdb path: .;C:\Program Files\Eclipse Adoptium\jdk-17.0.19.10-hotspot\bin;C:\WINDOWS\SYSTEM32;C:\WINDOWS\WinSxS\amd64_microsoft.windows.common-controls_6595b64144ccf1df_6.0.22621.5547_none_27104afb73855772;C:\Program Files\Eclipse Adoptium\jdk-17.0.19.10-hotspot\bin\server;C:\Users\admin\.gradle\native\1def1411415f61bf3af743bc5b6707747c0891f09f0c88961ee8f79bc544acac\windows-amd64;C:\Users\admin\.gradle\native\0.2.7\x86_64-windows-gnu

VM Arguments:
jvm_args: --add-opens=java.base/java.lang=ALL-UNNAMED --add-opens=java.base/java.lang.invoke=ALL-UNNAMED --add-opens=java.base/java.util=ALL-UNNAMED --add-opens=java.prefs/java.util.prefs=ALL-UNNAMED --add-exports=jdk.compiler/com.sun.tools.javac.api=ALL-UNNAMED --add-exports=jdk.compiler/com.sun.tools.javac.util=ALL-UNNAMED --add-opens=java.base/java.util=ALL-UNNAMED --add-opens=java.prefs/java.util.prefs=ALL-UNNAMED --add-opens=java.base/java.nio.charset=ALL-UNNAMED --add-opens=java.base/java.net=ALL-UNNAMED --add-opens=java.base/java.util.concurrent.atomic=ALL-UNNAMED --add-opens=java.xml/javax.xml.namespace=ALL-UNNAMED -XX:MaxMetaspaceSize=4G -XX:ReservedCodeCacheSize=512m -XX:+HeapDumpOnOutOfMemoryError -Xmx8G -Dfile.encoding=UTF-8 -Duser.country=FR -Duser.language=fr -Duser.variant -javaagent:C:\Users\admin\.gradle\wrapper\dists\gradle-8.13-bin\5xuhj0ry160q40clulazy9h7d\gradle-8.13\lib\agents\gradle-instrumentation-agent-8.13.jar 
java_command: org.gradle.launcher.daemon.bootstrap.GradleDaemon 8.13
java_class_path (initial): C:\Users\admin\.gradle\wrapper\dists\gradle-8.13-bin\5xuhj0ry160q40clulazy9h7d\gradle-8.13\lib\gradle-daemon-main-8.13.jar
Launcher Type: SUN_STANDARD

[Global flags]
     intx CICompilerCount                          = 4                                         {product} {ergonomic}
     uint ConcGCThreads                            = 2                                         {product} {ergonomic}
     uint G1ConcRefinementThreads                  = 8                                         {product} {ergonomic}
   size_t G1HeapRegionSize                         = 4194304                                   {product} {ergonomic}
    uintx GCDrainStackTargetSize                   = 64                                        {product} {ergonomic}
     bool HeapDumpOnOutOfMemoryError               = true                                   {manageable} {command line}
   size_t InitialHeapSize                          = 134217728                                 {product} {ergonomic}
   size_t MarkStackSize                            = 4194304                                   {product} {ergonomic}
   size_t MaxHeapSize                              = 8589934592                                {product} {command line}
   size_t MaxMetaspaceSize                         = 4294967296                                {product} {command line}
   size_t MaxNewSize                               = 5150605312                                {product} {ergonomic}
   size_t MinHeapDeltaBytes                        = 4194304                                   {product} {ergonomic}
   size_t MinHeapSize                              = 8388608                                   {product} {ergonomic}
    uintx NonNMethodCodeHeapSize                   = 5839372                                {pd product} {ergonomic}
    uintx NonProfiledCodeHeapSize                  = 265515770                              {pd product} {ergonomic}
    uintx ProfiledCodeHeapSize                     = 265515770                              {pd product} {ergonomic}
    uintx ReservedCodeCacheSize                    = 536870912                              {pd product} {command line}
     bool SegmentedCodeCache                       = true                                      {product} {ergonomic}
   size_t SoftMaxHeapSize                          = 8589934592                             {manageable} {ergonomic}
   double SweeperThreshold                         = 0.234375                                  {product} {ergonomic}
     bool UseCompressedClassPointers               = true                           {product lp64_product} {ergonomic}
     bool UseCompressedOops                        = true                           {product lp64_product} {ergonomic}
     bool UseG1GC                                  = true                                      {product} {ergonomic}
     bool UseLargePagesIndividualAllocation        = false                                  {pd product} {ergonomic}

Logging:
Log output configuration:
 #0: stdout all=warning uptime,level,tags
 #1: stderr all=off uptime,level,tags

Environment Variables:
JAVA_HOME=C:\Program Files\Eclipse Adoptium\jdk-25.0.1.8-hotspot
PATH=C:\Program Files\Eclipse Adoptium\jdk-17.0.19.10-hotspot\bin;C:\Program Files (x86)\VMware\VMware Workstation\bin\;C:\Program Files\Python312\Scripts\;C:\Program Files\Python312\;C:\WINDOWS\system32;C:\WINDOWS;C:\WINDOWS\System32\Wbem;C:\WINDOWS\System32\WindowsPowerShell\v1.0\;C:\WINDOWS\System32\OpenSSH\;C:\Program Files (x86)\Microsoft SQL Server\160\Tools\Binn\;C:\Program Files\Microsoft SQL Server\160\Tools\Binn\;C:\Program Files\Microsoft SQL Server\Client SDK\ODBC\170\Tools\Binn\;C:\Program Files\Microsoft SQL Server\160\DTS\Binn\;C:\Program Files (x86)\Microsoft SQL Server\160\DTS\Binn\;C:\Windows\system32\python;C:\sqlite3;C:\Program Files\nodejs\;C:\MinGW\bin;C:\curl\bin;C:\curl\include;C:\MinGW;C:\MinGW\lib;C:\GnuWin32\bin;C:\OpenSSL-Win64\bin;C:\Program Files\PostgreSQL\17\bin;C:\Program Files\Eclipse Adoptium\jdk-25.0.1.8-hotspot\bin;C:\Program Files\Heroku\bin;C:\Program Files\Git\cmd;C:\Program Files (x86)\VMware\VMware Workstation\bin\;C:\Program Files\Python312\Scripts\;C:\Program Files\Python312\;C:\WINDOWS\system32;C:\WINDOWS;C:\WINDOWS\System32\Wbem;C:\WINDOWS\System32\WindowsPowerShell\v1.0\;C:\WINDOWS\System32\OpenSSH\;C:\Program Files (x86)\Microsoft SQL Server\160\Tools\Binn\;C:\Program Files\Microsoft SQL Server\160\Tools\Binn\;C:\Program Files\Microsoft SQL Server\Client SDK\ODBC\170\Tools\Binn\;C:\Program Files\Microsoft SQL Server\160\DTS\Binn\;C:\Program Files (x86)\Microsoft SQL Server\160\DTS\Binn\;C:\Windows\system32\python;C:\sqlite3;C:\Program Files\nodejs\;C:\MinGW\bin;C:\curl\bin;C:\curl\include;C:\MinGW;C:\MinGW\lib;C:\GnuWin32\bin;C:\OpenSSL-Win64\bin;C:\Program Files\PostgreSQL\17\bin;C:\Program Files\Eclipse Adoptium\jdk-25.0.1.8-hotspot\bin;C:\Program Files\Git\cmd;C:\Program Files\Docker\Docker\resources\bin;C:\Program Files\Heroku\bin;C:\Users\admin\AppData\Local\Programs\Microsoft VS Code;C:\Program Files\P;C:\flutter\bin\flutter;C:\flutter\bin;C:\Users\admin\AppData\Local\Programs\Microsoft VS Code\bin
USERNAME=admin
OS=Windows_NT
PROCESSOR_IDENTIFIER=Intel64 Family 6 Model 142 Stepping 10, GenuineIntel
TMP=C:\Users\admin\AppData\Local\Temp
TEMP=C:\Users\admin\AppData\Local\Temp



Periodic native trim disabled


---------------  S Y S T E M  ---------------

OS:
 Windows 11 , 64 bit Build 22621 (10.0.22621.5415)
OS uptime: 0 days 2:12 hours
Hyper-V role detected

CPU: total 8 (initial active 8) (4 cores per cpu, 2 threads per core) family 6 model 142 stepping 10 microcode 0xf4, cx8, cmov, fxsr, ht, mmx, 3dnowpref, sse, sse2, sse3, ssse3, sse4.1, sse4.2, popcnt, lzcnt, tsc, tscinvbit, avx, avx2, aes, erms, clmul, bmi1, bmi2, rtm, adx, fma, vzeroupper, clflush, clflushopt, hv
Processor Information for all 8 processors :
  Max Mhz: 1896, Current Mhz: 1696, Mhz Limit: 1687

Memory: 4k page, system-wide physical 8070M (407M free)
TotalPageFile size 15324M (AvailPageFile size 4M)
current process WorkingSet (physical memory assigned to process): 332M, peak: 335M
current process commit charge ("private bytes"): 374M, peak: 378M

vm_info: OpenJDK 64-Bit Server VM (17.0.19+10) for windows-amd64 JRE (17.0.19+10), built on Apr 25 2026 08:04:44 by "admin" with MS VC++ 17.12 (VS2022)

END.
