#
# There is insufficient memory for the Java Runtime Environment to continue.
# Native memory allocation (malloc) failed to allocate 2315376 bytes. Error detail: Chunk::new
# Possible reasons:
#   The system is out of physical RAM or swap space
#   This process is running with CompressedOops enabled, and the Java Heap may be blocking the growth of the native heap
# Possible solutions:
#   Reduce memory load on the system
#   Increase physical memory or swap space
#   Check if swap backing store is full
#   Decrease Java heap size (-Xmx/-Xms)
#   Decrease number of Java threads
#   Decrease Java thread stack sizes (-Xss)
#   Set larger code cache with -XX:ReservedCodeCacheSize=
#   JVM is running with Zero Based Compressed Oops mode in which the Java heap is
#     placed in the first 32GB address space. The Java Heap base address is the
#     maximum limit for the native heap growth. Please use -XX:HeapBaseMinAddress
#     to set the Java Heap base and to place the Java Heap above 32GB virtual address.
# This output file may be truncated or incomplete.
#
#  Out of Memory Error (arena.cpp:191), pid=7304, tid=10476
#
# JRE version: OpenJDK Runtime Environment Temurin-17.0.19+10 (17.0.19+10) (build 17.0.19+10)
# Java VM: OpenJDK 64-Bit Server VM Temurin-17.0.19+10 (17.0.19+10, mixed mode, sharing, tiered, compressed oops, compressed class ptrs, g1 gc, windows-amd64)
# No core dump will be written. Minidumps are not enabled by default on client versions of Windows
#

---------------  S U M M A R Y ------------

Command Line: --add-opens=java.base/java.lang=ALL-UNNAMED --add-opens=java.base/java.lang.invoke=ALL-UNNAMED --add-opens=java.base/java.util=ALL-UNNAMED --add-opens=java.prefs/java.util.prefs=ALL-UNNAMED --add-exports=jdk.compiler/com.sun.tools.javac.api=ALL-UNNAMED --add-exports=jdk.compiler/com.sun.tools.javac.util=ALL-UNNAMED --add-opens=java.base/java.util=ALL-UNNAMED --add-opens=java.prefs/java.util.prefs=ALL-UNNAMED --add-opens=java.base/java.nio.charset=ALL-UNNAMED --add-opens=java.base/java.net=ALL-UNNAMED --add-opens=java.base/java.util.concurrent=ALL-UNNAMED --add-opens=java.base/java.util.concurrent.atomic=ALL-UNNAMED --add-opens=java.xml/javax.xml.namespace=ALL-UNNAMED --add-opens=java.base/java.time=ALL-UNNAMED -XX:MaxMetaspaceSize=4G -XX:ReservedCodeCacheSize=512m -XX:+HeapDumpOnOutOfMemoryError -Xmx8G -Dfile.encoding=UTF-8 -Duser.country=FR -Duser.language=fr -Duser.variant -javaagent:C:\Users\admin\.gradle\wrapper\dists\gradle-9.1.0-all\7wzd0jkjit61aq2p43wpjgij9\gradle-9.1.0\lib\agents\gradle-instrumentation-agent-9.1.0.jar org.gradle.launcher.daemon.bootstrap.GradleDaemon 9.1.0

Host: Intel(R) Core(TM) i5-8350U CPU @ 1.70GHz, 8 cores, 7G,  Windows 11 , 64 bit Build 22621 (10.0.22621.5415)
Time: Sun Sep 20 11:24:00 2026 Paris, Madrid (heure duild 22621 (10.0.22621.5415) elapsed time: 256.958878 seconds (0d 0h 4m 16s)

---------------  T H R E A D  ---------------

Current thread (0x0000027ac74b3520):  JavaThread "C2 CompilerThread1" daemon [_thread_in_native, id=10476, stack(0x000000cb17200000,0x000000cb17300000)]


Current CompileTask:
C2:256959 20613       4       org.jetbrains.org.objectweb.asm.ClassReader::accept (1401 bytes)

Stack: [0x000000cb17200000,0x000000cb17300000]
Native frames: (J=compiled Java code, j=interpreted, Vv=VM code, C=native code)
V  [jvm.dll+0x684b29]
V  [jvm.dll+0x83a2d5]
V  [jvm.dll+0x83bd4e]
V  [jvm.dll+0x83c3d3]
V  [jvm.dll+0x24905f]
V  [jvm.dll+0xad536]
V  [jvm.dll+0xadbdc]
V  [jvm.dll+0x368d4f]
V  [jvm.dll+0x1bc4c9]
V  [jvm.dll+0x219fc0]
V  [jvm.dll+0x2192af]
V  [jvm.dll+0x1a49f0]
V  [jvm.dll+0x2299fa]
V  [jvm.dll+0x227bab]
V  [jvm.dll+0x7f0a88]
V  [jvm.dll+0x7eaf1c]
V  [jvm.dll+0x6839f7]
C  [ucrtbase.dll+0x29333]
C  [KERNEL32.DLL+0x1259d]
C  [ntdll.dll+0x5af78]


---------------  P R O C E S S  ---------------

Threads class SMR info:
_java_thread_list=0x0000027ae4864b90, length=127, elements={
0x0000027a62450010, 0x0000027a7d6e27a0, 0x0000027a7d6e3620, 0x0000027a7d6f8f20,
0x0000027a7d6f9ae0, 0x0000027a7d6fc4b0, 0x0000027a7d6fce70, 0x0000027a7d6feb70,
0x0000027ac517b330, 0x0000027ac5182510, 0x0000027ac52154f0, 0x0000027ac526fb10,
0x0000027ac67f5460, 0x0000027ac516f4b0, 0x0000027ac5f26a80, 0x0000027ac6dca9a0,
0x0000027ac5522a40, 0x0000027ac5576db0, 0x0000027ac55772c0, 0x0000027ac55777d0,
0x0000027ac5575e80, 0x0000027ac5577ce0, 0x0000027ac55781f0, 0x0000027ac5578700,
0x0000027ac5579120, 0x0000027ac5576390, 0x0000027ac55768a0, 0x0000027ac5575970,
0x0000027ac603fa60, 0x0000027ac603ff70, 0x0000027ac6040480, 0x0000027ac6040990,
0x0000027ac603e110, 0x0000027ac60413b0, 0x0000027ac603dc00, 0x0000027ac603e620,
0x0000027ac603f040, 0x0000027ac7afffc0, 0x0000027ac7afe670, 0x0000027ac7aff090,
0x0000027ac7aff5a0, 0x0000027ac7afe160, 0x0000027ac7b7f570, 0x0000027ac7afdc50,
0x0000027acaee1710, 0x0000027acaee1c20, 0x0000027acaee2640, 0x0000027acaee2130,
0x0000027acaedfdc0, 0x0000027acaee2b50, 0x0000027acaee0cf0, 0x0000027acaee3060,
0x0000027acaede980, 0x0000027acaedee90, 0x0000027acaee3570, 0x0000027acaedf3a0,
0x0000027acaedf8b0, 0x0000027acaee3a80, 0x0000027acaedcb20, 0x0000027acaee02d0,
0x0000027acaedd540, 0x0000027acaee3f90, 0x0000027acaee07e0, 0x0000027acaee1200,
0x0000027acaedd030, 0x0000027acaedda50, 0x0000027acaad6e00, 0x0000027acaadbf00,
0x0000027acaad5ed0, 0x0000027acaad4a90, 0x0000027acaad4fa0, 0x0000027acaad63e0,
0x0000027ac6282e80, 0x0000027ac6281020, 0x0000027ac6282970, 0x0000027ac6281a40,
0x0000027ac62838a0, 0x0000027ac6281530, 0x0000027ac6283db0, 0x0000027ac6281f50,
0x0000027ac62842c0, 0x0000027ac6282460, 0x0000027ac6280b10, 0x0000027ac9f73c60,
0x0000027ac9f755b0, 0x0000027ac9f718f0, 0x0000027ac9f709c0, 0x0000027ac9f77410,
0x0000027ac9f75ac0, 0x0000027ac9f72310, 0x0000027ac9f74170, 0x0000027ac9f76f00,
0x0000027ac9f73750, 0x0000027ac9f713e0, 0x0000027ac9f78340, 0x0000027ac9f77920,
0x0000027ac9f769f0, 0x0000027ac9f750a0, 0x0000027ac9f75fd0, 0x0000027ac9f71e00,
0x0000027ac9f74b90, 0x0000027ac7b813d0, 0x0000027acaed03b0, 0x0000027acaece550,
0x0000027acaecf990, 0x0000027acaecef70, 0x0000027acaecf480, 0x0000027acaecfea0,
0x0000027acaed0dd0, 0x0000027acaecd620, 0x0000027acaecdb30, 0x0000027acaece040,
0x0000027ac5578c10, 0x0000027ac9f764e0, 0x0000027ac7134070, 0x0000027ac71368f0,
0x0000027ac71359c0, 0x0000027ac7137820, 0x0000027ac7138240, 0x0000027ac7134a90,
0x0000027ac713b4e0, 0x0000027ac71354b0, 0x0000027ac7138c60, 0x0000027ac7135ed0,
0x0000027ac713aac0, 0x0000027ac713a0a0, 0x0000027ac74b3520
}

Java Threads: ( => current thread )
  0x0000027a62450010 JavaThread "main" [_thread_blocked, id=11948, stack(0x000000cb13900000,0x000000cb13a00000)]
  0x0000027a7d6e27a0 JavaThread "Reference Handler" daemon [_thread_blocked, id=7764, stack(0x000000cb14000000,0x000000cb14100000)]
  0x0000027a7d6e3620 JavaThread "Finalizer" daemon [_thread_blocked, id=4164, stack(0x000000cb14100000,0x000000cb14200000)]
  0x0000027a7d6f8f20 JavaThread "Signal Dispatcher" daemon [_thread_blocked, id=15160, stack(0x000000cb14200000,0x000000cb14300000)]
  0x0000027a7d6f9ae0 JavaThread "Attach Listener" daemon [_thread_blocked, id=15272, stack(0x000000cb14300000,0x000000cb14400000)]
  0x0000027a7d6fc4b0 JavaThread "Service Thread" daemon [_thread_blocked, id=7836, stack(0x000000cb14400000,0x000000cb14500000)]
  0x0000027a7d6fce70 JavaThread "Monitor Deflation Thread" daemon [_thread_blocked, id=6416, stack(0x000000cb14500000,0x000000cb14600000)]
  0x0000027a7d6feb70 JavaThread "C2 CompilerThread0" daemon [_thread_blocked, id=7820, stack(0x000000cb14600000,0x000000cb14700000)]
  0x0000027ac517b330 JavaThread "C1 CompilerThread0" daemon [_thread_blocked, id=10004, stack(0x000000cb14700000,0x000000cb14800000)]
  0x0000027ac5182510 JavaThread "Sweeper thread" daemon [_thread_blocked, id=9960, stack(0x000000cb14800000,0x000000cb14900000)]
  0x0000027ac52154f0 JavaThread "Common-Cleaner" daemon [_thread_blocked, id=1480, stack(0x000000cb14900000,0x000000cb14a00000)]
  0x0000027ac526fb10 JavaThread "Notification Thread" daemon [_thread_blocked, id=8320, stack(0x000000cb14a00000,0x000000cb14b00000)]
  0x0000027ac67f5460 JavaThread "Daemon health stats" [_thread_blocked, id=9788, stack(0x000000cb15100000,0x000000cb15200000)]
  0x0000027ac516f4b0 JavaThread "Incoming local TCP Connector on port 53749" [_thread_in_native, id=13480, stack(0x000000cb15000000,0x000000cb15100000)]
  0x0000027ac5f26a80 JavaThread "Daemon periodic checks" [_thread_blocked, id=17724, stack(0x000000cb15200000,0x000000cb15300000)]
  0x0000027ac6dca9a0 JavaThread "Daemon" [_thread_blocked, id=1056, stack(0x000000cb15300000,0x000000cb15400000)]
  0x0000027ac5522a40 JavaThread "Handler for socket connection from /127.0.0.1:53749 to /127.0.0.1:53750" [_thread_in_native, id=1780, stack(0x000000cb15400000,0x000000cb15500000)]
  0x0000027ac5576db0 JavaThread "Cancel handler" [_thread_blocked, id=16920, stack(0x000000cb15500000,0x000000cb15600000)]
  0x0000027ac55772c0 JavaThread "Daemon worker" [_thread_in_native, id=17444, stack(0x000000cb15600000,0x000000cb15700000)]
  0x0000027ac55777d0 JavaThread "Asynchronous log dispatcher for DefaultDaemonConnection: socket connection from /127.0.0.1:53749 to /127.0.0.1:53750" [_thread_blocked, id=15684, stack(0x000000cb15700000,0x000000cb15800000)]
  0x0000027ac5575e80 JavaThread "Stdin handler" [_thread_blocked, id=15176, stack(0x000000cb15800000,0x000000cb15900000)]
  0x0000027ac5577ce0 JavaThread "Daemon client event forwarder" [_thread_blocked, id=8368, stack(0x000000cb15900000,0x000000cb15a00000)]
  0x0000027ac55781f0 JavaThread "Cache worker for journal cache (C:\Users\admin\.gradle\caches\journal-1)" [_thread_blocked, id=2956, stack(0x000000cb15a00000,0x000000cb15b00000)]
  0x0000027ac5578700 JavaThread "File lock request listener" [_thread_in_native, id=10320, stack(0x000000cb15b00000,0x000000cb15c00000)]
  0x0000027ac5579120 JavaThread "Cache worker for file hash cache (C:\Users\admin\.gradle\caches\9.1.0\fileHashes)" [_thread_blocked, id=10860, stack(0x000000cb15d00000,0x000000cb15e00000)]
  0x0000027ac5576390 JavaThread "Cache worker for file hash cache (C:\Users\admin\Downloads\livreurs-pro\flutter\foodmood_app\android\.gradle\9.1.0\fileHashes)" [_thread_blocked, id=3540, stack(0x000000cb16300000,0x000000cb16400000)]
  0x0000027ac55768a0 JavaThread "Cache worker for Build Output Cleanup Cache (C:\Users\admin\Downloads\livreurs-pro\flutter\foodmood_app\android\.gradle\buildOutputCleanup)" [_thread_blocked, id=8564, stack(0x000000cb16400000,0x000000cb16500000)]
  0x0000027ac5575970 JavaThread "File watcher server" daemon [_thread_in_native, id=10264, stack(0x000000cb16500000,0x000000cb16600000)]
  0x0000027ac603fa60 JavaThread "File watcher consumer" daemon [_thread_blocked, id=13248, stack(0x000000cb16600000,0x000000cb16700000)]
  0x0000027ac603ff70 JavaThread "jar transforms" [_thread_blocked, id=17864, stack(0x000000cb16700000,0x000000cb16800000)]
  0x0000027ac6040480 JavaThread "jar transforms Thread 2" [_thread_blocked, id=9000, stack(0x000000cb16800000,0x000000cb16900000)]
  0x0000027ac6040990 JavaThread "jar transforms Thread 3" [_thread_blocked, id=2992, stack(0x000000cb16900000,0x000000cb16a00000)]
  0x0000027ac603e110 JavaThread "Cache worker for checksums cache (C:\Users\admin\Downloads\livreurs-pro\flutter\foodmood_app\android\.gradle\9.1.0\checksums)" [_thread_blocked, id=16308, stack(0x000000cb16200000,0x000000cb16300000)]
  0x0000027ac60413b0 JavaThread "Cache worker for file content cache (C:\Users\admin\.gradle\caches\9.1.0\fileContent)" [_thread_blocked, id=5932, stack(0x000000cb16a00000,0x000000cb16b00000)]
  0x0000027ac603dc00 JavaThread "Cache worker for cache directory md-supplier (C:\Users\admin\.gradle\caches\9.1.0\md-supplier)" [_thread_blocked, id=17876, stack(0x000000cb16c00000,0x000000cb16d00000)]
  0x0000027ac603e620 JavaThread "Cache worker for cache directory md-rule (C:\Users\admin\.gradle\caches\9.1.0\md-rule)" [_thread_blocked, id=10176, stack(0x000000cb16d00000,0x000000cb16e00000)]
  0x0000027ac603f040 JavaThread "jar transforms Thread 4" [_thread_blocked, id=10976, stack(0x000000cb16f00000,0x000000cb17000000)]
  0x0000027ac7afffc0 JavaThread "jar transforms Thread 5" [_thread_blocked, id=12448, stack(0x000000cb16b00000,0x000000cb16c00000)]
  0x0000027ac7afe670 JavaThread "jar transforms Thread 6" [_thread_blocked, id=5840, stack(0x000000cb16e00000,0x000000cb16f00000)]
  0x0000027ac7aff090 JavaThread "jar transforms Thread 7" [_thread_blocked, id=9664, stack(0x000000cb17400000,0x000000cb17500000)]
  0x0000027ac7aff5a0 JavaThread "jar transforms Thread 8" [_thread_blocked, id=16072, stack(0x000000cb17000000,0x000000cb17100000)]
  0x0000027ac7afe160 JavaThread "Cache worker for Build Output Cleanup Cache (C:\flutter\packages\flutter_tools\gradle\.gradle\buildOutputCleanup)" [_thread_blocked, id=7236, stack(0x000000cb13800000,0x000000cb13900000)]
  0x0000027ac7b7f570 JavaThread "File lock release action executor Thread 2" [_thread_blocked, id=10444, stack(0x000000cb17900000,0x000000cb17a00000)]
  0x0000027ac7afdc50 JavaThread "Unconstrained build operations" [_thread_blocked, id=5628, stack(0x000000cb13700000,0x000000cb13800000)]
  0x0000027acaee1710 JavaThread "Unconstrained build operations Thread 2" [_thread_blocked, id=12072, stack(0x000000cb17300000,0x000000cb17400000)]
  0x0000027acaee1c20 JavaThread "Unconstrained build operations Thread 3" [_thread_blocked, id=4188, stack(0x000000cb17a00000,0x000000cb17b00000)]
  0x0000027acaee2640 JavaThread "Unconstrained build operations Thread 4" [_thread_blocked, id=6972, stack(0x000000cb17b00000,0x000000cb17c00000)]
  0x0000027acaee2130 JavaThread "Unconstrained build operations Thread 5" [_thread_blocked, id=11848, stack(0x000000cb17c00000,0x000000cb17d00000)]
  0x0000027acaedfdc0 JavaThread "Unconstrained build operations Thread 6" [_thread_blocked, id=7336, stack(0x000000cb17d00000,0x000000cb17e00000)]
  0x0000027acaee2b50 JavaThread "Unconstrained build operations Thread 7" [_thread_blocked, id=5644, stack(0x000000cb17e00000,0x000000cb17f00000)]
  0x0000027acaee0cf0 JavaThread "Unconstrained build operations Thread 8" [_thread_blocked, id=14552, stack(0x000000cb17f00000,0x000000cb18000000)]
  0x0000027acaee3060 JavaThread "Unconstrained build operations Thread 9" [_thread_blocked, id=4628, stack(0x000000cb18000000,0x000000cb18100000)]
  0x0000027acaede980 JavaThread "Unconstrained build operations Thread 10" [_thread_blocked, id=14976, stack(0x000000cb18100000,0x000000cb18200000)]
  0x0000027acaedee90 JavaThread "Unconstrained build operations Thread 11" [_thread_blocked, id=10324, stack(0x000000cb18200000,0x000000cb18300000)]
  0x0000027acaee3570 JavaThread "Unconstrained build operations Thread 12" [_thread_blocked, id=8496, stack(0x000000cb18300000,0x000000cb18400000)]
  0x0000027acaedf3a0 JavaThread "Unconstrained build operations Thread 13" [_thread_blocked, id=9108, stack(0x000000cb18400000,0x000000cb18500000)]
  0x0000027acaedf8b0 JavaThread "Unconstrained build operations Thread 14" [_thread_blocked, id=15056, stack(0x000000cb18500000,0x000000cb18600000)]
  0x0000027acaee3a80 JavaThread "Unconstrained build operations Thread 15" [_thread_blocked, id=15020, stack(0x000000cb18700000,0x000000cb18800000)]
  0x0000027acaedcb20 JavaThread "Unconstrained build operations Thread 16" [_thread_blocked, id=11676, stack(0x000000cb18800000,0x000000cb18900000)]
  0x0000027acaee02d0 JavaThread "Unconstrained build operations Thread 17" [_thread_blocked, id=11896, stack(0x000000cb18900000,0x000000cb18a00000)]
  0x0000027acaedd540 JavaThread "Unconstrained build operations Thread 18" [_thread_blocked, id=3744, stack(0x000000cb18a00000,0x000000cb18b00000)]
  0x0000027acaee3f90 JavaThread "Unconstrained build operations Thread 19" [_thread_blocked, id=4760, stack(0x000000cb18b00000,0x000000cb18c00000)]
  0x0000027acaee07e0 JavaThread "Unconstrained build operations Thread 20" [_thread_blocked, id=1924, stack(0x000000cb18c00000,0x000000cb18d00000)]
  0x0000027acaee1200 JavaThread "Unconstrained build operations Thread 21" [_thread_blocked, id=9888, stack(0x000000cb18d00000,0x000000cb18e00000)]
  0x0000027acaedd030 JavaThread "Memory manager" [_thread_blocked, id=7220, stack(0x000000cb18e00000,0x000000cb18f00000)]
  0x0000027acaedda50 JavaThread "build event listener" [_thread_blocked, id=10980, stack(0x000000cb18600000,0x000000cb18700000)]
  0x0000027acaad6e00 JavaThread "Kotlin DSL Writer" [_thread_blocked, id=1960, stack(0x000000cb19000000,0x000000cb19100000)]
  0x0000027acaadbf00 JavaThread "included builds" [_thread_blocked, id=14584, stack(0x000000cb17100000,0x000000cb17200000)]
  0x0000027acaad5ed0 JavaThread "Execution worker" [_thread_blocked, id=2520, stack(0x000000cb19200000,0x000000cb19300000)]
  0x0000027acaad4a90 JavaThread "Execution worker Thread 2" [_thread_blocked, id=16420, stack(0x000000cb19300000,0x000000cb19400000)]
  0x0000027acaad4fa0 JavaThread "Execution worker Thread 3" [_thread_blocked, id=13324, stack(0x000000cb19400000,0x000000cb19500000)]
  0x0000027acaad63e0 JavaThread "Execution worker Thread 4" [_thread_blocked, id=7324, stack(0x000000cb19500000,0x000000cb19600000)]
  0x0000027ac6282e80 JavaThread "Execution worker Thread 5" [_thread_blocked, id=4564, stack(0x000000cb19600000,0x000000cb19700000)]
  0x0000027ac6281020 JavaThread "Execution worker Thread 6" [_thread_blocked, id=2896, stack(0x000000cb19700000,0x000000cb19800000)]
  0x0000027ac6282970 JavaThread "Execution worker Thread 7" [_thread_blocked, id=13728, stack(0x000000cb19800000,0x000000cb19900000)]
  0x0000027ac6281a40 JavaThread "Cache worker for execution history cache (C:\flutter\packages\flutter_tools\gradle\.gradle\9.1.0\executionHistory)" [_thread_blocked, id=9156, stack(0x000000cb19900000,0x000000cb19a00000)]
  0x0000027ac62838a0 JavaThread "Unconstrained build operations Thread 22" [_thread_blocked, id=14600, stack(0x000000cb19a00000,0x000000cb19b00000)]
  0x0000027ac6281530 JavaThread "Unconstrained build operations Thread 23" [_thread_blocked, id=14996, stack(0x000000cb19b00000,0x000000cb19c00000)]
  0x0000027ac6283db0 JavaThread "Unconstrained build operations Thread 24" [_thread_blocked, id=9432, stack(0x000000cb19c00000,0x000000cb19d00000)]
  0x0000027ac6281f50 JavaThread "Unconstrained build operations Thread 25" [_thread_blocked, id=6364, stack(0x000000cb19d00000,0x000000cb19e00000)]
  0x0000027ac62842c0 JavaThread "Unconstrained build operations Thread 26" [_thread_blocked, id=17364, stack(0x000000cb19e00000,0x000000cb19f00000)]
  0x0000027ac6282460 JavaThread "Unconstrained build operations Thread 27" [_thread_blocked, id=9792, stack(0x000000cb19f00000,0x000000cb1a000000)]
  0x0000027ac6280b10 JavaThread "Unconstrained build operations Thread 28" [_thread_blocked, id=6688, stack(0x000000cb1a000000,0x000000cb1a100000)]
  0x0000027ac9f73c60 JavaThread "Unconstrained build operations Thread 29" [_thread_blocked, id=6320, stack(0x000000cb1a100000,0x000000cb1a200000)]
  0x0000027ac9f755b0 JavaThread "Unconstrained build operations Thread 30" [_thread_blocked, id=18180, stack(0x000000cb1a200000,0x000000cb1a300000)]
  0x0000027ac9f718f0 JavaThread "Unconstrained build operations Thread 31" [_thread_blocked, id=18224, stack(0x000000cb1a300000,0x000000cb1a400000)]
  0x0000027ac9f709c0 JavaThread "Unconstrained build operations Thread 32" [_thread_blocked, id=1468, stack(0x000000cb1a400000,0x000000cb1a500000)]
  0x0000027ac9f77410 JavaThread "Unconstrained build operations Thread 33" [_thread_blocked, id=8140, stack(0x000000cb1a500000,0x000000cb1a600000)]
  0x0000027ac9f75ac0 JavaThread "Unconstrained build operations Thread 34" [_thread_blocked, id=6684, stack(0x000000cb1a600000,0x000000cb1a700000)]
  0x0000027ac9f72310 JavaThread "Unconstrained build operations Thread 35" [_thread_blocked, id=17528, stack(0x000000cb1a700000,0x000000cb1a800000)]
  0x0000027ac9f74170 JavaThread "Unconstrained build operations Thread 36" [_thread_blocked, id=8692, stack(0x000000cb1a800000,0x000000cb1a900000)]
  0x0000027ac9f76f00 JavaThread "Unconstrained build operations Thread 37" [_thread_blocked, id=14900, stack(0x000000cb1a900000,0x000000cb1aa00000)]
  0x0000027ac9f73750 JavaThread "Unconstrained build operations Thread 38" [_thread_blocked, id=16576, stack(0x000000cb1aa00000,0x000000cb1ab00000)]
  0x0000027ac9f713e0 JavaThread "Unconstrained build operations Thread 39" [_thread_blocked, id=7596, stack(0x000000cb1ab00000,0x000000cb1ac00000)]
  0x0000027ac9f78340 JavaThread "Unconstrained build operations Thread 40" [_thread_blocked, id=7620, stack(0x000000cb1ac00000,0x000000cb1ad00000)]
  0x0000027ac9f77920 JavaThread "Unconstrained build operations Thread 41" [_thread_blocked, id=8784, stack(0x000000cb1ad00000,0x000000cb1ae00000)]
  0x0000027ac9f769f0 JavaThread "Unconstrained build operations Thread 42" [_thread_blocked, id=14904, stack(0x000000cb1ae00000,0x000000cb1af00000)]
  0x0000027ac9f750a0 JavaThread "Unconstrained build operations Thread 43" [_thread_blocked, id=9540, stack(0x000000cb1af00000,0x000000cb1b000000)]
  0x0000027ac9f75fd0 JavaThread "Unconstrained build operations Thread 44" [_thread_blocked, id=9580, stack(0x000000cb1b000000,0x000000cb1b100000)]
  0x0000027ac9f71e00 JavaThread "WorkerExecutor Queue" [_thread_blocked, id=11304, stack(0x000000cb1b100000,0x000000cb1b200000)]
  0x0000027ac9f74b90 JavaThread "RMI Scheduler(0)" daemon [_thread_blocked, id=17860, stack(0x000000cb1b200000,0x000000cb1b300000)]
  0x0000027ac7b813d0 JavaThread "RMI GC Daemon" daemon [_thread_blocked, id=13972, stack(0x000000cb1b400000,0x000000cb1b500000)]
  0x0000027acaed03b0 JavaThread "RMI TCP Accept-0" daemon [_thread_in_native, id=10536, stack(0x000000cb1b500000,0x000000cb1b600000)]
  0x0000027acaece550 JavaThread "RMI Reaper" [_thread_blocked, id=12000, stack(0x000000cb1b600000,0x000000cb1b700000)]
  0x0000027acaecf990 JavaThread "RMI TCP Connection(2)-127.0.0.1" daemon [_thread_in_native, id=15164, stack(0x000000cb15c00000,0x000000cb15d00000)]
  0x0000027acaecef70 JavaThread "Unconstrained build operations Thread 45" [_thread_blocked, id=19332, stack(0x000000cb1b300000,0x000000cb1b400000)]
  0x0000027acaecf480 JavaThread "Unconstrained build operations Thread 46" [_thread_blocked, id=2452, stack(0x000000cb1b700000,0x000000cb1b800000)]
  0x0000027acaecfea0 JavaThread "Unconstrained build operations Thread 47" [_thread_blocked, id=10360, stack(0x000000cb1b800000,0x000000cb1b900000)]
  0x0000027acaed0dd0 JavaThread "Unconstrained build operations Thread 48" [_thread_blocked, id=5736, stack(0x000000cb1b900000,0x000000cb1ba00000)]
  0x0000027acaecd620 JavaThread "Unconstrained build operations Thread 49" [_thread_blocked, id=8392, stack(0x000000cb1ba00000,0x000000cb1bb00000)]
  0x0000027acaecdb30 JavaThread "Unconstrained build operations Thread 50" [_thread_blocked, id=18740, stack(0x000000cb1bb00000,0x000000cb1bc00000)]
  0x0000027acaece040 JavaThread "Unconstrained build operations Thread 51" [_thread_blocked, id=18604, stack(0x000000cb1bc00000,0x000000cb1bd00000)]
  0x0000027ac5578c10 JavaThread "Unconstrained build operations Thread 52" [_thread_blocked, id=15376, stack(0x000000cb1bd00000,0x000000cb1be00000)]
  0x0000027ac9f764e0 JavaThread "Unconstrained build operations Thread 53" [_thread_blocked, id=5772, stack(0x000000cb1be00000,0x000000cb1bf00000)]
  0x0000027ac7134070 JavaThread "Unconstrained build operations Thread 54" [_thread_blocked, id=18512, stack(0x000000cb1bf00000,0x000000cb1c000000)]
  0x0000027ac71368f0 JavaThread "Unconstrained build operations Thread 55" [_thread_blocked, id=18552, stack(0x000000cb1c000000,0x000000cb1c100000)]
  0x0000027ac71359c0 JavaThread "Unconstrained build operations Thread 56" [_thread_blocked, id=18560, stack(0x000000cb1c100000,0x000000cb1c200000)]
  0x0000027ac7137820 JavaThread "Unconstrained build operations Thread 57" [_thread_blocked, id=16520, stack(0x000000cb1c200000,0x000000cb1c300000)]
  0x0000027ac7138240 JavaThread "Unconstrained build operations Thread 58" [_thread_blocked, id=18680, stack(0x000000cb1c300000,0x000000cb1c400000)]
  0x0000027ac7134a90 JavaThread "Unconstrained build operations Thread 59" [_thread_blocked, id=18536, stack(0x000000cb1c400000,0x000000cb1c500000)]
  0x0000027ac713b4e0 JavaThread "Unconstrained build operations Thread 60" [_thread_blocked, id=18600, stack(0x000000cb1c500000,0x000000cb1c600000)]
  0x0000027ac71354b0 JavaThread "Unconstrained build operations Thread 61" [_thread_blocked, id=18436, stack(0x000000cb1c600000,0x000000cb1c700000)]
  0x0000027ac7138c60 JavaThread "Unconstrained build operations Thread 62" [_thread_blocked, id=18764, stack(0x000000cb1c700000,0x000000cb1c800000)]
  0x0000027ac7135ed0 JavaThread "Unconstrained build operations Thread 63" [_thread_blocked, id=14756, stack(0x000000cb1c800000,0x000000cb1c900000)]
  0x0000027ac713aac0 JavaThread "Unconstrained build operations Thread 64" [_thread_blocked, id=18804, stack(0x000000cb1c900000,0x000000cb1ca00000)]
  0x0000027ac713a0a0 JavaThread "Unconstrained build operations Thread 65" [_thread_blocked, id=9844, stack(0x000000cb1ca00000,0x000000cb1cb00000)]
=>0x0000027ac74b3520 JavaThread "C2 CompilerThread1" daemon [_thread_in_native, id=10476, stack(0x000000cb17200000,0x000000cb17300000)]

Other Threads:
  0x0000027a7d6dcdb0 VMThread "VM Thread" [stack: 0x000000cb13f00000,0x000000cb14000000] [id=8416]
  0x0000027a62450e90 WatcherThread [stack: 0x000000cb14b00000,0x000000cb14c00000] [id=7552]
  0x0000027a624fead0 GCTaskThread "GC Thread#0" [stack: 0x000000cb13a00000,0x000000cb13b00000] [id=2016]
  0x0000027ac53db450 GCTaskThread "GC Thread#1" [stack: 0x000000cb14d00000,0x000000cb14e00000] [id=12696]
  0x0000027ac557de60 GCTaskThread "GC Thread#2" [stack: 0x000000cb14e00000,0x000000cb14f00000] [id=8576]
  0x0000027ac5f0fc80 GCTaskThread "GC Thread#3" [stack: 0x000000cb14c00000,0x000000cb14d00000] [id=9360]
  0x0000027ac5e795b0 GCTaskThread "GC Thread#4" [stack: 0x000000cb14f00000,0x000000cb15000000] [id=18112]
  0x0000027ac6427990 GCTaskThread "GC Thread#5" [stack: 0x000000cb15e00000,0x000000cb15f00000] [id=3852]
  0x0000027ac64ee360 GCTaskThread "GC Thread#6" [stack: 0x000000cb15f00000,0x000000cb16000000] [id=18120]
  0x0000027ac7030cd0 GCTaskThread "GC Thread#7" [stack: 0x000000cb16000000,0x000000cb16100000] [id=17532]
  0x0000027a7d530b20 ConcurrentGCThread "G1 Main Marker" [stack: 0x000000cb13b00000,0x000000cb13c00000] [id=2152]
  0x0000027a7d531540 ConcurrentGCThread "G1 Conc#0" [stack: 0x000000cb13c00000,0x000000cb13d00000] [id=10716]
  0x0000027ac8381ba0 ConcurrentGCThread "G1 Conc#1" [stack: 0x000000cb16100000,0x000000cb16200000] [id=7612]
  0x0000027a7d5990e0 ConcurrentGCThread "G1 Refine#0" [stack: 0x000000cb13d00000,0x000000cb13e00000] [id=10712]
  0x0000027ac6c02ec0 ConcurrentGCThread "G1 Refine#1" [stack: 0x000000cb17500000,0x000000cb17600000] [id=17992]
  0x0000027ac6c04930 ConcurrentGCThread "G1 Refine#2" [stack: 0x000000cb17600000,0x000000cb17700000] [id=8360]
  0x0000027ac6c03d70 ConcurrentGCThread "G1 Refine#3" [stack: 0x000000cb17700000,0x000000cb17800000] [id=18080]
  0x0000027ac6c04640 ConcurrentGCThread "G1 Refine#4" [stack: 0x000000cb17800000,0x000000cb17900000] [id=14896]
  0x0000027ac5e5f970 ConcurrentGCThread "G1 Refine#5" [stack: 0x000000cb18f00000,0x000000cb19000000] [id=4560]
  0x0000027ac5e5f390 ConcurrentGCThread "G1 Refine#6" [stack: 0x000000cb19100000,0x000000cb19200000] [id=10508]
  0x0000027a7d599b10 ConcurrentGCThread "G1 Service" [stack: 0x000000cb13e00000,0x000000cb13f00000] [id=3776]

Threads with active compile tasks:
C2 CompilerThread1  257612 20613       4       org.jetbrains.org.objectweb.asm.ClassReader::accept (1401 bytes)

VM state: not at safepoint (normal execution)

VM Mutex/Monitor currently owned by a thread: None

Heap address: 0x0000000600000000, size: 8192 MB, Compressed Oops mode: Zero based, Oop shift amount: 3

CDS archive(s) mapped at: [0x0000027a80000000-0x0000027a80bb0000-0x0000027a80bb0000), size 12255232, SharedBaseAddress: 0x0000027a80000000, ArchiveRelocationMode: 1.
Compressed class space mapped at: 0x0000027a81000000-0x0000027ac1000000, reserved size: 1073741824
Narrow klass base: 0x0000027a80000000, Narrow klass shift: 0, Narrow klass range: 0x100000000

GC Precious Log:
 CPUs: 8 total, 8 available
 Memory: 8070M
 Large Page Support: Disabled
 NUMA Support: Disabled
 Compressed Oops: Enabled (Zero based)
 Heap Region Size: 4M
 Heap Min Capacity: 8M
 Heap Initial Capacity: 128M
 Heap Max Capacity: 8G
 Pre-touch: Disabled
 Parallel Workers: 8
 Concurrent Workers: 2
 Concurrent Refinement Workers: 8
 Periodic GC: Disabled

Heap:
 garbage-first heap   total 339968K, used 242006K [0x0000000600000000, 0x0000000800000000)
  region size 4096K, 28 young (114688K), 1 survivors (4096K)
 Metaspace       used 151903K, committed 153088K, reserved 1245184K
  class space    used 19662K, committed 20224K, reserved 1048576K

Heap Regions: E=young(eden), S=young(survivor), O=old, HS=humongous(starts), HC=humongous(continues), CS=collection set, F=free, OA=open archive, CA=closed archive, TAMS=top-at-mark-start (previous, next)
|   0|0x0000000600000000, 0x0000000600400000, 0x0000000600400000|100%|HS|  |TAMS 0x0000000600400000, 0x0000000600000000| Complete 
|   1|0x0000000600400000, 0x0000000600800000, 0x0000000600800000|100%| O|  |TAMS 0x0000000600800000, 0x0000000600400000| Untracked 
|   2|0x0000000600800000, 0x0000000600c00000, 0x0000000600c00000|100%| O|  |TAMS 0x0000000600c00000, 0x0000000600800000| Untracked 
|   3|0x0000000600c00000, 0x0000000600fce600, 0x0000000601000000| 95%| O|  |TAMS 0x0000000600fce600, 0x0000000600c00000| Untracked 
|   4|0x0000000601000000, 0x0000000601400000, 0x0000000601400000|100%| O|  |TAMS 0x0000000601400000, 0x0000000601000000| Untracked 
|   5|0x0000000601400000, 0x0000000601800000, 0x0000000601800000|100%| O|  |TAMS 0x0000000601800000, 0x0000000601400000| Untracked 
|   6|0x0000000601800000, 0x0000000601c00000, 0x0000000601c00000|100%| O|  |TAMS 0x0000000601c00000, 0x0000000601800000| Untracked 
|   7|0x0000000601c00000, 0x0000000602000000, 0x0000000602000000|100%| O|  |TAMS 0x0000000602000000, 0x0000000601c00000| Untracked 
|   8|0x0000000602000000, 0x0000000602400000, 0x0000000602400000|100%| O|  |TAMS 0x0000000602400000, 0x0000000602000000| Untracked 
|   9|0x0000000602400000, 0x0000000602800000, 0x0000000602800000|100%| O|  |TAMS 0x0000000602800000, 0x0000000602400000| Untracked 
|  10|0x0000000602800000, 0x0000000602c00000, 0x0000000602c00000|100%| O|  |TAMS 0x0000000602c00000, 0x0000000602800000| Untracked 
|  11|0x0000000602c00000, 0x0000000603000000, 0x0000000603000000|100%| O|  |TAMS 0x0000000603000000, 0x0000000602c00000| Untracked 
|  12|0x0000000603000000, 0x0000000603400000, 0x0000000603400000|100%| O|  |TAMS 0x0000000603400000, 0x0000000603000000| Untracked 
|  13|0x0000000603400000, 0x0000000603800000, 0x0000000603800000|100%| O|  |TAMS 0x0000000603800000, 0x0000000603400000| Untracked 
|  14|0x0000000603800000, 0x0000000603c00000, 0x0000000603c00000|100%| O|  |TAMS 0x0000000603c00000, 0x0000000603800000| Untracked 
|  15|0x0000000603c00000, 0x0000000604000000, 0x0000000604000000|100%| O|  |TAMS 0x0000000604000000, 0x0000000603c00000| Untracked 
|  16|0x0000000604000000, 0x0000000604400000, 0x0000000604400000|100%| O|  |TAMS 0x0000000604400000, 0x0000000604000000| Untracked 
|  17|0x0000000604400000, 0x0000000604800000, 0x0000000604800000|100%| O|  |TAMS 0x0000000604800000, 0x0000000604400000| Untracked 
|  18|0x0000000604800000, 0x0000000604c00000, 0x0000000604c00000|100%| O|  |TAMS 0x0000000604c00000, 0x0000000604800000| Untracked 
|  19|0x0000000604c00000, 0x0000000605000000, 0x0000000605000000|100%| O|  |TAMS 0x0000000604c00000, 0x0000000604c00000| Untracked 
|  20|0x0000000605000000, 0x0000000605000000, 0x0000000605400000|  0%| F|  |TAMS 0x0000000605000000, 0x0000000605000000| Untracked 
|  21|0x0000000605400000, 0x0000000605800000, 0x0000000605800000|100%| O|  |TAMS 0x0000000605400000, 0x0000000605400000| Untracked 
|  22|0x0000000605800000, 0x0000000605c00000, 0x0000000605c00000|100%| O|  |TAMS 0x0000000605800000, 0x0000000605800000| Untracked 
|  23|0x0000000605c00000, 0x0000000606000000, 0x0000000606000000|100%| O|  |TAMS 0x0000000605c00000, 0x0000000605c00000| Untracked 
|  24|0x0000000606000000, 0x0000000606400000, 0x0000000606400000|100%| O|  |TAMS 0x0000000606000000, 0x0000000606000000| Untracked 
|  25|0x0000000606400000, 0x0000000606800000, 0x0000000606800000|100%| O|  |TAMS 0x0000000606800000, 0x0000000606400000| Untracked 
|  26|0x0000000606800000, 0x0000000606c00000, 0x0000000606c00000|100%| O|  |TAMS 0x0000000606800000, 0x0000000606800000| Untracked 
|  27|0x0000000606c00000, 0x0000000606c00000, 0x0000000607000000|  0%| F|  |TAMS 0x0000000606c00000, 0x0000000606c00000| Untracked 
|  28|0x0000000607000000, 0x0000000607400000, 0x0000000607400000|100%| O|  |TAMS 0x0000000607400000, 0x0000000607000000| Untracked 
|  29|0x0000000607400000, 0x0000000607487200, 0x0000000607800000| 13%| O|  |TAMS 0x0000000607400000, 0x0000000607400000| Untracked 
|  30|0x0000000607800000, 0x0000000607800000, 0x0000000607c00000|  0%| F|  |TAMS 0x0000000607800000, 0x0000000607800000| Untracked 
|  31|0x0000000607c00000, 0x0000000607c00000, 0x0000000608000000|  0%| F|  |TAMS 0x0000000607c00000, 0x0000000607c00000| Untracked 
|  32|0x0000000608000000, 0x0000000608000000, 0x0000000608400000|  0%| F|  |TAMS 0x0000000608000000, 0x0000000608000000| Untracked 
|  33|0x0000000608400000, 0x0000000608400000, 0x0000000608800000|  0%| F|  |TAMS 0x0000000608400000, 0x0000000608400000| Untracked 
|  34|0x0000000608800000, 0x0000000608800000, 0x0000000608c00000|  0%| F|  |TAMS 0x0000000608800000, 0x0000000608800000| Untracked 
|  35|0x0000000608c00000, 0x0000000609000000, 0x0000000609000000|100%| O|  |TAMS 0x0000000608e3cc00, 0x0000000608c00000| Untracked 
|  36|0x0000000609000000, 0x0000000609400000, 0x0000000609400000|100%| O|  |TAMS 0x0000000609000000, 0x0000000609000000| Untracked 
|  37|0x0000000609400000, 0x0000000609800000, 0x0000000609800000|100%| O|  |TAMS 0x0000000609800000, 0x0000000609400000| Untracked 
|  38|0x0000000609800000, 0x0000000609c00000, 0x0000000609c00000|100%| O|  |TAMS 0x0000000609c00000, 0x0000000609800000| Untracked 
|  39|0x0000000609c00000, 0x0000000609c00000, 0x000000060a000000|  0%| F|  |TAMS 0x0000000609c00000, 0x0000000609c00000| Untracked 
|  40|0x000000060a000000, 0x000000060a400000, 0x000000060a400000|100%| O|  |TAMS 0x000000060a000000, 0x000000060a000000| Untracked 
|  41|0x000000060a400000, 0x000000060a400000, 0x000000060a800000|  0%| F|  |TAMS 0x000000060a400000, 0x000000060a400000| Untracked 
|  42|0x000000060a800000, 0x000000060ac00000, 0x000000060ac00000|100%| O|  |TAMS 0x000000060ac00000, 0x000000060a800000| Untracked 
|  43|0x000000060ac00000, 0x000000060ac00000, 0x000000060b000000|  0%| F|  |TAMS 0x000000060ac00000, 0x000000060ac00000| Untracked 
|  44|0x000000060b000000, 0x000000060b000000, 0x000000060b400000|  0%| F|  |TAMS 0x000000060b000000, 0x000000060b000000| Untracked 
|  45|0x000000060b400000, 0x000000060b400000, 0x000000060b800000|  0%| F|  |TAMS 0x000000060b400000, 0x000000060b400000| Untracked 
|  46|0x000000060b800000, 0x000000060b800000, 0x000000060bc00000|  0%| F|  |TAMS 0x000000060b800000, 0x000000060b800000| Untracked 
|  47|0x000000060bc00000, 0x000000060bc00000, 0x000000060c000000|  0%| F|  |TAMS 0x000000060bc00000, 0x000000060bc00000| Untracked 
|  48|0x000000060c000000, 0x000000060c000000, 0x000000060c400000|  0%| F|  |TAMS 0x000000060c000000, 0x000000060c000000| Untracked 
|  49|0x000000060c400000, 0x000000060c400000, 0x000000060c800000|  0%| F|  |TAMS 0x000000060c400000, 0x000000060c400000| Untracked 
|  50|0x000000060c800000, 0x000000060c800000, 0x000000060cc00000|  0%| F|  |TAMS 0x000000060c800000, 0x000000060c800000| Untracked 
|  51|0x000000060cc00000, 0x000000060cc00000, 0x000000060d000000|  0%| F|  |TAMS 0x000000060cc00000, 0x000000060cc00000| Untracked 
|  52|0x000000060d000000, 0x000000060d000000, 0x000000060d400000|  0%| F|  |TAMS 0x000000060d000000, 0x000000060d000000| Untracked 
|  53|0x000000060d400000, 0x000000060d400000, 0x000000060d800000|  0%| F|  |TAMS 0x000000060d400000, 0x000000060d400000| Untracked 
|  54|0x000000060d800000, 0x000000060d800000, 0x000000060dc00000|  0%| F|  |TAMS 0x000000060d800000, 0x000000060d800000| Untracked 
|  55|0x000000060dc00000, 0x000000060df34a80, 0x000000060e000000| 80%| E|  |TAMS 0x000000060dc00000, 0x000000060dc00000| Complete 
|  56|0x000000060e000000, 0x000000060e400000, 0x000000060e400000|100%| E|CS|TAMS 0x000000060e000000, 0x000000060e000000| Complete 
|  57|0x000000060e400000, 0x000000060e800000, 0x000000060e800000|100%| E|CS|TAMS 0x000000060e400000, 0x000000060e400000| Complete 
|  58|0x000000060e800000, 0x000000060ec00000, 0x000000060ec00000|100%| E|CS|TAMS 0x000000060e800000, 0x000000060e800000| Complete 
|  59|0x000000060ec00000, 0x000000060f000000, 0x000000060f000000|100%| E|CS|TAMS 0x000000060ec00000, 0x000000060ec00000| Complete 
|  60|0x000000060f000000, 0x000000060f400000, 0x000000060f400000|100%| E|CS|TAMS 0x000000060f000000, 0x000000060f000000| Complete 
|  61|0x000000060f400000, 0x000000060f800000, 0x000000060f800000|100%| E|CS|TAMS 0x000000060f400000, 0x000000060f400000| Complete 
|  62|0x000000060f800000, 0x000000060fc00000, 0x000000060fc00000|100%| E|CS|TAMS 0x000000060f800000, 0x000000060f800000| Complete 
|  63|0x000000060fc00000, 0x0000000610000000, 0x0000000610000000|100%| E|CS|TAMS 0x000000060fc00000, 0x000000060fc00000| Complete 
|  64|0x0000000610000000, 0x0000000610400000, 0x0000000610400000|100%| E|CS|TAMS 0x0000000610000000, 0x0000000610000000| Complete 
|  65|0x0000000610400000, 0x0000000610800000, 0x0000000610800000|100%| E|CS|TAMS 0x0000000610400000, 0x0000000610400000| Complete 
|  66|0x0000000610800000, 0x0000000610c00000, 0x0000000610c00000|100%| E|CS|TAMS 0x0000000610800000, 0x0000000610800000| Complete 
|  67|0x0000000610c00000, 0x0000000611000000, 0x0000000611000000|100%| E|CS|TAMS 0x0000000610c00000, 0x0000000610c00000| Complete 
|  68|0x0000000611000000, 0x0000000611400000, 0x0000000611400000|100%| E|CS|TAMS 0x0000000611000000, 0x0000000611000000| Complete 
|  69|0x0000000611400000, 0x0000000611800000, 0x0000000611800000|100%| E|CS|TAMS 0x0000000611400000, 0x0000000611400000| Complete 
|  70|0x0000000611800000, 0x0000000611c00000, 0x0000000611c00000|100%| E|CS|TAMS 0x0000000611800000, 0x0000000611800000| Complete 
|  71|0x0000000611c00000, 0x0000000612000000, 0x0000000612000000|100%| E|CS|TAMS 0x0000000611c00000, 0x0000000611c00000| Complete 
|  72|0x0000000612000000, 0x0000000612400000, 0x0000000612400000|100%| E|  |TAMS 0x0000000612000000, 0x0000000612000000| Complete 
|  73|0x0000000612400000, 0x0000000612800000, 0x0000000612800000|100%| E|CS|TAMS 0x0000000612400000, 0x0000000612400000| Complete 
|  74|0x0000000612800000, 0x0000000612c00000, 0x0000000612c00000|100%| E|CS|TAMS 0x0000000612800000, 0x0000000612800000| Complete 
|  75|0x0000000612c00000, 0x0000000613000000, 0x0000000613000000|100%| E|CS|TAMS 0x0000000612c00000, 0x0000000612c00000| Complete 
|  76|0x0000000613000000, 0x0000000613400000, 0x0000000613400000|100%| E|CS|TAMS 0x0000000613000000, 0x0000000613000000| Complete 
|  77|0x0000000613400000, 0x0000000613800000, 0x0000000613800000|100%| E|CS|TAMS 0x0000000613400000, 0x0000000613400000| Complete 
|  78|0x0000000613800000, 0x0000000613c00000, 0x0000000613c00000|100%| S|CS|TAMS 0x0000000613800000, 0x0000000613800000| Complete 
|  79|0x0000000613c00000, 0x0000000614000000, 0x0000000614000000|100%| E|CS|TAMS 0x0000000613c00000, 0x0000000613c00000| Complete 
|  80|0x0000000614000000, 0x0000000614400000, 0x0000000614400000|100%| E|CS|TAMS 0x0000000614000000, 0x0000000614000000| Complete 
|  81|0x0000000614400000, 0x0000000614800000, 0x0000000614800000|100%| E|CS|TAMS 0x0000000614400000, 0x0000000614400000| Complete 
|  82|0x0000000614800000, 0x0000000614c00000, 0x0000000614c00000|100%| E|CS|TAMS 0x0000000614800000, 0x0000000614800000| Complete 

Card table byte_map: [0x0000027a6b520000,0x0000027a6c520000] _byte_map_base: 0x0000027a68520000

Marking Bits (Prev, Next): (CMBitMap*) 0x0000027a7d5201f0, (CMBitMap*) 0x0000027a7d520230
 Prev Bits: [0x0000027a6d520000, 0x0000027a75520000)
 Next Bits: [0x0000027a75520000, 0x0000027a7d520000)

Polling page: 0x0000027a61c00000

Metaspace:

Usage:
  Non-class:    129.14 MB used.
      Class:     19.20 MB used.
       Both:    148.34 MB used.

Virtual space:
  Non-class space:      192.00 MB reserved,     129.75 MB ( 68%) committed,  3 nodes.
      Class space:        1.00 GB reserved,      19.75 MB (  2%) committed,  1 nodes.
             Both:        1.19 GB reserved,     149.50 MB ( 12%) committed. 

Chunk freelists:
   Non-Class:  13.86 MB
       Class:  12.20 MB
        Both:  26.06 MB

MaxMetaspaceSize: 4.00 GB
CompressedClassSpaceSize: 1.00 GB
Initial GC threshold: 21.00 MB
Current GC threshold: 245.56 MB
CDS: on
MetaspaceReclaimPolicy: balanced
 - commit_granule_bytes: 65536.
 - commit_granule_words: 8192.
 - virtual_space_node_default_size: 8388608.
 - enlarge_chunks_in_place: 1.
 - new_chunks_are_fully_committed: 0.
 - uncommit_free_chunks: 1.
 - use_allocation_guard: 0.
 - handle_deallocations: 1.


Internal statistics:

num_allocs_failed_limit: 6.
num_arena_births: 1850.
num_arena_deaths: 14.
num_vsnodes_births: 4.
num_vsnodes_deaths: 0.
num_space_committed: 2391.
num_space_uncommitted: 0.
num_chunks_returned_to_freelist: 36.
num_chunks_taken_from_freelist: 7970.
num_chunk_merges: 8.
num_chunk_splits: 5635.
num_chunks_enlarged: 4168.
num_inconsistent_stats: 0.

CodeHeap 'non-profiled nmethods': size=259264Kb used=11586Kb max_used=11586Kb free=247677Kb
 bounds [0x0000027a102d0000, 0x0000027a10e30000, 0x0000027a20000000]
CodeHeap 'profiled nmethods': size=259264Kb used=42276Kb max_used=42276Kb free=216987Kb
 bounds [0x0000027a00000000, 0x0000027a02950000, 0x0000027a0fd30000]
CodeHeap 'non-nmethods': size=5760Kb used=1960Kb max_used=2046Kb free=3799Kb
 bounds [0x0000027a0fd30000, 0x0000027a0ffa0000, 0x0000027a102d0000]
 total_blobs=19060 nmethods=17953 adapters=1016
 compilation: enabled
              stopped_count=0, restarted_count=0
 full_count=0

Compilation events (20 events):
Event: 256.837 Thread 0x0000027ac517b330 20855       1       org.jetbrains.kotlin.fir.declarations.impl.FirFileImpl::getAnnotations-5e3fPpI (5 bytes)
Event: 256.837 Thread 0x0000027ac517b330 nmethod 20855 0x0000027a10e1d810 code [0x0000027a10e1d9a0, 0x0000027a10e1da78]
Event: 256.837 Thread 0x0000027ac517b330 20856       1       org.jetbrains.kotlin.fir.declarations.impl.FirPropertyImpl::isVar (5 bytes)
Event: 256.837 Thread 0x0000027ac517b330 nmethod 20856 0x0000027a10e1db10 code [0x0000027a10e1dca0, 0x0000027a10e1dd78]
Event: 256.838 Thread 0x0000027ac517b330 20857       1       org.jetbrains.kotlin.fir.declarations.impl.FirPrimaryConstructor::getTypeParameters (5 bytes)
Event: 256.838 Thread 0x0000027ac517b330 nmethod 20857 0x0000027a10e1de10 code [0x0000027a10e1dfa0, 0x0000027a10e1e078]
Event: 256.838 Thread 0x0000027ac517b330 20858       3       org.jetbrains.kotlin.fir.visitors.FirVisitor::visitControlFlowGraphReference (17 bytes)
Event: 256.839 Thread 0x0000027ac517b330 nmethod 20858 0x0000027a02921490 code [0x0000027a029216c0, 0x0000027a02921d48]
Event: 256.839 Thread 0x0000027ac517b330 20859       3       org.jetbrains.kotlin.fir.visitors.FirVisitor::visitFunctionCall (17 bytes)
Event: 256.840 Thread 0x0000027ac517b330 nmethod 20859 0x0000027a02921f90 code [0x0000027a029221c0, 0x0000027a02922848]
Event: 256.840 Thread 0x0000027ac517b330 20861       3       org.jetbrains.kotlin.fir.references.FirControlFlowGraphReference::accept (13 bytes)
Event: 256.841 Thread 0x0000027ac517b330 nmethod 20861 0x0000027a02922a90 code [0x0000027a02922cc0, 0x0000027a02923348]
Event: 256.841 Thread 0x0000027ac517b330 20860       3       org.jetbrains.kotlin.fir.visitors.FirVisitor::visitLiteralExpression (17 bytes)
Event: 256.841 Thread 0x0000027ac517b330 nmethod 20860 0x0000027a02923610 code [0x0000027a02923840, 0x0000027a02923ec8]
Event: 256.841 Thread 0x0000027ac517b330 20862       3       org.jetbrains.kotlin.kotlinx.collections.immutable.implementations.persistentOrderedMap.PersistentOrderedMapEntriesIterator::hasNext (8 bytes)
Event: 256.842 Thread 0x0000027ac517b330 nmethod 20862 0x0000027a02924110 code [0x0000027a029242c0, 0x0000027a02924588]
Event: 256.842 Thread 0x0000027ac517b330 20864       3       org.jetbrains.kotlin.fir.visitors.FirVisitor::visitAnnotationContainer (17 bytes)
Event: 256.843 Thread 0x0000027ac517b330 nmethod 20864 0x0000027a02924690 code [0x0000027a029248c0, 0x0000027a02925068]
Event: 256.843 Thread 0x0000027ac517b330 20863       1       org.jetbrains.kotlin.fir.declarations.impl.FirScriptImpl::getAnnotations-5e3fPpI (5 bytes)
Event: 256.843 Thread 0x0000027ac517b330 nmethod 20863 0x0000027a10e1e110 code [0x0000027a10e1e2a0, 0x0000027a10e1e378]

GC Heap History (20 events):
Event: 126.335 GC heap before
{Heap before GC invocations=71 (full 0):
 garbage-first heap   total 262144K, used 136439K [0x0000000600000000, 0x0000000800000000)
  region size 4096K, 3 young (12288K), 1 survivors (4096K)
 Metaspace       used 128987K, committed 129984K, reserved 1179648K
  class space    used 16804K, committed 17280K, reserved 1048576K
}
Event: 126.346 GC heap after
{Heap after GC invocations=72 (full 0):
 garbage-first heap   total 262144K, used 100938K [0x0000000600000000, 0x0000000800000000)
  region size 4096K, 1 young (4096K), 1 survivors (4096K)
 Metaspace       used 128987K, committed 129984K, reserved 1179648K
  class space    used 16804K, committed 17280K, reserved 1048576K
}
Event: 126.873 GC heap before
{Heap before GC invocations=72 (full 0):
 garbage-first heap   total 262144K, used 109130K [0x0000000600000000, 0x0000000800000000)
  region size 4096K, 3 young (12288K), 1 survivors (4096K)
 Metaspace       used 129459K, committed 130432K, reserved 1179648K
  class space    used 16864K, committed 17344K, reserved 1048576K
}
Event: 126.889 GC heap after
{Heap after GC invocations=73 (full 0):
 garbage-first heap   total 262144K, used 96087K [0x0000000600000000, 0x0000000800000000)
  region size 4096K, 1 young (4096K), 1 survivors (4096K)
 Metaspace       used 129459K, committed 130432K, reserved 1179648K
  class space    used 16864K, committed 17344K, reserved 1048576K
}
Event: 131.250 GC heap before
{Heap before GC invocations=73 (full 0):
 garbage-first heap   total 262144K, used 198487K [0x0000000600000000, 0x0000000800000000)
  region size 4096K, 24 young (98304K), 1 survivors (4096K)
 Metaspace       used 135596K, committed 136576K, reserved 1179648K
  class space    used 17639K, committed 18112K, reserved 1048576K
}
Event: 131.257 GC heap after
{Heap after GC invocations=74 (full 0):
 garbage-first heap   total 339968K, used 99168K [0x0000000600000000, 0x0000000800000000)
  region size 4096K, 1 young (4096K), 1 survivors (4096K)
 Metaspace       used 135596K, committed 136576K, reserved 1179648K
  class space    used 17639K, committed 18112K, reserved 1048576K
}
Event: 137.415 GC heap before
{Heap before GC invocations=74 (full 0):
 garbage-first heap   total 339968K, used 267104K [0x0000000600000000, 0x0000000800000000)
  region size 4096K, 42 young (172032K), 1 survivors (4096K)
 Metaspace       used 137267K, committed 138304K, reserved 1179648K
  class space    used 17749K, committed 18240K, reserved 1048576K
}
Event: 137.452 GC heap after
{Heap after GC invocations=75 (full 0):
 garbage-first heap   total 339968K, used 146766K [0x0000000600000000, 0x0000000800000000)
  region size 4096K, 6 young (24576K), 6 survivors (24576K)
 Metaspace       used 137267K, committed 138304K, reserved 1179648K
  class space    used 17749K, committed 18240K, reserved 1048576K
}
Event: 143.146 GC heap before
{Heap before GC invocations=75 (full 0):
 garbage-first heap   total 339968K, used 245070K [0x0000000600000000, 0x0000000800000000)
  region size 4096K, 30 young (122880K), 6 survivors (24576K)
 Metaspace       used 141906K, committed 142976K, reserved 1179648K
  class space    used 18373K, committed 18880K, reserved 1048576K
}
Event: 143.185 GC heap after
{Heap after GC invocations=76 (full 0):
 garbage-first heap   total 339968K, used 161433K [0x0000000600000000, 0x0000000800000000)
  region size 4096K, 4 young (16384K), 4 survivors (16384K)
 Metaspace       used 141906K, committed 142976K, reserved 1179648K
  class space    used 18373K, committed 18880K, reserved 1048576K
}
Event: 246.225 GC heap before
{Heap before GC invocations=76 (full 0):
 garbage-first heap   total 339968K, used 251545K [0x0000000600000000, 0x0000000800000000)
  region size 4096K, 26 young (106496K), 4 survivors (16384K)
 Metaspace       used 148618K, committed 149760K, reserved 1179648K
  class space    used 19348K, committed 19904K, reserved 1048576K
}
Event: 246.307 GC heap after
{Heap after GC invocations=77 (full 0):
 garbage-first heap   total 339968K, used 169331K [0x0000000600000000, 0x0000000800000000)
  region size 4096K, 2 young (8192K), 2 survivors (8192K)
 Metaspace       used 148618K, committed 149760K, reserved 1179648K
  class space    used 19348K, committed 19904K, reserved 1048576K
}
Event: 251.277 GC heap before
{Heap before GC invocations=77 (full 0):
 garbage-first heap   total 339968K, used 259443K [0x0000000600000000, 0x0000000800000000)
  region size 4096K, 25 young (102400K), 2 survivors (8192K)
 Metaspace       used 149745K, committed 150848K, reserved 1245184K
  class space    used 19435K, committed 19968K, reserved 1048576K
}
Event: 251.307 GC heap after
{Heap after GC invocations=78 (full 0):
 garbage-first heap   total 339968K, used 177158K [0x0000000600000000, 0x0000000800000000)
  region size 4096K, 4 young (16384K), 4 survivors (16384K)
 Metaspace       used 149745K, committed 150848K, reserved 1245184K
  class space    used 19435K, committed 19968K, reserved 1048576K
}
Event: 253.703 GC heap before
{Heap before GC invocations=79 (full 0):
 garbage-first heap   total 339968K, used 246790K [0x0000000600000000, 0x0000000800000000)
  region size 4096K, 26 young (106496K), 4 survivors (16384K)
 Metaspace       used 149917K, committed 151040K, reserved 1245184K
  class space    used 19447K, committed 19968K, reserved 1048576K
}
Event: 253.766 GC heap after
{Heap after GC invocations=80 (full 0):
 garbage-first heap   total 339968K, used 168739K [0x0000000600000000, 0x0000000800000000)
  region size 4096K, 3 young (12288K), 3 survivors (12288K)
 Metaspace       used 149917K, committed 151040K, reserved 1245184K
  class space    used 19447K, committed 19968K, reserved 1048576K
}
Event: 253.791 GC heap before
{Heap before GC invocations=80 (full 0):
 garbage-first heap   total 339968K, used 172835K [0x0000000600000000, 0x0000000800000000)
  region size 4096K, 4 young (16384K), 3 survivors (12288K)
 Metaspace       used 149917K, committed 151040K, reserved 1245184K
  class space    used 19447K, committed 19968K, reserved 1048576K
}
Event: 253.816 GC heap after
{Heap after GC invocations=81 (full 0):
 garbage-first heap   total 339968K, used 138478K [0x0000000600000000, 0x0000000800000000)
  region size 4096K, 1 young (4096K), 1 survivors (4096K)
 Metaspace       used 149917K, committed 151040K, reserved 1245184K
  class space    used 19447K, committed 19968K, reserved 1048576K
}
Event: 253.861 GC heap before
{Heap before GC invocations=81 (full 0):
 garbage-first heap   total 339968K, used 146670K [0x0000000600000000, 0x0000000800000000)
  region size 4096K, 4 young (16384K), 1 survivors (4096K)
 Metaspace       used 149917K, committed 151040K, reserved 1245184K
  class space    used 19447K, committed 19968K, reserved 1048576K
}
Event: 253.881 GC heap after
{Heap after GC invocations=82 (full 0):
 garbage-first heap   total 339968K, used 139606K [0x0000000600000000, 0x0000000800000000)
  region size 4096K, 1 young (4096K), 1 survivors (4096K)
 Metaspace       used 149917K, committed 151040K, reserved 1245184K
  class space    used 19447K, committed 19968K, reserved 1048576K
}

Dll operation events (16 events):
Event: 0.051 Loaded shared library C:\Program Files\Eclipse Adoptium\jdk-17.0.19.10-hotspot\bin\java.dll
Event: 0.215 Loaded shared library C:\Program Files\Eclipse Adoptium\jdk-17.0.19.10-hotspot\bin\jsvml.dll
Event: 0.680 Loaded shared library C:\Program Files\Eclipse Adoptium\jdk-17.0.19.10-hotspot\bin\zip.dll
Event: 0.684 Loaded shared library C:\Program Files\Eclipse Adoptium\jdk-17.0.19.10-hotspot\bin\instrument.dll
Event: 0.714 Loaded shared library C:\Program Files\Eclipse Adoptium\jdk-17.0.19.10-hotspot\bin\net.dll
Event: 0.730 Loaded shared library C:\Program Files\Eclipse Adoptium\jdk-17.0.19.10-hotspot\bin\nio.dll
Event: 0.734 Loaded shared library C:\Program Files\Eclipse Adoptium\jdk-17.0.19.10-hotspot\bin\zip.dll
Event: 1.911 Loaded shared library C:\Program Files\Eclipse Adoptium\jdk-17.0.19.10-hotspot\bin\jimage.dll
Event: 2.995 Loaded shared library C:\Program Files\Eclipse Adoptium\jdk-17.0.19.10-hotspot\bin\verify.dll
Event: 3.214 Loaded shared library C:\Users\admin\.gradle\native\1def1411415f61bf3af743bc5b6707747c0891f09f0c88961ee8f79bc544acac\windows-amd64\native-platform.dll
Event: 3.267 Loaded shared library C:\Users\admin\.gradle\native\0.2.8\x86_64-windows-gnu\gradle-fileevents.dll
Event: 8.478 Loaded shared library C:\Program Files\Eclipse Adoptium\jdk-17.0.19.10-hotspot\bin\management.dll
Event: 8.485 Loaded shared library C:\Program Files\Eclipse Adoptium\jdk-17.0.19.10-hotspot\bin\management_ext.dll
Event: 10.370 Loaded shared library C:\Program Files\Eclipse Adoptium\jdk-17.0.19.10-hotspot\bin\extnet.dll
Event: 10.976 Loaded shared library C:\Program Files\Eclipse Adoptium\jdk-17.0.19.10-hotspot\bin\sunmscapi.dll
Event: 152.381 Loaded shared library C:\Program Files\Eclipse Adoptium\jdk-17.0.19.10-hotspot\bin\rmi.dll

Deoptimization events (20 events):
Event: 254.710 Thread 0x0000027ac55772c0 Uncommon trap: trap_request=0xffffff45 fr.pc=0x0000027a10476a40 relative=0x0000000000000680
Event: 254.710 Thread 0x0000027ac55772c0 Uncommon trap: reason=unstable_if action=reinterpret pc=0x0000027a10476a40 method=org.jetbrains.kotlin.name.ClassId.asSingleFqName()Lorg/jetbrains/kotlin/name/FqName; @ 7 c2
Event: 254.710 Thread 0x0000027ac55772c0 DEOPT PACKING pc=0x0000027a10476a40 sp=0x000000cb156f2510
Event: 254.710 Thread 0x0000027ac55772c0 DEOPT UNPACKING pc=0x0000027a0fd869a3 sp=0x000000cb156f24e8 mode 2
Event: 255.354 Thread 0x0000027ac55772c0 Uncommon trap: trap_request=0xffffff45 fr.pc=0x0000027a10dcc08c relative=0x00000000000068ac
Event: 255.354 Thread 0x0000027ac55772c0 Uncommon trap: reason=unstable_if action=reinterpret pc=0x0000027a10dcc08c method=org.jetbrains.org.objectweb.asm.ClassReader.readMethod(Lorg/jetbrains/org/objectweb/asm/ClassVisitor;Lorg/jetbrains/org/objectweb/asm/Context;I)I @ 906 c2
Event: 255.354 Thread 0x0000027ac55772c0 DEOPT PACKING pc=0x0000027a10dcc08c sp=0x000000cb156edf70
Event: 255.354 Thread 0x0000027ac55772c0 DEOPT UNPACKING pc=0x0000027a0fd869a3 sp=0x000000cb156edf58 mode 2
Event: 255.354 Thread 0x0000027ac55772c0 Uncommon trap: trap_request=0xffffffbe fr.pc=0x0000027a10d6d168 relative=0x0000000000000148
Event: 255.399 Thread 0x0000027ac55772c0 Uncommon trap: reason=profile_predicate action=maybe_recompile pc=0x0000027a10d6d168 method=java.math.BigInteger.longValue()J @ 5 c2
Event: 255.399 Thread 0x0000027ac55772c0 DEOPT PACKING pc=0x0000027a10d6d168 sp=0x000000cb156ee0d0
Event: 255.408 Thread 0x0000027ac55772c0 DEOPT UNPACKING pc=0x0000027a0fd869a3 sp=0x000000cb156ee070 mode 2
Event: 255.408 Thread 0x0000027ac55772c0 Uncommon trap: trap_request=0xffffffbe fr.pc=0x0000027a10d6d168 relative=0x0000000000000148
Event: 255.408 Thread 0x0000027ac55772c0 Uncommon trap: reason=profile_predicate action=maybe_recompile pc=0x0000027a10d6d168 method=java.math.BigInteger.longValue()J @ 5 c2
Event: 255.408 Thread 0x0000027ac55772c0 DEOPT PACKING pc=0x0000027a10d6d168 sp=0x000000cb156ee0d0
Event: 255.408 Thread 0x0000027ac55772c0 DEOPT UNPACKING pc=0x0000027a0fd869a3 sp=0x000000cb156ee070 mode 2
Event: 255.901 Thread 0x0000027ac55772c0 Uncommon trap: trap_request=0xffffff45 fr.pc=0x0000027a10a82c48 relative=0x00000000000000a8
Event: 255.901 Thread 0x0000027ac55772c0 Uncommon trap: reason=unstable_if action=reinterpret pc=0x0000027a10a82c48 method=org.jetbrains.kotlin.fir.types.ConeTypeUtilsKt.lowerBoundIfFlexible(Lorg/jetbrains/kotlin/fir/types/ConeKotlinType;)Lorg/jetbrains/kotlin/fir/types/ConeRigidType; @ 26 c2
Event: 255.901 Thread 0x0000027ac55772c0 DEOPT PACKING pc=0x0000027a10a82c48 sp=0x000000cb156eff40
Event: 255.901 Thread 0x0000027ac55772c0 DEOPT UNPACKING pc=0x0000027a0fd869a3 sp=0x000000cb156efed8 mode 2

Classes loaded (20 events):
Event: 248.205 Loading class java/nio/StringCharBuffer
Event: 248.206 Loading class java/nio/StringCharBuffer done
Event: 248.215 Loading class java/nio/file/Files$2
Event: 248.216 Loading class java/nio/file/Files$2 done
Event: 248.590 Loading class sun/net/ProgressMonitor
Event: 248.591 Loading class sun/net/ProgressMonitor done
Event: 248.591 Loading class sun/net/DefaultProgressMeteringPolicy
Event: 248.591 Loading class sun/net/ProgressMeteringPolicy
Event: 248.592 Loading class sun/net/ProgressMeteringPolicy done
Event: 248.592 Loading class sun/net/DefaultProgressMeteringPolicy done
Event: 248.639 Loading class java/util/concurrent/ConcurrentLinkedQueue$Itr
Event: 248.640 Loading class java/util/concurrent/ConcurrentLinkedQueue$Itr done
Event: 249.153 Loading class java/util/Collections$ReverseComparator
Event: 249.153 Loading class java/util/Collections$ReverseComparator done
Event: 249.154 Loading class java/util/Comparators$NaturalOrderComparator
Event: 249.154 Loading class java/util/Comparators$NaturalOrderComparator done
Event: 249.154 Loading class java/util/Collections$ReverseComparator2
Event: 249.154 Loading class java/util/Collections$ReverseComparator2 done
Event: 250.829 Loading class jdk/internal/misc/ScopedMemoryAccess$Scope$Handle
Event: 250.830 Loading class jdk/internal/misc/ScopedMemoryAccess$Scope$Handle done

Classes unloaded (20 events):
Event: 76.511 Thread 0x0000027a7d6dcdb0 Unloading class 0x0000027a8169a000 '_BuildScript_'
Event: 76.511 Thread 0x0000027a7d6dcdb0 Unloading class 0x0000027a816988d8 '_BuildScript_$_run_closure1$_closure2'
Event: 76.511 Thread 0x0000027a7d6dcdb0 Unloading class 0x0000027a816984f0 '_BuildScript_$_run_closure1'
Event: 76.511 Thread 0x0000027a7d6dcdb0 Unloading class 0x0000027a81698000 '_BuildScript_'
Event: 76.511 Thread 0x0000027a7d6dcdb0 Unloading class 0x0000027a816943e8 '_BuildScript_$_run_closure1$_closure2$_closure3$_closure4'
Event: 76.511 Thread 0x0000027a7d6dcdb0 Unloading class 0x0000027a81694000 '_BuildScript_$_run_closure1$_closure2$_closure3'
Event: 76.511 Thread 0x0000027a7d6dcdb0 Unloading class 0x0000027a816938d8 '_BuildScript_$_run_closure1$_closure2'
Event: 76.511 Thread 0x0000027a7d6dcdb0 Unloading class 0x0000027a816934f0 '_BuildScript_$_run_closure1'
Event: 76.511 Thread 0x0000027a7d6dcdb0 Unloading class 0x0000027a81693000 '_BuildScript_'
Event: 76.511 Thread 0x0000027a7d6dcdb0 Unloading class 0x0000027a81691bb8 '_BuildScript_$_run_closure1$_closure2$_closure4$_closure5'
Event: 76.511 Thread 0x0000027a7d6dcdb0 Unloading class 0x0000027a816917d0 '_BuildScript_$_run_closure1$_closure2$_closure4'
Event: 76.511 Thread 0x0000027a7d6dcdb0 Unloading class 0x0000027a816913e8 '_BuildScript_$_run_closure1$_closure2$_closure3'
Event: 76.511 Thread 0x0000027a7d6dcdb0 Unloading class 0x0000027a81691000 '_BuildScript_$_run_closure1$_closure2'
Event: 76.511 Thread 0x0000027a7d6dcdb0 Unloading class 0x0000027a81690400 '_BuildScript_$_run_closure1'
Event: 76.511 Thread 0x0000027a7d6dcdb0 Unloading class 0x0000027a81690800 '_BuildScript_'
Event: 76.511 Thread 0x0000027a7d6dcdb0 Unloading class 0x0000027a8168a3e8 '_BuildScript_$_run_closure1$_closure2$_closure3$_closure4'
Event: 76.511 Thread 0x0000027a7d6dcdb0 Unloading class 0x0000027a8168a000 '_BuildScript_$_run_closure1$_closure2$_closure3'
Event: 76.511 Thread 0x0000027a7d6dcdb0 Unloading class 0x0000027a815e03e8 '_BuildScript_$_run_closure1$_closure2'
Event: 76.511 Thread 0x0000027a7d6dcdb0 Unloading class 0x0000027a815e0000 '_BuildScript_$_run_closure1'
Event: 76.511 Thread 0x0000027a7d6dcdb0 Unloading class 0x0000027a815d0800 '_BuildScript_'

Classes redefined (0 events):
No events

Internal exceptions (20 events):
Event: 247.790 Thread 0x0000027acaadbf00 Exception <a 'sun/nio/fs/WindowsException'{0x00000006148be938}> (0x00000006148be938) 
thrown [s\src\hotspot\share\prims\jni.cpp, line 516]
Event: 247.792 Thread 0x0000027acaadbf00 Exception <a 'sun/nio/fs/WindowsException'{0x00000006148c0a88}> (0x00000006148c0a88) 
thrown [s\src\hotspot\share\prims\jni.cpp, line 516]
Event: 247.793 Thread 0x0000027acaadbf00 Exception <a 'sun/nio/fs/WindowsException'{0x00000006148c2970}> (0x00000006148c2970) 
thrown [s\src\hotspot\share\prims\jni.cpp, line 516]
Event: 247.835 Thread 0x0000027acaadbf00 Exception <a 'sun/nio/fs/WindowsException'{0x00000006144c5590}> (0x00000006144c5590) 
thrown [s\src\hotspot\share\prims\jni.cpp, line 516]
Event: 247.837 Thread 0x0000027acaadbf00 Exception <a 'sun/nio/fs/WindowsException'{0x00000006144c7698}> (0x00000006144c7698) 
thrown [s\src\hotspot\share\prims\jni.cpp, line 516]
Event: 247.840 Thread 0x0000027acaadbf00 Exception <a 'sun/nio/fs/WindowsException'{0x00000006144c9508}> (0x00000006144c9508) 
thrown [s\src\hotspot\share\prims\jni.cpp, line 516]
Event: 249.603 Thread 0x0000027ac5578c10 Implicit null exception at 0x0000027a107dd148 to 0x0000027a107dff98
Event: 253.608 Thread 0x0000027ac55772c0 Exception <a 'sun/nio/fs/WindowsException'{0x000000060feb2400}> (0x000000060feb2400) 
thrown [s\src\hotspot\share\prims\jni.cpp, line 516]
Event: 253.608 Thread 0x0000027ac55772c0 Exception <a 'sun/nio/fs/WindowsException'{0x000000060feb44a8}> (0x000000060feb44a8) 
thrown [s\src\hotspot\share\prims\jni.cpp, line 516]
Event: 253.661 Thread 0x0000027ac55772c0 Exception <a 'java/lang/NoSuchMethodError'{0x000000060f9ce200}: 'void java.lang.invoke.DirectMethodHandle$Holder.invokeSpecial(java.lang.Object, java.lang.Object, int, int)'> (0x000000060f9ce200) 
thrown [s\src\hotspot\share\interpreter\linkResolver.cpp, line 759]
Event: 255.339 Thread 0x0000027ac55772c0 Exception <a 'java/lang/NoSuchMethodError'{0x000000060f8996b8}: 'java.lang.Object java.lang.invoke.DirectMethodHandle$Holder.newInvokeSpecial(java.lang.Object, java.lang.Object, java.lang.Object, java.lang.Object, java.lang.Object, java.lang.Object, java.lang.Object, java.lang.Object, java.lang.Object)'> (0x000000060f8996b8) 
thrown [s\src\hotspot\share\interpreter\linkResolver.cpp, line 759]
Event: 255.340 Thread 0x0000027ac55772c0 Exception <a 'java/lang/NoSuchMethodError'{0x000000060f89ff30}: 'java.lang.Object java.lang.invoke.Invokers$Holder.linkToTargetMethod(java.lang.Object, java.lang.Object, java.lang.Object, java.lang.Object, java.lang.Object, java.lang.Object, java.lang.Object, java.lang.Object, java.lang.Object)'> (0x000000060f89ff30) 
thrown [s\src\hotspot\share\interpreter\linkResolver.cpp, line 759]
Event: 255.448 Thread 0x0000027ac55772c0 Exception <a 'java/lang/NoSuchMethodError'{0x000000060f99f580}: 'java.lang.Object java.lang.invoke.DirectMethodHandle$Holder.invokeStatic(java.lang.Object, java.lang.Object, java.lang.Object, int, java.lang.Object, java.lang.Object)'> (0x000000060f99f580) 
thrown [s\src\hotspot\share\interpreter\linkResolver.cpp, line 759]
Event: 255.647 Thread 0x0000027ac55772c0 Exception <a 'java/lang/NoSuchMethodError'{0x000000060fa6c140}: 'int java.lang.invoke.DirectMethodHandle$Holder.invokeStatic(java.lang.Object, java.lang.Object, java.lang.Object, java.lang.Object, java.lang.Object, int, java.lang.Object)'> (0x000000060fa6c140) 
thrown [s\src\hotspot\share\interpreter\linkResolver.cpp, line 759]
Event: 255.648 Thread 0x0000027ac55772c0 Exception <a 'java/lang/NoSuchMethodError'{0x000000060fa76a08}: 'java.lang.Object java.lang.invoke.DirectMethodHandle$Holder.newInvokeSpecial(java.lang.Object, java.lang.Object, java.lang.Object, java.lang.Object, java.lang.Object, int)'> (0x000000060fa76a08) 
thrown [s\src\hotspot\share\interpreter\linkResolver.cpp, line 759]
Event: 255.649 Thread 0x0000027ac55772c0 Exception <a 'java/lang/NoSuchMethodError'{0x000000060fa7cf20}: 'java.lang.Object java.lang.invoke.DirectMethodHandle$Holder.invokeSpecial(java.lang.Object, java.lang.Object, java.lang.Object, java.lang.Object, java.lang.Object, java.lang.Object, int)'> (0x000000060fa7cf20) 
thrown [s\src\hotspot\share\interpreter\linkResolver.cpp, line 759]
Event: 255.650 Thread 0x0000027ac55772c0 Exception <a 'java/lang/NoSuchMethodError'{0x000000060fa82a88}: 'java.lang.Object java.lang.invoke.Invokers$Holder.linkToTargetMethod(java.lang.Object, java.lang.Object, java.lang.Object, java.lang.Object, int, java.lang.Object)'> (0x000000060fa82a88) 
thrown [s\src\hotspot\share\interpreter\linkResolver.cpp, line 759]
Event: 255.928 Thread 0x0000027ac55772c0 Exception <a 'java/lang/NoSuchMethodError'{0x000000060f570ce0}: 'java.lang.Object java.lang.invoke.DirectMethodHandle$Holder.invokeStatic(java.lang.Object, int, java.lang.Object, java.lang.Object, java.lang.Object, java.lang.Object, java.lang.Object)'> (0x000000060f570ce0) 
thrown [s\src\hotspot\share\interpreter\linkResolver.cpp, line 759]
Event: 255.929 Thread 0x0000027ac55772c0 Exception <a 'java/lang/NoSuchMethodError'{0x000000060f57c470}: 'java.lang.Object java.lang.invoke.DirectMethodHandle$Holder.newInvokeSpecial(java.lang.Object, int, java.lang.Object, java.lang.Object, java.lang.Object)'> (0x000000060f57c470) 
thrown [s\src\hotspot\share\interpreter\linkResolver.cpp, line 759]
Event: 255.930 Thread 0x0000027ac55772c0 Exception <a 'java/lang/NoSuchMethodError'{0x000000060f5828f0}: 'java.lang.Object java.lang.invoke.DirectMethodHandle$Holder.invokeSpecial(java.lang.Object, java.lang.Object, int, java.lang.Object, java.lang.Object, java.lang.Object)'> (0x000000060f5828f0) 
thrown [s\src\hotspot\share\interpreter\linkResolver.cpp, line 759]

VM Operations (20 events):
Event: 253.791 Executing VM operation: G1CollectForAllocation
Event: 253.816 Executing VM operation: G1CollectForAllocation done
Event: 253.861 Executing VM operation: G1CollectForAllocation
Event: 253.881 Executing VM operation: G1CollectForAllocation done
Event: 254.195 Executing VM operation: HandshakeAllThreads
Event: 254.196 Executing VM operation: HandshakeAllThreads done
Event: 255.196 Executing VM operation: Cleanup
Event: 255.328 Executing VM operation: Cleanup done
Event: 255.708 Executing VM operation: HandshakeAllThreads
Event: 255.708 Executing VM operation: HandshakeAllThreads done
Event: 255.797 Executing VM operation: HandshakeAllThreads
Event: 255.797 Executing VM operation: HandshakeAllThreads done
Event: 255.997 Executing VM operation: HandshakeAllThreads
Event: 255.997 Executing VM operation: HandshakeAllThreads done
Event: 256.304 Executing VM operation: ICBufferFull
Event: 256.304 Executing VM operation: ICBufferFull done
Event: 256.428 Executing VM operation: HandshakeAllThreads
Event: 256.428 Executing VM operation: HandshakeAllThreads done
Event: 256.431 Executing VM operation: HandshakeAllThreads
Event: 256.431 Executing VM operation: HandshakeAllThreads done

Memory protections (0 events):
No events

Nmethod flushes (20 events):
Event: 152.387 Thread 0x0000027ac5182510 flushing  nmethod 0x0000027a021e7310
Event: 152.387 Thread 0x0000027ac5182510 flushing  nmethod 0x0000027a021ea010
Event: 152.387 Thread 0x0000027ac5182510 flushing  nmethod 0x0000027a02225a90
Event: 152.387 Thread 0x0000027ac5182510 flushing  nmethod 0x0000027a0225a710
Event: 152.387 Thread 0x0000027ac5182510 flushing  nmethod 0x0000027a02287a10
Event: 152.389 Thread 0x0000027ac5182510 flushing  nmethod 0x0000027a02398210
Event: 152.389 Thread 0x0000027ac5182510 flushing  nmethod 0x0000027a02398610
Event: 152.389 Thread 0x0000027ac5182510 flushing  nmethod 0x0000027a023bc590
Event: 152.389 Thread 0x0000027ac5182510 flushing  nmethod 0x0000027a023eb790
Event: 152.389 Thread 0x0000027ac5182510 flushing  nmethod 0x0000027a023ec010
Event: 152.389 Thread 0x0000027ac5182510 flushing  nmethod 0x0000027a023ec610
Event: 152.389 Thread 0x0000027ac5182510 flushing  nmethod 0x0000027a02430e10
Event: 152.389 Thread 0x0000027ac5182510 flushing  nmethod 0x0000027a0244a110
Event: 152.389 Thread 0x0000027ac5182510 flushing  nmethod 0x0000027a0244a490
Event: 152.389 Thread 0x0000027ac5182510 flushing  nmethod 0x0000027a02460090
Event: 254.196 Thread 0x0000027ac5182510 flushing  nmethod 0x0000027a1032b010
Event: 254.216 Thread 0x0000027ac5182510 flushing  nmethod 0x0000027a006eeb90
Event: 254.216 Thread 0x0000027ac5182510 flushing  nmethod 0x0000027a006efb90
Event: 254.239 Thread 0x0000027ac5182510 flushing  nmethod 0x0000027a019a8110
Event: 254.252 Thread 0x0000027ac5182510 flushing  nmethod 0x0000027a02515490

Events (20 events):
Event: 249.279 Thread 0x0000027ac55772c0 Thread added: 0x0000027acaecdb30
Event: 249.279 Thread 0x0000027ac55772c0 Thread added: 0x0000027acaece040
Event: 249.598 Thread 0x0000027ac55772c0 Thread added: 0x0000027ac5578c10
Event: 249.609 Thread 0x0000027ac55772c0 Thread added: 0x0000027ac9f764e0
Event: 249.613 Thread 0x0000027ac55772c0 Thread added: 0x0000027ac7134070
Event: 249.627 Thread 0x0000027ac55772c0 Thread added: 0x0000027ac71368f0
Event: 249.633 Thread 0x0000027ac55772c0 Thread added: 0x0000027ac71359c0
Event: 249.642 Thread 0x0000027ac55772c0 Thread added: 0x0000027ac7137820
Event: 249.658 Thread 0x0000027ac55772c0 Thread added: 0x0000027ac7138240
Event: 250.385 Thread 0x0000027ac55772c0 Thread added: 0x0000027ac7134a90
Event: 250.387 Thread 0x0000027ac55772c0 Thread added: 0x0000027ac713b4e0
Event: 250.389 Thread 0x0000027ac55772c0 Thread added: 0x0000027ac71354b0
Event: 250.390 Thread 0x0000027ac55772c0 Thread added: 0x0000027ac7138c60
Event: 250.390 Thread 0x0000027ac55772c0 Thread added: 0x0000027ac7135ed0
Event: 250.391 Thread 0x0000027ac55772c0 Thread added: 0x0000027ac713aac0
Event: 250.392 Thread 0x0000027ac55772c0 Thread added: 0x0000027ac713a0a0
Event: 251.806 Thread 0x0000027ac9412080 Thread exited: 0x0000027ac9412080
Event: 252.694 Thread 0x0000027a7d6feb70 Thread added: 0x0000027ac74b9f60
Event: 255.771 Thread 0x0000027ac74b9f60 Thread exited: 0x0000027ac74b9f60
Event: 256.114 Thread 0x0000027ac517b330 Thread added: 0x0000027ac74b3520


Dynamic libraries:
0x00007ff611d00000 - 0x00007ff611d0e000 	C:\Program Files\Eclipse Adoptium\jdk-17.0.19.10-hotspot\bin\java.exe
0x00007ffc36af0000 - 0x00007ffc36d07000 	C:\WINDOWS\SYSTEM32\ntdll.dll
0x00007ffc353c0000 - 0x00007ffc35484000 	C:\WINDOWS\System32\KERNEL32.DLL
0x00007ffc34020000 - 0x00007ffc343f2000 	C:\WINDOWS\System32\KERNELBASE.dll
0x00007ffc344b0000 - 0x00007ffc345c1000 	C:\WINDOWS\System32\ucrtbase.dll
0x00007ffc2c2f0000 - 0x00007ffc2c308000 	C:\Program Files\Eclipse Adoptium\jdk-17.0.19.10-hotspot\bin\jli.dll
0x00007ffc35900000 - 0x00007ffc35ab1000 	C:\WINDOWS\System32\USER32.dll
0x00007ffc33f50000 - 0x00007ffc33f76000 	C:\WINDOWS\System32\win32u.dll
0x00007ffc35bb0000 - 0x00007ffc35bd9000 	C:\WINDOWS\System32\GDI32.dll
0x00007ffc345d0000 - 0x00007ffc346f3000 	C:\WINDOWS\System32\gdi32full.dll
0x00007ffc33f80000 - 0x00007ffc3401a000 	C:\WINDOWS\System32\msvcp_win.dll
0x00007ffc2c2b0000 - 0x00007ffc2c2ce000 	C:\Program Files\Eclipse Adoptium\jdk-17.0.19.10-hotspot\bin\VCRUNTIME140.dll
0x00007ffc1eab0000 - 0x00007ffc1ed4b000 	C:\WINDOWS\WinSxS\amd64_microsoft.windows.common-controls_6595b64144ccf1df_6.0.22621.5547_none_27104afb73855772\COMCTL32.dll
0x00007ffc356b0000 - 0x00007ffc35757000 	C:\WINDOWS\System32\msvcrt.dll
0x00007ffc35be0000 - 0x00007ffc35c11000 	C:\WINDOWS\System32\IMM32.DLL
0x00007ffc2bb70000 - 0x00007ffc2bb7c000 	C:\Program Files\Eclipse Adoptium\jdk-17.0.19.10-hotspot\bin\vcruntime140_1.dll
0x00007ffc11670000 - 0x00007ffc116fd000 	C:\Program Files\Eclipse Adoptium\jdk-17.0.19.10-hotspot\bin\msvcp140.dll
0x00007ffbb9070000 - 0x00007ffbb9cdc000 	C:\Program Files\Eclipse Adoptium\jdk-17.0.19.10-hotspot\bin\server\jvm.dll
0x00007ffc35c20000 - 0x00007ffc35cd1000 	C:\WINDOWS\System32\ADVAPI32.dll
0x00007ffc35f00000 - 0x00007ffc35fa8000 	C:\WINDOWS\System32\sechost.dll
0x00007ffc34480000 - 0x00007ffc344a8000 	C:\WINDOWS\System32\bcrypt.dll
0x00007ffc367f0000 - 0x00007ffc36904000 	C:\WINDOWS\System32\RPCRT4.dll
0x00007ffc35ac0000 - 0x00007ffc35b31000 	C:\WINDOWS\System32\WS2_32.dll
0x00007ffc33850000 - 0x00007ffc3389d000 	C:\WINDOWS\SYSTEM32\POWRPROF.dll
0x00007ffc2aea0000 - 0x00007ffc2aed4000 	C:\WINDOWS\SYSTEM32\WINMM.dll
0x00007ffc267a0000 - 0x00007ffc267aa000 	C:\WINDOWS\SYSTEM32\VERSION.dll
0x00007ffc33830000 - 0x00007ffc33843000 	C:\WINDOWS\SYSTEM32\UMPDC.dll
0x00007ffc32bd0000 - 0x00007ffc32be8000 	C:\WINDOWS\SYSTEM32\kernel.appcore.dll
0x00007ffc2bb60000 - 0x00007ffc2bb6a000 	C:\Program Files\Eclipse Adoptium\jdk-17.0.19.10-hotspot\bin\jimage.dll
0x00007ffc2e350000 - 0x00007ffc2e583000 	C:\WINDOWS\SYSTEM32\DBGHELP.DLL
0x00007ffc36450000 - 0x00007ffc367e3000 	C:\WINDOWS\System32\combase.dll
0x00007ffc34830000 - 0x00007ffc34907000 	C:\WINDOWS\System32\OLEAUT32.dll
0x00007ffc1ce00000 - 0x00007ffc1ce32000 	C:\WINDOWS\SYSTEM32\dbgcore.DLL
0x00007ffc34400000 - 0x00007ffc3447b000 	C:\WINDOWS\System32\bcryptPrimitives.dll
0x00007ffc29560000 - 0x00007ffc2956e000 	C:\Program Files\Eclipse Adoptium\jdk-17.0.19.10-hotspot\bin\instrument.dll
0x00007ffc28a20000 - 0x00007ffc28a45000 	C:\Program Files\Eclipse Adoptium\jdk-17.0.19.10-hotspot\bin\java.dll
0x00007ffc02640000 - 0x00007ffc02717000 	C:\Program Files\Eclipse Adoptium\jdk-17.0.19.10-hotspot\bin\jsvml.dll
0x00007ffc34b10000 - 0x00007ffc353b2000 	C:\WINDOWS\System32\SHELL32.dll
0x00007ffc33ca0000 - 0x00007ffc33ddf000 	C:\WINDOWS\System32\wintypes.dll
0x00007ffc31ac0000 - 0x00007ffc323dd000 	C:\WINDOWS\SYSTEM32\windows.storage.dll
0x00007ffc34980000 - 0x00007ffc34a8c000 	C:\WINDOWS\System32\SHCORE.dll
0x00007ffc36930000 - 0x00007ffc36999000 	C:\WINDOWS\System32\shlwapi.dll
0x00007ffc33b10000 - 0x00007ffc33b3b000 	C:\WINDOWS\SYSTEM32\profapi.dll
0x00007ffc1dd50000 - 0x00007ffc1dd68000 	C:\Program Files\Eclipse Adoptium\jdk-17.0.19.10-hotspot\bin\zip.dll
0x00007ffc13f40000 - 0x00007ffc13f5a000 	C:\Program Files\Eclipse Adoptium\jdk-17.0.19.10-hotspot\bin\net.dll
0x00007ffc29310000 - 0x00007ffc2943c000 	C:\WINDOWS\SYSTEM32\WINHTTP.dll
0x00007ffc33040000 - 0x00007ffc330a9000 	C:\WINDOWS\system32\mswsock.dll
0x00007ffc11e30000 - 0x00007ffc11e46000 	C:\Program Files\Eclipse Adoptium\jdk-17.0.19.10-hotspot\bin\nio.dll
0x00007ffc28a10000 - 0x00007ffc28a20000 	C:\Program Files\Eclipse Adoptium\jdk-17.0.19.10-hotspot\bin\verify.dll
0x00007ffc288f0000 - 0x00007ffc28917000 	C:\Users\admin\.gradle\native\1def1411415f61bf3af743bc5b6707747c0891f09f0c88961ee8f79bc544acac\windows-amd64\native-platform.dll
0x00007ffc287d0000 - 0x00007ffc28847000 	C:\Users\admin\.gradle\native\0.2.8\x86_64-windows-gnu\gradle-fileevents.dll
0x00007ffc1c600000 - 0x00007ffc1c60a000 	C:\Program Files\Eclipse Adoptium\jdk-17.0.19.10-hotspot\bin\management.dll
0x00007ffc16b60000 - 0x00007ffc16b6c000 	C:\Program Files\Eclipse Adoptium\jdk-17.0.19.10-hotspot\bin\management_ext.dll
0x00007ffc36440000 - 0x00007ffc36448000 	C:\WINDOWS\System32\PSAPI.DLL
0x00007ffc32640000 - 0x00007ffc3266d000 	C:\WINDOWS\SYSTEM32\IPHLPAPI.DLL
0x00007ffc35b40000 - 0x00007ffc35b49000 	C:\WINDOWS\System32\NSI.dll
0x00007ffc292f0000 - 0x00007ffc29309000 	C:\WINDOWS\SYSTEM32\dhcpcsvc6.DLL
0x00007ffc292d0000 - 0x00007ffc292ef000 	C:\WINDOWS\SYSTEM32\dhcpcsvc.DLL
0x00007ffc326b0000 - 0x00007ffc327a8000 	C:\WINDOWS\SYSTEM32\DNSAPI.dll
0x00007ffc13940000 - 0x00007ffc13949000 	C:\Program Files\Eclipse Adoptium\jdk-17.0.19.10-hotspot\bin\extnet.dll
0x00007ffc33390000 - 0x00007ffc333ab000 	C:\WINDOWS\SYSTEM32\CRYPTSP.dll
0x00007ffc32b30000 - 0x00007ffc32b67000 	C:\WINDOWS\system32\rsaenh.dll
0x00007ffc330e0000 - 0x00007ffc33108000 	C:\WINDOWS\SYSTEM32\USERENV.dll
0x00007ffc33370000 - 0x00007ffc3337c000 	C:\WINDOWS\SYSTEM32\CRYPTBASE.dll
0x00007ffc12110000 - 0x00007ffc1211e000 	C:\Program Files\Eclipse Adoptium\jdk-17.0.19.10-hotspot\bin\sunmscapi.dll
0x00007ffc33de0000 - 0x00007ffc33f47000 	C:\WINDOWS\System32\CRYPT32.dll
0x00007ffc33510000 - 0x00007ffc3353d000 	C:\WINDOWS\SYSTEM32\ncrypt.dll
0x00007ffc334d0000 - 0x00007ffc33507000 	C:\WINDOWS\SYSTEM32\NTASN1.dll
0x00007ffc2c6f0000 - 0x00007ffc2c6f8000 	C:\WINDOWS\system32\wshunix.dll
0x00007ffc118e0000 - 0x00007ffc118e7000 	C:\Program Files\Eclipse Adoptium\jdk-17.0.19.10-hotspot\bin\rmi.dll

dbghelp: loaded successfully - version: 4.0.5 - missing functions: none
symbol engine: initialized successfully - sym options: 0x614 - pdb path: .;C:\Program Files\Eclipse Adoptium\jdk-17.0.19.10-hotspot\bin;C:\WINDOWS\SYSTEM32;C:\WINDOWS\WinSxS\amd64_microsoft.windows.common-controls_6595b64144ccf1df_6.0.22621.5547_none_27104afb73855772;C:\Program Files\Eclipse Adoptium\jdk-17.0.19.10-hotspot\bin\server;C:\Users\admin\.gradle\native\1def1411415f61bf3af743bc5b6707747c0891f09f0c88961ee8f79bc544acac\windows-amd64;C:\Users\admin\.gradle\native\0.2.8\x86_64-windows-gnu

VM Arguments:
jvm_args: --add-opens=java.base/java.lang=ALL-UNNAMED --add-opens=java.base/java.lang.invoke=ALL-UNNAMED --add-opens=java.base/java.util=ALL-UNNAMED --add-opens=java.prefs/java.util.prefs=ALL-UNNAMED --add-exports=jdk.compiler/com.sun.tools.javac.api=ALL-UNNAMED --add-exports=jdk.compiler/com.sun.tools.javac.util=ALL-UNNAMED --add-opens=java.base/java.util=ALL-UNNAMED --add-opens=java.prefs/java.util.prefs=ALL-UNNAMED --add-opens=java.base/java.nio.charset=ALL-UNNAMED --add-opens=java.base/java.net=ALL-UNNAMED --add-opens=java.base/java.util.concurrent=ALL-UNNAMED --add-opens=java.base/java.util.concurrent.atomic=ALL-UNNAMED --add-opens=java.xml/javax.xml.namespace=ALL-UNNAMED --add-opens=java.base/java.time=ALL-UNNAMED -XX:MaxMetaspaceSize=4G -XX:ReservedCodeCacheSize=512m -XX:+HeapDumpOnOutOfMemoryError -Xmx8G -Dfile.encoding=UTF-8 -Duser.country=FR -Duser.language=fr -Duser.variant -javaagent:C:\Users\admin\.gradle\wrapper\dists\gradle-9.1.0-all\7wzd0jkjit61aq2p43wpjgij9\gradle-9.1.0\lib\agents\gradle-instrumentation-agent-9.1.0.jar 
java_command: org.gradle.launcher.daemon.bootstrap.GradleDaemon 9.1.0
java_class_path (initial): C:\Users\admin\.gradle\wrapper\dists\gradle-9.1.0-all\7wzd0jkjit61aq2p43wpjgij9\gradle-9.1.0\lib\gradle-daemon-main-9.1.0.jar
Launcher Type: SUN_STANDARD

[Global flags]
     intx CICompilerCount                          = 4                                         {product} {ergonomic}
     uint ConcGCThreads                            = 2                                         {product} {ergonomic}
     uint G1ConcRefinementThreads                  = 8                                         {product} {ergonomic}
   size_t G1HeapRegionSize                         = 4194304                                   {product} {ergonomic}
    uintx GCDrainStackTargetSize                   = 64                                        {product} {ergonomic}
     bool HeapDumpOnOutOfMemoryError               = true                                   {manageable} {command line}
   size_t InitialHeapSize                          = 134217728                                 {product} {ergonomic}
   size_t MarkStackSize                            = 4194304                                   {product} {ergonomic}
   size_t MaxHeapSize                              = 8589934592                                {product} {command line}
   size_t MaxMetaspaceSize                         = 4294967296                                {product} {command line}
   size_t MaxNewSize                               = 5150605312                                {product} {ergonomic}
   size_t MinHeapDeltaBytes                        = 4194304                                   {product} {ergonomic}
   size_t MinHeapSize                              = 8388608                                   {product} {ergonomic}
    uintx NonNMethodCodeHeapSize                   = 5839372                                {pd product} {ergonomic}
    uintx NonProfiledCodeHeapSize                  = 265515770                              {pd product} {ergonomic}
    uintx ProfiledCodeHeapSize                     = 265515770                              {pd product} {ergonomic}
    uintx ReservedCodeCacheSize                    = 536870912                              {pd product} {command line}
     bool SegmentedCodeCache                       = true                                      {product} {ergonomic}
   size_t SoftMaxHeapSize                          = 8589934592                             {manageable} {ergonomic}
   double SweeperThreshold                         = 0.234375                                  {product} {ergonomic}
     bool UseCompressedClassPointers               = true                           {product lp64_product} {ergonomic}
     bool UseCompressedOops                        = true                           {product lp64_product} {ergonomic}
     bool UseG1GC                                  = true                                      {product} {ergonomic}
     bool UseLargePagesIndividualAllocation        = false                                  {pd product} {ergonomic}

Logging:
Log output configuration:
 #0: stdout all=warning uptime,level,tags
 #1: stderr all=off uptime,level,tags

Environment Variables:
JAVA_HOME=C:\Program Files\Eclipse Adoptium\jdk-25.0.1.8-hotspot
PATH=C:\Program Files\Eclipse Adoptium\jdk-17.0.19.10-hotspot\bin;C:\Program Files (x86)\VMware\VMware Workstation\bin\;C:\Program Files\Python312\Scripts\;C:\Program Files\Python312\;C:\WINDOWS\system32;C:\WINDOWS;C:\WINDOWS\System32\Wbem;C:\WINDOWS\System32\WindowsPowerShell\v1.0\;C:\WINDOWS\System32\OpenSSH\;C:\Program Files (x86)\Microsoft SQL Server\160\Tools\Binn\;C:\Program Files\Microsoft SQL Server\160\Tools\Binn\;C:\Program Files\Microsoft SQL Server\Client SDK\ODBC\170\Tools\Binn\;C:\Program Files\Microsoft SQL Server\160\DTS\Binn\;C:\Program Files (x86)\Microsoft SQL Server\160\DTS\Binn\;C:\Windows\system32\python;C:\sqlite3;C:\Program Files\nodejs\;C:\MinGW\bin;C:\curl\bin;C:\curl\include;C:\MinGW;C:\MinGW\lib;C:\GnuWin32\bin;C:\OpenSSL-Win64\bin;C:\Program Files\PostgreSQL\17\bin;C:\Program Files\Eclipse Adoptium\jdk-25.0.1.8-hotspot\bin;C:\Program Files\Heroku\bin;C:\Program Files\Git\cmd;C:\Program Files (x86)\VMware\VMware Workstation\bin\;C:\Program Files\Python312\Scripts\;C:\Program Files\Python312\;C:\WINDOWS\system32;C:\WINDOWS;C:\WINDOWS\System32\Wbem;C:\WINDOWS\System32\WindowsPowerShell\v1.0\;C:\WINDOWS\System32\OpenSSH\;C:\Program Files (x86)\Microsoft SQL Server\160\Tools\Binn\;C:\Program Files\Microsoft SQL Server\160\Tools\Binn\;C:\Program Files\Microsoft SQL Server\Client SDK\ODBC\170\Tools\Binn\;C:\Program Files\Microsoft SQL Server\160\DTS\Binn\;C:\Program Files (x86)\Microsoft SQL Server\160\DTS\Binn\;C:\Windows\system32\python;C:\sqlite3;C:\Program Files\nodejs\;C:\MinGW\bin;C:\curl\bin;C:\curl\include;C:\MinGW;C:\MinGW\lib;C:\GnuWin32\bin;C:\OpenSSL-Win64\bin;C:\Program Files\PostgreSQL\17\bin;C:\Program Files\Eclipse Adoptium\jdk-25.0.1.8-hotspot\bin;C:\Program Files\Git\cmd;C:\Program Files\Docker\Docker\resources\bin;C:\Program Files\Heroku\bin;C:\Users\admin\AppData\Local\Programs\Microsoft VS Code;C:\Program Files\P;C:\flutter\bin\flutter;C:\flutter\bin;C:\Users\admin\AppData\Local\Programs\Microsoft VS Code\bin
USERNAME=admin
OS=Windows_NT
PROCESSOR_IDENTIFIER=Intel64 Family 6 Model 142 Stepping 10, GenuineIntel
TMP=C:\Users\admin\AppData\Local\Temp
TEMP=C:\Users\admin\AppData\Local\Temp



Periodic native trim disabled


---------------  S Y S T E M  ---------------

OS:
 Windows 11 , 64 bit Build 22621 (10.0.22621.5415)
OS uptime: 0 days 0:33 hours
Hyper-V role detected

CPU: total 8 (initial active 8) (4 cores per cpu, 2 threads per core) family 6 model 142 stepping 10 microcode 0xf4, cx8, cmov, fxsr, ht, mmx, 3dnowpref, sse, sse2, sse3, ssse3, sse4.1, sse4.2, popcnt, lzcnt, tsc, tscinvbit, avx, avx2, aes, erms, clmul, bmi1, bmi2, rtm, adx, fma, vzeroupper, clflush, clflushopt, hv
Processor Information for all 8 processors :
  Max Mhz: 1896, Current Mhz: 1696, Mhz Limit: 1687

Memory: 4k page, system-wide physical 8070M (680M free)
TotalPageFile size 15510M (AvailPageFile size 97M)
current process WorkingSet (physical memory assigned to process): 561M, peak: 692M
current process commit charge ("private bytes"): 773M, peak: 777M

vm_info: OpenJDK 64-Bit Server VM (17.0.19+10) for windows-amd64 JRE (17.0.19+10), built on Apr 25 2026 08:04:44 by "admin" with MS VC++ 17.12 (VS2022)

END.
