#
# There is insufficient memory for the Java Runtime Environment to continue.
# Native memory allocation (malloc) failed to allocate 1740656 bytes. Error detail: Chunk::new
# Possible reasons:
#   The system is out of physical RAM or swap space
#   This process is running with CompressedOops enabled, and the Java Heap may be blocking the growth of the native heap
# Possible solutions:
#   Reduce memory load on the system
#   Increase physical memory or swap space
#   Check if swap backing store is full
#   Decrease Java heap size (-Xmx/-Xms)
#   Decrease number of Java threads
#   Decrease Java thread stack sizes (-Xss)
#   Set larger code cache with -XX:ReservedCodeCacheSize=
#   JVM is running with Zero Based Compressed Oops mode in which the Java heap is
#     placed in the first 32GB address space. The Java Heap base address is the
#     maximum limit for the native heap growth. Please use -XX:HeapBaseMinAddress
#     to set the Java Heap base and to place the Java Heap above 32GB virtual address.
# This output file may be truncated or incomplete.
#
#  Out of Memory Error (arena.cpp:191), pid=6784, tid=12548
#
# JRE version: OpenJDK Runtime Environment Temurin-17.0.19+10 (17.0.19+10) (build 17.0.19+10)
# Java VM: OpenJDK 64-Bit Server VM Temurin-17.0.19+10 (17.0.19+10, mixed mode, sharing, tiered, compressed oops, compressed class ptrs, g1 gc, windows-amd64)
# No core dump will be written. Minidumps are not enabled by default on client versions of Windows
#

---------------  S U M M A R Y ------------

Command Line: --add-opens=java.base/java.lang=ALL-UNNAMED --add-opens=java.base/java.lang.invoke=ALL-UNNAMED --add-opens=java.base/java.util=ALL-UNNAMED --add-opens=java.prefs/java.util.prefs=ALL-UNNAMED --add-exports=jdk.compiler/com.sun.tools.javac.api=ALL-UNNAMED --add-exports=jdk.compiler/com.sun.tools.javac.util=ALL-UNNAMED --add-opens=java.base/java.util=ALL-UNNAMED --add-opens=java.prefs/java.util.prefs=ALL-UNNAMED --add-opens=java.base/java.nio.charset=ALL-UNNAMED --add-opens=java.base/java.net=ALL-UNNAMED --add-opens=java.base/java.util.concurrent=ALL-UNNAMED --add-opens=java.base/java.util.concurrent.atomic=ALL-UNNAMED --add-opens=java.xml/javax.xml.namespace=ALL-UNNAMED --add-opens=java.base/java.time=ALL-UNNAMED -XX:MaxMetaspaceSize=4G -XX:ReservedCodeCacheSize=512m -XX:+HeapDumpOnOutOfMemoryError -Xmx8G -Dfile.encoding=UTF-8 -Duser.country=FR -Duser.language=fr -Duser.variant -javaagent:C:\Users\admin\.gradle\wrapper\dists\gradle-9.1.0-all\7wzd0jkjit61aq2p43wpjgij9\gradle-9.1.0\lib\agents\gradle-instrumentation-agent-9.1.0.jar org.gradle.launcher.daemon.bootstrap.GradleDaemon 9.1.0

Host: Intel(R) Core(TM) i5-8350U CPU @ 1.70GHz, 8 cores, 7G,  Windows 11 , 64 bit Build 22621 (10.0.22621.5415)
Time: Sun Sep 20 19:01:00 2026 Paris, Madrid (heure duild 22621 (10.0.22621.5415) elapsed time: 43.109602 seconds (0d 0h 0m 43s)

---------------  T H R E A D  ---------------

Current thread (0x0000026a53a4de30):  JavaThread "C2 CompilerThread0" daemon [_thread_in_native, id=12548, stack(0x000000fb32b00000,0x000000fb32c00000)]


Current CompileTask:
C2:43109 6018   !   4       java.io.ObjectOutputStream::writeObject0 (620 bytes)

Stack: [0x000000fb32b00000,0x000000fb32c00000]
Native frames: (J=compiled Java code, j=interpreted, Vv=VM code, C=native code)
V  [jvm.dll+0x684b29]
V  [jvm.dll+0x83a2d5]
V  [jvm.dll+0x83bd4e]
V  [jvm.dll+0x83c3d3]
V  [jvm.dll+0x24905f]
V  [jvm.dll+0xad536]
V  [jvm.dll+0xadbdc]
V  [jvm.dll+0x368d4f]
V  [jvm.dll+0x3331d5]
V  [jvm.dll+0x33263a]
V  [jvm.dll+0x219e69]
V  [jvm.dll+0x2192af]
V  [jvm.dll+0x1a49f0]
V  [jvm.dll+0x2299fa]
V  [jvm.dll+0x227bab]
V  [jvm.dll+0x7f0a88]
V  [jvm.dll+0x7eaf1c]
V  [jvm.dll+0x6839f7]
C  [ucrtbase.dll+0x29333]
C  [KERNEL32.DLL+0x1259d]
C  [ntdll.dll+0x5af78]


---------------  P R O C E S S  ---------------

Threads class SMR info:
_java_thread_list=0x0000026a9e7e2980, length=59, elements={
0x0000026a187a0fd0, 0x0000026a53a32870, 0x0000026a53a336f0, 0x0000026a53a4a140,
0x0000026a53a4ad00, 0x0000026a53a4b6c0, 0x0000026a53a4c080, 0x0000026a53a4de30,
0x0000026a53a51d10, 0x0000026a53a6b540, 0x0000026a565001f0, 0x0000026a56609570,
0x0000026a9d0360d0, 0x0000026a567b1a90, 0x0000026a9c520160, 0x0000026a9cda1670,
0x0000026a9c2487e0, 0x0000026a9cb658f0, 0x0000026a9cb66d30, 0x0000026a9cb644b0,
0x0000026a9cb64ed0, 0x0000026a9cb67c60, 0x0000026a9cb67240, 0x0000026a9cb65e00,
0x0000026a9cb653e0, 0x0000026a9cb649c0, 0x0000026a9cb67750, 0x0000026a9cb66310,
0x0000026a9cb66820, 0x0000026a9da38370, 0x0000026a9da36000, 0x0000026a9da38880,
0x0000026a9da37440, 0x0000026a9da33270, 0x0000026a9da38d90, 0x0000026a9da346b0,
0x0000026a9da397b0, 0x0000026a9da392a0, 0x0000026a9da36510, 0x0000026a9da37950,
0x0000026a9da39cc0, 0x0000026a9da3a1d0, 0x0000026a9da341a0, 0x0000026a9da33c90,
0x0000026a9da36a20, 0x0000026a9da34bc0, 0x0000026a9da350d0, 0x0000026a9da35af0,
0x0000026a9f26eb30, 0x0000026a9f270990, 0x0000026a9f26d1e0, 0x0000026a9f2718c0,
0x0000026a9f2727f0, 0x0000026a9f271dd0, 0x0000026a9f2722e0, 0x0000026a9f26dc00,
0x0000026a9f270ea0, 0x0000026a9f26e110, 0x0000026a9f446860
}

Java Threads: ( => current thread )
  0x0000026a187a0fd0 JavaThread "main" [_thread_blocked, id=18276, stack(0x000000fb31e00000,0x000000fb31f00000)]
  0x0000026a53a32870 JavaThread "Reference Handler" daemon [_thread_blocked, id=2912, stack(0x000000fb32500000,0x000000fb32600000)]
  0x0000026a53a336f0 JavaThread "Finalizer" daemon [_thread_blocked, id=16976, stack(0x000000fb32600000,0x000000fb32700000)]
  0x0000026a53a4a140 JavaThread "Signal Dispatcher" daemon [_thread_blocked, id=18864, stack(0x000000fb32700000,0x000000fb32800000)]
  0x0000026a53a4ad00 JavaThread "Attach Listener" daemon [_thread_blocked, id=1816, stack(0x000000fb32800000,0x000000fb32900000)]
  0x0000026a53a4b6c0 JavaThread "Service Thread" daemon [_thread_blocked, id=16884, stack(0x000000fb32900000,0x000000fb32a00000)]
  0x0000026a53a4c080 JavaThread "Monitor Deflation Thread" daemon [_thread_blocked, id=2400, stack(0x000000fb32a00000,0x000000fb32b00000)]
=>0x0000026a53a4de30 JavaThread "C2 CompilerThread0" daemon [_thread_in_native, id=12548, stack(0x000000fb32b00000,0x000000fb32c00000)]
  0x0000026a53a51d10 JavaThread "C1 CompilerThread0" daemon [_thread_blocked, id=11048, stack(0x000000fb32c00000,0x000000fb32d00000)]
  0x0000026a53a6b540 JavaThread "Sweeper thread" daemon [_thread_blocked, id=18028, stack(0x000000fb32d00000,0x000000fb32e00000)]
  0x0000026a565001f0 JavaThread "Common-Cleaner" daemon [_thread_blocked, id=7328, stack(0x000000fb32e00000,0x000000fb32f00000)]
  0x0000026a56609570 JavaThread "Notification Thread" daemon [_thread_blocked, id=2952, stack(0x000000fb32f00000,0x000000fb33000000)]
  0x0000026a9d0360d0 JavaThread "Daemon health stats" [_thread_blocked, id=12700, stack(0x000000fb33500000,0x000000fb33600000)]
  0x0000026a567b1a90 JavaThread "Incoming local TCP Connector on port 55509" [_thread_in_native, id=12608, stack(0x000000fb33600000,0x000000fb33700000)]
  0x0000026a9c520160 JavaThread "Daemon periodic checks" [_thread_blocked, id=19340, stack(0x000000fb33700000,0x000000fb33800000)]
  0x0000026a9cda1670 JavaThread "Daemon" [_thread_blocked, id=1748, stack(0x000000fb33800000,0x000000fb33900000)]
  0x0000026a9c2487e0 JavaThread "Handler for socket connection from /127.0.0.1:55509 to /127.0.0.1:55510" [_thread_in_native, id=17312, stack(0x000000fb33900000,0x000000fb33a00000)]
  0x0000026a9cb658f0 JavaThread "Cancel handler" [_thread_blocked, id=3988, stack(0x000000fb33a00000,0x000000fb33b00000)]
  0x0000026a9cb66d30 JavaThread "Daemon worker" [_thread_in_vm, id=18292, stack(0x000000fb33b00000,0x000000fb33c00000)]
  0x0000026a9cb644b0 JavaThread "Asynchronous log dispatcher for DefaultDaemonConnection: socket connection from /127.0.0.1:55509 to /127.0.0.1:55510" [_thread_blocked, id=15036, stack(0x000000fb33c00000,0x000000fb33d00000)]
  0x0000026a9cb64ed0 JavaThread "Stdin handler" [_thread_blocked, id=18776, stack(0x000000fb33d00000,0x000000fb33e00000)]
  0x0000026a9cb67c60 JavaThread "Daemon client event forwarder" [_thread_blocked, id=19260, stack(0x000000fb33e00000,0x000000fb33f00000)]
  0x0000026a9cb67240 JavaThread "Cache worker for journal cache (C:\Users\admin\.gradle\caches\journal-1)" [_thread_blocked, id=16564, stack(0x000000fb33f00000,0x000000fb34000000)]
  0x0000026a9cb65e00 JavaThread "File lock request listener" [_thread_in_native, id=11824, stack(0x000000fb34000000,0x000000fb34100000)]
  0x0000026a9cb653e0 JavaThread "Cache worker for file hash cache (C:\Users\admin\.gradle\caches\9.1.0\fileHashes)" [_thread_blocked, id=3768, stack(0x000000fb34100000,0x000000fb34200000)]
  0x0000026a9cb649c0 JavaThread "File lock release action executor" [_thread_blocked, id=17524, stack(0x000000fb34500000,0x000000fb34600000)]
  0x0000026a9cb67750 JavaThread "Cache worker for file hash cache (C:\Users\admin\Downloads\livreurs-pro\flutter\foodmood_app\android\.gradle\9.1.0\fileHashes)" [_thread_blocked, id=17356, stack(0x000000fb34700000,0x000000fb34800000)]
  0x0000026a9cb66310 JavaThread "Cache worker for Build Output Cleanup Cache (C:\Users\admin\Downloads\livreurs-pro\flutter\foodmood_app\android\.gradle\buildOutputCleanup)" [_thread_blocked, id=5232, stack(0x000000fb34800000,0x000000fb34900000)]
  0x0000026a9cb66820 JavaThread "File watcher server" daemon [_thread_in_native, id=12784, stack(0x000000fb34900000,0x000000fb34a00000)]
  0x0000026a9da38370 JavaThread "File watcher consumer" daemon [_thread_blocked, id=12352, stack(0x000000fb34a00000,0x000000fb34b00000)]
  0x0000026a9da36000 JavaThread "Cache worker for checksums cache (C:\Users\admin\Downloads\livreurs-pro\flutter\foodmood_app\android\.gradle\9.1.0\checksums)" [_thread_blocked, id=10816, stack(0x000000fb34b00000,0x000000fb34c00000)]
  0x0000026a9da38880 JavaThread "Cache worker for file content cache (C:\Users\admin\.gradle\caches\9.1.0\fileContent)" [_thread_blocked, id=8220, stack(0x000000fb34c00000,0x000000fb34d00000)]
  0x0000026a9da37440 JavaThread "Cache worker for cache directory md-supplier (C:\Users\admin\.gradle\caches\9.1.0\md-supplier)" [_thread_blocked, id=6272, stack(0x000000fb34d00000,0x000000fb34e00000)]
  0x0000026a9da33270 JavaThread "Cache worker for cache directory md-rule (C:\Users\admin\.gradle\caches\9.1.0\md-rule)" [_thread_blocked, id=18836, stack(0x000000fb34e00000,0x000000fb34f00000)]
  0x0000026a9da38d90 JavaThread "jar transforms" [_thread_blocked, id=13016, stack(0x000000fb34f00000,0x000000fb35000000)]
  0x0000026a9da346b0 JavaThread "jar transforms Thread 2" [_thread_blocked, id=7172, stack(0x000000fb35000000,0x000000fb35100000)]
  0x0000026a9da397b0 JavaThread "Cache worker for Build Output Cleanup Cache (C:\flutter\packages\flutter_tools\gradle\.gradle\buildOutputCleanup)" [_thread_blocked, id=1672, stack(0x000000fb35100000,0x000000fb35200000)]
  0x0000026a9da392a0 JavaThread "Unconstrained build operations" [_thread_blocked, id=6672, stack(0x000000fb35200000,0x000000fb35300000)]
  0x0000026a9da36510 JavaThread "Unconstrained build operations Thread 2" [_thread_blocked, id=19076, stack(0x000000fb35300000,0x000000fb35400000)]
  0x0000026a9da37950 JavaThread "Unconstrained build operations Thread 3" [_thread_blocked, id=9680, stack(0x000000fb35400000,0x000000fb35500000)]
  0x0000026a9da39cc0 JavaThread "Unconstrained build operations Thread 4" [_thread_blocked, id=8256, stack(0x000000fb35500000,0x000000fb35600000)]
  0x0000026a9da3a1d0 JavaThread "Unconstrained build operations Thread 5" [_thread_blocked, id=16004, stack(0x000000fb35600000,0x000000fb35700000)]
  0x0000026a9da341a0 JavaThread "Unconstrained build operations Thread 6" [_thread_blocked, id=11552, stack(0x000000fb35700000,0x000000fb35800000)]
  0x0000026a9da33c90 JavaThread "Unconstrained build operations Thread 7" [_thread_blocked, id=17964, stack(0x000000fb35800000,0x000000fb35900000)]
  0x0000026a9da36a20 JavaThread "Unconstrained build operations Thread 8" [_thread_blocked, id=11940, stack(0x000000fb35b00000,0x000000fb35c00000)]
  0x0000026a9da34bc0 JavaThread "Unconstrained build operations Thread 9" [_thread_blocked, id=7192, stack(0x000000fb35c00000,0x000000fb35d00000)]
  0x0000026a9da350d0 JavaThread "Unconstrained build operations Thread 10" [_thread_blocked, id=7844, stack(0x000000fb35d00000,0x000000fb35e00000)]
  0x0000026a9da35af0 JavaThread "Unconstrained build operations Thread 11" [_thread_blocked, id=3252, stack(0x000000fb35e00000,0x000000fb35f00000)]
  0x0000026a9f26eb30 JavaThread "Unconstrained build operations Thread 12" [_thread_blocked, id=18404, stack(0x000000fb35f00000,0x000000fb36000000)]
  0x0000026a9f270990 JavaThread "Unconstrained build operations Thread 13" [_thread_blocked, id=6192, stack(0x000000fb36000000,0x000000fb36100000)]
  0x0000026a9f26d1e0 JavaThread "Unconstrained build operations Thread 14" [_thread_blocked, id=4944, stack(0x000000fb36100000,0x000000fb36200000)]
  0x0000026a9f2718c0 JavaThread "Unconstrained build operations Thread 15" [_thread_blocked, id=8804, stack(0x000000fb36200000,0x000000fb36300000)]
  0x0000026a9f2727f0 JavaThread "Unconstrained build operations Thread 16" [_thread_blocked, id=19416, stack(0x000000fb36300000,0x000000fb36400000)]
  0x0000026a9f271dd0 JavaThread "Unconstrained build operations Thread 17" [_thread_blocked, id=11756, stack(0x000000fb36400000,0x000000fb36500000)]
  0x0000026a9f2722e0 JavaThread "Unconstrained build operations Thread 18" [_thread_blocked, id=9936, stack(0x000000fb36500000,0x000000fb36600000)]
  0x0000026a9f26dc00 JavaThread "Unconstrained build operations Thread 19" [_thread_blocked, id=12940, stack(0x000000fb36600000,0x000000fb36700000)]
  0x0000026a9f270ea0 JavaThread "Unconstrained build operations Thread 20" [_thread_blocked, id=3968, stack(0x000000fb36700000,0x000000fb36800000)]
  0x0000026a9f26e110 JavaThread "Unconstrained build operations Thread 21" [_thread_blocked, id=17140, stack(0x000000fb36800000,0x000000fb36900000)]
  0x0000026a9f446860 JavaThread "C2 CompilerThread1" daemon [_thread_in_native, id=19176, stack(0x000000fb36900000,0x000000fb36a00000)]

Other Threads:
  0x0000026a53a2ee90 VMThread "VM Thread" [stack: 0x000000fb32400000,0x000000fb32500000] [id=14396]
  0x0000026a565da270 WatcherThread [stack: 0x000000fb33000000,0x000000fb33100000] [id=13640]
  0x0000026a1884db40 GCTaskThread "GC Thread#0" [stack: 0x000000fb31f00000,0x000000fb32000000] [id=19324]
  0x0000026a5668d070 GCTaskThread "GC Thread#1" [stack: 0x000000fb33200000,0x000000fb33300000] [id=8112]
  0x0000026a56676a90 GCTaskThread "GC Thread#2" [stack: 0x000000fb33300000,0x000000fb33400000] [id=12240]
  0x0000026a56639270 GCTaskThread "GC Thread#3" [stack: 0x000000fb33100000,0x000000fb33200000] [id=1976]
  0x0000026a56639530 GCTaskThread "GC Thread#4" [stack: 0x000000fb33400000,0x000000fb33500000] [id=16820]
  0x0000026a9dc2df10 GCTaskThread "GC Thread#5" [stack: 0x000000fb34200000,0x000000fb34300000] [id=14528]
  0x0000026a9cc75150 GCTaskThread "GC Thread#6" [stack: 0x000000fb34300000,0x000000fb34400000] [id=7740]
  0x0000026a9c8bfcc0 GCTaskThread "GC Thread#7" [stack: 0x000000fb34400000,0x000000fb34500000] [id=19152]
  0x0000026a1884ea60 ConcurrentGCThread "G1 Main Marker" [stack: 0x000000fb32000000,0x000000fb32100000] [id=13948]
  0x0000026a53880600 ConcurrentGCThread "G1 Conc#0" [stack: 0x000000fb32100000,0x000000fb32200000] [id=11768]
  0x0000026a9dd3aa90 ConcurrentGCThread "G1 Conc#1" [stack: 0x000000fb34600000,0x000000fb34700000] [id=5580]
  0x0000026a538e90e0 ConcurrentGCThread "G1 Refine#0" [stack: 0x000000fb32200000,0x000000fb32300000] [id=1044]
  0x0000026a538e9b10 ConcurrentGCThread "G1 Service" [stack: 0x000000fb32300000,0x000000fb32400000] [id=4036]

Threads with active compile tasks:
C2 CompilerThread0  43784 6018   !   4       java.io.ObjectOutputStream::writeObject0 (620 bytes)
C2 CompilerThread1  43784 6329   !   4       java.io.ObjectOutputStream::defaultWriteFields (288 bytes)

VM state: not at safepoint (normal execution)

VM Mutex/Monitor currently owned by a thread: None

Heap address: 0x0000000600000000, size: 8192 MB, Compressed Oops mode: Zero based, Oop shift amount: 3

CDS archive(s) mapped at: [0x0000026a57000000-0x0000026a57bb0000-0x0000026a57bb0000), size 12255232, SharedBaseAddress: 0x0000026a57000000, ArchiveRelocationMode: 1.
Compressed class space mapped at: 0x0000026a58000000-0x0000026a98000000, reserved size: 1073741824
Narrow klass base: 0x0000026a57000000, Narrow klass shift: 0, Narrow klass range: 0x100000000

GC Precious Log:
 CPUs: 8 total, 8 available
 Memory: 8070M
 Large Page Support: Disabled
 NUMA Support: Disabled
 Compressed Oops: Enabled (Zero based)
 Heap Region Size: 4M
 Heap Min Capacity: 8M
 Heap Initial Capacity: 128M
 Heap Max Capacity: 8G
 Pre-touch: Disabled
 Parallel Workers: 8
 Concurrent Workers: 2
 Concurrent Refinement Workers: 8
 Periodic GC: Disabled

Heap:
 garbage-first heap   total 110592K, used 73298K [0x0000000600000000, 0x0000000800000000)
  region size 4096K, 12 young (49152K), 2 survivors (8192K)
 Metaspace       used 46443K, committed 47104K, reserved 1114112K
  class space    used 6637K, committed 6976K, reserved 1048576K

Heap Regions: E=young(eden), S=young(survivor), O=old, HS=humongous(starts), HC=humongous(continues), CS=collection set, F=free, OA=open archive, CA=closed archive, TAMS=top-at-mark-start (previous, next)
|   0|0x0000000600000000, 0x0000000600400000, 0x0000000600400000|100%|HS|  |TAMS 0x0000000600400000, 0x0000000600000000| Complete 
|   1|0x0000000600400000, 0x0000000600800000, 0x0000000600800000|100%| O|  |TAMS 0x0000000600800000, 0x0000000600400000| Untracked 
|   2|0x0000000600800000, 0x0000000600800000, 0x0000000600c00000|  0%| F|  |TAMS 0x0000000600800000, 0x0000000600800000| Untracked 
|   3|0x0000000600c00000, 0x0000000601000000, 0x0000000601000000|100%| O|  |TAMS 0x0000000601000000, 0x0000000600c00000| Untracked 
|   4|0x0000000601000000, 0x0000000601400000, 0x0000000601400000|100%| O|  |TAMS 0x0000000601000000, 0x0000000601000000| Untracked 
|   5|0x0000000601400000, 0x0000000601800000, 0x0000000601800000|100%| O|  |TAMS 0x0000000601800000, 0x0000000601400000| Untracked 
|   6|0x0000000601800000, 0x0000000601c00000, 0x0000000601c00000|100%| O|  |TAMS 0x0000000601c00000, 0x0000000601800000| Untracked 
|   7|0x0000000601c00000, 0x0000000602000000, 0x0000000602000000|100%| O|  |TAMS 0x0000000601d96c00, 0x0000000601c00000| Untracked 
|   8|0x0000000602000000, 0x000000060214ec00, 0x0000000602400000| 32%| O|  |TAMS 0x0000000602000000, 0x0000000602000000| Untracked 
|   9|0x0000000602400000, 0x0000000602400000, 0x0000000602800000|  0%| F|  |TAMS 0x0000000602400000, 0x0000000602400000| Untracked 
|  10|0x0000000602800000, 0x0000000602800000, 0x0000000602c00000|  0%| F|  |TAMS 0x0000000602800000, 0x0000000602800000| Untracked 
|  11|0x0000000602c00000, 0x0000000602c00000, 0x0000000603000000|  0%| F|  |TAMS 0x0000000602c00000, 0x0000000602c00000| Untracked 
|  12|0x0000000603000000, 0x0000000603245ec0, 0x0000000603400000| 56%| S|CS|TAMS 0x0000000603000000, 0x0000000603000000| Complete 
|  13|0x0000000603400000, 0x0000000603400000, 0x0000000603800000|  0%| F|  |TAMS 0x0000000603400000, 0x0000000603400000| Untracked 
|  14|0x0000000603800000, 0x0000000603c00000, 0x0000000603c00000|100%| S|CS|TAMS 0x0000000603800000, 0x0000000603800000| Complete 
|  15|0x0000000603c00000, 0x0000000603c00000, 0x0000000604000000|  0%| F|  |TAMS 0x0000000603c00000, 0x0000000603c00000| Untracked 
|  16|0x0000000604000000, 0x0000000604000000, 0x0000000604400000|  0%| F|  |TAMS 0x0000000604000000, 0x0000000604000000| Untracked 
|  17|0x0000000604400000, 0x00000006046ed3c0, 0x0000000604800000| 73%| E|  |TAMS 0x0000000604400000, 0x0000000604400000| Complete 
|  18|0x0000000604800000, 0x0000000604c00000, 0x0000000604c00000|100%| E|CS|TAMS 0x0000000604800000, 0x0000000604800000| Complete 
|  19|0x0000000604c00000, 0x0000000605000000, 0x0000000605000000|100%| E|CS|TAMS 0x0000000604c00000, 0x0000000604c00000| Complete 
|  20|0x0000000605000000, 0x0000000605400000, 0x0000000605400000|100%| E|CS|TAMS 0x0000000605000000, 0x0000000605000000| Complete 
|  21|0x0000000605400000, 0x0000000605800000, 0x0000000605800000|100%| E|CS|TAMS 0x0000000605400000, 0x0000000605400000| Complete 
|  22|0x0000000605800000, 0x0000000605c00000, 0x0000000605c00000|100%| E|CS|TAMS 0x0000000605800000, 0x0000000605800000| Complete 
|  23|0x0000000605c00000, 0x0000000606000000, 0x0000000606000000|100%| E|CS|TAMS 0x0000000605c00000, 0x0000000605c00000| Complete 
|  24|0x0000000606000000, 0x0000000606400000, 0x0000000606400000|100%| E|CS|TAMS 0x0000000606000000, 0x0000000606000000| Complete 
|  25|0x0000000606400000, 0x0000000606800000, 0x0000000606800000|100%| E|CS|TAMS 0x0000000606400000, 0x0000000606400000| Complete 
|  31|0x0000000607c00000, 0x0000000608000000, 0x0000000608000000|100%| E|CS|TAMS 0x0000000607c00000, 0x0000000607c00000| Complete 

Card table byte_map: [0x0000026a41870000,0x0000026a42870000] _byte_map_base: 0x0000026a3e870000

Marking Bits (Prev, Next): (CMBitMap*) 0x0000026a1884e160, (CMBitMap*) 0x0000026a1884e1a0
 Prev Bits: [0x0000026a43870000, 0x0000026a4b870000)
 Next Bits: [0x0000026a4b870000, 0x0000026a53870000)

Polling page: 0x0000026a16760000

Metaspace:

Usage:
  Non-class:     38.87 MB used.
      Class:      6.48 MB used.
       Both:     45.35 MB used.

Virtual space:
  Non-class space:       64.00 MB reserved,      39.19 MB ( 61%) committed,  1 nodes.
      Class space:        1.00 GB reserved,       6.81 MB ( <1%) committed,  1 nodes.
             Both:        1.06 GB reserved,      46.00 MB (  4%) committed. 

Chunk freelists:
   Non-Class:  8.31 MB
       Class:  9.14 MB
        Both:  17.45 MB

MaxMetaspaceSize: 4.00 GB
CompressedClassSpaceSize: 1.00 GB
Initial GC threshold: 21.00 MB
Current GC threshold: 58.69 MB
CDS: on
MetaspaceReclaimPolicy: balanced
 - commit_granule_bytes: 65536.
 - commit_granule_words: 8192.
 - virtual_space_node_default_size: 8388608.
 - enlarge_chunks_in_place: 1.
 - new_chunks_are_fully_committed: 0.
 - uncommit_free_chunks: 1.
 - use_allocation_guard: 0.
 - handle_deallocations: 1.


Internal statistics:

num_allocs_failed_limit: 6.
num_arena_births: 870.
num_arena_deaths: 0.
num_vsnodes_births: 2.
num_vsnodes_deaths: 0.
num_space_committed: 736.
num_space_uncommitted: 0.
num_chunks_returned_to_freelist: 6.
num_chunks_taken_from_freelist: 2841.
num_chunk_merges: 6.
num_chunk_splits: 1853.
num_chunks_enlarged: 1210.
num_inconsistent_stats: 0.

CodeHeap 'non-profiled nmethods': size=259264Kb used=2867Kb max_used=3339Kb free=256396Kb
 bounds [0x0000026a305f0000, 0x0000026a30940000, 0x0000026a40320000]
CodeHeap 'profiled nmethods': size=259264Kb used=11427Kb max_used=11427Kb free=247836Kb
 bounds [0x0000026a20320000, 0x0000026a20e50000, 0x0000026a30050000]
CodeHeap 'non-nmethods': size=5760Kb used=1648Kb max_used=1729Kb free=4111Kb
 bounds [0x0000026a30050000, 0x0000026a302c0000, 0x0000026a305f0000]
 total_blobs=6494 nmethods=5769 adapters=637
 compilation: enabled
              stopped_count=0, restarted_count=0
 full_count=0

Compilation events (20 events):
Event: 43.010 Thread 0x0000026a53a51d10 6174       3       java.security.MessageDigest$Delegate::clone (51 bytes)
Event: 43.011 Thread 0x0000026a53a51d10 nmethod 6174 0x0000026a20515910 code [0x0000026a20515b20, 0x0000026a205163d8]
Event: 43.011 Thread 0x0000026a53a51d10 6175       3       java.nio.ByteBuffer::order (48 bytes)
Event: 43.011 Thread 0x0000026a53a51d10 nmethod 6175 0x0000026a20515310 code [0x0000026a205154c0, 0x0000026a205156f8]
Event: 43.023 Thread 0x0000026a53a51d10 6177       3       org.gradle.internal.operations.notify.BuildOperationNotificationBridge$Finished::<init> (15 bytes)
Event: 43.023 Thread 0x0000026a53a51d10 nmethod 6177 0x0000026a2045b910 code [0x0000026a2045bac0, 0x0000026a2045bc08]
Event: 43.023 Thread 0x0000026a53a51d10 6178       3       org.gradle.internal.operations.notify.BuildOperationNotificationBridge$Finished::<init> (39 bytes)
Event: 43.024 Thread 0x0000026a53a51d10 nmethod 6178 0x0000026a2045b310 code [0x0000026a2045b4c0, 0x0000026a2045b838]
Event: 43.031 Thread 0x0000026a53a51d10 6179       1       org.gradle.internal.buildoption.Option$Value$1::get (5 bytes)
Event: 43.031 Thread 0x0000026a53a51d10 nmethod 6179 0x0000026a3061ea10 code [0x0000026a3061eba0, 0x0000026a3061ec78]
Event: 43.032 Thread 0x0000026a53a51d10 6180       3       com.google.common.collect.ImmutableSortedMap::lambda$fromEntries$0 (29 bytes)
Event: 43.032 Thread 0x0000026a53a51d10 nmethod 6180 0x0000026a2045a890 code [0x0000026a2045aaa0, 0x0000026a2045b0a8]
Event: 43.032 Thread 0x0000026a53a51d10 6181       3       com.google.common.collect.ImmutableSortedMap$$Lambda$476/0x0000026a5844e578::compare (16 bytes)
Event: 43.033 Thread 0x0000026a53a51d10 nmethod 6181 0x0000026a20459b10 code [0x0000026a20459d40, 0x0000026a2045a608]
Event: 43.039 Thread 0x0000026a53a51d10 6182       3       com.google.common.util.concurrent.AbstractFuture::set (30 bytes)
Event: 43.040 Thread 0x0000026a53a51d10 nmethod 6182 0x0000026a20458810 code [0x0000026a20458aa0, 0x0000026a204596c8]
Event: 43.042 Thread 0x0000026a53a51d10 6183       1       org.gradle.internal.execution.impl.DefaultInputFingerprinter$InputFingerprints::getValueSnapshots (5 bytes)
Event: 43.042 Thread 0x0000026a53a51d10 nmethod 6183 0x0000026a3061e710 code [0x0000026a3061e8a0, 0x0000026a3061e978]
Event: 43.043 Thread 0x0000026a53a51d10 6184       1       org.gradle.internal.execution.impl.DefaultInputFingerprinter$InputFingerprints::getFileFingerprints (5 bytes)
Event: 43.043 Thread 0x0000026a53a51d10 nmethod 6184 0x0000026a3061e410 code [0x0000026a3061e5a0, 0x0000026a3061e678]

GC Heap History (20 events):
Event: 18.753 GC heap before
{Heap before GC invocations=3 (full 0):
 garbage-first heap   total 131072K, used 81789K [0x0000000600000000, 0x0000000800000000)
  region size 4096K, 18 young (73728K), 2 survivors (8192K)
 Metaspace       used 15992K, committed 16256K, reserved 1114112K
  class space    used 2217K, committed 2304K, reserved 1048576K
}
Event: 18.807 GC heap after
{Heap after GC invocations=4 (full 0):
 garbage-first heap   total 131072K, used 21304K [0x0000000600000000, 0x0000000800000000)
  region size 4096K, 3 young (12288K), 3 survivors (12288K)
 Metaspace       used 15992K, committed 16256K, reserved 1114112K
  class space    used 2217K, committed 2304K, reserved 1048576K
}
Event: 22.694 GC heap before
{Heap before GC invocations=4 (full 0):
 garbage-first heap   total 131072K, used 54072K [0x0000000600000000, 0x0000000800000000)
  region size 4096K, 13 young (53248K), 3 survivors (12288K)
 Metaspace       used 21220K, committed 21504K, reserved 1114112K
  class space    used 2960K, committed 3136K, reserved 1048576K
}
Event: 22.705 GC heap after
{Heap after GC invocations=5 (full 0):
 garbage-first heap   total 131072K, used 24097K [0x0000000600000000, 0x0000000800000000)
  region size 4096K, 2 young (8192K), 2 survivors (8192K)
 Metaspace       used 21220K, committed 21504K, reserved 1114112K
  class space    used 2960K, committed 3136K, reserved 1048576K
}
Event: 27.030 GC heap before
{Heap before GC invocations=6 (full 0):
 garbage-first heap   total 110592K, used 77345K [0x0000000600000000, 0x0000000800000000)
  region size 4096K, 16 young (65536K), 2 survivors (8192K)
 Metaspace       used 28090K, committed 28416K, reserved 1114112K
  class space    used 3996K, committed 4160K, reserved 1048576K
}
Event: 27.042 GC heap after
{Heap after GC invocations=7 (full 0):
 garbage-first heap   total 110592K, used 26737K [0x0000000600000000, 0x0000000800000000)
  region size 4096K, 2 young (8192K), 2 survivors (8192K)
 Metaspace       used 28090K, committed 28416K, reserved 1114112K
  class space    used 3996K, committed 4160K, reserved 1048576K
}
Event: 27.244 GC heap before
{Heap before GC invocations=7 (full 0):
 garbage-first heap   total 110592K, used 30833K [0x0000000600000000, 0x0000000800000000)
  region size 4096K, 3 young (12288K), 2 survivors (8192K)
 Metaspace       used 28542K, committed 28864K, reserved 1114112K
  class space    used 4063K, committed 4224K, reserved 1048576K
}
Event: 27.251 GC heap after
{Heap after GC invocations=8 (full 0):
 garbage-first heap   total 110592K, used 26947K [0x0000000600000000, 0x0000000800000000)
  region size 4096K, 1 young (4096K), 1 survivors (4096K)
 Metaspace       used 28542K, committed 28864K, reserved 1114112K
  class space    used 4063K, committed 4224K, reserved 1048576K
}
Event: 32.377 GC heap before
{Heap before GC invocations=8 (full 0):
 garbage-first heap   total 110592K, used 76099K [0x0000000600000000, 0x0000000800000000)
  region size 4096K, 13 young (53248K), 1 survivors (4096K)
 Metaspace       used 35140K, committed 35648K, reserved 1114112K
  class space    used 4930K, committed 5184K, reserved 1048576K
}
Event: 32.388 GC heap after
{Heap after GC invocations=9 (full 0):
 garbage-first heap   total 110592K, used 30714K [0x0000000600000000, 0x0000000800000000)
  region size 4096K, 2 young (8192K), 2 survivors (8192K)
 Metaspace       used 35140K, committed 35648K, reserved 1114112K
  class space    used 4930K, committed 5184K, reserved 1048576K
}
Event: 32.541 GC heap before
{Heap before GC invocations=9 (full 0):
 garbage-first heap   total 110592K, used 30714K [0x0000000600000000, 0x0000000800000000)
  region size 4096K, 3 young (12288K), 2 survivors (8192K)
 Metaspace       used 35492K, committed 35968K, reserved 1114112K
  class space    used 4976K, committed 5248K, reserved 1048576K
}
Event: 32.550 GC heap after
{Heap after GC invocations=10 (full 0):
 garbage-first heap   total 110592K, used 31072K [0x0000000600000000, 0x0000000800000000)
  region size 4096K, 1 young (4096K), 1 survivors (4096K)
 Metaspace       used 35492K, committed 35968K, reserved 1114112K
  class space    used 4976K, committed 5248K, reserved 1048576K
}
Event: 34.681 GC heap before
{Heap before GC invocations=11 (full 0):
 garbage-first heap   total 110592K, used 80224K [0x0000000600000000, 0x0000000800000000)
  region size 4096K, 13 young (53248K), 1 survivors (4096K)
 Metaspace       used 37709K, committed 38336K, reserved 1114112K
  class space    used 5333K, committed 5632K, reserved 1048576K
}
Event: 34.685 GC heap after
{Heap after GC invocations=12 (full 0):
 garbage-first heap   total 110592K, used 32250K [0x0000000600000000, 0x0000000800000000)
  region size 4096K, 1 young (4096K), 1 survivors (4096K)
 Metaspace       used 37709K, committed 38336K, reserved 1114112K
  class space    used 5333K, committed 5632K, reserved 1048576K
}
Event: 35.140 GC heap before
{Heap before GC invocations=12 (full 0):
 garbage-first heap   total 110592K, used 36346K [0x0000000600000000, 0x0000000800000000)
  region size 4096K, 2 young (8192K), 1 survivors (4096K)
 Metaspace       used 38139K, committed 38784K, reserved 1114112K
  class space    used 5399K, committed 5696K, reserved 1048576K
}
Event: 35.149 GC heap after
{Heap after GC invocations=13 (full 0):
 garbage-first heap   total 110592K, used 31854K [0x0000000600000000, 0x0000000800000000)
  region size 4096K, 1 young (4096K), 1 survivors (4096K)
 Metaspace       used 38139K, committed 38784K, reserved 1114112K
  class space    used 5399K, committed 5696K, reserved 1048576K
}
Event: 37.312 GC heap before
{Heap before GC invocations=13 (full 0):
 garbage-first heap   total 110592K, used 81006K [0x0000000600000000, 0x0000000800000000)
  region size 4096K, 13 young (53248K), 1 survivors (4096K)
 Metaspace       used 40397K, committed 41024K, reserved 1114112K
  class space    used 5761K, committed 6080K, reserved 1048576K
}
Event: 37.318 GC heap after
{Heap after GC invocations=14 (full 0):
 garbage-first heap   total 110592K, used 33603K [0x0000000600000000, 0x0000000800000000)
  region size 4096K, 1 young (4096K), 1 survivors (4096K)
 Metaspace       used 40397K, committed 41024K, reserved 1114112K
  class space    used 5761K, committed 6080K, reserved 1048576K
}
Event: 40.864 GC heap before
{Heap before GC invocations=14 (full 0):
 garbage-first heap   total 110592K, used 82755K [0x0000000600000000, 0x0000000800000000)
  region size 4096K, 13 young (53248K), 1 survivors (4096K)
 Metaspace       used 44891K, committed 45504K, reserved 1114112K
  class space    used 6470K, committed 6720K, reserved 1048576K
}
Event: 40.874 GC heap after
{Heap after GC invocations=15 (full 0):
 garbage-first heap   total 110592K, used 36434K [0x0000000600000000, 0x0000000800000000)
  region size 4096K, 2 young (8192K), 2 survivors (8192K)
 Metaspace       used 44891K, committed 45504K, reserved 1114112K
  class space    used 6470K, committed 6720K, reserved 1048576K
}

Dll operation events (15 events):
Event: 0.109 Loaded shared library C:\Program Files\Eclipse Adoptium\jdk-17.0.19.10-hotspot\bin\java.dll
Event: 0.326 Loaded shared library C:\Program Files\Eclipse Adoptium\jdk-17.0.19.10-hotspot\bin\jsvml.dll
Event: 0.899 Loaded shared library C:\Program Files\Eclipse Adoptium\jdk-17.0.19.10-hotspot\bin\zip.dll
Event: 0.905 Loaded shared library C:\Program Files\Eclipse Adoptium\jdk-17.0.19.10-hotspot\bin\instrument.dll
Event: 0.915 Loaded shared library C:\Program Files\Eclipse Adoptium\jdk-17.0.19.10-hotspot\bin\net.dll
Event: 0.921 Loaded shared library C:\Program Files\Eclipse Adoptium\jdk-17.0.19.10-hotspot\bin\nio.dll
Event: 0.926 Loaded shared library C:\Program Files\Eclipse Adoptium\jdk-17.0.19.10-hotspot\bin\zip.dll
Event: 3.826 Loaded shared library C:\Program Files\Eclipse Adoptium\jdk-17.0.19.10-hotspot\bin\jimage.dll
Event: 4.985 Loaded shared library C:\Program Files\Eclipse Adoptium\jdk-17.0.19.10-hotspot\bin\verify.dll
Event: 5.207 Loaded shared library C:\Users\admin\.gradle\native\1def1411415f61bf3af743bc5b6707747c0891f09f0c88961ee8f79bc544acac\windows-amd64\native-platform.dll
Event: 5.471 Loaded shared library C:\Users\admin\.gradle\native\0.2.8\x86_64-windows-gnu\gradle-fileevents.dll
Event: 11.209 Loaded shared library C:\Program Files\Eclipse Adoptium\jdk-17.0.19.10-hotspot\bin\management.dll
Event: 11.217 Loaded shared library C:\Program Files\Eclipse Adoptium\jdk-17.0.19.10-hotspot\bin\management_ext.dll
Event: 13.632 Loaded shared library C:\Program Files\Eclipse Adoptium\jdk-17.0.19.10-hotspot\bin\extnet.dll
Event: 14.833 Loaded shared library C:\Program Files\Eclipse Adoptium\jdk-17.0.19.10-hotspot\bin\sunmscapi.dll

Deoptimization events (20 events):
Event: 41.862 Thread 0x0000026a9da35af0 Uncommon trap: trap_request=0xffffff45 fr.pc=0x0000026a30707fcc relative=0x000000000000102c
Event: 41.862 Thread 0x0000026a9da35af0 Uncommon trap: reason=unstable_if action=reinterpret pc=0x0000026a30707fcc method=java.util.concurrent.ConcurrentHashMap.addCount(JI)V @ 34 c2
Event: 41.862 Thread 0x0000026a9da35af0 DEOPT PACKING pc=0x0000026a30707fcc sp=0x000000fb35efd140
Event: 41.862 Thread 0x0000026a9da35af0 DEOPT UNPACKING pc=0x0000026a300a69a3 sp=0x000000fb35efd000 mode 2
Event: 41.862 Thread 0x0000026a9da36a20 Uncommon trap: trap_request=0xffffff54 fr.pc=0x0000026a307a9d20 relative=0x00000000000053c0
Event: 41.862 Thread 0x0000026a9da36a20 Uncommon trap: reason=speculate_null_assert action=make_not_entrant pc=0x0000026a307a9d20 method=java.lang.invoke.MethodType$ConcurrentWeakInternSet.add(Ljava/lang/Object;)Ljava/lang/Object; @ 47 c2
Event: 41.862 Thread 0x0000026a9da36a20 DEOPT PACKING pc=0x0000026a307a9d20 sp=0x000000fb35bfdf20
Event: 41.862 Thread 0x0000026a9da36a20 DEOPT UNPACKING pc=0x0000026a300a69a3 sp=0x000000fb35bfdec8 mode 2
Event: 41.862 Thread 0x0000026a9f26d1e0 Uncommon trap: trap_request=0xffffff45 fr.pc=0x0000026a306a949c relative=0x000000000000015c
Event: 41.862 Thread 0x0000026a9f26d1e0 Uncommon trap: reason=unstable_if action=reinterpret pc=0x0000026a306a949c method=java.util.concurrent.ConcurrentHashMap.addCount(JI)V @ 7 c2
Event: 41.862 Thread 0x0000026a9f26d1e0 DEOPT PACKING pc=0x0000026a306a949c sp=0x000000fb361fd400
Event: 41.862 Thread 0x0000026a9f26d1e0 DEOPT UNPACKING pc=0x0000026a300a69a3 sp=0x000000fb361fd360 mode 2
Event: 42.128 Thread 0x0000026a9cb67240 Uncommon trap: trap_request=0xffffffde fr.pc=0x0000026a3083b4d4 relative=0x0000000000000614
Event: 42.128 Thread 0x0000026a9cb67240 Uncommon trap: reason=class_check action=maybe_recompile pc=0x0000026a3083b4d4 method=java.lang.Throwable.<init>(Ljava/lang/String;Ljava/lang/Throwable;)V @ 24 c2
Event: 42.128 Thread 0x0000026a9cb67240 DEOPT PACKING pc=0x0000026a3083b4d4 sp=0x000000fb33ffe600
Event: 42.128 Thread 0x0000026a9cb67240 DEOPT UNPACKING pc=0x0000026a300a69a3 sp=0x000000fb33ffe5e0 mode 2
Event: 42.460 Thread 0x0000026a9f2727f0 Uncommon trap: trap_request=0xffffff45 fr.pc=0x0000026a3072231c relative=0x000000000000027c
Event: 42.460 Thread 0x0000026a9f2727f0 Uncommon trap: reason=unstable_if action=reinterpret pc=0x0000026a3072231c method=java.util.concurrent.ConcurrentHashMap.get(Ljava/lang/Object;)Ljava/lang/Object; @ 86 c2
Event: 42.460 Thread 0x0000026a9f2727f0 DEOPT PACKING pc=0x0000026a3072231c sp=0x000000fb363fe4b0
Event: 42.460 Thread 0x0000026a9f2727f0 DEOPT UNPACKING pc=0x0000026a300a69a3 sp=0x000000fb363fe428 mode 2

Classes loaded (20 events):
Event: 41.406 Loading class java/lang/Throwable$WrappedPrintWriter
Event: 41.406 Loading class java/lang/Throwable$PrintStreamOrWriter
Event: 41.406 Loading class java/lang/Throwable$PrintStreamOrWriter done
Event: 41.406 Loading class java/lang/Throwable$WrappedPrintWriter done
Event: 41.407 Loading class java/lang/StackTraceElement$HashedModules
Event: 41.407 Loading class java/lang/StackTraceElement$HashedModules done
Event: 41.437 Loading class java/io/ObjectStreamClass$ExceptionInfo
Event: 41.438 Loading class java/io/ObjectStreamClass$ExceptionInfo done
Event: 41.444 Loading class java/util/Collections$EmptyListIterator
Event: 41.478 Loading class java/util/Collections$EmptyListIterator done
Event: 41.527 Loading class sun/reflect/ReflectionFactory
Event: 41.527 Loading class sun/reflect/ReflectionFactory done
Event: 41.527 Loading class sun/reflect/ReflectionFactory$1
Event: 41.527 Loading class sun/reflect/ReflectionFactory$1 done
Event: 41.774 Loading class sun/nio/ch/FileChannelImpl$Closer
Event: 41.774 Loading class sun/nio/ch/FileChannelImpl$Closer done
Event: 41.775 Loading class java/nio/channels/Channels
Event: 41.775 Loading class java/nio/channels/Channels done
Event: 41.775 Loading class sun/nio/ch/ChannelInputStream
Event: 41.775 Loading class sun/nio/ch/ChannelInputStream done

Classes unloaded (0 events):
No events

Classes redefined (0 events):
No events

Internal exceptions (20 events):
Event: 39.030 Thread 0x0000026a9cb66d30 Exception <a 'java/lang/NoSuchMethodError'{0x0000000605aa7348}: 'java.lang.Object java.lang.invoke.DirectMethodHandle$Holder.newInvokeSpecial(java.lang.Object, java.lang.Object, java.lang.Object, int, java.lang.Object)'> (0x0000000605aa7348) 
thrown [s\src\hotspot\share\interpreter\linkResolver.cpp, line 759]
Event: 39.031 Thread 0x0000026a9cb66d30 Exception <a 'java/lang/NoSuchMethodError'{0x0000000605aac578}: 'java.lang.Object java.lang.invoke.Invokers$Holder.linkToTargetMethod(java.lang.Object, java.lang.Object, int, java.lang.Object, java.lang.Object)'> (0x0000000605aac578) 
thrown [s\src\hotspot\share\interpreter\linkResolver.cpp, line 759]
Event: 39.144 Thread 0x0000026a9cb66d30 Exception <a 'java/lang/NoSuchMethodError'{0x00000006055af4e8}: 'java.lang.Object java.lang.invoke.DirectMethodHandle$Holder.newInvokeSpecial(java.lang.Object, int, java.lang.Object)'> (0x00000006055af4e8) 
thrown [s\src\hotspot\share\interpreter\linkResolver.cpp, line 759]
Event: 39.784 Thread 0x0000026a9cb66d30 Exception <a 'java/lang/NoSuchMethodError'{0x00000006049a6790}: 'int java.lang.invoke.DirectMethodHandle$Holder.invokeSpecialIFC(java.lang.Object, java.lang.Object, java.lang.Object)'> (0x00000006049a6790) 
thrown [s\src\hotspot\share\interpreter\linkResolver.cpp, line 759]
Event: 40.213 Thread 0x0000026a9cb66d30 Exception <a 'java/lang/NoSuchMethodError'{0x00000006046a63e0}: 'java.lang.Object java.lang.invoke.DirectMethodHandle$Holder.newInvokeSpecial(java.lang.Object, java.lang.Object, long, java.lang.Object)'> (0x00000006046a63e0) 
thrown [s\src\hotspot\share\interpreter\linkResolver.cpp, line 759]
Event: 40.214 Thread 0x0000026a9cb66d30 Exception <a 'java/lang/NoSuchMethodError'{0x00000006046abc08}: 'java.lang.Object java.lang.invoke.DirectMethodHandle$Holder.invokeSpecial(java.lang.Object, java.lang.Object, java.lang.Object, long, java.lang.Object)'> (0x00000006046abc08) 
thrown [s\src\hotspot\share\interpreter\linkResolver.cpp, line 759]
Event: 40.214 Thread 0x0000026a9cb66d30 Exception <a 'java/lang/NoSuchMethodError'{0x00000006046b0d88}: 'java.lang.Object java.lang.invoke.Invokers$Holder.linkToTargetMethod(java.lang.Object, long, java.lang.Object, java.lang.Object)'> (0x00000006046b0d88) 
thrown [s\src\hotspot\share\interpreter\linkResolver.cpp, line 759]
Event: 40.222 Thread 0x0000026a9cb66d30 Exception <a 'java/lang/NoSuchMethodError'{0x00000006046df0e8}: 'void java.lang.invoke.DirectMethodHandle$Holder.invokeStatic(java.lang.Object, java.lang.Object, java.lang.Object, int, java.lang.Object)'> (0x00000006046df0e8) 
thrown [s\src\hotspot\share\interpreter\linkResolver.cpp, line 759]
Event: 40.363 Thread 0x0000026a9cb66d30 Exception <a 'java/lang/NoSuchMethodError'{0x00000006040bc278}: 'int java.lang.invoke.DirectMethodHandle$Holder.invokeInterface(java.lang.Object, java.lang.Object, java.lang.Object, java.lang.Object, java.lang.Object)'> (0x00000006040bc278) 
thrown [s\src\hotspot\share\interpreter\linkResolver.cpp, line 759]
Event: 40.631 Thread 0x0000026a9cb66d30 Exception <a 'java/lang/NoSuchMethodError'{0x00000006043dc3e8}: 'java.lang.Object java.lang.invoke.DirectMethodHandle$Holder.invokeSpecial(java.lang.Object, java.lang.Object, long, java.lang.Object, java.lang.Object)'> (0x00000006043dc3e8) 
thrown [s\src\hotspot\share\interpreter\linkResolver.cpp, line 759]
Event: 41.245 Thread 0x0000026a9cb66d30 Exception <a 'java/lang/IncompatibleClassChangeError'{0x0000000607f0b088}: Found class java.lang.Object, but interface was expected> (0x0000000607f0b088) 
thrown [s\src\hotspot\share\interpreter\linkResolver.cpp, line 826]
Event: 41.381 Thread 0x0000026a9da341a0 Exception <a 'java/lang/NoSuchMethodError'{0x00000006064862e0}: 'void java.lang.invoke.DirectMethodHandle$Holder.invokeVirtual(java.lang.Object, java.lang.Object)'> (0x00000006064862e0) 
thrown [s\src\hotspot\share\interpreter\linkResolver.cpp, line 759]
Event: 41.382 Thread 0x0000026a9da33c90 Exception <a 'java/lang/NoSuchMethodError'{0x00000006064a6970}: 'void java.lang.invoke.DirectMethodHandle$Holder.invokeVirtual(java.lang.Object, java.lang.Object)'> (0x00000006064a6970) 
thrown [s\src\hotspot\share\interpreter\linkResolver.cpp, line 759]
Event: 41.438 Thread 0x0000026a9cb644b0 Exception <a 'java/lang/NoSuchMethodError'{0x0000000606744c18}: static [Ljava/lang/StackTraceElement;.<clinit>()V> (0x0000000606744c18) 
thrown [s\src\hotspot\share\prims\jni.cpp, line 1112]
Event: 41.443 Thread 0x0000026a9cb644b0 Exception <a 'java/lang/NoSuchMethodError'{0x0000000606768a80}: static Lorg/gradle/cache/internal/btree/CorruptedCacheException;.<clinit>()V> (0x0000000606768a80) 
thrown [s\src\hotspot\share\prims\jni.cpp, line 1112]
Event: 41.522 Thread 0x0000026a9cb644b0 Exception <a 'java/lang/NoSuchMethodError'{0x0000000606012f48}: static [B.<clinit>()V> (0x0000000606012f48) 
thrown [s\src\hotspot\share\prims\jni.cpp, line 1112]
Event: 41.591 Thread 0x0000026a9cb66d30 Exception <a 'java/lang/NoSuchMethodError'{0x00000006067f6d78}: 'java.lang.Object java.lang.invoke.DirectMethodHandle$Holder.newInvokeSpecial(java.lang.Object, java.lang.Object, java.lang.Object, java.lang.Object, int, java.lang.Object)'> (0x00000006067f6d78) 
thrown [s\src\hotspot\share\interpreter\linkResolver.cpp, line 759]
Event: 41.596 Thread 0x0000026a9cb66d30 Exception <a 'java/lang/NoSuchMethodError'{0x00000006067fc7f0}: 'java.lang.Object java.lang.invoke.DirectMethodHandle$Holder.invokeSpecial(java.lang.Object, java.lang.Object, java.lang.Object, java.lang.Object, java.lang.Object, int, java.lang.Object)'> (0x00000006067fc7f0) 
thrown [s\src\hotspot\share\interpreter\linkResolver.cpp, line 759]
Event: 41.603 Thread 0x0000026a9cb66d30 Exception <a 'java/lang/NoSuchMethodError'{0x000000060602d160}: 'java.lang.Object java.lang.invoke.Invokers$Holder.linkToTargetMethod(java.lang.Object, java.lang.Object, java.lang.Object, int, java.lang.Object, java.lang.Object)'> (0x000000060602d160) 
thrown [s\src\hotspot\share\interpreter\linkResolver.cpp, line 759]
Event: 42.405 Thread 0x0000026a9cb66d30 Exception <a 'java/lang/NoSuchMethodError'{0x0000000605a0f848}: 'java.lang.Object java.lang.invoke.DirectMethodHandle$Holder.invokeSpecialIFC(java.lang.Object, java.lang.Object, java.lang.Object)'> (0x0000000605a0f848) 
thrown [s\src\hotspot\share\interpreter\linkResolver.cpp, line 759]

VM Operations (20 events):
Event: 40.354 Executing VM operation: Cleanup
Event: 40.354 Executing VM operation: Cleanup done
Event: 40.611 Executing VM operation: HandshakeAllThreads
Event: 40.611 Executing VM operation: HandshakeAllThreads done
Event: 40.864 Executing VM operation: G1CollectForAllocation
Event: 40.874 Executing VM operation: G1CollectForAllocation done
Event: 41.135 Executing VM operation: HandshakeAllThreads
Event: 41.135 Executing VM operation: HandshakeAllThreads done
Event: 41.165 Executing VM operation: HandshakeAllThreads
Event: 41.165 Executing VM operation: HandshakeAllThreads done
Event: 41.259 Executing VM operation: HandshakeAllThreads
Event: 41.266 Executing VM operation: HandshakeAllThreads done
Event: 41.274 Executing VM operation: ICBufferFull
Event: 41.275 Executing VM operation: ICBufferFull done
Event: 41.422 Executing VM operation: HandshakeAllThreads
Event: 41.422 Executing VM operation: HandshakeAllThreads done
Event: 41.530 Executing VM operation: HandshakeAllThreads
Event: 41.530 Executing VM operation: HandshakeAllThreads done
Event: 42.458 Executing VM operation: ICBufferFull
Event: 42.459 Executing VM operation: ICBufferFull done

Memory protections (0 events):
No events

Nmethod flushes (20 events):
Event: 41.277 Thread 0x0000026a53a6b540 flushing  nmethod 0x0000026a20b92210
Event: 41.277 Thread 0x0000026a53a6b540 flushing  nmethod 0x0000026a20bbce10
Event: 41.277 Thread 0x0000026a53a6b540 flushing  nmethod 0x0000026a20bd3a90
Event: 41.277 Thread 0x0000026a53a6b540 flushing  nmethod 0x0000026a20bdf410
Event: 41.277 Thread 0x0000026a53a6b540 flushing  nmethod 0x0000026a20befe90
Event: 41.277 Thread 0x0000026a53a6b540 flushing  nmethod 0x0000026a20bf0390
Event: 41.277 Thread 0x0000026a53a6b540 flushing  nmethod 0x0000026a20c03990
Event: 41.277 Thread 0x0000026a53a6b540 flushing  nmethod 0x0000026a20c09190
Event: 41.278 Thread 0x0000026a53a6b540 flushing  nmethod 0x0000026a20c39610
Event: 41.278 Thread 0x0000026a53a6b540 flushing  nmethod 0x0000026a20c89f10
Event: 41.278 Thread 0x0000026a53a6b540 flushing  nmethod 0x0000026a20d11490
Event: 41.279 Thread 0x0000026a53a6b540 flushing  nmethod 0x0000026a20d2d410
Event: 41.279 Thread 0x0000026a53a6b540 flushing  nmethod 0x0000026a20d2ff10
Event: 41.279 Thread 0x0000026a53a6b540 flushing  nmethod 0x0000026a20d31710
Event: 41.279 Thread 0x0000026a53a6b540 flushing  nmethod 0x0000026a20d31b90
Event: 41.279 Thread 0x0000026a53a6b540 flushing  nmethod 0x0000026a20d32310
Event: 41.279 Thread 0x0000026a53a6b540 flushing  nmethod 0x0000026a20d33610
Event: 41.279 Thread 0x0000026a53a6b540 flushing  nmethod 0x0000026a20d34290
Event: 41.279 Thread 0x0000026a53a6b540 flushing  nmethod 0x0000026a20d3d010
Event: 41.279 Thread 0x0000026a53a6b540 flushing  nmethod 0x0000026a20d7a390

Events (20 events):
Event: 41.294 Thread 0x0000026a9cb66d30 Thread added: 0x0000026a9da36510
Event: 41.294 Thread 0x0000026a9cb66d30 Thread added: 0x0000026a9da37950
Event: 41.295 Thread 0x0000026a9cb66d30 Thread added: 0x0000026a9da39cc0
Event: 41.295 Thread 0x0000026a9cb66d30 Thread added: 0x0000026a9da3a1d0
Event: 41.296 Thread 0x0000026a9cb66d30 Thread added: 0x0000026a9da341a0
Event: 41.296 Thread 0x0000026a9cb66d30 Thread added: 0x0000026a9da33c90
Event: 41.734 Thread 0x0000026a9cb66d30 Thread added: 0x0000026a9da36a20
Event: 41.738 Thread 0x0000026a9cb66d30 Thread added: 0x0000026a9da34bc0
Event: 41.741 Thread 0x0000026a9cb66d30 Thread added: 0x0000026a9da350d0
Event: 41.743 Thread 0x0000026a9cb66d30 Thread added: 0x0000026a9da35af0
Event: 41.747 Thread 0x0000026a9cb66d30 Thread added: 0x0000026a9f26eb30
Event: 41.752 Thread 0x0000026a9cb66d30 Thread added: 0x0000026a9f270990
Event: 41.755 Thread 0x0000026a9cb66d30 Thread added: 0x0000026a9f26d1e0
Event: 42.408 Thread 0x0000026a9cb66d30 Thread added: 0x0000026a9f2718c0
Event: 42.410 Thread 0x0000026a9cb66d30 Thread added: 0x0000026a9f2727f0
Event: 42.411 Thread 0x0000026a9cb66d30 Thread added: 0x0000026a9f271dd0
Event: 42.412 Thread 0x0000026a9cb66d30 Thread added: 0x0000026a9f2722e0
Event: 42.461 Thread 0x0000026a9cb66d30 Thread added: 0x0000026a9f26dc00
Event: 42.462 Thread 0x0000026a9cb66d30 Thread added: 0x0000026a9f270ea0
Event: 42.463 Thread 0x0000026a9cb66d30 Thread added: 0x0000026a9f26e110


Dynamic libraries:
0x00007ff7f7450000 - 0x00007ff7f745e000 	C:\Program Files\Eclipse Adoptium\jdk-17.0.19.10-hotspot\bin\java.exe
0x00007ffbf7510000 - 0x00007ffbf7727000 	C:\WINDOWS\SYSTEM32\ntdll.dll
0x00007ffbf6790000 - 0x00007ffbf6854000 	C:\WINDOWS\System32\KERNEL32.DLL
0x00007ffbf47e0000 - 0x00007ffbf4bb2000 	C:\WINDOWS\System32\KERNELBASE.dll
0x00007ffbf46c0000 - 0x00007ffbf47d1000 	C:\WINDOWS\System32\ucrtbase.dll
0x00007ffbebaa0000 - 0x00007ffbebabe000 	C:\Program Files\Eclipse Adoptium\jdk-17.0.19.10-hotspot\bin\VCRUNTIME140.dll
0x00007ffbeba30000 - 0x00007ffbeba48000 	C:\Program Files\Eclipse Adoptium\jdk-17.0.19.10-hotspot\bin\jli.dll
0x00007ffbf52b0000 - 0x00007ffbf5461000 	C:\WINDOWS\System32\USER32.dll
0x00007ffbf4bc0000 - 0x00007ffbf4be6000 	C:\WINDOWS\System32\win32u.dll
0x00007ffbf74a0000 - 0x00007ffbf74c9000 	C:\WINDOWS\System32\GDI32.dll
0x00007ffbf4bf0000 - 0x00007ffbf4d13000 	C:\WINDOWS\System32\gdi32full.dll
0x00007ffbf4d20000 - 0x00007ffbf4dba000 	C:\WINDOWS\System32\msvcp_win.dll
0x00007ffbdee30000 - 0x00007ffbdf0cb000 	C:\WINDOWS\WinSxS\amd64_microsoft.windows.common-controls_6595b64144ccf1df_6.0.22621.5547_none_27104afb73855772\COMCTL32.dll
0x00007ffbf7130000 - 0x00007ffbf71d7000 	C:\WINDOWS\System32\msvcrt.dll
0x00007ffbf6560000 - 0x00007ffbf6591000 	C:\WINDOWS\System32\IMM32.DLL
0x00007ffbebb60000 - 0x00007ffbebb6c000 	C:\Program Files\Eclipse Adoptium\jdk-17.0.19.10-hotspot\bin\vcruntime140_1.dll
0x00007ffbe9260000 - 0x00007ffbe92ed000 	C:\Program Files\Eclipse Adoptium\jdk-17.0.19.10-hotspot\bin\msvcp140.dll
0x00007ffbb4f70000 - 0x00007ffbb5bdc000 	C:\Program Files\Eclipse Adoptium\jdk-17.0.19.10-hotspot\bin\server\jvm.dll
0x00007ffbf7010000 - 0x00007ffbf70c1000 	C:\WINDOWS\System32\ADVAPI32.dll
0x00007ffbf5c00000 - 0x00007ffbf5ca8000 	C:\WINDOWS\System32\sechost.dll
0x00007ffbf5170000 - 0x00007ffbf5198000 	C:\WINDOWS\System32\bcrypt.dll
0x00007ffbf65c0000 - 0x00007ffbf66d4000 	C:\WINDOWS\System32\RPCRT4.dll
0x00007ffbf5230000 - 0x00007ffbf52a1000 	C:\WINDOWS\System32\WS2_32.dll
0x00007ffbf44d0000 - 0x00007ffbf451d000 	C:\WINDOWS\SYSTEM32\POWRPROF.dll
0x00007ffbea780000 - 0x00007ffbea7b4000 	C:\WINDOWS\SYSTEM32\WINMM.dll
0x00007ffbe2020000 - 0x00007ffbe202a000 	C:\WINDOWS\SYSTEM32\VERSION.dll
0x00007ffbf44b0000 - 0x00007ffbf44c3000 	C:\WINDOWS\SYSTEM32\UMPDC.dll
0x00007ffbf35f0000 - 0x00007ffbf3608000 	C:\WINDOWS\SYSTEM32\kernel.appcore.dll
0x00007ffbeba90000 - 0x00007ffbeba9a000 	C:\Program Files\Eclipse Adoptium\jdk-17.0.19.10-hotspot\bin\jimage.dll
0x00007ffbeefa0000 - 0x00007ffbef1d3000 	C:\WINDOWS\SYSTEM32\DBGHELP.DLL
0x00007ffbf6860000 - 0x00007ffbf6bf3000 	C:\WINDOWS\System32\combase.dll
0x00007ffbf6c00000 - 0x00007ffbf6cd7000 	C:\WINDOWS\System32\OLEAUT32.dll
0x00007ffbde5e0000 - 0x00007ffbde612000 	C:\WINDOWS\SYSTEM32\dbgcore.DLL
0x00007ffbf4dc0000 - 0x00007ffbf4e3b000 	C:\WINDOWS\System32\bcryptPrimitives.dll
0x00007ffbec6a0000 - 0x00007ffbec6ae000 	C:\Program Files\Eclipse Adoptium\jdk-17.0.19.10-hotspot\bin\instrument.dll
0x00007ffbe9420000 - 0x00007ffbe9445000 	C:\Program Files\Eclipse Adoptium\jdk-17.0.19.10-hotspot\bin\java.dll
0x00007ffbd3160000 - 0x00007ffbd3237000 	C:\Program Files\Eclipse Adoptium\jdk-17.0.19.10-hotspot\bin\jsvml.dll
0x00007ffbf5cb0000 - 0x00007ffbf6552000 	C:\WINDOWS\System32\SHELL32.dll
0x00007ffbf4fb0000 - 0x00007ffbf50ef000 	C:\WINDOWS\System32\wintypes.dll
0x00007ffbf24e0000 - 0x00007ffbf2dfd000 	C:\WINDOWS\SYSTEM32\windows.storage.dll
0x00007ffbf7310000 - 0x00007ffbf741c000 	C:\WINDOWS\System32\SHCORE.dll
0x00007ffbf54d0000 - 0x00007ffbf5539000 	C:\WINDOWS\System32\shlwapi.dll
0x00007ffbf4530000 - 0x00007ffbf455b000 	C:\WINDOWS\SYSTEM32\profapi.dll
0x00007ffbe9240000 - 0x00007ffbe9258000 	C:\Program Files\Eclipse Adoptium\jdk-17.0.19.10-hotspot\bin\zip.dll
0x00007ffbd8530000 - 0x00007ffbd854a000 	C:\Program Files\Eclipse Adoptium\jdk-17.0.19.10-hotspot\bin\net.dll
0x00007ffbe9e80000 - 0x00007ffbe9fac000 	C:\WINDOWS\SYSTEM32\WINHTTP.dll
0x00007ffbf3a60000 - 0x00007ffbf3ac9000 	C:\WINDOWS\system32\mswsock.dll
0x00007ffbd2ff0000 - 0x00007ffbd3006000 	C:\Program Files\Eclipse Adoptium\jdk-17.0.19.10-hotspot\bin\nio.dll
0x00007ffbe9230000 - 0x00007ffbe9240000 	C:\Program Files\Eclipse Adoptium\jdk-17.0.19.10-hotspot\bin\verify.dll
0x00007ffbdf560000 - 0x00007ffbdf587000 	C:\Users\admin\.gradle\native\1def1411415f61bf3af743bc5b6707747c0891f09f0c88961ee8f79bc544acac\windows-amd64\native-platform.dll
0x00007ffbd2a50000 - 0x00007ffbd2ac7000 	C:\Users\admin\.gradle\native\0.2.8\x86_64-windows-gnu\gradle-fileevents.dll
0x00007ffbe9220000 - 0x00007ffbe922a000 	C:\Program Files\Eclipse Adoptium\jdk-17.0.19.10-hotspot\bin\management.dll
0x00007ffbe9210000 - 0x00007ffbe921c000 	C:\Program Files\Eclipse Adoptium\jdk-17.0.19.10-hotspot\bin\management_ext.dll
0x00007ffbf55d0000 - 0x00007ffbf55d8000 	C:\WINDOWS\System32\PSAPI.DLL
0x00007ffbf3060000 - 0x00007ffbf308d000 	C:\WINDOWS\SYSTEM32\IPHLPAPI.DLL
0x00007ffbf65b0000 - 0x00007ffbf65b9000 	C:\WINDOWS\System32\NSI.dll
0x00007ffbea560000 - 0x00007ffbea579000 	C:\WINDOWS\SYSTEM32\dhcpcsvc6.DLL
0x00007ffbea540000 - 0x00007ffbea55f000 	C:\WINDOWS\SYSTEM32\dhcpcsvc.DLL
0x00007ffbf30d0000 - 0x00007ffbf31c8000 	C:\WINDOWS\SYSTEM32\DNSAPI.dll
0x00007ffbe9200000 - 0x00007ffbe9209000 	C:\Program Files\Eclipse Adoptium\jdk-17.0.19.10-hotspot\bin\extnet.dll
0x00007ffbf3db0000 - 0x00007ffbf3dcb000 	C:\WINDOWS\SYSTEM32\CRYPTSP.dll
0x00007ffbf3550000 - 0x00007ffbf3587000 	C:\WINDOWS\system32\rsaenh.dll
0x00007ffbf3b00000 - 0x00007ffbf3b28000 	C:\WINDOWS\SYSTEM32\USERENV.dll
0x00007ffbf3d90000 - 0x00007ffbf3d9c000 	C:\WINDOWS\SYSTEM32\CRYPTBASE.dll
0x00007ffbec690000 - 0x00007ffbec69e000 	C:\Program Files\Eclipse Adoptium\jdk-17.0.19.10-hotspot\bin\sunmscapi.dll
0x00007ffbf4e40000 - 0x00007ffbf4fa7000 	C:\WINDOWS\System32\CRYPT32.dll
0x00007ffbf3ec0000 - 0x00007ffbf3eed000 	C:\WINDOWS\SYSTEM32\ncrypt.dll
0x00007ffbf3e80000 - 0x00007ffbf3eb7000 	C:\WINDOWS\SYSTEM32\NTASN1.dll
0x00007ffbec890000 - 0x00007ffbec898000 	C:\WINDOWS\system32\wshunix.dll

dbghelp: loaded successfully - version: 4.0.5 - missing functions: none
symbol engine: initialized successfully - sym options: 0x614 - pdb path: .;C:\Program Files\Eclipse Adoptium\jdk-17.0.19.10-hotspot\bin;C:\WINDOWS\SYSTEM32;C:\WINDOWS\WinSxS\amd64_microsoft.windows.common-controls_6595b64144ccf1df_6.0.22621.5547_none_27104afb73855772;C:\Program Files\Eclipse Adoptium\jdk-17.0.19.10-hotspot\bin\server;C:\Users\admin\.gradle\native\1def1411415f61bf3af743bc5b6707747c0891f09f0c88961ee8f79bc544acac\windows-amd64;C:\Users\admin\.gradle\native\0.2.8\x86_64-windows-gnu

VM Arguments:
jvm_args: --add-opens=java.base/java.lang=ALL-UNNAMED --add-opens=java.base/java.lang.invoke=ALL-UNNAMED --add-opens=java.base/java.util=ALL-UNNAMED --add-opens=java.prefs/java.util.prefs=ALL-UNNAMED --add-exports=jdk.compiler/com.sun.tools.javac.api=ALL-UNNAMED --add-exports=jdk.compiler/com.sun.tools.javac.util=ALL-UNNAMED --add-opens=java.base/java.util=ALL-UNNAMED --add-opens=java.prefs/java.util.prefs=ALL-UNNAMED --add-opens=java.base/java.nio.charset=ALL-UNNAMED --add-opens=java.base/java.net=ALL-UNNAMED --add-opens=java.base/java.util.concurrent=ALL-UNNAMED --add-opens=java.base/java.util.concurrent.atomic=ALL-UNNAMED --add-opens=java.xml/javax.xml.namespace=ALL-UNNAMED --add-opens=java.base/java.time=ALL-UNNAMED -XX:MaxMetaspaceSize=4G -XX:ReservedCodeCacheSize=512m -XX:+HeapDumpOnOutOfMemoryError -Xmx8G -Dfile.encoding=UTF-8 -Duser.country=FR -Duser.language=fr -Duser.variant -javaagent:C:\Users\admin\.gradle\wrapper\dists\gradle-9.1.0-all\7wzd0jkjit61aq2p43wpjgij9\gradle-9.1.0\lib\agents\gradle-instrumentation-agent-9.1.0.jar 
java_command: org.gradle.launcher.daemon.bootstrap.GradleDaemon 9.1.0
java_class_path (initial): C:\Users\admin\.gradle\wrapper\dists\gradle-9.1.0-all\7wzd0jkjit61aq2p43wpjgij9\gradle-9.1.0\lib\gradle-daemon-main-9.1.0.jar
Launcher Type: SUN_STANDARD

[Global flags]
     intx CICompilerCount                          = 4                                         {product} {ergonomic}
     uint ConcGCThreads                            = 2                                         {product} {ergonomic}
     uint G1ConcRefinementThreads                  = 8                                         {product} {ergonomic}
   size_t G1HeapRegionSize                         = 4194304                                   {product} {ergonomic}
    uintx GCDrainStackTargetSize                   = 64                                        {product} {ergonomic}
     bool HeapDumpOnOutOfMemoryError               = true                                   {manageable} {command line}
   size_t InitialHeapSize                          = 134217728                                 {product} {ergonomic}
   size_t MarkStackSize                            = 4194304                                   {product} {ergonomic}
   size_t MaxHeapSize                              = 8589934592                                {product} {command line}
   size_t MaxMetaspaceSize                         = 4294967296                                {product} {command line}
   size_t MaxNewSize                               = 5150605312                                {product} {ergonomic}
   size_t MinHeapDeltaBytes                        = 4194304                                   {product} {ergonomic}
   size_t MinHeapSize                              = 8388608                                   {product} {ergonomic}
    uintx NonNMethodCodeHeapSize                   = 5839372                                {pd product} {ergonomic}
    uintx NonProfiledCodeHeapSize                  = 265515770                              {pd product} {ergonomic}
    uintx ProfiledCodeHeapSize                     = 265515770                              {pd product} {ergonomic}
    uintx ReservedCodeCacheSize                    = 536870912                              {pd product} {command line}
     bool SegmentedCodeCache                       = true                                      {product} {ergonomic}
   size_t SoftMaxHeapSize                          = 8589934592                             {manageable} {ergonomic}
   double SweeperThreshold                         = 0.234375                                  {product} {ergonomic}
     bool UseCompressedClassPointers               = true                           {product lp64_product} {ergonomic}
     bool UseCompressedOops                        = true                           {product lp64_product} {ergonomic}
     bool UseG1GC                                  = true                                      {product} {ergonomic}
     bool UseLargePagesIndividualAllocation        = false                                  {pd product} {ergonomic}

Logging:
Log output configuration:
 #0: stdout all=warning uptime,level,tags
 #1: stderr all=off uptime,level,tags

Environment Variables:
JAVA_HOME=C:\Program Files\Eclipse Adoptium\jdk-25.0.1.8-hotspot
PATH=C:\Program Files\Eclipse Adoptium\jdk-17.0.19.10-hotspot\bin;C:\Program Files (x86)\VMware\VMware Workstation\bin\;C:\Program Files\Python312\Scripts\;C:\Program Files\Python312\;C:\WINDOWS\system32;C:\WINDOWS;C:\WINDOWS\System32\Wbem;C:\WINDOWS\System32\WindowsPowerShell\v1.0\;C:\WINDOWS\System32\OpenSSH\;C:\Program Files (x86)\Microsoft SQL Server\160\Tools\Binn\;C:\Program Files\Microsoft SQL Server\160\Tools\Binn\;C:\Program Files\Microsoft SQL Server\Client SDK\ODBC\170\Tools\Binn\;C:\Program Files\Microsoft SQL Server\160\DTS\Binn\;C:\Program Files (x86)\Microsoft SQL Server\160\DTS\Binn\;C:\Windows\system32\python;C:\sqlite3;C:\Program Files\nodejs\;C:\MinGW\bin;C:\curl\bin;C:\curl\include;C:\MinGW;C:\MinGW\lib;C:\GnuWin32\bin;C:\OpenSSL-Win64\bin;C:\Program Files\PostgreSQL\17\bin;C:\Program Files\Eclipse Adoptium\jdk-25.0.1.8-hotspot\bin;C:\Program Files\Heroku\bin;C:\Program Files\Git\cmd;C:\Program Files (x86)\VMware\VMware Workstation\bin\;C:\Program Files\Python312\Scripts\;C:\Program Files\Python312\;C:\WINDOWS\system32;C:\WINDOWS;C:\WINDOWS\System32\Wbem;C:\WINDOWS\System32\WindowsPowerShell\v1.0\;C:\WINDOWS\System32\OpenSSH\;C:\Program Files (x86)\Microsoft SQL Server\160\Tools\Binn\;C:\Program Files\Microsoft SQL Server\160\Tools\Binn\;C:\Program Files\Microsoft SQL Server\Client SDK\ODBC\170\Tools\Binn\;C:\Program Files\Microsoft SQL Server\160\DTS\Binn\;C:\Program Files (x86)\Microsoft SQL Server\160\DTS\Binn\;C:\Windows\system32\python;C:\sqlite3;C:\Program Files\nodejs\;C:\MinGW\bin;C:\curl\bin;C:\curl\include;C:\MinGW;C:\MinGW\lib;C:\GnuWin32\bin;C:\OpenSSL-Win64\bin;C:\Program Files\PostgreSQL\17\bin;C:\Program Files\Eclipse Adoptium\jdk-25.0.1.8-hotspot\bin;C:\Program Files\Git\cmd;C:\Program Files\Docker\Docker\resources\bin;C:\Program Files\Heroku\bin;C:\Users\admin\AppData\Local\Programs\Microsoft VS Code;C:\Program Files\P;C:\flutter\bin\flutter;C:\flutter\bin;C:\Users\admin\AppData\Local\Programs\Microsoft VS Code\bin
USERNAME=admin
OS=Windows_NT
PROCESSOR_IDENTIFIER=Intel64 Family 6 Model 142 Stepping 10, GenuineIntel
TMP=C:\Users\admin\AppData\Local\Temp
TEMP=C:\Users\admin\AppData\Local\Temp



Periodic native trim disabled


---------------  S Y S T E M  ---------------

OS:
 Windows 11 , 64 bit Build 22621 (10.0.22621.5415)
OS uptime: 0 days 1:43 hours
Hyper-V role detected

CPU: total 8 (initial active 8) (4 cores per cpu, 2 threads per core) family 6 model 142 stepping 10 microcode 0xf4, cx8, cmov, fxsr, ht, mmx, 3dnowpref, sse, sse2, sse3, ssse3, sse4.1, sse4.2, popcnt, lzcnt, tsc, tscinvbit, avx, avx2, aes, erms, clmul, bmi1, bmi2, rtm, adx, fma, vzeroupper, clflush, clflushopt, hv
Processor Information for all 8 processors :
  Max Mhz: 1896, Current Mhz: 1696, Mhz Limit: 1687

Memory: 4k page, system-wide physical 8070M (429M free)
TotalPageFile size 16142M (AvailPageFile size 2M)
current process WorkingSet (physical memory assigned to process): 258M, peak: 273M
current process commit charge ("private bytes"): 307M, peak: 321M

vm_info: OpenJDK 64-Bit Server VM (17.0.19+10) for windows-amd64 JRE (17.0.19+10), built on Apr 25 2026 08:04:44 by "admin" with MS VC++ 17.12 (VS2022)

END.
