#
# There is insufficient memory for the Java Runtime Environment to continue.
# Native memory allocation (malloc) failed to allocate 1699056 bytes. Error detail: Chunk::new
# Possible reasons:
#   The system is out of physical RAM or swap space
#   This process is running with CompressedOops enabled, and the Java Heap may be blocking the growth of the native heap
# Possible solutions:
#   Reduce memory load on the system
#   Increase physical memory or swap space
#   Check if swap backing store is full
#   Decrease Java heap size (-Xmx/-Xms)
#   Decrease number of Java threads
#   Decrease Java thread stack sizes (-Xss)
#   Set larger code cache with -XX:ReservedCodeCacheSize=
#   JVM is running with Zero Based Compressed Oops mode in which the Java heap is
#     placed in the first 32GB address space. The Java Heap base address is the
#     maximum limit for the native heap growth. Please use -XX:HeapBaseMinAddress
#     to set the Java Heap base and to place the Java Heap above 32GB virtual address.
# This output file may be truncated or incomplete.
#
#  Out of Memory Error (arena.cpp:168), pid=7852, tid=17732
#
# JRE version: OpenJDK Runtime Environment Temurin-21.0.12.1+1 (21.0.12.1+1) (build 21.0.12.1+1-LTS)
# Java VM: OpenJDK 64-Bit Server VM Temurin-21.0.12.1+1 (21.0.12.1+1-LTS, mixed mode, sharing, tiered, compressed oops, compressed class ptrs, g1 gc, windows-amd64)
# No core dump will be written. Minidumps are not enabled by default on client versions of Windows
#

---------------  S U M M A R Y ------------

Command Line: --add-opens=java.base/java.lang=ALL-UNNAMED --add-opens=java.base/java.lang.invoke=ALL-UNNAMED --add-opens=java.base/java.util=ALL-UNNAMED --add-opens=java.prefs/java.util.prefs=ALL-UNNAMED --add-exports=jdk.compiler/com.sun.tools.javac.api=ALL-UNNAMED --add-exports=jdk.compiler/com.sun.tools.javac.util=ALL-UNNAMED --add-opens=java.base/java.util=ALL-UNNAMED --add-opens=java.prefs/java.util.prefs=ALL-UNNAMED --add-opens=java.base/java.nio.charset=ALL-UNNAMED --add-opens=java.base/java.net=ALL-UNNAMED --add-opens=java.base/java.util.concurrent=ALL-UNNAMED --add-opens=java.base/java.util.concurrent.atomic=ALL-UNNAMED --add-opens=java.xml/javax.xml.namespace=ALL-UNNAMED --add-opens=java.base/java.time=ALL-UNNAMED -XX:MaxMetaspaceSize=4G -XX:ReservedCodeCacheSize=512m -XX:+HeapDumpOnOutOfMemoryError -Xmx8G -Dfile.encoding=UTF-8 -Duser.country=FR -Duser.language=fr -Duser.variant -javaagent:C:\Users\admin\.gradle\wrapper\dists\gradle-9.1.0-all\7wzd0jkjit61aq2p43wpjgij9\gradle-9.1.0\lib\agents\gradle-instrumentation-agent-9.1.0.jar org.gradle.launcher.daemon.bootstrap.GradleDaemon 9.1.0

Host: Intel(R) Core(TM) i5-8350U CPU @ 1.70GHz, 8 cores, 7G,  Windows 11 , 64 bit Build 22621 (10.0.22621.5415)
Time: Sun Sep 20 14:02:13 2026 elapsed time: 32.629433 seconds (0d 0h 0m 32s)

---------------  T H R E A D  ---------------

Current thread (0x00000229bb188b00):  JavaThread "C2 CompilerThread0" daemon [_thread_in_native, id=17732, stack(0x0000009c06600000,0x0000009c06700000) (1024K)]


Current CompileTask:
C2:32629 4230   !   4       java.lang.ClassLoader::loadClass (121 bytes)

Stack: [0x0000009c06600000,0x0000009c06700000]
Native frames: (J=compiled Java code, j=interpreted, Vv=VM code, C=native code)
V  [jvm.dll+0x6d83e9]
V  [jvm.dll+0x8b5736]
V  [jvm.dll+0x8b7cee]
V  [jvm.dll+0x8b83d3]
V  [jvm.dll+0x284596]
V  [jvm.dll+0xc685d]
V  [jvm.dll+0xc6da1]
V  [jvm.dll+0x3bf151]
V  [jvm.dll+0x1e3f42]
V  [jvm.dll+0x24c853]
V  [jvm.dll+0x24bce0]
V  [jvm.dll+0x1cb4ae]
V  [jvm.dll+0x25baad]
V  [jvm.dll+0x25a03a]
V  [jvm.dll+0x3f8aae]
V  [jvm.dll+0x8600cd]
V  [jvm.dll+0x6d6c1d]
C  [ucrtbase.dll+0x29333]
C  [KERNEL32.DLL+0x1259d]
C  [ntdll.dll+0x5af78]


---------------  P R O C E S S  ---------------

Threads class SMR info:
_java_thread_list=0x00000229fd1e9ed0, length=33, elements={
0x000002298b7720d0, 0x00000229bb17c9f0, 0x00000229bb17d860, 0x00000229bb17f7e0,
0x00000229bb182350, 0x00000229bb185150, 0x00000229bb185bb0, 0x00000229bb188b00,
0x00000229bb189900, 0x00000229bbae1660, 0x00000229bbb06240, 0x00000229fe342130,
0x00000229bba008b0, 0x00000229bba552d0, 0x00000229fda37040, 0x00000229fda37ec0,
0x00000229fe78d340, 0x00000229fd8b13c0, 0x00000229fd8b0d30, 0x00000229fd8b06a0,
0x00000229fd8af980, 0x00000229fd8af2f0, 0x00000229fd8b0010, 0x00000229fd8aec60,
0x00000229fd8ae5d0, 0x00000229ff545760, 0x00000229ff544a40, 0x00000229ff549f90,
0x00000229ff547830, 0x00000229ff546b10, 0x00000229ff54acb0, 0x00000229ff545df0,
0x00000229ff543d20
}

Java Threads: ( => current thread )
  0x000002298b7720d0 JavaThread "main"                              [_thread_blocked, id=14804, stack(0x0000009c05700000,0x0000009c05800000) (1024K)]
  0x00000229bb17c9f0 JavaThread "Reference Handler"          daemon [_thread_blocked, id=3228, stack(0x0000009c06000000,0x0000009c06100000) (1024K)]
  0x00000229bb17d860 JavaThread "Finalizer"                  daemon [_thread_blocked, id=16784, stack(0x0000009c06100000,0x0000009c06200000) (1024K)]
  0x00000229bb17f7e0 JavaThread "Signal Dispatcher"          daemon [_thread_blocked, id=17720, stack(0x0000009c06200000,0x0000009c06300000) (1024K)]
  0x00000229bb182350 JavaThread "Attach Listener"            daemon [_thread_blocked, id=11844, stack(0x0000009c06300000,0x0000009c06400000) (1024K)]
  0x00000229bb185150 JavaThread "Service Thread"             daemon [_thread_blocked, id=18788, stack(0x0000009c06400000,0x0000009c06500000) (1024K)]
  0x00000229bb185bb0 JavaThread "Monitor Deflation Thread"   daemon [_thread_blocked, id=8208, stack(0x0000009c06500000,0x0000009c06600000) (1024K)]
=>0x00000229bb188b00 JavaThread "C2 CompilerThread0"         daemon [_thread_in_native, id=17732, stack(0x0000009c06600000,0x0000009c06700000) (1024K)]
  0x00000229bb189900 JavaThread "C1 CompilerThread0"         daemon [_thread_blocked, id=4352, stack(0x0000009c06700000,0x0000009c06800000) (1024K)]
  0x00000229bbae1660 JavaThread "Common-Cleaner"             daemon [_thread_blocked, id=1000, stack(0x0000009c06800000,0x0000009c06900000) (1024K)]
  0x00000229bbb06240 JavaThread "Notification Thread"        daemon [_thread_blocked, id=16668, stack(0x0000009c06900000,0x0000009c06a00000) (1024K)]
  0x00000229fe342130 JavaThread "Daemon health stats"               [_thread_blocked, id=19192, stack(0x0000009c06e00000,0x0000009c06f00000) (1024K)]
  0x00000229bba008b0 JavaThread "Incoming local TCP Connector on port 49853"        [_thread_in_native, id=3168, stack(0x0000009c07200000,0x0000009c07300000) (1024K)]
  0x00000229bba552d0 JavaThread "Daemon periodic checks"            [_thread_in_native, id=15948, stack(0x0000009c07300000,0x0000009c07400000) (1024K)]
  0x00000229fda37040 JavaThread "Daemon"                            [_thread_blocked, id=11144, stack(0x0000009c07400000,0x0000009c07500000) (1024K)]
  0x00000229fda37ec0 JavaThread "Handler for socket connection from /127.0.0.1:49853 to /127.0.0.1:49854"        [_thread_in_native, id=1268, stack(0x0000009c07500000,0x0000009c07600000) (1024K)]
  0x00000229fe78d340 JavaThread "Cancel handler"                    [_thread_blocked, id=6532, stack(0x0000009c07600000,0x0000009c07700000) (1024K)]
  0x00000229fd8b13c0 JavaThread "Daemon worker"                     [_thread_in_Java, id=3684, stack(0x0000009c07700000,0x0000009c07800000) (1024K)]
  0x00000229fd8b0d30 JavaThread "Asynchronous log dispatcher for DefaultDaemonConnection: socket connection from /127.0.0.1:49853 to /127.0.0.1:49854"        [_thread_blocked, id=7624, stack(0x0000009c07800000,0x0000009c07900000) (1024K)]
  0x00000229fd8b06a0 JavaThread "Stdin handler"                     [_thread_blocked, id=8672, stack(0x0000009c07900000,0x0000009c07a00000) (1024K)]
  0x00000229fd8af980 JavaThread "Daemon client event forwarder"        [_thread_blocked, id=12220, stack(0x0000009c07a00000,0x0000009c07b00000) (1024K)]
  0x00000229fd8af2f0 JavaThread "Cache worker for journal cache (C:\Users\admin\.gradle\caches\journal-1)"        [_thread_blocked, id=13636, stack(0x0000009c07b00000,0x0000009c07c00000) (1024K)]
  0x00000229fd8b0010 JavaThread "File lock request listener"        [_thread_in_native, id=6920, stack(0x0000009c07c00000,0x0000009c07d00000) (1024K)]
  0x00000229fd8aec60 JavaThread "Cache worker for file hash cache (C:\Users\admin\.gradle\caches\9.1.0\fileHashes)"        [_thread_blocked, id=5912, stack(0x0000009c07e00000,0x0000009c07f00000) (1024K)]
  0x00000229fd8ae5d0 JavaThread "File lock release action executor"        [_thread_blocked, id=19056, stack(0x0000009c07f00000,0x0000009c08000000) (1024K)]
  0x00000229ff545760 JavaThread "Cache worker for file hash cache (C:\Users\admin\Downloads\livreurs-pro\flutter\foodmood_app\android\.gradle\9.1.0\fileHashes)"        [_thread_blocked, id=18064, stack(0x0000009c08000000,0x0000009c08100000) (1024K)]
  0x00000229ff544a40 JavaThread "Cache worker for Build Output Cleanup Cache (C:\Users\admin\Downloads\livreurs-pro\flutter\foodmood_app\android\.gradle\buildOutputCleanup)"        [_thread_blocked, id=18440, stack(0x0000009c08100000,0x0000009c08200000) (1024K)]
  0x00000229ff549f90 JavaThread "File watcher server"        daemon [_thread_in_native, id=19200, stack(0x0000009c08200000,0x0000009c08300000) (1024K)]
  0x00000229ff547830 JavaThread "File watcher consumer"      daemon [_thread_blocked, id=19256, stack(0x0000009c08300000,0x0000009c08400000) (1024K)]
  0x00000229ff546b10 JavaThread "Cache worker for checksums cache (C:\Users\admin\Downloads\livreurs-pro\flutter\foodmood_app\android\.gradle\9.1.0\checksums)"        [_thread_blocked, id=17008, stack(0x0000009c08400000,0x0000009c08500000) (1024K)]
  0x00000229ff54acb0 JavaThread "Cache worker for file content cache (C:\Users\admin\.gradle\caches\9.1.0\fileContent)"        [_thread_blocked, id=10884, stack(0x0000009c08500000,0x0000009c08600000) (1024K)]
  0x00000229ff545df0 JavaThread "Cache worker for cache directory md-supplier (C:\Users\admin\.gradle\caches\9.1.0\md-supplier)"        [_thread_blocked, id=6676, stack(0x0000009c08600000,0x0000009c08700000) (1024K)]
  0x00000229ff543d20 JavaThread "Cache worker for cache directory md-rule (C:\Users\admin\.gradle\caches\9.1.0\md-rule)"        [_thread_blocked, id=6896, stack(0x0000009c08700000,0x0000009c08800000) (1024K)]
Total: 33

Other Threads:
  0x00000229bb15d530 VMThread "VM Thread"                           [id=18792, stack(0x0000009c05f00000,0x0000009c06000000) (1024K)]
  0x00000229bb14d840 WatcherThread "VM Periodic Task Thread"        [id=6848, stack(0x0000009c05e00000,0x0000009c05f00000) (1024K)]
  0x000002298b81a320 WorkerThread "GC Thread#0"                     [id=3984, stack(0x0000009c05900000,0x0000009c05a00000) (1024K)]
  0x00000229bbbb8670 WorkerThread "GC Thread#1"                     [id=18868, stack(0x0000009c06a00000,0x0000009c06b00000) (1024K)]
  0x00000229bbbb8a20 WorkerThread "GC Thread#2"                     [id=18872, stack(0x0000009c06b00000,0x0000009c06c00000) (1024K)]
  0x00000229bba2b6a0 WorkerThread "GC Thread#3"                     [id=6252, stack(0x0000009c06c00000,0x0000009c06d00000) (1024K)]
  0x00000229bb968940 WorkerThread "GC Thread#4"                     [id=19412, stack(0x0000009c06d00000,0x0000009c06e00000) (1024K)]
  0x00000229fdccbe10 WorkerThread "GC Thread#5"                     [id=19172, stack(0x0000009c06f00000,0x0000009c07000000) (1024K)]
  0x00000229fd18c170 WorkerThread "GC Thread#6"                     [id=19156, stack(0x0000009c07000000,0x0000009c07100000) (1024K)]
  0x00000229fe79d860 WorkerThread "GC Thread#7"                     [id=18816, stack(0x0000009c07100000,0x0000009c07200000) (1024K)]
  0x000002298b82b310 ConcurrentGCThread "G1 Main Marker"            [id=15700, stack(0x0000009c05a00000,0x0000009c05b00000) (1024K)]
  0x000002298b82be20 WorkerThread "G1 Conc#0"                       [id=10256, stack(0x0000009c05b00000,0x0000009c05c00000) (1024K)]
  0x00000229fe4be7f0 WorkerThread "G1 Conc#1"                       [id=19096, stack(0x0000009c07d00000,0x0000009c07e00000) (1024K)]
  0x00000229bb01e0a0 ConcurrentGCThread "G1 Refine#0"               [id=14556, stack(0x0000009c05c00000,0x0000009c05d00000) (1024K)]
  0x00000229bb01ec20 ConcurrentGCThread "G1 Service"                [id=5456, stack(0x0000009c05d00000,0x0000009c05e00000) (1024K)]
Total: 15

Threads with active compile tasks:
C2 CompilerThread0  32673 4230   !   4       java.lang.ClassLoader::loadClass (121 bytes)
Total: 1

VM state: not at safepoint (normal execution)

VM Mutex/Monitor currently owned by a thread: None

Heap address: 0x0000000600000000, size: 8192 MB, Compressed Oops mode: Zero based, Oop shift amount: 3

CDS archive(s) mapped at: [0x00000229bc000000-0x00000229bcba0000-0x00000229bcba0000), size 12189696, SharedBaseAddress: 0x00000229bc000000, ArchiveRelocationMode: 1.
Compressed class space mapped at: 0x00000229bd000000-0x00000229fd000000, reserved size: 1073741824
Narrow klass base: 0x00000229bc000000, Narrow klass shift: 0, Narrow klass range: 0x100000000

GC Precious Log:
 CardTable entry size: 512
 Card Set container configuration: InlinePtr #cards 4 size 8 Array Of Cards #cards 32 size 80 Howl #buckets 8 coarsen threshold 7372 Howl Bitmap #cards 1024 size 144 coarsen threshold 921 Card regions per heap region 1 cards per card region 8192
 CPUs: 8 total, 8 available
 Memory: 8070M
 Large Page Support: Disabled
 NUMA Support: Disabled
 Compressed Oops: Enabled (Zero based)
 Heap Region Size: 4M
 Heap Min Capacity: 8M
 Heap Initial Capacity: 128M
 Heap Max Capacity: 8G
 Pre-touch: Disabled
 Parallel Workers: 8
 Concurrent Workers: 2
 Concurrent Refinement Workers: 8
 Periodic GC: Disabled

Heap:
 garbage-first heap   total 110592K, used 46061K [0x0000000600000000, 0x0000000800000000)
  region size 4096K, 7 young (28672K), 1 survivors (4096K)
 Metaspace       used 35969K, committed 37312K, reserved 1114112K
  class space    used 5291K, committed 5952K, reserved 1048576K

Heap Regions: E=young(eden), S=young(survivor), O=old, HS=humongous(starts), HC=humongous(continues), CS=collection set, F=free, TAMS=top-at-mark-start, PB=parsable bottom
|   0|0x0000000600000000, 0x0000000600400000, 0x0000000600400000|100%|HS|  |TAMS 0x0000000600000000| PB 0x0000000600000000| Complete 
|   1|0x0000000600400000, 0x0000000600800000, 0x0000000600800000|100%| O|  |TAMS 0x0000000600400000| PB 0x0000000600400000| Untracked 
|   2|0x0000000600800000, 0x0000000600c00000, 0x0000000600c00000|100%| O|  |TAMS 0x0000000600800000| PB 0x0000000600800000| Untracked 
|   3|0x0000000600c00000, 0x0000000601000000, 0x0000000601000000|100%| O|  |TAMS 0x0000000600c00000| PB 0x0000000600c00000| Untracked 
|   4|0x0000000601000000, 0x000000060129b8c0, 0x0000000601400000| 65%| O|Cm|TAMS 0x0000000601000000| PB 0x0000000601000000| Complete 
|   5|0x0000000601400000, 0x0000000601800000, 0x0000000601800000|100%| O|  |TAMS 0x0000000601400000| PB 0x0000000601400000| Untracked 
|   6|0x0000000601800000, 0x0000000601c00000, 0x0000000601c00000|100%| O|  |TAMS 0x0000000601800000| PB 0x0000000601800000| Untracked 
|   7|0x0000000601c00000, 0x0000000601c00000, 0x0000000602000000|  0%| F|  |TAMS 0x0000000601c00000| PB 0x0000000601c00000| Untracked 
|   8|0x0000000602000000, 0x0000000602000000, 0x0000000602400000|  0%| F|  |TAMS 0x0000000602000000| PB 0x0000000602000000| Untracked 
|   9|0x0000000602400000, 0x0000000602400000, 0x0000000602800000|  0%| F|  |TAMS 0x0000000602400000| PB 0x0000000602400000| Untracked 
|  10|0x0000000602800000, 0x0000000602800000, 0x0000000602c00000|  0%| F|  |TAMS 0x0000000602800000| PB 0x0000000602800000| Untracked 
|  11|0x0000000602c00000, 0x0000000602c00000, 0x0000000603000000|  0%| F|  |TAMS 0x0000000602c00000| PB 0x0000000602c00000| Untracked 
|  12|0x0000000603000000, 0x0000000603000000, 0x0000000603400000|  0%| F|  |TAMS 0x0000000603000000| PB 0x0000000603000000| Untracked 
|  13|0x0000000603400000, 0x0000000603400000, 0x0000000603800000|  0%| F|  |TAMS 0x0000000603400000| PB 0x0000000603400000| Untracked 
|  14|0x0000000603800000, 0x0000000603800000, 0x0000000603c00000|  0%| F|  |TAMS 0x0000000603800000| PB 0x0000000603800000| Untracked 
|  15|0x0000000603c00000, 0x0000000603c00000, 0x0000000604000000|  0%| F|  |TAMS 0x0000000603c00000| PB 0x0000000603c00000| Untracked 
|  16|0x0000000604000000, 0x0000000604000000, 0x0000000604400000|  0%| F|  |TAMS 0x0000000604000000| PB 0x0000000604000000| Untracked 
|  17|0x0000000604400000, 0x0000000604400000, 0x0000000604800000|  0%| F|  |TAMS 0x0000000604400000| PB 0x0000000604400000| Untracked 
|  18|0x0000000604800000, 0x0000000604800000, 0x0000000604c00000|  0%| F|  |TAMS 0x0000000604800000| PB 0x0000000604800000| Untracked 
|  19|0x0000000604c00000, 0x0000000604c00000, 0x0000000605000000|  0%| F|  |TAMS 0x0000000604c00000| PB 0x0000000604c00000| Untracked 
|  20|0x0000000605000000, 0x0000000605400000, 0x0000000605400000|100%| E|  |TAMS 0x0000000605000000| PB 0x0000000605000000| Complete 
|  21|0x0000000605400000, 0x0000000605800000, 0x0000000605800000|100%| E|  |TAMS 0x0000000605400000| PB 0x0000000605400000| Complete 
|  22|0x0000000605800000, 0x0000000605c00000, 0x0000000605c00000|100%| E|CS|TAMS 0x0000000605800000| PB 0x0000000605800000| Complete 
|  23|0x0000000605c00000, 0x0000000606000000, 0x0000000606000000|100%| E|CS|TAMS 0x0000000605c00000| PB 0x0000000605c00000| Complete 
|  28|0x0000000607000000, 0x0000000607400000, 0x0000000607400000|100%| E|CS|TAMS 0x0000000607000000| PB 0x0000000607000000| Complete 
|  29|0x0000000607400000, 0x000000060765fd60, 0x0000000607800000| 59%| S|CS|TAMS 0x0000000607400000| PB 0x0000000607400000| Complete 
|  31|0x0000000607c00000, 0x0000000608000000, 0x0000000608000000|100%| E|CS|TAMS 0x0000000607c00000| PB 0x0000000607c00000| Complete 

Card table byte_map: [0x00000229afec0000,0x00000229b0ec0000] _byte_map_base: 0x00000229acec0000

Marking Bits: (CMBitMap*) 0x000002298b81aa30
 Bits: [0x00000229b0ec0000, 0x00000229b8ec0000)

Polling page: 0x000002298af30000

Metaspace:

Usage:
  Non-class:     29.96 MB used.
      Class:      5.17 MB used.
       Both:     35.13 MB used.

Virtual space:
  Non-class space:       64.00 MB reserved,      30.62 MB ( 48%) committed,  1 nodes.
      Class space:        1.00 GB reserved,       5.81 MB ( <1%) committed,  1 nodes.
             Both:        1.06 GB reserved,      36.44 MB (  3%) committed. 

Chunk freelists:
   Non-Class:  1.03 MB
       Class:  10.11 MB
        Both:  11.14 MB

MaxMetaspaceSize: 4.00 GB
CompressedClassSpaceSize: 1.00 GB
Initial GC threshold: 21.00 MB
Current GC threshold: 59.19 MB
CDS: on
 - commit_granule_bytes: 65536.
 - commit_granule_words: 8192.
 - virtual_space_node_default_size: 8388608.
 - enlarge_chunks_in_place: 1.
 - use_allocation_guard: 0.


Internal statistics:

num_allocs_failed_limit: 9.
num_arena_births: 2278.
num_arena_deaths: 0.
num_vsnodes_births: 2.
num_vsnodes_deaths: 0.
num_space_committed: 583.
num_space_uncommitted: 0.
num_chunks_returned_to_freelist: 9.
num_chunks_taken_from_freelist: 3955.
num_chunk_merges: 6.
num_chunk_splits: 2598.
num_chunks_enlarged: 1622.
num_inconsistent_stats: 0.

CodeHeap 'non-profiled nmethods': size=259264Kb used=2052Kb max_used=2416Kb free=257211Kb
 bounds [0x000002299ec40000, 0x000002299eeb0000, 0x00000229ae970000]
CodeHeap 'profiled nmethods': size=259264Kb used=7190Kb max_used=8203Kb free=252073Kb
 bounds [0x000002298e970000, 0x000002298f180000, 0x000002299e6a0000]
CodeHeap 'non-nmethods': size=5760Kb used=1818Kb max_used=1866Kb free=3941Kb
 bounds [0x000002299e6a0000, 0x000002299e910000, 0x000002299ec40000]
CodeCache: size=524288Kb, used=11060Kb, max_used=12485Kb, free=513225Kb
 total_blobs=4416, nmethods=3724, adapters=596, full_count=0
Compilation: enabled, stopped_count=0, restarted_count=0

Compilation events (20 events):
Event: 31.959 Thread 0x00000229bb189900 4228       3       jdk.internal.perf.PerfCounter::getFindClassTime (4 bytes)
Event: 31.959 Thread 0x00000229bb189900 nmethod 4228 0x000002298eca4f90 code [0x000002298eca5120, 0x000002298eca5218]
Event: 31.959 Thread 0x00000229bb189900 4229       3       jdk.internal.perf.PerfCounter::getFindClasses (4 bytes)
Event: 31.959 Thread 0x00000229bb189900 nmethod 4229 0x000002298eccd210 code [0x000002298eccd3a0, 0x000002298eccd498]
Event: 31.964 Thread 0x00000229bb189900 4232       2       java.net.URLClassLoader$1::run (5 bytes)
Event: 31.965 Thread 0x00000229bb189900 nmethod 4232 0x000002298edd4890 code [0x000002298edd4a40, 0x000002298edd4b68]
Event: 31.965 Thread 0x00000229bb189900 4233   !   2       java.net.URLClassLoader$1::run (81 bytes)
Event: 31.966 Thread 0x00000229bb189900 nmethod 4233 0x000002298ee4fa90 code [0x000002298ee4fd40, 0x000002298ee50578]
Event: 32.153 Thread 0x00000229bb189900 4235       2       jdk.internal.loader.Resource::getByteBuffer (24 bytes)
Event: 32.154 Thread 0x00000229bb189900 nmethod 4235 0x000002298ebfcc10 code [0x000002298ebfcde0, 0x000002298ebfd198]
Event: 32.311 Thread 0x00000229bb189900 4236       2       jdk.internal.loader.URLClassPath$JarLoader$2::getInputStream (15 bytes)
Event: 32.311 Thread 0x00000229bb189900 nmethod 4236 0x000002298eaf0210 code [0x000002298eaf03c0, 0x000002298eaf0510]
Event: 32.323 Thread 0x00000229bb189900 4237   !   3       java.net.URLClassLoader::defineClass (224 bytes)
Event: 32.522 Thread 0x00000229bb189900 nmethod 4237 0x000002298e9cb310 code [0x000002298e9cb740, 0x000002298e9cd330]
Event: 32.538 Thread 0x00000229bb189900 4239   !   2       jdk.internal.loader.URLClassPath$JarLoader::checkResource (73 bytes)
Event: 32.539 Thread 0x00000229bb189900 nmethod 4239 0x000002298e9c1310 code [0x000002298e9c1520, 0x000002298e9c1ab0]
Event: 32.540 Thread 0x00000229bb189900 4240   !   2       jdk.internal.loader.Resource::getBytes (244 bytes)
Event: 32.541 Thread 0x00000229bb189900 nmethod 4240 0x000002298ea16210 code [0x000002298ea164a0, 0x000002298ea16f10]
Event: 32.541 Thread 0x00000229bb189900 4241       3       jdk.internal.perf.PerfCounter::increment (6 bytes)
Event: 32.541 Thread 0x00000229bb189900 nmethod 4241 0x000002298ec54810 code [0x000002298ec549c0, 0x000002298ec54b10]

GC Heap History (16 events):
Event: 2.459 GC heap before
{Heap before GC invocations=0 (full 0):
 garbage-first heap   total 131072K, used 20480K [0x0000000600000000, 0x0000000800000000)
  region size 4096K, 5 young (20480K), 0 survivors (0K)
 Metaspace       used 872K, committed 1024K, reserved 1114112K
  class space    used 71K, committed 128K, reserved 1048576K
}
Event: 2.537 GC heap after
{Heap after GC invocations=1 (full 0):
 garbage-first heap   total 131072K, used 1535K [0x0000000600000000, 0x0000000800000000)
  region size 4096K, 1 young (4096K), 1 survivors (4096K)
 Metaspace       used 872K, committed 1024K, reserved 1114112K
  class space    used 71K, committed 128K, reserved 1048576K
}
Event: 6.725 GC heap before
{Heap before GC invocations=1 (full 0):
 garbage-first heap   total 131072K, used 38399K [0x0000000600000000, 0x0000000800000000)
  region size 4096K, 10 young (40960K), 1 survivors (4096K)
 Metaspace       used 4531K, committed 4736K, reserved 1114112K
  class space    used 582K, committed 704K, reserved 1048576K
}
Event: 6.735 GC heap after
{Heap after GC invocations=2 (full 0):
 garbage-first heap   total 131072K, used 11386K [0x0000000600000000, 0x0000000800000000)
  region size 4096K, 2 young (8192K), 2 survivors (8192K)
 Metaspace       used 4531K, committed 4736K, reserved 1114112K
  class space    used 582K, committed 704K, reserved 1048576K
}
Event: 11.483 GC heap before
{Heap before GC invocations=2 (full 0):
 garbage-first heap   total 131072K, used 72826K [0x0000000600000000, 0x0000000800000000)
  region size 4096K, 18 young (73728K), 2 survivors (8192K)
 Metaspace       used 8565K, committed 8960K, reserved 1114112K
  class space    used 1173K, committed 1344K, reserved 1048576K
}
Event: 11.497 GC heap after
{Heap after GC invocations=3 (full 0):
 garbage-first heap   total 131072K, used 19151K [0x0000000600000000, 0x0000000800000000)
  region size 4096K, 2 young (8192K), 2 survivors (8192K)
 Metaspace       used 8565K, committed 8960K, reserved 1114112K
  class space    used 1173K, committed 1344K, reserved 1048576K
}
Event: 19.007 GC heap before
{Heap before GC invocations=3 (full 0):
 garbage-first heap   total 131072K, used 88783K [0x0000000600000000, 0x0000000800000000)
  region size 4096K, 19 young (77824K), 2 survivors (8192K)
 Metaspace       used 19911K, committed 20544K, reserved 1114112K
  class space    used 2750K, committed 3072K, reserved 1048576K
}
Event: 19.016 GC heap after
{Heap after GC invocations=4 (full 0):
 garbage-first heap   total 131072K, used 23232K [0x0000000600000000, 0x0000000800000000)
  region size 4096K, 2 young (8192K), 2 survivors (8192K)
 Metaspace       used 19911K, committed 20544K, reserved 1114112K
  class space    used 2750K, committed 3072K, reserved 1048576K
}
Event: 19.977 GC heap before
{Heap before GC invocations=4 (full 0):
 garbage-first heap   total 131072K, used 27328K [0x0000000600000000, 0x0000000800000000)
  region size 4096K, 4 young (16384K), 2 survivors (8192K)
 Metaspace       used 20888K, committed 21504K, reserved 1114112K
  class space    used 2908K, committed 3200K, reserved 1048576K
}
Event: 19.982 GC heap after
{Heap after GC invocations=5 (full 0):
 garbage-first heap   total 131072K, used 23387K [0x0000000600000000, 0x0000000800000000)
  region size 4096K, 2 young (8192K), 2 survivors (8192K)
 Metaspace       used 20888K, committed 21504K, reserved 1114112K
  class space    used 2908K, committed 3200K, reserved 1048576K
}
Event: 28.067 GC heap before
{Heap before GC invocations=6 (full 0):
 garbage-first heap   total 98304K, used 93019K [0x0000000600000000, 0x0000000800000000)
  region size 4096K, 19 young (77824K), 2 survivors (8192K)
 Metaspace       used 29660K, committed 30848K, reserved 1114112K
  class space    used 4359K, committed 4928K, reserved 1048576K
}
Event: 28.091 GC heap after
{Heap after GC invocations=7 (full 0):
 garbage-first heap   total 110592K, used 28169K [0x0000000600000000, 0x0000000800000000)
  region size 4096K, 3 young (12288K), 3 survivors (12288K)
 Metaspace       used 29660K, committed 30848K, reserved 1114112K
  class space    used 4359K, committed 4928K, reserved 1048576K
}
Event: 30.820 GC heap before
{Heap before GC invocations=7 (full 0):
 garbage-first heap   total 110592K, used 56841K [0x0000000600000000, 0x0000000800000000)
  region size 4096K, 11 young (45056K), 3 survivors (12288K)
 Metaspace       used 34672K, committed 35968K, reserved 1114112K
  class space    used 5057K, committed 5696K, reserved 1048576K
}
Event: 30.831 GC heap after
{Heap after GC invocations=8 (full 0):
 garbage-first heap   total 110592K, used 28944K [0x0000000600000000, 0x0000000800000000)
  region size 4096K, 2 young (8192K), 2 survivors (8192K)
 Metaspace       used 34672K, committed 35968K, reserved 1114112K
  class space    used 5057K, committed 5696K, reserved 1048576K
}
Event: 31.237 GC heap before
{Heap before GC invocations=8 (full 0):
 garbage-first heap   total 110592K, used 28944K [0x0000000600000000, 0x0000000800000000)
  region size 4096K, 3 young (12288K), 2 survivors (8192K)
 Metaspace       used 34961K, committed 36288K, reserved 1114112K
  class space    used 5084K, committed 5760K, reserved 1048576K
}
Event: 31.243 GC heap after
{Heap after GC invocations=9 (full 0):
 garbage-first heap   total 110592K, used 29677K [0x0000000600000000, 0x0000000800000000)
  region size 4096K, 1 young (4096K), 1 survivors (4096K)
 Metaspace       used 34961K, committed 36288K, reserved 1114112K
  class space    used 5084K, committed 5760K, reserved 1048576K
}

Dll operation events (20 events):
Event: 0.293 Attempting to load shared library C:\Users\admin\.vscode\extensions\redhat.java-1.56.0-win32-x64\jre\21.0.12.1-win32-x86_64\bin\nio.dll
Event: 0.294 Loaded shared library C:\Users\admin\.vscode\extensions\redhat.java-1.56.0-win32-x64\jre\21.0.12.1-win32-x86_64\bin\nio.dll
Event: 0.300 Attempting to load shared library C:\Users\admin\.vscode\extensions\redhat.java-1.56.0-win32-x64\jre\21.0.12.1-win32-x86_64\bin\zip.dll
Event: 0.300 Loaded shared library C:\Users\admin\.vscode\extensions\redhat.java-1.56.0-win32-x64\jre\21.0.12.1-win32-x86_64\bin\zip.dll
Event: 2.573 Attempting to load shared library C:\Users\admin\.vscode\extensions\redhat.java-1.56.0-win32-x64\jre\21.0.12.1-win32-x86_64\bin\jimage.dll
Event: 2.573 Loaded shared library C:\Users\admin\.vscode\extensions\redhat.java-1.56.0-win32-x64\jre\21.0.12.1-win32-x86_64\bin\jimage.dll
Event: 3.653 Attempting to load shared library C:\Users\admin\.vscode\extensions\redhat.java-1.56.0-win32-x64\jre\21.0.12.1-win32-x86_64\bin\verify.dll
Event: 3.654 Loaded shared library C:\Users\admin\.vscode\extensions\redhat.java-1.56.0-win32-x64\jre\21.0.12.1-win32-x86_64\bin\verify.dll
Event: 4.046 Attempting to load shared library C:\Users\admin\.gradle\native\1def1411415f61bf3af743bc5b6707747c0891f09f0c88961ee8f79bc544acac\windows-amd64\native-platform.dll
Event: 4.090 Loaded shared library C:\Users\admin\.gradle\native\1def1411415f61bf3af743bc5b6707747c0891f09f0c88961ee8f79bc544acac\windows-amd64\native-platform.dll
Event: 4.116 Attempting to load shared library C:\Users\admin\.gradle\native\0.2.8\x86_64-windows-gnu\gradle-fileevents.dll
Event: 4.117 Loaded shared library C:\Users\admin\.gradle\native\0.2.8\x86_64-windows-gnu\gradle-fileevents.dll
Event: 10.191 Attempting to load shared library C:\Users\admin\.vscode\extensions\redhat.java-1.56.0-win32-x64\jre\21.0.12.1-win32-x86_64\bin\management.dll
Event: 10.192 Loaded shared library C:\Users\admin\.vscode\extensions\redhat.java-1.56.0-win32-x64\jre\21.0.12.1-win32-x86_64\bin\management.dll
Event: 10.196 Attempting to load shared library C:\Users\admin\.vscode\extensions\redhat.java-1.56.0-win32-x64\jre\21.0.12.1-win32-x86_64\bin\management_ext.dll
Event: 10.197 Loaded shared library C:\Users\admin\.vscode\extensions\redhat.java-1.56.0-win32-x64\jre\21.0.12.1-win32-x86_64\bin\management_ext.dll
Event: 10.695 Attempting to load shared library C:\Users\admin\.vscode\extensions\redhat.java-1.56.0-win32-x64\jre\21.0.12.1-win32-x86_64\bin\extnet.dll
Event: 10.698 Loaded shared library C:\Users\admin\.vscode\extensions\redhat.java-1.56.0-win32-x64\jre\21.0.12.1-win32-x86_64\bin\extnet.dll
Event: 11.885 Attempting to load shared library C:\Users\admin\.vscode\extensions\redhat.java-1.56.0-win32-x64\jre\21.0.12.1-win32-x86_64\bin\sunmscapi.dll
Event: 11.894 Loaded shared library C:\Users\admin\.vscode\extensions\redhat.java-1.56.0-win32-x64\jre\21.0.12.1-win32-x86_64\bin\sunmscapi.dll

Deoptimization events (20 events):
Event: 30.671 Thread 0x00000229fd8b13c0 Uncommon trap: trap_request=0xffffff45 fr.pc=0x000002299ece6de8 relative=0x0000000000001808
Event: 30.671 Thread 0x00000229fd8b13c0 Uncommon trap: reason=unstable_if action=reinterpret pc=0x000002299ece6de8 method=sun.nio.fs.WindowsPathParser.isSlash(C)Z @ 9 c2
Event: 30.671 Thread 0x00000229fd8b13c0 DEOPT PACKING pc=0x000002299ece6de8 sp=0x0000009c077f68c0
Event: 30.671 Thread 0x00000229fd8b13c0 DEOPT UNPACKING pc=0x000002299e6f4422 sp=0x0000009c077f6860 mode 2
Event: 30.671 Thread 0x00000229fd8b13c0 Uncommon trap: trap_request=0xffffff45 fr.pc=0x000002299ec65b70 relative=0x0000000000000050
Event: 30.671 Thread 0x00000229fd8b13c0 Uncommon trap: reason=unstable_if action=reinterpret pc=0x000002299ec65b70 method=sun.nio.fs.WindowsPathParser.isSlash(C)Z @ 9 c2
Event: 30.671 Thread 0x00000229fd8b13c0 DEOPT PACKING pc=0x000002299ec65b70 sp=0x0000009c077f68d0
Event: 30.671 Thread 0x00000229fd8b13c0 DEOPT UNPACKING pc=0x000002299e6f4422 sp=0x0000009c077f6858 mode 2
Event: 30.686 Thread 0x00000229fd8b13c0 Uncommon trap: trap_request=0xffffffc6 fr.pc=0x000002299ee04dc4 relative=0x00000000000039a4
Event: 30.686 Thread 0x00000229fd8b13c0 Uncommon trap: reason=bimorphic_or_optimized_type_check action=maybe_recompile pc=0x000002299ee04dc4 method=java.net.URL.<init>(Ljava/net/URL;Ljava/lang/String;Ljava/net/URLStreamHandler;)V @ 504 c2
Event: 30.686 Thread 0x00000229fd8b13c0 DEOPT PACKING pc=0x000002299ee04dc4 sp=0x0000009c077f6300
Event: 30.686 Thread 0x00000229fd8b13c0 DEOPT UNPACKING pc=0x000002299e6f4422 sp=0x0000009c077f6280 mode 2
Event: 30.838 Thread 0x00000229fd8b13c0 Uncommon trap: trap_request=0xffffff45 fr.pc=0x000002299ec66734 relative=0x0000000000000194
Event: 30.838 Thread 0x00000229fd8b13c0 Uncommon trap: reason=unstable_if action=reinterpret pc=0x000002299ec66734 method=jdk.internal.util.ArraysSupport.vectorizedHashCode(Ljava/lang/Object;IIII)I @ 2 c2
Event: 30.838 Thread 0x00000229fd8b13c0 DEOPT PACKING pc=0x000002299ec66734 sp=0x0000009c077f6710
Event: 30.838 Thread 0x00000229fd8b13c0 DEOPT UNPACKING pc=0x000002299e6f4422 sp=0x0000009c077f66c0 mode 2
Event: 31.233 Thread 0x00000229fd8b13c0 Uncommon trap: trap_request=0xffffff6e fr.pc=0x000002299ee9440c relative=0x00000000000008ac
Event: 31.233 Thread 0x00000229fd8b13c0 Uncommon trap: reason=loop_limit_check action=maybe_recompile pc=0x000002299ee9440c method=java.util.regex.Pattern$Start.match(Ljava/util/regex/Matcher;ILjava/lang/CharSequence;)Z @ 34 c2
Event: 31.233 Thread 0x00000229fd8b13c0 DEOPT PACKING pc=0x000002299ee9440c sp=0x0000009c077f69a0
Event: 31.233 Thread 0x00000229fd8b13c0 DEOPT UNPACKING pc=0x000002299e6f4422 sp=0x0000009c077f68f0 mode 2

Classes loaded (20 events):
Event: 31.245 Loading class jdk/internal/jrtfs/SystemImage$1
Event: 31.246 Loading class jdk/internal/jrtfs/SystemImage$1 done
Event: 31.246 Loading class jdk/internal/jimage/ImageReader$SharedImageReader$LocationVisitor
Event: 31.247 Loading class jdk/internal/jimage/ImageReader$SharedImageReader$LocationVisitor done
Event: 31.248 Loading class java/nio/ByteBufferAsIntBufferL
Event: 31.248 Loading class java/nio/ByteBufferAsIntBufferL done
Event: 31.251 Loading class jdk/internal/jrtfs/JrtFileAttributes
Event: 31.251 Loading class jdk/internal/jrtfs/JrtFileAttributes done
Event: 31.251 Loading class jdk/internal/jrtfs/JrtDirectoryStream
Event: 31.251 Loading class jdk/internal/jrtfs/JrtDirectoryStream done
Event: 31.253 Loading class jdk/internal/jrtfs/JrtDirectoryStream$1
Event: 31.253 Loading class jdk/internal/jrtfs/JrtDirectoryStream$1 done
Event: 31.254 Loading class java/util/function/BooleanSupplier
Event: 31.254 Loading class java/util/function/BooleanSupplier done
Event: 31.254 Loading class jdk/internal/jimage/ImageReader$Resource
Event: 31.255 Loading class jdk/internal/jimage/ImageReader$Resource done
Event: 31.515 Loading class java/util/WeakHashMap$KeyIterator
Event: 31.516 Loading class java/util/WeakHashMap$HashIterator
Event: 31.516 Loading class java/util/WeakHashMap$HashIterator done
Event: 31.516 Loading class java/util/WeakHashMap$KeyIterator done

Classes unloaded (0 events):
No events

Classes redefined (0 events):
No events

Internal exceptions (20 events):
Event: 28.467 Thread 0x00000229fd8b13c0 Exception <a 'java/lang/NoSuchMethodError'{0x0000000607d6ece8}: 'java.lang.Object java.lang.invoke.DirectMethodHandle$Holder.invokeSpecial(java.lang.Object, java.lang.Object, java.lang.Object, java.lang.Object, java.lang.Object, java.lang.Object, java.lang.Object, java.lang.Object, java.lang.Object, java.lang.Object, java.lang.Object, java.lang.Object, java.lang.Object, java.lang.Object, java.lang.Object, java.lang.Object)'> (0x0000000607d6ece8) 
thrown [s\src\hotspot\share\interpreter\linkResolver.cpp, li
Event: 28.467 Thread 0x00000229fd8b13c0 Exception <a 'java/lang/NoSuchMethodError'{0x0000000607d73fd8}: 'java.lang.Object java.lang.invoke.DelegatingMethodHandle$Holder.reinvoke_L(java.lang.Object, java.lang.Object, java.lang.Object, java.lang.Object, java.lang.Object, java.lang.Object, java.lang.Object, java.lang.Object, java.lang.Object, java.lang.Object, java.lang.Object, java.lang.Object, java.lang.Object, java.lang.Object, java.lang.Object)'> (0x0000000607d73fd8) 
thrown [s\src\hotspot\share\interpreter\linkResolver.cpp, line 773]
Event: 29.026 Thread 0x00000229fd8b13c0 Exception <a 'java/lang/NoSuchMethodError'{0x0000000607105260}: 'java.lang.Object java.lang.invoke.DelegatingMethodHandle$Holder.reinvoke_L(java.lang.Object, java.lang.Object, java.lang.Object, java.lang.Object, java.lang.Object, java.lang.Object, java.lang.Object, java.lang.Object, java.lang.Object, java.lang.Object, java.lang.Object, java.lang.Object, java.lang.Object, java.lang.Object, java.lang.Object, java.lang.Object, java.lang.Object, java.lang.Object, java.lang.Object, java.lang.Object, java.lang.O
Event: 29.053 Thread 0x00000229fd8b13c0 Exception <a 'java/lang/NoSuchMethodError'{0x00000006071ea368}: 'java.lang.Object java.lang.invoke.DirectMethodHandle$Holder.invokeStatic(java.lang.Object, java.lang.Object, java.lang.Object, java.lang.Object, java.lang.Object, java.lang.Object, java.lang.Object, java.lang.Object, java.lang.Object, java.lang.Object, java.lang.Object, java.lang.Object, java.lang.Object, java.lang.Object, java.lang.Object, java.lang.Object, java.lang.Object, java.lang.Object, java.lang.Object, java.lang.Object, java.lang.Obj
Event: 29.060 Thread 0x00000229fd8b13c0 Exception <a 'java/lang/NoSuchMethodError'{0x000000060721ff60}: 'java.lang.Object java.lang.invoke.DirectMethodHandle$Holder.invokeStatic(java.lang.Object, java.lang.Object, java.lang.Object, java.lang.Object, java.lang.Object, java.lang.Object, java.lang.Object, java.lang.Object, java.lang.Object, java.lang.Object, java.lang.Object, java.lang.Object, java.lang.Object, java.lang.Object, java.lang.Object, java.lang.Object, java.lang.Object, java.lang.Object, java.lang.Object, java.lang.Object, java.lang.Obj
Event: 29.063 Thread 0x00000229fd8b13c0 Exception <a 'java/lang/NoSuchMethodError'{0x0000000607257018}: 'java.lang.Object java.lang.invoke.DirectMethodHandle$Holder.invokeStatic(java.lang.Object, java.lang.Object, java.lang.Object, java.lang.Object, java.lang.Object, java.lang.Object, java.lang.Object, java.lang.Object, java.lang.Object, java.lang.Object, java.lang.Object, java.lang.Object, java.lang.Object, java.lang.Object, java.lang.Object, java.lang.Object, java.lang.Object, java.lang.Object, java.lang.Object, java.lang.Object, java.lang.Obj
Event: 29.072 Thread 0x00000229fd8b13c0 Exception <a 'java/lang/NoSuchMethodError'{0x000000060728f918}: 'java.lang.Object java.lang.invoke.DirectMethodHandle$Holder.invokeStatic(java.lang.Object, java.lang.Object, java.lang.Object, java.lang.Object, java.lang.Object, java.lang.Object, java.lang.Object, java.lang.Object, java.lang.Object, java.lang.Object, java.lang.Object, java.lang.Object, java.lang.Object, java.lang.Object, java.lang.Object, java.lang.Object, java.lang.Object, java.lang.Object, java.lang.Object, java.lang.Object, java.lang.Obj
Event: 29.076 Thread 0x00000229fd8b13c0 Exception <a 'java/lang/NoSuchMethodError'{0x00000006072cb520}: 'java.lang.Object java.lang.invoke.DirectMethodHandle$Holder.invokeStatic(java.lang.Object, java.lang.Object, java.lang.Object, java.lang.Object, java.lang.Object, java.lang.Object, java.lang.Object, java.lang.Object, java.lang.Object, java.lang.Object, java.lang.Object, java.lang.Object, java.lang.Object, java.lang.Object, java.lang.Object, java.lang.Object, java.lang.Object, java.lang.Object, java.lang.Object, java.lang.Object, java.lang.Obj
Event: 29.079 Thread 0x00000229fd8b13c0 Exception <a 'java/lang/NoSuchMethodError'{0x0000000607308cd0}: 'java.lang.Object java.lang.invoke.DirectMethodHandle$Holder.invokeStatic(java.lang.Object, java.lang.Object, java.lang.Object, java.lang.Object, java.lang.Object, java.lang.Object, java.lang.Object, java.lang.Object, java.lang.Object, java.lang.Object, java.lang.Object, java.lang.Object, java.lang.Object, java.lang.Object, java.lang.Object, java.lang.Object, java.lang.Object, java.lang.Object, java.lang.Object, java.lang.Object, java.lang.Obj
Event: 29.278 Thread 0x00000229fd8b13c0 Exception <a 'java/lang/NoSuchMethodError'{0x000000060518d938}: 'java.lang.Object java.lang.invoke.DirectMethodHandle$Holder.newInvokeSpecial(java.lang.Object, java.lang.Object, java.lang.Object, java.lang.Object, java.lang.Object, java.lang.Object, java.lang.Object, java.lang.Object, java.lang.Object)'> (0x000000060518d938) 
thrown [s\src\hotspot\share\interpreter\linkResolver.cpp, line 773]
Event: 29.525 Thread 0x00000229fd8b13c0 Exception <a 'java/lang/IncompatibleClassChangeError'{0x0000000604c37f60}: Found class java.lang.Object, but interface was expected> (0x0000000604c37f60) 
thrown [s\src\hotspot\share\interpreter\linkResolver.cpp, line 840]
Event: 29.823 Thread 0x00000229fd8b13c0 Exception <a 'java/lang/NoSuchMethodError'{0x0000000604db8e50}: 'java.lang.Object java.lang.invoke.DirectMethodHandle$Holder.newInvokeSpecial(java.lang.Object, java.lang.Object, long)'> (0x0000000604db8e50) 
thrown [s\src\hotspot\share\interpreter\linkResolver.cpp, line 773]
Event: 29.823 Thread 0x00000229fd8b13c0 Exception <a 'java/lang/NoSuchMethodError'{0x0000000604dbd4a8}: 'java.lang.Object java.lang.invoke.Invokers$Holder.linkToTargetMethod(java.lang.Object, long, java.lang.Object)'> (0x0000000604dbd4a8) 
thrown [s\src\hotspot\share\interpreter\linkResolver.cpp, line 773]
Event: 29.890 Thread 0x00000229fd8af2f0 Implicit null exception at 0x000002299ee222cf to 0x000002299ee226c0
Event: 29.914 Thread 0x00000229fd8b13c0 Exception <a 'java/lang/NoSuchMethodError'{0x0000000604efb958}: 'int java.lang.invoke.DirectMethodHandle$Holder.invokeInterface(java.lang.Object, java.lang.Object)'> (0x0000000604efb958) 
thrown [s\src\hotspot\share\interpreter\linkResolver.cpp, line 773]
Event: 29.993 Thread 0x00000229fd8b13c0 Exception <a 'java/lang/IncompatibleClassChangeError'{0x0000000604fb5e98}: Found class java.lang.Object, but interface was expected> (0x0000000604fb5e98) 
thrown [s\src\hotspot\share\interpreter\linkResolver.cpp, line 840]
Event: 30.015 Thread 0x00000229fd8b13c0 Exception <a 'java/lang/NoSuchMethodError'{0x0000000604806c38}: 'void java.lang.invoke.DirectMethodHandle$Holder.invokeStatic(java.lang.Object, java.lang.Object, java.lang.Object, java.lang.Object, java.lang.Object, java.lang.Object)'> (0x0000000604806c38) 
thrown [s\src\hotspot\share\interpreter\linkResolver.cpp, line 773]
Event: 30.114 Thread 0x00000229fd8b13c0 Exception <a 'java/lang/NoSuchMethodError'{0x00000006048c19b0}: 'void java.lang.invoke.DirectMethodHandle$Holder.invokeVirtual(java.lang.Object, java.lang.Object)'> (0x00000006048c19b0) 
thrown [s\src\hotspot\share\interpreter\linkResolver.cpp, line 773]
Event: 30.557 Thread 0x00000229fd8b13c0 Exception <a 'java/lang/NoSuchMethodError'{0x000000060414b710}: 'void java.lang.invoke.DirectMethodHandle$Holder.invokeStaticInit(java.lang.Object, java.lang.Object, java.lang.Object)'> (0x000000060414b710) 
thrown [s\src\hotspot\share\interpreter\linkResolver.cpp, line 773]
Event: 31.792 Thread 0x00000229fd8b13c0 Exception <a 'java/lang/NoSuchMethodError'{0x00000006056f2d60}: 'void java.lang.invoke.Invokers$Holder.invokeExact_MT(java.lang.Object, java.lang.Object, java.lang.Object, java.lang.Object)'> (0x00000006056f2d60) 
thrown [s\src\hotspot\share\interpreter\linkResolver.cpp, line 773]

ZGC Phase Switch (0 events):
No events

VM Operations (20 events):
Event: 30.679 Executing safepoint VM operation: Cleanup
Event: 30.679 Executing safepoint VM operation: Cleanup done
Event: 30.687 Executing non-safepoint VM operation: HandshakeAllThreads (Deoptimize)
Event: 30.688 Executing non-safepoint VM operation: HandshakeAllThreads (Deoptimize) done
Event: 30.689 Executing non-safepoint VM operation: HandshakeAllThreads (Deoptimize)
Event: 30.689 Executing non-safepoint VM operation: HandshakeAllThreads (Deoptimize) done
Event: 30.696 Executing non-safepoint VM operation: HandshakeAllThreads (Deoptimize)
Event: 30.696 Executing non-safepoint VM operation: HandshakeAllThreads (Deoptimize) done
Event: 30.820 Executing safepoint VM operation: CollectForMetadataAllocation (Metadata GC Threshold)
Event: 30.831 Executing safepoint VM operation: CollectForMetadataAllocation (Metadata GC Threshold) done
Event: 31.237 Executing safepoint VM operation: CollectForMetadataAllocation (Metadata GC Threshold)
Event: 31.243 Executing safepoint VM operation: CollectForMetadataAllocation (Metadata GC Threshold) done
Event: 31.250 Executing non-safepoint VM operation: HandshakeAllThreads (Deoptimize)
Event: 31.250 Executing non-safepoint VM operation: HandshakeAllThreads (Deoptimize) done
Event: 31.277 Executing safepoint VM operation: G1PauseRemark
Event: 31.282 Executing safepoint VM operation: G1PauseRemark done
Event: 31.294 Executing safepoint VM operation: G1PauseCleanup
Event: 31.321 Executing safepoint VM operation: G1PauseCleanup done
Event: 32.334 Executing safepoint VM operation: Cleanup
Event: 32.521 Executing safepoint VM operation: Cleanup done

Memory protections (0 events):
No events

Nmethod flushes (20 events):
Event: 31.281 Thread 0x00000229bb15d530 flushing  nmethod 0x000002298ea14c10
Event: 31.281 Thread 0x00000229bb15d530 flushing  nmethod 0x000002298ead9310
Event: 31.281 Thread 0x00000229bb15d530 flushing  nmethod 0x000002298eadd290
Event: 31.281 Thread 0x00000229bb15d530 flushing  nmethod 0x000002298eade210
Event: 31.281 Thread 0x00000229bb15d530 flushing  nmethod 0x000002298eade610
Event: 31.281 Thread 0x00000229bb15d530 flushing  nmethod 0x000002298eadf590
Event: 31.281 Thread 0x00000229bb15d530 flushing  nmethod 0x000002298eadfc10
Event: 31.281 Thread 0x00000229bb15d530 flushing  nmethod 0x000002298eae0310
Event: 31.281 Thread 0x00000229bb15d530 flushing  nmethod 0x000002298eae1390
Event: 31.281 Thread 0x00000229bb15d530 flushing  nmethod 0x000002298eb0e910
Event: 31.281 Thread 0x00000229bb15d530 flushing  nmethod 0x000002298eb0f290
Event: 31.281 Thread 0x00000229bb15d530 flushing  nmethod 0x000002298eb0f690
Event: 31.281 Thread 0x00000229bb15d530 flushing  nmethod 0x000002298eb13690
Event: 31.281 Thread 0x00000229bb15d530 flushing  nmethod 0x000002298eb40390
Event: 31.281 Thread 0x00000229bb15d530 flushing  nmethod 0x000002298eb43f10
Event: 31.281 Thread 0x00000229bb15d530 flushing  nmethod 0x000002298ec81710
Event: 31.281 Thread 0x00000229bb15d530 flushing  nmethod 0x000002298edd4890
Event: 31.281 Thread 0x00000229bb15d530 flushing  nmethod 0x000002298eddb290
Event: 31.281 Thread 0x00000229bb15d530 flushing  nmethod 0x000002298edde410
Event: 31.281 Thread 0x00000229bb15d530 flushing  nmethod 0x000002298ee4fa90

Events (20 events):
Event: 12.512 Thread 0x00000229fda37040 Thread added: 0x00000229fd8b13c0
Event: 12.664 Thread 0x00000229fd8b13c0 Thread added: 0x00000229fd8b0d30
Event: 12.678 Thread 0x00000229fd8b13c0 Thread added: 0x00000229fd8b06a0
Event: 12.727 Thread 0x00000229fd8b13c0 Thread added: 0x00000229fd8af980
Event: 15.164 Thread 0x00000229fd8b13c0 Thread added: 0x00000229fd8af2f0
Event: 15.199 Thread 0x00000229fd8b13c0 Thread added: 0x00000229fd8b0010
Event: 15.456 Thread 0x00000229bb189900 Thread added: 0x00000229fe650a50
Event: 15.558 Thread 0x00000229fd8b13c0 Thread added: 0x00000229fd8aec60
Event: 15.915 Thread 0x00000229fe650a50 Thread exited: 0x00000229fe650a50
Event: 16.683 Thread 0x00000229bb189900 Thread added: 0x00000229ff2a6d00
Event: 16.915 Thread 0x00000229fd8b0010 Thread added: 0x00000229fd8ae5d0
Event: 18.951 Thread 0x00000229ff2a6d00 Thread exited: 0x00000229ff2a6d00
Event: 22.796 Thread 0x00000229fd8b13c0 Thread added: 0x00000229ff545760
Event: 22.981 Thread 0x00000229fd8b13c0 Thread added: 0x00000229ff544a40
Event: 24.658 Thread 0x00000229fd8b13c0 Thread added: 0x00000229ff549f90
Event: 24.690 Thread 0x00000229fd8b13c0 Thread added: 0x00000229ff547830
Event: 25.831 Thread 0x00000229fd8b13c0 Thread added: 0x00000229ff546b10
Event: 26.332 Thread 0x00000229fd8b13c0 Thread added: 0x00000229ff54acb0
Event: 28.447 Thread 0x00000229fd8b13c0 Thread added: 0x00000229ff545df0
Event: 28.924 Thread 0x00000229fd8b13c0 Thread added: 0x00000229ff543d20


Dynamic libraries:
0x00007ff683050000 - 0x00007ff68305e000 	C:\Users\admin\.vscode\extensions\redhat.java-1.56.0-win32-x64\jre\21.0.12.1-win32-x86_64\bin\java.exe
0x00007ffbf7510000 - 0x00007ffbf7727000 	C:\WINDOWS\SYSTEM32\ntdll.dll
0x00007ffbf6790000 - 0x00007ffbf6854000 	C:\WINDOWS\System32\KERNEL32.DLL
0x00007ffbf47e0000 - 0x00007ffbf4bb2000 	C:\WINDOWS\System32\KERNELBASE.dll
0x00007ffbf46c0000 - 0x00007ffbf47d1000 	C:\WINDOWS\System32\ucrtbase.dll
0x00007ffbdf720000 - 0x00007ffbdf738000 	C:\Users\admin\.vscode\extensions\redhat.java-1.56.0-win32-x64\jre\21.0.12.1-win32-x86_64\bin\jli.dll
0x00007ffbf52b0000 - 0x00007ffbf5461000 	C:\WINDOWS\System32\USER32.dll
0x00007ffbf4bc0000 - 0x00007ffbf4be6000 	C:\WINDOWS\System32\win32u.dll
0x00007ffbf74a0000 - 0x00007ffbf74c9000 	C:\WINDOWS\System32\GDI32.dll
0x00007ffbf4bf0000 - 0x00007ffbf4d13000 	C:\WINDOWS\System32\gdi32full.dll
0x00007ffbf4d20000 - 0x00007ffbf4dba000 	C:\WINDOWS\System32\msvcp_win.dll
0x00007ffbdf740000 - 0x00007ffbdf75e000 	C:\Users\admin\.vscode\extensions\redhat.java-1.56.0-win32-x64\jre\21.0.12.1-win32-x86_64\bin\VCRUNTIME140.dll
0x00007ffbdee30000 - 0x00007ffbdf0cb000 	C:\WINDOWS\WinSxS\amd64_microsoft.windows.common-controls_6595b64144ccf1df_6.0.22621.5547_none_27104afb73855772\COMCTL32.dll
0x00007ffbf7130000 - 0x00007ffbf71d7000 	C:\WINDOWS\System32\msvcrt.dll
0x00007ffbf6560000 - 0x00007ffbf6591000 	C:\WINDOWS\System32\IMM32.DLL
0x00007ffbec880000 - 0x00007ffbec88c000 	C:\Users\admin\.vscode\extensions\redhat.java-1.56.0-win32-x64\jre\21.0.12.1-win32-x86_64\bin\vcruntime140_1.dll
0x00007ffbdf690000 - 0x00007ffbdf71d000 	C:\Users\admin\.vscode\extensions\redhat.java-1.56.0-win32-x64\jre\21.0.12.1-win32-x86_64\bin\msvcp140.dll
0x00007ffb74080000 - 0x00007ffb74e22000 	C:\Users\admin\.vscode\extensions\redhat.java-1.56.0-win32-x64\jre\21.0.12.1-win32-x86_64\bin\server\jvm.dll
0x00007ffbf7010000 - 0x00007ffbf70c1000 	C:\WINDOWS\System32\ADVAPI32.dll
0x00007ffbf5c00000 - 0x00007ffbf5ca8000 	C:\WINDOWS\System32\sechost.dll
0x00007ffbf5170000 - 0x00007ffbf5198000 	C:\WINDOWS\System32\bcrypt.dll
0x00007ffbf65c0000 - 0x00007ffbf66d4000 	C:\WINDOWS\System32\RPCRT4.dll
0x00007ffbf5230000 - 0x00007ffbf52a1000 	C:\WINDOWS\System32\WS2_32.dll
0x00007ffbf44d0000 - 0x00007ffbf451d000 	C:\WINDOWS\SYSTEM32\POWRPROF.dll
0x00007ffbea780000 - 0x00007ffbea7b4000 	C:\WINDOWS\SYSTEM32\WINMM.dll
0x00007ffbe2020000 - 0x00007ffbe202a000 	C:\WINDOWS\SYSTEM32\VERSION.dll
0x00007ffbf44b0000 - 0x00007ffbf44c3000 	C:\WINDOWS\SYSTEM32\UMPDC.dll
0x00007ffbf35f0000 - 0x00007ffbf3608000 	C:\WINDOWS\SYSTEM32\kernel.appcore.dll
0x00007ffbdff10000 - 0x00007ffbdff1a000 	C:\Users\admin\.vscode\extensions\redhat.java-1.56.0-win32-x64\jre\21.0.12.1-win32-x86_64\bin\jimage.dll
0x00007ffbeefa0000 - 0x00007ffbef1d3000 	C:\WINDOWS\SYSTEM32\DBGHELP.DLL
0x00007ffbf6860000 - 0x00007ffbf6bf3000 	C:\WINDOWS\System32\combase.dll
0x00007ffbf6c00000 - 0x00007ffbf6cd7000 	C:\WINDOWS\System32\OLEAUT32.dll
0x00007ffbde5e0000 - 0x00007ffbde612000 	C:\WINDOWS\SYSTEM32\dbgcore.DLL
0x00007ffbf4dc0000 - 0x00007ffbf4e3b000 	C:\WINDOWS\System32\bcryptPrimitives.dll
0x00007ffbdf680000 - 0x00007ffbdf68f000 	C:\Users\admin\.vscode\extensions\redhat.java-1.56.0-win32-x64\jre\21.0.12.1-win32-x86_64\bin\instrument.dll
0x00007ffbdf280000 - 0x00007ffbdf2a0000 	C:\Users\admin\.vscode\extensions\redhat.java-1.56.0-win32-x64\jre\21.0.12.1-win32-x86_64\bin\java.dll
0x00007ffbf5cb0000 - 0x00007ffbf6552000 	C:\WINDOWS\System32\SHELL32.dll
0x00007ffbf4fb0000 - 0x00007ffbf50ef000 	C:\WINDOWS\System32\wintypes.dll
0x00007ffbf24e0000 - 0x00007ffbf2dfd000 	C:\WINDOWS\SYSTEM32\windows.storage.dll
0x00007ffbf7310000 - 0x00007ffbf741c000 	C:\WINDOWS\System32\SHCORE.dll
0x00007ffbf54d0000 - 0x00007ffbf5539000 	C:\WINDOWS\System32\shlwapi.dll
0x00007ffbf4530000 - 0x00007ffbf455b000 	C:\WINDOWS\SYSTEM32\profapi.dll
0x00007ffbd2610000 - 0x00007ffbd2628000 	C:\Users\admin\.vscode\extensions\redhat.java-1.56.0-win32-x64\jre\21.0.12.1-win32-x86_64\bin\zip.dll
0x00007ffbd2600000 - 0x00007ffbd2610000 	C:\Users\admin\.vscode\extensions\redhat.java-1.56.0-win32-x64\jre\21.0.12.1-win32-x86_64\bin\net.dll
0x00007ffbe9e80000 - 0x00007ffbe9fac000 	C:\WINDOWS\SYSTEM32\WINHTTP.dll
0x00007ffbf3a60000 - 0x00007ffbf3ac9000 	C:\WINDOWS\system32\mswsock.dll
0x00007ffbd25e0000 - 0x00007ffbd25f6000 	C:\Users\admin\.vscode\extensions\redhat.java-1.56.0-win32-x64\jre\21.0.12.1-win32-x86_64\bin\nio.dll
0x00007ffbdf4e0000 - 0x00007ffbdf4f0000 	C:\Users\admin\.vscode\extensions\redhat.java-1.56.0-win32-x64\jre\21.0.12.1-win32-x86_64\bin\verify.dll
0x00007ffbc3240000 - 0x00007ffbc3267000 	C:\Users\admin\.gradle\native\1def1411415f61bf3af743bc5b6707747c0891f09f0c88961ee8f79bc544acac\windows-amd64\native-platform.dll
0x00007ffbd2a50000 - 0x00007ffbd2ac7000 	C:\Users\admin\.gradle\native\0.2.8\x86_64-windows-gnu\gradle-fileevents.dll
0x00007ffbc5650000 - 0x00007ffbc565a000 	C:\Users\admin\.vscode\extensions\redhat.java-1.56.0-win32-x64\jre\21.0.12.1-win32-x86_64\bin\management.dll
0x00007ffbc5640000 - 0x00007ffbc564c000 	C:\Users\admin\.vscode\extensions\redhat.java-1.56.0-win32-x64\jre\21.0.12.1-win32-x86_64\bin\management_ext.dll
0x00007ffbf55d0000 - 0x00007ffbf55d8000 	C:\WINDOWS\System32\PSAPI.DLL
0x00007ffbf3060000 - 0x00007ffbf308d000 	C:\WINDOWS\SYSTEM32\IPHLPAPI.DLL
0x00007ffbf65b0000 - 0x00007ffbf65b9000 	C:\WINDOWS\System32\NSI.dll
0x00007ffbdf670000 - 0x00007ffbdf679000 	C:\Users\admin\.vscode\extensions\redhat.java-1.56.0-win32-x64\jre\21.0.12.1-win32-x86_64\bin\extnet.dll
0x00007ffbf3db0000 - 0x00007ffbf3dcb000 	C:\WINDOWS\SYSTEM32\CRYPTSP.dll
0x00007ffbf3550000 - 0x00007ffbf3587000 	C:\WINDOWS\system32\rsaenh.dll
0x00007ffbf3b00000 - 0x00007ffbf3b28000 	C:\WINDOWS\SYSTEM32\USERENV.dll
0x00007ffbf3d90000 - 0x00007ffbf3d9c000 	C:\WINDOWS\SYSTEM32\CRYPTBASE.dll
0x00007ffbdf4d0000 - 0x00007ffbdf4de000 	C:\Users\admin\.vscode\extensions\redhat.java-1.56.0-win32-x64\jre\21.0.12.1-win32-x86_64\bin\sunmscapi.dll
0x00007ffbf4e40000 - 0x00007ffbf4fa7000 	C:\WINDOWS\System32\CRYPT32.dll
0x00007ffbf3ec0000 - 0x00007ffbf3eed000 	C:\WINDOWS\SYSTEM32\ncrypt.dll
0x00007ffbf3e80000 - 0x00007ffbf3eb7000 	C:\WINDOWS\SYSTEM32\NTASN1.dll
0x00007ffbec890000 - 0x00007ffbec898000 	C:\WINDOWS\system32\wshunix.dll

JVMTI agents:
C:\Users\admin\.gradle\wrapper\dists\gradle-9.1.0-all\7wzd0jkjit61aq2p43wpjgij9\gradle-9.1.0\lib\agents\gradle-instrumentation-agent-9.1.0.jar path:C:\Users\admin\.vscode\extensions\redhat.java-1.56.0-win32-x64\jre\21.0.12.1-win32-x86_64\bin\instrument.dll, loaded, initialized, instrumentlib options:none

dbghelp: loaded successfully - version: 4.0.5 - missing functions: none
symbol engine: initialized successfully - sym options: 0x614 - pdb path: .;C:\Users\admin\.vscode\extensions\redhat.java-1.56.0-win32-x64\jre\21.0.12.1-win32-x86_64\bin;C:\WINDOWS\SYSTEM32;C:\WINDOWS\WinSxS\amd64_microsoft.windows.common-controls_6595b64144ccf1df_6.0.22621.5547_none_27104afb73855772;C:\Users\admin\.vscode\extensions\redhat.java-1.56.0-win32-x64\jre\21.0.12.1-win32-x86_64\bin\server;C:\Users\admin\.gradle\native\1def1411415f61bf3af743bc5b6707747c0891f09f0c88961ee8f79bc544acac\windows-amd64;C:\Users\admin\.gradle\native\0.2.8\x86_64-windows-gnu

VM Arguments:
jvm_args: --add-opens=java.base/java.lang=ALL-UNNAMED --add-opens=java.base/java.lang.invoke=ALL-UNNAMED --add-opens=java.base/java.util=ALL-UNNAMED --add-opens=java.prefs/java.util.prefs=ALL-UNNAMED --add-exports=jdk.compiler/com.sun.tools.javac.api=ALL-UNNAMED --add-exports=jdk.compiler/com.sun.tools.javac.util=ALL-UNNAMED --add-opens=java.base/java.util=ALL-UNNAMED --add-opens=java.prefs/java.util.prefs=ALL-UNNAMED --add-opens=java.base/java.nio.charset=ALL-UNNAMED --add-opens=java.base/java.net=ALL-UNNAMED --add-opens=java.base/java.util.concurrent=ALL-UNNAMED --add-opens=java.base/java.util.concurrent.atomic=ALL-UNNAMED --add-opens=java.xml/javax.xml.namespace=ALL-UNNAMED --add-opens=java.base/java.time=ALL-UNNAMED -XX:MaxMetaspaceSize=4G -XX:ReservedCodeCacheSize=512m -XX:+HeapDumpOnOutOfMemoryError -Xmx8G -Dfile.encoding=UTF-8 -Duser.country=FR -Duser.language=fr -Duser.variant -javaagent:C:\Users\admin\.gradle\wrapper\dists\gradle-9.1.0-all\7wzd0jkjit61aq2p43wpjgij9\gradle-9.1.0\lib\agents\gradle-instrumentation-agent-9.1.0.jar 
java_command: org.gradle.launcher.daemon.bootstrap.GradleDaemon 9.1.0
java_class_path (initial): C:\Users\admin\.gradle\wrapper\dists\gradle-9.1.0-all\7wzd0jkjit61aq2p43wpjgij9\gradle-9.1.0\lib\gradle-daemon-main-9.1.0.jar
Launcher Type: SUN_STANDARD

[Global flags]
     intx CICompilerCount                          = 4                                         {product} {ergonomic}
     uint ConcGCThreads                            = 2                                         {product} {ergonomic}
     uint G1ConcRefinementThreads                  = 8                                         {product} {ergonomic}
   size_t G1HeapRegionSize                         = 4194304                                   {product} {ergonomic}
    uintx GCDrainStackTargetSize                   = 64                                        {product} {ergonomic}
     bool HeapDumpOnOutOfMemoryError               = true                                   {manageable} {command line}
   size_t InitialHeapSize                          = 134217728                                 {product} {ergonomic}
   size_t MarkStackSize                            = 4194304                                   {product} {ergonomic}
   size_t MaxHeapSize                              = 8589934592                                {product} {command line}
   size_t MaxMetaspaceSize                         = 4294967296                                {product} {command line}
   size_t MaxNewSize                               = 5150605312                                {product} {ergonomic}
   size_t MinHeapDeltaBytes                        = 4194304                                   {product} {ergonomic}
   size_t MinHeapSize                              = 8388608                                   {product} {ergonomic}
    uintx NonNMethodCodeHeapSize                   = 5839372                                {pd product} {ergonomic}
    uintx NonProfiledCodeHeapSize                  = 265515770                              {pd product} {ergonomic}
    uintx ProfiledCodeHeapSize                     = 265515770                              {pd product} {ergonomic}
    uintx ReservedCodeCacheSize                    = 536870912                              {pd product} {command line}
     bool SegmentedCodeCache                       = true                                      {product} {ergonomic}
   size_t SoftMaxHeapSize                          = 8589934592                             {manageable} {ergonomic}
     bool UseCompressedOops                        = true                           {product lp64_product} {ergonomic}
     bool UseG1GC                                  = true                                      {product} {ergonomic}
     bool UseLargePagesIndividualAllocation        = false                                  {pd product} {ergonomic}

Logging:
Log output configuration:
 #0: stdout all=warning uptime,level,tags foldmultilines=false
 #1: stderr all=off uptime,level,tags foldmultilines=false

Release file:
JAVA_VERSION="21.0.12.1" 
MODULES="java.base java.compiler java.datatransfer java.xml java.prefs java.desktop java.instrument java.logging java.management java.security.sasl java.naming java.rmi java.management.rmi java.net.http java.scripting java.security.jgss java.transaction.xa java.sql java.sql.rowset java.xml.crypto java.se java.smartcardio jdk.accessibility jdk.internal.jvmstat jdk.attach jdk.charsets jdk.internal.opt jdk.zipfs jdk.compiler jdk.crypto.ec jdk.crypto.cryptoki jdk.crypto.mscapi jdk.dynalink jdk.internal.ed jdk.editpad jdk.hotspot.agent jdk.httpserver jdk.internal.le jdk.internal.vm.ci jdk.internal.vm.compiler jdk.internal.vm.compiler.management jdk.jartool jdk.javadoc jdk.jcmd jdk.management jdk.management.agent jdk.jconsole jdk.jdeps jdk.jdwp.agent jdk.jdi jdk.jfr jdk.jshell jdk.jsobject jdk.jstatd jdk.localedata jdk.management.jfr jdk.naming.dns jdk.naming.rmi jdk.net jdk.nio.mapmode jdk.random jdk.sctp jdk.security.auth jdk.security.jgss jdk.unsupported jdk.unsupported.desktop jdk.xml.dom" 

Environment Variables:
JAVA_HOME=C:\Program Files\Eclipse Adoptium\jdk-25.0.1.8-hotspot
PATH=C:\Program Files\Eclipse Adoptium\jdk-17.0.19.10-hotspot\bin;C:\Program Files (x86)\VMware\VMware Workstation\bin\;C:\Program Files\Python312\Scripts\;C:\Program Files\Python312\;C:\WINDOWS\system32;C:\WINDOWS;C:\WINDOWS\System32\Wbem;C:\WINDOWS\System32\WindowsPowerShell\v1.0\;C:\WINDOWS\System32\OpenSSH\;C:\Program Files (x86)\Microsoft SQL Server\160\Tools\Binn\;C:\Program Files\Microsoft SQL Server\160\Tools\Binn\;C:\Program Files\Microsoft SQL Server\Client SDK\ODBC\170\Tools\Binn\;C:\Program Files\Microsoft SQL Server\160\DTS\Binn\;C:\Program Files (x86)\Microsoft SQL Server\160\DTS\Binn\;C:\Windows\system32\python;C:\sqlite3;C:\Program Files\nodejs\;C:\MinGW\bin;C:\curl\bin;C:\curl\include;C:\MinGW;C:\MinGW\lib;C:\GnuWin32\bin;C:\OpenSSL-Win64\bin;C:\Program Files\PostgreSQL\17\bin;C:\Program Files\Eclipse Adoptium\jdk-25.0.1.8-hotspot\bin;C:\Program Files\Heroku\bin;C:\Program Files\Git\cmd;C:\Program Files (x86)\VMware\VMware Workstation\bin\;C:\Program Files\Python312\Scripts\;C:\Program Files\Python312\;C:\WINDOWS\system32;C:\WINDOWS;C:\WINDOWS\System32\Wbem;C:\WINDOWS\System32\WindowsPowerShell\v1.0\;C:\WINDOWS\System32\OpenSSH\;C:\Program Files (x86)\Microsoft SQL Server\160\Tools\Binn\;C:\Program Files\Microsoft SQL Server\160\Tools\Binn\;C:\Program Files\Microsoft SQL Server\Client SDK\ODBC\170\Tools\Binn\;C:\Program Files\Microsoft SQL Server\160\DTS\Binn\;C:\Program Files (x86)\Microsoft SQL Server\160\DTS\Binn\;C:\Windows\system32\python;C:\sqlite3;C:\Program Files\nodejs\;C:\MinGW\bin;C:\curl\bin;C:\curl\include;C:\MinGW;C:\MinGW\lib;C:\GnuWin32\bin;C:\OpenSSL-Win64\bin;C:\Program Files\PostgreSQL\17\bin;C:\Program Files\Eclipse Adoptium\jdk-25.0.1.8-hotspot\bin;C:\Program Files\Git\cmd;C:\Program Files\Docker\Docker\resources\bin;C:\Program Files\Heroku\bin;C:\Users\admin\AppData\Local\Programs\Microsoft VS Code;C:\Program Files\P;C:\flutter\bin\flutter;C:\flutter\bin;C:\Users\admin\AppData\Local\Programs\Microsoft VS Code\bin
USERNAME=admin
OS=Windows_NT
PROCESSOR_IDENTIFIER=Intel64 Family 6 Model 142 Stepping 10, GenuineIntel
TMP=C:\Users\admin\AppData\Local\Temp
TEMP=C:\Users\admin\AppData\Local\Temp




Periodic native trim disabled

---------------  S Y S T E M  ---------------

OS:
 Windows 11 , 64 bit Build 22621 (10.0.22621.5415)
OS uptime: 0 days 0:25 hours
Hyper-V role detected

CPU: total 8 (initial active 8) (4 cores per cpu, 2 threads per core) family 6 model 142 stepping 10 microcode 0xf4, cx8, cmov, fxsr, ht, mmx, 3dnowpref, sse, sse2, sse3, ssse3, sse4.1, sse4.2, popcnt, lzcnt, tsc, tscinvbit, avx, avx2, aes, erms, clmul, bmi1, bmi2, rtm, adx, fma, vzeroupper, clflush, clflushopt, hv, rdtscp, f16c
Processor Information for the first 8 processors :
  Max Mhz: 1896, Current Mhz: 1696, Mhz Limit: 1687

Memory: 4k page, system-wide physical 8070M (175M free)
TotalPageFile size 16533M (AvailPageFile size 4M)
current process WorkingSet (physical memory assigned to process): 253M, peak: 254M
current process commit charge ("private bytes"): 294M, peak: 302M

vm_info: OpenJDK 64-Bit Server VM (21.0.12.1+1-LTS) for windows-amd64 JRE (21.0.12.1+1-LTS), built on 2026-08-18T00:00:00Z by "admin" with MS VC++ 17.12 (VS2022)

END.
