#
# There is insufficient memory for the Java Runtime Environment to continue.
# Native memory allocation (malloc) failed to allocate 1081376 bytes. Error detail: Chunk::new
# Possible reasons:
#   The system is out of physical RAM or swap space
#   This process is running with CompressedOops enabled, and the Java Heap may be blocking the growth of the native heap
# Possible solutions:
#   Reduce memory load on the system
#   Increase physical memory or swap space
#   Check if swap backing store is full
#   Decrease Java heap size (-Xmx/-Xms)
#   Decrease number of Java threads
#   Decrease Java thread stack sizes (-Xss)
#   Set larger code cache with -XX:ReservedCodeCacheSize=
#   JVM is running with Zero Based Compressed Oops mode in which the Java heap is
#     placed in the first 32GB address space. The Java Heap base address is the
#     maximum limit for the native heap growth. Please use -XX:HeapBaseMinAddress
#     to set the Java Heap base and to place the Java Heap above 32GB virtual address.
# This output file may be truncated or incomplete.
#
#  Out of Memory Error (arena.cpp:191), pid=12012, tid=7564
#
# JRE version: OpenJDK Runtime Environment Temurin-17.0.19+10 (17.0.19+10) (build 17.0.19+10)
# Java VM: OpenJDK 64-Bit Server VM Temurin-17.0.19+10 (17.0.19+10, mixed mode, sharing, tiered, compressed oops, compressed class ptrs, g1 gc, windows-amd64)
# No core dump will be written. Minidumps are not enabled by default on client versions of Windows
#

---------------  S U M M A R Y ------------

Command Line: --add-opens=java.base/java.lang=ALL-UNNAMED --add-opens=java.base/java.lang.invoke=ALL-UNNAMED --add-opens=java.base/java.util=ALL-UNNAMED --add-opens=java.prefs/java.util.prefs=ALL-UNNAMED --add-exports=jdk.compiler/com.sun.tools.javac.api=ALL-UNNAMED --add-exports=jdk.compiler/com.sun.tools.javac.util=ALL-UNNAMED --add-opens=java.base/java.util=ALL-UNNAMED --add-opens=java.prefs/java.util.prefs=ALL-UNNAMED --add-opens=java.base/java.nio.charset=ALL-UNNAMED --add-opens=java.base/java.net=ALL-UNNAMED --add-opens=java.base/java.util.concurrent.atomic=ALL-UNNAMED --add-opens=java.xml/javax.xml.namespace=ALL-UNNAMED -XX:MaxMetaspaceSize=4G -XX:ReservedCodeCacheSize=512m -XX:+HeapDumpOnOutOfMemoryError -Xmx8G -Dfile.encoding=UTF-8 -Duser.country=FR -Duser.language=fr -Duser.variant -javaagent:C:\Users\admin\.gradle\wrapper\dists\gradle-8.13-bin\5xuhj0ry160q40clulazy9h7d\gradle-8.13\lib\agents\gradle-instrumentation-agent-8.13.jar org.gradle.launcher.daemon.bootstrap.GradleDaemon 8.13

Host: Intel(R) Core(TM) i5-8350U CPU @ 1.70GHz, 8 cores, 7G,  Windows 11 , 64 bit Build 22621 (10.0.22621.5415)
Time: Sun Sep 20 13:46:55 2026 Paris, Madrid (heure duild 22621 (10.0.22621.5415) elapsed time: 125.393765 seconds (0d 0h 2m 5s)

---------------  T H R E A D  ---------------

Current thread (0x00000172c3c36000):  JavaThread "C2 CompilerThread0" daemon [_thread_in_native, id=7564, stack(0x0000002a14700000,0x0000002a14800000)]


Current CompileTask:
C2:125393 8174 %     4       org.jetbrains.kotlin.cli.jvm.index.JvmDependenciesIndexImpl::search @ 173 (374 bytes)

Stack: [0x0000002a14700000,0x0000002a14800000]
Native frames: (J=compiled Java code, j=interpreted, Vv=VM code, C=native code)
V  [jvm.dll+0x684b29]
V  [jvm.dll+0x83a2d5]
V  [jvm.dll+0x83bd4e]
V  [jvm.dll+0x83c3d3]
V  [jvm.dll+0x24905f]
V  [jvm.dll+0xad536]
V  [jvm.dll+0xadbdc]
V  [jvm.dll+0x2b073f]
V  [jvm.dll+0x58aea5]
V  [jvm.dll+0x222fe4]
V  [jvm.dll+0x2233dd]
V  [jvm.dll+0x21c08b]
V  [jvm.dll+0x2191a2]
V  [jvm.dll+0x1a49f0]
V  [jvm.dll+0x2299fa]
V  [jvm.dll+0x227bab]
V  [jvm.dll+0x7f0a88]
V  [jvm.dll+0x7eaf1c]
V  [jvm.dll+0x6839f7]
C  [ucrtbase.dll+0x29333]
C  [KERNEL32.DLL+0x1259d]
C  [ntdll.dll+0x5af78]


---------------  P R O C E S S  ---------------

Threads class SMR info:
_java_thread_list=0x000001730cdbd6b0, length=44, elements={
0x0000017288982c60, 0x00000172c3c157f0, 0x00000172c3c16580, 0x00000172c3c2cb90,
0x00000172c3c2d660, 0x00000172c3c30f50, 0x00000172c3c35020, 0x00000172c3c36000,
0x00000172c3c442e0, 0x00000172c3c331c0, 0x00000172c3c34b10, 0x00000172c3c31d80,
0x00000172c3c32cb0, 0x00000172c3c31870, 0x00000172c3c327a0, 0x00000172c3c34600,
0x000001730d3d16b0, 0x000001730d3d1bc0, 0x000001730d3d3f30, 0x000001730d3d4e60,
0x000001730d3d3510, 0x000001730d3d25e0, 0x000001730d3cf850, 0x000001730d3cfd60,
0x000001730d3d3000, 0x000001730d3cdf00, 0x000001730d3d3a20, 0x000001730d3d4950,
0x000001730d3ce410, 0x000001730d3cee30, 0x000001730d3cf340, 0x000001730e3803d0,
0x000001730e382230, 0x000001730e384090, 0x000001730e37f9b0, 0x000001730e3808e0,
0x000001730e380df0, 0x000001730e381d20, 0x000001730e381300, 0x000001730e37fec0,
0x000001730e37ef90, 0x000001730e383160, 0x000001730e37f4a0, 0x000001730e382740
}

Java Threads: ( => current thread )
  0x0000017288982c60 JavaThread "main" [_thread_blocked, id=12188, stack(0x0000002a13a00000,0x0000002a13b00000)]
  0x00000172c3c157f0 JavaThread "Reference Handler" daemon [_thread_blocked, id=5864, stack(0x0000002a14100000,0x0000002a14200000)]
  0x00000172c3c16580 JavaThread "Finalizer" daemon [_thread_blocked, id=9788, stack(0x0000002a14200000,0x0000002a14300000)]
  0x00000172c3c2cb90 JavaThread "Signal Dispatcher" daemon [_thread_blocked, id=11900, stack(0x0000002a14300000,0x0000002a14400000)]
  0x00000172c3c2d660 JavaThread "Attach Listener" daemon [_thread_blocked, id=14456, stack(0x0000002a14400000,0x0000002a14500000)]
  0x00000172c3c30f50 JavaThread "Service Thread" daemon [_thread_blocked, id=18320, stack(0x0000002a14500000,0x0000002a14600000)]
  0x00000172c3c35020 JavaThread "Monitor Deflation Thread" daemon [_thread_blocked, id=17104, stack(0x0000002a14600000,0x0000002a14700000)]
=>0x00000172c3c36000 JavaThread "C2 CompilerThread0" daemon [_thread_in_native, id=7564, stack(0x0000002a14700000,0x0000002a14800000)]
  0x00000172c3c442e0 JavaThread "C1 CompilerThread0" daemon [_thread_blocked, id=10196, stack(0x0000002a14800000,0x0000002a14900000)]
  0x00000172c3c331c0 JavaThread "Sweeper thread" daemon [_thread_blocked, id=9976, stack(0x0000002a14900000,0x0000002a14a00000)]
  0x00000172c3c34b10 JavaThread "Common-Cleaner" daemon [_thread_blocked, id=16044, stack(0x0000002a14a00000,0x0000002a14b00000)]
  0x00000172c3c31d80 JavaThread "Notification Thread" daemon [_thread_blocked, id=15576, stack(0x0000002a14b00000,0x0000002a14c00000)]
  0x00000172c3c32cb0 JavaThread "Daemon health stats" [_thread_blocked, id=13520, stack(0x0000002a15200000,0x0000002a15300000)]
  0x00000172c3c31870 JavaThread "Incoming local TCP Connector on port 49358" [_thread_in_native, id=18632, stack(0x0000002a15100000,0x0000002a15200000)]
  0x00000172c3c327a0 JavaThread "Daemon periodic checks" [_thread_blocked, id=5784, stack(0x0000002a15300000,0x0000002a15400000)]
  0x00000172c3c34600 JavaThread "Daemon" [_thread_blocked, id=1676, stack(0x0000002a15400000,0x0000002a15500000)]
  0x000001730d3d16b0 JavaThread "Daemon worker" [_thread_in_Java, id=14576, stack(0x0000002a15700000,0x0000002a15800000)]
  0x000001730d3d1bc0 JavaThread "Cache worker for journal cache (C:\Users\admin\.gradle\caches\journal-1)" [_thread_blocked, id=5108, stack(0x0000002a15c00000,0x0000002a15d00000)]
  0x000001730d3d3f30 JavaThread "File lock request listener" [_thread_in_native, id=8204, stack(0x0000002a15d00000,0x0000002a15e00000)]
  0x000001730d3d4e60 JavaThread "Cache worker for file hash cache (C:\Users\admin\.gradle\caches\8.13\fileHashes)" [_thread_blocked, id=18688, stack(0x0000002a15e00000,0x0000002a15f00000)]
  0x000001730d3d3510 JavaThread "File lock release action executor" [_thread_blocked, id=4204, stack(0x0000002a15f00000,0x0000002a16000000)]
  0x000001730d3d25e0 JavaThread "File watcher server" daemon [_thread_in_native, id=13760, stack(0x0000002a15b00000,0x0000002a15c00000)]
  0x000001730d3cf850 JavaThread "File watcher consumer" daemon [_thread_blocked, id=1984, stack(0x0000002a16600000,0x0000002a16700000)]
  0x000001730d3cfd60 JavaThread "jar transforms" [_thread_blocked, id=19208, stack(0x0000002a16800000,0x0000002a16900000)]
  0x000001730d3d3000 JavaThread "jar transforms Thread 2" [_thread_blocked, id=9200, stack(0x0000002a16900000,0x0000002a16a00000)]
  0x000001730d3cdf00 JavaThread "jar transforms Thread 3" [_thread_blocked, id=14372, stack(0x0000002a16a00000,0x0000002a16b00000)]
  0x000001730d3d3a20 JavaThread "jar transforms Thread 4" [_thread_blocked, id=11208, stack(0x0000002a16700000,0x0000002a16800000)]
  0x000001730d3d4950 JavaThread "jar transforms Thread 5" [_thread_blocked, id=15664, stack(0x0000002a16b00000,0x0000002a16c00000)]
  0x000001730d3ce410 JavaThread "Cache worker for file content cache (C:\Users\admin\.gradle\caches\8.13\fileContent)" [_thread_blocked, id=5928, stack(0x0000002a16f00000,0x0000002a17000000)]
  0x000001730d3cee30 JavaThread "jar transforms Thread 6" [_thread_blocked, id=9936, stack(0x0000002a17000000,0x0000002a17100000)]
  0x000001730d3cf340 JavaThread "jar transforms Thread 7" [_thread_blocked, id=16376, stack(0x0000002a17100000,0x0000002a17200000)]
  0x000001730e3803d0 JavaThread "jar transforms Thread 8" [_thread_blocked, id=17368, stack(0x0000002a17200000,0x0000002a17300000)]
  0x000001730e382230 JavaThread "VFS cleanup" [_thread_blocked, id=19000, stack(0x0000002a15800000,0x0000002a15900000)]
  0x000001730e384090 JavaThread "Handler for socket connection from /127.0.0.1:49358 to /127.0.0.1:62811" [_thread_in_native, id=1472, stack(0x0000002a13700000,0x0000002a13800000)]
  0x000001730e37f9b0 JavaThread "Cancel handler" [_thread_blocked, id=7456, stack(0x0000002a13800000,0x0000002a13900000)]
  0x000001730e3808e0 JavaThread "Asynchronous log dispatcher for DefaultDaemonConnection: socket connection from /127.0.0.1:49358 to /127.0.0.1:62811" [_thread_blocked, id=7816, stack(0x0000002a13900000,0x0000002a13a00000)]
  0x000001730e380df0 JavaThread "Stdin handler" [_thread_blocked, id=7276, stack(0x0000002a15900000,0x0000002a15a00000)]
  0x000001730e381d20 JavaThread "Daemon client event forwarder" [_thread_blocked, id=17688, stack(0x0000002a15a00000,0x0000002a15b00000)]
  0x000001730e381300 JavaThread "Cache worker for file hash cache (C:\Users\admin\Downloads\livreurs-pro\flutter\flutter\dev\tracing_tests\android\.gradle\8.13\fileHashes)" [_thread_blocked, id=14836, stack(0x0000002a16300000,0x0000002a16400000)]
  0x000001730e37fec0 JavaThread "Cache worker for Build Output Cleanup Cache (C:\Users\admin\Downloads\livreurs-pro\flutter\flutter\dev\tracing_tests\android\.gradle\buildOutputCleanup)" [_thread_blocked, id=2992, stack(0x0000002a16400000,0x0000002a16500000)]
  0x000001730e37ef90 JavaThread "Cache worker for checksums cache (C:\Users\admin\Downloads\livreurs-pro\flutter\flutter\dev\tracing_tests\android\.gradle\8.13\checksums)" [_thread_blocked, id=3108, stack(0x0000002a16c00000,0x0000002a16d00000)]
  0x000001730e383160 JavaThread "Cache worker for cache directory md-supplier (C:\Users\admin\.gradle\caches\8.13\md-supplier)" [_thread_blocked, id=16352, stack(0x0000002a16e00000,0x0000002a16f00000)]
  0x000001730e37f4a0 JavaThread "Cache worker for cache directory md-rule (C:\Users\admin\.gradle\caches\8.13\md-rule)" [_thread_blocked, id=11932, stack(0x0000002a17300000,0x0000002a17400000)]
  0x000001730e382740 JavaThread "Cache worker for Build Output Cleanup Cache (C:\flutter\packages\flutter_tools\gradle\.gradle\buildOutputCleanup)" [_thread_blocked, id=15568, stack(0x0000002a17400000,0x0000002a17500000)]

Other Threads:
  0x00000172c3c125b0 VMThread "VM Thread" [stack: 0x0000002a14000000,0x0000002a14100000] [id=14080]
  0x00000172c68104b0 WatcherThread [stack: 0x0000002a14c00000,0x0000002a14d00000] [id=14400]
  0x0000017288a2e8b0 GCTaskThread "GC Thread#0" [stack: 0x0000002a13b00000,0x0000002a13c00000] [id=7904]
  0x00000172c6950b30 GCTaskThread "GC Thread#1" [stack: 0x0000002a14f00000,0x0000002a15000000] [id=5828]
  0x00000172c6920390 GCTaskThread "GC Thread#2" [stack: 0x0000002a15000000,0x0000002a15100000] [id=17640]
  0x000001730ce98850 GCTaskThread "GC Thread#3" [stack: 0x0000002a14d00000,0x0000002a14e00000] [id=7528]
  0x000001730ce98b10 GCTaskThread "GC Thread#4" [stack: 0x0000002a14e00000,0x0000002a14f00000] [id=7200]
  0x000001730d664430 GCTaskThread "GC Thread#5" [stack: 0x0000002a16000000,0x0000002a16100000] [id=18708]
  0x000001730d3b9060 GCTaskThread "GC Thread#6" [stack: 0x0000002a16100000,0x0000002a16200000] [id=2088]
  0x000001730c5149b0 GCTaskThread "GC Thread#7" [stack: 0x0000002a16200000,0x0000002a16300000] [id=13568]
  0x00000172c3a622e0 ConcurrentGCThread "G1 Main Marker" [stack: 0x0000002a13c00000,0x0000002a13d00000] [id=7888]
  0x00000172c3a632b0 ConcurrentGCThread "G1 Conc#0" [stack: 0x0000002a13d00000,0x0000002a13e00000] [id=7900]
  0x000001730d9fb3a0 ConcurrentGCThread "G1 Conc#1" [stack: 0x0000002a16500000,0x0000002a16600000] [id=18124]
  0x00000172c3acb150 ConcurrentGCThread "G1 Refine#0" [stack: 0x0000002a13e00000,0x0000002a13f00000] [id=7884]
  0x000001730d90c670 ConcurrentGCThread "G1 Refine#1" [stack: 0x0000002a16d00000,0x0000002a16e00000] [id=11548]
  0x000001730f59ab20 ConcurrentGCThread "G1 Refine#2" [stack: 0x0000002a17500000,0x0000002a17600000] [id=16144]
  0x000001730f598200 ConcurrentGCThread "G1 Refine#3" [stack: 0x0000002a17600000,0x0000002a17700000] [id=16116]
  0x000001730f597f10 ConcurrentGCThread "G1 Refine#4" [stack: 0x0000002a17700000,0x0000002a17800000] [id=5932]
  0x00000172c3acba90 ConcurrentGCThread "G1 Service" [stack: 0x0000002a13f00000,0x0000002a14000000] [id=12092]

Threads with active compile tasks:
C2 CompilerThread0  125455 8174 %     4       org.jetbrains.kotlin.cli.jvm.index.JvmDependenciesIndexImpl::search @ 173 (374 bytes)

VM state: not at safepoint (normal execution)

VM Mutex/Monitor currently owned by a thread: None

Heap address: 0x0000000600000000, size: 8192 MB, Compressed Oops mode: Zero based, Oop shift amount: 3

CDS archive(s) mapped at: [0x00000172c7000000-0x00000172c7bb0000-0x00000172c7bb0000), size 12255232, SharedBaseAddress: 0x00000172c7000000, ArchiveRelocationMode: 1.
Compressed class space mapped at: 0x00000172c8000000-0x0000017308000000, reserved size: 1073741824
Narrow klass base: 0x00000172c7000000, Narrow klass shift: 0, Narrow klass range: 0x100000000

GC Precious Log:
 CPUs: 8 total, 8 available
 Memory: 8070M
 Large Page Support: Disabled
 NUMA Support: Disabled
 Compressed Oops: Enabled (Zero based)
 Heap Region Size: 4M
 Heap Min Capacity: 8M
 Heap Initial Capacity: 128M
 Heap Max Capacity: 8G
 Pre-touch: Disabled
 Parallel Workers: 8
 Concurrent Workers: 2
 Concurrent Refinement Workers: 8
 Periodic GC: Disabled

Heap:
 garbage-first heap   total 143360K, used 88810K [0x0000000600000000, 0x0000000800000000)
  region size 4096K, 5 young (20480K), 2 survivors (8192K)
 Metaspace       used 85171K, committed 85952K, reserved 1179648K
  class space    used 11332K, committed 11712K, reserved 1048576K

Heap Regions: E=young(eden), S=young(survivor), O=old, HS=humongous(starts), HC=humongous(continues), CS=collection set, F=free, OA=open archive, CA=closed archive, TAMS=top-at-mark-start (previous, next)
|   0|0x0000000600000000, 0x0000000600400000, 0x0000000600400000|100%|HS|  |TAMS 0x0000000600400000, 0x0000000600000000| Complete 
|   1|0x0000000600400000, 0x0000000600800000, 0x0000000600800000|100%| O|  |TAMS 0x0000000600800000, 0x0000000600400000| Untracked 
|   2|0x0000000600800000, 0x0000000600c00000, 0x0000000600c00000|100%| O|  |TAMS 0x0000000600c00000, 0x0000000600800000| Untracked 
|   3|0x0000000600c00000, 0x0000000600fe6c00, 0x0000000601000000| 97%| O|  |TAMS 0x0000000600fe6c00, 0x0000000600c00000| Untracked 
|   4|0x0000000601000000, 0x0000000601400000, 0x0000000601400000|100%| O|  |TAMS 0x0000000601400000, 0x0000000601000000| Untracked 
|   5|0x0000000601400000, 0x0000000601800000, 0x0000000601800000|100%| O|  |TAMS 0x0000000601800000, 0x0000000601400000| Untracked 
|   6|0x0000000601800000, 0x0000000601c00000, 0x0000000601c00000|100%| O|  |TAMS 0x0000000601c00000, 0x0000000601800000| Untracked 
|   7|0x0000000601c00000, 0x0000000602000000, 0x0000000602000000|100%| O|  |TAMS 0x0000000602000000, 0x0000000601c00000| Untracked 
|   8|0x0000000602000000, 0x0000000602400000, 0x0000000602400000|100%| O|  |TAMS 0x0000000602400000, 0x0000000602000000| Untracked 
|   9|0x0000000602400000, 0x0000000602800000, 0x0000000602800000|100%| O|  |TAMS 0x0000000602800000, 0x0000000602400000| Untracked 
|  10|0x0000000602800000, 0x0000000602c00000, 0x0000000602c00000|100%| O|  |TAMS 0x0000000602c00000, 0x0000000602800000| Untracked 
|  11|0x0000000602c00000, 0x0000000603000000, 0x0000000603000000|100%| O|  |TAMS 0x0000000603000000, 0x0000000602c00000| Untracked 
|  12|0x0000000603000000, 0x0000000603400000, 0x0000000603400000|100%| O|  |TAMS 0x0000000603400000, 0x0000000603000000| Untracked 
|  13|0x0000000603400000, 0x0000000603800000, 0x0000000603800000|100%| O|  |TAMS 0x0000000603800000, 0x0000000603400000| Untracked 
|  14|0x0000000603800000, 0x0000000603c00000, 0x0000000603c00000|100%|HS|  |TAMS 0x0000000603c00000, 0x0000000603800000| Complete 
|  15|0x0000000603c00000, 0x0000000604000000, 0x0000000604000000|100%|HC|  |TAMS 0x0000000604000000, 0x0000000603c00000| Complete 
|  16|0x0000000604000000, 0x0000000604400000, 0x0000000604400000|100%| O|  |TAMS 0x0000000604400000, 0x0000000604000000| Untracked 
|  17|0x0000000604400000, 0x0000000604800000, 0x0000000604800000|100%| O|  |TAMS 0x0000000604502400, 0x0000000604400000| Untracked 
|  18|0x0000000604800000, 0x00000006049a2e00, 0x0000000604c00000| 40%| O|  |TAMS 0x0000000604800000, 0x0000000604800000| Untracked 
|  19|0x0000000604c00000, 0x0000000604c00000, 0x0000000605000000|  0%| F|  |TAMS 0x0000000604c00000, 0x0000000604c00000| Untracked 
|  20|0x0000000605000000, 0x0000000605000000, 0x0000000605400000|  0%| F|  |TAMS 0x0000000605000000, 0x0000000605000000| Untracked 
|  21|0x0000000605400000, 0x0000000605400000, 0x0000000605800000|  0%| F|  |TAMS 0x0000000605400000, 0x0000000605400000| Untracked 
|  22|0x0000000605800000, 0x0000000605800000, 0x0000000605c00000|  0%| F|  |TAMS 0x0000000605800000, 0x0000000605800000| Untracked 
|  23|0x0000000605c00000, 0x0000000605c00000, 0x0000000606000000|  0%| F|  |TAMS 0x0000000605c00000, 0x0000000605c00000| Untracked 
|  24|0x0000000606000000, 0x0000000606000000, 0x0000000606400000|  0%| F|  |TAMS 0x0000000606000000, 0x0000000606000000| Untracked 
|  25|0x0000000606400000, 0x0000000606530f20, 0x0000000606800000| 29%| S|CS|TAMS 0x0000000606400000, 0x0000000606400000| Complete 
|  26|0x0000000606800000, 0x0000000606c00000, 0x0000000606c00000|100%| S|CS|TAMS 0x0000000606800000, 0x0000000606800000| Complete 
|  27|0x0000000606c00000, 0x0000000606c00000, 0x0000000607000000|  0%| F|  |TAMS 0x0000000606c00000, 0x0000000606c00000| Untracked 
|  28|0x0000000607000000, 0x0000000607000000, 0x0000000607400000|  0%| F|  |TAMS 0x0000000607000000, 0x0000000607000000| Untracked 
|  29|0x0000000607400000, 0x0000000607400000, 0x0000000607800000|  0%| F|  |TAMS 0x0000000607400000, 0x0000000607400000| Untracked 
|  30|0x0000000607800000, 0x0000000607800000, 0x0000000607c00000|  0%| F|  |TAMS 0x0000000607800000, 0x0000000607800000| Untracked 
|  31|0x0000000607c00000, 0x0000000607c00000, 0x0000000608000000|  0%| F|  |TAMS 0x0000000607c00000, 0x0000000607c00000| Untracked 
|  32|0x0000000608000000, 0x00000006080a8e88, 0x0000000608400000| 16%| E|  |TAMS 0x0000000608000000, 0x0000000608000000| Complete 
|  33|0x0000000608400000, 0x0000000608800000, 0x0000000608800000|100%| E|CS|TAMS 0x0000000608400000, 0x0000000608400000| Complete 
|  34|0x0000000608800000, 0x0000000608c00000, 0x0000000608c00000|100%| E|CS|TAMS 0x0000000608800000, 0x0000000608800000| Complete 

Card table byte_map: [0x00000172b1a50000,0x00000172b2a50000] _byte_map_base: 0x00000172aea50000

Marking Bits (Prev, Next): (CMBitMap*) 0x00000172c3a519f0, (CMBitMap*) 0x00000172c3a519b0
 Prev Bits: [0x00000172bba50000, 0x00000172c3a50000)
 Next Bits: [0x00000172b3a50000, 0x00000172bba50000)

Polling page: 0x0000017286970000

Metaspace:

Usage:
  Non-class:     72.11 MB used.
      Class:     11.07 MB used.
       Both:     83.18 MB used.

Virtual space:
  Non-class space:      128.00 MB reserved,      72.50 MB ( 57%) committed,  2 nodes.
      Class space:        1.00 GB reserved,      11.44 MB (  1%) committed,  1 nodes.
             Both:        1.12 GB reserved,      83.94 MB (  7%) committed. 

Chunk freelists:
   Non-Class:  6.73 MB
       Class:  4.61 MB
        Both:  11.34 MB

MaxMetaspaceSize: 4.00 GB
CompressedClassSpaceSize: 1.00 GB
Initial GC threshold: 21.00 MB
Current GC threshold: 135.75 MB
CDS: on
MetaspaceReclaimPolicy: balanced
 - commit_granule_bytes: 65536.
 - commit_granule_words: 8192.
 - virtual_space_node_default_size: 8388608.
 - enlarge_chunks_in_place: 1.
 - new_chunks_are_fully_committed: 0.
 - uncommit_free_chunks: 1.
 - use_allocation_guard: 0.
 - handle_deallocations: 1.


Internal statistics:

num_allocs_failed_limit: 9.
num_arena_births: 904.
num_arena_deaths: 0.
num_vsnodes_births: 3.
num_vsnodes_deaths: 0.
num_space_committed: 1341.
num_space_uncommitted: 0.
num_chunks_returned_to_freelist: 9.
num_chunks_taken_from_freelist: 4047.
num_chunk_merges: 9.
num_chunk_splits: 2962.
num_chunks_enlarged: 2300.
num_inconsistent_stats: 0.

CodeHeap 'non-profiled nmethods': size=259264Kb used=4351Kb max_used=4351Kb free=254912Kb
 bounds [0x00000172a07d0000, 0x00000172a0c10000, 0x00000172b0500000]
CodeHeap 'profiled nmethods': size=259264Kb used=15757Kb max_used=15757Kb free=243506Kb
 bounds [0x0000017290500000, 0x0000017291470000, 0x00000172a0230000]
CodeHeap 'non-nmethods': size=5760Kb used=2419Kb max_used=2496Kb free=3340Kb
 bounds [0x00000172a0230000, 0x00000172a04b0000, 0x00000172a07d0000]
 total_blobs=8411 nmethods=7453 adapters=869
 compilation: enabled
              stopped_count=0, restarted_count=0
 full_count=0

Compilation events (20 events):
Event: 125.354 Thread 0x00000172c3c442e0 8276       3       org.jetbrains.kotlin.load.java.typeEnhancement.SignatureParts::getTypeSystem (8 bytes)
Event: 125.355 Thread 0x00000172c3c442e0 nmethod 8276 0x000001729145a410 code [0x000001729145a5c0, 0x000001729145a738]
Event: 125.355 Thread 0x00000172c3c442e0 8278       3       kotlin.sequences.SequencesKt___SequencesKt::filterNotNull (24 bytes)
Event: 125.355 Thread 0x00000172c3c442e0 nmethod 8278 0x000001729145a810 code [0x000001729145aaa0, 0x000001729145b4b8]
Event: 125.355 Thread 0x00000172c3c442e0 8279       3       org.jetbrains.kotlin.types.KotlinType::hashCode (23 bytes)
Event: 125.356 Thread 0x00000172c3c442e0 nmethod 8279 0x000001729145b890 code [0x000001729145ba40, 0x000001729145bbe8]
Event: 125.356 Thread 0x00000172c3c442e0 8277       3       org.jetbrains.kotlin.load.java.typeEnhancement.SignatureParts::getTypeSystem (7 bytes)
Event: 125.356 Thread 0x00000172c3c442e0 nmethod 8277 0x000001729145bc90 code [0x000001729145be20, 0x000001729145bf38]
Event: 125.356 Thread 0x00000172c3c442e0 8280       3       org.jetbrains.kotlin.types.AbstractTypeConstructor::getSupertypes (16 bytes)
Event: 125.356 Thread 0x00000172c3c442e0 nmethod 8280 0x000001729145c010 code [0x000001729145c1c0, 0x000001729145c4a8]
Event: 125.356 Thread 0x00000172c3c442e0 8281       3       org.jetbrains.kotlin.types.SimpleTypeImpl::<init> (122 bytes)
Event: 125.359 Thread 0x00000172c3c442e0 nmethod 8281 0x000001729145c590 code [0x000001729145ca80, 0x000001729145ef98]
Event: 125.359 Thread 0x00000172c3c442e0 8284       3       org.jetbrains.kotlin.com.intellij.extapi.psi.ASTWrapperPsiElement::getNode (13 bytes)
Event: 125.359 Thread 0x00000172c3c442e0 nmethod 8284 0x000001729145fb90 code [0x000001729145fd40, 0x000001729145fec8]
Event: 125.359 Thread 0x00000172c3c442e0 8283       1       kotlin.collections.EmptySet::isEmpty (2 bytes)
Event: 125.360 Thread 0x00000172c3c442e0 nmethod 8283 0x00000172a0c0f990 code [0x00000172a0c0fb20, 0x00000172a0c0fbf8]
Event: 125.360 Thread 0x00000172c3c442e0 8285       3       java.util.Arrays$ArrayList::get (7 bytes)
Event: 125.360 Thread 0x00000172c3c442e0 nmethod 8285 0x000001729145ff90 code [0x0000017291460120, 0x0000017291460258]
Event: 125.391 Thread 0x00000172c3c442e0 8286       3       org.jetbrains.kotlin.types.FlexibleTypeWithEnhancement::getDelegate (8 bytes)
Event: 125.391 Thread 0x00000172c3c442e0 nmethod 8286 0x0000017291460310 code [0x00000172914604c0, 0x00000172914606a8]

GC Heap History (20 events):
Event: 115.236 GC heap before
{Heap before GC invocations=19 (full 0):
 garbage-first heap   total 110592K, used 94918K [0x0000000600000000, 0x0000000800000000)
  region size 4096K, 11 young (45056K), 1 survivors (4096K)
 Metaspace       used 62601K, committed 63360K, reserved 1114112K
  class space    used 8785K, committed 9152K, reserved 1048576K
}
Event: 115.254 GC heap after
{Heap after GC invocations=20 (full 0):
 garbage-first heap   total 110592K, used 56165K [0x0000000600000000, 0x0000000800000000)
  region size 4096K, 2 young (8192K), 2 survivors (8192K)
 Metaspace       used 62601K, committed 63360K, reserved 1114112K
  class space    used 8785K, committed 9152K, reserved 1048576K
}
Event: 116.541 GC heap before
{Heap before GC invocations=20 (full 0):
 garbage-first heap   total 110592K, used 84837K [0x0000000600000000, 0x0000000800000000)
  region size 4096K, 9 young (36864K), 2 survivors (8192K)
 Metaspace       used 65933K, committed 66624K, reserved 1114112K
  class space    used 9178K, committed 9536K, reserved 1048576K
}
Event: 116.550 GC heap after
{Heap after GC invocations=21 (full 0):
 garbage-first heap   total 110592K, used 58824K [0x0000000600000000, 0x0000000800000000)
  region size 4096K, 1 young (4096K), 1 survivors (4096K)
 Metaspace       used 65933K, committed 66624K, reserved 1114112K
  class space    used 9178K, committed 9536K, reserved 1048576K
}
Event: 116.661 GC heap before
{Heap before GC invocations=21 (full 0):
 garbage-first heap   total 110592K, used 58824K [0x0000000600000000, 0x0000000800000000)
  region size 4096K, 2 young (8192K), 1 survivors (4096K)
 Metaspace       used 66338K, committed 67072K, reserved 1114112K
  class space    used 9229K, committed 9600K, reserved 1048576K
}
Event: 116.664 GC heap after
{Heap after GC invocations=22 (full 0):
 garbage-first heap   total 110592K, used 58402K [0x0000000600000000, 0x0000000800000000)
  region size 4096K, 1 young (4096K), 1 survivors (4096K)
 Metaspace       used 66338K, committed 67072K, reserved 1114112K
  class space    used 9229K, committed 9600K, reserved 1048576K
}
Event: 117.789 GC heap before
{Heap before GC invocations=23 (full 0):
 garbage-first heap   total 122880K, used 95266K [0x0000000600000000, 0x0000000800000000)
  region size 4096K, 8 young (32768K), 1 survivors (4096K)
 Metaspace       used 68804K, committed 69568K, reserved 1114112K
  class space    used 9498K, committed 9856K, reserved 1048576K
}
Event: 117.794 GC heap after
{Heap after GC invocations=24 (full 0):
 garbage-first heap   total 122880K, used 69226K [0x0000000600000000, 0x0000000800000000)
  region size 4096K, 1 young (4096K), 1 survivors (4096K)
 Metaspace       used 68804K, committed 69568K, reserved 1114112K
  class space    used 9498K, committed 9856K, reserved 1048576K
}
Event: 118.670 GC heap before
{Heap before GC invocations=24 (full 0):
 garbage-first heap   total 122880K, used 97898K [0x0000000600000000, 0x0000000800000000)
  region size 4096K, 8 young (32768K), 1 survivors (4096K)
 Metaspace       used 72249K, committed 72960K, reserved 1114112K
  class space    used 9764K, committed 10112K, reserved 1048576K
}
Event: 118.676 GC heap after
{Heap after GC invocations=25 (full 0):
 garbage-first heap   total 122880K, used 70722K [0x0000000600000000, 0x0000000800000000)
  region size 4096K, 1 young (4096K), 1 survivors (4096K)
 Metaspace       used 72249K, committed 72960K, reserved 1114112K
  class space    used 9764K, committed 10112K, reserved 1048576K
}
Event: 119.823 GC heap before
{Heap before GC invocations=26 (full 0):
 garbage-first heap   total 131072K, used 95298K [0x0000000600000000, 0x0000000800000000)
  region size 4096K, 8 young (32768K), 1 survivors (4096K)
 Metaspace       used 75315K, committed 76032K, reserved 1179648K
  class space    used 10151K, committed 10496K, reserved 1048576K
}
Event: 119.830 GC heap after
{Heap after GC invocations=27 (full 0):
 garbage-first heap   total 131072K, used 71878K [0x0000000600000000, 0x0000000800000000)
  region size 4096K, 1 young (4096K), 1 survivors (4096K)
 Metaspace       used 75315K, committed 76032K, reserved 1179648K
  class space    used 10151K, committed 10496K, reserved 1048576K
}
Event: 121.526 GC heap before
{Heap before GC invocations=27 (full 0):
 garbage-first heap   total 131072K, used 104646K [0x0000000600000000, 0x0000000800000000)
  region size 4096K, 9 young (36864K), 1 survivors (4096K)
 Metaspace       used 79248K, committed 79936K, reserved 1179648K
  class space    used 10673K, committed 11008K, reserved 1048576K
}
Event: 121.533 GC heap after
{Heap after GC invocations=28 (full 0):
 garbage-first heap   total 131072K, used 73972K [0x0000000600000000, 0x0000000800000000)
  region size 4096K, 2 young (8192K), 2 survivors (8192K)
 Metaspace       used 79248K, committed 79936K, reserved 1179648K
  class space    used 10673K, committed 11008K, reserved 1048576K
}
Event: 122.451 GC heap before
{Heap before GC invocations=29 (full 0):
 garbage-first heap   total 139264K, used 102644K [0x0000000600000000, 0x0000000800000000)
  region size 4096K, 9 young (36864K), 2 survivors (8192K)
 Metaspace       used 80374K, committed 81088K, reserved 1179648K
  class space    used 10804K, committed 11136K, reserved 1048576K
}
Event: 122.458 GC heap after
{Heap after GC invocations=30 (full 0):
 garbage-first heap   total 139264K, used 75775K [0x0000000600000000, 0x0000000800000000)
  region size 4096K, 2 young (8192K), 2 survivors (8192K)
 Metaspace       used 80374K, committed 81088K, reserved 1179648K
  class space    used 10804K, committed 11136K, reserved 1048576K
}
Event: 123.627 GC heap before
{Heap before GC invocations=30 (full 0):
 garbage-first heap   total 139264K, used 108543K [0x0000000600000000, 0x0000000800000000)
  region size 4096K, 10 young (40960K), 2 survivors (8192K)
 Metaspace       used 82685K, committed 83392K, reserved 1179648K
  class space    used 11055K, committed 11392K, reserved 1048576K
}
Event: 123.639 GC heap after
{Heap after GC invocations=31 (full 0):
 garbage-first heap   total 139264K, used 78434K [0x0000000600000000, 0x0000000800000000)
  region size 4096K, 2 young (8192K), 2 survivors (8192K)
 Metaspace       used 82685K, committed 83392K, reserved 1179648K
  class space    used 11055K, committed 11392K, reserved 1048576K
}
Event: 124.798 GC heap before
{Heap before GC invocations=32 (full 0):
 garbage-first heap   total 143360K, used 111202K [0x0000000600000000, 0x0000000800000000)
  region size 4096K, 10 young (40960K), 2 survivors (8192K)
 Metaspace       used 84420K, committed 85120K, reserved 1179648K
  class space    used 11258K, committed 11584K, reserved 1048576K
}
Event: 124.809 GC heap after
{Heap after GC invocations=33 (full 0):
 garbage-first heap   total 143360K, used 80618K [0x0000000600000000, 0x0000000800000000)
  region size 4096K, 2 young (8192K), 2 survivors (8192K)
 Metaspace       used 84420K, committed 85120K, reserved 1179648K
  class space    used 11258K, committed 11584K, reserved 1048576K
}

Dll operation events (15 events):
Event: 0.013 Loaded shared library C:\Program Files\Eclipse Adoptium\jdk-17.0.19.10-hotspot\bin\java.dll
Event: 0.036 Loaded shared library C:\Program Files\Eclipse Adoptium\jdk-17.0.19.10-hotspot\bin\jsvml.dll
Event: 0.223 Loaded shared library C:\Program Files\Eclipse Adoptium\jdk-17.0.19.10-hotspot\bin\zip.dll
Event: 0.229 Loaded shared library C:\Program Files\Eclipse Adoptium\jdk-17.0.19.10-hotspot\bin\instrument.dll
Event: 0.242 Loaded shared library C:\Program Files\Eclipse Adoptium\jdk-17.0.19.10-hotspot\bin\net.dll
Event: 0.246 Loaded shared library C:\Program Files\Eclipse Adoptium\jdk-17.0.19.10-hotspot\bin\nio.dll
Event: 0.250 Loaded shared library C:\Program Files\Eclipse Adoptium\jdk-17.0.19.10-hotspot\bin\zip.dll
Event: 0.991 Loaded shared library C:\Program Files\Eclipse Adoptium\jdk-17.0.19.10-hotspot\bin\jimage.dll
Event: 1.386 Loaded shared library C:\Program Files\Eclipse Adoptium\jdk-17.0.19.10-hotspot\bin\verify.dll
Event: 1.788 Loaded shared library C:\Users\admin\.gradle\native\1def1411415f61bf3af743bc5b6707747c0891f09f0c88961ee8f79bc544acac\windows-amd64\native-platform.dll
Event: 1.828 Loaded shared library C:\Users\admin\.gradle\native\0.2.7\x86_64-windows-gnu\gradle-fileevents.dll
Event: 11.801 Loaded shared library C:\Program Files\Eclipse Adoptium\jdk-17.0.19.10-hotspot\bin\management.dll
Event: 11.815 Loaded shared library C:\Program Files\Eclipse Adoptium\jdk-17.0.19.10-hotspot\bin\management_ext.dll
Event: 13.400 Loaded shared library C:\Program Files\Eclipse Adoptium\jdk-17.0.19.10-hotspot\bin\extnet.dll
Event: 14.600 Loaded shared library C:\Program Files\Eclipse Adoptium\jdk-17.0.19.10-hotspot\bin\sunmscapi.dll

Deoptimization events (20 events):
Event: 123.090 Thread 0x000001730d3d16b0 Uncommon trap: trap_request=0xffffffdc fr.pc=0x00000172a0bb9870 relative=0x0000000000000250
Event: 123.090 Thread 0x000001730d3d16b0 Uncommon trap: reason=class_check action=make_not_entrant pc=0x00000172a0bb9870 method=java.util.ArrayList.toArray([Ljava/lang/Object;)[Ljava/lang/Object; @ 21 c2
Event: 123.090 Thread 0x000001730d3d16b0 DEOPT PACKING pc=0x00000172a0bb9870 sp=0x0000002a157f01c0
Event: 123.090 Thread 0x000001730d3d16b0 DEOPT UNPACKING pc=0x00000172a02869a3 sp=0x0000002a157f0190 mode 2
Event: 123.566 Thread 0x000001730d3d16b0 DEOPT PACKING pc=0x0000017290b5db4f sp=0x0000002a157f08d0
Event: 123.566 Thread 0x000001730d3d16b0 DEOPT UNPACKING pc=0x00000172a0287143 sp=0x0000002a157efd60 mode 0
Event: 123.579 Thread 0x000001730d3d16b0 Uncommon trap: trap_request=0xffffff6e fr.pc=0x00000172a0b8d8f8 relative=0x0000000000000598
Event: 123.579 Thread 0x000001730d3d16b0 Uncommon trap: reason=loop_limit_check action=maybe_recompile pc=0x00000172a0b8d8f8 method=java.util.regex.Pattern$Start.match(Ljava/util/regex/Matcher;ILjava/lang/CharSequence;)Z @ 34 c2
Event: 123.579 Thread 0x000001730d3d16b0 DEOPT PACKING pc=0x00000172a0b8d8f8 sp=0x0000002a157eee50
Event: 123.579 Thread 0x000001730d3d16b0 DEOPT UNPACKING pc=0x00000172a02869a3 sp=0x0000002a157eeda0 mode 2
Event: 123.579 Thread 0x000001730d3d16b0 Uncommon trap: trap_request=0xffffff6e fr.pc=0x00000172a0b63438 relative=0x0000000000000378
Event: 123.579 Thread 0x000001730d3d16b0 Uncommon trap: reason=loop_limit_check action=maybe_recompile pc=0x00000172a0b63438 method=java.util.regex.Pattern$Start.match(Ljava/util/regex/Matcher;ILjava/lang/CharSequence;)Z @ 34 c2
Event: 123.579 Thread 0x000001730d3d16b0 DEOPT PACKING pc=0x00000172a0b63438 sp=0x0000002a157eedc0
Event: 123.579 Thread 0x000001730d3d16b0 DEOPT UNPACKING pc=0x00000172a02869a3 sp=0x0000002a157eed90 mode 2
Event: 123.859 Thread 0x000001730d3d16b0 DEOPT PACKING pc=0x000001729127c36b sp=0x0000002a157f01a0
Event: 123.859 Thread 0x000001730d3d16b0 DEOPT UNPACKING pc=0x00000172a0287143 sp=0x0000002a157ef6a8 mode 0
Event: 123.888 Thread 0x000001730d3d16b0 DEOPT PACKING pc=0x000001729127c36b sp=0x0000002a157f01a0
Event: 123.888 Thread 0x000001730d3d16b0 DEOPT UNPACKING pc=0x00000172a0287143 sp=0x0000002a157ef6a8 mode 0
Event: 123.924 Thread 0x000001730d3d16b0 DEOPT PACKING pc=0x0000017291366022 sp=0x0000002a157ef6c0
Event: 123.925 Thread 0x000001730d3d16b0 DEOPT UNPACKING pc=0x00000172a0287143 sp=0x0000002a157eeb80 mode 0

Classes loaded (20 events):
Event: 119.821 Loading class java/text/CharacterIterator done
Event: 119.821 Loading class java/text/StringCharacterIterator done
Event: 120.055 Loading class java/io/NotSerializableException
Event: 120.055 Loading class java/io/NotSerializableException done
Event: 121.086 Loading class java/util/function/IntUnaryOperator
Event: 121.086 Loading class java/util/function/IntUnaryOperator done
Event: 121.279 Loading class java/util/AbstractList$SubList
Event: 121.281 Loading class java/util/AbstractList$SubList done
Event: 121.281 Loading class java/util/AbstractList$SubList$1
Event: 121.281 Loading class java/util/AbstractList$SubList$1 done
Event: 121.951 Loading class java/util/EnumMap$EntrySet
Event: 121.951 Loading class java/util/EnumMap$EntrySet done
Event: 121.951 Loading class java/util/EnumMap$EntryIterator
Event: 121.952 Loading class java/util/EnumMap$EnumMapIterator
Event: 121.952 Loading class java/util/EnumMap$EnumMapIterator done
Event: 121.952 Loading class java/util/EnumMap$EntryIterator done
Event: 121.952 Loading class java/util/EnumMap$EntryIterator$Entry
Event: 121.952 Loading class java/util/EnumMap$EntryIterator$Entry done
Event: 124.390 Loading class java/util/AbstractList$RandomAccessSubList
Event: 124.391 Loading class java/util/AbstractList$RandomAccessSubList done

Classes unloaded (0 events):
No events

Classes redefined (0 events):
No events

Internal exceptions (20 events):
Event: 111.984 Thread 0x000001730d3d16b0 Exception <a 'java/lang/NoSuchMethodError'{0x0000000605193b40}: 'int java.lang.invoke.DelegatingMethodHandle$Holder.reinvoke_L(java.lang.Object, java.lang.Object, java.lang.Object, long, int, int)'> (0x0000000605193b40) 
thrown [s\src\hotspot\share\interpreter\linkResolver.cpp, line 759]
Event: 111.988 Thread 0x000001730d3d16b0 Exception <a 'java/lang/NoSuchMethodError'{0x00000006051a4288}: 'int java.lang.invoke.DelegatingMethodHandle$Holder.reinvoke_L(java.lang.Object, java.lang.Object, java.lang.Object, long, long, long)'> (0x00000006051a4288) 
thrown [s\src\hotspot\share\interpreter\linkResolver.cpp, line 759]
Event: 111.990 Thread 0x000001730d3d16b0 Exception <a 'java/lang/NoSuchMethodError'{0x00000006051b4608}: 'int java.lang.invoke.DelegatingMethodHandle$Holder.reinvoke_L(java.lang.Object, java.lang.Object, java.lang.Object, long, int)'> (0x00000006051b4608) 
thrown [s\src\hotspot\share\interpreter\linkResolver.cpp, line 759]
Event: 111.993 Thread 0x000001730d3d16b0 Exception <a 'java/lang/NoSuchMethodError'{0x00000006051cffe0}: 'void java.lang.invoke.DelegatingMethodHandle$Holder.reinvoke_L(java.lang.Object, java.lang.Object, java.lang.Object, long, java.lang.Object, long, long)'> (0x00000006051cffe0) 
thrown [s\src\hotspot\share\interpreter\linkResolver.cpp, line 759]
Event: 111.994 Thread 0x000001730d3d16b0 Exception <a 'java/lang/NoSuchMethodError'{0x00000006051d8c98}: 'long java.lang.invoke.Invokers$Holder.invokeExact_MT(java.lang.Object, java.lang.Object, java.lang.Object)'> (0x00000006051d8c98) 
thrown [s\src\hotspot\share\interpreter\linkResolver.cpp, line 759]
Event: 111.995 Thread 0x000001730d3d16b0 Exception <a 'java/lang/NoSuchMethodError'{0x00000006051de638}: 'int java.lang.invoke.Invokers$Holder.invokeExact_MT(java.lang.Object, java.lang.Object, java.lang.Object)'> (0x00000006051de638) 
thrown [s\src\hotspot\share\interpreter\linkResolver.cpp, line 759]
Event: 113.486 Thread 0x000001730d3d16b0 Exception <a 'java/lang/NoSuchMethodError'{0x00000006050ecad8}: 'java.lang.Object java.lang.invoke.DirectMethodHandle$Holder.invokeStatic(java.lang.Object, java.lang.Object, java.lang.Object, java.lang.Object, int, java.lang.Object)'> (0x00000006050ecad8) 
thrown [s\src\hotspot\share\interpreter\linkResolver.cpp, line 759]
Event: 113.532 Thread 0x000001730d3d16b0 Exception <a 'java/lang/NoSuchMethodError'{0x00000006051f4738}: 'java.lang.Object java.lang.invoke.Invokers$Holder.invoke_MT(java.lang.Object, java.lang.Object, java.lang.Object)'> (0x00000006051f4738) 
thrown [s\src\hotspot\share\interpreter\linkResolver.cpp, line 759]
Event: 114.132 Thread 0x000001730d3d16b0 Exception <a 'java/lang/NoSuchMethodError'{0x0000000605a572c8}: 'java.lang.Object java.lang.invoke.Invokers$Holder.invokeExact_MT(java.lang.Object, java.lang.Object, long, java.lang.Object)'> (0x0000000605a572c8) 
thrown [s\src\hotspot\share\interpreter\linkResolver.cpp, line 759]
Event: 119.946 Thread 0x000001730d3d16b0 Exception <a 'java/lang/NoSuchMethodError'{0x0000000607f031b0}: 'java.lang.Object java.lang.invoke.DirectMethodHandle$Holder.newInvokeSpecial(java.lang.Object, java.lang.Object, java.lang.Object, java.lang.Object, int)'> (0x0000000607f031b0) 
thrown [s\src\hotspot\share\interpreter\linkResolver.cpp, line 759]
Event: 119.948 Thread 0x000001730d3d16b0 Exception <a 'java/lang/NoSuchMethodError'{0x0000000607f09480}: 'java.lang.Object java.lang.invoke.DirectMethodHandle$Holder.invokeSpecial(java.lang.Object, java.lang.Object, java.lang.Object, java.lang.Object, java.lang.Object, int)'> (0x0000000607f09480) 
thrown [s\src\hotspot\share\interpreter\linkResolver.cpp, line 759]
Event: 119.950 Thread 0x000001730d3d16b0 Exception <a 'java/lang/NoSuchMethodError'{0x0000000607f0f100}: 'java.lang.Object java.lang.invoke.Invokers$Holder.linkToTargetMethod(java.lang.Object, java.lang.Object, java.lang.Object, int, java.lang.Object)'> (0x0000000607f0f100) 
thrown [s\src\hotspot\share\interpreter\linkResolver.cpp, line 759]
Event: 121.377 Thread 0x000001730d3d16b0 Exception <a 'java/lang/NoSuchMethodError'{0x0000000605e2fa88}: 'java.lang.Object java.lang.invoke.DirectMethodHandle$Holder.invokeStatic(java.lang.Object, java.lang.Object, java.lang.Object, java.lang.Object, int)'> (0x0000000605e2fa88) 
thrown [s\src\hotspot\share\interpreter\linkResolver.cpp, line 759]
Event: 122.153 Thread 0x000001730d3d16b0 Exception <a 'java/lang/NoSuchMethodError'{0x00000006087af880}: 'java.lang.Object java.lang.invoke.DirectMethodHandle$Holder.invokeStatic(java.lang.Object, java.lang.Object, java.lang.Object, java.lang.Object, java.lang.Object, int, java.lang.Object)'> (0x00000006087af880) 
thrown [s\src\hotspot\share\interpreter\linkResolver.cpp, line 759]
Event: 122.155 Thread 0x000001730d3d16b0 Exception <a 'java/lang/NoSuchMethodError'{0x00000006087bb500}: 'java.lang.Object java.lang.invoke.DirectMethodHandle$Holder.newInvokeSpecial(java.lang.Object, java.lang.Object, java.lang.Object, java.lang.Object, java.lang.Object, int, java.lang.Object)'> (0x00000006087bb500) 
thrown [s\src\hotspot\share\interpreter\linkResolver.cpp, line 759]
Event: 122.156 Thread 0x000001730d3d16b0 Exception <a 'java/lang/NoSuchMethodError'{0x00000006087c64f8}: 'java.lang.Object java.lang.invoke.Invokers$Holder.linkToTargetMethod(java.lang.Object, java.lang.Object, java.lang.Object, java.lang.Object, int, java.lang.Object, java.lang.Object)'> (0x00000006087c64f8) 
thrown [s\src\hotspot\share\interpreter\linkResolver.cpp, line 759]
Event: 122.512 Thread 0x000001730d3d16b0 Exception <a 'java/lang/NoSuchMethodError'{0x00000006080e6a98}: 'java.lang.Object java.lang.invoke.DirectMethodHandle$Holder.invokeStatic(java.lang.Object, java.lang.Object, java.lang.Object, java.lang.Object, int, java.lang.Object, java.lang.Object)'> (0x00000006080e6a98) 
thrown [s\src\hotspot\share\interpreter\linkResolver.cpp, line 759]
Event: 124.546 Thread 0x000001730d3d16b0 Exception <a 'java/lang/NoSuchMethodError'{0x00000006070514c0}: 'java.lang.Object java.lang.invoke.DirectMethodHandle$Holder.invokeStatic(java.lang.Object, int, java.lang.Object, java.lang.Object, java.lang.Object, java.lang.Object, java.lang.Object, java.lang.Object)'> (0x00000006070514c0) 
thrown [s\src\hotspot\share\interpreter\linkResolver.cpp, line 759]
Event: 124.547 Thread 0x000001730d3d16b0 Exception <a 'java/lang/NoSuchMethodError'{0x000000060705e820}: 'java.lang.Object java.lang.invoke.DirectMethodHandle$Holder.newInvokeSpecial(java.lang.Object, int, java.lang.Object, java.lang.Object, java.lang.Object, java.lang.Object, java.lang.Object)'> (0x000000060705e820) 
thrown [s\src\hotspot\share\interpreter\linkResolver.cpp, line 759]
Event: 124.547 Thread 0x000001730d3d16b0 Exception <a 'java/lang/NoSuchMethodError'{0x00000006070653c0}: 'java.lang.Object java.lang.invoke.DirectMethodHandle$Holder.invokeSpecial(java.lang.Object, java.lang.Object, int, java.lang.Object, java.lang.Object, java.lang.Object, java.lang.Object, java.lang.Object)'> (0x00000006070653c0) 
thrown [s\src\hotspot\share\interpreter\linkResolver.cpp, line 759]

VM Operations (20 events):
Event: 121.649 Executing VM operation: G1PauseRemark
Event: 121.657 Executing VM operation: G1PauseRemark done
Event: 121.701 Executing VM operation: G1PauseCleanup
Event: 121.701 Executing VM operation: G1PauseCleanup done
Event: 121.757 Executing VM operation: HandshakeAllThreads
Event: 121.757 Executing VM operation: HandshakeAllThreads done
Event: 122.451 Executing VM operation: G1CollectForAllocation
Event: 122.458 Executing VM operation: G1CollectForAllocation done
Event: 123.463 Executing VM operation: Cleanup
Event: 123.464 Executing VM operation: Cleanup done
Event: 123.627 Executing VM operation: G1CollectForAllocation
Event: 123.639 Executing VM operation: G1CollectForAllocation done
Event: 123.763 Executing VM operation: G1PauseRemark
Event: 123.768 Executing VM operation: G1PauseRemark done
Event: 123.814 Executing VM operation: G1PauseCleanup
Event: 123.858 Executing VM operation: G1PauseCleanup done
Event: 124.598 Executing VM operation: HandshakeAllThreads
Event: 124.598 Executing VM operation: HandshakeAllThreads done
Event: 124.798 Executing VM operation: G1CollectForAllocation
Event: 124.809 Executing VM operation: G1CollectForAllocation done

Memory protections (0 events):
No events

Nmethod flushes (20 events):
Event: 84.333 Thread 0x00000172c3c331c0 flushing  nmethod 0x0000017290d3ba10
Event: 84.333 Thread 0x00000172c3c331c0 flushing  nmethod 0x0000017290d52490
Event: 84.333 Thread 0x00000172c3c331c0 flushing  nmethod 0x0000017290d6f490
Event: 84.333 Thread 0x00000172c3c331c0 flushing  nmethod 0x0000017290d70610
Event: 84.333 Thread 0x00000172c3c331c0 flushing  nmethod 0x0000017290db8e90
Event: 84.333 Thread 0x00000172c3c331c0 flushing  nmethod 0x0000017290dcc190
Event: 84.334 Thread 0x00000172c3c331c0 flushing  nmethod 0x0000017290dfeb10
Event: 84.334 Thread 0x00000172c3c331c0 flushing  nmethod 0x0000017290e08090
Event: 84.334 Thread 0x00000172c3c331c0 flushing  nmethod 0x0000017290e18f10
Event: 84.334 Thread 0x00000172c3c331c0 flushing  nmethod 0x0000017290e77410
Event: 84.334 Thread 0x00000172c3c331c0 flushing  nmethod 0x0000017290e78a90
Event: 84.334 Thread 0x00000172c3c331c0 flushing  nmethod 0x0000017290e7cf10
Event: 84.334 Thread 0x00000172c3c331c0 flushing  nmethod 0x0000017290ebf390
Event: 84.334 Thread 0x00000172c3c331c0 flushing  nmethod 0x0000017290ec6990
Event: 84.335 Thread 0x00000172c3c331c0 flushing  nmethod 0x0000017290edec10
Event: 84.335 Thread 0x00000172c3c331c0 flushing  nmethod 0x0000017290ee4990
Event: 119.165 Thread 0x00000172c3c331c0 flushing  nmethod 0x00000172906ca910
Event: 119.170 Thread 0x00000172c3c331c0 flushing osr nmethod 0x0000017290b6b810
Event: 119.170 Thread 0x00000172c3c331c0 flushing  nmethod 0x0000017290bdbe10
Event: 119.174 Thread 0x00000172c3c331c0 flushing  nmethod 0x0000017290e54b90

Events (20 events):
Event: 84.258 Thread 0x000001730d3d16b0 Thread added: 0x000001730e3845a0
Event: 84.287 Thread 0x000001730e3845a0 Thread exited: 0x000001730e3845a0
Event: 84.316 Thread 0x000001730e381300 Thread exited: 0x000001730e381300
Event: 84.332 Thread 0x000001730e37f9b0 Thread exited: 0x000001730e37f9b0
Event: 84.339 Thread 0x000001730e384fc0 Thread exited: 0x000001730e384fc0
Event: 84.340 Thread 0x000001730e37ef90 Thread exited: 0x000001730e37ef90
Event: 84.350 Thread 0x000001730e37fec0 Thread exited: 0x000001730e37fec0
Event: 84.378 Thread 0x000001730e384ab0 Thread exited: 0x000001730e384ab0
Event: 84.384 Thread 0x000001730e382740 Thread exited: 0x000001730e382740
Event: 104.316 Thread 0x00000172c3c34600 Thread added: 0x000001730e384090
Event: 104.403 Thread 0x00000172c3c34600 Thread added: 0x000001730e37f9b0
Event: 104.418 Thread 0x000001730d3d16b0 Thread added: 0x000001730e3808e0
Event: 104.419 Thread 0x000001730d3d16b0 Thread added: 0x000001730e380df0
Event: 104.420 Thread 0x000001730d3d16b0 Thread added: 0x000001730e381d20
Event: 104.439 Thread 0x000001730d3d16b0 Thread added: 0x000001730e381300
Event: 104.475 Thread 0x000001730d3d16b0 Thread added: 0x000001730e37fec0
Event: 104.571 Thread 0x000001730d3d16b0 Thread added: 0x000001730e37ef90
Event: 106.231 Thread 0x000001730d3d16b0 Thread added: 0x000001730e383160
Event: 106.305 Thread 0x000001730d3d16b0 Thread added: 0x000001730e37f4a0
Event: 107.082 Thread 0x000001730d3d16b0 Thread added: 0x000001730e382740


Dynamic libraries:
0x00007ff73a950000 - 0x00007ff73a95e000 	C:\Program Files\Eclipse Adoptium\jdk-17.0.19.10-hotspot\bin\java.exe
0x00007ffa15410000 - 0x00007ffa15627000 	C:\WINDOWS\SYSTEM32\ntdll.dll
0x00007ffa130a0000 - 0x00007ffa13164000 	C:\WINDOWS\System32\KERNEL32.DLL
0x00007ffa12a40000 - 0x00007ffa12e12000 	C:\WINDOWS\System32\KERNELBASE.dll
0x00007ffa12670000 - 0x00007ffa12781000 	C:\WINDOWS\System32\ucrtbase.dll
0x00007ff9e1a70000 - 0x00007ff9e1a8e000 	C:\Program Files\Eclipse Adoptium\jdk-17.0.19.10-hotspot\bin\VCRUNTIME140.dll
0x00007ff9e4c80000 - 0x00007ff9e4c98000 	C:\Program Files\Eclipse Adoptium\jdk-17.0.19.10-hotspot\bin\jli.dll
0x00007ffa144a0000 - 0x00007ffa14651000 	C:\WINDOWS\System32\USER32.dll
0x00007ff9fcff0000 - 0x00007ff9fd28b000 	C:\WINDOWS\WinSxS\amd64_microsoft.windows.common-controls_6595b64144ccf1df_6.0.22621.5547_none_27104afb73855772\COMCTL32.dll
0x00007ffa13070000 - 0x00007ffa13096000 	C:\WINDOWS\System32\win32u.dll
0x00007ffa15220000 - 0x00007ffa152c7000 	C:\WINDOWS\System32\msvcrt.dll
0x00007ffa13890000 - 0x00007ffa138b9000 	C:\WINDOWS\System32\GDI32.dll
0x00007ffa12e20000 - 0x00007ffa12f43000 	C:\WINDOWS\System32\gdi32full.dll
0x00007ffa12fd0000 - 0x00007ffa1306a000 	C:\WINDOWS\System32\msvcp_win.dll
0x00007ffa14660000 - 0x00007ffa14691000 	C:\WINDOWS\System32\IMM32.DLL
0x00007ff9e32f0000 - 0x00007ff9e32fc000 	C:\Program Files\Eclipse Adoptium\jdk-17.0.19.10-hotspot\bin\vcruntime140_1.dll
0x00007ff9d0960000 - 0x00007ff9d09ed000 	C:\Program Files\Eclipse Adoptium\jdk-17.0.19.10-hotspot\bin\msvcp140.dll
0x00007ff970310000 - 0x00007ff970f7c000 	C:\Program Files\Eclipse Adoptium\jdk-17.0.19.10-hotspot\bin\server\jvm.dll
0x00007ffa13d10000 - 0x00007ffa13dc1000 	C:\WINDOWS\System32\ADVAPI32.dll
0x00007ffa13b50000 - 0x00007ffa13bf8000 	C:\WINDOWS\System32\sechost.dll
0x00007ffa12790000 - 0x00007ffa127b8000 	C:\WINDOWS\System32\bcrypt.dll
0x00007ffa136e0000 - 0x00007ffa137f4000 	C:\WINDOWS\System32\RPCRT4.dll
0x00007ffa13170000 - 0x00007ffa131e1000 	C:\WINDOWS\System32\WS2_32.dll
0x00007ffa12220000 - 0x00007ffa1226d000 	C:\WINDOWS\SYSTEM32\POWRPROF.dll
0x00007ffa08530000 - 0x00007ffa08564000 	C:\WINDOWS\SYSTEM32\WINMM.dll
0x00007ff9fff20000 - 0x00007ff9fff2a000 	C:\WINDOWS\SYSTEM32\VERSION.dll
0x00007ffa12200000 - 0x00007ffa12213000 	C:\WINDOWS\SYSTEM32\UMPDC.dll
0x00007ffa114f0000 - 0x00007ffa11508000 	C:\WINDOWS\SYSTEM32\kernel.appcore.dll
0x00007ff9e1b30000 - 0x00007ff9e1b3a000 	C:\Program Files\Eclipse Adoptium\jdk-17.0.19.10-hotspot\bin\jimage.dll
0x00007ffa0cc50000 - 0x00007ffa0ce83000 	C:\WINDOWS\SYSTEM32\DBGHELP.DLL
0x00007ffa13dd0000 - 0x00007ffa14163000 	C:\WINDOWS\System32\combase.dll
0x00007ffa13970000 - 0x00007ffa13a47000 	C:\WINDOWS\System32\OLEAUT32.dll
0x00007ff9fcaa0000 - 0x00007ff9fcad2000 	C:\WINDOWS\SYSTEM32\dbgcore.DLL
0x00007ffa12880000 - 0x00007ffa128fb000 	C:\WINDOWS\System32\bcryptPrimitives.dll
0x00007ff9d0be0000 - 0x00007ff9d0bee000 	C:\Program Files\Eclipse Adoptium\jdk-17.0.19.10-hotspot\bin\instrument.dll
0x00007ff9d0bb0000 - 0x00007ff9d0bd5000 	C:\Program Files\Eclipse Adoptium\jdk-17.0.19.10-hotspot\bin\java.dll
0x00007ff9cfd50000 - 0x00007ff9cfe27000 	C:\Program Files\Eclipse Adoptium\jdk-17.0.19.10-hotspot\bin\jsvml.dll
0x00007ffa146a0000 - 0x00007ffa14f42000 	C:\WINDOWS\System32\SHELL32.dll
0x00007ffa12900000 - 0x00007ffa12a3f000 	C:\WINDOWS\System32\wintypes.dll
0x00007ffa103e0000 - 0x00007ffa10cfd000 	C:\WINDOWS\SYSTEM32\windows.storage.dll
0x00007ffa14f70000 - 0x00007ffa1507c000 	C:\WINDOWS\System32\SHCORE.dll
0x00007ffa13800000 - 0x00007ffa13869000 	C:\WINDOWS\System32\shlwapi.dll
0x00007ffa12430000 - 0x00007ffa1245b000 	C:\WINDOWS\SYSTEM32\profapi.dll
0x00007ff9d0b90000 - 0x00007ff9d0ba8000 	C:\Program Files\Eclipse Adoptium\jdk-17.0.19.10-hotspot\bin\zip.dll
0x00007ff9d0b70000 - 0x00007ff9d0b8a000 	C:\Program Files\Eclipse Adoptium\jdk-17.0.19.10-hotspot\bin\net.dll
0x00007ffa07ca0000 - 0x00007ffa07dcc000 	C:\WINDOWS\SYSTEM32\WINHTTP.dll
0x00007ffa11960000 - 0x00007ffa119c9000 	C:\WINDOWS\system32\mswsock.dll
0x00007ff9d0940000 - 0x00007ff9d0956000 	C:\Program Files\Eclipse Adoptium\jdk-17.0.19.10-hotspot\bin\nio.dll
0x00007ff9eb900000 - 0x00007ff9eb910000 	C:\Program Files\Eclipse Adoptium\jdk-17.0.19.10-hotspot\bin\verify.dll
0x00007ff9f03a0000 - 0x00007ff9f03c7000 	C:\Users\admin\.gradle\native\1def1411415f61bf3af743bc5b6707747c0891f09f0c88961ee8f79bc544acac\windows-amd64\native-platform.dll
0x00007ff9d08c0000 - 0x00007ff9d0938000 	C:\Users\admin\.gradle\native\0.2.7\x86_64-windows-gnu\gradle-fileevents.dll
0x00007ff9f2720000 - 0x00007ff9f272a000 	C:\Program Files\Eclipse Adoptium\jdk-17.0.19.10-hotspot\bin\management.dll
0x00007ff9f16d0000 - 0x00007ff9f16dc000 	C:\Program Files\Eclipse Adoptium\jdk-17.0.19.10-hotspot\bin\management_ext.dll
0x00007ffa14f60000 - 0x00007ffa14f68000 	C:\WINDOWS\System32\PSAPI.DLL
0x00007ffa10f60000 - 0x00007ffa10f8d000 	C:\WINDOWS\SYSTEM32\IPHLPAPI.DLL
0x00007ffa13960000 - 0x00007ffa13969000 	C:\WINDOWS\System32\NSI.dll
0x00007ffa07ea0000 - 0x00007ffa07eb9000 	C:\WINDOWS\SYSTEM32\dhcpcsvc6.DLL
0x00007ffa07ba0000 - 0x00007ffa07bbf000 	C:\WINDOWS\SYSTEM32\dhcpcsvc.DLL
0x00007ffa10fd0000 - 0x00007ffa110c8000 	C:\WINDOWS\SYSTEM32\DNSAPI.dll
0x00007ff9eb8f0000 - 0x00007ff9eb8f9000 	C:\Program Files\Eclipse Adoptium\jdk-17.0.19.10-hotspot\bin\extnet.dll
0x00007ffa11cb0000 - 0x00007ffa11ccb000 	C:\WINDOWS\SYSTEM32\CRYPTSP.dll
0x00007ffa11450000 - 0x00007ffa11487000 	C:\WINDOWS\system32\rsaenh.dll
0x00007ffa11a00000 - 0x00007ffa11a28000 	C:\WINDOWS\SYSTEM32\USERENV.dll
0x00007ffa11c90000 - 0x00007ffa11c9c000 	C:\WINDOWS\SYSTEM32\CRYPTBASE.dll
0x00007ff9e1b40000 - 0x00007ff9e1b4e000 	C:\Program Files\Eclipse Adoptium\jdk-17.0.19.10-hotspot\bin\sunmscapi.dll
0x00007ffa12500000 - 0x00007ffa12667000 	C:\WINDOWS\System32\CRYPT32.dll
0x00007ffa11dc0000 - 0x00007ffa11ded000 	C:\WINDOWS\SYSTEM32\ncrypt.dll
0x00007ffa11d80000 - 0x00007ffa11db7000 	C:\WINDOWS\SYSTEM32\NTASN1.dll
0x00007ff9cee20000 - 0x00007ff9cee28000 	C:\WINDOWS\system32\wshunix.dll

dbghelp: loaded successfully - version: 4.0.5 - missing functions: none
symbol engine: initialized successfully - sym options: 0x614 - pdb path: .;C:\Program Files\Eclipse Adoptium\jdk-17.0.19.10-hotspot\bin;C:\WINDOWS\SYSTEM32;C:\WINDOWS\WinSxS\amd64_microsoft.windows.common-controls_6595b64144ccf1df_6.0.22621.5547_none_27104afb73855772;C:\Program Files\Eclipse Adoptium\jdk-17.0.19.10-hotspot\bin\server;C:\Users\admin\.gradle\native\1def1411415f61bf3af743bc5b6707747c0891f09f0c88961ee8f79bc544acac\windows-amd64;C:\Users\admin\.gradle\native\0.2.7\x86_64-windows-gnu

VM Arguments:
jvm_args: --add-opens=java.base/java.lang=ALL-UNNAMED --add-opens=java.base/java.lang.invoke=ALL-UNNAMED --add-opens=java.base/java.util=ALL-UNNAMED --add-opens=java.prefs/java.util.prefs=ALL-UNNAMED --add-exports=jdk.compiler/com.sun.tools.javac.api=ALL-UNNAMED --add-exports=jdk.compiler/com.sun.tools.javac.util=ALL-UNNAMED --add-opens=java.base/java.util=ALL-UNNAMED --add-opens=java.prefs/java.util.prefs=ALL-UNNAMED --add-opens=java.base/java.nio.charset=ALL-UNNAMED --add-opens=java.base/java.net=ALL-UNNAMED --add-opens=java.base/java.util.concurrent.atomic=ALL-UNNAMED --add-opens=java.xml/javax.xml.namespace=ALL-UNNAMED -XX:MaxMetaspaceSize=4G -XX:ReservedCodeCacheSize=512m -XX:+HeapDumpOnOutOfMemoryError -Xmx8G -Dfile.encoding=UTF-8 -Duser.country=FR -Duser.language=fr -Duser.variant -javaagent:C:\Users\admin\.gradle\wrapper\dists\gradle-8.13-bin\5xuhj0ry160q40clulazy9h7d\gradle-8.13\lib\agents\gradle-instrumentation-agent-8.13.jar 
java_command: org.gradle.launcher.daemon.bootstrap.GradleDaemon 8.13
java_class_path (initial): C:\Users\admin\.gradle\wrapper\dists\gradle-8.13-bin\5xuhj0ry160q40clulazy9h7d\gradle-8.13\lib\gradle-daemon-main-8.13.jar
Launcher Type: SUN_STANDARD

[Global flags]
     intx CICompilerCount                          = 4                                         {product} {ergonomic}
     uint ConcGCThreads                            = 2                                         {product} {ergonomic}
     uint G1ConcRefinementThreads                  = 8                                         {product} {ergonomic}
   size_t G1HeapRegionSize                         = 4194304                                   {product} {ergonomic}
    uintx GCDrainStackTargetSize                   = 64                                        {product} {ergonomic}
     bool HeapDumpOnOutOfMemoryError               = true                                   {manageable} {command line}
   size_t InitialHeapSize                          = 134217728                                 {product} {ergonomic}
   size_t MarkStackSize                            = 4194304                                   {product} {ergonomic}
   size_t MaxHeapSize                              = 8589934592                                {product} {command line}
   size_t MaxMetaspaceSize                         = 4294967296                                {product} {command line}
   size_t MaxNewSize                               = 5150605312                                {product} {ergonomic}
   size_t MinHeapDeltaBytes                        = 4194304                                   {product} {ergonomic}
   size_t MinHeapSize                              = 8388608                                   {product} {ergonomic}
    uintx NonNMethodCodeHeapSize                   = 5839372                                {pd product} {ergonomic}
    uintx NonProfiledCodeHeapSize                  = 265515770                              {pd product} {ergonomic}
    uintx ProfiledCodeHeapSize                     = 265515770                              {pd product} {ergonomic}
    uintx ReservedCodeCacheSize                    = 536870912                              {pd product} {command line}
     bool SegmentedCodeCache                       = true                                      {product} {ergonomic}
   size_t SoftMaxHeapSize                          = 8589934592                             {manageable} {ergonomic}
   double SweeperThreshold                         = 0.234375                                  {product} {ergonomic}
     bool UseCompressedClassPointers               = true                           {product lp64_product} {ergonomic}
     bool UseCompressedOops                        = true                           {product lp64_product} {ergonomic}
     bool UseG1GC                                  = true                                      {product} {ergonomic}
     bool UseLargePagesIndividualAllocation        = false                                  {pd product} {ergonomic}

Logging:
Log output configuration:
 #0: stdout all=warning uptime,level,tags
 #1: stderr all=off uptime,level,tags

Environment Variables:
JAVA_HOME=C:\Program Files\Eclipse Adoptium\jdk-25.0.1.8-hotspot
PATH=C:\Program Files\Eclipse Adoptium\jdk-17.0.19.10-hotspot\bin;C:\Program Files (x86)\VMware\VMware Workstation\bin\;C:\Program Files\Python312\Scripts\;C:\Program Files\Python312\;C:\WINDOWS\system32;C:\WINDOWS;C:\WINDOWS\System32\Wbem;C:\WINDOWS\System32\WindowsPowerShell\v1.0\;C:\WINDOWS\System32\OpenSSH\;C:\Program Files (x86)\Microsoft SQL Server\160\Tools\Binn\;C:\Program Files\Microsoft SQL Server\160\Tools\Binn\;C:\Program Files\Microsoft SQL Server\Client SDK\ODBC\170\Tools\Binn\;C:\Program Files\Microsoft SQL Server\160\DTS\Binn\;C:\Program Files (x86)\Microsoft SQL Server\160\DTS\Binn\;C:\Windows\system32\python;C:\sqlite3;C:\Program Files\nodejs\;C:\MinGW\bin;C:\curl\bin;C:\curl\include;C:\MinGW;C:\MinGW\lib;C:\GnuWin32\bin;C:\OpenSSL-Win64\bin;C:\Program Files\PostgreSQL\17\bin;C:\Program Files\Eclipse Adoptium\jdk-25.0.1.8-hotspot\bin;C:\Program Files\Heroku\bin;C:\Program Files\Git\cmd;C:\Program Files (x86)\VMware\VMware Workstation\bin\;C:\Program Files\Python312\Scripts\;C:\Program Files\Python312\;C:\WINDOWS\system32;C:\WINDOWS;C:\WINDOWS\System32\Wbem;C:\WINDOWS\System32\WindowsPowerShell\v1.0\;C:\WINDOWS\System32\OpenSSH\;C:\Program Files (x86)\Microsoft SQL Server\160\Tools\Binn\;C:\Program Files\Microsoft SQL Server\160\Tools\Binn\;C:\Program Files\Microsoft SQL Server\Client SDK\ODBC\170\Tools\Binn\;C:\Program Files\Microsoft SQL Server\160\DTS\Binn\;C:\Program Files (x86)\Microsoft SQL Server\160\DTS\Binn\;C:\Windows\system32\python;C:\sqlite3;C:\Program Files\nodejs\;C:\MinGW\bin;C:\curl\bin;C:\curl\include;C:\MinGW;C:\MinGW\lib;C:\GnuWin32\bin;C:\OpenSSL-Win64\bin;C:\Program Files\PostgreSQL\17\bin;C:\Program Files\Eclipse Adoptium\jdk-25.0.1.8-hotspot\bin;C:\Program Files\Git\cmd;C:\Program Files\Docker\Docker\resources\bin;C:\Program Files\Heroku\bin;C:\Users\admin\AppData\Local\Programs\Microsoft VS Code;C:\Program Files\P;C:\flutter\bin\flutter;C:\flutter\bin;C:\Users\admin\AppData\Local\Programs\Microsoft VS Code\bin
USERNAME=admin
OS=Windows_NT
PROCESSOR_IDENTIFIER=Intel64 Family 6 Model 142 Stepping 10, GenuineIntel
TMP=C:\Users\admin\AppData\Local\Temp
TEMP=C:\Users\admin\AppData\Local\Temp



Periodic native trim disabled


---------------  S Y S T E M  ---------------

OS:
 Windows 11 , 64 bit Build 22621 (10.0.22621.5415)
OS uptime: 0 days 0:10 hours
Hyper-V role detected

CPU: total 8 (initial active 8) (4 cores per cpu, 2 threads per core) family 6 model 142 stepping 10 microcode 0xf4, cx8, cmov, fxsr, ht, mmx, 3dnowpref, sse, sse2, sse3, ssse3, sse4.1, sse4.2, popcnt, lzcnt, tsc, tscinvbit, avx, avx2, aes, erms, clmul, bmi1, bmi2, rtm, adx, fma, vzeroupper, clflush, clflushopt, hv
Processor Information for all 8 processors :
  Max Mhz: 1896, Current Mhz: 1696, Mhz Limit: 1687

Memory: 4k page, system-wide physical 8070M (210M free)
TotalPageFile size 14597M (AvailPageFile size 31M)
current process WorkingSet (physical memory assigned to process): 365M, peak: 366M
current process commit charge ("private bytes"): 404M, peak: 406M

vm_info: OpenJDK 64-Bit Server VM (17.0.19+10) for windows-amd64 JRE (17.0.19+10), built on Apr 25 2026 08:04:44 by "admin" with MS VC++ 17.12 (VS2022)

END.
