#
# There is insufficient memory for the Java Runtime Environment to continue.
# Native memory allocation (malloc) failed to allocate 369968 bytes. Error detail: Chunk::new
# Possible reasons:
#   The system is out of physical RAM or swap space
#   This process is running with CompressedOops enabled, and the Java Heap may be blocking the growth of the native heap
# Possible solutions:
#   Reduce memory load on the system
#   Increase physical memory or swap space
#   Check if swap backing store is full
#   Decrease Java heap size (-Xmx/-Xms)
#   Decrease number of Java threads
#   Decrease Java thread stack sizes (-Xss)
#   Set larger code cache with -XX:ReservedCodeCacheSize=
#   JVM is running with Unscaled Compressed Oops mode in which the Java heap is
#     placed in the first 4GB address space. The Java Heap base address is the
#     maximum limit for the native heap growth. Please use -XX:HeapBaseMinAddress
#     to set the Java Heap base and to place the Java Heap above 4GB virtual address.
# This output file may be truncated or incomplete.
#
#  Out of Memory Error (arena.cpp:168), pid=19008, tid=7868
#
# JRE version: OpenJDK Runtime Environment Temurin-21.0.12.1+1 (21.0.12.1+1) (build 21.0.12.1+1-LTS)
# Java VM: OpenJDK 64-Bit Server VM Temurin-21.0.12.1+1 (21.0.12.1+1-LTS, mixed mode, sharing, tiered, compressed oops, compressed class ptrs, parallel gc, windows-amd64)
# No core dump will be written. Minidumps are not enabled by default on client versions of Windows
#

---------------  S U M M A R Y ------------

Command Line: --add-modules=ALL-SYSTEM --add-opens=java.base/java.util=ALL-UNNAMED --add-opens=java.base/java.lang=ALL-UNNAMED --add-opens=java.base/sun.nio.fs=ALL-UNNAMED -Declipse.application=org.eclipse.jdt.ls.core.id1 -Dosgi.bundles.defaultStartLevel=4 -Declipse.product=org.eclipse.jdt.ls.core.product -Djava.import.generatesMetadataFilesAtProjectRoot=false -Dm2e.project.cache.size=50 -DDetectVMInstallationsJob.disabled=true -Dfile.encoding=utf8 -XX:+UseParallelGC -XX:GCTimeRatio=4 -XX:AdaptiveSizePolicyWeight=90 -Dsun.zip.disableMemoryMapping=true -Xmx2G -Xms100m -Xlog:disable -javaagent:c:\Users\admin\.vscode\extensions\redhat.java-1.56.0-win32-x64\lombok\lombok-1.18.39-4050.jar -XX:+HeapDumpOnOutOfMemoryError -XX:HeapDumpPath=c:\Users\admin\AppData\Roaming\Code\User\workspaceStorage\a275e4eceaa8a4da7861a808a1c7de57\redhat.java -Daether.dependencyCollector.impl=bf c:\Users\admin\.vscode\extensions\redhat.java-1.56.0-win32-x64\server\plugins\org.eclipse.equinox.launcher_1.8.0.v20260804-1928.jar -configuration c:\Users\admin\AppData\Roaming\Code\User\globalStorage\redhat.java\1.56.0\config_win -data c:\Users\admin\AppData\Roaming\Code\User\workspaceStorage\a275e4eceaa8a4da7861a808a1c7de57\redhat.java\jdt_ws --stdio

Host: Intel(R) Core(TM) i5-8350U CPU @ 1.70GHz, 8 cores, 7G,  Windows 11 , 64 bit Build 22621 (10.0.22621.5415)
Time: Sun Sep 20 18:54:57 2026 elapsed time: 64.407139 seconds (0d 0h 1m 4s)

---------------  T H R E A D  ---------------

Current thread (0x000001ac7d2dc5e0):  JavaThread "C2 CompilerThread0" daemon [_thread_in_native, id=7868, stack(0x0000001c72800000,0x0000001c72900000) (1024K)]


Current CompileTask:
C2:64407 7259       4       java.util.regex.Pattern::compile (537 bytes)

Stack: [0x0000001c72800000,0x0000001c72900000]
Native frames: (J=compiled Java code, j=interpreted, Vv=VM code, C=native code)
V  [jvm.dll+0x6d83e9]
V  [jvm.dll+0x8b5736]
V  [jvm.dll+0x8b7cee]
V  [jvm.dll+0x8b83d3]
V  [jvm.dll+0x284596]
V  [jvm.dll+0xc685d]
V  [jvm.dll+0xc6da1]
V  [jvm.dll+0x3bf18b]
V  [jvm.dll+0x38b6d2]
V  [jvm.dll+0x38ab1a]
V  [jvm.dll+0x24c700]
V  [jvm.dll+0x24bce0]
V  [jvm.dll+0x1cb4ae]
V  [jvm.dll+0x25baad]
V  [jvm.dll+0x25a03a]
V  [jvm.dll+0x3f8aae]
V  [jvm.dll+0x8600cd]
V  [jvm.dll+0x6d6c1d]
C  [ucrtbase.dll+0x29333]
C  [KERNEL32.DLL+0x1259d]
C  [ntdll.dll+0x5af78]


---------------  P R O C E S S  ---------------

Threads class SMR info:
_java_thread_list=0x000001ac470426e0, length=78, elements={
0x000001ac66861240, 0x000001ac6691c340, 0x000001ac6691db50, 0x000001ac7d2d4fe0,
0x000001ac7d2d5e00, 0x000001ac7d2d8520, 0x000001ac7d2d93e0, 0x000001ac7d2dc5e0,
0x000001ac7ebca800, 0x000001ac7ed093a0, 0x000001ac7ee69930, 0x000001ac7efe9d80,
0x000001ac7ed59ff0, 0x000001ac7ed5a8c0, 0x000001ac7f2ad020, 0x000001ac7f65c510,
0x000001ac4523cde0, 0x000001ac453668d0, 0x000001ac45a957d0, 0x000001ac45a94420,
0x000001ac45a95e60, 0x000001ac45a94ab0, 0x000001ac45a95140, 0x000001ac45a93070,
0x000001ac45a93700, 0x000001ac4773b930, 0x000001ac47738b40, 0x000001ac4773b2a0,
0x000001ac477356c0, 0x000001ac4773ac10, 0x000001ac477384b0, 0x000001ac477391d0,
0x000001ac477349a0, 0x000001ac47735d50, 0x000001ac477363e0, 0x000001ac4773bfc0,
0x000001ac47739ef0, 0x000001ac47737100, 0x000001ac47739860, 0x000001ac47737790,
0x000001ac47cbecf0, 0x000001ac47cc1ae0, 0x000001ac47cc48d0, 0x000001ac47cc3bb0,
0x000001ac47cc2e90, 0x000001ac47cc3520, 0x000001ac47cc00a0, 0x000001ac47cc4240,
0x000001ac47cc2170, 0x000001ac47cc0dc0, 0x000001ac47cc0730, 0x000001ac47cc4f60,
0x000001ac47cbdfd0, 0x000001ac47cc1450, 0x000001ac47cbe660, 0x000001ac47c8a8d0,
0x000001ac47c8af60, 0x000001ac47c88e90, 0x000001ac47c8b5f0, 0x000001ac47c8a240,
0x000001ac47c88170, 0x000001ac47c87ae0, 0x000001ac47c8bc80, 0x000001ac47c87450,
0x000001ac47c8c9a0, 0x000001ac47c86730, 0x000001ac47c89520, 0x000001ac47c85a10,
0x000001ac47c89bb0, 0x000001ac47c8d030, 0x000001ac468da670, 0x000001ac468d9950,
0x000001ac468dc740, 0x000001ac468dba20, 0x000001ac468d9fe0, 0x000001ac468dad00,
0x000001ac468dc0b0, 0x000001ac468db390
}

Java Threads: ( => current thread )
  0x000001ac66861240 JavaThread "main"                              [_thread_blocked, id=11412, stack(0x0000001c71e00000,0x0000001c71f00000) (1024K)]
  0x000001ac6691c340 JavaThread "Reference Handler"          daemon [_thread_blocked, id=19360, stack(0x0000001c72200000,0x0000001c72300000) (1024K)]
  0x000001ac6691db50 JavaThread "Finalizer"                  daemon [_thread_blocked, id=2896, stack(0x0000001c72300000,0x0000001c72400000) (1024K)]
  0x000001ac7d2d4fe0 JavaThread "Signal Dispatcher"          daemon [_thread_blocked, id=5896, stack(0x0000001c72400000,0x0000001c72500000) (1024K)]
  0x000001ac7d2d5e00 JavaThread "Attach Listener"            daemon [_thread_blocked, id=11604, stack(0x0000001c72500000,0x0000001c72600000) (1024K)]
  0x000001ac7d2d8520 JavaThread "Service Thread"             daemon [_thread_blocked, id=7908, stack(0x0000001c72600000,0x0000001c72700000) (1024K)]
  0x000001ac7d2d93e0 JavaThread "Monitor Deflation Thread"   daemon [_thread_blocked, id=10632, stack(0x0000001c72700000,0x0000001c72800000) (1024K)]
=>0x000001ac7d2dc5e0 JavaThread "C2 CompilerThread0"         daemon [_thread_in_native, id=7868, stack(0x0000001c72800000,0x0000001c72900000) (1024K)]
  0x000001ac7ebca800 JavaThread "C1 CompilerThread0"         daemon [_thread_blocked, id=16280, stack(0x0000001c72900000,0x0000001c72a00000) (1024K)]
  0x000001ac7ed093a0 JavaThread "Common-Cleaner"             daemon [_thread_blocked, id=7640, stack(0x0000001c72a00000,0x0000001c72b00000) (1024K)]
  0x000001ac7ee69930 JavaThread "Notification Thread"        daemon [_thread_blocked, id=11712, stack(0x0000001c72b00000,0x0000001c72c00000) (1024K)]
  0x000001ac7efe9d80 JavaThread "Active Thread: Equinox Container: d1aa31f2-e8e0-4774-b1fd-0ecb45680ec3"        [_thread_blocked, id=11132, stack(0x0000001c73200000,0x0000001c73300000) (1024K)]
  0x000001ac7ed59ff0 JavaThread "Refresh Thread: Equinox Container: d1aa31f2-e8e0-4774-b1fd-0ecb45680ec3" daemon [_thread_blocked, id=18920, stack(0x0000001c73500000,0x0000001c73600000) (1024K)]
  0x000001ac7ed5a8c0 JavaThread "Framework Event Dispatcher: Equinox Container: d1aa31f2-e8e0-4774-b1fd-0ecb45680ec3" daemon [_thread_blocked, id=8792, stack(0x0000001c73400000,0x0000001c73500000) (1024K)]
  0x000001ac7f2ad020 JavaThread "Start Level: Equinox Container: d1aa31f2-e8e0-4774-b1fd-0ecb45680ec3" daemon [_thread_blocked, id=18556, stack(0x0000001c73600000,0x0000001c73700000) (1024K)]
  0x000001ac7f65c510 JavaThread "Bundle File Closer"         daemon [_thread_blocked, id=5404, stack(0x0000001c73700000,0x0000001c73800000) (1024K)]
  0x000001ac4523cde0 JavaThread "SCR Component Actor"        daemon [_thread_blocked, id=6096, stack(0x0000001c73800000,0x0000001c73900000) (1024K)]
  0x000001ac453668d0 JavaThread "Worker-JM"                         [_thread_blocked, id=17116, stack(0x0000001c73900000,0x0000001c73a00000) (1024K)]
  0x000001ac45a957d0 JavaThread "JNA Cleaner"                daemon [_thread_blocked, id=18588, stack(0x0000001c73a00000,0x0000001c73b00000) (1024K)]
  0x000001ac45a94420 JavaThread "Worker-0: Synchronize Gradle projects with workspace"        [_thread_blocked, id=3236, stack(0x0000001c73b00000,0x0000001c73c00000) (1024K)]
  0x000001ac45a95e60 JavaThread "Worker-1"                          [_thread_blocked, id=17280, stack(0x0000001c73c00000,0x0000001c73d00000) (1024K)]
  0x000001ac45a94ab0 JavaThread "Worker-2: Synchronize Gradle projects with workspace"        [_thread_blocked, id=14580, stack(0x0000001c73d00000,0x0000001c73e00000) (1024K)]
  0x000001ac45a95140 JavaThread "Worker-3: Synchronize Gradle projects with workspace"        [_thread_blocked, id=7856, stack(0x0000001c73e00000,0x0000001c73f00000) (1024K)]
  0x000001ac45a93070 JavaThread "Java indexing"              daemon [_thread_blocked, id=18368, stack(0x0000001c74000000,0x0000001c74100000) (1024K)]
  0x000001ac45a93700 JavaThread "Worker-4: Synchronize Gradle projects with workspace"        [_thread_blocked, id=15216, stack(0x0000001c74200000,0x0000001c74300000) (1024K)]
  0x000001ac4773b930 JavaThread "Worker-5: Synchronize Gradle projects with workspace"        [_thread_blocked, id=11244, stack(0x0000001c74300000,0x0000001c74400000) (1024K)]
  0x000001ac47738b40 JavaThread "pool-2-thread-1"                   [_thread_blocked, id=15864, stack(0x0000001c74400000,0x0000001c74500000) (1024K)]
  0x000001ac4773b2a0 JavaThread "Worker-6: Synchronize Gradle projects with workspace"        [_thread_blocked, id=4484, stack(0x0000001c74600000,0x0000001c74700000) (1024K)]
  0x000001ac477356c0 JavaThread "Timer-0"                           [_thread_blocked, id=924, stack(0x0000001c74700000,0x0000001c74800000) (1024K)]
  0x000001ac4773ac10 JavaThread "Worker-7: Synchronize Gradle projects with workspace"        [_thread_in_vm, id=6272, stack(0x0000001c74800000,0x0000001c74900000) (1024K)]
  0x000001ac477384b0 JavaThread "Timer-1"                           [_thread_blocked, id=17500, stack(0x0000001c74900000,0x0000001c74a00000) (1024K)]
  0x000001ac477391d0 JavaThread "Timer-2"                           [_thread_blocked, id=7332, stack(0x0000001c74a00000,0x0000001c74b00000) (1024K)]
  0x000001ac477349a0 JavaThread "Timer-3"                           [_thread_blocked, id=3568, stack(0x0000001c74b00000,0x0000001c74c00000) (1024K)]
  0x000001ac47735d50 JavaThread "Worker-8: Synchronize Gradle projects with workspace"        [_thread_blocked, id=10816, stack(0x0000001c74c00000,0x0000001c74d00000) (1024K)]
  0x000001ac477363e0 JavaThread "Timer-4"                           [_thread_blocked, id=172, stack(0x0000001c74d00000,0x0000001c74e00000) (1024K)]
  0x000001ac4773bfc0 JavaThread "Timer-5"                           [_thread_blocked, id=16004, stack(0x0000001c74e00000,0x0000001c74f00000) (1024K)]
  0x000001ac47739ef0 JavaThread "Timer-6"                           [_thread_blocked, id=296, stack(0x0000001c74f00000,0x0000001c75000000) (1024K)]
  0x000001ac47737100 JavaThread "Timer-7"                           [_thread_blocked, id=18232, stack(0x0000001c75000000,0x0000001c75100000) (1024K)]
  0x000001ac47739860 JavaThread "Timer-8"                           [_thread_blocked, id=4480, stack(0x0000001c75100000,0x0000001c75200000) (1024K)]
  0x000001ac47737790 JavaThread "Timer-9"                           [_thread_blocked, id=14684, stack(0x0000001c75200000,0x0000001c75300000) (1024K)]
  0x000001ac47cbecf0 JavaThread "Timer-10"                          [_thread_blocked, id=17532, stack(0x0000001c75300000,0x0000001c75400000) (1024K)]
  0x000001ac47cc1ae0 JavaThread "Timer-11"                          [_thread_blocked, id=13460, stack(0x0000001c75400000,0x0000001c75500000) (1024K)]
  0x000001ac47cc48d0 JavaThread "Timer-12"                          [_thread_blocked, id=16668, stack(0x0000001c75500000,0x0000001c75600000) (1024K)]
  0x000001ac47cc3bb0 JavaThread "Timer-13"                          [_thread_blocked, id=15272, stack(0x0000001c75600000,0x0000001c75700000) (1024K)]
  0x000001ac47cc2e90 JavaThread "Worker-9: Synchronize Gradle projects with workspace"        [_thread_blocked, id=10676, stack(0x0000001c75700000,0x0000001c75800000) (1024K)]
  0x000001ac47cc3520 JavaThread "Timer-14"                          [_thread_blocked, id=12516, stack(0x0000001c75800000,0x0000001c75900000) (1024K)]
  0x000001ac47cc00a0 JavaThread "Timer-15"                          [_thread_blocked, id=18952, stack(0x0000001c75900000,0x0000001c75a00000) (1024K)]
  0x000001ac47cc4240 JavaThread "WorkspaceEventsHandler"            [_thread_blocked, id=2384, stack(0x0000001c75a00000,0x0000001c75b00000) (1024K)]
  0x000001ac47cc2170 JavaThread "pool-1-thread-1"                   [_thread_blocked, id=14908, stack(0x0000001c75b00000,0x0000001c75c00000) (1024K)]
  0x000001ac47cc0dc0 JavaThread "Worker-10: Synchronize Gradle projects with workspace"        [_thread_blocked, id=13212, stack(0x0000001c75c00000,0x0000001c75d00000) (1024K)]
  0x000001ac47cc0730 JavaThread "Timer-16"                          [_thread_blocked, id=9732, stack(0x0000001c75d00000,0x0000001c75e00000) (1024K)]
  0x000001ac47cc4f60 JavaThread "Timer-17"                          [_thread_blocked, id=13948, stack(0x0000001c75e00000,0x0000001c75f00000) (1024K)]
  0x000001ac47cbdfd0 JavaThread "Connection worker"                 [_thread_blocked, id=17456, stack(0x0000001c75f00000,0x0000001c76000000) (1024K)]
  0x000001ac47cc1450 JavaThread "Connection worker"                 [_thread_blocked, id=10036, stack(0x0000001c76000000,0x0000001c76100000) (1024K)]
  0x000001ac47cbe660 JavaThread "Connection worker"                 [_thread_blocked, id=12864, stack(0x0000001c76100000,0x0000001c76200000) (1024K)]
  0x000001ac47c8a8d0 JavaThread "Connection worker"                 [_thread_blocked, id=7700, stack(0x0000001c76200000,0x0000001c76300000) (1024K)]
  0x000001ac47c8af60 JavaThread "Connection worker"                 [_thread_blocked, id=11324, stack(0x0000001c76300000,0x0000001c76400000) (1024K)]
  0x000001ac47c88e90 JavaThread "Connection worker"                 [_thread_blocked, id=9536, stack(0x0000001c76400000,0x0000001c76500000) (1024K)]
  0x000001ac47c8b5f0 JavaThread "Connection worker"                 [_thread_blocked, id=7352, stack(0x0000001c76500000,0x0000001c76600000) (1024K)]
  0x000001ac47c8a240 JavaThread "Connection worker"                 [_thread_blocked, id=3876, stack(0x0000001c76600000,0x0000001c76700000) (1024K)]
  0x000001ac47c88170 JavaThread "Connection worker"                 [_thread_blocked, id=4240, stack(0x0000001c76700000,0x0000001c76800000) (1024K)]
  0x000001ac47c87ae0 JavaThread "Worker-11: Synchronize Gradle projects with workspace"        [_thread_blocked, id=6220, stack(0x0000001c76800000,0x0000001c76900000) (1024K)]
  0x000001ac47c8bc80 JavaThread "Timer-18"                          [_thread_blocked, id=17504, stack(0x0000001c76900000,0x0000001c76a00000) (1024K)]
  0x000001ac47c87450 JavaThread "Timer-19"                          [_thread_blocked, id=16336, stack(0x0000001c76a00000,0x0000001c76b00000) (1024K)]
  0x000001ac47c8c9a0 JavaThread "Connection worker"                 [_thread_in_native, id=8800, stack(0x0000001c76b00000,0x0000001c76c00000) (1024K)]
  0x000001ac47c86730 JavaThread "Worker-12: Initialize Workspace"        [_thread_in_native, id=3848, stack(0x0000001c76c00000,0x0000001c76d00000) (1024K)]
  0x000001ac47c89520 JavaThread "Timer-20"                          [_thread_blocked, id=11436, stack(0x0000001c76d00000,0x0000001c76e00000) (1024K)]
  0x000001ac47c85a10 JavaThread "Timer-21"                          [_thread_blocked, id=10492, stack(0x0000001c76e00000,0x0000001c76f00000) (1024K)]
  0x000001ac47c89bb0 JavaThread "Connection worker"                 [_thread_blocked, id=8684, stack(0x0000001c76f00000,0x0000001c77000000) (1024K)]
  0x000001ac47c8d030 JavaThread "Worker-13"                         [_thread_blocked, id=12420, stack(0x0000001c71d00000,0x0000001c71e00000) (1024K)]
  0x000001ac468da670 JavaThread "PatternSearchJob-worker-1"  daemon [_thread_blocked, id=2948, stack(0x0000001c74500000,0x0000001c74600000) (1024K)]
  0x000001ac468d9950 JavaThread "PatternSearchJob-worker-2"  daemon [_thread_blocked, id=14428, stack(0x0000001c77000000,0x0000001c77100000) (1024K)]
  0x000001ac468dc740 JavaThread "PatternSearchJob-worker-3"  daemon [_thread_blocked, id=7048, stack(0x0000001c77100000,0x0000001c77200000) (1024K)]
  0x000001ac468dba20 JavaThread "PatternSearchJob-worker-4"  daemon [_thread_blocked, id=11164, stack(0x0000001c77200000,0x0000001c77300000) (1024K)]
  0x000001ac468d9fe0 JavaThread "PatternSearchJob-worker-5"  daemon [_thread_blocked, id=4036, stack(0x0000001c77300000,0x0000001c77400000) (1024K)]
  0x000001ac468dad00 JavaThread "PatternSearchJob-worker-6"  daemon [_thread_blocked, id=13608, stack(0x0000001c77400000,0x0000001c77500000) (1024K)]
  0x000001ac468dc0b0 JavaThread "PatternSearchJob-worker-7"  daemon [_thread_blocked, id=9388, stack(0x0000001c77500000,0x0000001c77600000) (1024K)]
  0x000001ac468db390 JavaThread "ProjectImportProgressReporter" daemon [_thread_blocked, id=7656, stack(0x0000001c77600000,0x0000001c77700000) (1024K)]
Total: 78

Other Threads:
  0x000001ac7d2d34c0 VMThread "VM Thread"                           [id=4532, stack(0x0000001c72100000,0x0000001c72200000) (1024K)]
  0x000001ac7d1eca00 WatcherThread "VM Periodic Task Thread"        [id=6644, stack(0x0000001c72000000,0x0000001c72100000) (1024K)]
  0x000001ac668802d0 WorkerThread "GC Thread#0"                     [id=18948, stack(0x0000001c71f00000,0x0000001c72000000) (1024K)]
  0x000001ac7f2595f0 WorkerThread "GC Thread#1"                     [id=17752, stack(0x0000001c72c00000,0x0000001c72d00000) (1024K)]
  0x000001ac7f040760 WorkerThread "GC Thread#2"                     [id=18496, stack(0x0000001c72d00000,0x0000001c72e00000) (1024K)]
  0x000001ac7f040b10 WorkerThread "GC Thread#3"                     [id=12036, stack(0x0000001c72e00000,0x0000001c72f00000) (1024K)]
  0x000001ac7f44d730 WorkerThread "GC Thread#4"                     [id=7400, stack(0x0000001c72f00000,0x0000001c73000000) (1024K)]
  0x000001ac7f44dae0 WorkerThread "GC Thread#5"                     [id=18224, stack(0x0000001c73000000,0x0000001c73100000) (1024K)]
  0x000001ac7f26da50 WorkerThread "GC Thread#6"                     [id=10344, stack(0x0000001c73100000,0x0000001c73200000) (1024K)]
  0x000001ac7f750740 WorkerThread "GC Thread#7"                     [id=18740, stack(0x0000001c73300000,0x0000001c73400000) (1024K)]
Total: 10

Threads with active compile tasks:
C2 CompilerThread0  64468 7259       4       java.util.regex.Pattern::compile (537 bytes)
Total: 1

VM state: not at safepoint (normal execution)

VM Mutex/Monitor currently owned by a thread: None

Heap address: 0x0000000080000000, size: 2048 MB, Compressed Oops mode: 32-bit

CDS archive(s) mapped at: [0x000001ac00000000-0x000001ac00ba0000-0x000001ac00ba0000), size 12189696, SharedBaseAddress: 0x000001ac00000000, ArchiveRelocationMode: 1.
Compressed class space mapped at: 0x000001ac01000000-0x000001ac41000000, reserved size: 1073741824
Narrow klass base: 0x000001ac00000000, Narrow klass shift: 0, Narrow klass range: 0x100000000

GC Precious Log:
 CardTable entry size: 512
 CPUs: 8 total, 8 available
 Memory: 8070M
 Large Page Support: Disabled
 NUMA Support: Disabled
 Compressed Oops: Enabled (32-bit)
 Alignments: Space 512K, Generation 512K, Heap 2M
 Heap Min Capacity: 100M
 Heap Initial Capacity: 100M
 Heap Max Capacity: 2G
 Pre-touch: Disabled
 Parallel Workers: 8

Heap:
 PSYoungGen      total 20480K, used 14687K [0x00000000d5580000, 0x00000000d7600000, 0x0000000100000000)
  eden space 17408K, 69% used [0x00000000d5580000,0x00000000d6146300,0x00000000d6680000)
  from space 3072K, 85% used [0x00000000d7300000,0x00000000d7591ca8,0x00000000d7600000)
  to   space 6144K, 0% used [0x00000000d6a00000,0x00000000d6a00000,0x00000000d7000000)
 ParOldGen       total 68608K, used 66919K [0x0000000080000000, 0x0000000084300000, 0x00000000d5580000)
  object space 68608K, 97% used [0x0000000080000000,0x0000000084159e10,0x0000000084300000)
 Metaspace       used 55325K, committed 56640K, reserved 1114112K
  class space    used 6509K, committed 7104K, reserved 1048576K

Card table byte_map: [0x000001ac66220000,0x000001ac66630000] _byte_map_base: 0x000001ac65e20000

Marking Bits: (ParMarkBitMap*) 0x00007ffb74d444a0
 Begin Bits: [0x000001ac78d10000, 0x000001ac7ad10000)
 End Bits:   [0x000001ac7ad10000, 0x000001ac7cd10000)

Polling page: 0x000001ac64730000

Metaspace:

Usage:
  Non-class:     47.67 MB used.
      Class:      6.36 MB used.
       Both:     54.03 MB used.

Virtual space:
  Non-class space:       64.00 MB reserved,      48.38 MB ( 76%) committed,  1 nodes.
      Class space:        1.00 GB reserved,       6.94 MB ( <1%) committed,  1 nodes.
             Both:        1.06 GB reserved,      55.31 MB (  5%) committed. 

Chunk freelists:
   Non-Class:  15.08 MB
       Class:  9.02 MB
        Both:  24.09 MB

MaxMetaspaceSize: unlimited
CompressedClassSpaceSize: 1.00 GB
Initial GC threshold: 21.00 MB
Current GC threshold: 58.38 MB
CDS: on
 - commit_granule_bytes: 65536.
 - commit_granule_words: 8192.
 - virtual_space_node_default_size: 8388608.
 - enlarge_chunks_in_place: 1.
 - use_allocation_guard: 0.


Internal statistics:

num_allocs_failed_limit: 6.
num_arena_births: 992.
num_arena_deaths: 20.
num_vsnodes_births: 2.
num_vsnodes_deaths: 0.
num_space_committed: 885.
num_space_uncommitted: 0.
num_chunks_returned_to_freelist: 26.
num_chunks_taken_from_freelist: 3512.
num_chunk_merges: 5.
num_chunk_splits: 2169.
num_chunks_enlarged: 1230.
num_inconsistent_stats: 0.

CodeHeap 'non-profiled nmethods': size=120000Kb used=3803Kb max_used=3803Kb free=116196Kb
 bounds [0x000001ac71530000, 0x000001ac718f0000, 0x000001ac78a60000]
CodeHeap 'profiled nmethods': size=120000Kb used=14158Kb max_used=14158Kb free=105841Kb
 bounds [0x000001ac69a60000, 0x000001ac6a840000, 0x000001ac70f90000]
CodeHeap 'non-nmethods': size=5760Kb used=1371Kb max_used=1472Kb free=4388Kb
 bounds [0x000001ac70f90000, 0x000001ac71200000, 0x000001ac71530000]
CodeCache: size=245760Kb, used=19332Kb, max_used=19433Kb, free=226425Kb
 total_blobs=7382, nmethods=6710, adapters=578, full_count=0
Compilation: enabled, stopped_count=0, restarted_count=0

Compilation events (20 events):
Event: 64.311 Thread 0x000001ac7ebca800 7287       3       java.lang.ProcessEnvironment$CheckedEntrySet$1::next (20 bytes)
Event: 64.312 Thread 0x000001ac7ebca800 nmethod 7287 0x000001ac6a821390 code [0x000001ac6a821560, 0x000001ac6a821988]
Event: 64.314 Thread 0x000001ac7d2dc5e0 nmethod 7277 0x000001ac718e4010 code [0x000001ac718e42c0, 0x000001ac718e5200]
Event: 64.314 Thread 0x000001ac7d2dc5e0 7282       4       java.util.regex.Pattern::newSlice (181 bytes)
Event: 64.337 Thread 0x000001ac7d2dc5e0 nmethod 7282 0x000001ac718e5c90 code [0x000001ac718e5e80, 0x000001ac718e64d0]
Event: 64.337 Thread 0x000001ac7d2dc5e0 7259       4       java.util.regex.Pattern::compile (537 bytes)
Event: 64.341 Thread 0x000001ac7ebca800 7288       3       sun.reflect.generics.repository.ConstructorRepository::parse (6 bytes)
Event: 64.341 Thread 0x000001ac7ebca800 nmethod 7288 0x000001ac6a821b10 code [0x000001ac6a821d00, 0x000001ac6a822178]
Event: 64.341 Thread 0x000001ac7ebca800 7290       3       sun.reflect.generics.parser.SignatureParser::parseZeroOrMoreTypeSignatures (174 bytes)
Event: 64.342 Thread 0x000001ac7ebca800 nmethod 7290 0x000001ac6a822390 code [0x000001ac6a8225e0, 0x000001ac6a8233b0]
Event: 64.342 Thread 0x000001ac7ebca800 7291       1       org.gradle.tooling.internal.adapter.MethodInvocation::found (5 bytes)
Event: 64.343 Thread 0x000001ac7ebca800 nmethod 7291 0x000001ac718e6810 code [0x000001ac718e69a0, 0x000001ac718e6a70]
Event: 64.343 Thread 0x000001ac7ebca800 7289       3       sun.reflect.generics.repository.ConstructorRepository::parse (8 bytes)
Event: 64.343 Thread 0x000001ac7ebca800 nmethod 7289 0x000001ac6a823790 code [0x000001ac6a823960, 0x000001ac6a823cf8]
Event: 64.344 Thread 0x000001ac7ebca800 7292       3       java.util.regex.CharPredicates$$Lambda/0x000001ac0146f5e8::is (9 bytes)
Event: 64.345 Thread 0x000001ac7ebca800 nmethod 7292 0x000001ac6a823e90 code [0x000001ac6a824060, 0x000001ac6a8243d8]
Event: 64.346 Thread 0x000001ac7ebca800 7293       1       org.gradle.cli.CommandLineOption::getOptions (5 bytes)
Event: 64.346 Thread 0x000001ac7ebca800 nmethod 7293 0x000001ac718e6b10 code [0x000001ac718e6ca0, 0x000001ac718e6d68]
Event: 64.398 Thread 0x000001ac7ebca800 7294   !   3       org.eclipse.core.internal.jobs.JobListeners::waitAndSendEvents (445 bytes)
Event: 64.404 Thread 0x000001ac7ebca800 nmethod 7294 0x000001ac6a824510 code [0x000001ac6a824b40, 0x000001ac6a827928]

GC Heap History (20 events):
Event: 59.059 GC heap before
{Heap before GC invocations=23 (full 2):
 PSYoungGen      total 19968K, used 19949K [0x00000000d5580000, 0x00000000d7300000, 0x0000000100000000)
  eden space 17408K, 100% used [0x00000000d5580000,0x00000000d6680000,0x00000000d6680000)
  from space 2560K, 99% used [0x00000000d6b80000,0x00000000d6dfb550,0x00000000d6e00000)
  to   space 5120K, 0% used [0x00000000d6680000,0x00000000d6680000,0x00000000d6b80000)
 ParOldGen       total 68608K, used 28628K [0x0000000080000000, 0x0000000084300000, 0x00000000d5580000)
  object space 68608K, 41% used [0x0000000080000000,0x0000000081bf52c8,0x0000000084300000)
 Metaspace       used 48107K, committed 49280K, reserved 1114112K
  class space    used 5401K, committed 5952K, reserved 1048576K
}
Event: 59.064 GC heap after
{Heap after GC invocations=23 (full 2):
 PSYoungGen      total 22528K, used 5094K [0x00000000d5580000, 0x00000000d7980000, 0x0000000100000000)
  eden space 17408K, 0% used [0x00000000d5580000,0x00000000d5580000,0x00000000d6680000)
  from space 5120K, 99% used [0x00000000d6680000,0x00000000d6b79a30,0x00000000d6b80000)
  to   space 9728K, 0% used [0x00000000d7000000,0x00000000d7000000,0x00000000d7980000)
 ParOldGen       total 68608K, used 32262K [0x0000000080000000, 0x0000000084300000, 0x00000000d5580000)
  object space 68608K, 47% used [0x0000000080000000,0x0000000081f81800,0x0000000084300000)
 Metaspace       used 48107K, committed 49280K, reserved 1114112K
  class space    used 5401K, committed 5952K, reserved 1048576K
}
Event: 59.618 GC heap before
{Heap before GC invocations=24 (full 2):
 PSYoungGen      total 22528K, used 22502K [0x00000000d5580000, 0x00000000d7980000, 0x0000000100000000)
  eden space 17408K, 100% used [0x00000000d5580000,0x00000000d6680000,0x00000000d6680000)
  from space 5120K, 99% used [0x00000000d6680000,0x00000000d6b79a30,0x00000000d6b80000)
  to   space 9728K, 0% used [0x00000000d7000000,0x00000000d7000000,0x00000000d7980000)
 ParOldGen       total 68608K, used 32262K [0x0000000080000000, 0x0000000084300000, 0x00000000d5580000)
  object space 68608K, 47% used [0x0000000080000000,0x0000000081f81800,0x0000000084300000)
 Metaspace       used 49229K, committed 50432K, reserved 1114112K
  class space    used 5583K, committed 6144K, reserved 1048576K
}
Event: 59.622 GC heap after
{Heap after GC invocations=24 (full 2):
 PSYoungGen      total 18944K, used 1072K [0x00000000d5580000, 0x00000000d7180000, 0x0000000100000000)
  eden space 17408K, 0% used [0x00000000d5580000,0x00000000d5580000,0x00000000d6680000)
  from space 1536K, 69% used [0x00000000d7000000,0x00000000d710c010,0x00000000d7180000)
  to   space 4096K, 0% used [0x00000000d6980000,0x00000000d6980000,0x00000000d6d80000)
 ParOldGen       total 68608K, used 37342K [0x0000000080000000, 0x0000000084300000, 0x00000000d5580000)
  object space 68608K, 54% used [0x0000000080000000,0x0000000082477900,0x0000000084300000)
 Metaspace       used 49229K, committed 50432K, reserved 1114112K
  class space    used 5583K, committed 6144K, reserved 1048576K
}
Event: 60.084 GC heap before
{Heap before GC invocations=25 (full 2):
 PSYoungGen      total 18944K, used 18480K [0x00000000d5580000, 0x00000000d7180000, 0x0000000100000000)
  eden space 17408K, 100% used [0x00000000d5580000,0x00000000d6680000,0x00000000d6680000)
  from space 1536K, 69% used [0x00000000d7000000,0x00000000d710c010,0x00000000d7180000)
  to   space 4096K, 0% used [0x00000000d6980000,0x00000000d6980000,0x00000000d6d80000)
 ParOldGen       total 68608K, used 37342K [0x0000000080000000, 0x0000000084300000, 0x00000000d5580000)
  object space 68608K, 54% used [0x0000000080000000,0x0000000082477900,0x0000000084300000)
 Metaspace       used 49934K, committed 51072K, reserved 1114112K
  class space    used 5667K, committed 6208K, reserved 1048576K
}
Event: 60.086 GC heap after
{Heap after GC invocations=25 (full 2):
 PSYoungGen      total 21504K, used 672K [0x00000000d5580000, 0x00000000d7080000, 0x0000000100000000)
  eden space 17408K, 0% used [0x00000000d5580000,0x00000000d5580000,0x00000000d6680000)
  from space 4096K, 16% used [0x00000000d6980000,0x00000000d6a28000,0x00000000d6d80000)
  to   space 1536K, 0% used [0x00000000d6f00000,0x00000000d6f00000,0x00000000d7080000)
 ParOldGen       total 68608K, used 38296K [0x0000000080000000, 0x0000000084300000, 0x00000000d5580000)
  object space 68608K, 55% used [0x0000000080000000,0x00000000825660b8,0x0000000084300000)
 Metaspace       used 49934K, committed 51072K, reserved 1114112K
  class space    used 5667K, committed 6208K, reserved 1048576K
}
Event: 60.718 GC heap before
{Heap before GC invocations=26 (full 2):
 PSYoungGen      total 21504K, used 18080K [0x00000000d5580000, 0x00000000d7080000, 0x0000000100000000)
  eden space 17408K, 100% used [0x00000000d5580000,0x00000000d6680000,0x00000000d6680000)
  from space 4096K, 16% used [0x00000000d6980000,0x00000000d6a28000,0x00000000d6d80000)
  to   space 1536K, 0% used [0x00000000d6f00000,0x00000000d6f00000,0x00000000d7080000)
 ParOldGen       total 68608K, used 38296K [0x0000000080000000, 0x0000000084300000, 0x00000000d5580000)
  object space 68608K, 55% used [0x0000000080000000,0x00000000825660b8,0x0000000084300000)
 Metaspace       used 50140K, committed 51264K, reserved 1114112K
  class space    used 5685K, committed 6208K, reserved 1048576K
}
Event: 60.720 GC heap after
{Heap after GC invocations=26 (full 2):
 PSYoungGen      total 18432K, used 768K [0x00000000d5580000, 0x00000000d7000000, 0x0000000100000000)
  eden space 17408K, 0% used [0x00000000d5580000,0x00000000d5580000,0x00000000d6680000)
  from space 1024K, 75% used [0x00000000d6f00000,0x00000000d6fc0000,0x00000000d7000000)
  to   space 1024K, 0% used [0x00000000d6e00000,0x00000000d6e00000,0x00000000d6f00000)
 ParOldGen       total 68608K, used 38865K [0x0000000080000000, 0x0000000084300000, 0x00000000d5580000)
  object space 68608K, 56% used [0x0000000080000000,0x00000000825f4458,0x0000000084300000)
 Metaspace       used 50140K, committed 51264K, reserved 1114112K
  class space    used 5685K, committed 6208K, reserved 1048576K
}
Event: 61.437 GC heap before
{Heap before GC invocations=27 (full 2):
 PSYoungGen      total 18432K, used 18176K [0x00000000d5580000, 0x00000000d7000000, 0x0000000100000000)
  eden space 17408K, 100% used [0x00000000d5580000,0x00000000d6680000,0x00000000d6680000)
  from space 1024K, 75% used [0x00000000d6f00000,0x00000000d6fc0000,0x00000000d7000000)
  to   space 1024K, 0% used [0x00000000d6e00000,0x00000000d6e00000,0x00000000d6f00000)
 ParOldGen       total 68608K, used 38865K [0x0000000080000000, 0x0000000084300000, 0x00000000d5580000)
  object space 68608K, 56% used [0x0000000080000000,0x00000000825f4458,0x0000000084300000)
 Metaspace       used 50175K, committed 51328K, reserved 1114112K
  class space    used 5686K, committed 6208K, reserved 1048576K
}
Event: 61.439 GC heap after
{Heap after GC invocations=27 (full 2):
 PSYoungGen      total 18432K, used 928K [0x00000000d5580000, 0x00000000d6f80000, 0x0000000100000000)
  eden space 17408K, 0% used [0x00000000d5580000,0x00000000d5580000,0x00000000d6680000)
  from space 1024K, 90% used [0x00000000d6e00000,0x00000000d6ee8000,0x00000000d6f00000)
  to   space 512K, 0% used [0x00000000d6f00000,0x00000000d6f00000,0x00000000d6f80000)
 ParOldGen       total 68608K, used 39537K [0x0000000080000000, 0x0000000084300000, 0x00000000d5580000)
  object space 68608K, 57% used [0x0000000080000000,0x000000008269c458,0x0000000084300000)
 Metaspace       used 50175K, committed 51328K, reserved 1114112K
  class space    used 5686K, committed 6208K, reserved 1048576K
}
Event: 61.819 GC heap before
{Heap before GC invocations=28 (full 2):
 PSYoungGen      total 18432K, used 18336K [0x00000000d5580000, 0x00000000d6f80000, 0x0000000100000000)
  eden space 17408K, 100% used [0x00000000d5580000,0x00000000d6680000,0x00000000d6680000)
  from space 1024K, 90% used [0x00000000d6e00000,0x00000000d6ee8000,0x00000000d6f00000)
  to   space 512K, 0% used [0x00000000d6f00000,0x00000000d6f00000,0x00000000d6f80000)
 ParOldGen       total 68608K, used 39537K [0x0000000080000000, 0x0000000084300000, 0x00000000d5580000)
  object space 68608K, 57% used [0x0000000080000000,0x000000008269c458,0x0000000084300000)
 Metaspace       used 50348K, committed 51584K, reserved 1114112K
  class space    used 5723K, committed 6272K, reserved 1048576K
}
Event: 61.823 GC heap after
{Heap after GC invocations=28 (full 2):
 PSYoungGen      total 17920K, used 481K [0x00000000d5580000, 0x00000000d7180000, 0x0000000100000000)
  eden space 17408K, 0% used [0x00000000d5580000,0x00000000d5580000,0x00000000d6680000)
  from space 512K, 94% used [0x00000000d6f00000,0x00000000d6f787d8,0x00000000d6f80000)
  to   space 5632K, 0% used [0x00000000d6680000,0x00000000d6680000,0x00000000d6c00000)
 ParOldGen       total 68608K, used 43741K [0x0000000080000000, 0x0000000084300000, 0x00000000d5580000)
  object space 68608K, 63% used [0x0000000080000000,0x0000000082ab7428,0x0000000084300000)
 Metaspace       used 50348K, committed 51584K, reserved 1114112K
  class space    used 5723K, committed 6272K, reserved 1048576K
}
Event: 62.637 GC heap before
{Heap before GC invocations=29 (full 2):
 PSYoungGen      total 17920K, used 17889K [0x00000000d5580000, 0x00000000d7180000, 0x0000000100000000)
  eden space 17408K, 100% used [0x00000000d5580000,0x00000000d6680000,0x00000000d6680000)
  from space 512K, 94% used [0x00000000d6f00000,0x00000000d6f787d8,0x00000000d6f80000)
  to   space 5632K, 0% used [0x00000000d6680000,0x00000000d6680000,0x00000000d6c00000)
 ParOldGen       total 68608K, used 43741K [0x0000000080000000, 0x0000000084300000, 0x00000000d5580000)
  object space 68608K, 63% used [0x0000000080000000,0x0000000082ab7428,0x0000000084300000)
 Metaspace       used 51325K, committed 52480K, reserved 1114112K
  class space    used 5918K, committed 6464K, reserved 1048576K
}
Event: 62.642 GC heap after
{Heap after GC invocations=29 (full 2):
 PSYoungGen      total 21504K, used 4034K [0x00000000d5580000, 0x00000000d6f80000, 0x0000000100000000)
  eden space 17408K, 0% used [0x00000000d5580000,0x00000000d5580000,0x00000000d6680000)
  from space 4096K, 98% used [0x00000000d6680000,0x00000000d6a708f0,0x00000000d6a80000)
  to   space 4608K, 0% used [0x00000000d6b00000,0x00000000d6b00000,0x00000000d6f80000)
 ParOldGen       total 68608K, used 44297K [0x0000000080000000, 0x0000000084300000, 0x00000000d5580000)
  object space 68608K, 64% used [0x0000000080000000,0x0000000082b427f8,0x0000000084300000)
 Metaspace       used 51325K, committed 52480K, reserved 1114112K
  class space    used 5918K, committed 6464K, reserved 1048576K
}
Event: 62.810 GC heap before
{Heap before GC invocations=30 (full 2):
 PSYoungGen      total 21504K, used 21442K [0x00000000d5580000, 0x00000000d6f80000, 0x0000000100000000)
  eden space 17408K, 100% used [0x00000000d5580000,0x00000000d6680000,0x00000000d6680000)
  from space 4096K, 98% used [0x00000000d6680000,0x00000000d6a708f0,0x00000000d6a80000)
  to   space 4608K, 0% used [0x00000000d6b00000,0x00000000d6b00000,0x00000000d6f80000)
 ParOldGen       total 68608K, used 44297K [0x0000000080000000, 0x0000000084300000, 0x00000000d5580000)
  object space 68608K, 64% used [0x0000000080000000,0x0000000082b427f8,0x0000000084300000)
 Metaspace       used 51735K, committed 52928K, reserved 1114112K
  class space    used 5983K, committed 6528K, reserved 1048576K
}
Event: 62.821 GC heap after
{Heap after GC invocations=30 (full 2):
 PSYoungGen      total 22016K, used 4602K [0x00000000d5580000, 0x00000000d6f80000, 0x0000000100000000)
  eden space 17408K, 0% used [0x00000000d5580000,0x00000000d5580000,0x00000000d6680000)
  from space 4608K, 99% used [0x00000000d6b00000,0x00000000d6f7ea20,0x00000000d6f80000)
  to   space 4096K, 0% used [0x00000000d6680000,0x00000000d6680000,0x00000000d6a80000)
 ParOldGen       total 68608K, used 56878K [0x0000000080000000, 0x0000000084300000, 0x00000000d5580000)
  object space 68608K, 82% used [0x0000000080000000,0x000000008378ba98,0x0000000084300000)
 Metaspace       used 51735K, committed 52928K, reserved 1114112K
  class space    used 5983K, committed 6528K, reserved 1048576K
}
Event: 63.194 GC heap before
{Heap before GC invocations=31 (full 2):
 PSYoungGen      total 22016K, used 22010K [0x00000000d5580000, 0x00000000d6f80000, 0x0000000100000000)
  eden space 17408K, 100% used [0x00000000d5580000,0x00000000d6680000,0x00000000d6680000)
  from space 4608K, 99% used [0x00000000d6b00000,0x00000000d6f7ea20,0x00000000d6f80000)
  to   space 4096K, 0% used [0x00000000d6680000,0x00000000d6680000,0x00000000d6a80000)
 ParOldGen       total 68608K, used 56878K [0x0000000080000000, 0x0000000084300000, 0x00000000d5580000)
  object space 68608K, 82% used [0x0000000080000000,0x000000008378ba98,0x0000000084300000)
 Metaspace       used 53084K, committed 54400K, reserved 1114112K
  class space    used 6174K, committed 6784K, reserved 1048576K
}
Event: 63.202 GC heap after
{Heap after GC invocations=31 (full 2):
 PSYoungGen      total 21504K, used 4096K [0x00000000d5580000, 0x00000000d7f80000, 0x0000000100000000)
  eden space 17408K, 0% used [0x00000000d5580000,0x00000000d5580000,0x00000000d6680000)
  from space 4096K, 100% used [0x00000000d6680000,0x00000000d6a80000,0x00000000d6a80000)
  to   space 12800K, 0% used [0x00000000d7300000,0x00000000d7300000,0x00000000d7f80000)
 ParOldGen       total 68608K, used 62808K [0x0000000080000000, 0x0000000084300000, 0x00000000d5580000)
  object space 68608K, 91% used [0x0000000080000000,0x0000000083d56170,0x0000000084300000)
 Metaspace       used 53084K, committed 54400K, reserved 1114112K
  class space    used 6174K, committed 6784K, reserved 1048576K
}
Event: 64.118 GC heap before
{Heap before GC invocations=32 (full 2):
 PSYoungGen      total 21504K, used 21504K [0x00000000d5580000, 0x00000000d7f80000, 0x0000000100000000)
  eden space 17408K, 100% used [0x00000000d5580000,0x00000000d6680000,0x00000000d6680000)
  from space 4096K, 100% used [0x00000000d6680000,0x00000000d6a80000,0x00000000d6a80000)
  to   space 12800K, 0% used [0x00000000d7300000,0x00000000d7300000,0x00000000d7f80000)
 ParOldGen       total 68608K, used 62808K [0x0000000080000000, 0x0000000084300000, 0x00000000d5580000)
  object space 68608K, 91% used [0x0000000080000000,0x0000000083d56170,0x0000000084300000)
 Metaspace       used 54819K, committed 56192K, reserved 1114112K
  class space    used 6404K, committed 7040K, reserved 1048576K
}
Event: 64.126 GC heap after
{Heap after GC invocations=32 (full 2):
 PSYoungGen      total 20480K, used 2631K [0x00000000d5580000, 0x00000000d7600000, 0x0000000100000000)
  eden space 17408K, 0% used [0x00000000d5580000,0x00000000d5580000,0x00000000d6680000)
  from space 3072K, 85% used [0x00000000d7300000,0x00000000d7591ca8,0x00000000d7600000)
  to   space 6144K, 0% used [0x00000000d6a00000,0x00000000d6a00000,0x00000000d7000000)
 ParOldGen       total 68608K, used 66919K [0x0000000080000000, 0x0000000084300000, 0x00000000d5580000)
  object space 68608K, 97% used [0x0000000080000000,0x0000000084159e10,0x0000000084300000)
 Metaspace       used 54819K, committed 56192K, reserved 1114112K
  class space    used 6404K, committed 7040K, reserved 1048576K
}

Dll operation events (20 events):
Event: 1.177 Attempting to load shared library C:\Users\admin\.vscode\extensions\redhat.java-1.56.0-win32-x64\jre\21.0.12.1-win32-x86_64\bin\net.dll
Event: 1.179 Loaded shared library C:\Users\admin\.vscode\extensions\redhat.java-1.56.0-win32-x64\jre\21.0.12.1-win32-x86_64\bin\net.dll
Event: 1.182 Attempting to load shared library C:\Users\admin\.vscode\extensions\redhat.java-1.56.0-win32-x64\jre\21.0.12.1-win32-x86_64\bin\nio.dll
Event: 1.183 Loaded shared library C:\Users\admin\.vscode\extensions\redhat.java-1.56.0-win32-x64\jre\21.0.12.1-win32-x86_64\bin\nio.dll
Event: 1.394 Attempting to load shared library C:\Users\admin\.vscode\extensions\redhat.java-1.56.0-win32-x64\jre\21.0.12.1-win32-x86_64\bin\zip.dll
Event: 1.394 Loaded shared library C:\Users\admin\.vscode\extensions\redhat.java-1.56.0-win32-x64\jre\21.0.12.1-win32-x86_64\bin\zip.dll
Event: 1.583 Attempting to load shared library C:\Users\admin\.vscode\extensions\redhat.java-1.56.0-win32-x64\jre\21.0.12.1-win32-x86_64\bin\jimage.dll
Event: 1.583 Loaded shared library C:\Users\admin\.vscode\extensions\redhat.java-1.56.0-win32-x64\jre\21.0.12.1-win32-x86_64\bin\jimage.dll
Event: 2.145 Attempting to load shared library c:\Users\admin\.vscode\extensions\redhat.java-1.56.0-win32-x64\jre\21.0.12.1-win32-x86_64\bin\verify.dll
Event: 2.146 Loaded shared library c:\Users\admin\.vscode\extensions\redhat.java-1.56.0-win32-x64\jre\21.0.12.1-win32-x86_64\bin\verify.dll
Event: 16.561 Attempting to load shared library C:\Users\admin\AppData\Roaming\Code\User\globalStorage\redhat.java\1.56.0\config_win\org.eclipse.equinox.launcher\org.eclipse.equinox.launcher.win32.win32.x86_64_1.3.100.v20260804-1928\eclipse_11924.dll
Event: 17.227 Loaded shared library C:\Users\admin\AppData\Roaming\Code\User\globalStorage\redhat.java\1.56.0\config_win\org.eclipse.equinox.launcher\org.eclipse.equinox.launcher.win32.win32.x86_64_1.3.100.v20260804-1928\eclipse_11924.dll
Event: 33.605 Attempting to load shared library C:\Users\admin\AppData\Local\Temp\jna-92668751\jna14169929379392947587.dll
Event: 34.574 Loaded shared library C:\Users\admin\AppData\Local\Temp\jna-92668751\jna14169929379392947587.dll
Event: 59.074 Attempting to load shared library C:\Users\admin\.gradle\native\1def1411415f61bf3af743bc5b6707747c0891f09f0c88961ee8f79bc544acac\windows-amd64\native-platform.dll
Event: 59.075 Loaded shared library C:\Users\admin\.gradle\native\1def1411415f61bf3af743bc5b6707747c0891f09f0c88961ee8f79bc544acac\windows-amd64\native-platform.dll
Event: 64.033 Attempting to load shared library C:\Users\admin\.vscode\extensions\redhat.java-1.56.0-win32-x64\jre\21.0.12.1-win32-x86_64\bin\management.dll
Event: 64.036 Loaded shared library C:\Users\admin\.vscode\extensions\redhat.java-1.56.0-win32-x64\jre\21.0.12.1-win32-x86_64\bin\management.dll
Event: 64.055 Attempting to load shared library C:\Users\admin\.vscode\extensions\redhat.java-1.56.0-win32-x64\jre\21.0.12.1-win32-x86_64\bin\management_ext.dll
Event: 64.058 Loaded shared library C:\Users\admin\.vscode\extensions\redhat.java-1.56.0-win32-x64\jre\21.0.12.1-win32-x86_64\bin\management_ext.dll

Deoptimization events (20 events):
Event: 63.459 Thread 0x000001ac47c86730 Uncommon trap: trap_request=0xffffff45 fr.pc=0x000001ac716f5630 relative=0x00000000000001f0
Event: 63.459 Thread 0x000001ac47c86730 Uncommon trap: reason=unstable_if action=reinterpret pc=0x000001ac716f5630 method=java.io.BufferedOutputStream.implWrite([BII)V @ 5 c2
Event: 63.459 Thread 0x000001ac47c86730 DEOPT PACKING pc=0x000001ac716f5630 sp=0x0000001c76cfea70
Event: 63.459 Thread 0x000001ac47c86730 DEOPT UNPACKING pc=0x000001ac70fe3aa2 sp=0x0000001c76cfea48 mode 2
Event: 63.743 Thread 0x000001ac47c86730 Uncommon trap: trap_request=0xffffff45 fr.pc=0x000001ac717d5f78 relative=0x00000000000005f8
Event: 63.743 Thread 0x000001ac47c86730 Uncommon trap: reason=unstable_if action=reinterpret pc=0x000001ac717d5f78 method=java.lang.StringConcatHelper.simpleConcat(Ljava/lang/Object;Ljava/lang/Object;)Ljava/lang/String; @ 30 c2
Event: 63.743 Thread 0x000001ac47c86730 DEOPT PACKING pc=0x000001ac717d5f78 sp=0x0000001c76cfe390
Event: 63.744 Thread 0x000001ac47c86730 DEOPT UNPACKING pc=0x000001ac70fe3aa2 sp=0x0000001c76cfe338 mode 2
Event: 63.902 Thread 0x000001ac47cc2170 Uncommon trap: trap_request=0xffffffc6 fr.pc=0x000001ac7180bd40 relative=0x0000000000000d20
Event: 63.903 Thread 0x000001ac47cc2170 Uncommon trap: reason=bimorphic_or_optimized_type_check action=maybe_recompile pc=0x000001ac7180bd40 method=java.util.concurrent.ConcurrentHashMap.putVal(Ljava/lang/Object;Ljava/lang/Object;Z)Ljava/lang/Object; @ 242 c2
Event: 63.903 Thread 0x000001ac47cc2170 DEOPT PACKING pc=0x000001ac7180bd40 sp=0x0000001c75bfe120
Event: 63.903 Thread 0x000001ac47cc2170 DEOPT UNPACKING pc=0x000001ac70fe3aa2 sp=0x0000001c75bfe0b0 mode 2
Event: 63.908 Thread 0x000001ac47cc2170 Uncommon trap: trap_request=0xffffff45 fr.pc=0x000001ac7183f3cc relative=0x0000000000001e6c
Event: 63.908 Thread 0x000001ac47cc2170 Uncommon trap: reason=unstable_if action=reinterpret pc=0x000001ac7183f3cc method=com.google.gson.stream.JsonReader.nextString()Ljava/lang/String; @ 6 c2
Event: 63.908 Thread 0x000001ac47cc2170 DEOPT PACKING pc=0x000001ac7183f3cc sp=0x0000001c75bfe920
Event: 63.908 Thread 0x000001ac47cc2170 DEOPT UNPACKING pc=0x000001ac70fe3aa2 sp=0x0000001c75bfe980 mode 2
Event: 64.077 Thread 0x000001ac47c88170 Uncommon trap: trap_request=0xffffff45 fr.pc=0x000001ac7157d658 relative=0x0000000000000698
Event: 64.077 Thread 0x000001ac47c88170 Uncommon trap: reason=unstable_if action=reinterpret pc=0x000001ac7157d658 method=java.util.HashMap.putVal(ILjava/lang/Object;Ljava/lang/Object;ZZ)Ljava/lang/Object; @ 236 c2
Event: 64.077 Thread 0x000001ac47c88170 DEOPT PACKING pc=0x000001ac7157d658 sp=0x0000001c767fdc30
Event: 64.077 Thread 0x000001ac47c88170 DEOPT UNPACKING pc=0x000001ac70fe3aa2 sp=0x0000001c767fdba8 mode 2

Classes loaded (20 events):
Event: 64.075 Loading class sun/management/ManagementFactoryHelper$LoggingMXBeanAccess$1
Event: 64.075 Loading class sun/management/ManagementFactoryHelper$LoggingMXBeanAccess$1 done
Event: 64.076 Loading class java/lang/management/DefaultPlatformMBeanProvider$9
Event: 64.076 Loading class java/lang/management/DefaultPlatformMBeanProvider$9 done
Event: 64.076 Loading class java/lang/management/DefaultPlatformMBeanProvider$10
Event: 64.076 Loading class java/lang/management/DefaultPlatformMBeanProvider$10 done
Event: 64.076 Loading class java/lang/management/DefaultPlatformMBeanProvider$11
Event: 64.077 Loading class java/lang/management/DefaultPlatformMBeanProvider$11 done
Event: 64.077 Loading class jdk/management/jfr/FlightRecorderMXBean
Event: 64.077 Loading class jdk/management/jfr/FlightRecorderMXBean done
Event: 64.077 Loading class jdk/management/jfr/internal/FlightRecorderMXBeanProvider$SingleMBeanComponent
Event: 64.077 Loading class jdk/management/jfr/internal/FlightRecorderMXBeanProvider$SingleMBeanComponent done
Event: 64.079 Loading class sun/management/RuntimeImpl
Event: 64.079 Loading class sun/management/RuntimeImpl done
Event: 64.079 Loading class java/util/Collections$2
Event: 64.079 Loading class java/util/Collections$2 done
Event: 64.081 Loading class sun/management/Util
Event: 64.081 Loading class sun/management/Util done
Event: 64.081 Loading class java/lang/management/ManagementPermission
Event: 64.081 Loading class java/lang/management/ManagementPermission done

Classes unloaded (10 events):
Event: 44.303 Thread 0x000001ac7d2d34c0 Unloading class 0x000001ac011a3800 'java/lang/invoke/LambdaForm$MH+0x000001ac011a3800'
Event: 44.303 Thread 0x000001ac7d2d34c0 Unloading class 0x000001ac011a3400 'java/lang/invoke/LambdaForm$MH+0x000001ac011a3400'
Event: 44.303 Thread 0x000001ac7d2d34c0 Unloading class 0x000001ac011a3000 'java/lang/invoke/LambdaForm$MH+0x000001ac011a3000'
Event: 44.303 Thread 0x000001ac7d2d34c0 Unloading class 0x000001ac011a2c00 'java/lang/invoke/LambdaForm$MH+0x000001ac011a2c00'
Event: 44.303 Thread 0x000001ac7d2d34c0 Unloading class 0x000001ac011a2800 'java/lang/invoke/LambdaForm$BMH+0x000001ac011a2800'
Event: 44.303 Thread 0x000001ac7d2d34c0 Unloading class 0x000001ac011a2400 'java/lang/invoke/LambdaForm$DMH+0x000001ac011a2400'
Event: 44.303 Thread 0x000001ac7d2d34c0 Unloading class 0x000001ac011a1000 'java/lang/invoke/LambdaForm$DMH+0x000001ac011a1000'
Event: 51.849 Thread 0x000001ac7d2d34c0 Unloading class 0x000001ac012b8c00 'java/lang/invoke/LambdaForm$MH+0x000001ac012b8c00'
Event: 51.849 Thread 0x000001ac7d2d34c0 Unloading class 0x000001ac012b5400 'java/lang/invoke/LambdaForm$MH+0x000001ac012b5400'
Event: 51.849 Thread 0x000001ac7d2d34c0 Unloading class 0x000001ac012b4800 'java/lang/invoke/LambdaForm$MH+0x000001ac012b4800'

Classes redefined (0 events):
No events

Internal exceptions (20 events):
Event: 64.231 Thread 0x000001ac47c86730 Exception <a 'sun/nio/fs/WindowsException'{0x00000000d575e6e8}> (0x00000000d575e6e8) 
thrown [s\src\hotspot\share\prims\jni.cpp, line 520]
Event: 64.231 Thread 0x000001ac47c86730 Exception <a 'sun/nio/fs/WindowsException'{0x00000000d575ed18}> (0x00000000d575ed18) 
thrown [s\src\hotspot\share\prims\jni.cpp, line 520]
Event: 64.231 Thread 0x000001ac47c86730 Exception <a 'sun/nio/fs/WindowsException'{0x00000000d575f348}> (0x00000000d575f348) 
thrown [s\src\hotspot\share\prims\jni.cpp, line 520]
Event: 64.232 Thread 0x000001ac47c86730 Exception <a 'sun/nio/fs/WindowsException'{0x00000000d575f998}> (0x00000000d575f998) 
thrown [s\src\hotspot\share\prims\jni.cpp, line 520]
Event: 64.234 Thread 0x000001ac47c86730 Exception <a 'sun/nio/fs/WindowsException'{0x00000000d578f680}> (0x00000000d578f680) 
thrown [s\src\hotspot\share\prims\jni.cpp, line 520]
Event: 64.234 Thread 0x000001ac47c86730 Exception <a 'sun/nio/fs/WindowsException'{0x00000000d578fcb0}> (0x00000000d578fcb0) 
thrown [s\src\hotspot\share\prims\jni.cpp, line 520]
Event: 64.234 Thread 0x000001ac47c86730 Exception <a 'sun/nio/fs/WindowsException'{0x00000000d57902e0}> (0x00000000d57902e0) 
thrown [s\src\hotspot\share\prims\jni.cpp, line 520]
Event: 64.234 Thread 0x000001ac47c86730 Exception <a 'sun/nio/fs/WindowsException'{0x00000000d5790930}> (0x00000000d5790930) 
thrown [s\src\hotspot\share\prims\jni.cpp, line 520]
Event: 64.237 Thread 0x000001ac47c86730 Exception <a 'sun/nio/fs/WindowsException'{0x00000000d5795890}> (0x00000000d5795890) 
thrown [s\src\hotspot\share\prims\jni.cpp, line 520]
Event: 64.237 Thread 0x000001ac47c86730 Exception <a 'sun/nio/fs/WindowsException'{0x00000000d5795ec0}> (0x00000000d5795ec0) 
thrown [s\src\hotspot\share\prims\jni.cpp, line 520]
Event: 64.237 Thread 0x000001ac47c86730 Exception <a 'sun/nio/fs/WindowsException'{0x00000000d57964f0}> (0x00000000d57964f0) 
thrown [s\src\hotspot\share\prims\jni.cpp, line 520]
Event: 64.237 Thread 0x000001ac47c86730 Exception <a 'sun/nio/fs/WindowsException'{0x00000000d5796b40}> (0x00000000d5796b40) 
thrown [s\src\hotspot\share\prims\jni.cpp, line 520]
Event: 64.241 Thread 0x000001ac47c86730 Exception <a 'sun/nio/fs/WindowsException'{0x00000000d57add08}> (0x00000000d57add08) 
thrown [s\src\hotspot\share\prims\jni.cpp, line 520]
Event: 64.245 Thread 0x000001ac47c86730 Exception <a 'sun/nio/fs/WindowsException'{0x00000000d57ae338}> (0x00000000d57ae338) 
thrown [s\src\hotspot\share\prims\jni.cpp, line 520]
Event: 64.245 Thread 0x000001ac47c86730 Exception <a 'sun/nio/fs/WindowsException'{0x00000000d57ae968}> (0x00000000d57ae968) 
thrown [s\src\hotspot\share\prims\jni.cpp, line 520]
Event: 64.246 Thread 0x000001ac47c86730 Exception <a 'sun/nio/fs/WindowsException'{0x00000000d57aefb8}> (0x00000000d57aefb8) 
thrown [s\src\hotspot\share\prims\jni.cpp, line 520]
Event: 64.249 Thread 0x000001ac47c86730 Exception <a 'sun/nio/fs/WindowsException'{0x00000000d57b3948}> (0x00000000d57b3948) 
thrown [s\src\hotspot\share\prims\jni.cpp, line 520]
Event: 64.249 Thread 0x000001ac47c86730 Exception <a 'sun/nio/fs/WindowsException'{0x00000000d57b3f78}> (0x00000000d57b3f78) 
thrown [s\src\hotspot\share\prims\jni.cpp, line 520]
Event: 64.249 Thread 0x000001ac47c86730 Exception <a 'sun/nio/fs/WindowsException'{0x00000000d57c9230}> (0x00000000d57c9230) 
thrown [s\src\hotspot\share\prims\jni.cpp, line 520]
Event: 64.249 Thread 0x000001ac47c86730 Exception <a 'sun/nio/fs/WindowsException'{0x00000000d57c9880}> (0x00000000d57c9880) 
thrown [s\src\hotspot\share\prims\jni.cpp, line 520]

ZGC Phase Switch (0 events):
No events

VM Operations (20 events):
Event: 60.091 Executing non-safepoint VM operation: RendezvousGCThreads
Event: 60.091 Executing non-safepoint VM operation: RendezvousGCThreads done
Event: 60.718 Executing safepoint VM operation: ParallelGCFailedAllocation (Allocation Failure)
Event: 60.721 Executing safepoint VM operation: ParallelGCFailedAllocation (Allocation Failure) done
Event: 61.437 Executing safepoint VM operation: ParallelGCFailedAllocation (Allocation Failure)
Event: 61.439 Executing safepoint VM operation: ParallelGCFailedAllocation (Allocation Failure) done
Event: 61.819 Executing safepoint VM operation: ParallelGCFailedAllocation (Allocation Failure)
Event: 61.823 Executing safepoint VM operation: ParallelGCFailedAllocation (Allocation Failure) done
Event: 62.300 Executing non-safepoint VM operation: HandshakeAllThreads (Deoptimize)
Event: 62.301 Executing non-safepoint VM operation: HandshakeAllThreads (Deoptimize) done
Event: 62.637 Executing safepoint VM operation: ParallelGCFailedAllocation (Allocation Failure)
Event: 62.642 Executing safepoint VM operation: ParallelGCFailedAllocation (Allocation Failure) done
Event: 62.809 Executing safepoint VM operation: ParallelGCFailedAllocation (Allocation Failure)
Event: 62.821 Executing safepoint VM operation: ParallelGCFailedAllocation (Allocation Failure) done
Event: 62.993 Executing non-safepoint VM operation: HandshakeAllThreads (Deoptimize)
Event: 62.994 Executing non-safepoint VM operation: HandshakeAllThreads (Deoptimize) done
Event: 63.194 Executing safepoint VM operation: ParallelGCFailedAllocation (Allocation Failure)
Event: 63.202 Executing safepoint VM operation: ParallelGCFailedAllocation (Allocation Failure) done
Event: 64.117 Executing safepoint VM operation: ParallelGCFailedAllocation (Allocation Failure)
Event: 64.126 Executing safepoint VM operation: ParallelGCFailedAllocation (Allocation Failure) done

Memory protections (0 events):
No events

Nmethod flushes (20 events):
Event: 51.867 Thread 0x000001ac7d2d34c0 flushing  nmethod 0x000001ac69fdbc10
Event: 51.867 Thread 0x000001ac7d2d34c0 flushing  nmethod 0x000001ac6a079590
Event: 51.867 Thread 0x000001ac7d2d34c0 flushing  nmethod 0x000001ac6a095c90
Event: 51.867 Thread 0x000001ac7d2d34c0 flushing  nmethod 0x000001ac6a0d0b90
Event: 51.867 Thread 0x000001ac7d2d34c0 flushing  nmethod 0x000001ac6a0f9890
Event: 51.867 Thread 0x000001ac7d2d34c0 flushing  nmethod 0x000001ac6a0fb590
Event: 51.867 Thread 0x000001ac7d2d34c0 flushing  nmethod 0x000001ac6a0fbe90
Event: 51.867 Thread 0x000001ac7d2d34c0 flushing  nmethod 0x000001ac6a0fd090
Event: 51.867 Thread 0x000001ac7d2d34c0 flushing  nmethod 0x000001ac6a0fd890
Event: 51.867 Thread 0x000001ac7d2d34c0 flushing  nmethod 0x000001ac6a0ff590
Event: 51.867 Thread 0x000001ac7d2d34c0 flushing  nmethod 0x000001ac6a100110
Event: 51.867 Thread 0x000001ac7d2d34c0 flushing  nmethod 0x000001ac6a100610
Event: 51.867 Thread 0x000001ac7d2d34c0 flushing  nmethod 0x000001ac6a101b10
Event: 51.867 Thread 0x000001ac7d2d34c0 flushing  nmethod 0x000001ac6a102e10
Event: 51.867 Thread 0x000001ac7d2d34c0 flushing  nmethod 0x000001ac6a103310
Event: 51.867 Thread 0x000001ac7d2d34c0 flushing  nmethod 0x000001ac6a104190
Event: 51.867 Thread 0x000001ac7d2d34c0 flushing  nmethod 0x000001ac6a159010
Event: 51.867 Thread 0x000001ac7d2d34c0 flushing  nmethod 0x000001ac6a159d90
Event: 51.867 Thread 0x000001ac7d2d34c0 flushing  nmethod 0x000001ac6a163790
Event: 51.867 Thread 0x000001ac7d2d34c0 flushing  nmethod 0x000001ac6a1a9c90

Events (20 events):
Event: 57.805 Thread 0x000001ac45a95140 Thread added: 0x000001ac47c8a240
Event: 57.805 Thread 0x000001ac4773ac10 Thread added: 0x000001ac47c88170
Event: 57.925 Thread 0x000001ac47cc0dc0 Thread added: 0x000001ac47c87ae0
Event: 57.927 Thread 0x000001ac47cc0dc0 Thread added: 0x000001ac47c8bc80
Event: 57.928 Thread 0x000001ac47cc0dc0 Thread added: 0x000001ac47c87450
Event: 57.936 Thread 0x000001ac47cc0dc0 Thread added: 0x000001ac47c8c9a0
Event: 58.006 Thread 0x000001ac47c87ae0 Thread added: 0x000001ac47c86730
Event: 58.006 Thread 0x000001ac47c87ae0 Thread added: 0x000001ac47c89520
Event: 58.009 Thread 0x000001ac47c87ae0 Thread added: 0x000001ac47c85a10
Event: 58.011 Thread 0x000001ac47c87ae0 Thread added: 0x000001ac47c89bb0
Event: 59.678 Thread 0x000001ac47c86730 Thread added: 0x000001ac47c8d030
Event: 59.952 Thread 0x000001ac477a3480 Thread exited: 0x000001ac477a3480
Event: 62.349 Thread 0x000001ac45a95e60 Thread added: 0x000001ac468da670
Event: 62.350 Thread 0x000001ac45a95e60 Thread added: 0x000001ac468d9950
Event: 62.431 Thread 0x000001ac468da670 Thread added: 0x000001ac468dc740
Event: 62.450 Thread 0x000001ac468d9950 Thread added: 0x000001ac468dba20
Event: 62.456 Thread 0x000001ac468dc740 Thread added: 0x000001ac468d9fe0
Event: 62.584 Thread 0x000001ac468dba20 Thread added: 0x000001ac468dad00
Event: 62.585 Thread 0x000001ac468d9fe0 Thread added: 0x000001ac468dc0b0
Event: 63.686 Thread 0x000001ac47c86730 Thread added: 0x000001ac468db390


Dynamic libraries:
0x00007ff683050000 - 0x00007ff68305e000 	c:\Users\admin\.vscode\extensions\redhat.java-1.56.0-win32-x64\jre\21.0.12.1-win32-x86_64\bin\java.exe
0x00007ffbf7510000 - 0x00007ffbf7727000 	C:\WINDOWS\SYSTEM32\ntdll.dll
0x00007ffbf6790000 - 0x00007ffbf6854000 	C:\WINDOWS\System32\KERNEL32.DLL
0x00007ffbf47e0000 - 0x00007ffbf4bb2000 	C:\WINDOWS\System32\KERNELBASE.dll
0x00007ffbf46c0000 - 0x00007ffbf47d1000 	C:\WINDOWS\System32\ucrtbase.dll
0x00007ffbdf720000 - 0x00007ffbdf738000 	c:\Users\admin\.vscode\extensions\redhat.java-1.56.0-win32-x64\jre\21.0.12.1-win32-x86_64\bin\jli.dll
0x00007ffbf52b0000 - 0x00007ffbf5461000 	C:\WINDOWS\System32\USER32.dll
0x00007ffbf4bc0000 - 0x00007ffbf4be6000 	C:\WINDOWS\System32\win32u.dll
0x00007ffbf74a0000 - 0x00007ffbf74c9000 	C:\WINDOWS\System32\GDI32.dll
0x00007ffbf4bf0000 - 0x00007ffbf4d13000 	C:\WINDOWS\System32\gdi32full.dll
0x00007ffbf4d20000 - 0x00007ffbf4dba000 	C:\WINDOWS\System32\msvcp_win.dll
0x00007ffbdf740000 - 0x00007ffbdf75e000 	c:\Users\admin\.vscode\extensions\redhat.java-1.56.0-win32-x64\jre\21.0.12.1-win32-x86_64\bin\VCRUNTIME140.dll
0x00007ffbdee30000 - 0x00007ffbdf0cb000 	C:\WINDOWS\WinSxS\amd64_microsoft.windows.common-controls_6595b64144ccf1df_6.0.22621.5547_none_27104afb73855772\COMCTL32.dll
0x00007ffbf7130000 - 0x00007ffbf71d7000 	C:\WINDOWS\System32\msvcrt.dll
0x00007ffbf6560000 - 0x00007ffbf6591000 	C:\WINDOWS\System32\IMM32.DLL
0x00007ffbec880000 - 0x00007ffbec88c000 	c:\Users\admin\.vscode\extensions\redhat.java-1.56.0-win32-x64\jre\21.0.12.1-win32-x86_64\bin\vcruntime140_1.dll
0x00007ffbdf690000 - 0x00007ffbdf71d000 	c:\Users\admin\.vscode\extensions\redhat.java-1.56.0-win32-x64\jre\21.0.12.1-win32-x86_64\bin\msvcp140.dll
0x00007ffb74080000 - 0x00007ffb74e22000 	c:\Users\admin\.vscode\extensions\redhat.java-1.56.0-win32-x64\jre\21.0.12.1-win32-x86_64\bin\server\jvm.dll
0x00007ffbf7010000 - 0x00007ffbf70c1000 	C:\WINDOWS\System32\ADVAPI32.dll
0x00007ffbf5c00000 - 0x00007ffbf5ca8000 	C:\WINDOWS\System32\sechost.dll
0x00007ffbf5170000 - 0x00007ffbf5198000 	C:\WINDOWS\System32\bcrypt.dll
0x00007ffbf65c0000 - 0x00007ffbf66d4000 	C:\WINDOWS\System32\RPCRT4.dll
0x00007ffbf5230000 - 0x00007ffbf52a1000 	C:\WINDOWS\System32\WS2_32.dll
0x00007ffbf44d0000 - 0x00007ffbf451d000 	C:\WINDOWS\SYSTEM32\POWRPROF.dll
0x00007ffbea780000 - 0x00007ffbea7b4000 	C:\WINDOWS\SYSTEM32\WINMM.dll
0x00007ffbe2020000 - 0x00007ffbe202a000 	C:\WINDOWS\SYSTEM32\VERSION.dll
0x00007ffbf44b0000 - 0x00007ffbf44c3000 	C:\WINDOWS\SYSTEM32\UMPDC.dll
0x00007ffbf35f0000 - 0x00007ffbf3608000 	C:\WINDOWS\SYSTEM32\kernel.appcore.dll
0x00007ffbdff10000 - 0x00007ffbdff1a000 	c:\Users\admin\.vscode\extensions\redhat.java-1.56.0-win32-x64\jre\21.0.12.1-win32-x86_64\bin\jimage.dll
0x00007ffbeefa0000 - 0x00007ffbef1d3000 	C:\WINDOWS\SYSTEM32\DBGHELP.DLL
0x00007ffbf6860000 - 0x00007ffbf6bf3000 	C:\WINDOWS\System32\combase.dll
0x00007ffbf6c00000 - 0x00007ffbf6cd7000 	C:\WINDOWS\System32\OLEAUT32.dll
0x00007ffbde5e0000 - 0x00007ffbde612000 	C:\WINDOWS\SYSTEM32\dbgcore.DLL
0x00007ffbf4dc0000 - 0x00007ffbf4e3b000 	C:\WINDOWS\System32\bcryptPrimitives.dll
0x00007ffbdf680000 - 0x00007ffbdf68f000 	c:\Users\admin\.vscode\extensions\redhat.java-1.56.0-win32-x64\jre\21.0.12.1-win32-x86_64\bin\instrument.dll
0x00007ffbdf280000 - 0x00007ffbdf2a0000 	c:\Users\admin\.vscode\extensions\redhat.java-1.56.0-win32-x64\jre\21.0.12.1-win32-x86_64\bin\java.dll
0x00007ffbf5cb0000 - 0x00007ffbf6552000 	C:\WINDOWS\System32\SHELL32.dll
0x00007ffbf4fb0000 - 0x00007ffbf50ef000 	C:\WINDOWS\System32\wintypes.dll
0x00007ffbf24e0000 - 0x00007ffbf2dfd000 	C:\WINDOWS\SYSTEM32\windows.storage.dll
0x00007ffbf7310000 - 0x00007ffbf741c000 	C:\WINDOWS\System32\SHCORE.dll
0x00007ffbf54d0000 - 0x00007ffbf5539000 	C:\WINDOWS\System32\shlwapi.dll
0x00007ffbf4530000 - 0x00007ffbf455b000 	C:\WINDOWS\SYSTEM32\profapi.dll
0x00007ffbd2610000 - 0x00007ffbd2628000 	c:\Users\admin\.vscode\extensions\redhat.java-1.56.0-win32-x64\jre\21.0.12.1-win32-x86_64\bin\zip.dll
0x00007ffbd2600000 - 0x00007ffbd2610000 	C:\Users\admin\.vscode\extensions\redhat.java-1.56.0-win32-x64\jre\21.0.12.1-win32-x86_64\bin\net.dll
0x00007ffbe9e80000 - 0x00007ffbe9fac000 	C:\WINDOWS\SYSTEM32\WINHTTP.dll
0x00007ffbf3a60000 - 0x00007ffbf3ac9000 	C:\WINDOWS\system32\mswsock.dll
0x00007ffbd25e0000 - 0x00007ffbd25f6000 	C:\Users\admin\.vscode\extensions\redhat.java-1.56.0-win32-x64\jre\21.0.12.1-win32-x86_64\bin\nio.dll
0x00007ffbdf4e0000 - 0x00007ffbdf4f0000 	c:\Users\admin\.vscode\extensions\redhat.java-1.56.0-win32-x64\jre\21.0.12.1-win32-x86_64\bin\verify.dll
0x00007ffbd3090000 - 0x00007ffbd30d5000 	C:\Users\admin\AppData\Roaming\Code\User\globalStorage\redhat.java\1.56.0\config_win\org.eclipse.equinox.launcher\org.eclipse.equinox.launcher.win32.win32.x86_64_1.3.100.v20260804-1928\eclipse_11924.dll
0x00007ffbf5a60000 - 0x00007ffbf5c00000 	C:\WINDOWS\System32\ole32.dll
0x00007ffbf3db0000 - 0x00007ffbf3dcb000 	C:\WINDOWS\SYSTEM32\CRYPTSP.dll
0x00007ffbf3550000 - 0x00007ffbf3587000 	C:\WINDOWS\system32\rsaenh.dll
0x00007ffbf3b00000 - 0x00007ffbf3b28000 	C:\WINDOWS\SYSTEM32\USERENV.dll
0x00007ffbf3d90000 - 0x00007ffbf3d9c000 	C:\WINDOWS\SYSTEM32\CRYPTBASE.dll
0x00007ffbf3060000 - 0x00007ffbf308d000 	C:\WINDOWS\SYSTEM32\IPHLPAPI.DLL
0x00007ffbf65b0000 - 0x00007ffbf65b9000 	C:\WINDOWS\System32\NSI.dll
0x00007ffbc3c70000 - 0x00007ffbc3cb9000 	C:\Users\admin\AppData\Local\Temp\jna-92668751\jna14169929379392947587.dll
0x00007ffbf55d0000 - 0x00007ffbf55d8000 	C:\WINDOWS\System32\PSAPI.DLL
0x00007ffbea560000 - 0x00007ffbea579000 	C:\WINDOWS\SYSTEM32\dhcpcsvc6.DLL
0x00007ffbea540000 - 0x00007ffbea55f000 	C:\WINDOWS\SYSTEM32\dhcpcsvc.DLL
0x00007ffbdf560000 - 0x00007ffbdf587000 	C:\Users\admin\.gradle\native\1def1411415f61bf3af743bc5b6707747c0891f09f0c88961ee8f79bc544acac\windows-amd64\native-platform.dll
0x00007ffbc5650000 - 0x00007ffbc565a000 	C:\Users\admin\.vscode\extensions\redhat.java-1.56.0-win32-x64\jre\21.0.12.1-win32-x86_64\bin\management.dll
0x00007ffbc5640000 - 0x00007ffbc564c000 	C:\Users\admin\.vscode\extensions\redhat.java-1.56.0-win32-x64\jre\21.0.12.1-win32-x86_64\bin\management_ext.dll

JVMTI agents:
c:\Users\admin\.vscode\extensions\redhat.java-1.56.0-win32-x64\lombok\lombok-1.18.39-4050.jar path:c:\Users\admin\.vscode\extensions\redhat.java-1.56.0-win32-x64\jre\21.0.12.1-win32-x86_64\bin\instrument.dll, loaded, initialized, instrumentlib options:none

dbghelp: loaded successfully - version: 4.0.5 - missing functions: none
symbol engine: initialized successfully - sym options: 0x614 - pdb path: .;c:\Users\admin\.vscode\extensions\redhat.java-1.56.0-win32-x64\jre\21.0.12.1-win32-x86_64\bin;C:\WINDOWS\SYSTEM32;C:\WINDOWS\WinSxS\amd64_microsoft.windows.common-controls_6595b64144ccf1df_6.0.22621.5547_none_27104afb73855772;c:\Users\admin\.vscode\extensions\redhat.java-1.56.0-win32-x64\jre\21.0.12.1-win32-x86_64\bin\server;C:\Users\admin\AppData\Roaming\Code\User\globalStorage\redhat.java\1.56.0\config_win\org.eclipse.equinox.launcher\org.eclipse.equinox.launcher.win32.win32.x86_64_1.3.100.v20260804-1928;C:\Users\admin\AppData\Local\Temp\jna-92668751;C:\Users\admin\.gradle\native\1def1411415f61bf3af743bc5b6707747c0891f09f0c88961ee8f79bc544acac\windows-amd64

VM Arguments:
jvm_args: --add-modules=ALL-SYSTEM --add-opens=java.base/java.util=ALL-UNNAMED --add-opens=java.base/java.lang=ALL-UNNAMED --add-opens=java.base/sun.nio.fs=ALL-UNNAMED -Declipse.application=org.eclipse.jdt.ls.core.id1 -Dosgi.bundles.defaultStartLevel=4 -Declipse.product=org.eclipse.jdt.ls.core.product -Djava.import.generatesMetadataFilesAtProjectRoot=false -Dm2e.project.cache.size=50 -DDetectVMInstallationsJob.disabled=true -Dfile.encoding=utf8 -XX:+UseParallelGC -XX:GCTimeRatio=4 -XX:AdaptiveSizePolicyWeight=90 -Dsun.zip.disableMemoryMapping=true -Xmx2G -Xms100m -Xlog:disable -javaagent:c:\Users\admin\.vscode\extensions\redhat.java-1.56.0-win32-x64\lombok\lombok-1.18.39-4050.jar -XX:+HeapDumpOnOutOfMemoryError -XX:HeapDumpPath=c:\Users\admin\AppData\Roaming\Code\User\workspaceStorage\a275e4eceaa8a4da7861a808a1c7de57\redhat.java -Daether.dependencyCollector.impl=bf 
java_command: c:\Users\admin\.vscode\extensions\redhat.java-1.56.0-win32-x64\server\plugins\org.eclipse.equinox.launcher_1.8.0.v20260804-1928.jar -configuration c:\Users\admin\AppData\Roaming\Code\User\globalStorage\redhat.java\1.56.0\config_win -data c:\Users\admin\AppData\Roaming\Code\User\workspaceStorage\a275e4eceaa8a4da7861a808a1c7de57\redhat.java\jdt_ws --stdio
java_class_path (initial): c:\Users\admin\.vscode\extensions\redhat.java-1.56.0-win32-x64\server\plugins\org.eclipse.equinox.launcher_1.8.0.v20260804-1928.jar
Launcher Type: SUN_STANDARD

[Global flags]
    uintx AdaptiveSizePolicyWeight                 = 90                                        {product} {command line}
     intx CICompilerCount                          = 4                                         {product} {ergonomic}
    uintx GCTimeRatio                              = 4                                         {product} {command line}
     bool HeapDumpOnOutOfMemoryError               = true                                   {manageable} {command line}
    ccstr HeapDumpPath                             = c:\Users\admin\AppData\Roaming\Code\User\workspaceStorage\a275e4eceaa8a4da7861a808a1c7de57\redhat.java         {manageable} {command line}
   size_t InitialHeapSize                          = 104857600                                 {product} {command line}
   size_t MaxHeapSize                              = 2147483648                                {product} {command line}
   size_t MaxNewSize                               = 715653120                                 {product} {ergonomic}
   size_t MinHeapDeltaBytes                        = 524288                                    {product} {ergonomic}
   size_t MinHeapSize                              = 104857600                                 {product} {command line}
   size_t NewSize                                  = 34603008                                  {product} {ergonomic}
    uintx NonNMethodCodeHeapSize                   = 5839372                                {pd product} {ergonomic}
    uintx NonProfiledCodeHeapSize                  = 122909434                              {pd product} {ergonomic}
   size_t OldSize                                  = 70254592                                  {product} {ergonomic}
    uintx ProfiledCodeHeapSize                     = 122909434                              {pd product} {ergonomic}
    uintx ReservedCodeCacheSize                    = 251658240                              {pd product} {ergonomic}
     bool SegmentedCodeCache                       = true                                      {product} {ergonomic}
   size_t SoftMaxHeapSize                          = 2147483648                             {manageable} {ergonomic}
     bool UseCompressedOops                        = true                           {product lp64_product} {ergonomic}
     bool UseLargePagesIndividualAllocation        = false                                  {pd product} {ergonomic}
     bool UseParallelGC                            = true                                      {product} {command line}

Logging:
Log output configuration:
 #0: stdout all=off uptime,level,tags foldmultilines=false
 #1: stderr all=off uptime,level,tags foldmultilines=false

Release file:
JAVA_VERSION="21.0.12.1" 
MODULES="java.base java.compiler java.datatransfer java.xml java.prefs java.desktop java.instrument java.logging java.management java.security.sasl java.naming java.rmi java.management.rmi java.net.http java.scripting java.security.jgss java.transaction.xa java.sql java.sql.rowset java.xml.crypto java.se java.smartcardio jdk.accessibility jdk.internal.jvmstat jdk.attach jdk.charsets jdk.internal.opt jdk.zipfs jdk.compiler jdk.crypto.ec jdk.crypto.cryptoki jdk.crypto.mscapi jdk.dynalink jdk.internal.ed jdk.editpad jdk.hotspot.agent jdk.httpserver jdk.internal.le jdk.internal.vm.ci jdk.internal.vm.compiler jdk.internal.vm.compiler.management jdk.jartool jdk.javadoc jdk.jcmd jdk.management jdk.management.agent jdk.jconsole jdk.jdeps jdk.jdwp.agent jdk.jdi jdk.jfr jdk.jshell jdk.jsobject jdk.jstatd jdk.localedata jdk.management.jfr jdk.naming.dns jdk.naming.rmi jdk.net jdk.nio.mapmode jdk.random jdk.sctp jdk.security.auth jdk.security.jgss jdk.unsupported jdk.unsupported.desktop jdk.xml.dom" 

Environment Variables:
JAVA_HOME=C:\Program Files\Eclipse Adoptium\jdk-25.0.1.8-hotspot
PATH=C:\Program Files\Eclipse Adoptium\jdk-17.0.19.10-hotspot\bin;C:\Program Files (x86)\VMware\VMware Workstation\bin\;C:\Program Files\Python312\Scripts\;C:\Program Files\Python312\;C:\WINDOWS\system32;C:\WINDOWS;C:\WINDOWS\System32\Wbem;C:\WINDOWS\System32\WindowsPowerShell\v1.0\;C:\WINDOWS\System32\OpenSSH\;C:\Program Files (x86)\Microsoft SQL Server\160\Tools\Binn\;C:\Program Files\Microsoft SQL Server\160\Tools\Binn\;C:\Program Files\Microsoft SQL Server\Client SDK\ODBC\170\Tools\Binn\;C:\Program Files\Microsoft SQL Server\160\DTS\Binn\;C:\Program Files (x86)\Microsoft SQL Server\160\DTS\Binn\;C:\Windows\system32\python;C:\sqlite3;C:\Program Files\nodejs\;C:\MinGW\bin;C:\curl\bin;C:\curl\include;C:\MinGW;C:\MinGW\lib;C:\GnuWin32\bin;C:\OpenSSL-Win64\bin;C:\Program Files\PostgreSQL\17\bin;C:\Program Files\Eclipse Adoptium\jdk-25.0.1.8-hotspot\bin;C:\Program Files\Heroku\bin;C:\Program Files\Git\cmd;C:\Program Files (x86)\VMware\VMware Workstation\bin\;C:\Program Files\Python312\Scripts\;C:\Program Files\Python312\;C:\WINDOWS\system32;C:\WINDOWS;C:\WINDOWS\System32\Wbem;C:\WINDOWS\System32\WindowsPowerShell\v1.0\;C:\WINDOWS\System32\OpenSSH\;C:\Program Files (x86)\Microsoft SQL Server\160\Tools\Binn\;C:\Program Files\Microsoft SQL Server\160\Tools\Binn\;C:\Program Files\Microsoft SQL Server\Client SDK\ODBC\170\Tools\Binn\;C:\Program Files\Microsoft SQL Server\160\DTS\Binn\;C:\Program Files (x86)\Microsoft SQL Server\160\DTS\Binn\;C:\Windows\system32\python;C:\sqlite3;C:\Program Files\nodejs\;C:\MinGW\bin;C:\curl\bin;C:\curl\include;C:\MinGW;C:\MinGW\lib;C:\GnuWin32\bin;C:\OpenSSL-Win64\bin;C:\Program Files\PostgreSQL\17\bin;C:\Program Files\Eclipse Adoptium\jdk-25.0.1.8-hotspot\bin;C:\Program Files\Git\cmd;C:\Program Files\Docker\Docker\resources\bin;C:\Program Files\Heroku\bin;C:\Users\admin\AppData\Local\Programs\Microsoft VS Code;C:\Program Files\P;C:\flutter\bin\flutter;C:\flutter\bin;C:\Users\admin\AppData\Local\Programs\Microsoft VS Code\bin
USERNAME=admin
OS=Windows_NT
PROCESSOR_IDENTIFIER=Intel64 Family 6 Model 142 Stepping 10, GenuineIntel
TMP=C:\Users\admin\AppData\Local\Temp
TEMP=C:\Users\admin\AppData\Local\Temp




Periodic native trim disabled

---------------  S Y S T E M  ---------------

OS:
 Windows 11 , 64 bit Build 22621 (10.0.22621.5415)
OS uptime: 0 days 1:37 hours
Hyper-V role detected

CPU: total 8 (initial active 8) (4 cores per cpu, 2 threads per core) family 6 model 142 stepping 10 microcode 0xf4, cx8, cmov, fxsr, ht, mmx, 3dnowpref, sse, sse2, sse3, ssse3, sse4.1, sse4.2, popcnt, lzcnt, tsc, tscinvbit, avx, avx2, aes, erms, clmul, bmi1, bmi2, rtm, adx, fma, vzeroupper, clflush, clflushopt, hv, rdtscp, f16c
Processor Information for the first 8 processors :
  Max Mhz: 1896, Current Mhz: 1696, Mhz Limit: 1687

Memory: 4k page, system-wide physical 8070M (221M free)
TotalPageFile size 16142M (AvailPageFile size 8M)
current process WorkingSet (physical memory assigned to process): 284M, peak: 284M
current process commit charge ("private bytes"): 368M, peak: 380M

vm_info: OpenJDK 64-Bit Server VM (21.0.12.1+1-LTS) for windows-amd64 JRE (21.0.12.1+1-LTS), built on 2026-08-18T00:00:00Z by "admin" with MS VC++ 17.12 (VS2022)

END.
