#
# There is insufficient memory for the Java Runtime Environment to continue.
# Native memory allocation (malloc) failed to allocate 964656 bytes. Error detail: Chunk::new
# Possible reasons:
#   The system is out of physical RAM or swap space
#   This process is running with CompressedOops enabled, and the Java Heap may be blocking the growth of the native heap
# Possible solutions:
#   Reduce memory load on the system
#   Increase physical memory or swap space
#   Check if swap backing store is full
#   Decrease Java heap size (-Xmx/-Xms)
#   Decrease number of Java threads
#   Decrease Java thread stack sizes (-Xss)
#   Set larger code cache with -XX:ReservedCodeCacheSize=
#   JVM is running with Zero Based Compressed Oops mode in which the Java heap is
#     placed in the first 32GB address space. The Java Heap base address is the
#     maximum limit for the native heap growth. Please use -XX:HeapBaseMinAddress
#     to set the Java Heap base and to place the Java Heap above 32GB virtual address.
# This output file may be truncated or incomplete.
#
#  Out of Memory Error (arena.cpp:191), pid=9064, tid=4728
#
# JRE version: OpenJDK Runtime Environment Temurin-17.0.19+10 (17.0.19+10) (build 17.0.19+10)
# Java VM: OpenJDK 64-Bit Server VM Temurin-17.0.19+10 (17.0.19+10, mixed mode, sharing, tiered, compressed oops, compressed class ptrs, g1 gc, windows-amd64)
# No core dump will be written. Minidumps are not enabled by default on client versions of Windows
#

---------------  S U M M A R Y ------------

Command Line: --add-opens=java.base/java.lang=ALL-UNNAMED --add-opens=java.base/java.lang.invoke=ALL-UNNAMED --add-opens=java.base/java.util=ALL-UNNAMED --add-opens=java.prefs/java.util.prefs=ALL-UNNAMED --add-exports=jdk.compiler/com.sun.tools.javac.api=ALL-UNNAMED --add-exports=jdk.compiler/com.sun.tools.javac.util=ALL-UNNAMED --add-opens=java.base/java.util=ALL-UNNAMED --add-opens=java.prefs/java.util.prefs=ALL-UNNAMED --add-opens=java.base/java.nio.charset=ALL-UNNAMED --add-opens=java.base/java.net=ALL-UNNAMED --add-opens=java.base/java.util.concurrent.atomic=ALL-UNNAMED --add-opens=java.xml/javax.xml.namespace=ALL-UNNAMED -XX:MaxMetaspaceSize=4G -XX:ReservedCodeCacheSize=512m -XX:+HeapDumpOnOutOfMemoryError -Xmx8G -Dfile.encoding=UTF-8 -Duser.country=FR -Duser.language=fr -Duser.variant -javaagent:C:\Users\admin\.gradle\wrapper\dists\gradle-8.14-all\c2qonpi39x1mddn7hk5gh9iqj\gradle-8.14\lib\agents\gradle-instrumentation-agent-8.14.jar org.gradle.launcher.daemon.bootstrap.GradleDaemon 8.14

Host: Intel(R) Core(TM) i5-8350U CPU @ 1.70GHz, 8 cores, 7G,  Windows 11 , 64 bit Build 22621 (10.0.22621.5415)
Time: Sun Sep 20 12:14:38 2026 Paris, Madrid (heure duild 22621 (10.0.22621.5415) elapsed time: 298.901095 seconds (0d 0h 4m 58s)

---------------  T H R E A D  ---------------

Current thread (0x0000021ec09e39b0):  JavaThread "C2 CompilerThread0" daemon [_thread_in_native, id=4728, stack(0x00000038c7d00000,0x00000038c7e00000)]


Current CompileTask:
C2:298901 35428       4       org.gradle.model.internal.type.ModelType::wrap (220 bytes)

Stack: [0x00000038c7d00000,0x00000038c7e00000]
Native frames: (J=compiled Java code, j=interpreted, Vv=VM code, C=native code)
V  [jvm.dll+0x684b29]
V  [jvm.dll+0x83a2d5]
V  [jvm.dll+0x83bd4e]
V  [jvm.dll+0x83c3d3]
V  [jvm.dll+0x24905f]
V  [jvm.dll+0xad536]
V  [jvm.dll+0xadbdc]
V  [jvm.dll+0x2b073f]
V  [jvm.dll+0x58aea5]
V  [jvm.dll+0x222fe4]
V  [jvm.dll+0x2233dd]
V  [jvm.dll+0x21c08b]
V  [jvm.dll+0x2191a2]
V  [jvm.dll+0x1a49f0]
V  [jvm.dll+0x2299fa]
V  [jvm.dll+0x227bab]
V  [jvm.dll+0x7f0a88]
V  [jvm.dll+0x7eaf1c]
V  [jvm.dll+0x6839f7]
C  [ucrtbase.dll+0x29333]
C  [KERNEL32.DLL+0x1259d]
C  [ntdll.dll+0x5af78]


---------------  P R O C E S S  ---------------

Threads class SMR info:
_java_thread_list=0x0000021f1212aad0, length=57, elements={
0x0000021e83761e30, 0x0000021ec09c3880, 0x0000021ec09c4610, 0x0000021ec09d8690,
0x0000021ec09d8f60, 0x0000021ec09dbfe0, 0x0000021ec09df060, 0x0000021ec09e39b0,
0x0000021ec09e7290, 0x0000021ec09ec750, 0x0000021ec09af830, 0x0000021ec356dd40,
0x0000021f0a695490, 0x0000021f0a6668b0, 0x0000021f0a783c20, 0x0000021f09c99330,
0x0000021f09c99840, 0x0000021f09c99d50, 0x0000021f0aaad070, 0x0000021f0aaac140,
0x0000021f0aaae9c0, 0x0000021f0aaabc30, 0x0000021f0aaada90, 0x0000021f0aaaeed0,
0x0000021f0aab1c60, 0x0000021f0aaae4b0, 0x0000021f0aaafe00, 0x0000021f0aab1240,
0x0000021f0aab35b0, 0x0000021f0c02e190, 0x0000021f0c02e6a0, 0x0000021f0c02c330,
0x0000021f0c030a10, 0x0000021f0c030500, 0x0000021f0c02a4d0, 0x0000021f0c02aef0,
0x0000021f0c02cd50, 0x0000021f0c02f0c0, 0x0000021f0c02b400, 0x0000021f0c02f5d0,
0x0000021f0c02b910, 0x0000021f10e23070, 0x0000021f10e22650, 0x0000021f10e1f8c0,
0x0000021f10e207f0, 0x0000021f10e1d040, 0x0000021f10e21c30, 0x0000021f10e22b60,
0x0000021f10e1eea0, 0x0000021f10e1da60, 0x0000021f10e1fdd0, 0x0000021f10e1df70,
0x0000021f10e202e0, 0x0000021f10e1c620, 0x0000021f10e1d550, 0x0000021f10e20d00,
0x0000021f10e1e480
}

Java Threads: ( => current thread )
  0x0000021e83761e30 JavaThread "main" [_thread_blocked, id=1192, stack(0x00000038c7000000,0x00000038c7100000)]
  0x0000021ec09c3880 JavaThread "Reference Handler" daemon [_thread_blocked, id=12272, stack(0x00000038c7700000,0x00000038c7800000)]
  0x0000021ec09c4610 JavaThread "Finalizer" daemon [_thread_blocked, id=7360, stack(0x00000038c7800000,0x00000038c7900000)]
  0x0000021ec09d8690 JavaThread "Signal Dispatcher" daemon [_thread_blocked, id=10316, stack(0x00000038c7900000,0x00000038c7a00000)]
  0x0000021ec09d8f60 JavaThread "Attach Listener" daemon [_thread_blocked, id=3856, stack(0x00000038c7a00000,0x00000038c7b00000)]
  0x0000021ec09dbfe0 JavaThread "Service Thread" daemon [_thread_blocked, id=16464, stack(0x00000038c7b00000,0x00000038c7c00000)]
  0x0000021ec09df060 JavaThread "Monitor Deflation Thread" daemon [_thread_blocked, id=14836, stack(0x00000038c7c00000,0x00000038c7d00000)]
=>0x0000021ec09e39b0 JavaThread "C2 CompilerThread0" daemon [_thread_in_native, id=4728, stack(0x00000038c7d00000,0x00000038c7e00000)]
  0x0000021ec09e7290 JavaThread "C1 CompilerThread0" daemon [_thread_blocked, id=16496, stack(0x00000038c7e00000,0x00000038c7f00000)]
  0x0000021ec09ec750 JavaThread "Sweeper thread" daemon [_thread_blocked, id=11728, stack(0x00000038c7f00000,0x00000038c8000000)]
  0x0000021ec09af830 JavaThread "Common-Cleaner" daemon [_thread_blocked, id=9148, stack(0x00000038c8000000,0x00000038c8100000)]
  0x0000021ec356dd40 JavaThread "Notification Thread" daemon [_thread_blocked, id=1180, stack(0x00000038c8100000,0x00000038c8200000)]
  0x0000021f0a695490 JavaThread "Daemon health stats" [_thread_blocked, id=14580, stack(0x00000038c8c00000,0x00000038c8d00000)]
  0x0000021f0a6668b0 JavaThread "Incoming local TCP Connector on port 64226" [_thread_in_native, id=2712, stack(0x00000038c8b00000,0x00000038c8c00000)]
  0x0000021f0a783c20 JavaThread "Daemon periodic checks" [_thread_blocked, id=17580, stack(0x00000038c8d00000,0x00000038c8e00000)]
  0x0000021f09c99330 JavaThread "Cache worker for journal cache (C:\Users\admin\.gradle\caches\journal-1)" [_thread_blocked, id=16064, stack(0x00000038c8300000,0x00000038c8400000)]
  0x0000021f09c99840 JavaThread "File lock request listener" [_thread_in_native, id=9812, stack(0x00000038c9500000,0x00000038c9600000)]
  0x0000021f09c99d50 JavaThread "Cache worker for file hash cache (C:\Users\admin\.gradle\caches\8.14\fileHashes)" [_thread_blocked, id=7680, stack(0x00000038c9600000,0x00000038c9700000)]
  0x0000021f0aaad070 JavaThread "File watcher server" daemon [_thread_in_native, id=364, stack(0x00000038c9c00000,0x00000038c9d00000)]
  0x0000021f0aaac140 JavaThread "File watcher consumer" daemon [_thread_blocked, id=14888, stack(0x00000038c9d00000,0x00000038c9e00000)]
  0x0000021f0aaae9c0 JavaThread "jar transforms" [_thread_blocked, id=15864, stack(0x00000038c9e00000,0x00000038c9f00000)]
  0x0000021f0aaabc30 JavaThread "jar transforms Thread 2" [_thread_blocked, id=12468, stack(0x00000038c9f00000,0x00000038ca000000)]
  0x0000021f0aaada90 JavaThread "jar transforms Thread 3" [_thread_blocked, id=9828, stack(0x00000038ca000000,0x00000038ca100000)]
  0x0000021f0aaaeed0 JavaThread "jar transforms Thread 4" [_thread_blocked, id=12160, stack(0x00000038c9800000,0x00000038c9900000)]
  0x0000021f0aab1c60 JavaThread "jar transforms Thread 5" [_thread_blocked, id=17224, stack(0x00000038ca100000,0x00000038ca200000)]
  0x0000021f0aaae4b0 JavaThread "Cache worker for file content cache (C:\Users\admin\.gradle\caches\8.14\fileContent)" [_thread_blocked, id=2324, stack(0x00000038ca400000,0x00000038ca500000)]
  0x0000021f0aaafe00 JavaThread "jar transforms Thread 6" [_thread_blocked, id=1468, stack(0x00000038ca500000,0x00000038ca600000)]
  0x0000021f0aab1240 JavaThread "jar transforms Thread 7" [_thread_blocked, id=5384, stack(0x00000038ca600000,0x00000038ca700000)]
  0x0000021f0aab35b0 JavaThread "jar transforms Thread 8" [_thread_blocked, id=18772, stack(0x00000038ca700000,0x00000038ca800000)]
  0x0000021f0c02e190 JavaThread "Memory manager" [_thread_blocked, id=11384, stack(0x00000038cc000000,0x00000038cc100000)]
  0x0000021f0c02e6a0 JavaThread "Daemon Thread 2" [_thread_blocked, id=8628, stack(0x00000038c6d00000,0x00000038c6e00000)]
  0x0000021f0c02c330 JavaThread "Handler for socket connection from /127.0.0.1:64226 to /127.0.0.1:64297" [_thread_blocked, id=2468, stack(0x00000038c6e00000,0x00000038c6f00000)]
  0x0000021f0c030a10 JavaThread "Cancel handler" [_thread_blocked, id=15848, stack(0x00000038c6f00000,0x00000038c7000000)]
  0x0000021f0c030500 JavaThread "Daemon worker Thread 2" [_thread_in_vm, id=16616, stack(0x00000038c8e00000,0x00000038c8f00000)]
  0x0000021f0c02a4d0 JavaThread "Stdin handler" [_thread_blocked, id=9864, stack(0x00000038c9000000,0x00000038c9100000)]
  0x0000021f0c02aef0 JavaThread "Cache worker for file hash cache (C:\Users\admin\Downloads\livreurs-pro\flutter\flutter\examples\platform_view\android\.gradle\8.14\fileHashes)" [_thread_blocked, id=15912, stack(0x00000038c9200000,0x00000038c9300000)]
  0x0000021f0c02cd50 JavaThread "Cache worker for Build Output Cleanup Cache (C:\Users\admin\Downloads\livreurs-pro\flutter\flutter\examples\platform_view\android\.gradle\buildOutputCleanup)" [_thread_blocked, id=1528, stack(0x00000038c9300000,0x00000038c9400000)]
  0x0000021f0c02f0c0 JavaThread "Cache worker for checksums cache (C:\Users\admin\Downloads\livreurs-pro\flutter\flutter\examples\platform_view\android\.gradle\8.14\checksums)" [_thread_blocked, id=6380, stack(0x00000038c9400000,0x00000038c9500000)]
  0x0000021f0c02b400 JavaThread "Cache worker for cache directory md-supplier (C:\Users\admin\.gradle\caches\8.14\md-supplier)" [_thread_blocked, id=4452, stack(0x00000038c9700000,0x00000038c9800000)]
  0x0000021f0c02f5d0 JavaThread "Cache worker for cache directory md-rule (C:\Users\admin\.gradle\caches\8.14\md-rule)" [_thread_blocked, id=5492, stack(0x00000038c9900000,0x00000038c9a00000)]
  0x0000021f0c02b910 JavaThread "Cache worker for Build Output Cleanup Cache (C:\flutter\packages\flutter_tools\gradle\.gradle\buildOutputCleanup)" [_thread_blocked, id=7768, stack(0x00000038c9a00000,0x00000038c9b00000)]
  0x0000021f10e23070 JavaThread "File lock release action executor Thread 2" [_thread_blocked, id=4820, stack(0x00000038ca200000,0x00000038ca300000)]
  0x0000021f10e22650 JavaThread "Unconstrained build operations" [_thread_blocked, id=19528, stack(0x00000038ca300000,0x00000038ca400000)]
  0x0000021f10e1f8c0 JavaThread "Unconstrained build operations Thread 2" [_thread_blocked, id=19532, stack(0x00000038ca800000,0x00000038ca900000)]
  0x0000021f10e207f0 JavaThread "Unconstrained build operations Thread 3" [_thread_blocked, id=19536, stack(0x00000038ca900000,0x00000038caa00000)]
  0x0000021f10e1d040 JavaThread "Unconstrained build operations Thread 4" [_thread_blocked, id=19540, stack(0x00000038caa00000,0x00000038cab00000)]
  0x0000021f10e21c30 JavaThread "Unconstrained build operations Thread 5" [_thread_blocked, id=19544, stack(0x00000038cab00000,0x00000038cac00000)]
  0x0000021f10e22b60 JavaThread "Unconstrained build operations Thread 6" [_thread_blocked, id=19548, stack(0x00000038cac00000,0x00000038cad00000)]
  0x0000021f10e1eea0 JavaThread "Unconstrained build operations Thread 7" [_thread_blocked, id=19552, stack(0x00000038cad00000,0x00000038cae00000)]
  0x0000021f10e1da60 JavaThread "Unconstrained build operations Thread 8" [_thread_blocked, id=19564, stack(0x00000038cae00000,0x00000038caf00000)]
  0x0000021f10e1fdd0 JavaThread "Unconstrained build operations Thread 9" [_thread_blocked, id=19568, stack(0x00000038caf00000,0x00000038cb000000)]
  0x0000021f10e1df70 JavaThread "Unconstrained build operations Thread 10" [_thread_blocked, id=19572, stack(0x00000038cb000000,0x00000038cb100000)]
  0x0000021f10e202e0 JavaThread "Unconstrained build operations Thread 11" [_thread_blocked, id=19576, stack(0x00000038cb100000,0x00000038cb200000)]
  0x0000021f10e1c620 JavaThread "Unconstrained build operations Thread 12" [_thread_blocked, id=19580, stack(0x00000038cb200000,0x00000038cb300000)]
  0x0000021f10e1d550 JavaThread "Unconstrained build operations Thread 13" [_thread_blocked, id=19584, stack(0x00000038cb300000,0x00000038cb400000)]
  0x0000021f10e20d00 JavaThread "Unconstrained build operations Thread 14" [_thread_blocked, id=19588, stack(0x00000038cb400000,0x00000038cb500000)]
  0x0000021f10e1e480 JavaThread "build event listener" [_thread_blocked, id=19640, stack(0x00000038cb500000,0x00000038cb600000)]

Other Threads:
  0x0000021ec09bfb70 VMThread "VM Thread" [stack: 0x00000038c7600000,0x00000038c7700000] [id=17140]
  0x0000021ec35b16a0 WatcherThread [stack: 0x00000038c8200000,0x00000038c8300000] [id=19336]
  0x0000021ec0800910 GCTaskThread "GC Thread#0" [stack: 0x00000038c7100000,0x00000038c7200000] [id=7364]
  0x0000021ec365bb20 GCTaskThread "GC Thread#1" [stack: 0x00000038c8400000,0x00000038c8500000] [id=17824]
  0x0000021ec3658300 GCTaskThread "GC Thread#2" [stack: 0x00000038c8500000,0x00000038c8600000] [id=7788]
  0x0000021f095c33a0 GCTaskThread "GC Thread#3" [stack: 0x00000038c8700000,0x00000038c8800000] [id=15920]
  0x0000021f09c9f600 GCTaskThread "GC Thread#4" [stack: 0x00000038c8800000,0x00000038c8900000] [id=19196]
  0x0000021f09d76630 GCTaskThread "GC Thread#5" [stack: 0x00000038c8600000,0x00000038c8700000] [id=15592]
  0x0000021f09ea2160 GCTaskThread "GC Thread#6" [stack: 0x00000038c8900000,0x00000038c8a00000] [id=10932]
  0x0000021f098cc410 GCTaskThread "GC Thread#7" [stack: 0x00000038c8a00000,0x00000038c8b00000] [id=11184]
  0x0000021ec0811770 ConcurrentGCThread "G1 Main Marker" [stack: 0x00000038c7200000,0x00000038c7300000] [id=5568]
  0x0000021ec0812840 ConcurrentGCThread "G1 Conc#0" [stack: 0x00000038c7300000,0x00000038c7400000] [id=14832]
  0x0000021f0bc1b240 ConcurrentGCThread "G1 Conc#1" [stack: 0x00000038c9b00000,0x00000038c9c00000] [id=19376]
  0x0000021ec087ac00 ConcurrentGCThread "G1 Refine#0" [stack: 0x00000038c7400000,0x00000038c7500000] [id=10716]
  0x0000021f0d7439e0 ConcurrentGCThread "G1 Refine#1" [stack: 0x00000038cf700000,0x00000038cf800000] [id=11516]
  0x0000021f0d7436f0 ConcurrentGCThread "G1 Refine#2" [stack: 0x00000038cf800000,0x00000038cf900000] [id=5276]
  0x0000021f0d7407f0 ConcurrentGCThread "G1 Refine#3" [stack: 0x00000038cf900000,0x00000038cfa00000] [id=2908]
  0x0000021f0d9895f0 ConcurrentGCThread "G1 Refine#4" [stack: 0x00000038cfa00000,0x00000038cfb00000] [id=14452]
  0x0000021f10880580 ConcurrentGCThread "G1 Refine#5" [stack: 0x00000038cfb00000,0x00000038cfc00000] [id=8640]
  0x0000021f1087ee00 ConcurrentGCThread "G1 Refine#6" [stack: 0x00000038cfc00000,0x00000038cfd00000] [id=8808]
  0x0000021ec087b540 ConcurrentGCThread "G1 Service" [stack: 0x00000038c7500000,0x00000038c7600000] [id=15376]

Threads with active compile tasks:
C2 CompilerThread0  298965 35428       4       org.gradle.model.internal.type.ModelType::wrap (220 bytes)

VM state: not at safepoint (normal execution)

VM Mutex/Monitor currently owned by a thread: None

Heap address: 0x0000000600000000, size: 8192 MB, Compressed Oops mode: Zero based, Oop shift amount: 3

CDS archive(s) mapped at: [0x0000021ec4000000-0x0000021ec4bb0000-0x0000021ec4bb0000), size 12255232, SharedBaseAddress: 0x0000021ec4000000, ArchiveRelocationMode: 1.
Compressed class space mapped at: 0x0000021ec5000000-0x0000021f05000000, reserved size: 1073741824
Narrow klass base: 0x0000021ec4000000, Narrow klass shift: 0, Narrow klass range: 0x100000000

GC Precious Log:
 CPUs: 8 total, 8 available
 Memory: 8070M
 Large Page Support: Disabled
 NUMA Support: Disabled
 Compressed Oops: Enabled (Zero based)
 Heap Region Size: 4M
 Heap Min Capacity: 8M
 Heap Initial Capacity: 128M
 Heap Max Capacity: 8G
 Pre-touch: Disabled
 Parallel Workers: 8
 Concurrent Workers: 2
 Concurrent Refinement Workers: 8
 Periodic GC: Disabled

Heap:
 garbage-first heap   total 638976K, used 491590K [0x0000000600000000, 0x0000000800000000)
  region size 4096K, 27 young (110592K), 3 survivors (12288K)
 Metaspace       used 214680K, committed 216448K, reserved 1245184K
  class space    used 27501K, committed 28352K, reserved 1048576K

Heap Regions: E=young(eden), S=young(survivor), O=old, HS=humongous(starts), HC=humongous(continues), CS=collection set, F=free, OA=open archive, CA=closed archive, TAMS=top-at-mark-start (previous, next)
|   0|0x0000000600000000, 0x0000000600400000, 0x0000000600400000|100%|HS|  |TAMS 0x0000000600400000, 0x0000000600000000| Complete 
|   1|0x0000000600400000, 0x0000000600800000, 0x0000000600800000|100%| O|  |TAMS 0x0000000600800000, 0x0000000600400000| Untracked 
|   2|0x0000000600800000, 0x0000000600c00000, 0x0000000600c00000|100%| O|  |TAMS 0x0000000600c00000, 0x0000000600800000| Untracked 
|   3|0x0000000600c00000, 0x0000000601000000, 0x0000000601000000|100%| O|  |TAMS 0x0000000601000000, 0x0000000600c00000| Untracked 
|   4|0x0000000601000000, 0x0000000601400000, 0x0000000601400000|100%| O|  |TAMS 0x0000000601400000, 0x0000000601000000| Untracked 
|   5|0x0000000601400000, 0x0000000601800000, 0x0000000601800000|100%| O|  |TAMS 0x0000000601800000, 0x0000000601400000| Untracked 
|   6|0x0000000601800000, 0x0000000601c00000, 0x0000000601c00000|100%| O|  |TAMS 0x0000000601c00000, 0x0000000601800000| Untracked 
|   7|0x0000000601c00000, 0x0000000602000000, 0x0000000602000000|100%| O|  |TAMS 0x0000000602000000, 0x0000000601c00000| Untracked 
|   8|0x0000000602000000, 0x0000000602400000, 0x0000000602400000|100%| O|  |TAMS 0x0000000602400000, 0x0000000602000000| Untracked 
|   9|0x0000000602400000, 0x0000000602800000, 0x0000000602800000|100%| O|  |TAMS 0x0000000602800000, 0x0000000602400000| Untracked 
|  10|0x0000000602800000, 0x0000000602c00000, 0x0000000602c00000|100%|HS|  |TAMS 0x0000000602c00000, 0x0000000602800000| Complete 
|  11|0x0000000602c00000, 0x0000000603000000, 0x0000000603000000|100%|HS|  |TAMS 0x0000000603000000, 0x0000000602c00000| Complete 
|  12|0x0000000603000000, 0x0000000603400000, 0x0000000603400000|100%| O|  |TAMS 0x0000000603400000, 0x0000000603000000| Untracked 
|  13|0x0000000603400000, 0x0000000603800000, 0x0000000603800000|100%| O|  |TAMS 0x0000000603800000, 0x0000000603400000| Untracked 
|  14|0x0000000603800000, 0x0000000603c00000, 0x0000000603c00000|100%| O|  |TAMS 0x0000000603c00000, 0x0000000603800000| Untracked 
|  15|0x0000000603c00000, 0x0000000604000000, 0x0000000604000000|100%| O|  |TAMS 0x0000000604000000, 0x0000000603c00000| Untracked 
|  16|0x0000000604000000, 0x0000000604400000, 0x0000000604400000|100%| O|  |TAMS 0x0000000604400000, 0x0000000604000000| Untracked 
|  17|0x0000000604400000, 0x0000000604800000, 0x0000000604800000|100%| O|  |TAMS 0x0000000604800000, 0x0000000604400000| Untracked 
|  18|0x0000000604800000, 0x0000000604c00000, 0x0000000604c00000|100%| O|  |TAMS 0x0000000604c00000, 0x0000000604800000| Untracked 
|  19|0x0000000604c00000, 0x0000000605000000, 0x0000000605000000|100%| O|  |TAMS 0x0000000605000000, 0x0000000604c00000| Untracked 
|  20|0x0000000605000000, 0x0000000605400000, 0x0000000605400000|100%| O|  |TAMS 0x0000000605400000, 0x0000000605000000| Untracked 
|  21|0x0000000605400000, 0x0000000605800000, 0x0000000605800000|100%| O|  |TAMS 0x0000000605800000, 0x0000000605400000| Untracked 
|  22|0x0000000605800000, 0x0000000605c00000, 0x0000000605c00000|100%| O|  |TAMS 0x0000000605c00000, 0x0000000605800000| Untracked 
|  23|0x0000000605c00000, 0x0000000606000000, 0x0000000606000000|100%| O|  |TAMS 0x0000000605c00000, 0x0000000605c00000| Untracked 
|  24|0x0000000606000000, 0x0000000606400000, 0x0000000606400000|100%| O|  |TAMS 0x0000000606400000, 0x0000000606000000| Untracked 
|  25|0x0000000606400000, 0x0000000606800000, 0x0000000606800000|100%| O|  |TAMS 0x0000000606800000, 0x0000000606400000| Untracked 
|  26|0x0000000606800000, 0x0000000606c00000, 0x0000000606c00000|100%| O|  |TAMS 0x0000000606c00000, 0x0000000606800000| Untracked 
|  27|0x0000000606c00000, 0x0000000607000000, 0x0000000607000000|100%| O|  |TAMS 0x0000000607000000, 0x0000000606c00000| Untracked 
|  28|0x0000000607000000, 0x0000000607400000, 0x0000000607400000|100%| O|  |TAMS 0x0000000607400000, 0x0000000607000000| Untracked 
|  29|0x0000000607400000, 0x0000000607800000, 0x0000000607800000|100%| O|  |TAMS 0x0000000607800000, 0x0000000607400000| Untracked 
|  30|0x0000000607800000, 0x0000000607c00000, 0x0000000607c00000|100%| O|  |TAMS 0x0000000607c00000, 0x0000000607800000| Untracked 
|  31|0x0000000607c00000, 0x0000000608000000, 0x0000000608000000|100%| O|  |TAMS 0x0000000608000000, 0x0000000607c00000| Untracked 
|  32|0x0000000608000000, 0x0000000608400000, 0x0000000608400000|100%| O|  |TAMS 0x0000000608000000, 0x0000000608000000| Untracked 
|  33|0x0000000608400000, 0x0000000608800000, 0x0000000608800000|100%| O|  |TAMS 0x0000000608400000, 0x0000000608400000| Untracked 
|  34|0x0000000608800000, 0x0000000608c00000, 0x0000000608c00000|100%| O|  |TAMS 0x0000000608c00000, 0x0000000608800000| Untracked 
|  35|0x0000000608c00000, 0x0000000609000000, 0x0000000609000000|100%| O|  |TAMS 0x0000000609000000, 0x0000000608c00000| Untracked 
|  36|0x0000000609000000, 0x0000000609400000, 0x0000000609400000|100%| O|  |TAMS 0x0000000609400000, 0x0000000609000000| Untracked 
|  37|0x0000000609400000, 0x0000000609800000, 0x0000000609800000|100%| O|  |TAMS 0x0000000609800000, 0x0000000609400000| Untracked 
|  38|0x0000000609800000, 0x0000000609c00000, 0x0000000609c00000|100%| O|  |TAMS 0x0000000609c00000, 0x0000000609800000| Untracked 
|  39|0x0000000609c00000, 0x000000060a000000, 0x000000060a000000|100%| O|  |TAMS 0x000000060a000000, 0x0000000609c00000| Untracked 
|  40|0x000000060a000000, 0x000000060a400000, 0x000000060a400000|100%| O|  |TAMS 0x000000060a400000, 0x000000060a000000| Untracked 
|  41|0x000000060a400000, 0x000000060a800000, 0x000000060a800000|100%| O|  |TAMS 0x000000060a400000, 0x000000060a400000| Untracked 
|  42|0x000000060a800000, 0x000000060ac00000, 0x000000060ac00000|100%| O|  |TAMS 0x000000060ac00000, 0x000000060a800000| Untracked 
|  43|0x000000060ac00000, 0x000000060b000000, 0x000000060b000000|100%| O|  |TAMS 0x000000060ae37c00, 0x000000060ac00000| Untracked 
|  44|0x000000060b000000, 0x000000060b400000, 0x000000060b400000|100%| O|  |TAMS 0x000000060b000000, 0x000000060b000000| Untracked 
|  45|0x000000060b400000, 0x000000060b800000, 0x000000060b800000|100%| O|  |TAMS 0x000000060b400000, 0x000000060b400000| Untracked 
|  46|0x000000060b800000, 0x000000060bc00000, 0x000000060bc00000|100%| O|  |TAMS 0x000000060b800000, 0x000000060b800000| Untracked 
|  47|0x000000060bc00000, 0x000000060c000000, 0x000000060c000000|100%| O|  |TAMS 0x000000060bc00000, 0x000000060bc00000| Untracked 
|  48|0x000000060c000000, 0x000000060c400000, 0x000000060c400000|100%| O|  |TAMS 0x000000060c000000, 0x000000060c000000| Untracked 
|  49|0x000000060c400000, 0x000000060c800000, 0x000000060c800000|100%| O|  |TAMS 0x000000060c400000, 0x000000060c400000| Untracked 
|  50|0x000000060c800000, 0x000000060cc00000, 0x000000060cc00000|100%| O|  |TAMS 0x000000060c800000, 0x000000060c800000| Untracked 
|  51|0x000000060cc00000, 0x000000060d000000, 0x000000060d000000|100%| O|  |TAMS 0x000000060cc00000, 0x000000060cc00000| Untracked 
|  52|0x000000060d000000, 0x000000060d400000, 0x000000060d400000|100%| O|  |TAMS 0x000000060d000000, 0x000000060d000000| Untracked 
|  53|0x000000060d400000, 0x000000060d800000, 0x000000060d800000|100%| O|  |TAMS 0x000000060d400000, 0x000000060d400000| Untracked 
|  54|0x000000060d800000, 0x000000060dc00000, 0x000000060dc00000|100%| O|  |TAMS 0x000000060d800000, 0x000000060d800000| Untracked 
|  55|0x000000060dc00000, 0x000000060e000000, 0x000000060e000000|100%| O|  |TAMS 0x000000060dc00000, 0x000000060dc00000| Untracked 
|  56|0x000000060e000000, 0x000000060e400000, 0x000000060e400000|100%| O|  |TAMS 0x000000060e000000, 0x000000060e000000| Untracked 
|  57|0x000000060e400000, 0x000000060e800000, 0x000000060e800000|100%| O|  |TAMS 0x000000060e400000, 0x000000060e400000| Untracked 
|  58|0x000000060e800000, 0x000000060ec00000, 0x000000060ec00000|100%| O|  |TAMS 0x000000060e800000, 0x000000060e800000| Untracked 
|  59|0x000000060ec00000, 0x000000060f000000, 0x000000060f000000|100%| O|  |TAMS 0x000000060ec00000, 0x000000060ec00000| Untracked 
|  60|0x000000060f000000, 0x000000060f400000, 0x000000060f400000|100%| O|  |TAMS 0x000000060f000000, 0x000000060f000000| Untracked 
|  61|0x000000060f400000, 0x000000060f800000, 0x000000060f800000|100%| O|  |TAMS 0x000000060f400000, 0x000000060f400000| Untracked 
|  62|0x000000060f800000, 0x000000060fc00000, 0x000000060fc00000|100%| O|  |TAMS 0x000000060f800000, 0x000000060f800000| Untracked 
|  63|0x000000060fc00000, 0x0000000610000000, 0x0000000610000000|100%| O|  |TAMS 0x000000060fc00000, 0x000000060fc00000| Untracked 
|  64|0x0000000610000000, 0x0000000610400000, 0x0000000610400000|100%| O|  |TAMS 0x0000000610000000, 0x0000000610000000| Untracked 
|  65|0x0000000610400000, 0x0000000610800000, 0x0000000610800000|100%| O|  |TAMS 0x0000000610400000, 0x0000000610400000| Untracked 
|  66|0x0000000610800000, 0x0000000610c00000, 0x0000000610c00000|100%| O|  |TAMS 0x0000000610800000, 0x0000000610800000| Untracked 
|  67|0x0000000610c00000, 0x0000000611000000, 0x0000000611000000|100%| O|  |TAMS 0x0000000610c00000, 0x0000000610c00000| Untracked 
|  68|0x0000000611000000, 0x0000000611400000, 0x0000000611400000|100%| O|  |TAMS 0x0000000611000000, 0x0000000611000000| Untracked 
|  69|0x0000000611400000, 0x0000000611800000, 0x0000000611800000|100%| O|  |TAMS 0x0000000611400000, 0x0000000611400000| Untracked 
|  70|0x0000000611800000, 0x0000000611c00000, 0x0000000611c00000|100%| O|  |TAMS 0x0000000611800000, 0x0000000611800000| Untracked 
|  71|0x0000000611c00000, 0x0000000612000000, 0x0000000612000000|100%| O|  |TAMS 0x0000000611c00000, 0x0000000611c00000| Untracked 
|  72|0x0000000612000000, 0x0000000612400000, 0x0000000612400000|100%| O|  |TAMS 0x0000000612000000, 0x0000000612000000| Untracked 
|  73|0x0000000612400000, 0x0000000612800000, 0x0000000612800000|100%| O|  |TAMS 0x0000000612400000, 0x0000000612400000| Untracked 
|  74|0x0000000612800000, 0x0000000612c00000, 0x0000000612c00000|100%| O|  |TAMS 0x0000000612800000, 0x0000000612800000| Untracked 
|  75|0x0000000612c00000, 0x0000000613000000, 0x0000000613000000|100%| O|  |TAMS 0x0000000612c00000, 0x0000000612c00000| Untracked 
|  76|0x0000000613000000, 0x0000000613400000, 0x0000000613400000|100%| O|  |TAMS 0x0000000613000000, 0x0000000613000000| Untracked 
|  77|0x0000000613400000, 0x0000000613800000, 0x0000000613800000|100%| O|  |TAMS 0x0000000613400000, 0x0000000613400000| Untracked 
|  78|0x0000000613800000, 0x0000000613c00000, 0x0000000613c00000|100%| O|  |TAMS 0x0000000613800000, 0x0000000613800000| Untracked 
|  79|0x0000000613c00000, 0x0000000614000000, 0x0000000614000000|100%| O|  |TAMS 0x0000000613c00000, 0x0000000613c00000| Untracked 
|  80|0x0000000614000000, 0x0000000614400000, 0x0000000614400000|100%| O|  |TAMS 0x0000000614000000, 0x0000000614000000| Untracked 
|  81|0x0000000614400000, 0x0000000614800000, 0x0000000614800000|100%| O|  |TAMS 0x0000000614400000, 0x0000000614400000| Untracked 
|  82|0x0000000614800000, 0x0000000614c00000, 0x0000000614c00000|100%| O|  |TAMS 0x0000000614800000, 0x0000000614800000| Untracked 
|  83|0x0000000614c00000, 0x0000000615000000, 0x0000000615000000|100%| O|  |TAMS 0x0000000614c00000, 0x0000000614c00000| Untracked 
|  84|0x0000000615000000, 0x0000000615400000, 0x0000000615400000|100%| O|  |TAMS 0x0000000615000000, 0x0000000615000000| Untracked 
|  85|0x0000000615400000, 0x0000000615800000, 0x0000000615800000|100%| O|  |TAMS 0x0000000615400000, 0x0000000615400000| Untracked 
|  86|0x0000000615800000, 0x0000000615c00000, 0x0000000615c00000|100%| O|  |TAMS 0x0000000615800000, 0x0000000615800000| Untracked 
|  87|0x0000000615c00000, 0x0000000616000000, 0x0000000616000000|100%| O|  |TAMS 0x0000000615c00000, 0x0000000615c00000| Untracked 
|  88|0x0000000616000000, 0x0000000616400000, 0x0000000616400000|100%| O|  |TAMS 0x0000000616000000, 0x0000000616000000| Untracked 
|  89|0x0000000616400000, 0x0000000616800000, 0x0000000616800000|100%| O|  |TAMS 0x0000000616400000, 0x0000000616400000| Untracked 
|  90|0x0000000616800000, 0x0000000616c00000, 0x0000000616c00000|100%| O|  |TAMS 0x0000000616800000, 0x0000000616800000| Untracked 
|  91|0x0000000616c00000, 0x0000000617000000, 0x0000000617000000|100%| O|  |TAMS 0x0000000616c00000, 0x0000000616c00000| Untracked 
|  92|0x0000000617000000, 0x0000000617400000, 0x0000000617400000|100%| O|  |TAMS 0x0000000617000000, 0x0000000617000000| Untracked 
|  93|0x0000000617400000, 0x0000000617800000, 0x0000000617800000|100%| O|  |TAMS 0x0000000617400000, 0x0000000617400000| Untracked 
|  94|0x0000000617800000, 0x0000000617c00000, 0x0000000617c00000|100%| O|  |TAMS 0x0000000617800000, 0x0000000617800000| Untracked 
|  95|0x0000000617c00000, 0x0000000617e88600, 0x0000000618000000| 63%| O|  |TAMS 0x0000000617c00000, 0x0000000617c00000| Untracked 
|  96|0x0000000618000000, 0x0000000618000000, 0x0000000618400000|  0%| F|  |TAMS 0x0000000618000000, 0x0000000618000000| Untracked 
|  97|0x0000000618400000, 0x0000000618400000, 0x0000000618800000|  0%| F|  |TAMS 0x0000000618400000, 0x0000000618400000| Untracked 
|  98|0x0000000618800000, 0x0000000618800000, 0x0000000618c00000|  0%| F|  |TAMS 0x0000000618800000, 0x0000000618800000| Untracked 
|  99|0x0000000618c00000, 0x0000000618c00000, 0x0000000619000000|  0%| F|  |TAMS 0x0000000618c00000, 0x0000000618c00000| Untracked 
| 100|0x0000000619000000, 0x0000000619000000, 0x0000000619400000|  0%| F|  |TAMS 0x0000000619000000, 0x0000000619000000| Untracked 
| 101|0x0000000619400000, 0x0000000619400000, 0x0000000619800000|  0%| F|  |TAMS 0x0000000619400000, 0x0000000619400000| Untracked 
| 102|0x0000000619800000, 0x0000000619800000, 0x0000000619c00000|  0%| F|  |TAMS 0x0000000619800000, 0x0000000619800000| Untracked 
| 103|0x0000000619c00000, 0x0000000619c00000, 0x000000061a000000|  0%| F|  |TAMS 0x0000000619c00000, 0x0000000619c00000| Untracked 
| 104|0x000000061a000000, 0x000000061a000000, 0x000000061a400000|  0%| F|  |TAMS 0x000000061a000000, 0x000000061a000000| Untracked 
| 105|0x000000061a400000, 0x000000061a400000, 0x000000061a800000|  0%| F|  |TAMS 0x000000061a400000, 0x000000061a400000| Untracked 
| 106|0x000000061a800000, 0x000000061a800000, 0x000000061ac00000|  0%| F|  |TAMS 0x000000061a800000, 0x000000061a800000| Untracked 
| 107|0x000000061ac00000, 0x000000061ac00000, 0x000000061b000000|  0%| F|  |TAMS 0x000000061ac00000, 0x000000061ac00000| Untracked 
| 108|0x000000061b000000, 0x000000061b000000, 0x000000061b400000|  0%| F|  |TAMS 0x000000061b000000, 0x000000061b000000| Untracked 
| 109|0x000000061b400000, 0x000000061b400000, 0x000000061b800000|  0%| F|  |TAMS 0x000000061b400000, 0x000000061b400000| Untracked 
| 110|0x000000061b800000, 0x000000061b800000, 0x000000061bc00000|  0%| F|  |TAMS 0x000000061b800000, 0x000000061b800000| Untracked 
| 111|0x000000061bc00000, 0x000000061bc00000, 0x000000061c000000|  0%| F|  |TAMS 0x000000061bc00000, 0x000000061bc00000| Untracked 
| 112|0x000000061c000000, 0x000000061c000000, 0x000000061c400000|  0%| F|  |TAMS 0x000000061c000000, 0x000000061c000000| Untracked 
| 113|0x000000061c400000, 0x000000061c400000, 0x000000061c800000|  0%| F|  |TAMS 0x000000061c400000, 0x000000061c400000| Untracked 
| 114|0x000000061c800000, 0x000000061c800000, 0x000000061cc00000|  0%| F|  |TAMS 0x000000061c800000, 0x000000061c800000| Untracked 
| 115|0x000000061cc00000, 0x000000061cc00000, 0x000000061d000000|  0%| F|  |TAMS 0x000000061cc00000, 0x000000061cc00000| Untracked 
| 116|0x000000061d000000, 0x000000061d000000, 0x000000061d400000|  0%| F|  |TAMS 0x000000061d000000, 0x000000061d000000| Untracked 
| 117|0x000000061d400000, 0x000000061d400000, 0x000000061d800000|  0%| F|  |TAMS 0x000000061d400000, 0x000000061d400000| Untracked 
| 118|0x000000061d800000, 0x000000061d989210, 0x000000061dc00000| 38%| S|CS|TAMS 0x000000061d800000, 0x000000061d800000| Complete 
| 119|0x000000061dc00000, 0x000000061e000000, 0x000000061e000000|100%| S|CS|TAMS 0x000000061dc00000, 0x000000061dc00000| Complete 
| 120|0x000000061e000000, 0x000000061e400000, 0x000000061e400000|100%| S|CS|TAMS 0x000000061e000000, 0x000000061e000000| Complete 
| 121|0x000000061e400000, 0x000000061e400000, 0x000000061e800000|  0%| F|  |TAMS 0x000000061e400000, 0x000000061e400000| Untracked 
| 122|0x000000061e800000, 0x000000061e800000, 0x000000061ec00000|  0%| F|  |TAMS 0x000000061e800000, 0x000000061e800000| Untracked 
| 123|0x000000061ec00000, 0x000000061ec00000, 0x000000061f000000|  0%| F|  |TAMS 0x000000061ec00000, 0x000000061ec00000| Untracked 
| 124|0x000000061f000000, 0x000000061f000000, 0x000000061f400000|  0%| F|  |TAMS 0x000000061f000000, 0x000000061f000000| Untracked 
| 125|0x000000061f400000, 0x000000061f400000, 0x000000061f800000|  0%| F|  |TAMS 0x000000061f400000, 0x000000061f400000| Untracked 
| 126|0x000000061f800000, 0x000000061f800000, 0x000000061fc00000|  0%| F|  |TAMS 0x000000061f800000, 0x000000061f800000| Untracked 
| 127|0x000000061fc00000, 0x000000061fc00000, 0x0000000620000000|  0%| F|  |TAMS 0x000000061fc00000, 0x000000061fc00000| Untracked 
| 128|0x0000000620000000, 0x0000000620000000, 0x0000000620400000|  0%| F|  |TAMS 0x0000000620000000, 0x0000000620000000| Untracked 
| 129|0x0000000620400000, 0x0000000620400000, 0x0000000620800000|  0%| F|  |TAMS 0x0000000620400000, 0x0000000620400000| Untracked 
| 130|0x0000000620800000, 0x0000000620800000, 0x0000000620c00000|  0%| F|  |TAMS 0x0000000620800000, 0x0000000620800000| Untracked 
| 131|0x0000000620c00000, 0x0000000620c00000, 0x0000000621000000|  0%| F|  |TAMS 0x0000000620c00000, 0x0000000620c00000| Untracked 
| 132|0x0000000621000000, 0x0000000621323ce8, 0x0000000621400000| 78%| E|  |TAMS 0x0000000621000000, 0x0000000621000000| Complete 
| 133|0x0000000621400000, 0x0000000621800000, 0x0000000621800000|100%| E|CS|TAMS 0x0000000621400000, 0x0000000621400000| Complete 
| 134|0x0000000621800000, 0x0000000621c00000, 0x0000000621c00000|100%| E|CS|TAMS 0x0000000621800000, 0x0000000621800000| Complete 
| 135|0x0000000621c00000, 0x0000000622000000, 0x0000000622000000|100%| E|CS|TAMS 0x0000000621c00000, 0x0000000621c00000| Complete 
| 136|0x0000000622000000, 0x0000000622400000, 0x0000000622400000|100%| E|CS|TAMS 0x0000000622000000, 0x0000000622000000| Complete 
| 137|0x0000000622400000, 0x0000000622800000, 0x0000000622800000|100%| E|CS|TAMS 0x0000000622400000, 0x0000000622400000| Complete 
| 138|0x0000000622800000, 0x0000000622c00000, 0x0000000622c00000|100%| E|CS|TAMS 0x0000000622800000, 0x0000000622800000| Complete 
| 139|0x0000000622c00000, 0x0000000623000000, 0x0000000623000000|100%| E|CS|TAMS 0x0000000622c00000, 0x0000000622c00000| Complete 
| 140|0x0000000623000000, 0x0000000623400000, 0x0000000623400000|100%| E|CS|TAMS 0x0000000623000000, 0x0000000623000000| Complete 
| 141|0x0000000623400000, 0x0000000623800000, 0x0000000623800000|100%| E|CS|TAMS 0x0000000623400000, 0x0000000623400000| Complete 
| 142|0x0000000623800000, 0x0000000623c00000, 0x0000000623c00000|100%| E|CS|TAMS 0x0000000623800000, 0x0000000623800000| Complete 
| 143|0x0000000623c00000, 0x0000000624000000, 0x0000000624000000|100%| E|CS|TAMS 0x0000000623c00000, 0x0000000623c00000| Complete 
| 144|0x0000000624000000, 0x0000000624400000, 0x0000000624400000|100%| E|CS|TAMS 0x0000000624000000, 0x0000000624000000| Complete 
| 145|0x0000000624400000, 0x0000000624800000, 0x0000000624800000|100%| E|  |TAMS 0x0000000624400000, 0x0000000624400000| Complete 
| 146|0x0000000624800000, 0x0000000624c00000, 0x0000000624c00000|100%| E|CS|TAMS 0x0000000624800000, 0x0000000624800000| Complete 
| 147|0x0000000624c00000, 0x0000000625000000, 0x0000000625000000|100%| E|CS|TAMS 0x0000000624c00000, 0x0000000624c00000| Complete 
| 148|0x0000000625000000, 0x0000000625400000, 0x0000000625400000|100%| E|CS|TAMS 0x0000000625000000, 0x0000000625000000| Complete 
| 149|0x0000000625400000, 0x0000000625800000, 0x0000000625800000|100%| E|CS|TAMS 0x0000000625400000, 0x0000000625400000| Complete 
| 150|0x0000000625800000, 0x0000000625c00000, 0x0000000625c00000|100%| E|CS|TAMS 0x0000000625800000, 0x0000000625800000| Complete 
| 151|0x0000000625c00000, 0x0000000626000000, 0x0000000626000000|100%| E|CS|TAMS 0x0000000625c00000, 0x0000000625c00000| Complete 
| 152|0x0000000626000000, 0x0000000626400000, 0x0000000626400000|100%| E|CS|TAMS 0x0000000626000000, 0x0000000626000000| Complete 
| 153|0x0000000626400000, 0x0000000626800000, 0x0000000626800000|100%| E|CS|TAMS 0x0000000626400000, 0x0000000626400000| Complete 
| 154|0x0000000626800000, 0x0000000626c00000, 0x0000000626c00000|100%| E|CS|TAMS 0x0000000626800000, 0x0000000626800000| Complete 
| 155|0x0000000626c00000, 0x0000000627000000, 0x0000000627000000|100%| E|CS|TAMS 0x0000000626c00000, 0x0000000626c00000| Complete 

Card table byte_map: [0x0000021eae770000,0x0000021eaf770000] _byte_map_base: 0x0000021eab770000

Marking Bits (Prev, Next): (CMBitMap*) 0x0000021ec0800e80, (CMBitMap*) 0x0000021ec0800e40
 Prev Bits: [0x0000021eb8770000, 0x0000021ec0770000)
 Next Bits: [0x0000021eb0770000, 0x0000021eb8770000)

Polling page: 0x0000021e83810000

Metaspace:

Usage:
  Non-class:    182.79 MB used.
      Class:     26.86 MB used.
       Both:    209.65 MB used.

Virtual space:
  Non-class space:      192.00 MB reserved,     183.69 MB ( 96%) committed,  3 nodes.
      Class space:        1.00 GB reserved,      27.69 MB (  3%) committed,  1 nodes.
             Both:        1.19 GB reserved,     211.38 MB ( 17%) committed. 

Chunk freelists:
   Non-Class:  8.07 MB
       Class:  4.16 MB
        Both:  12.23 MB

MaxMetaspaceSize: 4.00 GB
CompressedClassSpaceSize: 1.00 GB
Initial GC threshold: 21.00 MB
Current GC threshold: 227.81 MB
CDS: on
MetaspaceReclaimPolicy: balanced
 - commit_granule_bytes: 65536.
 - commit_granule_words: 8192.
 - virtual_space_node_default_size: 8388608.
 - enlarge_chunks_in_place: 1.
 - new_chunks_are_fully_committed: 0.
 - uncommit_free_chunks: 1.
 - use_allocation_guard: 0.
 - handle_deallocations: 1.


Internal statistics:

num_allocs_failed_limit: 27.
num_arena_births: 2598.
num_arena_deaths: 0.
num_vsnodes_births: 4.
num_vsnodes_deaths: 0.
num_space_committed: 3380.
num_space_uncommitted: 0.
num_chunks_returned_to_freelist: 27.
num_chunks_taken_from_freelist: 11727.
num_chunk_merges: 24.
num_chunk_splits: 8130.
num_chunks_enlarged: 5798.
num_inconsistent_stats: 0.

CodeHeap 'non-profiled nmethods': size=259264Kb used=24309Kb max_used=24309Kb free=234954Kb
 bounds [0x0000021e9cdc0000, 0x0000021e9e580000, 0x0000021eacaf0000]
CodeHeap 'profiled nmethods': size=259264Kb used=66260Kb max_used=66260Kb free=193003Kb
 bounds [0x0000021e8caf0000, 0x0000021e90bb0000, 0x0000021e9c820000]
CodeHeap 'non-nmethods': size=5760Kb used=2679Kb max_used=2835Kb free=3080Kb
 bounds [0x0000021e9c820000, 0x0000021e9cb00000, 0x0000021e9cdc0000]
 total_blobs=30151 nmethods=28896 adapters=1164
 compilation: enabled
              stopped_count=0, restarted_count=0
 full_count=0

Compilation events (20 events):
Event: 298.526 Thread 0x0000021ec09e7290 nmethod 35423 0x0000021e90b8d310 code [0x0000021e90b8d4e0, 0x0000021e90b8d948]
Event: 298.531 Thread 0x0000021ec09e7290 35424       3       org.gradle.api.internal.initialization.DefaultClassLoaderScope::defines (54 bytes)
Event: 298.534 Thread 0x0000021ec09e39b0 35425       4       org.gradle.api.internal.provider.ValidatingMapEntryCollector::add (189 bytes)
Event: 298.535 Thread 0x0000021ec09e7290 nmethod 35424 0x0000021e90b8da90 code [0x0000021e90b8dd40, 0x0000021e90b8ecd8]
Event: 298.537 Thread 0x0000021ec09e7290 35427   !   3       jdk.proxy1.$Proxy61::value (29 bytes)
Event: 298.537 Thread 0x0000021ec09e7290 nmethod 35427 0x0000021e90b8f190 code [0x0000021e90b8f360, 0x0000021e90b8f758]
Event: 298.615 Thread 0x0000021ec09e7290 35431       1       kotlin.reflect.jvm.internal.impl.serialization.deserialization.descriptors.DeserializedClassDescriptor::getVisibility (5 bytes)
Event: 298.616 Thread 0x0000021ec09e7290 nmethod 35431 0x0000021e9e57a410 code [0x0000021e9e57a5a0, 0x0000021e9e57a678]
Event: 298.616 Thread 0x0000021ec09e7290 35432       3       org.gradle.kotlin.dsl.provider.plugins.DefaultProjectSchemaProviderKt::access$getTypeOfTaskContainer$p (4 bytes)
Event: 298.617 Thread 0x0000021ec09e7290 nmethod 35432 0x0000021e8cbfa010 code [0x0000021e8cbfa1a0, 0x0000021e8cbfa298]
Event: 298.631 Thread 0x0000021ec09e39b0 nmethod 35425 0x0000021e9e57a710 code [0x0000021e9e57a960, 0x0000021e9e57c730]
Event: 298.631 Thread 0x0000021ec09e39b0 35430       4       kotlin.SafePublicationLazyImpl::getValue (56 bytes)
Event: 298.639 Thread 0x0000021ec09e7290 35433       3       org.gradle.kotlin.dsl.provider.plugins.DefaultProjectSchemaProvider::targetSchemaFor$collectSchemaOf (958 bytes)
Event: 298.639 Thread 0x0000021ec09e39b0 nmethod 35430 0x0000021e9e57d110 code [0x0000021e9e57d2a0, 0x0000021e9e57d4f8]
Event: 298.639 Thread 0x0000021ec09e39b0 35428       4       org.gradle.model.internal.type.ModelType::wrap (220 bytes)
Event: 298.671 Thread 0x0000021ec09e7290 nmethod 35433 0x0000021e90b8f910 code [0x0000021e90b90f00, 0x0000021e90b9ff88]
Event: 298.671 Thread 0x0000021ec09e7290 35434       3       org.gradle.internal.extensibility.ExtensibleDynamicObject::<init> (15 bytes)
Event: 298.671 Thread 0x0000021ec09e7290 nmethod 35434 0x0000021e90ba4890 code [0x0000021e90ba4a40, 0x0000021e90ba4c38]
Event: 298.744 Thread 0x0000021ec09e7290 35435   !   3       sun.nio.ch.SelectorImpl::processDeregisterQueue (145 bytes)
Event: 298.747 Thread 0x0000021ec09e7290 nmethod 35435 0x0000021e90ba4d10 code [0x0000021e90ba4fa0, 0x0000021e90ba5fd8]

GC Heap History (20 events):
Event: 92.480 GC heap before
{Heap before GC invocations=81 (full 0):
 garbage-first heap   total 532480K, used 434516K [0x0000000600000000, 0x0000000800000000)
  region size 4096K, 31 young (126976K), 4 survivors (16384K)
 Metaspace       used 204795K, committed 206208K, reserved 1245184K
  class space    used 26384K, committed 27072K, reserved 1048576K
}
Event: 92.494 GC heap after
{Heap after GC invocations=82 (full 0):
 garbage-first heap   total 532480K, used 320627K [0x0000000600000000, 0x0000000800000000)
  region size 4096K, 2 young (8192K), 2 survivors (8192K)
 Metaspace       used 204795K, committed 206208K, reserved 1245184K
  class space    used 26384K, committed 27072K, reserved 1048576K
}
Event: 93.251 GC heap before
{Heap before GC invocations=82 (full 0):
 garbage-first heap   total 532480K, used 439411K [0x0000000600000000, 0x0000000800000000)
  region size 4096K, 31 young (126976K), 2 survivors (8192K)
 Metaspace       used 205010K, committed 206464K, reserved 1245184K
  class space    used 26385K, committed 27072K, reserved 1048576K
}
Event: 93.261 GC heap after
{Heap after GC invocations=83 (full 0):
 garbage-first heap   total 532480K, used 326427K [0x0000000600000000, 0x0000000800000000)
  region size 4096K, 3 young (12288K), 3 survivors (12288K)
 Metaspace       used 205010K, committed 206464K, reserved 1245184K
  class space    used 26385K, committed 27072K, reserved 1048576K
}
Event: 94.567 GC heap before
{Heap before GC invocations=83 (full 0):
 garbage-first heap   total 532480K, used 445211K [0x0000000600000000, 0x0000000800000000)
  region size 4096K, 32 young (131072K), 3 survivors (12288K)
 Metaspace       used 210017K, committed 211456K, reserved 1245184K
  class space    used 27027K, committed 27712K, reserved 1048576K
}
Event: 94.579 GC heap after
{Heap after GC invocations=84 (full 0):
 garbage-first heap   total 532480K, used 333440K [0x0000000600000000, 0x0000000800000000)
  region size 4096K, 4 young (16384K), 4 survivors (16384K)
 Metaspace       used 210017K, committed 211456K, reserved 1245184K
  class space    used 27027K, committed 27712K, reserved 1048576K
}
Event: 96.069 GC heap before
{Heap before GC invocations=84 (full 0):
 garbage-first heap   total 532480K, used 448128K [0x0000000600000000, 0x0000000800000000)
  region size 4096K, 32 young (131072K), 4 survivors (16384K)
 Metaspace       used 211650K, committed 213120K, reserved 1245184K
  class space    used 27215K, committed 27968K, reserved 1048576K
}
Event: 96.085 GC heap after
{Heap after GC invocations=85 (full 0):
 garbage-first heap   total 532480K, used 342207K [0x0000000600000000, 0x0000000800000000)
  region size 4096K, 4 young (16384K), 4 survivors (16384K)
 Metaspace       used 211650K, committed 213120K, reserved 1245184K
  class space    used 27215K, committed 27968K, reserved 1048576K
}
Event: 97.221 GC heap before
{Heap before GC invocations=85 (full 0):
 garbage-first heap   total 532480K, used 448703K [0x0000000600000000, 0x0000000800000000)
  region size 4096K, 30 young (122880K), 4 survivors (16384K)
 Metaspace       used 212027K, committed 213568K, reserved 1245184K
  class space    used 27250K, committed 27968K, reserved 1048576K
}
Event: 97.238 GC heap after
{Heap after GC invocations=86 (full 0):
 garbage-first heap   total 532480K, used 352521K [0x0000000600000000, 0x0000000800000000)
  region size 4096K, 3 young (12288K), 3 survivors (12288K)
 Metaspace       used 212027K, committed 213568K, reserved 1245184K
  class space    used 27250K, committed 27968K, reserved 1048576K
}
Event: 97.840 GC heap before
{Heap before GC invocations=86 (full 0):
 garbage-first heap   total 532480K, used 446729K [0x0000000600000000, 0x0000000800000000)
  region size 4096K, 26 young (106496K), 3 survivors (12288K)
 Metaspace       used 212211K, committed 213760K, reserved 1245184K
  class space    used 27250K, committed 27968K, reserved 1048576K
}
Event: 97.851 GC heap after
{Heap after GC invocations=87 (full 0):
 garbage-first heap   total 638976K, used 354782K [0x0000000600000000, 0x0000000800000000)
  region size 4096K, 2 young (8192K), 2 survivors (8192K)
 Metaspace       used 212211K, committed 213760K, reserved 1245184K
  class space    used 27250K, committed 27968K, reserved 1048576K
}
Event: 100.305 GC heap before
{Heap before GC invocations=87 (full 0):
 garbage-first heap   total 638976K, used 530910K [0x0000000600000000, 0x0000000800000000)
  region size 4096K, 45 young (184320K), 2 survivors (8192K)
 Metaspace       used 212945K, committed 214592K, reserved 1245184K
  class space    used 27317K, committed 28096K, reserved 1048576K
}
Event: 100.330 GC heap after
{Heap after GC invocations=88 (full 0):
 garbage-first heap   total 638976K, used 368446K [0x0000000600000000, 0x0000000800000000)
  region size 4096K, 5 young (20480K), 5 survivors (20480K)
 Metaspace       used 212945K, committed 214592K, reserved 1245184K
  class space    used 27317K, committed 28096K, reserved 1048576K
}
Event: 101.339 GC heap before
{Heap before GC invocations=88 (full 0):
 garbage-first heap   total 638976K, used 532286K [0x0000000600000000, 0x0000000800000000)
  region size 4096K, 45 young (184320K), 5 survivors (20480K)
 Metaspace       used 213151K, committed 214784K, reserved 1245184K
  class space    used 27333K, committed 28096K, reserved 1048576K
}
Event: 101.357 GC heap after
{Heap after GC invocations=89 (full 0):
 garbage-first heap   total 638976K, used 380366K [0x0000000600000000, 0x0000000800000000)
  region size 4096K, 4 young (16384K), 4 survivors (16384K)
 Metaspace       used 213151K, committed 214784K, reserved 1245184K
  class space    used 27333K, committed 28096K, reserved 1048576K
}
Event: 103.705 GC heap before
{Heap before GC invocations=89 (full 0):
 garbage-first heap   total 638976K, used 536014K [0x0000000600000000, 0x0000000800000000)
  region size 4096K, 42 young (172032K), 4 survivors (16384K)
 Metaspace       used 213904K, committed 215616K, reserved 1245184K
  class space    used 27391K, committed 28224K, reserved 1048576K
}
Event: 103.722 GC heap after
{Heap after GC invocations=90 (full 0):
 garbage-first heap   total 638976K, used 393216K [0x0000000600000000, 0x0000000800000000)
  region size 4096K, 6 young (24576K), 6 survivors (24576K)
 Metaspace       used 213904K, committed 215616K, reserved 1245184K
  class space    used 27391K, committed 28224K, reserved 1048576K
}
Event: 104.576 GC heap before
{Heap before GC invocations=90 (full 0):
 garbage-first heap   total 638976K, used 536576K [0x0000000600000000, 0x0000000800000000)
  region size 4096K, 41 young (167936K), 6 survivors (24576K)
 Metaspace       used 213960K, committed 215680K, reserved 1245184K
  class space    used 27393K, committed 28224K, reserved 1048576K
}
Event: 104.594 GC heap after
{Heap after GC invocations=91 (full 0):
 garbage-first heap   total 638976K, used 401478K [0x0000000600000000, 0x0000000800000000)
  region size 4096K, 3 young (12288K), 3 survivors (12288K)
 Metaspace       used 213960K, committed 215680K, reserved 1245184K
  class space    used 27393K, committed 28224K, reserved 1048576K
}

Dll operation events (15 events):
Event: 0.014 Loaded shared library C:\Program Files\Eclipse Adoptium\jdk-17.0.19.10-hotspot\bin\java.dll
Event: 0.035 Loaded shared library C:\Program Files\Eclipse Adoptium\jdk-17.0.19.10-hotspot\bin\jsvml.dll
Event: 0.106 Loaded shared library C:\Program Files\Eclipse Adoptium\jdk-17.0.19.10-hotspot\bin\zip.dll
Event: 0.109 Loaded shared library C:\Program Files\Eclipse Adoptium\jdk-17.0.19.10-hotspot\bin\instrument.dll
Event: 0.118 Loaded shared library C:\Program Files\Eclipse Adoptium\jdk-17.0.19.10-hotspot\bin\net.dll
Event: 0.121 Loaded shared library C:\Program Files\Eclipse Adoptium\jdk-17.0.19.10-hotspot\bin\nio.dll
Event: 0.123 Loaded shared library C:\Program Files\Eclipse Adoptium\jdk-17.0.19.10-hotspot\bin\zip.dll
Event: 0.479 Loaded shared library C:\Program Files\Eclipse Adoptium\jdk-17.0.19.10-hotspot\bin\jimage.dll
Event: 0.705 Loaded shared library C:\Program Files\Eclipse Adoptium\jdk-17.0.19.10-hotspot\bin\verify.dll
Event: 0.849 Loaded shared library C:\Users\admin\.gradle\native\1def1411415f61bf3af743bc5b6707747c0891f09f0c88961ee8f79bc544acac\windows-amd64\native-platform.dll
Event: 0.866 Loaded shared library C:\Users\admin\.gradle\native\0.2.7\x86_64-windows-gnu\gradle-fileevents.dll
Event: 2.321 Loaded shared library C:\Program Files\Eclipse Adoptium\jdk-17.0.19.10-hotspot\bin\management.dll
Event: 2.324 Loaded shared library C:\Program Files\Eclipse Adoptium\jdk-17.0.19.10-hotspot\bin\management_ext.dll
Event: 2.724 Loaded shared library C:\Program Files\Eclipse Adoptium\jdk-17.0.19.10-hotspot\bin\extnet.dll
Event: 2.955 Loaded shared library C:\Program Files\Eclipse Adoptium\jdk-17.0.19.10-hotspot\bin\sunmscapi.dll

Deoptimization events (20 events):
Event: 285.652 Thread 0x0000021f0c030500 DEOPT PACKING pc=0x0000021e9da7eb90 sp=0x00000038c8efb1a0
Event: 285.652 Thread 0x0000021f0c030500 DEOPT UNPACKING pc=0x0000021e9c8769a3 sp=0x00000038c8efb170 mode 2
Event: 286.959 Thread 0x0000021f0c030500 DEOPT PACKING pc=0x0000021e8ef43690 sp=0x00000038c8efaaa0
Event: 286.959 Thread 0x0000021f0c030500 DEOPT UNPACKING pc=0x0000021e9c877143 sp=0x00000038c8ef9f70 mode 0
Event: 287.007 Thread 0x0000021f0c030500 DEOPT PACKING pc=0x0000021e8e1c7432 sp=0x00000038c8efb350
Event: 287.007 Thread 0x0000021f0c030500 DEOPT UNPACKING pc=0x0000021e9c877143 sp=0x00000038c8efa898 mode 0
Event: 289.517 Thread 0x0000021f0c030500 Uncommon trap: trap_request=0xffffffad fr.pc=0x0000021e9d22dbe0 relative=0x0000000000000580
Event: 289.517 Thread 0x0000021f0c030500 Uncommon trap: reason=uninitialized action=reinterpret pc=0x0000021e9d22dbe0 method=org.gradle.cache.internal.LockOnDemandCrossProcessCacheAccess.incrementLockCount()V @ 110 c2
Event: 289.517 Thread 0x0000021f0c030500 DEOPT PACKING pc=0x0000021e9d22dbe0 sp=0x00000038c8ef6530
Event: 289.518 Thread 0x0000021f0c030500 DEOPT UNPACKING pc=0x0000021e9c8769a3 sp=0x00000038c8ef6490 mode 2
Event: 293.428 Thread 0x0000021f0c030500 DEOPT PACKING pc=0x0000021e8db18ed1 sp=0x00000038c8ef6150
Event: 293.428 Thread 0x0000021f0c030500 DEOPT UNPACKING pc=0x0000021e9c877143 sp=0x00000038c8ef5518 mode 0
Event: 298.774 Thread 0x0000021f0c02ebb0 Uncommon trap: trap_request=0x00000033 fr.pc=0x0000021e9dcfaee8 relative=0x0000000000001268
Event: 298.774 Thread 0x0000021f0c02ebb0 Uncommon trap: reason=unloaded action=reinterpret pc=0x0000021e9dcfaee8 method=org.gradle.internal.remote.internal.inet.SocketConnection.flush()V @ 20 c2
Event: 298.774 Thread 0x0000021f0c02ebb0 DEOPT PACKING pc=0x0000021e9dcfaee8 sp=0x00000038c8fff610
Event: 298.774 Thread 0x0000021f0c02ebb0 DEOPT UNPACKING pc=0x0000021e9c8769a3 sp=0x00000038c8fff590 mode 2
Event: 298.889 Thread 0x0000021f0c02a9e0 Uncommon trap: trap_request=0x00000017 fr.pc=0x0000021e9d386b08 relative=0x00000000000000e8
Event: 298.889 Thread 0x0000021f0c02a9e0 Uncommon trap: reason=unloaded action=reinterpret pc=0x0000021e9d386b08 method=com.esotericsoftware.kryo.io.Output.flush()V @ 28 c2
Event: 298.889 Thread 0x0000021f0c02a9e0 DEOPT PACKING pc=0x0000021e9d386b08 sp=0x00000038c91ff5b0
Event: 298.889 Thread 0x0000021f0c02a9e0 DEOPT UNPACKING pc=0x0000021e9c8769a3 sp=0x00000038c91ff4e8 mode 2

Classes loaded (20 events):
Event: 89.720 Loading class java/net/Properties
Event: 89.720 Loading class java/net/Properties done
Event: 90.062 Loading class java/lang/EnumBeanInfo
Event: 90.062 Loading class java/lang/EnumBeanInfo done
Event: 90.063 Loading class java/lang/EnumBeanInfo
Event: 90.063 Loading class java/lang/EnumBeanInfo done
Event: 90.063 Loading class java/lang/EnumCustomizer
Event: 90.063 Loading class java/lang/EnumCustomizer done
Event: 90.064 Loading class java/lang/EnumCustomizer
Event: 90.064 Loading class java/lang/EnumCustomizer done
Event: 90.353 Loading class java/beans/IntrospectionException
Event: 90.353 Loading class java/beans/IntrospectionException done
Event: 289.529 Loading class sun/nio/cs/ISO_8859_1$Encoder
Event: 289.534 Loading class sun/nio/cs/ISO_8859_1$Encoder done
Event: 289.555 Loading class sun/nio/cs/Surrogate$Parser
Event: 289.556 Loading class sun/nio/cs/Surrogate$Parser done
Event: 289.556 Loading class sun/nio/cs/Surrogate
Event: 289.632 Loading class sun/nio/cs/Surrogate done
Event: 298.746 Loading class sun/net/ConnectionResetException
Event: 298.748 Loading class sun/net/ConnectionResetException done

Classes unloaded (0 events):
No events

Classes redefined (0 events):
No events

Internal exceptions (20 events):
Event: 287.006 Thread 0x0000021f0c030500 Exception <a 'java/lang/NoSuchMethodError'{0x0000000623ff2520}: static Lorg/gradle/tooling/internal/consumer/versioning/VersionDetails;.<clinit>()V> (0x0000000623ff2520) 
thrown [s\src\hotspot\share\prims\jni.cpp, line 1112]
Event: 287.007 Thread 0x0000021f0c030500 Exception <a 'java/lang/NoSuchMethodError'{0x0000000623ff4f90}: static Lorg/gradle/tooling/internal/consumer/versioning/VersionDetails$R26VersionDetails;.<clinit>()V> (0x0000000623ff4f90) 
thrown [s\src\hotspot\share\prims\jni.cpp, line 1112]
Event: 287.007 Thread 0x0000021f0c030500 Exception <a 'java/lang/NoSuchMethodError'{0x0000000623ff65b8}: static Lorg/gradle/tooling/internal/consumer/versioning/VersionDetails$R28VersionDetails;.<clinit>()V> (0x0000000623ff65b8) 
thrown [s\src\hotspot\share\prims\jni.cpp, line 1112]
Event: 287.008 Thread 0x0000021f0c030500 Exception <a 'java/lang/NoSuchMethodError'{0x0000000623ff7b70}: static Lorg/gradle/tooling/internal/consumer/versioning/VersionDetails$R35VersionDetails;.<clinit>()V> (0x0000000623ff7b70) 
thrown [s\src\hotspot\share\prims\jni.cpp, line 1112]
Event: 287.008 Thread 0x0000021f0c030500 Exception <a 'java/lang/NoSuchMethodError'{0x0000000623ff92f0}: static Lorg/gradle/tooling/internal/consumer/versioning/VersionDetails$R44VersionDetails;.<clinit>()V> (0x0000000623ff92f0) 
thrown [s\src\hotspot\share\prims\jni.cpp, line 1112]
Event: 287.008 Thread 0x0000021f0c030500 Exception <a 'java/lang/NoSuchMethodError'{0x0000000623ffa9a8}: static Lorg/gradle/tooling/internal/consumer/versioning/VersionDetails$R48VersionDetails;.<clinit>()V> (0x0000000623ffa9a8) 
thrown [s\src\hotspot\share\prims\jni.cpp, line 1112]
Event: 287.008 Thread 0x0000021f0c030500 Exception <a 'java/lang/NoSuchMethodError'{0x0000000623ffbed0}: static Lorg/gradle/tooling/internal/consumer/versioning/VersionDetails$R51VersionDetails;.<clinit>()V> (0x0000000623ffbed0) 
thrown [s\src\hotspot\share\prims\jni.cpp, line 1112]
Event: 287.069 Thread 0x0000021f0c030500 Exception <a 'java/lang/NoSuchMethodError'{0x000000062380e388}: static [Lorg/gradle/tooling/BuildAction;.<clinit>()V> (0x000000062380e388) 
thrown [s\src\hotspot\share\prims\jni.cpp, line 1112]
Event: 287.078 Thread 0x0000021f0c030500 Exception <a 'java/lang/NoSuchMethodError'{0x000000062381ed98}: static Lorg/eclipse/buildship/core/internal/workspace/TellGradleToRunSynchronizationTasks;.<clinit>()V> (0x000000062381ed98) 
thrown [s\src\hotspot\share\prims\jni.cpp, line 1112]
Event: 288.626 Thread 0x0000021f0c030500 Exception <a 'sun/nio/fs/WindowsException'{0x00000006239cd938}> (0x00000006239cd938) 
thrown [s\src\hotspot\share\prims\jni.cpp, line 516]
Event: 288.627 Thread 0x0000021f0c030500 Exception <a 'sun/nio/fs/WindowsException'{0x00000006239cf0a0}> (0x00000006239cf0a0) 
thrown [s\src\hotspot\share\prims\jni.cpp, line 516]
Event: 288.628 Thread 0x0000021f0c030500 Exception <a 'sun/nio/fs/WindowsException'{0x00000006239d07f8}> (0x00000006239d07f8) 
thrown [s\src\hotspot\share\prims\jni.cpp, line 516]
Event: 288.628 Thread 0x0000021f0c030500 Exception <a 'sun/nio/fs/WindowsException'{0x00000006239d1d98}> (0x00000006239d1d98) 
thrown [s\src\hotspot\share\prims\jni.cpp, line 516]
Event: 290.266 Thread 0x0000021f0c030500 Exception <a 'sun/nio/fs/WindowsException'{0x0000000623b4bb88}> (0x0000000623b4bb88) 
thrown [s\src\hotspot\share\prims\jni.cpp, line 516]
Event: 290.266 Thread 0x0000021f0c030500 Exception <a 'sun/nio/fs/WindowsException'{0x0000000623b4d840}> (0x0000000623b4d840) 
thrown [s\src\hotspot\share\prims\jni.cpp, line 516]
Event: 290.268 Thread 0x0000021f0c030500 Exception <a 'sun/nio/fs/WindowsException'{0x0000000623b4f4e8}> (0x0000000623b4f4e8) 
thrown [s\src\hotspot\share\prims\jni.cpp, line 516]
Event: 290.269 Thread 0x0000021f0c030500 Exception <a 'sun/nio/fs/WindowsException'{0x0000000623b50d80}> (0x0000000623b50d80) 
thrown [s\src\hotspot\share\prims\jni.cpp, line 516]
Event: 298.750 Thread 0x0000021f0c02c330 Exception <a 'sun/net/ConnectionResetException'{0x0000000624aaba88}: Connection reset> (0x0000000624aaba88) 
thrown [s\src\hotspot\share\prims\jni.cpp, line 535]
Event: 298.773 Thread 0x0000021f0c02ebb0 Exception <a 'java/io/IOException'{0x0000000624b4b5b8}: Connection reset by peer> (0x0000000624b4b5b8) 
thrown [s\src\hotspot\share\prims\jni.cpp, line 535]
Event: 298.889 Thread 0x0000021f0c02a9e0 Exception <a 'java/io/IOException'{0x00000006212a74e0}: Connection reset by peer> (0x00000006212a74e0) 
thrown [s\src\hotspot\share\prims\jni.cpp, line 535]

VM Operations (20 events):
Event: 289.546 Executing VM operation: HandshakeAllThreads
Event: 289.547 Executing VM operation: HandshakeAllThreads done
Event: 289.554 Executing VM operation: HandshakeAllThreads
Event: 289.554 Executing VM operation: HandshakeAllThreads done
Event: 290.567 Executing VM operation: Cleanup
Event: 290.567 Executing VM operation: Cleanup done
Event: 291.569 Executing VM operation: Cleanup
Event: 291.585 Executing VM operation: Cleanup done
Event: 293.599 Executing VM operation: Cleanup
Event: 293.600 Executing VM operation: Cleanup done
Event: 294.601 Executing VM operation: Cleanup
Event: 294.601 Executing VM operation: Cleanup done
Event: 295.610 Executing VM operation: Cleanup
Event: 295.658 Executing VM operation: Cleanup done
Event: 296.672 Executing VM operation: Cleanup
Event: 296.695 Executing VM operation: Cleanup done
Event: 297.709 Executing VM operation: Cleanup
Event: 297.836 Executing VM operation: Cleanup done
Event: 298.841 Executing VM operation: Cleanup
Event: 298.888 Executing VM operation: Cleanup done

Memory protections (0 events):
No events

Nmethod flushes (20 events):
Event: 104.792 Thread 0x0000021ec09ec750 flushing  nmethod 0x0000021e8dcb5c90
Event: 104.794 Thread 0x0000021ec09ec750 flushing  nmethod 0x0000021e8ddeed10
Event: 104.794 Thread 0x0000021ec09ec750 flushing  nmethod 0x0000021e8de02410
Event: 104.794 Thread 0x0000021ec09ec750 flushing  nmethod 0x0000021e8de1e090
Event: 104.794 Thread 0x0000021ec09ec750 flushing  nmethod 0x0000021e8de57690
Event: 104.795 Thread 0x0000021ec09ec750 flushing  nmethod 0x0000021e8dec3e10
Event: 104.795 Thread 0x0000021ec09ec750 flushing  nmethod 0x0000021e8df37f90
Event: 104.796 Thread 0x0000021ec09ec750 flushing  nmethod 0x0000021e8df89990
Event: 104.797 Thread 0x0000021ec09ec750 flushing  nmethod 0x0000021e8e051090
Event: 104.798 Thread 0x0000021ec09ec750 flushing  nmethod 0x0000021e8e1a3290
Event: 104.799 Thread 0x0000021ec09ec750 flushing  nmethod 0x0000021e8e38b090
Event: 104.812 Thread 0x0000021ec09ec750 flushing  nmethod 0x0000021e8f38e190
Event: 104.815 Thread 0x0000021ec09ec750 flushing  nmethod 0x0000021e8f8f6f10
Event: 104.818 Thread 0x0000021ec09ec750 flushing  nmethod 0x0000021e8fc46610
Event: 104.818 Thread 0x0000021ec09ec750 flushing  nmethod 0x0000021e8fc51a90
Event: 104.818 Thread 0x0000021ec09ec750 flushing  nmethod 0x0000021e8fc52610
Event: 104.818 Thread 0x0000021ec09ec750 flushing  nmethod 0x0000021e8fcdfe90
Event: 104.819 Thread 0x0000021ec09ec750 flushing  nmethod 0x0000021e8fdc9b10
Event: 104.823 Thread 0x0000021ec09ec750 flushing  nmethod 0x0000021e90578990
Event: 104.824 Thread 0x0000021ec09ec750 flushing  nmethod 0x0000021e905a9f90

Events (20 events):
Event: 289.109 Thread 0x0000021f0c030500 Thread added: 0x0000021f0c02f5d0
Event: 289.405 Thread 0x0000021f0c030500 Thread added: 0x0000021f0c02b910
Event: 290.437 Thread 0x0000021f09c99840 Thread added: 0x0000021f10e23070
Event: 294.399 Thread 0x0000021f0c030500 Thread added: 0x0000021f10e22650
Event: 294.400 Thread 0x0000021f0c030500 Thread added: 0x0000021f10e1f8c0
Event: 294.401 Thread 0x0000021f0c030500 Thread added: 0x0000021f10e207f0
Event: 294.402 Thread 0x0000021f0c030500 Thread added: 0x0000021f10e1d040
Event: 294.403 Thread 0x0000021f0c030500 Thread added: 0x0000021f10e21c30
Event: 294.407 Thread 0x0000021f0c030500 Thread added: 0x0000021f10e22b60
Event: 294.407 Thread 0x0000021f0c030500 Thread added: 0x0000021f10e1eea0
Event: 294.602 Thread 0x0000021f0c030500 Thread added: 0x0000021f10e1da60
Event: 294.605 Thread 0x0000021f0c030500 Thread added: 0x0000021f10e1fdd0
Event: 294.607 Thread 0x0000021f0c030500 Thread added: 0x0000021f10e1df70
Event: 294.608 Thread 0x0000021f0c030500 Thread added: 0x0000021f10e202e0
Event: 294.609 Thread 0x0000021f0c030500 Thread added: 0x0000021f10e1c620
Event: 294.610 Thread 0x0000021f0c030500 Thread added: 0x0000021f10e1d550
Event: 294.611 Thread 0x0000021f0c030500 Thread added: 0x0000021f10e20d00
Event: 295.561 Thread 0x0000021f0c030500 Thread added: 0x0000021f10e1e480
Event: 298.776 Thread 0x0000021f0c02ebb0 Thread exited: 0x0000021f0c02ebb0
Event: 298.890 Thread 0x0000021f0c02a9e0 Thread exited: 0x0000021f0c02a9e0


Dynamic libraries:
0x00007ff611d00000 - 0x00007ff611d0e000 	C:\Program Files\Eclipse Adoptium\jdk-17.0.19.10-hotspot\bin\java.exe
0x00007ffc36af0000 - 0x00007ffc36d07000 	C:\WINDOWS\SYSTEM32\ntdll.dll
0x00007ffc353c0000 - 0x00007ffc35484000 	C:\WINDOWS\System32\KERNEL32.DLL
0x00007ffc34020000 - 0x00007ffc343f2000 	C:\WINDOWS\System32\KERNELBASE.dll
0x00007ffc344b0000 - 0x00007ffc345c1000 	C:\WINDOWS\System32\ucrtbase.dll
0x00007ffc2c2b0000 - 0x00007ffc2c2ce000 	C:\Program Files\Eclipse Adoptium\jdk-17.0.19.10-hotspot\bin\VCRUNTIME140.dll
0x00007ffc2c2f0000 - 0x00007ffc2c308000 	C:\Program Files\Eclipse Adoptium\jdk-17.0.19.10-hotspot\bin\jli.dll
0x00007ffc35900000 - 0x00007ffc35ab1000 	C:\WINDOWS\System32\USER32.dll
0x00007ffc33f50000 - 0x00007ffc33f76000 	C:\WINDOWS\System32\win32u.dll
0x00007ffc1eab0000 - 0x00007ffc1ed4b000 	C:\WINDOWS\WinSxS\amd64_microsoft.windows.common-controls_6595b64144ccf1df_6.0.22621.5547_none_27104afb73855772\COMCTL32.dll
0x00007ffc35bb0000 - 0x00007ffc35bd9000 	C:\WINDOWS\System32\GDI32.dll
0x00007ffc356b0000 - 0x00007ffc35757000 	C:\WINDOWS\System32\msvcrt.dll
0x00007ffc345d0000 - 0x00007ffc346f3000 	C:\WINDOWS\System32\gdi32full.dll
0x00007ffc33f80000 - 0x00007ffc3401a000 	C:\WINDOWS\System32\msvcp_win.dll
0x00007ffc35be0000 - 0x00007ffc35c11000 	C:\WINDOWS\System32\IMM32.DLL
0x00007ffc2bb70000 - 0x00007ffc2bb7c000 	C:\Program Files\Eclipse Adoptium\jdk-17.0.19.10-hotspot\bin\vcruntime140_1.dll
0x00007ffc11670000 - 0x00007ffc116fd000 	C:\Program Files\Eclipse Adoptium\jdk-17.0.19.10-hotspot\bin\msvcp140.dll
0x00007ffbb9070000 - 0x00007ffbb9cdc000 	C:\Program Files\Eclipse Adoptium\jdk-17.0.19.10-hotspot\bin\server\jvm.dll
0x00007ffc35c20000 - 0x00007ffc35cd1000 	C:\WINDOWS\System32\ADVAPI32.dll
0x00007ffc35f00000 - 0x00007ffc35fa8000 	C:\WINDOWS\System32\sechost.dll
0x00007ffc34480000 - 0x00007ffc344a8000 	C:\WINDOWS\System32\bcrypt.dll
0x00007ffc367f0000 - 0x00007ffc36904000 	C:\WINDOWS\System32\RPCRT4.dll
0x00007ffc35ac0000 - 0x00007ffc35b31000 	C:\WINDOWS\System32\WS2_32.dll
0x00007ffc33850000 - 0x00007ffc3389d000 	C:\WINDOWS\SYSTEM32\POWRPROF.dll
0x00007ffc267a0000 - 0x00007ffc267aa000 	C:\WINDOWS\SYSTEM32\VERSION.dll
0x00007ffc2aea0000 - 0x00007ffc2aed4000 	C:\WINDOWS\SYSTEM32\WINMM.dll
0x00007ffc33830000 - 0x00007ffc33843000 	C:\WINDOWS\SYSTEM32\UMPDC.dll
0x00007ffc32bd0000 - 0x00007ffc32be8000 	C:\WINDOWS\SYSTEM32\kernel.appcore.dll
0x00007ffc2bb60000 - 0x00007ffc2bb6a000 	C:\Program Files\Eclipse Adoptium\jdk-17.0.19.10-hotspot\bin\jimage.dll
0x00007ffc2e350000 - 0x00007ffc2e583000 	C:\WINDOWS\SYSTEM32\DBGHELP.DLL
0x00007ffc36450000 - 0x00007ffc367e3000 	C:\WINDOWS\System32\combase.dll
0x00007ffc34830000 - 0x00007ffc34907000 	C:\WINDOWS\System32\OLEAUT32.dll
0x00007ffc1ce00000 - 0x00007ffc1ce32000 	C:\WINDOWS\SYSTEM32\dbgcore.DLL
0x00007ffc34400000 - 0x00007ffc3447b000 	C:\WINDOWS\System32\bcryptPrimitives.dll
0x00007ffc2c520000 - 0x00007ffc2c52e000 	C:\Program Files\Eclipse Adoptium\jdk-17.0.19.10-hotspot\bin\instrument.dll
0x00007ffc28a20000 - 0x00007ffc28a45000 	C:\Program Files\Eclipse Adoptium\jdk-17.0.19.10-hotspot\bin\java.dll
0x00007ffc02640000 - 0x00007ffc02717000 	C:\Program Files\Eclipse Adoptium\jdk-17.0.19.10-hotspot\bin\jsvml.dll
0x00007ffc34b10000 - 0x00007ffc353b2000 	C:\WINDOWS\System32\SHELL32.dll
0x00007ffc33ca0000 - 0x00007ffc33ddf000 	C:\WINDOWS\System32\wintypes.dll
0x00007ffc31ac0000 - 0x00007ffc323dd000 	C:\WINDOWS\SYSTEM32\windows.storage.dll
0x00007ffc34980000 - 0x00007ffc34a8c000 	C:\WINDOWS\System32\SHCORE.dll
0x00007ffc36930000 - 0x00007ffc36999000 	C:\WINDOWS\System32\shlwapi.dll
0x00007ffc33b10000 - 0x00007ffc33b3b000 	C:\WINDOWS\SYSTEM32\profapi.dll
0x00007ffc1dd50000 - 0x00007ffc1dd68000 	C:\Program Files\Eclipse Adoptium\jdk-17.0.19.10-hotspot\bin\zip.dll
0x00007ffc13f40000 - 0x00007ffc13f5a000 	C:\Program Files\Eclipse Adoptium\jdk-17.0.19.10-hotspot\bin\net.dll
0x00007ffc29310000 - 0x00007ffc2943c000 	C:\WINDOWS\SYSTEM32\WINHTTP.dll
0x00007ffc33040000 - 0x00007ffc330a9000 	C:\WINDOWS\system32\mswsock.dll
0x00007ffc11e30000 - 0x00007ffc11e46000 	C:\Program Files\Eclipse Adoptium\jdk-17.0.19.10-hotspot\bin\nio.dll
0x00007ffc28a10000 - 0x00007ffc28a20000 	C:\Program Files\Eclipse Adoptium\jdk-17.0.19.10-hotspot\bin\verify.dll
0x00007ffc288f0000 - 0x00007ffc28917000 	C:\Users\admin\.gradle\native\1def1411415f61bf3af743bc5b6707747c0891f09f0c88961ee8f79bc544acac\windows-amd64\native-platform.dll
0x00007ffbe9800000 - 0x00007ffbe9878000 	C:\Users\admin\.gradle\native\0.2.7\x86_64-windows-gnu\gradle-fileevents.dll
0x00007ffc1c600000 - 0x00007ffc1c60a000 	C:\Program Files\Eclipse Adoptium\jdk-17.0.19.10-hotspot\bin\management.dll
0x00007ffc16b60000 - 0x00007ffc16b6c000 	C:\Program Files\Eclipse Adoptium\jdk-17.0.19.10-hotspot\bin\management_ext.dll
0x00007ffc36440000 - 0x00007ffc36448000 	C:\WINDOWS\System32\PSAPI.DLL
0x00007ffc32640000 - 0x00007ffc3266d000 	C:\WINDOWS\SYSTEM32\IPHLPAPI.DLL
0x00007ffc35b40000 - 0x00007ffc35b49000 	C:\WINDOWS\System32\NSI.dll
0x00007ffc292f0000 - 0x00007ffc29309000 	C:\WINDOWS\SYSTEM32\dhcpcsvc6.DLL
0x00007ffc292d0000 - 0x00007ffc292ef000 	C:\WINDOWS\SYSTEM32\dhcpcsvc.DLL
0x00007ffc326b0000 - 0x00007ffc327a8000 	C:\WINDOWS\SYSTEM32\DNSAPI.dll
0x00007ffc13940000 - 0x00007ffc13949000 	C:\Program Files\Eclipse Adoptium\jdk-17.0.19.10-hotspot\bin\extnet.dll
0x00007ffc33390000 - 0x00007ffc333ab000 	C:\WINDOWS\SYSTEM32\CRYPTSP.dll
0x00007ffc32b30000 - 0x00007ffc32b67000 	C:\WINDOWS\system32\rsaenh.dll
0x00007ffc330e0000 - 0x00007ffc33108000 	C:\WINDOWS\SYSTEM32\USERENV.dll
0x00007ffc33370000 - 0x00007ffc3337c000 	C:\WINDOWS\SYSTEM32\CRYPTBASE.dll
0x00007ffc2c4b0000 - 0x00007ffc2c4be000 	C:\Program Files\Eclipse Adoptium\jdk-17.0.19.10-hotspot\bin\sunmscapi.dll
0x00007ffc33de0000 - 0x00007ffc33f47000 	C:\WINDOWS\System32\CRYPT32.dll
0x00007ffc33510000 - 0x00007ffc3353d000 	C:\WINDOWS\SYSTEM32\ncrypt.dll
0x00007ffc334d0000 - 0x00007ffc33507000 	C:\WINDOWS\SYSTEM32\NTASN1.dll
0x00007ffc2c6f0000 - 0x00007ffc2c6f8000 	C:\WINDOWS\system32\wshunix.dll
0x00007ffc12ce0000 - 0x00007ffc12cf7000 	C:\WINDOWS\system32\napinsp.dll
0x00007ffc123d0000 - 0x00007ffc123eb000 	C:\WINDOWS\system32\pnrpnsp.dll
0x00007ffc123b0000 - 0x00007ffc123c1000 	C:\WINDOWS\System32\winrnr.dll
0x00007ffc28ef0000 - 0x00007ffc28f0f000 	C:\WINDOWS\system32\wshbth.dll
0x00007ffc1de10000 - 0x00007ffc1de31000 	C:\WINDOWS\system32\nlansp_c.dll
0x00007ffc289b0000 - 0x00007ffc289ba000 	C:\Windows\System32\rasadhlp.dll
0x00007ffc28920000 - 0x00007ffc289a4000 	C:\WINDOWS\System32\fwpuclnt.dll
0x00007ffc32ce0000 - 0x00007ffc32d14000 	C:\WINDOWS\SYSTEM32\ntmarta.dll

dbghelp: loaded successfully - version: 4.0.5 - missing functions: none
symbol engine: initialized successfully - sym options: 0x614 - pdb path: .;C:\Program Files\Eclipse Adoptium\jdk-17.0.19.10-hotspot\bin;C:\WINDOWS\SYSTEM32;C:\WINDOWS\WinSxS\amd64_microsoft.windows.common-controls_6595b64144ccf1df_6.0.22621.5547_none_27104afb73855772;C:\Program Files\Eclipse Adoptium\jdk-17.0.19.10-hotspot\bin\server;C:\Users\admin\.gradle\native\1def1411415f61bf3af743bc5b6707747c0891f09f0c88961ee8f79bc544acac\windows-amd64;C:\Users\admin\.gradle\native\0.2.7\x86_64-windows-gnu

VM Arguments:
jvm_args: --add-opens=java.base/java.lang=ALL-UNNAMED --add-opens=java.base/java.lang.invoke=ALL-UNNAMED --add-opens=java.base/java.util=ALL-UNNAMED --add-opens=java.prefs/java.util.prefs=ALL-UNNAMED --add-exports=jdk.compiler/com.sun.tools.javac.api=ALL-UNNAMED --add-exports=jdk.compiler/com.sun.tools.javac.util=ALL-UNNAMED --add-opens=java.base/java.util=ALL-UNNAMED --add-opens=java.prefs/java.util.prefs=ALL-UNNAMED --add-opens=java.base/java.nio.charset=ALL-UNNAMED --add-opens=java.base/java.net=ALL-UNNAMED --add-opens=java.base/java.util.concurrent.atomic=ALL-UNNAMED --add-opens=java.xml/javax.xml.namespace=ALL-UNNAMED -XX:MaxMetaspaceSize=4G -XX:ReservedCodeCacheSize=512m -XX:+HeapDumpOnOutOfMemoryError -Xmx8G -Dfile.encoding=UTF-8 -Duser.country=FR -Duser.language=fr -Duser.variant -javaagent:C:\Users\admin\.gradle\wrapper\dists\gradle-8.14-all\c2qonpi39x1mddn7hk5gh9iqj\gradle-8.14\lib\agents\gradle-instrumentation-agent-8.14.jar 
java_command: org.gradle.launcher.daemon.bootstrap.GradleDaemon 8.14
java_class_path (initial): C:\Users\admin\.gradle\wrapper\dists\gradle-8.14-all\c2qonpi39x1mddn7hk5gh9iqj\gradle-8.14\lib\gradle-daemon-main-8.14.jar
Launcher Type: SUN_STANDARD

[Global flags]
     intx CICompilerCount                          = 4                                         {product} {ergonomic}
     uint ConcGCThreads                            = 2                                         {product} {ergonomic}
     uint G1ConcRefinementThreads                  = 8                                         {product} {ergonomic}
   size_t G1HeapRegionSize                         = 4194304                                   {product} {ergonomic}
    uintx GCDrainStackTargetSize                   = 64                                        {product} {ergonomic}
     bool HeapDumpOnOutOfMemoryError               = true                                   {manageable} {command line}
   size_t InitialHeapSize                          = 134217728                                 {product} {ergonomic}
   size_t MarkStackSize                            = 4194304                                   {product} {ergonomic}
   size_t MaxHeapSize                              = 8589934592                                {product} {command line}
   size_t MaxMetaspaceSize                         = 4294967296                                {product} {command line}
   size_t MaxNewSize                               = 5150605312                                {product} {ergonomic}
   size_t MinHeapDeltaBytes                        = 4194304                                   {product} {ergonomic}
   size_t MinHeapSize                              = 8388608                                   {product} {ergonomic}
    uintx NonNMethodCodeHeapSize                   = 5839372                                {pd product} {ergonomic}
    uintx NonProfiledCodeHeapSize                  = 265515770                              {pd product} {ergonomic}
    uintx ProfiledCodeHeapSize                     = 265515770                              {pd product} {ergonomic}
    uintx ReservedCodeCacheSize                    = 536870912                              {pd product} {command line}
     bool SegmentedCodeCache                       = true                                      {product} {ergonomic}
   size_t SoftMaxHeapSize                          = 8589934592                             {manageable} {ergonomic}
   double SweeperThreshold                         = 0.234375                                  {product} {ergonomic}
     bool UseCompressedClassPointers               = true                           {product lp64_product} {ergonomic}
     bool UseCompressedOops                        = true                           {product lp64_product} {ergonomic}
     bool UseG1GC                                  = true                                      {product} {ergonomic}
     bool UseLargePagesIndividualAllocation        = false                                  {pd product} {ergonomic}

Logging:
Log output configuration:
 #0: stdout all=warning uptime,level,tags
 #1: stderr all=off uptime,level,tags

Environment Variables:
JAVA_HOME=C:\Program Files\Eclipse Adoptium\jdk-25.0.1.8-hotspot
PATH=C:\Program Files\Eclipse Adoptium\jdk-17.0.19.10-hotspot\bin;C:\Program Files (x86)\VMware\VMware Workstation\bin\;C:\Program Files\Python312\Scripts\;C:\Program Files\Python312\;C:\WINDOWS\system32;C:\WINDOWS;C:\WINDOWS\System32\Wbem;C:\WINDOWS\System32\WindowsPowerShell\v1.0\;C:\WINDOWS\System32\OpenSSH\;C:\Program Files (x86)\Microsoft SQL Server\160\Tools\Binn\;C:\Program Files\Microsoft SQL Server\160\Tools\Binn\;C:\Program Files\Microsoft SQL Server\Client SDK\ODBC\170\Tools\Binn\;C:\Program Files\Microsoft SQL Server\160\DTS\Binn\;C:\Program Files (x86)\Microsoft SQL Server\160\DTS\Binn\;C:\Windows\system32\python;C:\sqlite3;C:\Program Files\nodejs\;C:\MinGW\bin;C:\curl\bin;C:\curl\include;C:\MinGW;C:\MinGW\lib;C:\GnuWin32\bin;C:\OpenSSL-Win64\bin;C:\Program Files\PostgreSQL\17\bin;C:\Program Files\Eclipse Adoptium\jdk-25.0.1.8-hotspot\bin;C:\Program Files\Heroku\bin;C:\Program Files\Git\cmd;C:\Program Files (x86)\VMware\VMware Workstation\bin\;C:\Program Files\Python312\Scripts\;C:\Program Files\Python312\;C:\WINDOWS\system32;C:\WINDOWS;C:\WINDOWS\System32\Wbem;C:\WINDOWS\System32\WindowsPowerShell\v1.0\;C:\WINDOWS\System32\OpenSSH\;C:\Program Files (x86)\Microsoft SQL Server\160\Tools\Binn\;C:\Program Files\Microsoft SQL Server\160\Tools\Binn\;C:\Program Files\Microsoft SQL Server\Client SDK\ODBC\170\Tools\Binn\;C:\Program Files\Microsoft SQL Server\160\DTS\Binn\;C:\Program Files (x86)\Microsoft SQL Server\160\DTS\Binn\;C:\Windows\system32\python;C:\sqlite3;C:\Program Files\nodejs\;C:\MinGW\bin;C:\curl\bin;C:\curl\include;C:\MinGW;C:\MinGW\lib;C:\GnuWin32\bin;C:\OpenSSL-Win64\bin;C:\Program Files\PostgreSQL\17\bin;C:\Program Files\Eclipse Adoptium\jdk-25.0.1.8-hotspot\bin;C:\Program Files\Git\cmd;C:\Program Files\Docker\Docker\resources\bin;C:\Program Files\Heroku\bin;C:\Users\admin\AppData\Local\Programs\Microsoft VS Code;C:\Program Files\P;C:\flutter\bin\flutter;C:\flutter\bin;C:\Users\admin\AppData\Local\Programs\Microsoft VS Code\bin
USERNAME=admin
OS=Windows_NT
PROCESSOR_IDENTIFIER=Intel64 Family 6 Model 142 Stepping 10, GenuineIntel
TMP=C:\Users\admin\AppData\Local\Temp
TEMP=C:\Users\admin\AppData\Local\Temp



Periodic native trim disabled


---------------  S Y S T E M  ---------------

OS:
 Windows 11 , 64 bit Build 22621 (10.0.22621.5415)
OS uptime: 0 days 1:23 hours
Hyper-V role detected

CPU: total 8 (initial active 8) (4 cores per cpu, 2 threads per core) family 6 model 142 stepping 10 microcode 0xf4, cx8, cmov, fxsr, ht, mmx, 3dnowpref, sse, sse2, sse3, ssse3, sse4.1, sse4.2, popcnt, lzcnt, tsc, tscinvbit, avx, avx2, aes, erms, clmul, bmi1, bmi2, rtm, adx, fma, vzeroupper, clflush, clflushopt, hv
Processor Information for all 8 processors :
  Max Mhz: 1896, Current Mhz: 1696, Mhz Limit: 1687

Memory: 4k page, system-wide physical 8070M (189M free)
TotalPageFile size 14356M (AvailPageFile size 15M)
current process WorkingSet (physical memory assigned to process): 364M, peak: 1185M
current process commit charge ("private bytes"): 1193M, peak: 1235M

vm_info: OpenJDK 64-Bit Server VM (17.0.19+10) for windows-amd64 JRE (17.0.19+10), built on Apr 25 2026 08:04:44 by "admin" with MS VC++ 17.12 (VS2022)

END.
