#
# There is insufficient memory for the Java Runtime Environment to continue.
# Native memory allocation (mmap) failed to map 15728640 bytes. Error detail: G1 virtual space
# Possible reasons:
#   The system is out of physical RAM or swap space
#   This process is running with CompressedOops enabled, and the Java Heap may be blocking the growth of the native heap
# Possible solutions:
#   Reduce memory load on the system
#   Increase physical memory or swap space
#   Check if swap backing store is full
#   Decrease Java heap size (-Xmx/-Xms)
#   Decrease number of Java threads
#   Decrease Java thread stack sizes (-Xss)
#   Set larger code cache with -XX:ReservedCodeCacheSize=
#   JVM is running with Unscaled Compressed Oops mode in which the Java heap is
#     placed in the first 4GB address space. The Java Heap base address is the
#     maximum limit for the native heap growth. Please use -XX:HeapBaseMinAddress
#     to set the Java Heap base and to place the Java Heap above 4GB virtual address.
# This output file may be truncated or incomplete.
#
#  Out of Memory Error (os_windows.cpp:3618), pid=11792, tid=19216
#
# JRE version: OpenJDK Runtime Environment Temurin-17.0.19+10 (17.0.19+10) (build 17.0.19+10)
# Java VM: OpenJDK 64-Bit Server VM Temurin-17.0.19+10 (17.0.19+10, mixed mode, sharing, tiered, compressed oops, compressed class ptrs, g1 gc, windows-amd64)
# No core dump will be written. Minidumps are not enabled by default on client versions of Windows
#

---------------  S U M M A R Y ------------

Command Line: org.jetbrains.kotlin.cli.jvm.K2JVMCompiler @C:\flutter\packages\flutter_tools\gradle\build\20260920_13034865561130200640.compiler.options

Host: Intel(R) Core(TM) i5-8350U CPU @ 1.70GHz, 8 cores, 7G,  Windows 11 , 64 bit Build 22621 (10.0.22621.5415)
Time: Sun Sep 20 18:49:08 2026 Paris, Madrid (heure duild 22621 (10.0.22621.5415) elapsed time: 57.312130 seconds (0d 0h 0m 57s)

---------------  T H R E A D  ---------------

Current thread (0x000002d3f8a5aa10):  VMThread "VM Thread" [stack: 0x000000d414500000,0x000000d414600000] [id=19216]

Stack: [0x000000d414500000,0x000000d414600000]
Native frames: (J=compiled Java code, j=interpreted, Vv=VM code, C=native code)
V  [jvm.dll+0x684b29]
V  [jvm.dll+0x83a2d5]
V  [jvm.dll+0x83bd4e]
V  [jvm.dll+0x83c3d3]
V  [jvm.dll+0x24905f]
V  [jvm.dll+0x6818e9]
V  [jvm.dll+0x6766ea]
V  [jvm.dll+0x3093b7]
V  [jvm.dll+0x3109a6]
V  [jvm.dll+0x360f1e]
V  [jvm.dll+0x36115d]
V  [jvm.dll+0x2e043c]
V  [jvm.dll+0x2e34c6]
V  [jvm.dll+0x2edc04]
V  [jvm.dll+0x320edd]
V  [jvm.dll+0x840bed]
V  [jvm.dll+0x841923]
V  [jvm.dll+0x841e4f]
V  [jvm.dll+0x842235]
V  [jvm.dll+0x8422fe]
V  [jvm.dll+0x7eaf1c]
V  [jvm.dll+0x6839f7]
C  [ucrtbase.dll+0x29333]
C  [KERNEL32.DLL+0x1259d]
C  [ntdll.dll+0x5af78]

VM_Operation (0x000000d4141ff590): G1PauseRemark, mode: safepoint, requested by thread 0x000002d3da6e9bd0


---------------  P R O C E S S  ---------------

Threads class SMR info:
_java_thread_list=0x000002d3ff628b70, length=13, elements={
0x000002d3da67ce20, 0x000002d3f8a5ec40, 0x000002d3f8a60ad0, 0x000002d3f8a77730,
0x000002d3f8a782f0, 0x000002d3f8a79cc0, 0x000002d3f8a7a680, 0x000002d3f8a7b420,
0x000002d3f8a80a80, 0x000002d3f8a883d0, 0x000002d3f8ce2820, 0x000002d3f8ce93d0,
0x000002d3fdb46f60
}

Java Threads: ( => current thread )
  0x000002d3da67ce20 JavaThread "main" [_thread_blocked, id=6272, stack(0x000000d413f00000,0x000000d414000000)]
  0x000002d3f8a5ec40 JavaThread "Reference Handler" daemon [_thread_blocked, id=15364, stack(0x000000d414600000,0x000000d414700000)]
  0x000002d3f8a60ad0 JavaThread "Finalizer" daemon [_thread_blocked, id=13656, stack(0x000000d414700000,0x000000d414800000)]
  0x000002d3f8a77730 JavaThread "Signal Dispatcher" daemon [_thread_blocked, id=16700, stack(0x000000d414800000,0x000000d414900000)]
  0x000002d3f8a782f0 JavaThread "Attach Listener" daemon [_thread_blocked, id=13276, stack(0x000000d414900000,0x000000d414a00000)]
  0x000002d3f8a79cc0 JavaThread "Service Thread" daemon [_thread_blocked, id=11840, stack(0x000000d414a00000,0x000000d414b00000)]
  0x000002d3f8a7a680 JavaThread "Monitor Deflation Thread" daemon [_thread_blocked, id=1344, stack(0x000000d414b00000,0x000000d414c00000)]
  0x000002d3f8a7b420 JavaThread "C2 CompilerThread0" daemon [_thread_blocked, id=14788, stack(0x000000d414c00000,0x000000d414d00000)]
  0x000002d3f8a80a80 JavaThread "C1 CompilerThread0" daemon [_thread_blocked, id=5456, stack(0x000000d414d00000,0x000000d414e00000)]
  0x000002d3f8a883d0 JavaThread "Sweeper thread" daemon [_thread_blocked, id=16620, stack(0x000000d414e00000,0x000000d414f00000)]
  0x000002d3f8ce2820 JavaThread "Notification Thread" daemon [_thread_blocked, id=15680, stack(0x000000d414f00000,0x000000d415000000)]
  0x000002d3f8ce93d0 JavaThread "Common-Cleaner" daemon [_thread_blocked, id=676, stack(0x000000d415100000,0x000000d415200000)]
  0x000002d3fdb46f60 JavaThread "C2 CompilerThread1" daemon [_thread_in_native, id=8728, stack(0x000000d415900000,0x000000d415a00000)]

Other Threads:
=>0x000002d3f8a5aa10 VMThread "VM Thread" [stack: 0x000000d414500000,0x000000d414600000] [id=19216]
  0x000002d3f8ce5120 WatcherThread [stack: 0x000000d415000000,0x000000d415100000] [id=11972]
  0x000002d3da6d9040 GCTaskThread "GC Thread#0" [stack: 0x000000d414000000,0x000000d414100000] [id=1752]
  0x000002d3fd266130 GCTaskThread "GC Thread#1" [stack: 0x000000d415200000,0x000000d415300000] [id=14412]
  0x000002d3fd2663f0 GCTaskThread "GC Thread#2" [stack: 0x000000d415300000,0x000000d415400000] [id=2272]
  0x000002d3fd270870 GCTaskThread "GC Thread#3" [stack: 0x000000d415400000,0x000000d415500000] [id=18772]
  0x000002d3fd270b30 GCTaskThread "GC Thread#4" [stack: 0x000000d415500000,0x000000d415600000] [id=5084]
  0x000002d3fd274e00 GCTaskThread "GC Thread#5" [stack: 0x000000d415600000,0x000000d415700000] [id=14856]
  0x000002d3fd3c5800 GCTaskThread "GC Thread#6" [stack: 0x000000d415700000,0x000000d415800000] [id=5064]
  0x000002d3fd5bb1c0 GCTaskThread "GC Thread#7" [stack: 0x000000d415800000,0x000000d415900000] [id=19248]
  0x000002d3da6e9bd0 ConcurrentGCThread "G1 Main Marker" [stack: 0x000000d414100000,0x000000d414200000] [id=9696]
  0x000002d3da6ea5f0 ConcurrentGCThread "G1 Conc#0" [stack: 0x000000d414200000,0x000000d414300000] [id=8048]
  0x000002d3fd5b7360 ConcurrentGCThread "G1 Conc#1" [stack: 0x000000d415b00000,0x000000d415c00000] [id=18780]
  0x000002d3da72eaf0 ConcurrentGCThread "G1 Refine#0" [stack: 0x000000d414300000,0x000000d414400000] [id=6308]
  0x000002d3fe13ede0 ConcurrentGCThread "G1 Refine#1" [stack: 0x000000d415c00000,0x000000d415d00000] [id=7048]
  0x000002d3f8913a30 ConcurrentGCThread "G1 Service" [stack: 0x000000d414400000,0x000000d414500000] [id=13924]

Threads with active compile tasks:
C2 CompilerThread0  57357 10420       4       org.jetbrains.kotlin.types.TypeSubstitutor::substituteTypeArguments (208 bytes)
C2 CompilerThread1  57357 10335       4       org.jetbrains.kotlin.types.AbstractTypeChecker::checkSubtypeForSpecialCases (789 bytes)

VM state: at safepoint (normal execution)

VM Mutex/Monitor currently owned by a thread:  ([mutex/lock_event])
[0x000002d3da679180] Threads_lock - owner thread: 0x000002d3f8a5aa10
[0x000002d3da6786d0] Heap_lock - owner thread: 0x000002d3da6e9bd0

Heap address: 0x0000000081e00000, size: 2018 MB, Compressed Oops mode: 32-bit

CDS archive(s) mapped at: [0x000002d380000000-0x000002d380bb0000-0x000002d380bb0000), size 12255232, SharedBaseAddress: 0x000002d380000000, ArchiveRelocationMode: 1.
Compressed class space mapped at: 0x000002d381000000-0x000002d3c1000000, reserved size: 1073741824
Narrow klass base: 0x000002d380000000, Narrow klass shift: 0, Narrow klass range: 0x100000000

GC Precious Log:
 CPUs: 8 total, 8 available
 Memory: 8070M
 Large Page Support: Disabled
 NUMA Support: Disabled
 Compressed Oops: Enabled (32-bit)
 Heap Region Size: 1M
 Heap Min Capacity: 8M
 Heap Initial Capacity: 128M
 Heap Max Capacity: 2018M
 Pre-touch: Disabled
 Parallel Workers: 8
 Concurrent Workers: 2
 Concurrent Refinement Workers: 8
 Periodic GC: Disabled

Heap:
 garbage-first heap   total 115712K, used 79081K [0x0000000081e00000, 0x0000000100000000)
  region size 1024K, 5 young (5120K), 3 survivors (3072K)
 Metaspace       used 54648K, committed 55040K, reserved 1114112K
  class space    used 6183K, committed 6400K, reserved 1048576K

Heap Regions: E=young(eden), S=young(survivor), O=old, HS=humongous(starts), HC=humongous(continues), CS=collection set, F=free, OA=open archive, CA=closed archive, TAMS=top-at-mark-start (previous, next)
|   0|0x0000000081e00000, 0x0000000081f00000, 0x0000000081f00000|100%|HS|  |TAMS 0x0000000081f00000, 0x0000000081e00000| Complete 
|   1|0x0000000081f00000, 0x0000000082000000, 0x0000000082000000|100%|HC|  |TAMS 0x0000000082000000, 0x0000000081f00000| Complete 
|   2|0x0000000082000000, 0x0000000082100000, 0x0000000082100000|100%|HC|  |TAMS 0x0000000082100000, 0x0000000082000000| Complete 
|   3|0x0000000082100000, 0x0000000082200000, 0x0000000082200000|100%| O|  |TAMS 0x0000000082200000, 0x0000000082100000| Untracked 
|   4|0x0000000082200000, 0x0000000082300000, 0x0000000082300000|100%| O|  |TAMS 0x0000000082300000, 0x0000000082200000| Updating 
|   5|0x0000000082300000, 0x0000000082400000, 0x0000000082400000|100%| O|  |TAMS 0x0000000082400000, 0x0000000082300000| Untracked 
|   6|0x0000000082400000, 0x0000000082500000, 0x0000000082500000|100%| O|  |TAMS 0x0000000082500000, 0x0000000082400000| Updating 
|   7|0x0000000082500000, 0x0000000082600000, 0x0000000082600000|100%| O|  |TAMS 0x0000000082600000, 0x0000000082500000| Untracked 
|   8|0x0000000082600000, 0x0000000082700000, 0x0000000082700000|100%| O|  |TAMS 0x0000000082700000, 0x0000000082600000| Untracked 
|   9|0x0000000082700000, 0x0000000082800000, 0x0000000082800000|100%| O|  |TAMS 0x0000000082800000, 0x0000000082700000| Untracked 
|  10|0x0000000082800000, 0x0000000082900000, 0x0000000082900000|100%| O|  |TAMS 0x0000000082900000, 0x0000000082800000| Untracked 
|  11|0x0000000082900000, 0x0000000082a00000, 0x0000000082a00000|100%| O|  |TAMS 0x0000000082a00000, 0x0000000082900000| Untracked 
|  12|0x0000000082a00000, 0x0000000082b00000, 0x0000000082b00000|100%| O|  |TAMS 0x0000000082b00000, 0x0000000082a00000| Untracked 
|  13|0x0000000082b00000, 0x0000000082c00000, 0x0000000082c00000|100%| O|  |TAMS 0x0000000082c00000, 0x0000000082b00000| Untracked 
|  14|0x0000000082c00000, 0x0000000082d00000, 0x0000000082d00000|100%| O|  |TAMS 0x0000000082d00000, 0x0000000082c00000| Untracked 
|  15|0x0000000082d00000, 0x0000000082e00000, 0x0000000082e00000|100%| O|  |TAMS 0x0000000082e00000, 0x0000000082d00000| Untracked 
|  16|0x0000000082e00000, 0x0000000082f00000, 0x0000000082f00000|100%| O|  |TAMS 0x0000000082f00000, 0x0000000082e00000| Updating 
|  17|0x0000000082f00000, 0x0000000083000000, 0x0000000083000000|100%| O|  |TAMS 0x0000000083000000, 0x0000000082f00000| Untracked 
|  18|0x0000000083000000, 0x0000000083100000, 0x0000000083100000|100%|HS|  |TAMS 0x0000000083100000, 0x0000000083000000| Complete 
|  19|0x0000000083100000, 0x0000000083200000, 0x0000000083200000|100%| O|  |TAMS 0x0000000083200000, 0x0000000083100000| Updating 
|  20|0x0000000083200000, 0x0000000083300000, 0x0000000083300000|100%| O|  |TAMS 0x0000000083300000, 0x0000000083200000| Updating 
|  21|0x0000000083300000, 0x0000000083400000, 0x0000000083400000|100%| O|  |TAMS 0x0000000083400000, 0x0000000083300000| Updating 
|  22|0x0000000083400000, 0x0000000083500000, 0x0000000083500000|100%| O|  |TAMS 0x0000000083500000, 0x0000000083400000| Untracked 
|  23|0x0000000083500000, 0x0000000083600000, 0x0000000083600000|100%| O|  |TAMS 0x0000000083600000, 0x0000000083500000| Untracked 
|  24|0x0000000083600000, 0x0000000083700000, 0x0000000083700000|100%| O|  |TAMS 0x0000000083700000, 0x0000000083600000| Untracked 
|  25|0x0000000083700000, 0x0000000083800000, 0x0000000083800000|100%| O|  |TAMS 0x0000000083800000, 0x0000000083700000| Untracked 
|  26|0x0000000083800000, 0x0000000083900000, 0x0000000083900000|100%| O|  |TAMS 0x0000000083900000, 0x0000000083800000| Untracked 
|  27|0x0000000083900000, 0x0000000083a00000, 0x0000000083a00000|100%| O|  |TAMS 0x0000000083a00000, 0x0000000083900000| Updating 
|  28|0x0000000083a00000, 0x0000000083b00000, 0x0000000083b00000|100%|HS|  |TAMS 0x0000000083b00000, 0x0000000083a00000| Complete 
|  29|0x0000000083b00000, 0x0000000083c00000, 0x0000000083c00000|100%|HC|  |TAMS 0x0000000083c00000, 0x0000000083b00000| Complete 
|  30|0x0000000083c00000, 0x0000000083d00000, 0x0000000083d00000|100%|HC|  |TAMS 0x0000000083d00000, 0x0000000083c00000| Complete 
|  31|0x0000000083d00000, 0x0000000083e00000, 0x0000000083e00000|100%|HC|  |TAMS 0x0000000083e00000, 0x0000000083d00000| Complete 
|  32|0x0000000083e00000, 0x0000000083f00000, 0x0000000083f00000|100%|HC|  |TAMS 0x0000000083f00000, 0x0000000083e00000| Complete 
|  33|0x0000000083f00000, 0x0000000084000000, 0x0000000084000000|100%|HC|  |TAMS 0x0000000084000000, 0x0000000083f00000| Complete 
|  34|0x0000000084000000, 0x0000000084100000, 0x0000000084100000|100%|HS|  |TAMS 0x0000000084100000, 0x0000000084000000| Complete 
|  35|0x0000000084100000, 0x0000000084200000, 0x0000000084200000|100%|HS|  |TAMS 0x0000000084200000, 0x0000000084100000| Complete 
|  36|0x0000000084200000, 0x0000000084300000, 0x0000000084300000|100%|HC|  |TAMS 0x0000000084300000, 0x0000000084200000| Complete 
|  37|0x0000000084300000, 0x0000000084400000, 0x0000000084400000|100%|HS|  |TAMS 0x0000000084400000, 0x0000000084300000| Complete 
|  38|0x0000000084400000, 0x0000000084500000, 0x0000000084500000|100%| O|  |TAMS 0x0000000084500000, 0x0000000084400000| Untracked 
|  39|0x0000000084500000, 0x0000000084600000, 0x0000000084600000|100%| O|  |TAMS 0x0000000084600000, 0x0000000084500000| Untracked 
|  40|0x0000000084600000, 0x0000000084700000, 0x0000000084700000|100%| O|  |TAMS 0x0000000084700000, 0x0000000084600000| Untracked 
|  41|0x0000000084700000, 0x0000000084800000, 0x0000000084800000|100%| O|  |TAMS 0x0000000084800000, 0x0000000084700000| Untracked 
|  42|0x0000000084800000, 0x0000000084900000, 0x0000000084900000|100%| O|  |TAMS 0x0000000084900000, 0x0000000084800000| Updating 
|  43|0x0000000084900000, 0x0000000084a00000, 0x0000000084a00000|100%| O|  |TAMS 0x0000000084a00000, 0x0000000084900000| Untracked 
|  44|0x0000000084a00000, 0x0000000084b00000, 0x0000000084b00000|100%| O|  |TAMS 0x0000000084b00000, 0x0000000084a00000| Untracked 
|  45|0x0000000084b00000, 0x0000000084b00000, 0x0000000084c00000|  0%| F|  |TAMS 0x0000000084b00000, 0x0000000084b00000| Untracked 
|  46|0x0000000084c00000, 0x0000000084d00000, 0x0000000084d00000|100%| O|  |TAMS 0x0000000084d00000, 0x0000000084c00000| Untracked 
|  47|0x0000000084d00000, 0x0000000084e00000, 0x0000000084e00000|100%| O|  |TAMS 0x0000000084e00000, 0x0000000084d00000| Untracked 
|  48|0x0000000084e00000, 0x0000000084f00000, 0x0000000084f00000|100%| O|  |TAMS 0x0000000084f00000, 0x0000000084e00000| Untracked 
|  49|0x0000000084f00000, 0x0000000085000000, 0x0000000085000000|100%| O|  |TAMS 0x0000000085000000, 0x0000000084f00000| Untracked 
|  50|0x0000000085000000, 0x0000000085100000, 0x0000000085100000|100%| O|  |TAMS 0x0000000085100000, 0x0000000085000000| Updating 
|  51|0x0000000085100000, 0x0000000085200000, 0x0000000085200000|100%| O|  |TAMS 0x0000000085200000, 0x0000000085100000| Updating 
|  52|0x0000000085200000, 0x0000000085300000, 0x0000000085300000|100%| O|  |TAMS 0x0000000085300000, 0x0000000085200000| Updating 
|  53|0x0000000085300000, 0x0000000085400000, 0x0000000085400000|100%| O|  |TAMS 0x0000000085400000, 0x0000000085300000| Untracked 
|  54|0x0000000085400000, 0x0000000085500000, 0x0000000085500000|100%| O|  |TAMS 0x0000000085500000, 0x0000000085400000| Updating 
|  55|0x0000000085500000, 0x0000000085600000, 0x0000000085600000|100%| O|  |TAMS 0x0000000085600000, 0x0000000085500000| Untracked 
|  56|0x0000000085600000, 0x0000000085700000, 0x0000000085700000|100%| O|  |TAMS 0x0000000085700000, 0x0000000085600000| Untracked 
|  57|0x0000000085700000, 0x0000000085800000, 0x0000000085800000|100%| O|  |TAMS 0x0000000085800000, 0x0000000085700000| Untracked 
|  58|0x0000000085800000, 0x0000000085900000, 0x0000000085900000|100%| O|  |TAMS 0x0000000085900000, 0x0000000085800000| Untracked 
|  59|0x0000000085900000, 0x0000000085a00000, 0x0000000085a00000|100%| O|  |TAMS 0x0000000085a00000, 0x0000000085900000| Untracked 
|  60|0x0000000085a00000, 0x0000000085b00000, 0x0000000085b00000|100%| O|  |TAMS 0x0000000085b00000, 0x0000000085a00000| Untracked 
|  61|0x0000000085b00000, 0x0000000085c00000, 0x0000000085c00000|100%| O|  |TAMS 0x0000000085c00000, 0x0000000085b00000| Untracked 
|  62|0x0000000085c00000, 0x0000000085d00000, 0x0000000085d00000|100%| O|  |TAMS 0x0000000085d00000, 0x0000000085c00000| Untracked 
|  63|0x0000000085d00000, 0x0000000085e00000, 0x0000000085e00000|100%| O|  |TAMS 0x0000000085e00000, 0x0000000085d00000| Updating 
|  64|0x0000000085e00000, 0x0000000085f00000, 0x0000000085f00000|100%| O|  |TAMS 0x0000000085f00000, 0x0000000085e00000| Untracked 
|  65|0x0000000085f00000, 0x0000000086000000, 0x0000000086000000|100%| O|  |TAMS 0x0000000086000000, 0x0000000085f00000| Untracked 
|  66|0x0000000086000000, 0x0000000086100000, 0x0000000086100000|100%| O|  |TAMS 0x0000000086100000, 0x0000000086000000| Updating 
|  67|0x0000000086100000, 0x0000000086200000, 0x0000000086200000|100%| O|  |TAMS 0x0000000086200000, 0x0000000086100000| Untracked 
|  68|0x0000000086200000, 0x0000000086300000, 0x0000000086300000|100%| O|  |TAMS 0x0000000086300000, 0x0000000086200000| Untracked 
|  69|0x0000000086300000, 0x0000000086400000, 0x0000000086400000|100%| O|  |TAMS 0x0000000086400000, 0x0000000086300000| Updating 
|  70|0x0000000086400000, 0x0000000086500000, 0x0000000086500000|100%| O|  |TAMS 0x0000000086500000, 0x0000000086400000| Updating 
|  71|0x0000000086500000, 0x0000000086600000, 0x0000000086600000|100%| O|  |TAMS 0x0000000086600000, 0x0000000086500000| Untracked 
|  72|0x0000000086600000, 0x0000000086700000, 0x0000000086700000|100%| O|  |TAMS 0x0000000086662000, 0x0000000086600000| Untracked 
|  73|0x0000000086700000, 0x0000000086800000, 0x0000000086800000|100%| O|  |TAMS 0x0000000086700000, 0x0000000086700000| Untracked 
|  74|0x0000000086800000, 0x00000000868fd200, 0x0000000086900000| 98%| O|  |TAMS 0x0000000086800000, 0x0000000086800000| Untracked 
|  75|0x0000000086900000, 0x0000000086900000, 0x0000000086a00000|  0%| F|  |TAMS 0x0000000086900000, 0x0000000086900000| Untracked 
|  76|0x0000000086a00000, 0x0000000086a00000, 0x0000000086b00000|  0%| F|  |TAMS 0x0000000086a00000, 0x0000000086a00000| Untracked 
|  77|0x0000000086b00000, 0x0000000086b00000, 0x0000000086c00000|  0%| F|  |TAMS 0x0000000086b00000, 0x0000000086b00000| Untracked 
|  78|0x0000000086c00000, 0x0000000086c00000, 0x0000000086d00000|  0%| F|  |TAMS 0x0000000086c00000, 0x0000000086c00000| Untracked 
|  79|0x0000000086d00000, 0x0000000086d00000, 0x0000000086e00000|  0%| F|  |TAMS 0x0000000086d00000, 0x0000000086d00000| Untracked 
|  80|0x0000000086e00000, 0x0000000086e00000, 0x0000000086f00000|  0%| F|  |TAMS 0x0000000086e00000, 0x0000000086e00000| Untracked 
|  81|0x0000000086f00000, 0x0000000086f00000, 0x0000000087000000|  0%| F|  |TAMS 0x0000000086f00000, 0x0000000086f00000| Untracked 
|  82|0x0000000087000000, 0x0000000087000000, 0x0000000087100000|  0%| F|  |TAMS 0x0000000087000000, 0x0000000087000000| Untracked 
|  83|0x0000000087100000, 0x0000000087100000, 0x0000000087200000|  0%| F|  |TAMS 0x0000000087100000, 0x0000000087100000| Untracked 
|  84|0x0000000087200000, 0x0000000087200000, 0x0000000087300000|  0%| F|  |TAMS 0x0000000087200000, 0x0000000087200000| Untracked 
|  85|0x0000000087300000, 0x0000000087300000, 0x0000000087400000|  0%| F|  |TAMS 0x0000000087300000, 0x0000000087300000| Untracked 
|  86|0x0000000087400000, 0x0000000087400000, 0x0000000087500000|  0%| F|  |TAMS 0x0000000087400000, 0x0000000087400000| Untracked 
|  87|0x0000000087500000, 0x0000000087500000, 0x0000000087600000|  0%| F|  |TAMS 0x0000000087500000, 0x0000000087500000| Untracked 
|  88|0x0000000087600000, 0x0000000087600000, 0x0000000087700000|  0%| F|  |TAMS 0x0000000087600000, 0x0000000087600000| Untracked 
|  89|0x0000000087700000, 0x000000008773d418, 0x0000000087800000| 23%| S|CS|TAMS 0x0000000087700000, 0x0000000087700000| Complete 
|  90|0x0000000087800000, 0x0000000087800000, 0x0000000087900000|  0%| F|  |TAMS 0x0000000087800000, 0x0000000087800000| Untracked 
|  91|0x0000000087900000, 0x0000000087900000, 0x0000000087a00000|  0%| F|  |TAMS 0x0000000087900000, 0x0000000087900000| Untracked 
|  92|0x0000000087a00000, 0x0000000087a00000, 0x0000000087b00000|  0%| F|  |TAMS 0x0000000087a00000, 0x0000000087a00000| Untracked 
|  93|0x0000000087b00000, 0x0000000087c00000, 0x0000000087c00000|100%| S|CS|TAMS 0x0000000087b00000, 0x0000000087b00000| Complete 
|  94|0x0000000087c00000, 0x0000000087d00000, 0x0000000087d00000|100%| S|CS|TAMS 0x0000000087c00000, 0x0000000087c00000| Complete 
|  95|0x0000000087d00000, 0x0000000087d00000, 0x0000000087e00000|  0%| F|  |TAMS 0x0000000087d00000, 0x0000000087d00000| Untracked 
|  96|0x0000000087e00000, 0x0000000087e00000, 0x0000000087f00000|  0%| F|  |TAMS 0x0000000087e00000, 0x0000000087e00000| Untracked 
|  97|0x0000000087f00000, 0x0000000087f00000, 0x0000000088000000|  0%| F|  |TAMS 0x0000000087f00000, 0x0000000087f00000| Untracked 
|  98|0x0000000088000000, 0x0000000088000000, 0x0000000088100000|  0%| F|  |TAMS 0x0000000088000000, 0x0000000088000000| Untracked 
|  99|0x0000000088100000, 0x0000000088100000, 0x0000000088200000|  0%| F|  |TAMS 0x0000000088100000, 0x0000000088100000| Untracked 
| 100|0x0000000088200000, 0x0000000088200000, 0x0000000088300000|  0%| F|  |TAMS 0x0000000088200000, 0x0000000088200000| Untracked 
| 101|0x0000000088300000, 0x0000000088300000, 0x0000000088400000|  0%| F|  |TAMS 0x0000000088300000, 0x0000000088300000| Untracked 
| 102|0x0000000088400000, 0x0000000088400000, 0x0000000088500000|  0%| F|  |TAMS 0x0000000088400000, 0x0000000088400000| Untracked 
| 103|0x0000000088500000, 0x0000000088500000, 0x0000000088600000|  0%| F|  |TAMS 0x0000000088500000, 0x0000000088500000| Untracked 
| 104|0x0000000088600000, 0x0000000088600000, 0x0000000088700000|  0%| F|  |TAMS 0x0000000088600000, 0x0000000088600000| Untracked 
| 105|0x0000000088700000, 0x0000000088700000, 0x0000000088800000|  0%| F|  |TAMS 0x0000000088700000, 0x0000000088700000| Untracked 
| 106|0x0000000088800000, 0x0000000088800000, 0x0000000088900000|  0%| F|  |TAMS 0x0000000088800000, 0x0000000088800000| Untracked 
| 107|0x0000000088900000, 0x0000000088900000, 0x0000000088a00000|  0%| F|  |TAMS 0x0000000088900000, 0x0000000088900000| Untracked 
| 108|0x0000000088a00000, 0x0000000088a00000, 0x0000000088b00000|  0%| F|  |TAMS 0x0000000088a00000, 0x0000000088a00000| Untracked 
| 109|0x0000000088b00000, 0x0000000088b00000, 0x0000000088c00000|  0%| F|  |TAMS 0x0000000088b00000, 0x0000000088b00000| Untracked 
| 110|0x0000000088c00000, 0x0000000088c00000, 0x0000000088d00000|  0%| F|  |TAMS 0x0000000088c00000, 0x0000000088c00000| Untracked 
| 111|0x0000000088d00000, 0x0000000088df4420, 0x0000000088e00000| 95%| E|  |TAMS 0x0000000088d00000, 0x0000000088d00000| Complete 
| 127|0x0000000089d00000, 0x0000000089e00000, 0x0000000089e00000|100%| E|CS|TAMS 0x0000000089d00000, 0x0000000089d00000| Complete 

Card table byte_map: [0x000002d3f1930000,0x000002d3f1d30000] _byte_map_base: 0x000002d3f1521000

Marking Bits (Prev, Next): (CMBitMap*) 0x000002d3da6d9660, (CMBitMap*) 0x000002d3da6d96a0
 Prev Bits: [0x000002d3f2130000, 0x000002d3f40b8000)
 Next Bits: [0x000002d3f40c0000, 0x000002d3f6048000)

Polling page: 0x000002d3d8630000

Metaspace:

Usage:
  Non-class:     47.33 MB used.
      Class:      6.04 MB used.
       Both:     53.37 MB used.

Virtual space:
  Non-class space:       64.00 MB reserved,      47.50 MB ( 74%) committed,  1 nodes.
      Class space:        1.00 GB reserved,       6.25 MB ( <1%) committed,  1 nodes.
             Both:        1.06 GB reserved,      53.75 MB (  5%) committed. 

Chunk freelists:
   Non-Class:  15.75 MB
       Class:  9.73 MB
        Both:  25.48 MB

MaxMetaspaceSize: unlimited
CompressedClassSpaceSize: 1.00 GB
Initial GC threshold: 21.00 MB
Current GC threshold: 85.56 MB
CDS: on
MetaspaceReclaimPolicy: balanced
 - commit_granule_bytes: 65536.
 - commit_granule_words: 8192.
 - virtual_space_node_default_size: 8388608.
 - enlarge_chunks_in_place: 1.
 - new_chunks_are_fully_committed: 0.
 - uncommit_free_chunks: 1.
 - use_allocation_guard: 0.
 - handle_deallocations: 1.


Internal statistics:

num_allocs_failed_limit: 6.
num_arena_births: 364.
num_arena_deaths: 0.
num_vsnodes_births: 2.
num_vsnodes_deaths: 0.
num_space_committed: 858.
num_space_uncommitted: 0.
num_chunks_returned_to_freelist: 6.
num_chunks_taken_from_freelist: 2435.
num_chunk_merges: 6.
num_chunk_splits: 1843.
num_chunks_enlarged: 1569.
num_inconsistent_stats: 0.

CodeHeap 'non-profiled nmethods': size=120000Kb used=5457Kb max_used=5457Kb free=114542Kb
 bounds [0x000002d3e9cd0000, 0x000002d3ea230000, 0x000002d3f1200000]
CodeHeap 'profiled nmethods': size=120000Kb used=28409Kb max_used=28409Kb free=91590Kb
 bounds [0x000002d3e2200000, 0x000002d3e3dd0000, 0x000002d3e9730000]
CodeHeap 'non-nmethods': size=5760Kb used=1313Kb max_used=1402Kb free=4446Kb
 bounds [0x000002d3e9730000, 0x000002d3e99a0000, 0x000002d3e9cd0000]
 total_blobs=9711 nmethods=9087 adapters=534
 compilation: enabled
              stopped_count=0, restarted_count=0
 full_count=0

Compilation events (20 events):
Event: 57.217 Thread 0x000002d3f8a80a80 10447       3       org.jetbrains.kotlin.util.Check$DefaultImpls::invoke (27 bytes)
Event: 57.218 Thread 0x000002d3f8a80a80 nmethod 10447 0x000002d3e3db8e10 code [0x000002d3e3db9060, 0x000002d3e3db97f8]
Event: 57.232 Thread 0x000002d3f8a80a80 10448       3       org.jetbrains.kotlin.resolve.calls.results.AbstractOverloadResolutionResults::isSuccess (8 bytes)
Event: 57.232 Thread 0x000002d3f8a80a80 nmethod 10448 0x000002d3e3db9a90 code [0x000002d3e3db9c40, 0x000002d3e3db9e28]
Event: 57.242 Thread 0x000002d3f8a80a80 10449       3       org.jetbrains.kotlin.load.java.lazy.descriptors.LazyJavaScope$$Lambda$399/0x000002d381461b70::invoke (8 bytes)
Event: 57.242 Thread 0x000002d3f8a80a80 nmethod 10449 0x000002d3e3db9f10 code [0x000002d3e3dba0c0, 0x000002d3e3dba2e8]
Event: 57.242 Thread 0x000002d3f8a80a80 10450       3       org.jetbrains.kotlin.load.java.lazy.descriptors.LazyJavaScope::declaredMemberIndex$lambda$1 (5 bytes)
Event: 57.242 Thread 0x000002d3f8a80a80 nmethod 10450 0x000002d3e3dba410 code [0x000002d3e3dba5c0, 0x000002d3e3dba768]
Event: 57.242 Thread 0x000002d3f8a80a80 10451       3       org.jetbrains.kotlin.load.java.structure.impl.classFiles.BinaryJavaClass::getRecordComponents (8 bytes)
Event: 57.242 Thread 0x000002d3f8a80a80 nmethod 10451 0x000002d3e3dba810 code [0x000002d3e3dba9a0, 0x000002d3e3dbaab8]
Event: 57.249 Thread 0x000002d3f8a80a80 10452       3       org.jetbrains.kotlin.psi.KtFunctionNotStubbed::getValueParameterList (11 bytes)
Event: 57.249 Thread 0x000002d3f8a80a80 nmethod 10452 0x000002d3e3dbab90 code [0x000002d3e3dbad80, 0x000002d3e3dbb3a8]
Event: 57.251 Thread 0x000002d3f8a80a80 10453       3       org.jetbrains.kotlin.resolve.calls.inference.components.ConstraintSystemCompletionContext::extractUpperTypesToCheckIntersectionEmptiness (223 bytes)
Event: 57.254 Thread 0x000002d3f8a80a80 nmethod 10453 0x000002d3e3dbb590 code [0x000002d3e3dbbaa0, 0x000002d3e3dbe928]
Event: 57.261 Thread 0x000002d3f8a80a80 10454       3       org.jetbrains.kotlin.resolve.calls.util.FakeCallableDescriptorForObject::getOriginal (8 bytes)
Event: 57.262 Thread 0x000002d3f8a80a80 nmethod 10454 0x000002d3e3dbf910 code [0x000002d3e3dbfac0, 0x000002d3e3dbfcb8]
Event: 57.264 Thread 0x000002d3f8a80a80 10455       3       org.jetbrains.kotlin.descriptors.impl.ValueParameterDescriptorImpl::getCompileTimeInitializer (8 bytes)
Event: 57.264 Thread 0x000002d3f8a80a80 nmethod 10455 0x000002d3e3dbfd90 code [0x000002d3e3dbff40, 0x000002d3e3dc0138]
Event: 57.276 Thread 0x000002d3f8a80a80 10456       1       org.jetbrains.kotlin.resolve.calls.tower.PSIFunctionKotlinCallArgument::getDataFlowInfoBeforeThisArgument (5 bytes)
Event: 57.276 Thread 0x000002d3f8a80a80 nmethod 10456 0x000002d3ea224490 code [0x000002d3ea224620, 0x000002d3ea2246f8]

GC Heap History (20 events):
Event: 24.125 GC heap before
{Heap before GC invocations=14 (full 0):
 garbage-first heap   total 96256K, used 56839K [0x0000000081e00000, 0x0000000100000000)
  region size 1024K, 4 young (4096K), 2 survivors (2048K)
 Metaspace       used 43886K, committed 44288K, reserved 1114112K
  class space    used 5373K, committed 5568K, reserved 1048576K
}
Event: 24.134 GC heap after
{Heap after GC invocations=15 (full 0):
 garbage-first heap   total 115712K, used 55171K [0x0000000081e00000, 0x0000000100000000)
  region size 1024K, 1 young (1024K), 1 survivors (1024K)
 Metaspace       used 43886K, committed 44288K, reserved 1114112K
  class space    used 5373K, committed 5568K, reserved 1048576K
}
Event: 32.205 GC heap before
{Heap before GC invocations=15 (full 0):
 garbage-first heap   total 115712K, used 87939K [0x0000000081e00000, 0x0000000100000000)
  region size 1024K, 33 young (33792K), 1 survivors (1024K)
 Metaspace       used 47524K, committed 47872K, reserved 1114112K
  class space    used 5697K, committed 5888K, reserved 1048576K
}
Event: 32.234 GC heap after
{Heap after GC invocations=16 (full 0):
 garbage-first heap   total 115712K, used 61440K [0x0000000081e00000, 0x0000000100000000)
  region size 1024K, 5 young (5120K), 5 survivors (5120K)
 Metaspace       used 47524K, committed 47872K, reserved 1114112K
  class space    used 5697K, committed 5888K, reserved 1048576K
}
Event: 37.485 GC heap before
{Heap before GC invocations=17 (full 0):
 garbage-first heap   total 115712K, used 90112K [0x0000000081e00000, 0x0000000100000000)
  region size 1024K, 33 young (33792K), 5 survivors (5120K)
 Metaspace       used 50826K, committed 51200K, reserved 1114112K
  class space    used 6023K, committed 6208K, reserved 1048576K
}
Event: 37.518 GC heap after
{Heap after GC invocations=18 (full 0):
 garbage-first heap   total 115712K, used 64927K [0x0000000081e00000, 0x0000000100000000)
  region size 1024K, 4 young (4096K), 4 survivors (4096K)
 Metaspace       used 50826K, committed 51200K, reserved 1114112K
  class space    used 6023K, committed 6208K, reserved 1048576K
}
Event: 37.573 GC heap before
{Heap before GC invocations=18 (full 0):
 garbage-first heap   total 115712K, used 64927K [0x0000000081e00000, 0x0000000100000000)
  region size 1024K, 5 young (5120K), 4 survivors (4096K)
 Metaspace       used 50879K, committed 51264K, reserved 1114112K
  class space    used 6028K, committed 6208K, reserved 1048576K
}
Event: 37.591 GC heap after
{Heap after GC invocations=19 (full 0):
 garbage-first heap   total 115712K, used 63850K [0x0000000081e00000, 0x0000000100000000)
  region size 1024K, 1 young (1024K), 1 survivors (1024K)
 Metaspace       used 50879K, committed 51264K, reserved 1114112K
  class space    used 6028K, committed 6208K, reserved 1048576K
}
Event: 42.399 GC heap before
{Heap before GC invocations=19 (full 0):
 garbage-first heap   total 115712K, used 90474K [0x0000000081e00000, 0x0000000100000000)
  region size 1024K, 27 young (27648K), 1 survivors (1024K)
 Metaspace       used 52188K, committed 52544K, reserved 1114112K
  class space    used 6109K, committed 6272K, reserved 1048576K
}
Event: 42.419 GC heap after
{Heap after GC invocations=20 (full 0):
 garbage-first heap   total 115712K, used 66956K [0x0000000081e00000, 0x0000000100000000)
  region size 1024K, 4 young (4096K), 4 survivors (4096K)
 Metaspace       used 52188K, committed 52544K, reserved 1114112K
  class space    used 6109K, committed 6272K, reserved 1048576K
}
Event: 47.180 GC heap before
{Heap before GC invocations=21 (full 0):
 garbage-first heap   total 115712K, used 92556K [0x0000000081e00000, 0x0000000100000000)
  region size 1024K, 29 young (29696K), 4 survivors (4096K)
 Metaspace       used 53360K, committed 53760K, reserved 1114112K
  class space    used 6144K, committed 6336K, reserved 1048576K
}
Event: 47.205 GC heap after
{Heap after GC invocations=22 (full 0):
 garbage-first heap   total 115712K, used 71750K [0x0000000081e00000, 0x0000000100000000)
  region size 1024K, 4 young (4096K), 4 survivors (4096K)
 Metaspace       used 53360K, committed 53760K, reserved 1114112K
  class space    used 6144K, committed 6336K, reserved 1048576K
}
Event: 47.208 GC heap before
{Heap before GC invocations=22 (full 0):
 garbage-first heap   total 115712K, used 72774K [0x0000000081e00000, 0x0000000100000000)
  region size 1024K, 5 young (5120K), 4 survivors (4096K)
 Metaspace       used 53360K, committed 53760K, reserved 1114112K
  class space    used 6144K, committed 6336K, reserved 1048576K
}
Event: 47.222 GC heap after
{Heap after GC invocations=23 (full 0):
 garbage-first heap   total 115712K, used 71083K [0x0000000081e00000, 0x0000000100000000)
  region size 1024K, 1 young (1024K), 1 survivors (1024K)
 Metaspace       used 53360K, committed 53760K, reserved 1114112K
  class space    used 6144K, committed 6336K, reserved 1048576K
}
Event: 50.534 GC heap before
{Heap before GC invocations=23 (full 0):
 garbage-first heap   total 115712K, used 92587K [0x0000000081e00000, 0x0000000100000000)
  region size 1024K, 23 young (23552K), 1 survivors (1024K)
 Metaspace       used 53866K, committed 54208K, reserved 1114112K
  class space    used 6157K, committed 6336K, reserved 1048576K
}
Event: 50.553 GC heap after
{Heap after GC invocations=24 (full 0):
 garbage-first heap   total 115712K, used 74044K [0x0000000081e00000, 0x0000000100000000)
  region size 1024K, 3 young (3072K), 3 survivors (3072K)
 Metaspace       used 53866K, committed 54208K, reserved 1114112K
  class space    used 6157K, committed 6336K, reserved 1048576K
}
Event: 54.268 GC heap before
{Heap before GC invocations=24 (full 0):
 garbage-first heap   total 115712K, used 94524K [0x0000000081e00000, 0x0000000100000000)
  region size 1024K, 23 young (23552K), 3 survivors (3072K)
 Metaspace       used 54354K, committed 54720K, reserved 1114112K
  class space    used 6169K, committed 6336K, reserved 1048576K
}
Event: 54.290 GC heap after
{Heap after GC invocations=25 (full 0):
 garbage-first heap   total 115712K, used 76674K [0x0000000081e00000, 0x0000000100000000)
  region size 1024K, 3 young (3072K), 3 survivors (3072K)
 Metaspace       used 54354K, committed 54720K, reserved 1114112K
  class space    used 6169K, committed 6336K, reserved 1048576K
}
Event: 57.129 GC heap before
{Heap before GC invocations=25 (full 0):
 garbage-first heap   total 115712K, used 95106K [0x0000000081e00000, 0x0000000100000000)
  region size 1024K, 21 young (21504K), 3 survivors (3072K)
 Metaspace       used 54639K, committed 55040K, reserved 1114112K
  class space    used 6183K, committed 6400K, reserved 1048576K
}
Event: 57.149 GC heap after
{Heap after GC invocations=26 (full 0):
 garbage-first heap   total 115712K, used 79081K [0x0000000081e00000, 0x0000000100000000)
  region size 1024K, 3 young (3072K), 3 survivors (3072K)
 Metaspace       used 54639K, committed 55040K, reserved 1114112K
  class space    used 6183K, committed 6400K, reserved 1048576K
}

Dll operation events (7 events):
Event: 0.017 Loaded shared library C:\Program Files\Eclipse Adoptium\jdk-17.0.19.10-hotspot\bin\java.dll
Event: 0.084 Loaded shared library C:\Program Files\Eclipse Adoptium\jdk-17.0.19.10-hotspot\bin\jsvml.dll
Event: 0.236 Loaded shared library C:\Program Files\Eclipse Adoptium\jdk-17.0.19.10-hotspot\bin\net.dll
Event: 0.307 Loaded shared library C:\Program Files\Eclipse Adoptium\jdk-17.0.19.10-hotspot\bin\nio.dll
Event: 0.414 Loaded shared library C:\Program Files\Eclipse Adoptium\jdk-17.0.19.10-hotspot\bin\zip.dll
Event: 0.504 Loaded shared library C:\Program Files\Eclipse Adoptium\jdk-17.0.19.10-hotspot\bin\jimage.dll
Event: 7.692 Loaded shared library C:\Program Files\Eclipse Adoptium\jdk-17.0.19.10-hotspot\bin\verify.dll

Deoptimization events (20 events):
Event: 55.457 Thread 0x000002d3da67ce20 Uncommon trap: trap_request=0xffffff45 fr.pc=0x000002d3ea081a0c relative=0x000000000000128c
Event: 55.457 Thread 0x000002d3da67ce20 Uncommon trap: reason=unstable_if action=reinterpret pc=0x000002d3ea081a0c method=org.jetbrains.kotlin.psi.KtPsiUtil.deparenthesizeOnce(Lorg/jetbrains/kotlin/psi/KtExpression;Z)Lorg/jetbrains/kotlin/psi/KtExpression; @ 23 c2
Event: 55.457 Thread 0x000002d3da67ce20 DEOPT PACKING pc=0x000002d3ea081a0c sp=0x000000d413ff3ec0
Event: 55.457 Thread 0x000002d3da67ce20 DEOPT UNPACKING pc=0x000002d3e97869a3 sp=0x000000d413ff3d50 mode 2
Event: 55.619 Thread 0x000002d3da67ce20 Uncommon trap: trap_request=0xffffffde fr.pc=0x000002d3e9e71ca4 relative=0x0000000000002ba4
Event: 55.619 Thread 0x000002d3da67ce20 Uncommon trap: reason=class_check action=maybe_recompile pc=0x000002d3e9e71ca4 method=org.jetbrains.kotlin.resolve.calls.util.PsiUtilsKt.getCalleeExpressionIfAny(Lorg/jetbrains/kotlin/psi/KtElement;)Lorg/jetbrains/kotlin/psi/KtExpression; @ 63 c2
Event: 55.619 Thread 0x000002d3da67ce20 DEOPT PACKING pc=0x000002d3e9e71ca4 sp=0x000000d413ffb4e0
Event: 55.619 Thread 0x000002d3da67ce20 DEOPT UNPACKING pc=0x000002d3e97869a3 sp=0x000000d413ffb4c0 mode 2
Event: 55.629 Thread 0x000002d3da67ce20 Uncommon trap: trap_request=0xffffffde fr.pc=0x000002d3e9e71ca4 relative=0x0000000000002ba4
Event: 55.629 Thread 0x000002d3da67ce20 Uncommon trap: reason=class_check action=maybe_recompile pc=0x000002d3e9e71ca4 method=org.jetbrains.kotlin.resolve.calls.util.PsiUtilsKt.getCalleeExpressionIfAny(Lorg/jetbrains/kotlin/psi/KtElement;)Lorg/jetbrains/kotlin/psi/KtExpression; @ 63 c2
Event: 55.629 Thread 0x000002d3da67ce20 DEOPT PACKING pc=0x000002d3e9e71ca4 sp=0x000000d413ffaf60
Event: 55.629 Thread 0x000002d3da67ce20 DEOPT UNPACKING pc=0x000002d3e97869a3 sp=0x000000d413ffaf40 mode 2
Event: 55.629 Thread 0x000002d3da67ce20 Uncommon trap: trap_request=0xffffffde fr.pc=0x000002d3e9e71ca4 relative=0x0000000000002ba4
Event: 55.629 Thread 0x000002d3da67ce20 Uncommon trap: reason=class_check action=maybe_recompile pc=0x000002d3e9e71ca4 method=org.jetbrains.kotlin.resolve.calls.util.PsiUtilsKt.getCalleeExpressionIfAny(Lorg/jetbrains/kotlin/psi/KtElement;)Lorg/jetbrains/kotlin/psi/KtExpression; @ 63 c2
Event: 55.629 Thread 0x000002d3da67ce20 DEOPT PACKING pc=0x000002d3e9e71ca4 sp=0x000000d413ffaf60
Event: 55.629 Thread 0x000002d3da67ce20 DEOPT UNPACKING pc=0x000002d3e97869a3 sp=0x000000d413ffaf40 mode 2
Event: 55.630 Thread 0x000002d3da67ce20 Uncommon trap: trap_request=0xffffffde fr.pc=0x000002d3e9e71ca4 relative=0x0000000000002ba4
Event: 55.630 Thread 0x000002d3da67ce20 Uncommon trap: reason=class_check action=maybe_recompile pc=0x000002d3e9e71ca4 method=org.jetbrains.kotlin.resolve.calls.util.PsiUtilsKt.getCalleeExpressionIfAny(Lorg/jetbrains/kotlin/psi/KtElement;)Lorg/jetbrains/kotlin/psi/KtExpression; @ 63 c2
Event: 55.630 Thread 0x000002d3da67ce20 DEOPT PACKING pc=0x000002d3e9e71ca4 sp=0x000000d413ffaee0
Event: 55.630 Thread 0x000002d3da67ce20 DEOPT UNPACKING pc=0x000002d3e97869a3 sp=0x000000d413ffaec0 mode 2

Classes loaded (20 events):
Event: 18.706 Loading class java/text/CharacterIterator done
Event: 18.706 Loading class java/text/StringCharacterIterator done
Event: 23.248 Loading class java/util/stream/LongStream
Event: 23.249 Loading class java/util/stream/LongStream done
Event: 23.249 Loading class java/util/stream/DoubleStream
Event: 23.334 Loading class java/util/stream/DoubleStream done
Event: 24.031 Loading class java/util/EnumMap$EntrySet
Event: 24.032 Loading class java/util/EnumMap$EntrySet done
Event: 24.033 Loading class java/util/EnumMap$EntryIterator
Event: 24.033 Loading class java/util/EnumMap$EnumMapIterator
Event: 24.033 Loading class java/util/EnumMap$EnumMapIterator done
Event: 24.033 Loading class java/util/EnumMap$EntryIterator done
Event: 24.033 Loading class java/util/EnumMap$EntryIterator$Entry
Event: 24.033 Loading class java/util/EnumMap$EntryIterator$Entry done
Event: 30.192 Loading class java/util/RegularEnumSet$EnumSetIterator
Event: 30.192 Loading class java/util/RegularEnumSet$EnumSetIterator done
Event: 38.080 Loading class java/util/Collections$2
Event: 38.081 Loading class java/util/Collections$2 done
Event: 45.946 Loading class java/util/concurrent/locks/AbstractQueuedSynchronizer$Node
Event: 45.958 Loading class java/util/concurrent/locks/AbstractQueuedSynchronizer$Node done

Classes unloaded (0 events):
No events

Classes redefined (0 events):
No events

Internal exceptions (20 events):
Event: 30.189 Thread 0x000002d3da67ce20 Exception <a 'java/lang/NoSuchMethodError'{0x000000008768c128}: 'java.lang.Object java.lang.invoke.DirectMethodHandle$Holder.newInvokeSpecial(java.lang.Object, java.lang.Object, java.lang.Object, java.lang.Object, java.lang.Object, java.lang.Object, java.lang.Object, int, java.lang.Object)'> (0x000000008768c128) 
thrown [s\src\hotspot\share\interpreter\linkResolver.cpp, line 759]
Event: 30.195 Thread 0x000002d3da67ce20 Exception <a 'java/lang/NoSuchMethodError'{0x00000000876a33d0}: 'java.lang.Object java.lang.invoke.DirectMethodHandle$Holder.newInvokeSpecial(java.lang.Object, java.lang.Object, java.lang.Object, java.lang.Object, java.lang.Object, java.lang.Object, java.lang.Object, java.lang.Object, java.lang.Object)'> (0x00000000876a33d0) 
thrown [s\src\hotspot\share\interpreter\linkResolver.cpp, line 759]
Event: 30.196 Thread 0x000002d3da67ce20 Exception <a 'java/lang/NoSuchMethodError'{0x00000000876a8670}: 'java.lang.Object java.lang.invoke.DirectMethodHandle$Holder.invokeSpecial(java.lang.Object, java.lang.Object, java.lang.Object, java.lang.Object, java.lang.Object, java.lang.Object, java.lang.Object, java.lang.Object, java.lang.Object, java.lang.Object)'> (0x00000000876a8670) 
thrown [s\src\hotspot\share\interpreter\linkResolver.cpp, line 759]
Event: 30.196 Thread 0x000002d3da67ce20 Exception <a 'java/lang/NoSuchMethodError'{0x00000000876acc38}: 'java.lang.Object java.lang.invoke.Invokers$Holder.linkToTargetMethod(java.lang.Object, java.lang.Object, java.lang.Object, java.lang.Object, java.lang.Object, java.lang.Object, java.lang.Object, java.lang.Object, java.lang.Object)'> (0x00000000876acc38) 
thrown [s\src\hotspot\share\interpreter\linkResolver.cpp, line 759]
Event: 34.442 Thread 0x000002d3da67ce20 Exception <a 'java/lang/NoSuchMethodError'{0x000000008814fdc8}: 'int java.lang.invoke.DirectMethodHandle$Holder.invokeStaticInit(java.lang.Object, int)'> (0x000000008814fdc8) 
thrown [s\src\hotspot\share\interpreter\linkResolver.cpp, line 759]
Event: 34.510 Thread 0x000002d3da67ce20 Implicit null exception at 0x000002d3e9dab5b3 to 0x000002d3e9dab6ac
Event: 34.510 Thread 0x000002d3da67ce20 Implicit null exception at 0x000002d3e9d7d9e0 to 0x000002d3e9d7da7a
Event: 34.512 Thread 0x000002d3da67ce20 Exception <a 'java/lang/NoSuchMethodError'{0x000000008818a148}: 'java.lang.Object java.lang.invoke.DirectMethodHandle$Holder.invokeStatic(java.lang.Object, int, java.lang.Object)'> (0x000000008818a148) 
thrown [s\src\hotspot\share\interpreter\linkResolver.cpp, line 759]
Event: 34.524 Thread 0x000002d3da67ce20 Implicit null exception at 0x000002d3e9d468af to 0x000002d3e9d46929
Event: 34.841 Thread 0x000002d3da67ce20 Implicit null exception at 0x000002d3e9e383cc to 0x000002d3e9e384c0
Event: 35.976 Thread 0x000002d3da67ce20 Exception <a 'java/lang/NoSuchMethodError'{0x0000000087affce0}: 'java.lang.Object java.lang.invoke.DirectMethodHandle$Holder.newInvokeSpecial(java.lang.Object, int, java.lang.Object, java.lang.Object)'> (0x0000000087affce0) 
thrown [s\src\hotspot\share\interpreter\linkResolver.cpp, line 759]
Event: 35.977 Thread 0x000002d3da67ce20 Exception <a 'java/lang/NoSuchMethodError'{0x00000000879046b0}: 'java.lang.Object java.lang.invoke.DirectMethodHandle$Holder.invokeSpecial(java.lang.Object, java.lang.Object, int, java.lang.Object, java.lang.Object)'> (0x00000000879046b0) 
thrown [s\src\hotspot\share\interpreter\linkResolver.cpp, line 759]
Event: 37.889 Thread 0x000002d3da67ce20 Exception <a 'java/lang/NoSuchMethodError'{0x0000000088cf7d20}: 'java.lang.Object java.lang.invoke.DirectMethodHandle$Holder.invokeInterface(java.lang.Object, java.lang.Object, java.lang.Object)'> (0x0000000088cf7d20) 
thrown [s\src\hotspot\share\interpreter\linkResolver.cpp, line 759]
Event: 37.890 Thread 0x000002d3da67ce20 Exception <a 'java/lang/IncompatibleClassChangeError'{0x0000000088cfb690}: Found class java.lang.Object, but interface was expected> (0x0000000088cfb690) 
thrown [s\src\hotspot\share\interpreter\linkResolver.cpp, line 826]
Event: 38.708 Thread 0x000002d3da67ce20 Exception <a 'java/lang/NoSuchMethodError'{0x00000000887fcbf8}: 'java.lang.Object java.lang.invoke.DirectMethodHandle$Holder.invokeStatic(java.lang.Object, java.lang.Object, int, java.lang.Object)'> (0x00000000887fcbf8) 
thrown [s\src\hotspot\share\interpreter\linkResolver.cpp, line 759]
Event: 38.711 Thread 0x000002d3da67ce20 Exception <a 'java/lang/NoSuchMethodError'{0x00000000886050b8}: 'java.lang.Object java.lang.invoke.DirectMethodHandle$Holder.newInvokeSpecial(java.lang.Object, java.lang.Object, int, java.lang.Object)'> (0x00000000886050b8) 
thrown [s\src\hotspot\share\interpreter\linkResolver.cpp, line 759]
Event: 38.712 Thread 0x000002d3da67ce20 Exception <a 'java/lang/NoSuchMethodError'{0x00000000886099b8}: 'java.lang.Object java.lang.invoke.DirectMethodHandle$Holder.invokeSpecial(java.lang.Object, java.lang.Object, java.lang.Object, int, java.lang.Object)'> (0x00000000886099b8) 
thrown [s\src\hotspot\share\interpreter\linkResolver.cpp, line 759]
Event: 38.713 Thread 0x000002d3da67ce20 Exception <a 'java/lang/NoSuchMethodError'{0x000000008860db88}: 'java.lang.Object java.lang.invoke.Invokers$Holder.linkToTargetMethod(java.lang.Object, int, java.lang.Object, java.lang.Object)'> (0x000000008860db88) 
thrown [s\src\hotspot\share\interpreter\linkResolver.cpp, line 759]
Event: 52.683 Thread 0x000002d3da67ce20 Implicit null exception at 0x000002d3e9d4808f to 0x000002d3e9d48658
Event: 52.987 Thread 0x000002d3da67ce20 Implicit null exception at 0x000002d3ea15e207 to 0x000002d3ea15f87c

VM Operations (20 events):
Event: 52.464 Executing VM operation: ICBufferFull done
Event: 52.982 Executing VM operation: HandshakeAllThreads
Event: 52.982 Executing VM operation: HandshakeAllThreads done
Event: 53.184 Executing VM operation: ICBufferFull
Event: 53.184 Executing VM operation: ICBufferFull done
Event: 54.195 Executing VM operation: Cleanup
Event: 54.243 Executing VM operation: Cleanup done
Event: 54.268 Executing VM operation: G1CollectForAllocation
Event: 54.290 Executing VM operation: G1CollectForAllocation done
Event: 54.725 Executing VM operation: ICBufferFull
Event: 54.725 Executing VM operation: ICBufferFull done
Event: 55.551 Executing VM operation: HandshakeAllThreads
Event: 55.552 Executing VM operation: HandshakeAllThreads done
Event: 55.557 Executing VM operation: ICBufferFull
Event: 55.559 Executing VM operation: ICBufferFull done
Event: 56.499 Executing VM operation: ICBufferFull
Event: 56.499 Executing VM operation: ICBufferFull done
Event: 57.129 Executing VM operation: G1CollectForAllocation
Event: 57.150 Executing VM operation: G1CollectForAllocation done
Event: 57.281 Executing VM operation: G1PauseRemark

Memory protections (0 events):
No events

Nmethod flushes (20 events):
Event: 47.595 Thread 0x000002d3f8a883d0 flushing  nmethod 0x000002d3e3217e10
Event: 47.595 Thread 0x000002d3f8a883d0 flushing  nmethod 0x000002d3e322fa90
Event: 47.596 Thread 0x000002d3f8a883d0 flushing  nmethod 0x000002d3e3288e90
Event: 47.597 Thread 0x000002d3f8a883d0 flushing  nmethod 0x000002d3e32ca590
Event: 47.598 Thread 0x000002d3f8a883d0 flushing  nmethod 0x000002d3e3386610
Event: 47.598 Thread 0x000002d3f8a883d0 flushing  nmethod 0x000002d3e33a5390
Event: 47.598 Thread 0x000002d3f8a883d0 flushing  nmethod 0x000002d3e33d0c90
Event: 47.601 Thread 0x000002d3f8a883d0 flushing  nmethod 0x000002d3e35d1210
Event: 47.602 Thread 0x000002d3f8a883d0 flushing  nmethod 0x000002d3e3689e90
Event: 47.605 Thread 0x000002d3f8a883d0 flushing  nmethod 0x000002d3e38f1410
Event: 47.605 Thread 0x000002d3f8a883d0 flushing  nmethod 0x000002d3e38f1810
Event: 55.560 Thread 0x000002d3f8a883d0 flushing  nmethod 0x000002d3e2351790
Event: 55.562 Thread 0x000002d3f8a883d0 flushing  nmethod 0x000002d3e2481390
Event: 55.562 Thread 0x000002d3f8a883d0 flushing  nmethod 0x000002d3e24dc910
Event: 55.564 Thread 0x000002d3f8a883d0 flushing  nmethod 0x000002d3e2687c10
Event: 55.567 Thread 0x000002d3f8a883d0 flushing  nmethod 0x000002d3e2922890
Event: 55.567 Thread 0x000002d3f8a883d0 flushing  nmethod 0x000002d3e29ac010
Event: 55.571 Thread 0x000002d3f8a883d0 flushing  nmethod 0x000002d3e2cbfc10
Event: 55.576 Thread 0x000002d3f8a883d0 flushing  nmethod 0x000002d3e30f2090
Event: 55.581 Thread 0x000002d3f8a883d0 flushing  nmethod 0x000002d3e3560b90

Events (20 events):
Event: 24.518 Thread 0x000002d3c907bd30 Thread exited: 0x000002d3c907bd30
Event: 24.685 Thread 0x000002d3f8a7b420 Thread added: 0x000002d3ff5368d0
Event: 26.378 Thread 0x000002d3ff5368d0 Thread exited: 0x000002d3ff5368d0
Event: 27.030 Thread 0x000002d3f8a80a80 Thread added: 0x000002d3fd9b65c0
Event: 27.548 Thread 0x000002d3fd9b65c0 Thread exited: 0x000002d3fd9b65c0
Event: 27.695 Thread 0x000002d3f8a80a80 Thread added: 0x000002d3fd9b65c0
Event: 29.606 Thread 0x000002d3fd9b65c0 Thread exited: 0x000002d3fd9b65c0
Event: 35.353 Thread 0x000002d3f8a80a80 Thread added: 0x000002d3feda4bf0
Event: 35.709 Thread 0x000002d3feda4bf0 Thread exited: 0x000002d3feda4bf0
Event: 36.152 Thread 0x000002d3f8a80a80 Thread added: 0x000002d3fd5b0c40
Event: 36.691 Thread 0x000002d3fd5b0c40 Thread exited: 0x000002d3fd5b0c40
Event: 46.124 Thread 0x000002d3f8a80a80 Thread added: 0x000002d3fdb46f60
Event: 46.657 Thread 0x000002d3fdb46f60 Thread exited: 0x000002d3fdb46f60
Event: 47.223 Thread 0x000002d3f8a7b420 Thread added: 0x000002d3fdb46f60
Event: 50.291 Thread 0x000002d3fdb46f60 Thread exited: 0x000002d3fdb46f60
Event: 50.694 Thread 0x000002d3f8a80a80 Thread added: 0x000002d3fdb46f60
Event: 52.230 Thread 0x000002d3fdb46f60 Thread exited: 0x000002d3fdb46f60
Event: 52.873 Thread 0x000002d3f8a80a80 Thread added: 0x000002d3fdb46f60
Event: 53.332 Thread 0x000002d3fdb46f60 Thread exited: 0x000002d3fdb46f60
Event: 53.538 Thread 0x000002d3f8a80a80 Thread added: 0x000002d3fdb46f60


Dynamic libraries:
0x00007ff7f7450000 - 0x00007ff7f745e000 	C:\Program Files\Eclipse Adoptium\jdk-17.0.19.10-hotspot\bin\java.exe
0x00007ffbf7510000 - 0x00007ffbf7727000 	C:\WINDOWS\SYSTEM32\ntdll.dll
0x00007ffbf6790000 - 0x00007ffbf6854000 	C:\WINDOWS\System32\KERNEL32.DLL
0x00007ffbf47e0000 - 0x00007ffbf4bb2000 	C:\WINDOWS\System32\KERNELBASE.dll
0x00007ffbf46c0000 - 0x00007ffbf47d1000 	C:\WINDOWS\System32\ucrtbase.dll
0x00007ffbebaa0000 - 0x00007ffbebabe000 	C:\Program Files\Eclipse Adoptium\jdk-17.0.19.10-hotspot\bin\VCRUNTIME140.dll
0x00007ffbeba30000 - 0x00007ffbeba48000 	C:\Program Files\Eclipse Adoptium\jdk-17.0.19.10-hotspot\bin\jli.dll
0x00007ffbf52b0000 - 0x00007ffbf5461000 	C:\WINDOWS\System32\USER32.dll
0x00007ffbf4bc0000 - 0x00007ffbf4be6000 	C:\WINDOWS\System32\win32u.dll
0x00007ffbf74a0000 - 0x00007ffbf74c9000 	C:\WINDOWS\System32\GDI32.dll
0x00007ffbf4bf0000 - 0x00007ffbf4d13000 	C:\WINDOWS\System32\gdi32full.dll
0x00007ffbf4d20000 - 0x00007ffbf4dba000 	C:\WINDOWS\System32\msvcp_win.dll
0x00007ffbdee30000 - 0x00007ffbdf0cb000 	C:\WINDOWS\WinSxS\amd64_microsoft.windows.common-controls_6595b64144ccf1df_6.0.22621.5547_none_27104afb73855772\COMCTL32.dll
0x00007ffbf7130000 - 0x00007ffbf71d7000 	C:\WINDOWS\System32\msvcrt.dll
0x00007ffbf6560000 - 0x00007ffbf6591000 	C:\WINDOWS\System32\IMM32.DLL
0x00007ffbebb60000 - 0x00007ffbebb6c000 	C:\Program Files\Eclipse Adoptium\jdk-17.0.19.10-hotspot\bin\vcruntime140_1.dll
0x00007ffbe9260000 - 0x00007ffbe92ed000 	C:\Program Files\Eclipse Adoptium\jdk-17.0.19.10-hotspot\bin\msvcp140.dll
0x00007ffbb4f70000 - 0x00007ffbb5bdc000 	C:\Program Files\Eclipse Adoptium\jdk-17.0.19.10-hotspot\bin\server\jvm.dll
0x00007ffbf7010000 - 0x00007ffbf70c1000 	C:\WINDOWS\System32\ADVAPI32.dll
0x00007ffbf5c00000 - 0x00007ffbf5ca8000 	C:\WINDOWS\System32\sechost.dll
0x00007ffbf5170000 - 0x00007ffbf5198000 	C:\WINDOWS\System32\bcrypt.dll
0x00007ffbf65c0000 - 0x00007ffbf66d4000 	C:\WINDOWS\System32\RPCRT4.dll
0x00007ffbf5230000 - 0x00007ffbf52a1000 	C:\WINDOWS\System32\WS2_32.dll
0x00007ffbf44d0000 - 0x00007ffbf451d000 	C:\WINDOWS\SYSTEM32\POWRPROF.dll
0x00007ffbea780000 - 0x00007ffbea7b4000 	C:\WINDOWS\SYSTEM32\WINMM.dll
0x00007ffbe2020000 - 0x00007ffbe202a000 	C:\WINDOWS\SYSTEM32\VERSION.dll
0x00007ffbf44b0000 - 0x00007ffbf44c3000 	C:\WINDOWS\SYSTEM32\UMPDC.dll
0x00007ffbf35f0000 - 0x00007ffbf3608000 	C:\WINDOWS\SYSTEM32\kernel.appcore.dll
0x00007ffbeba90000 - 0x00007ffbeba9a000 	C:\Program Files\Eclipse Adoptium\jdk-17.0.19.10-hotspot\bin\jimage.dll
0x00007ffbeefa0000 - 0x00007ffbef1d3000 	C:\WINDOWS\SYSTEM32\DBGHELP.DLL
0x00007ffbf6860000 - 0x00007ffbf6bf3000 	C:\WINDOWS\System32\combase.dll
0x00007ffbf6c00000 - 0x00007ffbf6cd7000 	C:\WINDOWS\System32\OLEAUT32.dll
0x00007ffbde5e0000 - 0x00007ffbde612000 	C:\WINDOWS\SYSTEM32\dbgcore.DLL
0x00007ffbf4dc0000 - 0x00007ffbf4e3b000 	C:\WINDOWS\System32\bcryptPrimitives.dll
0x00007ffbe9420000 - 0x00007ffbe9445000 	C:\Program Files\Eclipse Adoptium\jdk-17.0.19.10-hotspot\bin\java.dll
0x00007ffbd3160000 - 0x00007ffbd3237000 	C:\Program Files\Eclipse Adoptium\jdk-17.0.19.10-hotspot\bin\jsvml.dll
0x00007ffbf5cb0000 - 0x00007ffbf6552000 	C:\WINDOWS\System32\SHELL32.dll
0x00007ffbf4fb0000 - 0x00007ffbf50ef000 	C:\WINDOWS\System32\wintypes.dll
0x00007ffbf24e0000 - 0x00007ffbf2dfd000 	C:\WINDOWS\SYSTEM32\windows.storage.dll
0x00007ffbf7310000 - 0x00007ffbf741c000 	C:\WINDOWS\System32\SHCORE.dll
0x00007ffbf54d0000 - 0x00007ffbf5539000 	C:\WINDOWS\System32\shlwapi.dll
0x00007ffbf4530000 - 0x00007ffbf455b000 	C:\WINDOWS\SYSTEM32\profapi.dll
0x00007ffbd8530000 - 0x00007ffbd854a000 	C:\Program Files\Eclipse Adoptium\jdk-17.0.19.10-hotspot\bin\net.dll
0x00007ffbe9e80000 - 0x00007ffbe9fac000 	C:\WINDOWS\SYSTEM32\WINHTTP.dll
0x00007ffbf3a60000 - 0x00007ffbf3ac9000 	C:\WINDOWS\system32\mswsock.dll
0x00007ffbd2ff0000 - 0x00007ffbd3006000 	C:\Program Files\Eclipse Adoptium\jdk-17.0.19.10-hotspot\bin\nio.dll
0x00007ffbe9240000 - 0x00007ffbe9258000 	C:\Program Files\Eclipse Adoptium\jdk-17.0.19.10-hotspot\bin\zip.dll
0x00007ffbe9230000 - 0x00007ffbe9240000 	C:\Program Files\Eclipse Adoptium\jdk-17.0.19.10-hotspot\bin\verify.dll

dbghelp: loaded successfully - version: 4.0.5 - missing functions: none
symbol engine: initialized successfully - sym options: 0x614 - pdb path: .;C:\Program Files\Eclipse Adoptium\jdk-17.0.19.10-hotspot\bin;C:\WINDOWS\SYSTEM32;C:\WINDOWS\WinSxS\amd64_microsoft.windows.common-controls_6595b64144ccf1df_6.0.22621.5547_none_27104afb73855772;C:\Program Files\Eclipse Adoptium\jdk-17.0.19.10-hotspot\bin\server

VM Arguments:
java_command: org.jetbrains.kotlin.cli.jvm.K2JVMCompiler @C:\flutter\packages\flutter_tools\gradle\build\20260920_13034865561130200640.compiler.options
java_class_path (initial): C:\Users\admin\.gradle\caches\modules-2\files-2.1\org.jetbrains.kotlin\kotlin-compiler-embeddable\2.0.21\79346ed53db48b18312a472602eb5c057070c54d\kotlin-compiler-embeddable-2.0.21.jar;C:\Users\admin\.gradle\caches\modules-2\files-2.1\org.jetbrains.kotlin\kotlin-stdlib\2.0.21\618b539767b4899b4660a83006e052b63f1db551\kotlin-stdlib-2.0.21.jar;C:\Users\admin\.gradle\caches\modules-2\files-2.1\org.jetbrains.kotlin\kotlin-script-runtime\2.0.21\c9b044380ad41f89aa89aa896c2d32a8c0b2129d\kotlin-script-runtime-2.0.21.jar;C:\Users\admin\.gradle\caches\modules-2\files-2.1\org.jetbrains.kotlin\kotlin-reflect\1.6.10\1cbe9c92c12a94eea200d23c2bbaedaf3daf5132\kotlin-reflect-1.6.10.jar;C:\Users\admin\.gradle\caches\modules-2\files-2.1\org.jetbrains.kotlin\kotlin-daemon-embeddable\2.0.21\c9e933b23287de9b5a17e2116b4657bb91aea72c\kotlin-daemon-embeddable-2.0.21.jar;C:\Users\admin\.gradle\caches\modules-2\files-2.1\org.jetbrains.intellij.deps\trove4j\1.0.20200330\3afb14d5f9ceb459d724e907a21145e8ff394f02\trove4j-1.0.20200330.jar;C:\Users\admin\.gradle\caches\modules-2\files-2.1\org.jetbrains.kotlinx\kotlinx-coroutines-core-jvm\1.6.4\2c997cd1c0ef33f3e751d3831929aeff1390cb30\kotlinx-coroutines-core-jvm-1.6.4.jar;C:\Users\admin\.gradle\caches\modules-2\files-2.1\org.jetbrains\annotations\13.0\919f0dfe192fb4e063e7dacadee7f8bb9a2672a9\annotations-13.0.jar
Launcher Type: SUN_STANDARD

[Global flags]
     intx CICompilerCount                          = 4                                         {product} {ergonomic}
     uint ConcGCThreads                            = 2                                         {product} {ergonomic}
     uint G1ConcRefinementThreads                  = 8                                         {product} {ergonomic}
   size_t G1HeapRegionSize                         = 1048576                                   {product} {ergonomic}
    uintx GCDrainStackTargetSize                   = 64                                        {product} {ergonomic}
   size_t InitialHeapSize                          = 134217728                                 {product} {ergonomic}
   size_t MarkStackSize                            = 4194304                                   {product} {ergonomic}
   size_t MaxHeapSize                              = 2116026368                                {product} {ergonomic}
   size_t MaxNewSize                               = 1268776960                                {product} {ergonomic}
   size_t MinHeapDeltaBytes                        = 1048576                                   {product} {ergonomic}
   size_t MinHeapSize                              = 8388608                                   {product} {ergonomic}
    uintx NonNMethodCodeHeapSize                   = 5839372                                {pd product} {ergonomic}
    uintx NonProfiledCodeHeapSize                  = 122909434                              {pd product} {ergonomic}
    uintx ProfiledCodeHeapSize                     = 122909434                              {pd product} {ergonomic}
    uintx ReservedCodeCacheSize                    = 251658240                              {pd product} {ergonomic}
     bool SegmentedCodeCache                       = true                                      {product} {ergonomic}
   size_t SoftMaxHeapSize                          = 2116026368                             {manageable} {ergonomic}
     bool UseCompressedClassPointers               = true                           {product lp64_product} {ergonomic}
     bool UseCompressedOops                        = true                           {product lp64_product} {ergonomic}
     bool UseG1GC                                  = true                                      {product} {ergonomic}
     bool UseLargePagesIndividualAllocation        = false                                  {pd product} {ergonomic}

Logging:
Log output configuration:
 #0: stdout all=warning uptime,level,tags
 #1: stderr all=off uptime,level,tags

Environment Variables:
JAVA_HOME=C:\Program Files\Eclipse Adoptium\jdk-25.0.1.8-hotspot
PATH=C:\Program Files\Eclipse Adoptium\jdk-17.0.19.10-hotspot\bin;C:\Program Files (x86)\VMware\VMware Workstation\bin\;C:\Program Files\Python312\Scripts\;C:\Program Files\Python312\;C:\WINDOWS\system32;C:\WINDOWS;C:\WINDOWS\System32\Wbem;C:\WINDOWS\System32\WindowsPowerShell\v1.0\;C:\WINDOWS\System32\OpenSSH\;C:\Program Files (x86)\Microsoft SQL Server\160\Tools\Binn\;C:\Program Files\Microsoft SQL Server\160\Tools\Binn\;C:\Program Files\Microsoft SQL Server\Client SDK\ODBC\170\Tools\Binn\;C:\Program Files\Microsoft SQL Server\160\DTS\Binn\;C:\Program Files (x86)\Microsoft SQL Server\160\DTS\Binn\;C:\Windows\system32\python;C:\sqlite3;C:\Program Files\nodejs\;C:\MinGW\bin;C:\curl\bin;C:\curl\include;C:\MinGW;C:\MinGW\lib;C:\GnuWin32\bin;C:\OpenSSL-Win64\bin;C:\Program Files\PostgreSQL\17\bin;C:\Program Files\Eclipse Adoptium\jdk-25.0.1.8-hotspot\bin;C:\Program Files\Heroku\bin;C:\Program Files\Git\cmd;C:\Program Files (x86)\VMware\VMware Workstation\bin\;C:\Program Files\Python312\Scripts\;C:\Program Files\Python312\;C:\WINDOWS\system32;C:\WINDOWS;C:\WINDOWS\System32\Wbem;C:\WINDOWS\System32\WindowsPowerShell\v1.0\;C:\WINDOWS\System32\OpenSSH\;C:\Program Files (x86)\Microsoft SQL Server\160\Tools\Binn\;C:\Program Files\Microsoft SQL Server\160\Tools\Binn\;C:\Program Files\Microsoft SQL Server\Client SDK\ODBC\170\Tools\Binn\;C:\Program Files\Microsoft SQL Server\160\DTS\Binn\;C:\Program Files (x86)\Microsoft SQL Server\160\DTS\Binn\;C:\Windows\system32\python;C:\sqlite3;C:\Program Files\nodejs\;C:\MinGW\bin;C:\curl\bin;C:\curl\include;C:\MinGW;C:\MinGW\lib;C:\GnuWin32\bin;C:\OpenSSL-Win64\bin;C:\Program Files\PostgreSQL\17\bin;C:\Program Files\Eclipse Adoptium\jdk-25.0.1.8-hotspot\bin;C:\Program Files\Git\cmd;C:\Program Files\Docker\Docker\resources\bin;C:\Program Files\Heroku\bin;C:\Users\admin\AppData\Local\Programs\Microsoft VS Code;C:\Program Files\P;C:\flutter\bin\flutter;C:\flutter\bin;C:\Users\admin\AppData\Local\Programs\Microsoft VS Code\bin
USERNAME=admin
OS=Windows_NT
PROCESSOR_IDENTIFIER=Intel64 Family 6 Model 142 Stepping 10, GenuineIntel
TMP=C:\Users\admin\AppData\Local\Temp
TEMP=C:\Users\admin\AppData\Local\Temp



Periodic native trim disabled


---------------  S Y S T E M  ---------------

OS:
 Windows 11 , 64 bit Build 22621 (10.0.22621.5415)
OS uptime: 0 days 1:31 hours
Hyper-V role detected

CPU: total 8 (initial active 8) (4 cores per cpu, 2 threads per core) family 6 model 142 stepping 10 microcode 0xf4, cx8, cmov, fxsr, ht, mmx, 3dnowpref, sse, sse2, sse3, ssse3, sse4.1, sse4.2, popcnt, lzcnt, tsc, tscinvbit, avx, avx2, aes, erms, clmul, bmi1, bmi2, rtm, adx, fma, vzeroupper, clflush, clflushopt, hv
Processor Information for all 8 processors :
  Max Mhz: 1896, Current Mhz: 1696, Mhz Limit: 1687

Memory: 4k page, system-wide physical 8070M (359M free)
TotalPageFile size 16142M (AvailPageFile size 4M)
current process WorkingSet (physical memory assigned to process): 308M, peak: 311M
current process commit charge ("private bytes"): 347M, peak: 362M

vm_info: OpenJDK 64-Bit Server VM (17.0.19+10) for windows-amd64 JRE (17.0.19+10), built on Apr 25 2026 08:04:44 by "admin" with MS VC++ 17.12 (VS2022)

END.
