#
# There is insufficient memory for the Java Runtime Environment to continue.
# Native memory allocation (malloc) failed to allocate 804896 bytes. Error detail: Chunk::new
# Possible reasons:
#   The system is out of physical RAM or swap space
#   This process is running with CompressedOops enabled, and the Java Heap may be blocking the growth of the native heap
# Possible solutions:
#   Reduce memory load on the system
#   Increase physical memory or swap space
#   Check if swap backing store is full
#   Decrease Java heap size (-Xmx/-Xms)
#   Decrease number of Java threads
#   Decrease Java thread stack sizes (-Xss)
#   Set larger code cache with -XX:ReservedCodeCacheSize=
#   JVM is running with Unscaled Compressed Oops mode in which the Java heap is
#     placed in the first 4GB address space. The Java Heap base address is the
#     maximum limit for the native heap growth. Please use -XX:HeapBaseMinAddress
#     to set the Java Heap base and to place the Java Heap above 4GB virtual address.
# This output file may be truncated or incomplete.
#
#  Out of Memory Error (arena.cpp:168), pid=14964, tid=15284
#
# JRE version: OpenJDK Runtime Environment Temurin-21.0.12.1+1 (21.0.12.1+1) (build 21.0.12.1+1-LTS)
# Java VM: OpenJDK 64-Bit Server VM Temurin-21.0.12.1+1 (21.0.12.1+1-LTS, mixed mode, sharing, tiered, compressed oops, compressed class ptrs, parallel gc, windows-amd64)
# No core dump will be written. Minidumps are not enabled by default on client versions of Windows
#

---------------  S U M M A R Y ------------

Command Line: --add-modules=ALL-SYSTEM --add-opens=java.base/java.util=ALL-UNNAMED --add-opens=java.base/java.lang=ALL-UNNAMED --add-opens=java.base/sun.nio.fs=ALL-UNNAMED -Declipse.application=org.eclipse.jdt.ls.core.id1 -Dosgi.bundles.defaultStartLevel=4 -Declipse.product=org.eclipse.jdt.ls.core.product -Djava.import.generatesMetadataFilesAtProjectRoot=false -Dm2e.project.cache.size=50 -DDetectVMInstallationsJob.disabled=true -Dfile.encoding=utf8 -XX:+UseParallelGC -XX:GCTimeRatio=4 -XX:AdaptiveSizePolicyWeight=90 -Dsun.zip.disableMemoryMapping=true -Xmx2G -Xms100m -Xlog:disable -javaagent:c:\Users\admin\.vscode\extensions\redhat.java-1.56.0-win32-x64\lombok\lombok-1.18.39-4050.jar -XX:+HeapDumpOnOutOfMemoryError -XX:HeapDumpPath=c:\Users\admin\AppData\Roaming\Code\User\workspaceStorage\a275e4eceaa8a4da7861a808a1c7de57\redhat.java -Daether.dependencyCollector.impl=bf c:\Users\admin\.vscode\extensions\redhat.java-1.56.0-win32-x64\server\plugins\org.eclipse.equinox.launcher_1.8.0.v20260804-1928.jar -configuration c:\Users\admin\AppData\Roaming\Code\User\globalStorage\redhat.java\1.56.0\config_win -data c:\Users\admin\AppData\Roaming\Code\User\workspaceStorage\a275e4eceaa8a4da7861a808a1c7de57\redhat.java\jdt_ws --pipe=\\.\pipe\lsp-511796c4917b5962aae0c90001a1aaa9-sock

Host: Intel(R) Core(TM) i5-8350U CPU @ 1.70GHz, 8 cores, 7G,  Windows 11 , 64 bit Build 22621 (10.0.22621.5415)
Time: Sun Sep 20 19:29:18 2026 elapsed time: 25.470015 seconds (0d 0h 0m 25s)

---------------  T H R E A D  ---------------

Current thread (0x000001ec402b0480):  JavaThread "C2 CompilerThread0" daemon [_thread_in_native, id=15284, stack(0x0000009f2b800000,0x0000009f2b900000) (1024K)]


Current CompileTask:
C2:25470 4139   !   4       org.eclipse.osgi.internal.loader.classpath.ClasspathManager::findClassImpl (328 bytes)

Stack: [0x0000009f2b800000,0x0000009f2b900000]
Native frames: (J=compiled Java code, j=interpreted, Vv=VM code, C=native code)
V  [jvm.dll+0x6d83e9]
V  [jvm.dll+0x8b5736]
V  [jvm.dll+0x8b7cee]
V  [jvm.dll+0x8b83d3]
V  [jvm.dll+0x284596]
V  [jvm.dll+0xc685d]
V  [jvm.dll+0xc6da1]
V  [jvm.dll+0x2fb5ae]
V  [jvm.dll+0x5fee94]
V  [jvm.dll+0x255d67]
V  [jvm.dll+0x25612d]
V  [jvm.dll+0x24e6a0]
V  [jvm.dll+0x24bbe6]
V  [jvm.dll+0x1cb4ae]
V  [jvm.dll+0x25baad]
V  [jvm.dll+0x25a03a]
V  [jvm.dll+0x3f8aae]
V  [jvm.dll+0x8600cd]
V  [jvm.dll+0x6d6c1d]
C  [ucrtbase.dll+0x29333]
C  [KERNEL32.DLL+0x1259d]
C  [ntdll.dll+0x5af78]


---------------  P R O C E S S  ---------------

Threads class SMR info:
_java_thread_list=0x000001ec9e59b420, length=24, elements={
0x000001ec40332330, 0x000001ec403ed2d0, 0x000001ec402a4b20, 0x000001ec402a9400,
0x000001ec402aa320, 0x000001ec402ac0f0, 0x000001ec402acdf0, 0x000001ec402b0480,
0x000001ec402de760, 0x000001ec997cb100, 0x000001ec9988b5f0, 0x000001ec9e367740,
0x000001ec9e3d70b0, 0x000001ec9e2afd60, 0x000001ec9e480710, 0x000001ec9e2e0610,
0x000001ec9f05d410, 0x000001ec9e59ad60, 0x000001ec9eac2b30, 0x000001ec9eac24a0,
0x000001ec9eac1780, 0x000001ec9f5e4bf0, 0x000001ec9f376f20, 0x000001ec9f5e1e00
}

Java Threads: ( => current thread )
  0x000001ec40332330 JavaThread "main"                              [_thread_blocked, id=8464, stack(0x0000009f2ad00000,0x0000009f2ae00000) (1024K)]
  0x000001ec403ed2d0 JavaThread "Reference Handler"          daemon [_thread_blocked, id=13544, stack(0x0000009f2b200000,0x0000009f2b300000) (1024K)]
  0x000001ec402a4b20 JavaThread "Finalizer"                  daemon [_thread_blocked, id=15232, stack(0x0000009f2b300000,0x0000009f2b400000) (1024K)]
  0x000001ec402a9400 JavaThread "Signal Dispatcher"          daemon [_thread_blocked, id=14456, stack(0x0000009f2b400000,0x0000009f2b500000) (1024K)]
  0x000001ec402aa320 JavaThread "Attach Listener"            daemon [_thread_blocked, id=13636, stack(0x0000009f2b500000,0x0000009f2b600000) (1024K)]
  0x000001ec402ac0f0 JavaThread "Service Thread"             daemon [_thread_blocked, id=18212, stack(0x0000009f2b600000,0x0000009f2b700000) (1024K)]
  0x000001ec402acdf0 JavaThread "Monitor Deflation Thread"   daemon [_thread_blocked, id=288, stack(0x0000009f2b700000,0x0000009f2b800000) (1024K)]
=>0x000001ec402b0480 JavaThread "C2 CompilerThread0"         daemon [_thread_in_native, id=15284, stack(0x0000009f2b800000,0x0000009f2b900000) (1024K)]
  0x000001ec402de760 JavaThread "C1 CompilerThread0"         daemon [_thread_blocked, id=2004, stack(0x0000009f2ba00000,0x0000009f2bb00000) (1024K)]
  0x000001ec997cb100 JavaThread "Common-Cleaner"             daemon [_thread_blocked, id=7212, stack(0x0000009f2bb00000,0x0000009f2bc00000) (1024K)]
  0x000001ec9988b5f0 JavaThread "Notification Thread"        daemon [_thread_blocked, id=14208, stack(0x0000009f2bc00000,0x0000009f2bd00000) (1024K)]
  0x000001ec9e367740 JavaThread "Active Thread: Equinox Container: 8ae22569-8e82-42bf-a885-b60275d17db2"        [_thread_blocked, id=1924, stack(0x0000009f2c300000,0x0000009f2c400000) (1024K)]
  0x000001ec9e3d70b0 JavaThread "Refresh Thread: Equinox Container: 8ae22569-8e82-42bf-a885-b60275d17db2" daemon [_thread_blocked, id=11828, stack(0x0000009f2c500000,0x0000009f2c600000) (1024K)]
  0x000001ec9e2afd60 JavaThread "Framework Event Dispatcher: Equinox Container: 8ae22569-8e82-42bf-a885-b60275d17db2" daemon [_thread_blocked, id=15376, stack(0x0000009f2c600000,0x0000009f2c700000) (1024K)]
  0x000001ec9e480710 JavaThread "Start Level: Equinox Container: 8ae22569-8e82-42bf-a885-b60275d17db2" daemon [_thread_in_native, id=2368, stack(0x0000009f2c700000,0x0000009f2c800000) (1024K)]
  0x000001ec9e2e0610 JavaThread "Bundle File Closer"         daemon [_thread_blocked, id=15340, stack(0x0000009f2c900000,0x0000009f2ca00000) (1024K)]
  0x000001ec9f05d410 JavaThread "SCR Component Actor"        daemon [_thread_blocked, id=8948, stack(0x0000009f2c800000,0x0000009f2c900000) (1024K)]
  0x000001ec9e59ad60 JavaThread "Worker-JM"                         [_thread_blocked, id=11664, stack(0x0000009f2ca00000,0x0000009f2cb00000) (1024K)]
  0x000001ec9eac2b30 JavaThread "JNA Cleaner"                daemon [_thread_blocked, id=18588, stack(0x0000009f2cb00000,0x0000009f2cc00000) (1024K)]
  0x000001ec9eac24a0 JavaThread "Worker-0: Updating Maven Dependencies"        [_thread_in_native, id=4724, stack(0x0000009f2cc00000,0x0000009f2cd00000) (1024K)]
  0x000001ec9eac1780 JavaThread "Worker-1: Repository registry initialization"        [_thread_blocked, id=12856, stack(0x0000009f2cd00000,0x0000009f2ce00000) (1024K)]
  0x000001ec9f5e4bf0 JavaThread "Worker-2"                          [_thread_blocked, id=10040, stack(0x0000009f2ce00000,0x0000009f2cf00000) (1024K)]
  0x000001ec9f376f20 JavaThread "C2 CompilerThread1"         daemon [_thread_in_native, id=13860, stack(0x0000009f2cf00000,0x0000009f2d000000) (1024K)]
  0x000001ec9f5e1e00 JavaThread "Worker-3"                          [_thread_blocked, id=14112, stack(0x0000009f2d000000,0x0000009f2d100000) (1024K)]
Total: 24

Other Threads:
  0x000001ec403d2750 VMThread "VM Thread"                           [id=18960, stack(0x0000009f2b100000,0x0000009f2b200000) (1024K)]
  0x000001ec401bca00 WatcherThread "VM Periodic Task Thread"        [id=18396, stack(0x0000009f2b000000,0x0000009f2b100000) (1024K)]
  0x000001ec40350540 WorkerThread "GC Thread#0"                     [id=11888, stack(0x0000009f2af00000,0x0000009f2b000000) (1024K)]
  0x000001ec9e6fd4c0 WorkerThread "GC Thread#1"                     [id=13084, stack(0x0000009f2bd00000,0x0000009f2be00000) (1024K)]
  0x000001ec9e6fd870 WorkerThread "GC Thread#2"                     [id=18344, stack(0x0000009f2be00000,0x0000009f2bf00000) (1024K)]
  0x000001ec9e6fdc20 WorkerThread "GC Thread#3"                     [id=5632, stack(0x0000009f2bf00000,0x0000009f2c000000) (1024K)]
  0x000001ec9e7d2290 WorkerThread "GC Thread#4"                     [id=19416, stack(0x0000009f2c000000,0x0000009f2c100000) (1024K)]
  0x000001ec9e7d2640 WorkerThread "GC Thread#5"                     [id=17100, stack(0x0000009f2c100000,0x0000009f2c200000) (1024K)]
  0x000001ec9e7d29f0 WorkerThread "GC Thread#6"                     [id=1984, stack(0x0000009f2c200000,0x0000009f2c300000) (1024K)]
  0x000001ec9e600a50 WorkerThread "GC Thread#7"                     [id=2324, stack(0x0000009f2c400000,0x0000009f2c500000) (1024K)]
Total: 10

Threads with active compile tasks:
C2 CompilerThread0  25516 4139   !   4       org.eclipse.osgi.internal.loader.classpath.ClasspathManager::findClassImpl (328 bytes)
C2 CompilerThread1  25517 4157       4       lombok.patcher.MethodTarget::matches (29 bytes)
Total: 2

VM state: not at safepoint (normal execution)

VM Mutex/Monitor currently owned by a thread: None

Heap address: 0x0000000080000000, size: 2048 MB, Compressed Oops mode: 32-bit

CDS archive(s) mapped at: [0x000001ec57000000-0x000001ec57ba0000-0x000001ec57ba0000), size 12189696, SharedBaseAddress: 0x000001ec57000000, ArchiveRelocationMode: 1.
Compressed class space mapped at: 0x000001ec58000000-0x000001ec98000000, reserved size: 1073741824
Narrow klass base: 0x000001ec57000000, Narrow klass shift: 0, Narrow klass range: 0x100000000

GC Precious Log:
 CardTable entry size: 512
 CPUs: 8 total, 8 available
 Memory: 8070M
 Large Page Support: Disabled
 NUMA Support: Disabled
 Compressed Oops: Enabled (32-bit)
 Alignments: Space 512K, Generation 512K, Heap 2M
 Heap Min Capacity: 100M
 Heap Initial Capacity: 100M
 Heap Max Capacity: 2G
 Pre-touch: Disabled
 Parallel Workers: 8

Heap:
 PSYoungGen      total 26624K, used 13770K [0x00000000d5580000, 0x00000000d7380000, 0x0000000100000000)
  eden space 23552K, 45% used [0x00000000d5580000,0x00000000d6002ab8,0x00000000d6c80000)
  from space 3072K, 97% used [0x00000000d6e00000,0x00000000d70f0050,0x00000000d7100000)
  to   space 2560K, 0% used [0x00000000d7100000,0x00000000d7100000,0x00000000d7380000)
 ParOldGen       total 68608K, used 13607K [0x0000000080000000, 0x0000000084300000, 0x00000000d5580000)
  object space 68608K, 19% used [0x0000000080000000,0x0000000080d49c50,0x0000000084300000)
 Metaspace       used 27768K, committed 28672K, reserved 1114112K
  class space    used 2800K, committed 3200K, reserved 1048576K

Card table byte_map: [0x000001ec3fcd0000,0x000001ec400e0000] _byte_map_base: 0x000001ec3f8d0000

Marking Bits: (ParMarkBitMap*) 0x00007ffb74d444a0
 Begin Bits: [0x000001ec527e0000, 0x000001ec547e0000)
 End Bits:   [0x000001ec547e0000, 0x000001ec567e0000)

Polling page: 0x000001ec3e170000

Metaspace:

Usage:
  Non-class:     24.38 MB used.
      Class:      2.73 MB used.
       Both:     27.12 MB used.

Virtual space:
  Non-class space:       64.00 MB reserved,      24.88 MB ( 39%) committed,  1 nodes.
      Class space:        1.00 GB reserved,       3.12 MB ( <1%) committed,  1 nodes.
             Both:        1.06 GB reserved,      28.00 MB (  3%) committed. 

Chunk freelists:
   Non-Class:  6.69 MB
       Class:  12.80 MB
        Both:  19.48 MB

MaxMetaspaceSize: unlimited
CompressedClassSpaceSize: 1.00 GB
Initial GC threshold: 21.00 MB
Current GC threshold: 35.00 MB
CDS: on
 - commit_granule_bytes: 65536.
 - commit_granule_words: 8192.
 - virtual_space_node_default_size: 8388608.
 - enlarge_chunks_in_place: 1.
 - use_allocation_guard: 0.


Internal statistics:

num_allocs_failed_limit: 3.
num_arena_births: 712.
num_arena_deaths: 14.
num_vsnodes_births: 2.
num_vsnodes_deaths: 0.
num_space_committed: 448.
num_space_uncommitted: 0.
num_chunks_returned_to_freelist: 17.
num_chunks_taken_from_freelist: 1853.
num_chunk_merges: 8.
num_chunk_splits: 1176.
num_chunks_enlarged: 730.
num_inconsistent_stats: 0.

CodeHeap 'non-profiled nmethods': size=120000Kb used=1980Kb max_used=1980Kb free=118019Kb
 bounds [0x000001ec4b000000, 0x000001ec4b270000, 0x000001ec52530000]
CodeHeap 'profiled nmethods': size=120000Kb used=8632Kb max_used=8632Kb free=111367Kb
 bounds [0x000001ec43530000, 0x000001ec43da0000, 0x000001ec4aa60000]
CodeHeap 'non-nmethods': size=5760Kb used=1330Kb max_used=1358Kb free=4429Kb
 bounds [0x000001ec4aa60000, 0x000001ec4acd0000, 0x000001ec4b000000]
CodeCache: size=245760Kb, used=11942Kb, max_used=11970Kb, free=233815Kb
 total_blobs=4773, nmethods=4150, adapters=529, full_count=0
Compilation: enabled, stopped_count=0, restarted_count=0

Compilation events (20 events):
Event: 25.306 Thread 0x000001ec9f376f20 4146       4       org.lombokweb.asm.Label::resolve (259 bytes)
Event: 25.315 Thread 0x000001ec9f376f20 nmethod 4146 0x000001ec4b1e6110 code [0x000001ec4b1e62c0, 0x000001ec4b1e6748]
Event: 25.315 Thread 0x000001ec9f376f20 4145       4       org.lombokweb.asm.MethodWriter::visitLabel (332 bytes)
Event: 25.315 Thread 0x000001ec402de760 4148   !   3       java.util.concurrent.locks.AbstractQueuedSynchronizer::acquire (424 bytes)
Event: 25.319 Thread 0x000001ec402de760 nmethod 4148 0x000001ec43d99010 code [0x000001ec43d993a0, 0x000001ec43d9ab88]
Event: 25.329 Thread 0x000001ec9f376f20 nmethod 4145 0x000001ec4b1e6a10 code [0x000001ec4b1e6be0, 0x000001ec4b1e7238]
Event: 25.329 Thread 0x000001ec9f376f20 4134       4       java.lang.invoke.LambdaForm$BasicType::basicType (187 bytes)
Event: 25.330 Thread 0x000001ec9f376f20 nmethod 4134 0x000001ec4b1e7610 code [0x000001ec4b1e77a0, 0x000001ec4b1e78c0]
Event: 25.342 Thread 0x000001ec402de760 4149       1       org.eclipse.core.internal.dtree.AbstractDataTree::isImmutable (5 bytes)
Event: 25.343 Thread 0x000001ec402de760 nmethod 4149 0x000001ec4b1e7990 code [0x000001ec4b1e7b20, 0x000001ec4b1e7bf0]
Event: 25.352 Thread 0x000001ec9f376f20 4150       4       org.lombokweb.asm.MethodWriter::canCopyMethodAttributes (163 bytes)
Event: 25.367 Thread 0x000001ec9f376f20 nmethod 4150 0x000001ec4b1e7c90 code [0x000001ec4b1e7e40, 0x000001ec4b1e81b8]
Event: 25.367 Thread 0x000001ec9f376f20 4151       4       org.lombokweb.asm.Type::getArgumentsAndReturnSizes (140 bytes)
Event: 25.369 Thread 0x000001ec402de760 4154       3       java.lang.NamedPackage::<init> (59 bytes)
Event: 25.370 Thread 0x000001ec402de760 nmethod 4154 0x000001ec43d9b390 code [0x000001ec43d9b620, 0x000001ec43d9bf98]
Event: 25.385 Thread 0x000001ec9f376f20 nmethod 4151 0x000001ec4b1e8490 code [0x000001ec4b1e86e0, 0x000001ec4b1e8fc0]
Event: 25.385 Thread 0x000001ec9f376f20 4152       4       org.lombokweb.asm.MethodVisitor::<init> (79 bytes)
Event: 25.386 Thread 0x000001ec9f376f20 nmethod 4152 0x000001ec4b1e9710 code [0x000001ec4b1e98a0, 0x000001ec4b1e9978]
Event: 25.386 Thread 0x000001ec9f376f20 4153       4       org.lombokweb.asm.ClassWriter::visitMethod (57 bytes)
Event: 25.467 Thread 0x000001ec402de760 4156       3       org.lombokweb.asm.ClassReader::readStackMapFrame (535 bytes)

GC Heap History (20 events):
Event: 3.335 GC heap before
{Heap before GC invocations=1 (full 0):
 PSYoungGen      total 29696K, used 25600K [0x00000000d5580000, 0x00000000d7680000, 0x0000000100000000)
  eden space 25600K, 100% used [0x00000000d5580000,0x00000000d6e80000,0x00000000d6e80000)
  from space 4096K, 0% used [0x00000000d7280000,0x00000000d7280000,0x00000000d7680000)
  to   space 4096K, 0% used [0x00000000d6e80000,0x00000000d6e80000,0x00000000d7280000)
 ParOldGen       total 68608K, used 0K [0x0000000080000000, 0x0000000084300000, 0x00000000d5580000)
  object space 68608K, 0% used [0x0000000080000000,0x0000000080000000,0x0000000084300000)
 Metaspace       used 4325K, committed 4544K, reserved 1114112K
  class space    used 474K, committed 576K, reserved 1048576K
}
Event: 3.367 GC heap after
{Heap after GC invocations=1 (full 0):
 PSYoungGen      total 29696K, used 3303K [0x00000000d5580000, 0x00000000d7680000, 0x0000000100000000)
  eden space 25600K, 0% used [0x00000000d5580000,0x00000000d5580000,0x00000000d6e80000)
  from space 4096K, 80% used [0x00000000d6e80000,0x00000000d71b9e98,0x00000000d7280000)
  to   space 4096K, 0% used [0x00000000d7280000,0x00000000d7280000,0x00000000d7680000)
 ParOldGen       total 68608K, used 0K [0x0000000080000000, 0x0000000084300000, 0x00000000d5580000)
  object space 68608K, 0% used [0x0000000080000000,0x0000000080000000,0x0000000084300000)
 Metaspace       used 4325K, committed 4544K, reserved 1114112K
  class space    used 474K, committed 576K, reserved 1048576K
}
Event: 8.004 GC heap before
{Heap before GC invocations=2 (full 0):
 PSYoungGen      total 29696K, used 28903K [0x00000000d5580000, 0x00000000d7680000, 0x0000000100000000)
  eden space 25600K, 100% used [0x00000000d5580000,0x00000000d6e80000,0x00000000d6e80000)
  from space 4096K, 80% used [0x00000000d6e80000,0x00000000d71b9e98,0x00000000d7280000)
  to   space 4096K, 0% used [0x00000000d7280000,0x00000000d7280000,0x00000000d7680000)
 ParOldGen       total 68608K, used 0K [0x0000000080000000, 0x0000000084300000, 0x00000000d5580000)
  object space 68608K, 0% used [0x0000000080000000,0x0000000080000000,0x0000000084300000)
 Metaspace       used 8022K, committed 8256K, reserved 1114112K
  class space    used 833K, committed 960K, reserved 1048576K
}
Event: 8.014 GC heap after
{Heap after GC invocations=2 (full 0):
 PSYoungGen      total 29696K, used 4086K [0x00000000d5580000, 0x00000000d7680000, 0x0000000100000000)
  eden space 25600K, 0% used [0x00000000d5580000,0x00000000d5580000,0x00000000d6e80000)
  from space 4096K, 99% used [0x00000000d7280000,0x00000000d767d810,0x00000000d7680000)
  to   space 4096K, 0% used [0x00000000d6e80000,0x00000000d6e80000,0x00000000d7280000)
 ParOldGen       total 68608K, used 1968K [0x0000000080000000, 0x0000000084300000, 0x00000000d5580000)
  object space 68608K, 2% used [0x0000000080000000,0x00000000801ec318,0x0000000084300000)
 Metaspace       used 8022K, committed 8256K, reserved 1114112K
  class space    used 833K, committed 960K, reserved 1048576K
}
Event: 14.077 GC heap before
{Heap before GC invocations=3 (full 0):
 PSYoungGen      total 29696K, used 29686K [0x00000000d5580000, 0x00000000d7680000, 0x0000000100000000)
  eden space 25600K, 100% used [0x00000000d5580000,0x00000000d6e80000,0x00000000d6e80000)
  from space 4096K, 99% used [0x00000000d7280000,0x00000000d767d810,0x00000000d7680000)
  to   space 4096K, 0% used [0x00000000d6e80000,0x00000000d6e80000,0x00000000d7280000)
 ParOldGen       total 68608K, used 1968K [0x0000000080000000, 0x0000000084300000, 0x00000000d5580000)
  object space 68608K, 2% used [0x0000000080000000,0x00000000801ec318,0x0000000084300000)
 Metaspace       used 9536K, committed 9856K, reserved 1114112K
  class space    used 1016K, committed 1152K, reserved 1048576K
}
Event: 14.085 GC heap after
{Heap after GC invocations=3 (full 0):
 PSYoungGen      total 29696K, used 4090K [0x00000000d5580000, 0x00000000d7680000, 0x0000000100000000)
  eden space 25600K, 0% used [0x00000000d5580000,0x00000000d5580000,0x00000000d6e80000)
  from space 4096K, 99% used [0x00000000d6e80000,0x00000000d727e990,0x00000000d7280000)
  to   space 4096K, 0% used [0x00000000d7280000,0x00000000d7280000,0x00000000d7680000)
 ParOldGen       total 68608K, used 5047K [0x0000000080000000, 0x0000000084300000, 0x00000000d5580000)
  object space 68608K, 7% used [0x0000000080000000,0x00000000804edc20,0x0000000084300000)
 Metaspace       used 9536K, committed 9856K, reserved 1114112K
  class space    used 1016K, committed 1152K, reserved 1048576K
}
Event: 17.348 GC heap before
{Heap before GC invocations=4 (full 0):
 PSYoungGen      total 29696K, used 29690K [0x00000000d5580000, 0x00000000d7680000, 0x0000000100000000)
  eden space 25600K, 100% used [0x00000000d5580000,0x00000000d6e80000,0x00000000d6e80000)
  from space 4096K, 99% used [0x00000000d6e80000,0x00000000d727e990,0x00000000d7280000)
  to   space 4096K, 0% used [0x00000000d7280000,0x00000000d7280000,0x00000000d7680000)
 ParOldGen       total 68608K, used 5047K [0x0000000080000000, 0x0000000084300000, 0x00000000d5580000)
  object space 68608K, 7% used [0x0000000080000000,0x00000000804edc20,0x0000000084300000)
 Metaspace       used 11757K, committed 12160K, reserved 1114112K
  class space    used 1243K, committed 1408K, reserved 1048576K
}
Event: 17.356 GC heap after
{Heap after GC invocations=4 (full 0):
 PSYoungGen      total 29696K, used 4067K [0x00000000d5580000, 0x00000000d7680000, 0x0000000100000000)
  eden space 25600K, 0% used [0x00000000d5580000,0x00000000d5580000,0x00000000d6e80000)
  from space 4096K, 99% used [0x00000000d7280000,0x00000000d7678c10,0x00000000d7680000)
  to   space 4096K, 0% used [0x00000000d6e80000,0x00000000d6e80000,0x00000000d7280000)
 ParOldGen       total 68608K, used 6683K [0x0000000080000000, 0x0000000084300000, 0x00000000d5580000)
  object space 68608K, 9% used [0x0000000080000000,0x0000000080686ef8,0x0000000084300000)
 Metaspace       used 11757K, committed 12160K, reserved 1114112K
  class space    used 1243K, committed 1408K, reserved 1048576K
}
Event: 20.079 GC heap before
{Heap before GC invocations=5 (full 0):
 PSYoungGen      total 29696K, used 29645K [0x00000000d5580000, 0x00000000d7680000, 0x0000000100000000)
  eden space 25600K, 99% used [0x00000000d5580000,0x00000000d6e7ab20,0x00000000d6e80000)
  from space 4096K, 99% used [0x00000000d7280000,0x00000000d7678c10,0x00000000d7680000)
  to   space 4096K, 0% used [0x00000000d6e80000,0x00000000d6e80000,0x00000000d7280000)
 ParOldGen       total 68608K, used 6683K [0x0000000080000000, 0x0000000084300000, 0x00000000d5580000)
  object space 68608K, 9% used [0x0000000080000000,0x0000000080686ef8,0x0000000084300000)
 Metaspace       used 15676K, committed 16320K, reserved 1114112K
  class space    used 1631K, committed 1920K, reserved 1048576K
}
Event: 20.086 GC heap after
{Heap after GC invocations=5 (full 0):
 PSYoungGen      total 29184K, used 4091K [0x00000000d5580000, 0x00000000d7900000, 0x0000000100000000)
  eden space 25088K, 0% used [0x00000000d5580000,0x00000000d5580000,0x00000000d6e00000)
  from space 4096K, 99% used [0x00000000d6e80000,0x00000000d727ef70,0x00000000d7280000)
  to   space 5632K, 0% used [0x00000000d7380000,0x00000000d7380000,0x00000000d7900000)
 ParOldGen       total 68608K, used 7924K [0x0000000080000000, 0x0000000084300000, 0x00000000d5580000)
  object space 68608K, 11% used [0x0000000080000000,0x00000000807bd3d0,0x0000000084300000)
 Metaspace       used 15676K, committed 16320K, reserved 1114112K
  class space    used 1631K, committed 1920K, reserved 1048576K
}
Event: 23.249 GC heap before
{Heap before GC invocations=6 (full 0):
 PSYoungGen      total 29184K, used 29179K [0x00000000d5580000, 0x00000000d7900000, 0x0000000100000000)
  eden space 25088K, 100% used [0x00000000d5580000,0x00000000d6e00000,0x00000000d6e00000)
  from space 4096K, 99% used [0x00000000d6e80000,0x00000000d727ef70,0x00000000d7280000)
  to   space 5632K, 0% used [0x00000000d7380000,0x00000000d7380000,0x00000000d7900000)
 ParOldGen       total 68608K, used 7924K [0x0000000080000000, 0x0000000084300000, 0x00000000d5580000)
  object space 68608K, 11% used [0x0000000080000000,0x00000000807bd3d0,0x0000000084300000)
 Metaspace       used 18766K, committed 19520K, reserved 1114112K
  class space    used 1962K, committed 2240K, reserved 1048576K
}
Event: 23.256 GC heap after
{Heap after GC invocations=6 (full 0):
 PSYoungGen      total 30208K, used 5605K [0x00000000d5580000, 0x00000000d7980000, 0x0000000100000000)
  eden space 24576K, 0% used [0x00000000d5580000,0x00000000d5580000,0x00000000d6d80000)
  from space 5632K, 99% used [0x00000000d7380000,0x00000000d78f9620,0x00000000d7900000)
  to   space 6144K, 0% used [0x00000000d6d80000,0x00000000d6d80000,0x00000000d7380000)
 ParOldGen       total 68608K, used 7932K [0x0000000080000000, 0x0000000084300000, 0x00000000d5580000)
  object space 68608K, 11% used [0x0000000080000000,0x00000000807bf3d0,0x0000000084300000)
 Metaspace       used 18766K, committed 19520K, reserved 1114112K
  class space    used 1962K, committed 2240K, reserved 1048576K
}
Event: 23.965 GC heap before
{Heap before GC invocations=7 (full 0):
 PSYoungGen      total 30208K, used 25549K [0x00000000d5580000, 0x00000000d7980000, 0x0000000100000000)
  eden space 24576K, 81% used [0x00000000d5580000,0x00000000d68fa1d0,0x00000000d6d80000)
  from space 5632K, 99% used [0x00000000d7380000,0x00000000d78f9620,0x00000000d7900000)
  to   space 6144K, 0% used [0x00000000d6d80000,0x00000000d6d80000,0x00000000d7380000)
 ParOldGen       total 68608K, used 7932K [0x0000000080000000, 0x0000000084300000, 0x00000000d5580000)
  object space 68608K, 11% used [0x0000000080000000,0x00000000807bf3d0,0x0000000084300000)
 Metaspace       used 20633K, committed 21504K, reserved 1114112K
  class space    used 2183K, committed 2560K, reserved 1048576K
}
Event: 23.973 GC heap after
{Heap after GC invocations=7 (full 0):
 PSYoungGen      total 29696K, used 4799K [0x00000000d5580000, 0x00000000d7780000, 0x0000000100000000)
  eden space 24576K, 0% used [0x00000000d5580000,0x00000000d5580000,0x00000000d6d80000)
  from space 5120K, 93% used [0x00000000d6d80000,0x00000000d722fd48,0x00000000d7280000)
  to   space 5120K, 0% used [0x00000000d7280000,0x00000000d7280000,0x00000000d7780000)
 ParOldGen       total 68608K, used 9524K [0x0000000080000000, 0x0000000084300000, 0x00000000d5580000)
  object space 68608K, 13% used [0x0000000080000000,0x000000008094d0b8,0x0000000084300000)
 Metaspace       used 20633K, committed 21504K, reserved 1114112K
  class space    used 2183K, committed 2560K, reserved 1048576K
}
Event: 23.973 GC heap before
{Heap before GC invocations=8 (full 1):
 PSYoungGen      total 29696K, used 4799K [0x00000000d5580000, 0x00000000d7780000, 0x0000000100000000)
  eden space 24576K, 0% used [0x00000000d5580000,0x00000000d5580000,0x00000000d6d80000)
  from space 5120K, 93% used [0x00000000d6d80000,0x00000000d722fd48,0x00000000d7280000)
  to   space 5120K, 0% used [0x00000000d7280000,0x00000000d7280000,0x00000000d7780000)
 ParOldGen       total 68608K, used 9524K [0x0000000080000000, 0x0000000084300000, 0x00000000d5580000)
  object space 68608K, 13% used [0x0000000080000000,0x000000008094d0b8,0x0000000084300000)
 Metaspace       used 20633K, committed 21504K, reserved 1114112K
  class space    used 2183K, committed 2560K, reserved 1048576K
}
Event: 24.024 GC heap after
{Heap after GC invocations=8 (full 1):
 PSYoungGen      total 29696K, used 0K [0x00000000d5580000, 0x00000000d7780000, 0x0000000100000000)
  eden space 24576K, 0% used [0x00000000d5580000,0x00000000d5580000,0x00000000d6d80000)
  from space 5120K, 0% used [0x00000000d6d80000,0x00000000d6d80000,0x00000000d7280000)
  to   space 5120K, 0% used [0x00000000d7280000,0x00000000d7280000,0x00000000d7780000)
 ParOldGen       total 68608K, used 13591K [0x0000000080000000, 0x0000000084300000, 0x00000000d5580000)
  object space 68608K, 19% used [0x0000000080000000,0x0000000080d45c50,0x0000000084300000)
 Metaspace       used 20620K, committed 21504K, reserved 1114112K
  class space    used 2179K, committed 2560K, reserved 1048576K
}
Event: 24.846 GC heap before
{Heap before GC invocations=9 (full 1):
 PSYoungGen      total 29696K, used 24463K [0x00000000d5580000, 0x00000000d7780000, 0x0000000100000000)
  eden space 24576K, 99% used [0x00000000d5580000,0x00000000d6d63f80,0x00000000d6d80000)
  from space 5120K, 0% used [0x00000000d6d80000,0x00000000d6d80000,0x00000000d7280000)
  to   space 5120K, 0% used [0x00000000d7280000,0x00000000d7280000,0x00000000d7780000)
 ParOldGen       total 68608K, used 13591K [0x0000000080000000, 0x0000000084300000, 0x00000000d5580000)
  object space 68608K, 19% used [0x0000000080000000,0x0000000080d45c50,0x0000000084300000)
 Metaspace       used 22662K, committed 23488K, reserved 1114112K
  class space    used 2345K, committed 2688K, reserved 1048576K
}
Event: 24.848 GC heap after
{Heap after GC invocations=9 (full 1):
 PSYoungGen      total 25600K, used 1475K [0x00000000d5580000, 0x00000000d7400000, 0x0000000100000000)
  eden space 24064K, 0% used [0x00000000d5580000,0x00000000d5580000,0x00000000d6d00000)
  from space 1536K, 96% used [0x00000000d7280000,0x00000000d73f0c90,0x00000000d7400000)
  to   space 3072K, 0% used [0x00000000d6e00000,0x00000000d6e00000,0x00000000d7100000)
 ParOldGen       total 68608K, used 13599K [0x0000000080000000, 0x0000000084300000, 0x00000000d5580000)
  object space 68608K, 19% used [0x0000000080000000,0x0000000080d47c50,0x0000000084300000)
 Metaspace       used 22662K, committed 23488K, reserved 1114112K
  class space    used 2345K, committed 2688K, reserved 1048576K
}
Event: 25.280 GC heap before
{Heap before GC invocations=10 (full 1):
 PSYoungGen      total 25600K, used 25539K [0x00000000d5580000, 0x00000000d7400000, 0x0000000100000000)
  eden space 24064K, 100% used [0x00000000d5580000,0x00000000d6d00000,0x00000000d6d00000)
  from space 1536K, 96% used [0x00000000d7280000,0x00000000d73f0c90,0x00000000d7400000)
  to   space 3072K, 0% used [0x00000000d6e00000,0x00000000d6e00000,0x00000000d7100000)
 ParOldGen       total 68608K, used 13599K [0x0000000080000000, 0x0000000084300000, 0x00000000d5580000)
  object space 68608K, 19% used [0x0000000080000000,0x0000000080d47c50,0x0000000084300000)
 Metaspace       used 26299K, committed 27200K, reserved 1114112K
  class space    used 2664K, committed 3072K, reserved 1048576K
}
Event: 25.282 GC heap after
{Heap after GC invocations=10 (full 1):
 PSYoungGen      total 26624K, used 3008K [0x00000000d5580000, 0x00000000d7380000, 0x0000000100000000)
  eden space 23552K, 0% used [0x00000000d5580000,0x00000000d5580000,0x00000000d6c80000)
  from space 3072K, 97% used [0x00000000d6e00000,0x00000000d70f0050,0x00000000d7100000)
  to   space 2560K, 0% used [0x00000000d7100000,0x00000000d7100000,0x00000000d7380000)
 ParOldGen       total 68608K, used 13607K [0x0000000080000000, 0x0000000084300000, 0x00000000d5580000)
  object space 68608K, 19% used [0x0000000080000000,0x0000000080d49c50,0x0000000084300000)
 Metaspace       used 26299K, committed 27200K, reserved 1114112K
  class space    used 2664K, committed 3072K, reserved 1048576K
}

Dll operation events (20 events):
Event: 0.017 Attempting to load shared library c:\Users\admin\.vscode\extensions\redhat.java-1.56.0-win32-x64\jre\21.0.12.1-win32-x86_64\bin\java.dll
Event: 0.017 Loaded shared library c:\Users\admin\.vscode\extensions\redhat.java-1.56.0-win32-x64\jre\21.0.12.1-win32-x86_64\bin\java.dll
Event: 0.237 Attempting to load shared library c:\Users\admin\.vscode\extensions\redhat.java-1.56.0-win32-x64\jre\21.0.12.1-win32-x86_64\bin\zip.dll
Event: 0.238 Loaded shared library c:\Users\admin\.vscode\extensions\redhat.java-1.56.0-win32-x64\jre\21.0.12.1-win32-x86_64\bin\zip.dll
Event: 0.304 Attempting to load shared library C:\Users\admin\.vscode\extensions\redhat.java-1.56.0-win32-x64\jre\21.0.12.1-win32-x86_64\bin\instrument.dll
Event: 0.304 Loaded shared library C:\Users\admin\.vscode\extensions\redhat.java-1.56.0-win32-x64\jre\21.0.12.1-win32-x86_64\bin\instrument.dll
Event: 0.315 Attempting to load shared library C:\Users\admin\.vscode\extensions\redhat.java-1.56.0-win32-x64\jre\21.0.12.1-win32-x86_64\bin\net.dll
Event: 0.317 Loaded shared library C:\Users\admin\.vscode\extensions\redhat.java-1.56.0-win32-x64\jre\21.0.12.1-win32-x86_64\bin\net.dll
Event: 0.320 Attempting to load shared library C:\Users\admin\.vscode\extensions\redhat.java-1.56.0-win32-x64\jre\21.0.12.1-win32-x86_64\bin\nio.dll
Event: 0.320 Loaded shared library C:\Users\admin\.vscode\extensions\redhat.java-1.56.0-win32-x64\jre\21.0.12.1-win32-x86_64\bin\nio.dll
Event: 0.336 Attempting to load shared library C:\Users\admin\.vscode\extensions\redhat.java-1.56.0-win32-x64\jre\21.0.12.1-win32-x86_64\bin\zip.dll
Event: 0.336 Loaded shared library C:\Users\admin\.vscode\extensions\redhat.java-1.56.0-win32-x64\jre\21.0.12.1-win32-x86_64\bin\zip.dll
Event: 0.371 Attempting to load shared library C:\Users\admin\.vscode\extensions\redhat.java-1.56.0-win32-x64\jre\21.0.12.1-win32-x86_64\bin\jimage.dll
Event: 0.371 Loaded shared library C:\Users\admin\.vscode\extensions\redhat.java-1.56.0-win32-x64\jre\21.0.12.1-win32-x86_64\bin\jimage.dll
Event: 0.520 Attempting to load shared library c:\Users\admin\.vscode\extensions\redhat.java-1.56.0-win32-x64\jre\21.0.12.1-win32-x86_64\bin\verify.dll
Event: 0.521 Loaded shared library c:\Users\admin\.vscode\extensions\redhat.java-1.56.0-win32-x64\jre\21.0.12.1-win32-x86_64\bin\verify.dll
Event: 8.045 Attempting to load shared library C:\Users\admin\AppData\Roaming\Code\User\globalStorage\redhat.java\1.56.0\config_win\org.eclipse.equinox.launcher\org.eclipse.equinox.launcher.win32.win32.x86_64_1.3.100.v20260804-1928\eclipse_11924.dll
Event: 8.048 Loaded shared library C:\Users\admin\AppData\Roaming\Code\User\globalStorage\redhat.java\1.56.0\config_win\org.eclipse.equinox.launcher\org.eclipse.equinox.launcher.win32.win32.x86_64_1.3.100.v20260804-1928\eclipse_11924.dll
Event: 20.391 Attempting to load shared library C:\Users\admin\AppData\Local\Temp\jna-92668751\jna3756974304047072732.dll
Event: 21.550 Loaded shared library C:\Users\admin\AppData\Local\Temp\jna-92668751\jna3756974304047072732.dll

Deoptimization events (20 events):
Event: 25.146 Thread 0x000001ec9eac24a0 Uncommon trap: trap_request=0xffffffde fr.pc=0x000001ec4b1da6cc relative=0x000000000000010c
Event: 25.146 Thread 0x000001ec9eac24a0 Uncommon trap: reason=class_check action=maybe_recompile pc=0x000001ec4b1da6cc method=java.lang.Character.codePointAt(Ljava/lang/CharSequence;I)I @ 2 c2
Event: 25.146 Thread 0x000001ec9eac24a0 DEOPT PACKING pc=0x000001ec4b1da6cc sp=0x0000009f2ccfe800
Event: 25.146 Thread 0x000001ec9eac24a0 DEOPT UNPACKING pc=0x000001ec4aab3aa2 sp=0x0000009f2ccfe788 mode 2
Event: 25.146 Thread 0x000001ec9eac24a0 Uncommon trap: trap_request=0xffffffde fr.pc=0x000001ec4b1da6cc relative=0x000000000000010c
Event: 25.146 Thread 0x000001ec9eac24a0 Uncommon trap: reason=class_check action=maybe_recompile pc=0x000001ec4b1da6cc method=java.lang.Character.codePointAt(Ljava/lang/CharSequence;I)I @ 2 c2
Event: 25.146 Thread 0x000001ec9eac24a0 DEOPT PACKING pc=0x000001ec4b1da6cc sp=0x0000009f2ccfe800
Event: 25.146 Thread 0x000001ec9eac24a0 DEOPT UNPACKING pc=0x000001ec4aab3aa2 sp=0x0000009f2ccfe788 mode 2
Event: 25.146 Thread 0x000001ec9eac24a0 Uncommon trap: trap_request=0xffffffde fr.pc=0x000001ec4b1da6cc relative=0x000000000000010c
Event: 25.147 Thread 0x000001ec9eac24a0 Uncommon trap: reason=class_check action=maybe_recompile pc=0x000001ec4b1da6cc method=java.lang.Character.codePointAt(Ljava/lang/CharSequence;I)I @ 2 c2
Event: 25.147 Thread 0x000001ec9eac24a0 DEOPT PACKING pc=0x000001ec4b1da6cc sp=0x0000009f2ccfe800
Event: 25.147 Thread 0x000001ec9eac24a0 DEOPT UNPACKING pc=0x000001ec4aab3aa2 sp=0x0000009f2ccfe788 mode 2
Event: 25.147 Thread 0x000001ec9eac24a0 Uncommon trap: trap_request=0xffffff76 fr.pc=0x000001ec4b1b4228 relative=0x00000000000003a8
Event: 25.147 Thread 0x000001ec9eac24a0 Uncommon trap: reason=predicate action=maybe_recompile pc=0x000001ec4b1b4228 method=java.util.regex.Pattern$BmpCharPropertyGreedy.match(Ljava/util/regex/Matcher;ILjava/lang/CharSequence;)Z @ 12 c2
Event: 25.147 Thread 0x000001ec9eac24a0 DEOPT PACKING pc=0x000001ec4b1b4228 sp=0x0000009f2ccfe780
Event: 25.147 Thread 0x000001ec9eac24a0 DEOPT UNPACKING pc=0x000001ec4aab3aa2 sp=0x0000009f2ccfe708 mode 2
Event: 25.197 Thread 0x000001ec9eac1780 Uncommon trap: trap_request=0xffffff45 fr.pc=0x000001ec4b07862c relative=0x000000000000010c
Event: 25.197 Thread 0x000001ec9eac1780 Uncommon trap: reason=unstable_if action=reinterpret pc=0x000001ec4b07862c method=jdk.internal.org.objectweb.asm.ByteVector.putShort(I)Ljdk/internal/org/objectweb/asm/ByteVector; @ 13 c2
Event: 25.197 Thread 0x000001ec9eac1780 DEOPT PACKING pc=0x000001ec4b07862c sp=0x0000009f2cdfd220
Event: 25.197 Thread 0x000001ec9eac1780 DEOPT UNPACKING pc=0x000001ec4aab3aa2 sp=0x0000009f2cdfd1b8 mode 2

Classes loaded (20 events):
Event: 25.095 Loading class java/lang/invoke/MethodHandleImpl$Makers$1
Event: 25.095 Loading class java/lang/invoke/MethodHandleImpl$Makers$1 done
Event: 25.095 Loading class java/lang/invoke/MethodHandleImpl$Makers$2
Event: 25.095 Loading class java/lang/invoke/MethodHandleImpl$Makers$2 done
Event: 25.095 Loading class java/lang/invoke/MethodHandleImpl$Makers$3
Event: 25.095 Loading class java/lang/invoke/MethodHandleImpl$Makers$3 done
Event: 25.101 Loading class java/lang/runtime/ObjectMethods$1
Event: 25.101 Loading class java/lang/runtime/ObjectMethods$1 done
Event: 25.146 Loading class java/io/FileReader
Event: 25.146 Loading class java/io/FileReader done
Event: 25.194 Loading class java/lang/invoke/MethodHandleImpl$CountingWrapper
Event: 25.195 Loading class java/lang/invoke/MethodHandleImpl$CountingWrapper done
Event: 25.233 Loading class java/util/concurrent/atomic/AtomicReferenceFieldUpdater
Event: 25.233 Loading class java/util/concurrent/atomic/AtomicReferenceFieldUpdater done
Event: 25.233 Loading class java/util/concurrent/atomic/AtomicReferenceFieldUpdater$AtomicReferenceFieldUpdaterImpl
Event: 25.233 Loading class java/util/concurrent/atomic/AtomicReferenceFieldUpdater$AtomicReferenceFieldUpdaterImpl done
Event: 25.234 Loading class java/util/concurrent/atomic/AtomicReferenceFieldUpdater$AtomicReferenceFieldUpdaterImpl$1
Event: 25.234 Loading class java/util/concurrent/atomic/AtomicReferenceFieldUpdater$AtomicReferenceFieldUpdaterImpl$1 done
Event: 25.308 Loading class java/io/FilterReader
Event: 25.308 Loading class java/io/FilterReader done

Classes unloaded (7 events):
Event: 23.979 Thread 0x000001ec403d2750 Unloading class 0x000001ec581a5000 'java/lang/invoke/LambdaForm$MH+0x000001ec581a5000'
Event: 23.979 Thread 0x000001ec403d2750 Unloading class 0x000001ec581a4c00 'java/lang/invoke/LambdaForm$MH+0x000001ec581a4c00'
Event: 23.979 Thread 0x000001ec403d2750 Unloading class 0x000001ec581a4800 'java/lang/invoke/LambdaForm$MH+0x000001ec581a4800'
Event: 23.979 Thread 0x000001ec403d2750 Unloading class 0x000001ec581a4400 'java/lang/invoke/LambdaForm$MH+0x000001ec581a4400'
Event: 23.979 Thread 0x000001ec403d2750 Unloading class 0x000001ec581a4000 'java/lang/invoke/LambdaForm$BMH+0x000001ec581a4000'
Event: 23.979 Thread 0x000001ec403d2750 Unloading class 0x000001ec581a3c00 'java/lang/invoke/LambdaForm$DMH+0x000001ec581a3c00'
Event: 23.979 Thread 0x000001ec403d2750 Unloading class 0x000001ec581a2800 'java/lang/invoke/LambdaForm$DMH+0x000001ec581a2800'

Classes redefined (0 events):
No events

Internal exceptions (20 events):
Event: 23.299 Thread 0x000001ec9e480710 Exception <a 'java/lang/NoSuchMethodError'{0x00000000d56caad0}: 'java.lang.Object java.lang.invoke.Invokers$Holder.linkToTargetMethod(java.lang.Object, long, java.lang.Object, java.lang.Object)'> (0x00000000d56caad0) 
thrown [s\src\hotspot\share\interpreter\linkResolver.cpp, line 773]
Event: 23.636 Thread 0x000001ec9e480710 Exception <a 'java/io/FileNotFoundException'{0x00000000d5ea8628}> (0x00000000d5ea8628) 
thrown [s\src\hotspot\share\prims\jni.cpp, line 520]
Event: 23.637 Thread 0x000001ec9e480710 Exception <a 'java/lang/NoSuchMethodError'{0x00000000d5eb0bc0}: 'java.lang.Object java.lang.invoke.DirectMethodHandle$Holder.newInvokeSpecial(java.lang.Object, int, java.lang.Object, java.lang.Object)'> (0x00000000d5eb0bc0) 
thrown [s\src\hotspot\share\interpreter\linkResolver.cpp, line 773]
Event: 23.926 Thread 0x000001ec9e480710 Exception <a 'java/lang/NoSuchMethodError'{0x00000000d67673f0}: 'long java.lang.invoke.Invokers$Holder.invokeExact_MT(java.lang.Object, java.lang.Object)'> (0x00000000d67673f0) 
thrown [s\src\hotspot\share\interpreter\linkResolver.cpp, line 773]
Event: 24.326 Thread 0x000001ec9e480710 Exception <a 'java/lang/NoSuchMethodError'{0x00000000d5a94a60}: 'double java.lang.invoke.DirectMethodHandle$Holder.invokeStatic(java.lang.Object, java.lang.Object)'> (0x00000000d5a94a60) 
thrown [s\src\hotspot\share\interpreter\linkResolver.cpp, line 773]
Event: 24.329 Thread 0x000001ec9e480710 Exception <a 'java/lang/NoSuchMethodError'{0x00000000d5a980f0}: 'double java.lang.invoke.DirectMethodHandle$Holder.invokeStaticInit(java.lang.Object, java.lang.Object)'> (0x00000000d5a980f0) 
thrown [s\src\hotspot\share\interpreter\linkResolver.cpp, line 773]
Event: 25.092 Thread 0x000001ec9eac24a0 Exception <a 'java/lang/NoSuchMethodError'{0x00000000d6064ea0}: 'java.lang.Object java.lang.invoke.DirectMethodHandle$Holder.invokeStaticInit(java.lang.Object, java.lang.Object, java.lang.Object, java.lang.Object, java.lang.Object, java.lang.Object, java.lang.Object)'> (0x00000000d6064ea0) 
thrown [s\src\hotspot\share\interpreter\linkResolver.cpp, line 773]
Event: 25.093 Thread 0x000001ec9eac24a0 Exception <a 'java/lang/NoSuchMethodError'{0x00000000d6069678}: 'java.lang.Object java.lang.invoke.Invokers$Holder.invoke_MT(java.lang.Object, java.lang.Object, java.lang.Object, java.lang.Object, java.lang.Object, java.lang.Object, java.lang.Object, java.lang.Object, java.lang.Object)'> (0x00000000d6069678) 
thrown [s\src\hotspot\share\interpreter\linkResolver.cpp, line 773]
Event: 25.101 Thread 0x000001ec9eac24a0 Exception <a 'java/lang/NoSuchMethodError'{0x00000000d6116578}: 'int java.lang.invoke.DirectMethodHandle$Holder.invokeVirtual(java.lang.Object, java.lang.Object, java.lang.Object)'> (0x00000000d6116578) 
thrown [s\src\hotspot\share\interpreter\linkResolver.cpp, line 773]
Event: 25.102 Thread 0x000001ec9eac24a0 Exception <a 'java/lang/NoSuchMethodError'{0x00000000d611a7b8}: 'int java.lang.invoke.DirectMethodHandle$Holder.invokeStaticInit(java.lang.Object, int, int)'> (0x00000000d611a7b8) 
thrown [s\src\hotspot\share\interpreter\linkResolver.cpp, line 773]
Event: 25.103 Thread 0x000001ec9eac24a0 Exception <a 'java/lang/NoSuchMethodError'{0x00000000d6121d68}: 'int java.lang.invoke.DirectMethodHandle$Holder.invokeStaticInit(java.lang.Object, long, long)'> (0x00000000d6121d68) 
thrown [s\src\hotspot\share\interpreter\linkResolver.cpp, line 773]
Event: 25.104 Thread 0x000001ec9eac24a0 Exception <a 'java/lang/NoSuchMethodError'{0x00000000d6128700}: 'int java.lang.invoke.DirectMethodHandle$Holder.invokeStaticInit(java.lang.Object, float, float)'> (0x00000000d6128700) 
thrown [s\src\hotspot\share\interpreter\linkResolver.cpp, line 773]
Event: 25.105 Thread 0x000001ec9eac24a0 Exception <a 'java/lang/NoSuchMethodError'{0x00000000d612f2d0}: 'int java.lang.invoke.DirectMethodHandle$Holder.invokeStaticInit(java.lang.Object, double, double)'> (0x00000000d612f2d0) 
thrown [s\src\hotspot\share\interpreter\linkResolver.cpp, line 773]
Event: 25.105 Thread 0x000001ec9eac24a0 Exception <a 'java/lang/NoSuchMethodError'{0x00000000d6133910}: 'int java.lang.invoke.DirectMethodHandle$Holder.invokeStatic(java.lang.Object, long)'> (0x00000000d6133910) 
thrown [s\src\hotspot\share\interpreter\linkResolver.cpp, line 773]
Event: 25.111 Thread 0x000001ec9eac24a0 Exception <a 'java/lang/NoSuchMethodError'{0x00000000d61bef60}: 'int java.lang.invoke.Invokers$Holder.linkToTargetMethod(java.lang.Object, java.lang.Object)'> (0x00000000d61bef60) 
thrown [s\src\hotspot\share\interpreter\linkResolver.cpp, line 773]
Event: 25.190 Thread 0x000001ec9eac24a0 Exception <a 'java/lang/NoSuchMethodError'{0x00000000d664d5d0}: 'java.lang.Object java.lang.invoke.DirectMethodHandle$Holder.invokeSpecialIFC(java.lang.Object, java.lang.Object, java.lang.Object, java.lang.Object)'> (0x00000000d664d5d0) 
thrown [s\src\hotspot\share\interpreter\linkResolver.cpp, line 773]
Event: 25.191 Thread 0x000001ec9eac1780 Exception <a 'java/lang/NoSuchMethodError'{0x00000000d63f2468}: 'int java.lang.invoke.DirectMethodHandle$Holder.invokeSpecial(java.lang.Object, java.lang.Object, java.lang.Object, java.lang.Object)'> (0x00000000d63f2468) 
thrown [s\src\hotspot\share\interpreter\linkResolver.cpp, line 773]
Event: 25.193 Thread 0x000001ec9eac1780 Exception <a 'java/lang/NoSuchMethodError'{0x00000000d6683520}: 'java.lang.Object java.lang.invoke.DirectMethodHandle$Holder.invokeStatic(java.lang.Object, int, java.lang.Object, java.lang.Object)'> (0x00000000d6683520) 
thrown [s\src\hotspot\share\interpreter\linkResolver.cpp, line 773]
Event: 25.194 Thread 0x000001ec9eac1780 Exception <a 'java/lang/NoSuchMethodError'{0x00000000d6686d60}: 'java.lang.Object java.lang.invoke.DelegatingMethodHandle$Holder.delegate(java.lang.Object, int, java.lang.Object, java.lang.Object)'> (0x00000000d6686d60) 
thrown [s\src\hotspot\share\interpreter\linkResolver.cpp, line 773]
Event: 25.198 Thread 0x000001ec9eac1780 Exception <a 'java/lang/NoSuchMethodError'{0x00000000d6731280}: 'int java.lang.invoke.Invokers$Holder.linkToTargetMethod(java.lang.Object, java.lang.Object, java.lang.Object)'> (0x00000000d6731280) 
thrown [s\src\hotspot\share\interpreter\linkResolver.cpp, line 773]

ZGC Phase Switch (0 events):
No events

VM Operations (20 events):
Event: 22.578 Executing safepoint VM operation: Cleanup
Event: 22.578 Executing safepoint VM operation: Cleanup done
Event: 22.680 Executing non-safepoint VM operation: HandshakeAllThreads (Deoptimize)
Event: 22.680 Executing non-safepoint VM operation: HandshakeAllThreads (Deoptimize) done
Event: 23.017 Executing non-safepoint VM operation: HandshakeAllThreads (Deoptimize)
Event: 23.018 Executing non-safepoint VM operation: HandshakeAllThreads (Deoptimize) done
Event: 23.025 Executing non-safepoint VM operation: HandshakeAllThreads (Deoptimize)
Event: 23.025 Executing non-safepoint VM operation: HandshakeAllThreads (Deoptimize) done
Event: 23.097 Executing non-safepoint VM operation: HandshakeAllThreads (Deoptimize)
Event: 23.098 Executing non-safepoint VM operation: HandshakeAllThreads (Deoptimize) done
Event: 23.249 Executing safepoint VM operation: ParallelGCFailedAllocation (Allocation Failure)
Event: 23.256 Executing safepoint VM operation: ParallelGCFailedAllocation (Allocation Failure) done
Event: 23.965 Executing safepoint VM operation: CollectForMetadataAllocation (Metadata GC Threshold)
Event: 24.024 Executing safepoint VM operation: CollectForMetadataAllocation (Metadata GC Threshold) done
Event: 24.846 Executing safepoint VM operation: ParallelGCFailedAllocation (Allocation Failure)
Event: 24.849 Executing safepoint VM operation: ParallelGCFailedAllocation (Allocation Failure) done
Event: 25.119 Executing non-safepoint VM operation: HandshakeAllThreads (Deoptimize)
Event: 25.119 Executing non-safepoint VM operation: HandshakeAllThreads (Deoptimize) done
Event: 25.279 Executing safepoint VM operation: ParallelGCFailedAllocation (Allocation Failure)
Event: 25.282 Executing safepoint VM operation: ParallelGCFailedAllocation (Allocation Failure) done

Memory protections (0 events):
No events

Nmethod flushes (0 events):
No events

Events (20 events):
Event: 5.571 Thread 0x000001ec9e3578f0 Thread exited: 0x000001ec9e3578f0
Event: 5.712 Thread 0x000001ec40332330 Thread added: 0x000001ec9e367740
Event: 8.040 Thread 0x000001ec40332330 Thread added: 0x000001ec9e3d70b0
Event: 8.195 Thread 0x000001ec9e3d70b0 Thread added: 0x000001ec9e2afd60
Event: 8.244 Thread 0x000001ec40332330 Thread added: 0x000001ec9e480710
Event: 8.935 Thread 0x000001ec402de760 Thread added: 0x000001ec9e852d20
Event: 9.131 Thread 0x000001ec9e852d20 Thread exited: 0x000001ec9e852d20
Event: 13.879 Thread 0x000001ec402de760 Thread added: 0x000001ec9ea8c3a0
Event: 14.253 Thread 0x000001ec9e480710 Thread added: 0x000001ec9e2e0610
Event: 14.333 Thread 0x000001ec9ea8c3a0 Thread exited: 0x000001ec9ea8c3a0
Event: 16.706 Thread 0x000001ec9e480710 Thread added: 0x000001ec9f05d410
Event: 17.516 Thread 0x000001ec402de760 Thread added: 0x000001ec9f04ab70
Event: 17.956 Thread 0x000001ec9f04ab70 Thread exited: 0x000001ec9f04ab70
Event: 18.578 Thread 0x000001ec9e480710 Thread added: 0x000001ec9e59ad60
Event: 21.598 Thread 0x000001ec9e480710 Thread added: 0x000001ec9eac2b30
Event: 22.098 Thread 0x000001ec9e480710 Thread added: 0x000001ec9eac24a0
Event: 22.268 Thread 0x000001ec9e480710 Thread added: 0x000001ec9eac1780
Event: 25.190 Thread 0x000001ec9eac1780 Thread added: 0x000001ec9f5e4bf0
Event: 25.295 Thread 0x000001ec402de760 Thread added: 0x000001ec9f376f20
Event: 25.342 Thread 0x000001ec9f5e4bf0 Thread added: 0x000001ec9f5e1e00


Dynamic libraries:
0x00007ff683050000 - 0x00007ff68305e000 	c:\Users\admin\.vscode\extensions\redhat.java-1.56.0-win32-x64\jre\21.0.12.1-win32-x86_64\bin\java.exe
0x00007ffbf7510000 - 0x00007ffbf7727000 	C:\WINDOWS\SYSTEM32\ntdll.dll
0x00007ffbf6790000 - 0x00007ffbf6854000 	C:\WINDOWS\System32\KERNEL32.DLL
0x00007ffbf47e0000 - 0x00007ffbf4bb2000 	C:\WINDOWS\System32\KERNELBASE.dll
0x00007ffbf46c0000 - 0x00007ffbf47d1000 	C:\WINDOWS\System32\ucrtbase.dll
0x00007ffbdf720000 - 0x00007ffbdf738000 	c:\Users\admin\.vscode\extensions\redhat.java-1.56.0-win32-x64\jre\21.0.12.1-win32-x86_64\bin\jli.dll
0x00007ffbf52b0000 - 0x00007ffbf5461000 	C:\WINDOWS\System32\USER32.dll
0x00007ffbf4bc0000 - 0x00007ffbf4be6000 	C:\WINDOWS\System32\win32u.dll
0x00007ffbf74a0000 - 0x00007ffbf74c9000 	C:\WINDOWS\System32\GDI32.dll
0x00007ffbf4bf0000 - 0x00007ffbf4d13000 	C:\WINDOWS\System32\gdi32full.dll
0x00007ffbf4d20000 - 0x00007ffbf4dba000 	C:\WINDOWS\System32\msvcp_win.dll
0x00007ffbdf740000 - 0x00007ffbdf75e000 	c:\Users\admin\.vscode\extensions\redhat.java-1.56.0-win32-x64\jre\21.0.12.1-win32-x86_64\bin\VCRUNTIME140.dll
0x00007ffbdee30000 - 0x00007ffbdf0cb000 	C:\WINDOWS\WinSxS\amd64_microsoft.windows.common-controls_6595b64144ccf1df_6.0.22621.5547_none_27104afb73855772\COMCTL32.dll
0x00007ffbf7130000 - 0x00007ffbf71d7000 	C:\WINDOWS\System32\msvcrt.dll
0x00007ffbf6560000 - 0x00007ffbf6591000 	C:\WINDOWS\System32\IMM32.DLL
0x00007ffbec880000 - 0x00007ffbec88c000 	c:\Users\admin\.vscode\extensions\redhat.java-1.56.0-win32-x64\jre\21.0.12.1-win32-x86_64\bin\vcruntime140_1.dll
0x00007ffbdf690000 - 0x00007ffbdf71d000 	c:\Users\admin\.vscode\extensions\redhat.java-1.56.0-win32-x64\jre\21.0.12.1-win32-x86_64\bin\msvcp140.dll
0x00007ffb74080000 - 0x00007ffb74e22000 	c:\Users\admin\.vscode\extensions\redhat.java-1.56.0-win32-x64\jre\21.0.12.1-win32-x86_64\bin\server\jvm.dll
0x00007ffbf7010000 - 0x00007ffbf70c1000 	C:\WINDOWS\System32\ADVAPI32.dll
0x00007ffbf5c00000 - 0x00007ffbf5ca8000 	C:\WINDOWS\System32\sechost.dll
0x00007ffbf5170000 - 0x00007ffbf5198000 	C:\WINDOWS\System32\bcrypt.dll
0x00007ffbf65c0000 - 0x00007ffbf66d4000 	C:\WINDOWS\System32\RPCRT4.dll
0x00007ffbf5230000 - 0x00007ffbf52a1000 	C:\WINDOWS\System32\WS2_32.dll
0x00007ffbf44d0000 - 0x00007ffbf451d000 	C:\WINDOWS\SYSTEM32\POWRPROF.dll
0x00007ffbea780000 - 0x00007ffbea7b4000 	C:\WINDOWS\SYSTEM32\WINMM.dll
0x00007ffbe2020000 - 0x00007ffbe202a000 	C:\WINDOWS\SYSTEM32\VERSION.dll
0x00007ffbf44b0000 - 0x00007ffbf44c3000 	C:\WINDOWS\SYSTEM32\UMPDC.dll
0x00007ffbf35f0000 - 0x00007ffbf3608000 	C:\WINDOWS\SYSTEM32\kernel.appcore.dll
0x00007ffbdff10000 - 0x00007ffbdff1a000 	c:\Users\admin\.vscode\extensions\redhat.java-1.56.0-win32-x64\jre\21.0.12.1-win32-x86_64\bin\jimage.dll
0x00007ffbeefa0000 - 0x00007ffbef1d3000 	C:\WINDOWS\SYSTEM32\DBGHELP.DLL
0x00007ffbf6860000 - 0x00007ffbf6bf3000 	C:\WINDOWS\System32\combase.dll
0x00007ffbf6c00000 - 0x00007ffbf6cd7000 	C:\WINDOWS\System32\OLEAUT32.dll
0x00007ffbde5e0000 - 0x00007ffbde612000 	C:\WINDOWS\SYSTEM32\dbgcore.DLL
0x00007ffbf4dc0000 - 0x00007ffbf4e3b000 	C:\WINDOWS\System32\bcryptPrimitives.dll
0x00007ffbdf680000 - 0x00007ffbdf68f000 	c:\Users\admin\.vscode\extensions\redhat.java-1.56.0-win32-x64\jre\21.0.12.1-win32-x86_64\bin\instrument.dll
0x00007ffbdf280000 - 0x00007ffbdf2a0000 	c:\Users\admin\.vscode\extensions\redhat.java-1.56.0-win32-x64\jre\21.0.12.1-win32-x86_64\bin\java.dll
0x00007ffbf5cb0000 - 0x00007ffbf6552000 	C:\WINDOWS\System32\SHELL32.dll
0x00007ffbf4fb0000 - 0x00007ffbf50ef000 	C:\WINDOWS\System32\wintypes.dll
0x00007ffbf24e0000 - 0x00007ffbf2dfd000 	C:\WINDOWS\SYSTEM32\windows.storage.dll
0x00007ffbf7310000 - 0x00007ffbf741c000 	C:\WINDOWS\System32\SHCORE.dll
0x00007ffbf54d0000 - 0x00007ffbf5539000 	C:\WINDOWS\System32\shlwapi.dll
0x00007ffbf4530000 - 0x00007ffbf455b000 	C:\WINDOWS\SYSTEM32\profapi.dll
0x00007ffbd2610000 - 0x00007ffbd2628000 	c:\Users\admin\.vscode\extensions\redhat.java-1.56.0-win32-x64\jre\21.0.12.1-win32-x86_64\bin\zip.dll
0x00007ffbd2600000 - 0x00007ffbd2610000 	C:\Users\admin\.vscode\extensions\redhat.java-1.56.0-win32-x64\jre\21.0.12.1-win32-x86_64\bin\net.dll
0x00007ffbe9e80000 - 0x00007ffbe9fac000 	C:\WINDOWS\SYSTEM32\WINHTTP.dll
0x00007ffbf3a60000 - 0x00007ffbf3ac9000 	C:\WINDOWS\system32\mswsock.dll
0x00007ffbd25e0000 - 0x00007ffbd25f6000 	C:\Users\admin\.vscode\extensions\redhat.java-1.56.0-win32-x64\jre\21.0.12.1-win32-x86_64\bin\nio.dll
0x00007ffbdf4e0000 - 0x00007ffbdf4f0000 	c:\Users\admin\.vscode\extensions\redhat.java-1.56.0-win32-x64\jre\21.0.12.1-win32-x86_64\bin\verify.dll
0x00007ffbdb770000 - 0x00007ffbdb7b5000 	C:\Users\admin\AppData\Roaming\Code\User\globalStorage\redhat.java\1.56.0\config_win\org.eclipse.equinox.launcher\org.eclipse.equinox.launcher.win32.win32.x86_64_1.3.100.v20260804-1928\eclipse_11924.dll
0x00007ffbf5a60000 - 0x00007ffbf5c00000 	C:\WINDOWS\System32\ole32.dll
0x00007ffbf3db0000 - 0x00007ffbf3dcb000 	C:\WINDOWS\SYSTEM32\CRYPTSP.dll
0x00007ffbf3550000 - 0x00007ffbf3587000 	C:\WINDOWS\system32\rsaenh.dll
0x00007ffbf3b00000 - 0x00007ffbf3b28000 	C:\WINDOWS\SYSTEM32\USERENV.dll
0x00007ffbf3d90000 - 0x00007ffbf3d9c000 	C:\WINDOWS\SYSTEM32\CRYPTBASE.dll
0x00007ffbf3060000 - 0x00007ffbf308d000 	C:\WINDOWS\SYSTEM32\IPHLPAPI.DLL
0x00007ffbf65b0000 - 0x00007ffbf65b9000 	C:\WINDOWS\System32\NSI.dll
0x00007ffbc55f0000 - 0x00007ffbc5639000 	C:\Users\admin\AppData\Local\Temp\jna-92668751\jna3756974304047072732.dll
0x00007ffbf55d0000 - 0x00007ffbf55d8000 	C:\WINDOWS\System32\PSAPI.DLL

JVMTI agents:
c:\Users\admin\.vscode\extensions\redhat.java-1.56.0-win32-x64\lombok\lombok-1.18.39-4050.jar path:c:\Users\admin\.vscode\extensions\redhat.java-1.56.0-win32-x64\jre\21.0.12.1-win32-x86_64\bin\instrument.dll, loaded, initialized, instrumentlib options:none

dbghelp: loaded successfully - version: 4.0.5 - missing functions: none
symbol engine: initialized successfully - sym options: 0x614 - pdb path: .;c:\Users\admin\.vscode\extensions\redhat.java-1.56.0-win32-x64\jre\21.0.12.1-win32-x86_64\bin;C:\WINDOWS\SYSTEM32;C:\WINDOWS\WinSxS\amd64_microsoft.windows.common-controls_6595b64144ccf1df_6.0.22621.5547_none_27104afb73855772;c:\Users\admin\.vscode\extensions\redhat.java-1.56.0-win32-x64\jre\21.0.12.1-win32-x86_64\bin\server;C:\Users\admin\AppData\Roaming\Code\User\globalStorage\redhat.java\1.56.0\config_win\org.eclipse.equinox.launcher\org.eclipse.equinox.launcher.win32.win32.x86_64_1.3.100.v20260804-1928;C:\Users\admin\AppData\Local\Temp\jna-92668751

VM Arguments:
jvm_args: --add-modules=ALL-SYSTEM --add-opens=java.base/java.util=ALL-UNNAMED --add-opens=java.base/java.lang=ALL-UNNAMED --add-opens=java.base/sun.nio.fs=ALL-UNNAMED -Declipse.application=org.eclipse.jdt.ls.core.id1 -Dosgi.bundles.defaultStartLevel=4 -Declipse.product=org.eclipse.jdt.ls.core.product -Djava.import.generatesMetadataFilesAtProjectRoot=false -Dm2e.project.cache.size=50 -DDetectVMInstallationsJob.disabled=true -Dfile.encoding=utf8 -XX:+UseParallelGC -XX:GCTimeRatio=4 -XX:AdaptiveSizePolicyWeight=90 -Dsun.zip.disableMemoryMapping=true -Xmx2G -Xms100m -Xlog:disable -javaagent:c:\Users\admin\.vscode\extensions\redhat.java-1.56.0-win32-x64\lombok\lombok-1.18.39-4050.jar -XX:+HeapDumpOnOutOfMemoryError -XX:HeapDumpPath=c:\Users\admin\AppData\Roaming\Code\User\workspaceStorage\a275e4eceaa8a4da7861a808a1c7de57\redhat.java -Daether.dependencyCollector.impl=bf 
java_command: c:\Users\admin\.vscode\extensions\redhat.java-1.56.0-win32-x64\server\plugins\org.eclipse.equinox.launcher_1.8.0.v20260804-1928.jar -configuration c:\Users\admin\AppData\Roaming\Code\User\globalStorage\redhat.java\1.56.0\config_win -data c:\Users\admin\AppData\Roaming\Code\User\workspaceStorage\a275e4eceaa8a4da7861a808a1c7de57\redhat.java\jdt_ws --pipe=\\.\pipe\lsp-511796c4917b5962aae0c90001a1aaa9-sock
java_class_path (initial): c:\Users\admin\.vscode\extensions\redhat.java-1.56.0-win32-x64\server\plugins\org.eclipse.equinox.launcher_1.8.0.v20260804-1928.jar
Launcher Type: SUN_STANDARD

[Global flags]
    uintx AdaptiveSizePolicyWeight                 = 90                                        {product} {command line}
     intx CICompilerCount                          = 4                                         {product} {ergonomic}
    uintx GCTimeRatio                              = 4                                         {product} {command line}
     bool HeapDumpOnOutOfMemoryError               = true                                   {manageable} {command line}
    ccstr HeapDumpPath                             = c:\Users\admin\AppData\Roaming\Code\User\workspaceStorage\a275e4eceaa8a4da7861a808a1c7de57\redhat.java         {manageable} {command line}
   size_t InitialHeapSize                          = 104857600                                 {product} {command line}
   size_t MaxHeapSize                              = 2147483648                                {product} {command line}
   size_t MaxNewSize                               = 715653120                                 {product} {ergonomic}
   size_t MinHeapDeltaBytes                        = 524288                                    {product} {ergonomic}
   size_t MinHeapSize                              = 104857600                                 {product} {command line}
   size_t NewSize                                  = 34603008                                  {product} {ergonomic}
    uintx NonNMethodCodeHeapSize                   = 5839372                                {pd product} {ergonomic}
    uintx NonProfiledCodeHeapSize                  = 122909434                              {pd product} {ergonomic}
   size_t OldSize                                  = 70254592                                  {product} {ergonomic}
    uintx ProfiledCodeHeapSize                     = 122909434                              {pd product} {ergonomic}
    uintx ReservedCodeCacheSize                    = 251658240                              {pd product} {ergonomic}
     bool SegmentedCodeCache                       = true                                      {product} {ergonomic}
   size_t SoftMaxHeapSize                          = 2147483648                             {manageable} {ergonomic}
     bool UseCompressedOops                        = true                           {product lp64_product} {ergonomic}
     bool UseLargePagesIndividualAllocation        = false                                  {pd product} {ergonomic}
     bool UseParallelGC                            = true                                      {product} {command line}

Logging:
Log output configuration:
 #0: stdout all=off uptime,level,tags foldmultilines=false
 #1: stderr all=off uptime,level,tags foldmultilines=false

Release file:
JAVA_VERSION="21.0.12.1" 
MODULES="java.base java.compiler java.datatransfer java.xml java.prefs java.desktop java.instrument java.logging java.management java.security.sasl java.naming java.rmi java.management.rmi java.net.http java.scripting java.security.jgss java.transaction.xa java.sql java.sql.rowset java.xml.crypto java.se java.smartcardio jdk.accessibility jdk.internal.jvmstat jdk.attach jdk.charsets jdk.internal.opt jdk.zipfs jdk.compiler jdk.crypto.ec jdk.crypto.cryptoki jdk.crypto.mscapi jdk.dynalink jdk.internal.ed jdk.editpad jdk.hotspot.agent jdk.httpserver jdk.internal.le jdk.internal.vm.ci jdk.internal.vm.compiler jdk.internal.vm.compiler.management jdk.jartool jdk.javadoc jdk.jcmd jdk.management jdk.management.agent jdk.jconsole jdk.jdeps jdk.jdwp.agent jdk.jdi jdk.jfr jdk.jshell jdk.jsobject jdk.jstatd jdk.localedata jdk.management.jfr jdk.naming.dns jdk.naming.rmi jdk.net jdk.nio.mapmode jdk.random jdk.sctp jdk.security.auth jdk.security.jgss jdk.unsupported jdk.unsupported.desktop jdk.xml.dom" 

Environment Variables:
JAVA_HOME=C:\Program Files\Eclipse Adoptium\jdk-25.0.1.8-hotspot
PATH=C:\Program Files\Eclipse Adoptium\jdk-17.0.19.10-hotspot\bin;C:\Program Files (x86)\VMware\VMware Workstation\bin\;C:\Program Files\Python312\Scripts\;C:\Program Files\Python312\;C:\WINDOWS\system32;C:\WINDOWS;C:\WINDOWS\System32\Wbem;C:\WINDOWS\System32\WindowsPowerShell\v1.0\;C:\WINDOWS\System32\OpenSSH\;C:\Program Files (x86)\Microsoft SQL Server\160\Tools\Binn\;C:\Program Files\Microsoft SQL Server\160\Tools\Binn\;C:\Program Files\Microsoft SQL Server\Client SDK\ODBC\170\Tools\Binn\;C:\Program Files\Microsoft SQL Server\160\DTS\Binn\;C:\Program Files (x86)\Microsoft SQL Server\160\DTS\Binn\;C:\Windows\system32\python;C:\sqlite3;C:\Program Files\nodejs\;C:\MinGW\bin;C:\curl\bin;C:\curl\include;C:\MinGW;C:\MinGW\lib;C:\GnuWin32\bin;C:\OpenSSL-Win64\bin;C:\Program Files\PostgreSQL\17\bin;C:\Program Files\Eclipse Adoptium\jdk-25.0.1.8-hotspot\bin;C:\Program Files\Heroku\bin;C:\Program Files\Git\cmd;C:\Program Files (x86)\VMware\VMware Workstation\bin\;C:\Program Files\Python312\Scripts\;C:\Program Files\Python312\;C:\WINDOWS\system32;C:\WINDOWS;C:\WINDOWS\System32\Wbem;C:\WINDOWS\System32\WindowsPowerShell\v1.0\;C:\WINDOWS\System32\OpenSSH\;C:\Program Files (x86)\Microsoft SQL Server\160\Tools\Binn\;C:\Program Files\Microsoft SQL Server\160\Tools\Binn\;C:\Program Files\Microsoft SQL Server\Client SDK\ODBC\170\Tools\Binn\;C:\Program Files\Microsoft SQL Server\160\DTS\Binn\;C:\Program Files (x86)\Microsoft SQL Server\160\DTS\Binn\;C:\Windows\system32\python;C:\sqlite3;C:\Program Files\nodejs\;C:\MinGW\bin;C:\curl\bin;C:\curl\include;C:\MinGW;C:\MinGW\lib;C:\GnuWin32\bin;C:\OpenSSL-Win64\bin;C:\Program Files\PostgreSQL\17\bin;C:\Program Files\Eclipse Adoptium\jdk-25.0.1.8-hotspot\bin;C:\Program Files\Git\cmd;C:\Program Files\Docker\Docker\resources\bin;C:\Program Files\Heroku\bin;C:\Users\admin\AppData\Local\Programs\Microsoft VS Code;C:\Program Files\P;C:\flutter\bin\flutter;C:\flutter\bin;C:\Users\admin\AppData\Local\Programs\Microsoft VS Code\bin
USERNAME=admin
OS=Windows_NT
PROCESSOR_IDENTIFIER=Intel64 Family 6 Model 142 Stepping 10, GenuineIntel
TMP=C:\Users\admin\AppData\Local\Temp
TEMP=C:\Users\admin\AppData\Local\Temp




Periodic native trim disabled

---------------  S Y S T E M  ---------------

OS:
 Windows 11 , 64 bit Build 22621 (10.0.22621.5415)
OS uptime: 0 days 2:11 hours
Hyper-V role detected

CPU: total 8 (initial active 8) (4 cores per cpu, 2 threads per core) family 6 model 142 stepping 10 microcode 0xf4, cx8, cmov, fxsr, ht, mmx, 3dnowpref, sse, sse2, sse3, ssse3, sse4.1, sse4.2, popcnt, lzcnt, tsc, tscinvbit, avx, avx2, aes, erms, clmul, bmi1, bmi2, rtm, adx, fma, vzeroupper, clflush, clflushopt, hv, rdtscp, f16c
Processor Information for the first 8 processors :
  Max Mhz: 1896, Current Mhz: 1696, Mhz Limit: 1687

Memory: 4k page, system-wide physical 8070M (398M free)
TotalPageFile size 15324M (AvailPageFile size 7M)
current process WorkingSet (physical memory assigned to process): 158M, peak: 158M
current process commit charge ("private bytes"): 288M, peak: 288M

vm_info: OpenJDK 64-Bit Server VM (21.0.12.1+1-LTS) for windows-amd64 JRE (21.0.12.1+1-LTS), built on 2026-08-18T00:00:00Z by "admin" with MS VC++ 17.12 (VS2022)

END.
