#
# There is insufficient memory for the Java Runtime Environment to continue.
# Native memory allocation (malloc) failed to allocate 641536 bytes. Error detail: Chunk::new
# Possible reasons:
#   The system is out of physical RAM or swap space
#   This process is running with CompressedOops enabled, and the Java Heap may be blocking the growth of the native heap
# Possible solutions:
#   Reduce memory load on the system
#   Increase physical memory or swap space
#   Check if swap backing store is full
#   Decrease Java heap size (-Xmx/-Xms)
#   Decrease number of Java threads
#   Decrease Java thread stack sizes (-Xss)
#   Set larger code cache with -XX:ReservedCodeCacheSize=
#   JVM is running with Zero Based Compressed Oops mode in which the Java heap is
#     placed in the first 32GB address space. The Java Heap base address is the
#     maximum limit for the native heap growth. Please use -XX:HeapBaseMinAddress
#     to set the Java Heap base and to place the Java Heap above 32GB virtual address.
# This output file may be truncated or incomplete.
#
#  Out of Memory Error (arena.cpp:191), pid=15964, tid=16624
#
# JRE version: OpenJDK Runtime Environment Temurin-17.0.19+10 (17.0.19+10) (build 17.0.19+10)
# Java VM: OpenJDK 64-Bit Server VM Temurin-17.0.19+10 (17.0.19+10, mixed mode, sharing, tiered, compressed oops, compressed class ptrs, g1 gc, windows-amd64)
# No core dump will be written. Minidumps are not enabled by default on client versions of Windows
#

---------------  S U M M A R Y ------------

Command Line: --add-opens=java.base/java.lang=ALL-UNNAMED --add-opens=java.base/java.lang.invoke=ALL-UNNAMED --add-opens=java.base/java.util=ALL-UNNAMED --add-opens=java.prefs/java.util.prefs=ALL-UNNAMED --add-exports=jdk.compiler/com.sun.tools.javac.api=ALL-UNNAMED --add-exports=jdk.compiler/com.sun.tools.javac.util=ALL-UNNAMED --add-opens=java.base/java.util=ALL-UNNAMED --add-opens=java.prefs/java.util.prefs=ALL-UNNAMED --add-opens=java.base/java.nio.charset=ALL-UNNAMED --add-opens=java.base/java.net=ALL-UNNAMED --add-opens=java.base/java.util.concurrent.atomic=ALL-UNNAMED --add-opens=java.xml/javax.xml.namespace=ALL-UNNAMED -XX:MaxMetaspaceSize=4G -XX:ReservedCodeCacheSize=512m -XX:+HeapDumpOnOutOfMemoryError -Xmx8G -Dfile.encoding=UTF-8 -Duser.country=FR -Duser.language=fr -Duser.variant -javaagent:C:\Users\admin\.gradle\wrapper\dists\gradle-8.14-all\c2qonpi39x1mddn7hk5gh9iqj\gradle-8.14\lib\agents\gradle-instrumentation-agent-8.14.jar org.gradle.launcher.daemon.bootstrap.GradleDaemon 8.14

Host: Intel(R) Core(TM) i5-8350U CPU @ 1.70GHz, 8 cores, 7G,  Windows 11 , 64 bit Build 22621 (10.0.22621.5415)
Time: Sun Sep 20 18:49:27 2026 Paris, Madrid (heure duild 22621 (10.0.22621.5415) elapsed time: 280.109063 seconds (0d 0h 4m 40s)

---------------  T H R E A D  ---------------

Current thread (0x000001d8fef7c480):  JavaThread "C2 CompilerThread0" daemon [_thread_in_native, id=16624, stack(0x000000c706700000,0x000000c706800000)]


Current CompileTask:
C2:280109 10511       4       org.gradle.internal.logging.sink.OutputEventTransformer::onOutput (369 bytes)

Stack: [0x000000c706700000,0x000000c706800000]
Native frames: (J=compiled Java code, j=interpreted, Vv=VM code, C=native code)
V  [jvm.dll+0x684b29]
V  [jvm.dll+0x83a2d5]
V  [jvm.dll+0x83bd4e]
V  [jvm.dll+0x83c3d3]
V  [jvm.dll+0x24905f]
V  [jvm.dll+0xad536]
V  [jvm.dll+0xadbdc]
V  [jvm.dll+0x368d9e]
V  [jvm.dll+0x3331d5]
V  [jvm.dll+0x33263a]
V  [jvm.dll+0x219e69]
V  [jvm.dll+0x2192af]
V  [jvm.dll+0x1a49f0]
V  [jvm.dll+0x2299fa]
V  [jvm.dll+0x227bab]
V  [jvm.dll+0x7f0a88]
V  [jvm.dll+0x7eaf1c]
V  [jvm.dll+0x6839f7]
C  [ucrtbase.dll+0x29333]
C  [KERNEL32.DLL+0x1259d]
C  [ntdll.dll+0x5af78]


---------------  P R O C E S S  ---------------

Threads class SMR info:
_java_thread_list=0x000001d949389cd0, length=58, elements={
0x000001d8cbcd1d10, 0x000001d8fef64560, 0x000001d8fef652f0, 0x000001d8fef78d50,
0x000001d8fef79620, 0x000001d8fef79ef0, 0x000001d8fef7a7c0, 0x000001d8fef7c480,
0x000001d8fef7ee50, 0x000001d8ff960060, 0x000001d8fef515b0, 0x000001d8ffb3dfd0,
0x000001d946a31940, 0x000001d946407bd0, 0x000001d945e98240, 0x000001d946017330,
0x000001d946017840, 0x000001d946015ef0, 0x000001d946014ab0, 0x000001d9476c8490,
0x000001d9476cb730, 0x000001d9476ccb70, 0x000001d9476c93c0, 0x000001d9476cbc40,
0x000001d9476cc150, 0x000001d9476c89a0, 0x000001d9476cdfb0, 0x000001d9476ce4c0,
0x000001d9476c7050, 0x000001d94769c120, 0x000001d947697020, 0x000001d947697a40,
0x000001d9476ce9d0, 0x000001d94769bc10, 0x000001d94769c630, 0x000001d94769df80,
0x000001d94769b1f0, 0x000001d947698e80, 0x000001d94769da70, 0x000001d947699db0,
0x000001d94769d560, 0x000001d947698460, 0x000001d947699390, 0x000001d94769cb40,
0x000001d94769e490, 0x000001d94769e9a0, 0x000001d94769b700, 0x000001d94769a2c0,
0x000001d947697530, 0x000001d947697f50, 0x000001d947698970, 0x000001d94769a7d0,
0x000001d94769ace0, 0x000001d9476c98d0, 0x000001d9476c7560, 0x000001d9476cd080,
0x000001d9476c7a70, 0x000001d9476ca2f0
}

Java Threads: ( => current thread )
  0x000001d8cbcd1d10 JavaThread "main" [_thread_blocked, id=3476, stack(0x000000c705a00000,0x000000c705b00000)]
  0x000001d8fef64560 JavaThread "Reference Handler" daemon [_thread_blocked, id=168, stack(0x000000c706100000,0x000000c706200000)]
  0x000001d8fef652f0 JavaThread "Finalizer" daemon [_thread_blocked, id=8872, stack(0x000000c706200000,0x000000c706300000)]
  0x000001d8fef78d50 JavaThread "Signal Dispatcher" daemon [_thread_blocked, id=7932, stack(0x000000c706300000,0x000000c706400000)]
  0x000001d8fef79620 JavaThread "Attach Listener" daemon [_thread_blocked, id=13708, stack(0x000000c706400000,0x000000c706500000)]
  0x000001d8fef79ef0 JavaThread "Service Thread" daemon [_thread_blocked, id=10128, stack(0x000000c706500000,0x000000c706600000)]
  0x000001d8fef7a7c0 JavaThread "Monitor Deflation Thread" daemon [_thread_blocked, id=10460, stack(0x000000c706600000,0x000000c706700000)]
=>0x000001d8fef7c480 JavaThread "C2 CompilerThread0" daemon [_thread_in_native, id=16624, stack(0x000000c706700000,0x000000c706800000)]
  0x000001d8fef7ee50 JavaThread "C1 CompilerThread0" daemon [_thread_blocked, id=17864, stack(0x000000c706800000,0x000000c706900000)]
  0x000001d8ff960060 JavaThread "Sweeper thread" daemon [_thread_blocked, id=5588, stack(0x000000c706900000,0x000000c706a00000)]
  0x000001d8fef515b0 JavaThread "Common-Cleaner" daemon [_thread_blocked, id=2724, stack(0x000000c706a00000,0x000000c706b00000)]
  0x000001d8ffb3dfd0 JavaThread "Notification Thread" daemon [_thread_blocked, id=18788, stack(0x000000c706b00000,0x000000c706c00000)]
  0x000001d946a31940 JavaThread "Daemon health stats" [_thread_blocked, id=9668, stack(0x000000c707200000,0x000000c707300000)]
  0x000001d946407bd0 JavaThread "Incoming local TCP Connector on port 63259" [_thread_in_native, id=4212, stack(0x000000c706d00000,0x000000c706e00000)]
  0x000001d945e98240 JavaThread "Daemon periodic checks" [_thread_blocked, id=19152, stack(0x000000c707300000,0x000000c707400000)]
  0x000001d946017330 JavaThread "Cache worker for journal cache (C:\Users\admin\.gradle\caches\journal-1)" [_thread_blocked, id=19396, stack(0x000000c707b00000,0x000000c707c00000)]
  0x000001d946017840 JavaThread "File lock request listener" [_thread_in_native, id=6712, stack(0x000000c707c00000,0x000000c707d00000)]
  0x000001d946015ef0 JavaThread "Cache worker for file hash cache (C:\Users\admin\.gradle\caches\8.14\fileHashes)" [_thread_blocked, id=18536, stack(0x000000c707d00000,0x000000c707e00000)]
  0x000001d946014ab0 JavaThread "File watcher server" daemon [_thread_in_native, id=11968, stack(0x000000c708500000,0x000000c708600000)]
  0x000001d9476c8490 JavaThread "File watcher consumer" daemon [_thread_blocked, id=2160, stack(0x000000c708600000,0x000000c708700000)]
  0x000001d9476cb730 JavaThread "jar transforms" [_thread_blocked, id=7988, stack(0x000000c708800000,0x000000c708900000)]
  0x000001d9476ccb70 JavaThread "jar transforms Thread 2" [_thread_blocked, id=13756, stack(0x000000c708900000,0x000000c708a00000)]
  0x000001d9476c93c0 JavaThread "jar transforms Thread 3" [_thread_blocked, id=12372, stack(0x000000c708a00000,0x000000c708b00000)]
  0x000001d9476cbc40 JavaThread "jar transforms Thread 4" [_thread_blocked, id=1848, stack(0x000000c708100000,0x000000c708200000)]
  0x000001d9476cc150 JavaThread "jar transforms Thread 5" [_thread_blocked, id=2240, stack(0x000000c708c00000,0x000000c708d00000)]
  0x000001d9476c89a0 JavaThread "Cache worker for file content cache (C:\Users\admin\.gradle\caches\8.14\fileContent)" [_thread_blocked, id=18756, stack(0x000000c708f00000,0x000000c709000000)]
  0x000001d9476cdfb0 JavaThread "jar transforms Thread 6" [_thread_blocked, id=308, stack(0x000000c709000000,0x000000c709100000)]
  0x000001d9476ce4c0 JavaThread "jar transforms Thread 7" [_thread_blocked, id=7136, stack(0x000000c709100000,0x000000c709200000)]
  0x000001d9476c7050 JavaThread "jar transforms Thread 8" [_thread_blocked, id=17804, stack(0x000000c709200000,0x000000c709300000)]
  0x000001d94769c120 JavaThread "Daemon Thread 2" [_thread_blocked, id=5492, stack(0x000000c705700000,0x000000c705800000)]
  0x000001d947697020 JavaThread "Daemon worker Thread 2" [_thread_in_Java, id=6720, stack(0x000000c707400000,0x000000c707500000)]
  0x000001d947697a40 JavaThread "File lock release action executor Thread 3" [_thread_blocked, id=15956, stack(0x000000c707a00000,0x000000c707b00000)]
  0x000001d9476ce9d0 JavaThread "VFS cleanup Thread 2" [_thread_blocked, id=5904, stack(0x000000c707500000,0x000000c707600000)]
  0x000001d94769bc10 JavaThread "Handler for socket connection from /127.0.0.1:63259 to /127.0.0.1:52062" [_thread_in_native, id=3848, stack(0x000000c705800000,0x000000c705900000)]
  0x000001d94769c630 JavaThread "Cancel handler" [_thread_blocked, id=2792, stack(0x000000c705900000,0x000000c705a00000)]
  0x000001d94769df80 JavaThread "Asynchronous log dispatcher for DefaultDaemonConnection: socket connection from /127.0.0.1:63259 to /127.0.0.1:52062" [_thread_blocked, id=16648, stack(0x000000c707600000,0x000000c707700000)]
  0x000001d94769b1f0 JavaThread "Stdin handler" [_thread_blocked, id=15276, stack(0x000000c707700000,0x000000c707800000)]
  0x000001d947698e80 JavaThread "Daemon client event forwarder" [_thread_in_Java, id=19028, stack(0x000000c707800000,0x000000c707900000)]
  0x000001d94769da70 JavaThread "Cache worker for file hash cache (C:\Users\admin\Downloads\livreurs-pro\flutter\flutter\examples\layers\android\.gradle\8.14\fileHashes)" [_thread_blocked, id=18024, stack(0x000000c707900000,0x000000c707a00000)]
  0x000001d947699db0 JavaThread "Cache worker for Build Output Cleanup Cache (C:\Users\admin\Downloads\livreurs-pro\flutter\flutter\examples\layers\android\.gradle\buildOutputCleanup)" [_thread_blocked, id=13916, stack(0x000000c708200000,0x000000c708300000)]
  0x000001d94769d560 JavaThread "Cache worker for checksums cache (C:\Users\admin\Downloads\livreurs-pro\flutter\flutter\examples\layers\android\.gradle\8.14\checksums)" [_thread_blocked, id=1752, stack(0x000000c708300000,0x000000c708400000)]
  0x000001d947698460 JavaThread "Cache worker for cache directory md-supplier (C:\Users\admin\.gradle\caches\8.14\md-supplier)" [_thread_blocked, id=7048, stack(0x000000c708700000,0x000000c708800000)]
  0x000001d947699390 JavaThread "Cache worker for cache directory md-rule (C:\Users\admin\.gradle\caches\8.14\md-rule)" [_thread_blocked, id=6220, stack(0x000000c708b00000,0x000000c708c00000)]
  0x000001d94769cb40 JavaThread "Cache worker for Build Output Cleanup Cache (C:\flutter\packages\flutter_tools\gradle\.gradle\buildOutputCleanup)" [_thread_blocked, id=4948, stack(0x000000c708e00000,0x000000c708f00000)]
  0x000001d94769e490 JavaThread "Unconstrained build operations" [_thread_blocked, id=10036, stack(0x000000c709300000,0x000000c709400000)]
  0x000001d94769e9a0 JavaThread "Unconstrained build operations Thread 2" [_thread_blocked, id=9744, stack(0x000000c709400000,0x000000c709500000)]
  0x000001d94769b700 JavaThread "Unconstrained build operations Thread 3" [_thread_blocked, id=13224, stack(0x000000c709500000,0x000000c709600000)]
  0x000001d94769a2c0 JavaThread "Unconstrained build operations Thread 4" [_thread_blocked, id=8756, stack(0x000000c709600000,0x000000c709700000)]
  0x000001d947697530 JavaThread "Unconstrained build operations Thread 5" [_thread_blocked, id=13008, stack(0x000000c709700000,0x000000c709800000)]
  0x000001d947697f50 JavaThread "Unconstrained build operations Thread 6" [_thread_blocked, id=18084, stack(0x000000c709800000,0x000000c709900000)]
  0x000001d947698970 JavaThread "Unconstrained build operations Thread 7" [_thread_blocked, id=18968, stack(0x000000c709900000,0x000000c709a00000)]
  0x000001d94769a7d0 JavaThread "Unconstrained build operations Thread 8" [_thread_blocked, id=11428, stack(0x000000c709a00000,0x000000c709b00000)]
  0x000001d94769ace0 JavaThread "Unconstrained build operations Thread 9" [_thread_blocked, id=3228, stack(0x000000c709b00000,0x000000c709c00000)]
  0x000001d9476c98d0 JavaThread "Unconstrained build operations Thread 10" [_thread_blocked, id=12816, stack(0x000000c709c00000,0x000000c709d00000)]
  0x000001d9476c7560 JavaThread "Unconstrained build operations Thread 11" [_thread_blocked, id=13156, stack(0x000000c709d00000,0x000000c709e00000)]
  0x000001d9476cd080 JavaThread "Unconstrained build operations Thread 12" [_thread_blocked, id=5816, stack(0x000000c709e00000,0x000000c709f00000)]
  0x000001d9476c7a70 JavaThread "Unconstrained build operations Thread 13" [_thread_blocked, id=18304, stack(0x000000c709f00000,0x000000c70a000000)]
  0x000001d9476ca2f0 JavaThread "Unconstrained build operations Thread 14" [_thread_blocked, id=17388, stack(0x000000c70a000000,0x000000c70a100000)]

Other Threads:
  0x000001d8fef61320 VMThread "VM Thread" [stack: 0x000000c706000000,0x000000c706100000] [id=16148]
  0x000001d8ffabb3e0 WatcherThread [stack: 0x000000c706c00000,0x000000c706d00000] [id=11140]
  0x000001d8cbd7e790 GCTaskThread "GC Thread#0" [stack: 0x000000c705b00000,0x000000c705c00000] [id=17188]
  0x000001d8ffc39c70 GCTaskThread "GC Thread#1" [stack: 0x000000c706e00000,0x000000c706f00000] [id=7512]
  0x000001d8ffc39f30 GCTaskThread "GC Thread#2" [stack: 0x000000c706f00000,0x000000c707000000] [id=13212]
  0x000001d945fbbca0 GCTaskThread "GC Thread#3" [stack: 0x000000c707000000,0x000000c707100000] [id=7628]
  0x000001d945f58320 GCTaskThread "GC Thread#4" [stack: 0x000000c707100000,0x000000c707200000] [id=316]
  0x000001d8ffab3b50 GCTaskThread "GC Thread#5" [stack: 0x000000c707e00000,0x000000c707f00000] [id=5556]
  0x000001d8ff9d6bd0 GCTaskThread "GC Thread#6" [stack: 0x000000c707f00000,0x000000c708000000] [id=2088]
  0x000001d8ffd0f1c0 GCTaskThread "GC Thread#7" [stack: 0x000000c708000000,0x000000c708100000] [id=14460]
  0x000001d8fedb0780 ConcurrentGCThread "G1 Main Marker" [stack: 0x000000c705c00000,0x000000c705d00000] [id=11448]
  0x000001d8fedb10b0 ConcurrentGCThread "G1 Conc#0" [stack: 0x000000c705d00000,0x000000c705e00000] [id=14520]
  0x000001d9489bc8d0 ConcurrentGCThread "G1 Conc#1" [stack: 0x000000c708400000,0x000000c708500000] [id=9732]
  0x000001d8fee18db0 ConcurrentGCThread "G1 Refine#0" [stack: 0x000000c705e00000,0x000000c705f00000] [id=5412]
  0x000001d9472cdac0 ConcurrentGCThread "G1 Refine#1" [stack: 0x000000c708d00000,0x000000c708e00000] [id=17152]
  0x000001d8fee196f0 ConcurrentGCThread "G1 Service" [stack: 0x000000c705f00000,0x000000c706000000] [id=10968]

Threads with active compile tasks:
C2 CompilerThread0  280159 10511       4       org.gradle.internal.logging.sink.OutputEventTransformer::onOutput (369 bytes)

VM state: not at safepoint (normal execution)

VM Mutex/Monitor currently owned by a thread: None

Heap address: 0x0000000600000000, size: 8192 MB, Compressed Oops mode: Zero based, Oop shift amount: 3

CDS archive(s) mapped at: [0x000001d900000000-0x000001d900bb0000-0x000001d900bb0000), size 12255232, SharedBaseAddress: 0x000001d900000000, ArchiveRelocationMode: 1.
Compressed class space mapped at: 0x000001d901000000-0x000001d941000000, reserved size: 1073741824
Narrow klass base: 0x000001d900000000, Narrow klass shift: 0, Narrow klass range: 0x100000000

GC Precious Log:
 CPUs: 8 total, 8 available
 Memory: 8070M
 Large Page Support: Disabled
 NUMA Support: Disabled
 Compressed Oops: Enabled (Zero based)
 Heap Region Size: 4M
 Heap Min Capacity: 8M
 Heap Initial Capacity: 128M
 Heap Max Capacity: 8G
 Pre-touch: Disabled
 Parallel Workers: 8
 Concurrent Workers: 2
 Concurrent Refinement Workers: 8
 Periodic GC: Disabled

Heap:
 garbage-first heap   total 262144K, used 165819K [0x0000000600000000, 0x0000000800000000)
  region size 4096K, 28 young (114688K), 1 survivors (4096K)
 Metaspace       used 55582K, committed 56640K, reserved 1114112K
  class space    used 7634K, committed 8128K, reserved 1048576K

Heap Regions: E=young(eden), S=young(survivor), O=old, HS=humongous(starts), HC=humongous(continues), CS=collection set, F=free, OA=open archive, CA=closed archive, TAMS=top-at-mark-start (previous, next)
|   0|0x0000000600000000, 0x0000000600400000, 0x0000000600400000|100%|HS|  |TAMS 0x0000000600400000, 0x0000000600000000| Complete 
|   1|0x0000000600400000, 0x0000000600800000, 0x0000000600800000|100%| O|  |TAMS 0x0000000600800000, 0x0000000600400000| Untracked 
|   2|0x0000000600800000, 0x0000000600c00000, 0x0000000600c00000|100%| O|  |TAMS 0x0000000600c00000, 0x0000000600800000| Untracked 
|   3|0x0000000600c00000, 0x0000000600fe4000, 0x0000000601000000| 97%| O|  |TAMS 0x0000000600fe4000, 0x0000000600c00000| Untracked 
|   4|0x0000000601000000, 0x0000000601400000, 0x0000000601400000|100%| O|  |TAMS 0x0000000601400000, 0x0000000601000000| Untracked 
|   5|0x0000000601400000, 0x0000000601800000, 0x0000000601800000|100%| O|  |TAMS 0x0000000601800000, 0x0000000601400000| Untracked 
|   6|0x0000000601800000, 0x0000000601c00000, 0x0000000601c00000|100%| O|  |TAMS 0x0000000601c00000, 0x0000000601800000| Untracked 
|   7|0x0000000601c00000, 0x0000000602000000, 0x0000000602000000|100%| O|  |TAMS 0x0000000602000000, 0x0000000601c00000| Untracked 
|   8|0x0000000602000000, 0x0000000602400000, 0x0000000602400000|100%| O|  |TAMS 0x0000000602400000, 0x0000000602000000| Untracked 
|   9|0x0000000602400000, 0x0000000602800000, 0x0000000602800000|100%| O|  |TAMS 0x0000000602800000, 0x0000000602400000| Untracked 
|  10|0x0000000602800000, 0x0000000602c00000, 0x0000000602c00000|100%| O|  |TAMS 0x0000000602c00000, 0x0000000602800000| Untracked 
|  11|0x0000000602c00000, 0x0000000603000000, 0x0000000603000000|100%| O|  |TAMS 0x0000000603000000, 0x0000000602c00000| Untracked 
|  12|0x0000000603000000, 0x0000000603000000, 0x0000000603400000|  0%| F|  |TAMS 0x0000000603000000, 0x0000000603000000| Untracked 
|  13|0x0000000603400000, 0x0000000603800000, 0x0000000603800000|100%| O|  |TAMS 0x0000000603800000, 0x0000000603400000| Untracked 
|  14|0x0000000603800000, 0x0000000603c00000, 0x0000000603c00000|100%| O|  |TAMS 0x0000000603c00000, 0x0000000603800000| Untracked 
|  15|0x0000000603c00000, 0x0000000603c58c00, 0x0000000604000000|  8%| O|  |TAMS 0x0000000603c58c00, 0x0000000603c00000| Untracked 
|  16|0x0000000604000000, 0x0000000604000000, 0x0000000604400000|  0%| F|  |TAMS 0x0000000604000000, 0x0000000604000000| Untracked 
|  17|0x0000000604400000, 0x0000000604400000, 0x0000000604800000|  0%| F|  |TAMS 0x0000000604400000, 0x0000000604400000| Untracked 
|  18|0x0000000604800000, 0x0000000604800000, 0x0000000604c00000|  0%| F|  |TAMS 0x0000000604800000, 0x0000000604800000| Untracked 
|  19|0x0000000604c00000, 0x0000000604c00000, 0x0000000605000000|  0%| F|  |TAMS 0x0000000604c00000, 0x0000000604c00000| Untracked 
|  20|0x0000000605000000, 0x0000000605000000, 0x0000000605400000|  0%| F|  |TAMS 0x0000000605000000, 0x0000000605000000| Untracked 
|  21|0x0000000605400000, 0x0000000605400000, 0x0000000605800000|  0%| F|  |TAMS 0x0000000605400000, 0x0000000605400000| Untracked 
|  22|0x0000000605800000, 0x0000000605800000, 0x0000000605c00000|  0%| F|  |TAMS 0x0000000605800000, 0x0000000605800000| Untracked 
|  23|0x0000000605c00000, 0x0000000605c00000, 0x0000000606000000|  0%| F|  |TAMS 0x0000000605c00000, 0x0000000605c00000| Untracked 
|  24|0x0000000606000000, 0x0000000606000000, 0x0000000606400000|  0%| F|  |TAMS 0x0000000606000000, 0x0000000606000000| Untracked 
|  25|0x0000000606400000, 0x0000000606400000, 0x0000000606800000|  0%| F|  |TAMS 0x0000000606400000, 0x0000000606400000| Untracked 
|  26|0x0000000606800000, 0x0000000606800000, 0x0000000606c00000|  0%| F|  |TAMS 0x0000000606800000, 0x0000000606800000| Untracked 
|  27|0x0000000606c00000, 0x0000000606c00000, 0x0000000607000000|  0%| F|  |TAMS 0x0000000606c00000, 0x0000000606c00000| Untracked 
|  28|0x0000000607000000, 0x0000000607000000, 0x0000000607400000|  0%| F|  |TAMS 0x0000000607000000, 0x0000000607000000| Untracked 
|  29|0x0000000607400000, 0x0000000607400000, 0x0000000607800000|  0%| F|  |TAMS 0x0000000607400000, 0x0000000607400000| Untracked 
|  30|0x0000000607800000, 0x0000000607800000, 0x0000000607c00000|  0%| F|  |TAMS 0x0000000607800000, 0x0000000607800000| Untracked 
|  31|0x0000000607c00000, 0x0000000607c00000, 0x0000000608000000|  0%| F|  |TAMS 0x0000000607c00000, 0x0000000607c00000| Untracked 
|  32|0x0000000608000000, 0x0000000608000000, 0x0000000608400000|  0%| F|  |TAMS 0x0000000608000000, 0x0000000608000000| Untracked 
|  33|0x0000000608400000, 0x00000006085b2270, 0x0000000608800000| 42%| S|CS|TAMS 0x0000000608400000, 0x0000000608400000| Complete 
|  34|0x0000000608800000, 0x0000000608800000, 0x0000000608c00000|  0%| F|  |TAMS 0x0000000608800000, 0x0000000608800000| Untracked 
|  35|0x0000000608c00000, 0x0000000608c00000, 0x0000000609000000|  0%| F|  |TAMS 0x0000000608c00000, 0x0000000608c00000| Untracked 
|  36|0x0000000609000000, 0x0000000609000000, 0x0000000609400000|  0%| F|  |TAMS 0x0000000609000000, 0x0000000609000000| Untracked 
|  37|0x0000000609400000, 0x0000000609800000, 0x0000000609800000|100%| E|  |TAMS 0x0000000609400000, 0x0000000609400000| Complete 
|  38|0x0000000609800000, 0x0000000609c00000, 0x0000000609c00000|100%| E|CS|TAMS 0x0000000609800000, 0x0000000609800000| Complete 
|  39|0x0000000609c00000, 0x000000060a000000, 0x000000060a000000|100%| E|CS|TAMS 0x0000000609c00000, 0x0000000609c00000| Complete 
|  40|0x000000060a000000, 0x000000060a400000, 0x000000060a400000|100%| E|CS|TAMS 0x000000060a000000, 0x000000060a000000| Complete 
|  41|0x000000060a400000, 0x000000060a800000, 0x000000060a800000|100%| E|CS|TAMS 0x000000060a400000, 0x000000060a400000| Complete 
|  42|0x000000060a800000, 0x000000060ac00000, 0x000000060ac00000|100%| E|CS|TAMS 0x000000060a800000, 0x000000060a800000| Complete 
|  43|0x000000060ac00000, 0x000000060b000000, 0x000000060b000000|100%| E|CS|TAMS 0x000000060ac00000, 0x000000060ac00000| Complete 
|  44|0x000000060b000000, 0x000000060b400000, 0x000000060b400000|100%| E|CS|TAMS 0x000000060b000000, 0x000000060b000000| Complete 
|  45|0x000000060b400000, 0x000000060b800000, 0x000000060b800000|100%| E|CS|TAMS 0x000000060b400000, 0x000000060b400000| Complete 
|  46|0x000000060b800000, 0x000000060bc00000, 0x000000060bc00000|100%| E|CS|TAMS 0x000000060b800000, 0x000000060b800000| Complete 
|  47|0x000000060bc00000, 0x000000060c000000, 0x000000060c000000|100%| E|CS|TAMS 0x000000060bc00000, 0x000000060bc00000| Complete 
|  48|0x000000060c000000, 0x000000060c400000, 0x000000060c400000|100%| E|CS|TAMS 0x000000060c000000, 0x000000060c000000| Complete 
|  49|0x000000060c400000, 0x000000060c800000, 0x000000060c800000|100%| E|CS|TAMS 0x000000060c400000, 0x000000060c400000| Complete 
|  50|0x000000060c800000, 0x000000060cc00000, 0x000000060cc00000|100%| E|CS|TAMS 0x000000060c800000, 0x000000060c800000| Complete 
|  51|0x000000060cc00000, 0x000000060d000000, 0x000000060d000000|100%| E|CS|TAMS 0x000000060cc00000, 0x000000060cc00000| Complete 
|  52|0x000000060d000000, 0x000000060d400000, 0x000000060d400000|100%| E|CS|TAMS 0x000000060d000000, 0x000000060d000000| Complete 
|  53|0x000000060d400000, 0x000000060d800000, 0x000000060d800000|100%| E|CS|TAMS 0x000000060d400000, 0x000000060d400000| Complete 
|  54|0x000000060d800000, 0x000000060dc00000, 0x000000060dc00000|100%| E|CS|TAMS 0x000000060d800000, 0x000000060d800000| Complete 
|  55|0x000000060dc00000, 0x000000060e000000, 0x000000060e000000|100%| E|CS|TAMS 0x000000060dc00000, 0x000000060dc00000| Complete 
|  56|0x000000060e000000, 0x000000060e400000, 0x000000060e400000|100%| E|CS|TAMS 0x000000060e000000, 0x000000060e000000| Complete 
|  57|0x000000060e400000, 0x000000060e800000, 0x000000060e800000|100%| E|CS|TAMS 0x000000060e400000, 0x000000060e400000| Complete 
|  58|0x000000060e800000, 0x000000060ec00000, 0x000000060ec00000|100%| E|CS|TAMS 0x000000060e800000, 0x000000060e800000| Complete 
|  59|0x000000060ec00000, 0x000000060f000000, 0x000000060f000000|100%| E|CS|TAMS 0x000000060ec00000, 0x000000060ec00000| Complete 
|  60|0x000000060f000000, 0x000000060f400000, 0x000000060f400000|100%| E|CS|TAMS 0x000000060f000000, 0x000000060f000000| Complete 
|  61|0x000000060f400000, 0x000000060f800000, 0x000000060f800000|100%| E|CS|TAMS 0x000000060f400000, 0x000000060f400000| Complete 
|  62|0x000000060f800000, 0x000000060fc00000, 0x000000060fc00000|100%| E|CS|TAMS 0x000000060f800000, 0x000000060f800000| Complete 
|  63|0x000000060fc00000, 0x0000000610000000, 0x0000000610000000|100%| E|CS|TAMS 0x000000060fc00000, 0x000000060fc00000| Complete 

Card table byte_map: [0x000001d8f4da0000,0x000001d8f5da0000] _byte_map_base: 0x000001d8f1da0000

Marking Bits (Prev, Next): (CMBitMap*) 0x000001d8feda0090, (CMBitMap*) 0x000001d8feda00d0
 Prev Bits: [0x000001d8f6da0000, 0x000001d8feda0000)
 Next Bits: [0x000001d880000000, 0x000001d888000000)

Polling page: 0x000001d8cb480000

Metaspace:

Usage:
  Non-class:     46.82 MB used.
      Class:      7.46 MB used.
       Both:     54.28 MB used.

Virtual space:
  Non-class space:       64.00 MB reserved,      47.38 MB ( 74%) committed,  1 nodes.
      Class space:        1.00 GB reserved,       7.94 MB ( <1%) committed,  1 nodes.
             Both:        1.06 GB reserved,      55.31 MB (  5%) committed. 

Chunk freelists:
   Non-Class:  61.00 KB
       Class:  8.06 MB
        Both:  8.12 MB

MaxMetaspaceSize: 4.00 GB
CompressedClassSpaceSize: 1.00 GB
Initial GC threshold: 21.00 MB
Current GC threshold: 90.00 MB
CDS: on
MetaspaceReclaimPolicy: balanced
 - commit_granule_bytes: 65536.
 - commit_granule_words: 8192.
 - virtual_space_node_default_size: 8388608.
 - enlarge_chunks_in_place: 1.
 - new_chunks_are_fully_committed: 0.
 - uncommit_free_chunks: 1.
 - use_allocation_guard: 0.
 - handle_deallocations: 1.


Internal statistics:

num_allocs_failed_limit: 6.
num_arena_births: 1452.
num_arena_deaths: 0.
num_vsnodes_births: 2.
num_vsnodes_deaths: 0.
num_space_committed: 885.
num_space_uncommitted: 0.
num_chunks_returned_to_freelist: 6.
num_chunks_taken_from_freelist: 4049.
num_chunk_merges: 6.
num_chunk_splits: 2402.
num_chunks_enlarged: 1272.
num_inconsistent_stats: 0.

CodeHeap 'non-profiled nmethods': size=259264Kb used=6061Kb max_used=6061Kb free=253202Kb
 bounds [0x000001d8e3b20000, 0x000001d8e4110000, 0x000001d8f3850000]
CodeHeap 'profiled nmethods': size=259264Kb used=17186Kb max_used=17402Kb free=242077Kb
 bounds [0x000001d8d3850000, 0x000001d8d4990000, 0x000001d8e3580000]
CodeHeap 'non-nmethods': size=5760Kb used=2337Kb max_used=2450Kb free=3422Kb
 bounds [0x000001d8e3580000, 0x000001d8e3800000, 0x000001d8e3b20000]
 total_blobs=9834 nmethods=8977 adapters=769
 compilation: enabled
              stopped_count=0, restarted_count=0
 full_count=0

Compilation events (20 events):
Event: 280.004 Thread 0x000001d8fef7ee50 10505       3       jdk.internal.reflect.MethodAccessorGenerator::generate (762 bytes)
Event: 280.019 Thread 0x000001d8fef7c480 nmethod 10494 0x000001d8e4109810 code [0x000001d8e41099c0, 0x000001d8e410a598]
Event: 280.020 Thread 0x000001d8fef7c480 10504       4       org.gradle.internal.logging.sink.OutputEventRenderer::onOutput (82 bytes)
Event: 280.020 Thread 0x000001d8fef7ee50 nmethod 10505 0x000001d8d4973e90 code [0x000001d8d4974e20, 0x000001d8d497d688]
Event: 280.020 Thread 0x000001d8fef7ee50 10510       3       jdk.internal.reflect.MethodAccessorGenerator::buildInternalSignature (73 bytes)
Event: 280.021 Thread 0x000001d8fef7ee50 nmethod 10510 0x000001d8d4430b10 code [0x000001d8d4430d80, 0x000001d8d4431568]
Event: 280.021 Thread 0x000001d8fef7ee50 10508       3       jdk.internal.reflect.MethodAccessorGenerator::numNonPrimitiveParameterTypes (36 bytes)
Event: 280.021 Thread 0x000001d8fef7ee50 nmethod 10508 0x000001d8d4430610 code [0x000001d8d44307c0, 0x000001d8d44309f8]
Event: 280.021 Thread 0x000001d8fef7ee50 10507       3       jdk.internal.reflect.MethodAccessorGenerator::usesPrimitiveTypes (45 bytes)
Event: 280.022 Thread 0x000001d8fef7ee50 nmethod 10507 0x000001d8d4430010 code [0x000001d8d44301e0, 0x000001d8d44304f8]
Event: 280.022 Thread 0x000001d8fef7ee50 10513       1       org.gradle.tooling.internal.provider.runner.ProjectConfigurationTracker$PluginApplicationResult::getFirstApplicationId (5 bytes)
Event: 280.022 Thread 0x000001d8fef7ee50 nmethod 10513 0x000001d8e410a790 code [0x000001d8e410a920, 0x000001d8e410a9f8]
Event: 280.022 Thread 0x000001d8fef7ee50 10506       3       jdk.internal.reflect.ClassFileAssembler::emitMagicAndVersion (18 bytes)
Event: 280.023 Thread 0x000001d8fef7ee50 nmethod 10506 0x000001d8d442f510 code [0x000001d8d442f740, 0x000001d8d442fd28]
Event: 280.023 Thread 0x000001d8fef7ee50 10509  s    3       jdk.internal.reflect.MethodAccessorGenerator::generateName (101 bytes)
Event: 280.024 Thread 0x000001d8fef7ee50 nmethod 10509 0x000001d8d3bf4590 code [0x000001d8d3bf48c0, 0x000001d8d3bf5888]
Event: 280.024 Thread 0x000001d8fef7ee50 10512       1       it.unimi.dsi.fastutil.objects.AbstractObject2IntFunction::defaultReturnValue (5 bytes)
Event: 280.024 Thread 0x000001d8fef7ee50 nmethod 10512 0x000001d8e410aa90 code [0x000001d8e410ac20, 0x000001d8e410acf8]
Event: 280.026 Thread 0x000001d8fef7c480 nmethod 10504 0x000001d8e410ad90 code [0x000001d8e410af40, 0x000001d8e410b228]
Event: 280.026 Thread 0x000001d8fef7c480 10511       4       org.gradle.internal.logging.sink.OutputEventTransformer::onOutput (369 bytes)

GC Heap History (20 events):
Event: 254.482 GC heap before
{Heap before GC invocations=24 (full 0):
 garbage-first heap   total 118784K, used 90605K [0x0000000600000000, 0x0000000800000000)
  region size 4096K, 10 young (40960K), 1 survivors (4096K)
 Metaspace       used 53514K, committed 54208K, reserved 1114112K
  class space    used 7460K, committed 7808K, reserved 1048576K
}
Event: 254.486 GC heap after
{Heap after GC invocations=25 (full 0):
 garbage-first heap   total 118784K, used 52798K [0x0000000600000000, 0x0000000800000000)
  region size 4096K, 1 young (4096K), 1 survivors (4096K)
 Metaspace       used 53514K, committed 54208K, reserved 1114112K
  class space    used 7460K, committed 7808K, reserved 1048576K
}
Event: 254.595 GC heap before
{Heap before GC invocations=25 (full 0):
 garbage-first heap   total 118784K, used 56894K [0x0000000600000000, 0x0000000800000000)
  region size 4096K, 2 young (8192K), 1 survivors (4096K)
 Metaspace       used 53524K, committed 54208K, reserved 1114112K
  class space    used 7462K, committed 7808K, reserved 1048576K
}
Event: 254.612 GC heap after
{Heap after GC invocations=26 (full 0):
 garbage-first heap   total 118784K, used 52799K [0x0000000600000000, 0x0000000800000000)
  region size 4096K, 1 young (4096K), 1 survivors (4096K)
 Metaspace       used 53524K, committed 54208K, reserved 1114112K
  class space    used 7462K, committed 7808K, reserved 1048576K
}
Event: 257.942 GC heap before
{Heap before GC invocations=26 (full 0):
 garbage-first heap   total 118784K, used 89663K [0x0000000600000000, 0x0000000800000000)
  region size 4096K, 11 young (45056K), 1 survivors (4096K)
 Metaspace       used 53927K, committed 54720K, reserved 1114112K
  class space    used 7491K, committed 7872K, reserved 1048576K
}
Event: 257.947 GC heap after
{Heap after GC invocations=27 (full 0):
 garbage-first heap   total 118784K, used 56665K [0x0000000600000000, 0x0000000800000000)
  region size 4096K, 2 young (8192K), 2 survivors (8192K)
 Metaspace       used 53927K, committed 54720K, reserved 1114112K
  class space    used 7491K, committed 7872K, reserved 1048576K
}
Event: 258.105 GC heap before
{Heap before GC invocations=27 (full 0):
 garbage-first heap   total 118784K, used 89433K [0x0000000600000000, 0x0000000800000000)
  region size 4096K, 10 young (40960K), 2 survivors (8192K)
 Metaspace       used 53930K, committed 54720K, reserved 1114112K
  class space    used 7491K, committed 7872K, reserved 1048576K
}
Event: 258.116 GC heap after
{Heap after GC invocations=28 (full 0):
 garbage-first heap   total 118784K, used 56755K [0x0000000600000000, 0x0000000800000000)
  region size 4096K, 1 young (4096K), 1 survivors (4096K)
 Metaspace       used 53930K, committed 54720K, reserved 1114112K
  class space    used 7491K, committed 7872K, reserved 1048576K
}
Event: 261.909 GC heap before
{Heap before GC invocations=28 (full 0):
 garbage-first heap   total 118784K, used 89523K [0x0000000600000000, 0x0000000800000000)
  region size 4096K, 10 young (40960K), 1 survivors (4096K)
 Metaspace       used 54183K, committed 54976K, reserved 1114112K
  class space    used 7505K, committed 7872K, reserved 1048576K
}
Event: 261.915 GC heap after
{Heap after GC invocations=29 (full 0):
 garbage-first heap   total 118784K, used 59976K [0x0000000600000000, 0x0000000800000000)
  region size 4096K, 2 young (8192K), 2 survivors (8192K)
 Metaspace       used 54183K, committed 54976K, reserved 1114112K
  class space    used 7505K, committed 7872K, reserved 1048576K
}
Event: 261.989 GC heap before
{Heap before GC invocations=29 (full 0):
 garbage-first heap   total 118784K, used 84552K [0x0000000600000000, 0x0000000800000000)
  region size 4096K, 9 young (36864K), 2 survivors (8192K)
 Metaspace       used 54188K, committed 54976K, reserved 1114112K
  class space    used 7505K, committed 7872K, reserved 1048576K
}
Event: 262.005 GC heap after
{Heap after GC invocations=30 (full 0):
 garbage-first heap   total 118784K, used 62359K [0x0000000600000000, 0x0000000800000000)
  region size 4096K, 1 young (4096K), 1 survivors (4096K)
 Metaspace       used 54188K, committed 54976K, reserved 1114112K
  class space    used 7505K, committed 7872K, reserved 1048576K
}
Event: 266.961 GC heap before
{Heap before GC invocations=31 (full 0):
 garbage-first heap   total 131072K, used 91031K [0x0000000600000000, 0x0000000800000000)
  region size 4096K, 8 young (32768K), 1 survivors (4096K)
 Metaspace       used 54237K, committed 55040K, reserved 1114112K
  class space    used 7506K, committed 7872K, reserved 1048576K
}
Event: 266.964 GC heap after
{Heap after GC invocations=32 (full 0):
 garbage-first heap   total 131072K, used 60960K [0x0000000600000000, 0x0000000800000000)
  region size 4096K, 1 young (4096K), 1 survivors (4096K)
 Metaspace       used 54237K, committed 55040K, reserved 1114112K
  class space    used 7506K, committed 7872K, reserved 1048576K
}
Event: 267.720 GC heap before
{Heap before GC invocations=32 (full 0):
 garbage-first heap   total 131072K, used 65056K [0x0000000600000000, 0x0000000800000000)
  region size 4096K, 2 young (8192K), 1 survivors (4096K)
 Metaspace       used 54356K, committed 55168K, reserved 1114112K
  class space    used 7515K, committed 7872K, reserved 1048576K
}
Event: 267.735 GC heap after
{Heap after GC invocations=33 (full 0):
 garbage-first heap   total 131072K, used 59611K [0x0000000600000000, 0x0000000800000000)
  region size 4096K, 1 young (4096K), 1 survivors (4096K)
 Metaspace       used 54356K, committed 55168K, reserved 1114112K
  class space    used 7515K, committed 7872K, reserved 1048576K
}
Event: 268.512 GC heap before
{Heap before GC invocations=33 (full 0):
 garbage-first heap   total 131072K, used 96475K [0x0000000600000000, 0x0000000800000000)
  region size 4096K, 10 young (40960K), 1 survivors (4096K)
 Metaspace       used 54461K, committed 55232K, reserved 1114112K
  class space    used 7515K, committed 7872K, reserved 1048576K
}
Event: 268.519 GC heap after
{Heap after GC invocations=34 (full 0):
 garbage-first heap   total 262144K, used 62262K [0x0000000600000000, 0x0000000800000000)
  region size 4096K, 2 young (8192K), 2 survivors (8192K)
 Metaspace       used 54461K, committed 55232K, reserved 1114112K
  class space    used 7515K, committed 7872K, reserved 1048576K
}
Event: 273.726 GC heap before
{Heap before GC invocations=35 (full 0):
 garbage-first heap   total 262144K, used 181046K [0x0000000600000000, 0x0000000800000000)
  region size 4096K, 32 young (131072K), 2 survivors (8192K)
 Metaspace       used 54760K, committed 55616K, reserved 1114112K
  class space    used 7533K, committed 7936K, reserved 1048576K
}
Event: 273.730 GC heap after
{Heap after GC invocations=36 (full 0):
 garbage-first heap   total 262144K, used 59323K [0x0000000600000000, 0x0000000800000000)
  region size 4096K, 1 young (4096K), 1 survivors (4096K)
 Metaspace       used 54760K, committed 55616K, reserved 1114112K
  class space    used 7533K, committed 7936K, reserved 1048576K
}

Dll operation events (15 events):
Event: 0.020 Loaded shared library C:\Program Files\Eclipse Adoptium\jdk-17.0.19.10-hotspot\bin\java.dll
Event: 0.074 Loaded shared library C:\Program Files\Eclipse Adoptium\jdk-17.0.19.10-hotspot\bin\jsvml.dll
Event: 0.217 Loaded shared library C:\Program Files\Eclipse Adoptium\jdk-17.0.19.10-hotspot\bin\zip.dll
Event: 0.222 Loaded shared library C:\Program Files\Eclipse Adoptium\jdk-17.0.19.10-hotspot\bin\instrument.dll
Event: 0.234 Loaded shared library C:\Program Files\Eclipse Adoptium\jdk-17.0.19.10-hotspot\bin\net.dll
Event: 0.239 Loaded shared library C:\Program Files\Eclipse Adoptium\jdk-17.0.19.10-hotspot\bin\nio.dll
Event: 0.245 Loaded shared library C:\Program Files\Eclipse Adoptium\jdk-17.0.19.10-hotspot\bin\zip.dll
Event: 1.080 Loaded shared library C:\Program Files\Eclipse Adoptium\jdk-17.0.19.10-hotspot\bin\jimage.dll
Event: 1.382 Loaded shared library C:\Program Files\Eclipse Adoptium\jdk-17.0.19.10-hotspot\bin\verify.dll
Event: 1.622 Loaded shared library C:\Users\admin\.gradle\native\1def1411415f61bf3af743bc5b6707747c0891f09f0c88961ee8f79bc544acac\windows-amd64\native-platform.dll
Event: 1.691 Loaded shared library C:\Users\admin\.gradle\native\0.2.7\x86_64-windows-gnu\gradle-fileevents.dll
Event: 5.606 Loaded shared library C:\Program Files\Eclipse Adoptium\jdk-17.0.19.10-hotspot\bin\management.dll
Event: 5.615 Loaded shared library C:\Program Files\Eclipse Adoptium\jdk-17.0.19.10-hotspot\bin\management_ext.dll
Event: 7.346 Loaded shared library C:\Program Files\Eclipse Adoptium\jdk-17.0.19.10-hotspot\bin\extnet.dll
Event: 8.313 Loaded shared library C:\Program Files\Eclipse Adoptium\jdk-17.0.19.10-hotspot\bin\sunmscapi.dll

Deoptimization events (20 events):
Event: 279.618 Thread 0x000001d94769df80 DEOPT PACKING pc=0x000001d8e40810ec sp=0x000000c7076fef30
Event: 279.618 Thread 0x000001d94769df80 DEOPT UNPACKING pc=0x000001d8e35d69a3 sp=0x000000c7076fef30 mode 2
Event: 279.635 Thread 0x000001d94769df80 Uncommon trap: trap_request=0xffffffde fr.pc=0x000001d8e40810ec relative=0x0000000000006c0c
Event: 279.635 Thread 0x000001d94769df80 Uncommon trap: reason=class_check action=maybe_recompile pc=0x000001d8e40810ec method=org.gradle.internal.serialize.ExceptionReplacingObjectOutputStream.doReplaceObject(Ljava/lang/Object;)Ljava/lang/Object; @ 12 c2
Event: 279.635 Thread 0x000001d94769df80 DEOPT PACKING pc=0x000001d8e40810ec sp=0x000000c7076fef30
Event: 279.635 Thread 0x000001d94769df80 DEOPT UNPACKING pc=0x000001d8e35d69a3 sp=0x000000c7076fef30 mode 2
Event: 279.818 Thread 0x000001d947697020 Uncommon trap: trap_request=0xffffffd6 fr.pc=0x000001d8e40e9634 relative=0x00000000000008f4
Event: 279.818 Thread 0x000001d947697020 Uncommon trap: reason=array_check action=maybe_recompile pc=0x000001d8e40e9634 method=java.util.ComparableTimSort.binarySort([Ljava/lang/Object;III)V @ 183 c2
Event: 279.818 Thread 0x000001d947697020 DEOPT PACKING pc=0x000001d8e40e9634 sp=0x000000c7074f4200
Event: 279.818 Thread 0x000001d947697020 DEOPT UNPACKING pc=0x000001d8e35d69a3 sp=0x000000c7074f41a0 mode 2
Event: 279.904 Thread 0x000001d94769a7d0 DEOPT PACKING pc=0x000001d8d47d5220 sp=0x000000c709afcf00
Event: 279.904 Thread 0x000001d94769a7d0 DEOPT UNPACKING pc=0x000001d8e35d7143 sp=0x000000c709afc3a0 mode 0
Event: 279.912 Thread 0x000001d9476ca2f0 Uncommon trap: trap_request=0xffffff45 fr.pc=0x000001d8e3f418d0 relative=0x00000000000015b0
Event: 279.912 Thread 0x000001d9476ca2f0 Uncommon trap: reason=unstable_if action=reinterpret pc=0x000001d8e3f418d0 method=java.util.concurrent.ConcurrentHashMap.addCount(JI)V @ 171 c2
Event: 279.912 Thread 0x000001d9476ca2f0 DEOPT PACKING pc=0x000001d8e3f418d0 sp=0x000000c70a0fd7a0
Event: 279.912 Thread 0x000001d9476ca2f0 DEOPT UNPACKING pc=0x000001d8e35d69a3 sp=0x000000c70a0fd670 mode 2
Event: 279.947 Thread 0x000001d947698e80 Uncommon trap: trap_request=0xffffff45 fr.pc=0x000001d8e3e4cd20 relative=0x0000000000001060
Event: 279.969 Thread 0x000001d947698e80 Uncommon trap: reason=unstable_if action=reinterpret pc=0x000001d8e3e4cd20 method=sun.nio.ch.IOUtil.writeFromNativeBuffer(Ljava/io/FileDescriptor;Ljava/nio/ByteBuffer;JZZILsun/nio/ch/NativeDispatcher;)I @ 157 c2
Event: 279.981 Thread 0x000001d947698e80 DEOPT PACKING pc=0x000001d8e3e4cd20 sp=0x000000c7078fef00
Event: 279.981 Thread 0x000001d947698e80 DEOPT UNPACKING pc=0x000001d8e35d69a3 sp=0x000000c7078feb48 mode 2

Classes loaded (20 events):
Event: 41.899 Loading class java/net/UrlDeserializedState
Event: 41.899 Loading class java/net/UrlDeserializedState done
Event: 41.900 Loading class java/net/Proxy
Event: 41.903 Loading class java/net/Proxy done
Event: 41.907 Loading class java/util/concurrent/CompletableFuture$AsyncRun
Event: 41.908 Loading class java/util/concurrent/CompletableFuture$AsyncRun done
Event: 128.190 Loading class jdk/internal/access/foreign/MemorySegmentProxy
Event: 128.190 Loading class jdk/internal/access/foreign/MemorySegmentProxy done
Event: 246.771 Loading class jdk/internal/math/FormattedFloatingDecimal$Form
Event: 246.780 Loading class jdk/internal/math/FormattedFloatingDecimal$Form done
Event: 246.781 Loading class jdk/internal/math/FormattedFloatingDecimal
Event: 246.826 Loading class jdk/internal/math/FormattedFloatingDecimal done
Event: 246.826 Loading class jdk/internal/math/FormattedFloatingDecimal$1
Event: 246.828 Loading class jdk/internal/math/FormattedFloatingDecimal$1 done
Event: 246.833 Loading class jdk/internal/math/FormattedFloatingDecimal$2
Event: 246.835 Loading class jdk/internal/math/FormattedFloatingDecimal$2 done
Event: 247.112 Loading class sun/text/resources/cldr/FormatData_en
Event: 247.130 Loading class sun/text/resources/cldr/FormatData_en done
Event: 272.184 Loading class jdk/internal/misc/ScopedMemoryAccess$Scope$Handle
Event: 272.185 Loading class jdk/internal/misc/ScopedMemoryAccess$Scope$Handle done

Classes unloaded (0 events):
No events

Classes redefined (0 events):
No events

Internal exceptions (20 events):
Event: 278.016 Thread 0x000001d947697020 Exception <a 'sun/nio/fs/WindowsException'{0x000000060c1b9d08}> (0x000000060c1b9d08) 
thrown [s\src\hotspot\share\prims\jni.cpp, line 516]
Event: 278.016 Thread 0x000001d947697020 Exception <a 'sun/nio/fs/WindowsException'{0x000000060c1bb060}> (0x000000060c1bb060) 
thrown [s\src\hotspot\share\prims\jni.cpp, line 516]
Event: 278.965 Thread 0x000001d947697020 Exception <a 'sun/nio/fs/WindowsException'{0x000000060bff9180}> (0x000000060bff9180) 
thrown [s\src\hotspot\share\prims\jni.cpp, line 516]
Event: 278.966 Thread 0x000001d947697020 Exception <a 'sun/nio/fs/WindowsException'{0x000000060bffae48}> (0x000000060bffae48) 
thrown [s\src\hotspot\share\prims\jni.cpp, line 516]
Event: 278.966 Thread 0x000001d947697020 Exception <a 'sun/nio/fs/WindowsException'{0x000000060bffcb00}> (0x000000060bffcb00) 
thrown [s\src\hotspot\share\prims\jni.cpp, line 516]
Event: 278.967 Thread 0x000001d947697020 Exception <a 'sun/nio/fs/WindowsException'{0x000000060bffe3a8}> (0x000000060bffe3a8) 
thrown [s\src\hotspot\share\prims\jni.cpp, line 516]
Event: 279.903 Thread 0x000001d94769a7d0 Exception <a 'java/io/FileNotFoundException'{0x000000060b2521d0}> (0x000000060b2521d0) 
thrown [s\src\hotspot\share\prims\jni.cpp, line 516]
Event: 279.911 Thread 0x000001d9476c7560 Exception <a 'java/io/FileNotFoundException'{0x000000060b285460}> (0x000000060b285460) 
thrown [s\src\hotspot\share\prims\jni.cpp, line 516]
Event: 279.915 Thread 0x000001d9476cd080 Exception <a 'java/io/FileNotFoundException'{0x000000060b2af630}> (0x000000060b2af630) 
thrown [s\src\hotspot\share\prims\jni.cpp, line 516]
Event: 279.916 Thread 0x000001d94769ace0 Exception <a 'java/io/FileNotFoundException'{0x000000060b378f38}> (0x000000060b378f38) 
thrown [s\src\hotspot\share\prims\jni.cpp, line 516]
Event: 279.916 Thread 0x000001d94769a7d0 Exception <a 'java/io/FileNotFoundException'{0x000000060b32f310}> (0x000000060b32f310) 
thrown [s\src\hotspot\share\prims\jni.cpp, line 516]
Event: 279.917 Thread 0x000001d947697020 Exception <a 'java/io/FileNotFoundException'{0x000000060b78cf98}> (0x000000060b78cf98) 
thrown [s\src\hotspot\share\prims\jni.cpp, line 516]
Event: 279.918 Thread 0x000001d9476c7560 Exception <a 'java/io/FileNotFoundException'{0x000000060ac48440}> (0x000000060ac48440) 
thrown [s\src\hotspot\share\prims\jni.cpp, line 516]
Event: 279.918 Thread 0x000001d9476c98d0 Exception <a 'java/io/FileNotFoundException'{0x000000060b3b5698}> (0x000000060b3b5698) 
thrown [s\src\hotspot\share\prims\jni.cpp, line 516]
Event: 279.918 Thread 0x000001d9476c7a70 Exception <a 'java/io/FileNotFoundException'{0x000000060ac82aa0}> (0x000000060ac82aa0) 
thrown [s\src\hotspot\share\prims\jni.cpp, line 516]
Event: 279.919 Thread 0x000001d9476ca2f0 Exception <a 'java/io/FileNotFoundException'{0x000000060ac5eb70}> (0x000000060ac5eb70) 
thrown [s\src\hotspot\share\prims\jni.cpp, line 516]
Event: 279.919 Thread 0x000001d9476cd080 Exception <a 'java/io/FileNotFoundException'{0x000000060ad052d8}> (0x000000060ad052d8) 
thrown [s\src\hotspot\share\prims\jni.cpp, line 516]
Event: 279.920 Thread 0x000001d94769ace0 Exception <a 'java/io/FileNotFoundException'{0x000000060ad473e0}> (0x000000060ad473e0) 
thrown [s\src\hotspot\share\prims\jni.cpp, line 516]
Event: 279.920 Thread 0x000001d94769a7d0 Exception <a 'java/io/FileNotFoundException'{0x000000060ada5ec0}> (0x000000060ada5ec0) 
thrown [s\src\hotspot\share\prims\jni.cpp, line 516]
Event: 279.986 Thread 0x000001d947697020 Exception <a 'java/io/FileNotFoundException'{0x000000060a846398}> (0x000000060a846398) 
thrown [s\src\hotspot\share\prims\jni.cpp, line 516]

VM Operations (20 events):
Event: 269.797 Executing VM operation: Cleanup
Event: 269.797 Executing VM operation: Cleanup done
Event: 270.804 Executing VM operation: Cleanup
Event: 270.805 Executing VM operation: Cleanup done
Event: 271.808 Executing VM operation: Cleanup
Event: 271.809 Executing VM operation: Cleanup done
Event: 272.815 Executing VM operation: Cleanup
Event: 272.815 Executing VM operation: Cleanup done
Event: 273.726 Executing VM operation: G1CollectForAllocation
Event: 273.730 Executing VM operation: G1CollectForAllocation done
Event: 274.740 Executing VM operation: Cleanup
Event: 274.741 Executing VM operation: Cleanup done
Event: 275.742 Executing VM operation: Cleanup
Event: 275.742 Executing VM operation: Cleanup done
Event: 277.755 Executing VM operation: Cleanup
Event: 277.755 Executing VM operation: Cleanup done
Event: 278.767 Executing VM operation: Cleanup
Event: 278.846 Executing VM operation: Cleanup done
Event: 279.854 Executing VM operation: Cleanup
Event: 279.902 Executing VM operation: Cleanup done

Memory protections (0 events):
No events

Nmethod flushes (20 events):
Event: 268.817 Thread 0x000001d8ff960060 flushing  nmethod 0x000001d8d4545510
Event: 268.817 Thread 0x000001d8ff960060 flushing  nmethod 0x000001d8d4546310
Event: 268.817 Thread 0x000001d8ff960060 flushing  nmethod 0x000001d8d4547890
Event: 268.817 Thread 0x000001d8ff960060 flushing  nmethod 0x000001d8d4549c90
Event: 268.817 Thread 0x000001d8ff960060 flushing  nmethod 0x000001d8d454b090
Event: 268.817 Thread 0x000001d8ff960060 flushing  nmethod 0x000001d8d454cb10
Event: 268.817 Thread 0x000001d8ff960060 flushing  nmethod 0x000001d8d4555110
Event: 268.817 Thread 0x000001d8ff960060 flushing  nmethod 0x000001d8d455ee10
Event: 268.817 Thread 0x000001d8ff960060 flushing  nmethod 0x000001d8d4562d10
Event: 268.817 Thread 0x000001d8ff960060 flushing  nmethod 0x000001d8d4564590
Event: 268.817 Thread 0x000001d8ff960060 flushing  nmethod 0x000001d8d45c5190
Event: 268.817 Thread 0x000001d8ff960060 flushing  nmethod 0x000001d8d45ce310
Event: 268.817 Thread 0x000001d8ff960060 flushing  nmethod 0x000001d8d45db490
Event: 268.818 Thread 0x000001d8ff960060 flushing  nmethod 0x000001d8d469fe10
Event: 268.818 Thread 0x000001d8ff960060 flushing  nmethod 0x000001d8d46a0190
Event: 268.818 Thread 0x000001d8ff960060 flushing  nmethod 0x000001d8d46b4f10
Event: 268.819 Thread 0x000001d8ff960060 flushing  nmethod 0x000001d8d46cd710
Event: 268.819 Thread 0x000001d8ff960060 flushing  nmethod 0x000001d8d470d190
Event: 268.819 Thread 0x000001d8ff960060 flushing  nmethod 0x000001d8d4712390
Event: 268.819 Thread 0x000001d8ff960060 flushing  nmethod 0x000001d8d4715390

Events (20 events):
Event: 277.189 Thread 0x000001d947697020 Thread added: 0x000001d94769da70
Event: 277.205 Thread 0x000001d947697020 Thread added: 0x000001d947699db0
Event: 277.532 Thread 0x000001d947697020 Thread added: 0x000001d94769d560
Event: 278.159 Thread 0x000001d947697020 Thread added: 0x000001d947698460
Event: 278.351 Thread 0x000001d947697020 Thread added: 0x000001d947699390
Event: 278.716 Thread 0x000001d947697020 Thread added: 0x000001d94769cb40
Event: 279.599 Thread 0x000001d947697020 Thread added: 0x000001d94769e490
Event: 279.599 Thread 0x000001d947697020 Thread added: 0x000001d94769e9a0
Event: 279.599 Thread 0x000001d947697020 Thread added: 0x000001d94769b700
Event: 279.600 Thread 0x000001d947697020 Thread added: 0x000001d94769a2c0
Event: 279.600 Thread 0x000001d947697020 Thread added: 0x000001d947697530
Event: 279.600 Thread 0x000001d947697020 Thread added: 0x000001d947697f50
Event: 279.600 Thread 0x000001d947697020 Thread added: 0x000001d947698970
Event: 279.834 Thread 0x000001d947697020 Thread added: 0x000001d94769a7d0
Event: 279.834 Thread 0x000001d947697020 Thread added: 0x000001d94769ace0
Event: 279.836 Thread 0x000001d947697020 Thread added: 0x000001d9476c98d0
Event: 279.837 Thread 0x000001d947697020 Thread added: 0x000001d9476c7560
Event: 279.840 Thread 0x000001d947697020 Thread added: 0x000001d9476cd080
Event: 279.845 Thread 0x000001d947697020 Thread added: 0x000001d9476c7a70
Event: 279.848 Thread 0x000001d947697020 Thread added: 0x000001d9476ca2f0


Dynamic libraries:
0x00007ff7f7450000 - 0x00007ff7f745e000 	C:\Program Files\Eclipse Adoptium\jdk-17.0.19.10-hotspot\bin\java.exe
0x00007ffbf7510000 - 0x00007ffbf7727000 	C:\WINDOWS\SYSTEM32\ntdll.dll
0x00007ffbf6790000 - 0x00007ffbf6854000 	C:\WINDOWS\System32\KERNEL32.DLL
0x00007ffbf47e0000 - 0x00007ffbf4bb2000 	C:\WINDOWS\System32\KERNELBASE.dll
0x00007ffbf46c0000 - 0x00007ffbf47d1000 	C:\WINDOWS\System32\ucrtbase.dll
0x00007ffbebaa0000 - 0x00007ffbebabe000 	C:\Program Files\Eclipse Adoptium\jdk-17.0.19.10-hotspot\bin\VCRUNTIME140.dll
0x00007ffbeba30000 - 0x00007ffbeba48000 	C:\Program Files\Eclipse Adoptium\jdk-17.0.19.10-hotspot\bin\jli.dll
0x00007ffbf52b0000 - 0x00007ffbf5461000 	C:\WINDOWS\System32\USER32.dll
0x00007ffbdee30000 - 0x00007ffbdf0cb000 	C:\WINDOWS\WinSxS\amd64_microsoft.windows.common-controls_6595b64144ccf1df_6.0.22621.5547_none_27104afb73855772\COMCTL32.dll
0x00007ffbf4bc0000 - 0x00007ffbf4be6000 	C:\WINDOWS\System32\win32u.dll
0x00007ffbf7130000 - 0x00007ffbf71d7000 	C:\WINDOWS\System32\msvcrt.dll
0x00007ffbf74a0000 - 0x00007ffbf74c9000 	C:\WINDOWS\System32\GDI32.dll
0x00007ffbf4bf0000 - 0x00007ffbf4d13000 	C:\WINDOWS\System32\gdi32full.dll
0x00007ffbf4d20000 - 0x00007ffbf4dba000 	C:\WINDOWS\System32\msvcp_win.dll
0x00007ffbf6560000 - 0x00007ffbf6591000 	C:\WINDOWS\System32\IMM32.DLL
0x00007ffbebb60000 - 0x00007ffbebb6c000 	C:\Program Files\Eclipse Adoptium\jdk-17.0.19.10-hotspot\bin\vcruntime140_1.dll
0x00007ffbe9260000 - 0x00007ffbe92ed000 	C:\Program Files\Eclipse Adoptium\jdk-17.0.19.10-hotspot\bin\msvcp140.dll
0x00007ffbb4f70000 - 0x00007ffbb5bdc000 	C:\Program Files\Eclipse Adoptium\jdk-17.0.19.10-hotspot\bin\server\jvm.dll
0x00007ffbf7010000 - 0x00007ffbf70c1000 	C:\WINDOWS\System32\ADVAPI32.dll
0x00007ffbf5c00000 - 0x00007ffbf5ca8000 	C:\WINDOWS\System32\sechost.dll
0x00007ffbf5170000 - 0x00007ffbf5198000 	C:\WINDOWS\System32\bcrypt.dll
0x00007ffbf65c0000 - 0x00007ffbf66d4000 	C:\WINDOWS\System32\RPCRT4.dll
0x00007ffbf5230000 - 0x00007ffbf52a1000 	C:\WINDOWS\System32\WS2_32.dll
0x00007ffbf44d0000 - 0x00007ffbf451d000 	C:\WINDOWS\SYSTEM32\POWRPROF.dll
0x00007ffbea780000 - 0x00007ffbea7b4000 	C:\WINDOWS\SYSTEM32\WINMM.dll
0x00007ffbe2020000 - 0x00007ffbe202a000 	C:\WINDOWS\SYSTEM32\VERSION.dll
0x00007ffbf44b0000 - 0x00007ffbf44c3000 	C:\WINDOWS\SYSTEM32\UMPDC.dll
0x00007ffbf35f0000 - 0x00007ffbf3608000 	C:\WINDOWS\SYSTEM32\kernel.appcore.dll
0x00007ffbeba90000 - 0x00007ffbeba9a000 	C:\Program Files\Eclipse Adoptium\jdk-17.0.19.10-hotspot\bin\jimage.dll
0x00007ffbeefa0000 - 0x00007ffbef1d3000 	C:\WINDOWS\SYSTEM32\DBGHELP.DLL
0x00007ffbf6860000 - 0x00007ffbf6bf3000 	C:\WINDOWS\System32\combase.dll
0x00007ffbf6c00000 - 0x00007ffbf6cd7000 	C:\WINDOWS\System32\OLEAUT32.dll
0x00007ffbde5e0000 - 0x00007ffbde612000 	C:\WINDOWS\SYSTEM32\dbgcore.DLL
0x00007ffbf4dc0000 - 0x00007ffbf4e3b000 	C:\WINDOWS\System32\bcryptPrimitives.dll
0x00007ffbec6a0000 - 0x00007ffbec6ae000 	C:\Program Files\Eclipse Adoptium\jdk-17.0.19.10-hotspot\bin\instrument.dll
0x00007ffbe9420000 - 0x00007ffbe9445000 	C:\Program Files\Eclipse Adoptium\jdk-17.0.19.10-hotspot\bin\java.dll
0x00007ffbd3160000 - 0x00007ffbd3237000 	C:\Program Files\Eclipse Adoptium\jdk-17.0.19.10-hotspot\bin\jsvml.dll
0x00007ffbf5cb0000 - 0x00007ffbf6552000 	C:\WINDOWS\System32\SHELL32.dll
0x00007ffbf4fb0000 - 0x00007ffbf50ef000 	C:\WINDOWS\System32\wintypes.dll
0x00007ffbf24e0000 - 0x00007ffbf2dfd000 	C:\WINDOWS\SYSTEM32\windows.storage.dll
0x00007ffbf7310000 - 0x00007ffbf741c000 	C:\WINDOWS\System32\SHCORE.dll
0x00007ffbf54d0000 - 0x00007ffbf5539000 	C:\WINDOWS\System32\shlwapi.dll
0x00007ffbf4530000 - 0x00007ffbf455b000 	C:\WINDOWS\SYSTEM32\profapi.dll
0x00007ffbe9240000 - 0x00007ffbe9258000 	C:\Program Files\Eclipse Adoptium\jdk-17.0.19.10-hotspot\bin\zip.dll
0x00007ffbd8530000 - 0x00007ffbd854a000 	C:\Program Files\Eclipse Adoptium\jdk-17.0.19.10-hotspot\bin\net.dll
0x00007ffbe9e80000 - 0x00007ffbe9fac000 	C:\WINDOWS\SYSTEM32\WINHTTP.dll
0x00007ffbf3a60000 - 0x00007ffbf3ac9000 	C:\WINDOWS\system32\mswsock.dll
0x00007ffbd2ff0000 - 0x00007ffbd3006000 	C:\Program Files\Eclipse Adoptium\jdk-17.0.19.10-hotspot\bin\nio.dll
0x00007ffbe9230000 - 0x00007ffbe9240000 	C:\Program Files\Eclipse Adoptium\jdk-17.0.19.10-hotspot\bin\verify.dll
0x00007ffbdf560000 - 0x00007ffbdf587000 	C:\Users\admin\.gradle\native\1def1411415f61bf3af743bc5b6707747c0891f09f0c88961ee8f79bc544acac\windows-amd64\native-platform.dll
0x00007ffbdf5a0000 - 0x00007ffbdf618000 	C:\Users\admin\.gradle\native\0.2.7\x86_64-windows-gnu\gradle-fileevents.dll
0x00007ffbe9220000 - 0x00007ffbe922a000 	C:\Program Files\Eclipse Adoptium\jdk-17.0.19.10-hotspot\bin\management.dll
0x00007ffbe9210000 - 0x00007ffbe921c000 	C:\Program Files\Eclipse Adoptium\jdk-17.0.19.10-hotspot\bin\management_ext.dll
0x00007ffbf55d0000 - 0x00007ffbf55d8000 	C:\WINDOWS\System32\PSAPI.DLL
0x00007ffbf3060000 - 0x00007ffbf308d000 	C:\WINDOWS\SYSTEM32\IPHLPAPI.DLL
0x00007ffbf65b0000 - 0x00007ffbf65b9000 	C:\WINDOWS\System32\NSI.dll
0x00007ffbea560000 - 0x00007ffbea579000 	C:\WINDOWS\SYSTEM32\dhcpcsvc6.DLL
0x00007ffbea540000 - 0x00007ffbea55f000 	C:\WINDOWS\SYSTEM32\dhcpcsvc.DLL
0x00007ffbf30d0000 - 0x00007ffbf31c8000 	C:\WINDOWS\SYSTEM32\DNSAPI.dll
0x00007ffbe9200000 - 0x00007ffbe9209000 	C:\Program Files\Eclipse Adoptium\jdk-17.0.19.10-hotspot\bin\extnet.dll
0x00007ffbf3db0000 - 0x00007ffbf3dcb000 	C:\WINDOWS\SYSTEM32\CRYPTSP.dll
0x00007ffbf3550000 - 0x00007ffbf3587000 	C:\WINDOWS\system32\rsaenh.dll
0x00007ffbf3b00000 - 0x00007ffbf3b28000 	C:\WINDOWS\SYSTEM32\USERENV.dll
0x00007ffbf3d90000 - 0x00007ffbf3d9c000 	C:\WINDOWS\SYSTEM32\CRYPTBASE.dll
0x00007ffbec690000 - 0x00007ffbec69e000 	C:\Program Files\Eclipse Adoptium\jdk-17.0.19.10-hotspot\bin\sunmscapi.dll
0x00007ffbf4e40000 - 0x00007ffbf4fa7000 	C:\WINDOWS\System32\CRYPT32.dll
0x00007ffbf3ec0000 - 0x00007ffbf3eed000 	C:\WINDOWS\SYSTEM32\ncrypt.dll
0x00007ffbf3e80000 - 0x00007ffbf3eb7000 	C:\WINDOWS\SYSTEM32\NTASN1.dll
0x00007ffbec890000 - 0x00007ffbec898000 	C:\WINDOWS\system32\wshunix.dll

dbghelp: loaded successfully - version: 4.0.5 - missing functions: none
symbol engine: initialized successfully - sym options: 0x614 - pdb path: .;C:\Program Files\Eclipse Adoptium\jdk-17.0.19.10-hotspot\bin;C:\WINDOWS\SYSTEM32;C:\WINDOWS\WinSxS\amd64_microsoft.windows.common-controls_6595b64144ccf1df_6.0.22621.5547_none_27104afb73855772;C:\Program Files\Eclipse Adoptium\jdk-17.0.19.10-hotspot\bin\server;C:\Users\admin\.gradle\native\1def1411415f61bf3af743bc5b6707747c0891f09f0c88961ee8f79bc544acac\windows-amd64;C:\Users\admin\.gradle\native\0.2.7\x86_64-windows-gnu

VM Arguments:
jvm_args: --add-opens=java.base/java.lang=ALL-UNNAMED --add-opens=java.base/java.lang.invoke=ALL-UNNAMED --add-opens=java.base/java.util=ALL-UNNAMED --add-opens=java.prefs/java.util.prefs=ALL-UNNAMED --add-exports=jdk.compiler/com.sun.tools.javac.api=ALL-UNNAMED --add-exports=jdk.compiler/com.sun.tools.javac.util=ALL-UNNAMED --add-opens=java.base/java.util=ALL-UNNAMED --add-opens=java.prefs/java.util.prefs=ALL-UNNAMED --add-opens=java.base/java.nio.charset=ALL-UNNAMED --add-opens=java.base/java.net=ALL-UNNAMED --add-opens=java.base/java.util.concurrent.atomic=ALL-UNNAMED --add-opens=java.xml/javax.xml.namespace=ALL-UNNAMED -XX:MaxMetaspaceSize=4G -XX:ReservedCodeCacheSize=512m -XX:+HeapDumpOnOutOfMemoryError -Xmx8G -Dfile.encoding=UTF-8 -Duser.country=FR -Duser.language=fr -Duser.variant -javaagent:C:\Users\admin\.gradle\wrapper\dists\gradle-8.14-all\c2qonpi39x1mddn7hk5gh9iqj\gradle-8.14\lib\agents\gradle-instrumentation-agent-8.14.jar 
java_command: org.gradle.launcher.daemon.bootstrap.GradleDaemon 8.14
java_class_path (initial): C:\Users\admin\.gradle\wrapper\dists\gradle-8.14-all\c2qonpi39x1mddn7hk5gh9iqj\gradle-8.14\lib\gradle-daemon-main-8.14.jar
Launcher Type: SUN_STANDARD

[Global flags]
     intx CICompilerCount                          = 4                                         {product} {ergonomic}
     uint ConcGCThreads                            = 2                                         {product} {ergonomic}
     uint G1ConcRefinementThreads                  = 8                                         {product} {ergonomic}
   size_t G1HeapRegionSize                         = 4194304                                   {product} {ergonomic}
    uintx GCDrainStackTargetSize                   = 64                                        {product} {ergonomic}
     bool HeapDumpOnOutOfMemoryError               = true                                   {manageable} {command line}
   size_t InitialHeapSize                          = 134217728                                 {product} {ergonomic}
   size_t MarkStackSize                            = 4194304                                   {product} {ergonomic}
   size_t MaxHeapSize                              = 8589934592                                {product} {command line}
   size_t MaxMetaspaceSize                         = 4294967296                                {product} {command line}
   size_t MaxNewSize                               = 5150605312                                {product} {ergonomic}
   size_t MinHeapDeltaBytes                        = 4194304                                   {product} {ergonomic}
   size_t MinHeapSize                              = 8388608                                   {product} {ergonomic}
    uintx NonNMethodCodeHeapSize                   = 5839372                                {pd product} {ergonomic}
    uintx NonProfiledCodeHeapSize                  = 265515770                              {pd product} {ergonomic}
    uintx ProfiledCodeHeapSize                     = 265515770                              {pd product} {ergonomic}
    uintx ReservedCodeCacheSize                    = 536870912                              {pd product} {command line}
     bool SegmentedCodeCache                       = true                                      {product} {ergonomic}
   size_t SoftMaxHeapSize                          = 8589934592                             {manageable} {ergonomic}
   double SweeperThreshold                         = 0.234375                                  {product} {ergonomic}
     bool UseCompressedClassPointers               = true                           {product lp64_product} {ergonomic}
     bool UseCompressedOops                        = true                           {product lp64_product} {ergonomic}
     bool UseG1GC                                  = true                                      {product} {ergonomic}
     bool UseLargePagesIndividualAllocation        = false                                  {pd product} {ergonomic}

Logging:
Log output configuration:
 #0: stdout all=warning uptime,level,tags
 #1: stderr all=off uptime,level,tags

Environment Variables:
JAVA_HOME=C:\Program Files\Eclipse Adoptium\jdk-25.0.1.8-hotspot
PATH=C:\Program Files\Eclipse Adoptium\jdk-17.0.19.10-hotspot\bin;C:\Program Files (x86)\VMware\VMware Workstation\bin\;C:\Program Files\Python312\Scripts\;C:\Program Files\Python312\;C:\WINDOWS\system32;C:\WINDOWS;C:\WINDOWS\System32\Wbem;C:\WINDOWS\System32\WindowsPowerShell\v1.0\;C:\WINDOWS\System32\OpenSSH\;C:\Program Files (x86)\Microsoft SQL Server\160\Tools\Binn\;C:\Program Files\Microsoft SQL Server\160\Tools\Binn\;C:\Program Files\Microsoft SQL Server\Client SDK\ODBC\170\Tools\Binn\;C:\Program Files\Microsoft SQL Server\160\DTS\Binn\;C:\Program Files (x86)\Microsoft SQL Server\160\DTS\Binn\;C:\Windows\system32\python;C:\sqlite3;C:\Program Files\nodejs\;C:\MinGW\bin;C:\curl\bin;C:\curl\include;C:\MinGW;C:\MinGW\lib;C:\GnuWin32\bin;C:\OpenSSL-Win64\bin;C:\Program Files\PostgreSQL\17\bin;C:\Program Files\Eclipse Adoptium\jdk-25.0.1.8-hotspot\bin;C:\Program Files\Heroku\bin;C:\Program Files\Git\cmd;C:\Program Files (x86)\VMware\VMware Workstation\bin\;C:\Program Files\Python312\Scripts\;C:\Program Files\Python312\;C:\WINDOWS\system32;C:\WINDOWS;C:\WINDOWS\System32\Wbem;C:\WINDOWS\System32\WindowsPowerShell\v1.0\;C:\WINDOWS\System32\OpenSSH\;C:\Program Files (x86)\Microsoft SQL Server\160\Tools\Binn\;C:\Program Files\Microsoft SQL Server\160\Tools\Binn\;C:\Program Files\Microsoft SQL Server\Client SDK\ODBC\170\Tools\Binn\;C:\Program Files\Microsoft SQL Server\160\DTS\Binn\;C:\Program Files (x86)\Microsoft SQL Server\160\DTS\Binn\;C:\Windows\system32\python;C:\sqlite3;C:\Program Files\nodejs\;C:\MinGW\bin;C:\curl\bin;C:\curl\include;C:\MinGW;C:\MinGW\lib;C:\GnuWin32\bin;C:\OpenSSL-Win64\bin;C:\Program Files\PostgreSQL\17\bin;C:\Program Files\Eclipse Adoptium\jdk-25.0.1.8-hotspot\bin;C:\Program Files\Git\cmd;C:\Program Files\Docker\Docker\resources\bin;C:\Program Files\Heroku\bin;C:\Users\admin\AppData\Local\Programs\Microsoft VS Code;C:\Program Files\P;C:\flutter\bin\flutter;C:\flutter\bin;C:\Users\admin\AppData\Local\Programs\Microsoft VS Code\bin
USERNAME=admin
OS=Windows_NT
PROCESSOR_IDENTIFIER=Intel64 Family 6 Model 142 Stepping 10, GenuineIntel
TMP=C:\Users\admin\AppData\Local\Temp
TEMP=C:\Users\admin\AppData\Local\Temp



Periodic native trim disabled


---------------  S Y S T E M  ---------------

OS:
 Windows 11 , 64 bit Build 22621 (10.0.22621.5415)
OS uptime: 0 days 1:31 hours
Hyper-V role detected

CPU: total 8 (initial active 8) (4 cores per cpu, 2 threads per core) family 6 model 142 stepping 10 microcode 0xf4, cx8, cmov, fxsr, ht, mmx, 3dnowpref, sse, sse2, sse3, ssse3, sse4.1, sse4.2, popcnt, lzcnt, tsc, tscinvbit, avx, avx2, aes, erms, clmul, bmi1, bmi2, rtm, adx, fma, vzeroupper, clflush, clflushopt, hv
Processor Information for all 8 processors :
  Max Mhz: 1896, Current Mhz: 1696, Mhz Limit: 1687

Memory: 4k page, system-wide physical 8070M (305M free)
TotalPageFile size 16142M (AvailPageFile size 2M)
current process WorkingSet (physical memory assigned to process): 383M, peak: 383M
current process commit charge ("private bytes"): 489M, peak: 501M

vm_info: OpenJDK 64-Bit Server VM (17.0.19+10) for windows-amd64 JRE (17.0.19+10), built on Apr 25 2026 08:04:44 by "admin" with MS VC++ 17.12 (VS2022)

END.
