#
# There is insufficient memory for the Java Runtime Environment to continue.
# Native memory allocation (malloc) failed to allocate 438816 bytes. Error detail: Chunk::new
# Possible reasons:
#   The system is out of physical RAM or swap space
#   This process is running with CompressedOops enabled, and the Java Heap may be blocking the growth of the native heap
# Possible solutions:
#   Reduce memory load on the system
#   Increase physical memory or swap space
#   Check if swap backing store is full
#   Decrease Java heap size (-Xmx/-Xms)
#   Decrease number of Java threads
#   Decrease Java thread stack sizes (-Xss)
#   Set larger code cache with -XX:ReservedCodeCacheSize=
#   JVM is running with Zero Based Compressed Oops mode in which the Java heap is
#     placed in the first 32GB address space. The Java Heap base address is the
#     maximum limit for the native heap growth. Please use -XX:HeapBaseMinAddress
#     to set the Java Heap base and to place the Java Heap above 32GB virtual address.
# This output file may be truncated or incomplete.
#
#  Out of Memory Error (arena.cpp:191), pid=5792, tid=17720
#
# JRE version: OpenJDK Runtime Environment Temurin-17.0.19+10 (17.0.19+10) (build 17.0.19+10)
# Java VM: OpenJDK 64-Bit Server VM Temurin-17.0.19+10 (17.0.19+10, mixed mode, sharing, tiered, compressed oops, compressed class ptrs, g1 gc, windows-amd64)
# No core dump will be written. Minidumps are not enabled by default on client versions of Windows
#

---------------  S U M M A R Y ------------

Command Line: --add-opens=java.base/java.lang=ALL-UNNAMED --add-opens=java.base/java.lang.invoke=ALL-UNNAMED --add-opens=java.base/java.util=ALL-UNNAMED --add-opens=java.prefs/java.util.prefs=ALL-UNNAMED --add-exports=jdk.compiler/com.sun.tools.javac.api=ALL-UNNAMED --add-exports=jdk.compiler/com.sun.tools.javac.util=ALL-UNNAMED --add-opens=java.base/java.util=ALL-UNNAMED --add-opens=java.prefs/java.util.prefs=ALL-UNNAMED --add-opens=java.base/java.nio.charset=ALL-UNNAMED --add-opens=java.base/java.net=ALL-UNNAMED --add-opens=java.base/java.util.concurrent.atomic=ALL-UNNAMED --add-opens=java.xml/javax.xml.namespace=ALL-UNNAMED -XX:MaxMetaspaceSize=4G -XX:ReservedCodeCacheSize=512m -XX:+HeapDumpOnOutOfMemoryError -Xmx8G -Dfile.encoding=UTF-8 -Duser.country=FR -Duser.language=fr -Duser.variant -javaagent:C:\Users\admin\.gradle\wrapper\dists\gradle-8.14-all\c2qonpi39x1mddn7hk5gh9iqj\gradle-8.14\lib\agents\gradle-instrumentation-agent-8.14.jar org.gradle.launcher.daemon.bootstrap.GradleDaemon 8.14

Host: Intel(R) Core(TM) i5-8350U CPU @ 1.70GHz, 8 cores, 7G,  Windows 11 , 64 bit Build 22621 (10.0.22621.5415)
Time: Sun Sep 20 18:56:17 2026 Paris, Madrid (heure duild 22621 (10.0.22621.5415) elapsed time: 407.858022 seconds (0d 0h 6m 47s)

---------------  T H R E A D  ---------------

Current thread (0x00000105d9890080):  JavaThread "C2 CompilerThread0" daemon [_thread_in_native, id=17720, stack(0x0000000229b00000,0x0000000229c00000)]


Current CompileTask:
C2:407858 10399       4       java.util.TreeMap::put (8 bytes)

Stack: [0x0000000229b00000,0x0000000229c00000]
Native frames: (J=compiled Java code, j=interpreted, Vv=VM code, C=native code)
V  [jvm.dll+0x684b29]
V  [jvm.dll+0x83a2d5]
V  [jvm.dll+0x83bd4e]
V  [jvm.dll+0x83c3d3]
V  [jvm.dll+0x24905f]
V  [jvm.dll+0xad536]
V  [jvm.dll+0xadbdc]
V  [jvm.dll+0x2b073f]
V  [jvm.dll+0x58aea5]
V  [jvm.dll+0x222fe4]
V  [jvm.dll+0x21b67f]
V  [jvm.dll+0x2191a2]
V  [jvm.dll+0x1a49f0]
V  [jvm.dll+0x2299fa]
V  [jvm.dll+0x227bab]
V  [jvm.dll+0x7f0a88]
V  [jvm.dll+0x7eaf1c]
V  [jvm.dll+0x6839f7]
C  [ucrtbase.dll+0x29333]
C  [KERNEL32.DLL+0x1259d]
C  [ntdll.dll+0x5af78]


---------------  P R O C E S S  ---------------

Threads class SMR info:
_java_thread_list=0x0000010625626bd0, length=40, elements={
0x000001059e5e0bd0, 0x00000105d9872b30, 0x00000105d9874060, 0x00000105d988b9e0,
0x00000105d988cac0, 0x00000105d988d390, 0x00000105d988dc60, 0x00000105d9890080,
0x00000105d9890a40, 0x00000105d98aea60, 0x00000105dc3426e0, 0x00000105dc428440,
0x00000105dc641950, 0x000001062304e190, 0x00000105dc62e040, 0x0000010622758590,
0x0000010622759ee0, 0x00000106227594c0, 0x00000106248d5c70, 0x00000106248d1fb0,
0x00000106248d4d40, 0x00000106248d1590, 0x00000106248d6180, 0x00000106248d70b0,
0x00000106248d3e10, 0x00000106248d8a00, 0x00000106248d75c0, 0x00000106248d7ad0,
0x00000106248d29d0, 0x00000106228827e0, 0x0000010622883c20, 0x000001062275a900,
0x0000010622758aa0, 0x000001062287f540, 0x0000010622880470, 0x0000010622880980,
0x0000010622885f90, 0x00000106228869b0, 0x00000106228818b0, 0x0000010622884130
}

Java Threads: ( => current thread )
  0x000001059e5e0bd0 JavaThread "main" [_thread_blocked, id=5344, stack(0x0000000228e00000,0x0000000228f00000)]
  0x00000105d9872b30 JavaThread "Reference Handler" daemon [_thread_blocked, id=9132, stack(0x0000000229500000,0x0000000229600000)]
  0x00000105d9874060 JavaThread "Finalizer" daemon [_thread_blocked, id=15508, stack(0x0000000229600000,0x0000000229700000)]
  0x00000105d988b9e0 JavaThread "Signal Dispatcher" daemon [_thread_blocked, id=18152, stack(0x0000000229700000,0x0000000229800000)]
  0x00000105d988cac0 JavaThread "Attach Listener" daemon [_thread_blocked, id=5156, stack(0x0000000229800000,0x0000000229900000)]
  0x00000105d988d390 JavaThread "Service Thread" daemon [_thread_blocked, id=8312, stack(0x0000000229900000,0x0000000229a00000)]
  0x00000105d988dc60 JavaThread "Monitor Deflation Thread" daemon [_thread_blocked, id=5148, stack(0x0000000229a00000,0x0000000229b00000)]
=>0x00000105d9890080 JavaThread "C2 CompilerThread0" daemon [_thread_in_native, id=17720, stack(0x0000000229b00000,0x0000000229c00000)]
  0x00000105d9890a40 JavaThread "C1 CompilerThread0" daemon [_thread_in_native, id=7100, stack(0x0000000229c00000,0x0000000229d00000)]
  0x00000105d98aea60 JavaThread "Sweeper thread" daemon [_thread_blocked, id=18428, stack(0x0000000229d00000,0x0000000229e00000)]
  0x00000105dc3426e0 JavaThread "Common-Cleaner" daemon [_thread_blocked, id=18768, stack(0x0000000229e00000,0x0000000229f00000)]
  0x00000105dc428440 JavaThread "Notification Thread" daemon [_thread_blocked, id=13508, stack(0x0000000229f00000,0x000000022a000000)]
  0x00000105dc641950 JavaThread "Daemon health stats" [_thread_blocked, id=11600, stack(0x000000022a500000,0x000000022a600000)]
  0x000001062304e190 JavaThread "Incoming local TCP Connector on port 63262" [_thread_in_native, id=6088, stack(0x000000022a600000,0x000000022a700000)]
  0x00000105dc62e040 JavaThread "Daemon periodic checks" [_thread_blocked, id=14356, stack(0x000000022a700000,0x000000022a800000)]
  0x0000010622758590 JavaThread "Cache worker for journal cache (C:\Users\admin\.gradle\caches\journal-1)" [_thread_blocked, id=18036, stack(0x000000022af00000,0x000000022b000000)]
  0x0000010622759ee0 JavaThread "File lock request listener" [_thread_in_native, id=6932, stack(0x000000022b000000,0x000000022b100000)]
  0x00000106227594c0 JavaThread "Cache worker for file hash cache (C:\Users\admin\.gradle\caches\8.14\fileHashes)" [_thread_blocked, id=10884, stack(0x000000022b100000,0x000000022b200000)]
  0x00000106248d5c70 JavaThread "File watcher server" daemon [_thread_in_native, id=15364, stack(0x000000022ba00000,0x000000022bb00000)]
  0x00000106248d1fb0 JavaThread "File watcher consumer" daemon [_thread_blocked, id=9332, stack(0x000000022bb00000,0x000000022bc00000)]
  0x00000106248d4d40 JavaThread "jar transforms" [_thread_blocked, id=2860, stack(0x000000022bc00000,0x000000022bd00000)]
  0x00000106248d1590 JavaThread "jar transforms Thread 2" [_thread_blocked, id=13532, stack(0x000000022bd00000,0x000000022be00000)]
  0x00000106248d6180 JavaThread "jar transforms Thread 3" [_thread_blocked, id=14980, stack(0x000000022be00000,0x000000022bf00000)]
  0x00000106248d70b0 JavaThread "jar transforms Thread 4" [_thread_blocked, id=10968, stack(0x000000022b900000,0x000000022ba00000)]
  0x00000106248d3e10 JavaThread "jar transforms Thread 5" [_thread_blocked, id=168, stack(0x000000022bf00000,0x000000022c000000)]
  0x00000106248d8a00 JavaThread "Cache worker for file content cache (C:\Users\admin\.gradle\caches\8.14\fileContent)" [_thread_blocked, id=3476, stack(0x000000022c300000,0x000000022c400000)]
  0x00000106248d75c0 JavaThread "jar transforms Thread 6" [_thread_blocked, id=6712, stack(0x000000022c400000,0x000000022c500000)]
  0x00000106248d7ad0 JavaThread "jar transforms Thread 7" [_thread_blocked, id=18536, stack(0x000000022c500000,0x000000022c600000)]
  0x00000106248d29d0 JavaThread "jar transforms Thread 8" [_thread_blocked, id=2088, stack(0x000000022c600000,0x000000022c700000)]
  0x00000106228827e0 JavaThread "Daemon Thread 2" [_thread_blocked, id=2404, stack(0x0000000228d00000,0x0000000228e00000)]
  0x0000010622883c20 JavaThread "Daemon worker Thread 2" [_thread_in_vm, id=8528, stack(0x000000022aa00000,0x000000022ab00000)]
  0x000001062275a900 JavaThread "VFS cleanup Thread 2" [_thread_blocked, id=18728, stack(0x000000022ab00000,0x000000022ac00000)]
  0x0000010622758aa0 JavaThread "File lock release action executor Thread 2" [_thread_blocked, id=11220, stack(0x000000022a800000,0x000000022a900000)]
  0x000001062287f540 JavaThread "Handler for socket connection from /127.0.0.1:63262 to /127.0.0.1:61365" [_thread_in_native, id=19400, stack(0x0000000228c00000,0x0000000228d00000)]
  0x0000010622880470 JavaThread "Cancel handler" [_thread_new, id=12532, stack(0x0000000000000000,0x0000000000000000)]
  0x0000010622880980 JavaThread "Asynchronous log dispatcher for DefaultDaemonConnection: socket connection from /127.0.0.1:63262 to /127.0.0.1:61365" [_thread_blocked, id=1200, stack(0x000000022ac00000,0x000000022ad00000)]
  0x0000010622885f90 JavaThread "Stdin handler" [_thread_blocked, id=10956, stack(0x000000022ad00000,0x000000022ae00000)]
  0x00000106228869b0 JavaThread "Daemon client event forwarder" [_thread_new, id=5232, stack(0x0000000000000000,0x0000000000000000)]
  0x00000106228818b0 JavaThread "Cache worker for file hash cache (C:\Users\admin\Downloads\livreurs-pro\flutter\flutter\dev\a11y_assessments\android\.gradle\8.14\fileHashes)" [_thread_new, id=12784, stack(0x0000000000000000,0x0000000000000000)]
  0x0000010622884130 JavaThread "Cache worker for Build Output Cleanup Cache (C:\Users\admin\Downloads\livreurs-pro\flutter\flutter\dev\a11y_assessments\android\.gradle\buildOutputCleanup)" [_thread_blocked, id=12352, stack(0x000000022b600000,0x000000022b700000)]

Other Threads:
  0x00000105d986f250 VMThread "VM Thread" [stack: 0x0000000229400000,0x0000000229500000] [id=5304]
  0x000001059e5e1960 WatcherThread [stack: 0x000000022a000000,0x000000022a100000] [id=16472]
  0x000001059e68e6c0 GCTaskThread "GC Thread#0" [stack: 0x0000000228f00000,0x0000000229000000] [id=7768]
  0x00000105dc55c5c0 GCTaskThread "GC Thread#1" [stack: 0x000000022a100000,0x000000022a200000] [id=5936]
  0x00000105dc853380 GCTaskThread "GC Thread#2" [stack: 0x000000022a200000,0x000000022a300000] [id=10932]
  0x00000106235d7850 GCTaskThread "GC Thread#3" [stack: 0x000000022a300000,0x000000022a400000] [id=16380]
  0x000001062241e990 GCTaskThread "GC Thread#4" [stack: 0x000000022a400000,0x000000022a500000] [id=18180]
  0x0000010623161430 GCTaskThread "GC Thread#5" [stack: 0x000000022b300000,0x000000022b400000] [id=12884]
  0x0000010623554540 GCTaskThread "GC Thread#6" [stack: 0x000000022b400000,0x000000022b500000] [id=8076]
  0x0000010622d892b0 GCTaskThread "GC Thread#7" [stack: 0x000000022b500000,0x000000022b600000] [id=16436]
  0x00000105d96c0780 ConcurrentGCThread "G1 Main Marker" [stack: 0x0000000229000000,0x0000000229100000] [id=13640]
  0x00000105d96c0fb0 ConcurrentGCThread "G1 Conc#0" [stack: 0x0000000229100000,0x0000000229200000] [id=6160]
  0x0000010622ebdfd0 ConcurrentGCThread "G1 Conc#1" [stack: 0x000000022b800000,0x000000022b900000] [id=19420]
  0x00000105d97287d0 ConcurrentGCThread "G1 Refine#0" [stack: 0x0000000229200000,0x0000000229300000] [id=19304]
  0x00000106258c4cb0 ConcurrentGCThread "G1 Refine#1" [stack: 0x000000022c100000,0x000000022c200000] [id=14436]
  0x00000105d9729110 ConcurrentGCThread "G1 Service" [stack: 0x0000000229300000,0x0000000229400000] [id=13068]

Threads with active compile tasks:
C2 CompilerThread0  407911 10399       4       java.util.TreeMap::put (8 bytes)
C1 CompilerThread0  407911 10404   !   3       java.util.concurrent.SynchronousQueue$TransferStack::transfer (541 bytes)

VM state: not at safepoint (normal execution)

VM Mutex/Monitor currently owned by a thread: None

Heap address: 0x0000000600000000, size: 8192 MB, Compressed Oops mode: Zero based, Oop shift amount: 3

CDS archive(s) mapped at: [0x00000105dd000000-0x00000105ddbb0000-0x00000105ddbb0000), size 12255232, SharedBaseAddress: 0x00000105dd000000, ArchiveRelocationMode: 1.
Compressed class space mapped at: 0x00000105de000000-0x000001061e000000, reserved size: 1073741824
Narrow klass base: 0x00000105dd000000, Narrow klass shift: 0, Narrow klass range: 0x100000000

GC Precious Log:
 CPUs: 8 total, 8 available
 Memory: 8070M
 Large Page Support: Disabled
 NUMA Support: Disabled
 Compressed Oops: Enabled (Zero based)
 Heap Region Size: 4M
 Heap Min Capacity: 8M
 Heap Initial Capacity: 128M
 Heap Max Capacity: 8G
 Pre-touch: Disabled
 Parallel Workers: 8
 Concurrent Workers: 2
 Concurrent Refinement Workers: 8
 Periodic GC: Disabled

Heap:
 garbage-first heap   total 266240K, used 111530K [0x0000000600000000, 0x0000000800000000)
  region size 4096K, 17 young (69632K), 2 survivors (8192K)
 Metaspace       used 55241K, committed 56128K, reserved 1114112K
  class space    used 7593K, committed 8000K, reserved 1048576K

Heap Regions: E=young(eden), S=young(survivor), O=old, HS=humongous(starts), HC=humongous(continues), CS=collection set, F=free, OA=open archive, CA=closed archive, TAMS=top-at-mark-start (previous, next)
|   0|0x0000000600000000, 0x0000000600400000, 0x0000000600400000|100%|HS|  |TAMS 0x0000000600400000, 0x0000000600000000| Complete 
|   1|0x0000000600400000, 0x0000000600800000, 0x0000000600800000|100%| O|  |TAMS 0x0000000600800000, 0x0000000600400000| Untracked 
|   2|0x0000000600800000, 0x0000000600c00000, 0x0000000600c00000|100%| O|  |TAMS 0x0000000600c00000, 0x0000000600800000| Untracked 
|   3|0x0000000600c00000, 0x0000000600fd8800, 0x0000000601000000| 96%| O|  |TAMS 0x0000000600fd8800, 0x0000000600c00000| Untracked 
|   4|0x0000000601000000, 0x0000000601400000, 0x0000000601400000|100%| O|  |TAMS 0x0000000601400000, 0x0000000601000000| Untracked 
|   5|0x0000000601400000, 0x0000000601400000, 0x0000000601800000|  0%| F|  |TAMS 0x0000000601400000, 0x0000000601400000| Untracked 
|   6|0x0000000601800000, 0x0000000601c00000, 0x0000000601c00000|100%| O|  |TAMS 0x0000000601c00000, 0x0000000601800000| Untracked 
|   7|0x0000000601c00000, 0x0000000602000000, 0x0000000602000000|100%| O|  |TAMS 0x0000000602000000, 0x0000000601c00000| Untracked 
|   8|0x0000000602000000, 0x0000000602400000, 0x0000000602400000|100%| O|  |TAMS 0x0000000602400000, 0x0000000602000000| Untracked 
|   9|0x0000000602400000, 0x0000000602800000, 0x0000000602800000|100%| O|  |TAMS 0x0000000602800000, 0x0000000602400000| Untracked 
|  10|0x0000000602800000, 0x0000000602c00000, 0x0000000602c00000|100%| O|  |TAMS 0x0000000602827800, 0x0000000602800000| Untracked 
|  11|0x0000000602c00000, 0x0000000603000000, 0x0000000603000000|100%| O|  |TAMS 0x0000000602c00000, 0x0000000602c00000| Untracked 
|  12|0x0000000603000000, 0x0000000603400000, 0x0000000603400000|100%| O|  |TAMS 0x0000000603000000, 0x0000000603000000| Untracked 
|  13|0x0000000603400000, 0x00000006037e0200, 0x0000000603800000| 96%| O|  |TAMS 0x0000000603400000, 0x0000000603400000| Untracked 
|  14|0x0000000603800000, 0x0000000603800000, 0x0000000603c00000|  0%| F|  |TAMS 0x0000000603800000, 0x0000000603800000| Untracked 
|  15|0x0000000603c00000, 0x0000000603c00000, 0x0000000604000000|  0%| F|  |TAMS 0x0000000603c00000, 0x0000000603c00000| Untracked 
|  16|0x0000000604000000, 0x0000000604000000, 0x0000000604400000|  0%| F|  |TAMS 0x0000000604000000, 0x0000000604000000| Untracked 
|  17|0x0000000604400000, 0x0000000604400000, 0x0000000604800000|  0%| F|  |TAMS 0x0000000604400000, 0x0000000604400000| Untracked 
|  18|0x0000000604800000, 0x0000000604800000, 0x0000000604c00000|  0%| F|  |TAMS 0x0000000604800000, 0x0000000604800000| Untracked 
|  19|0x0000000604c00000, 0x0000000604c00000, 0x0000000605000000|  0%| F|  |TAMS 0x0000000604c00000, 0x0000000604c00000| Untracked 
|  20|0x0000000605000000, 0x0000000605000000, 0x0000000605400000|  0%| F|  |TAMS 0x0000000605000000, 0x0000000605000000| Untracked 
|  21|0x0000000605400000, 0x0000000605400000, 0x0000000605800000|  0%| F|  |TAMS 0x0000000605400000, 0x0000000605400000| Untracked 
|  22|0x0000000605800000, 0x0000000605800000, 0x0000000605c00000|  0%| F|  |TAMS 0x0000000605800000, 0x0000000605800000| Untracked 
|  23|0x0000000605c00000, 0x0000000605c00000, 0x0000000606000000|  0%| F|  |TAMS 0x0000000605c00000, 0x0000000605c00000| Untracked 
|  24|0x0000000606000000, 0x0000000606000000, 0x0000000606400000|  0%| F|  |TAMS 0x0000000606000000, 0x0000000606000000| Untracked 
|  25|0x0000000606400000, 0x0000000606400000, 0x0000000606800000|  0%| F|  |TAMS 0x0000000606400000, 0x0000000606400000| Untracked 
|  26|0x0000000606800000, 0x00000006069320f0, 0x0000000606c00000| 29%| S|CS|TAMS 0x0000000606800000, 0x0000000606800000| Complete 
|  27|0x0000000606c00000, 0x0000000607000000, 0x0000000607000000|100%| S|CS|TAMS 0x0000000606c00000, 0x0000000606c00000| Complete 
|  28|0x0000000607000000, 0x0000000607000000, 0x0000000607400000|  0%| F|  |TAMS 0x0000000607000000, 0x0000000607000000| Untracked 
|  29|0x0000000607400000, 0x0000000607400000, 0x0000000607800000|  0%| F|  |TAMS 0x0000000607400000, 0x0000000607400000| Untracked 
|  30|0x0000000607800000, 0x0000000607800000, 0x0000000607c00000|  0%| F|  |TAMS 0x0000000607800000, 0x0000000607800000| Untracked 
|  31|0x0000000607c00000, 0x0000000607c00000, 0x0000000608000000|  0%| F|  |TAMS 0x0000000607c00000, 0x0000000607c00000| Untracked 
|  32|0x0000000608000000, 0x0000000608000000, 0x0000000608400000|  0%| F|  |TAMS 0x0000000608000000, 0x0000000608000000| Untracked 
|  33|0x0000000608400000, 0x0000000608400000, 0x0000000608800000|  0%| F|  |TAMS 0x0000000608400000, 0x0000000608400000| Untracked 
|  34|0x0000000608800000, 0x0000000608800000, 0x0000000608c00000|  0%| F|  |TAMS 0x0000000608800000, 0x0000000608800000| Untracked 
|  35|0x0000000608c00000, 0x0000000608c00000, 0x0000000609000000|  0%| F|  |TAMS 0x0000000608c00000, 0x0000000608c00000| Untracked 
|  36|0x0000000609000000, 0x0000000609000000, 0x0000000609400000|  0%| F|  |TAMS 0x0000000609000000, 0x0000000609000000| Untracked 
|  37|0x0000000609400000, 0x0000000609400000, 0x0000000609800000|  0%| F|  |TAMS 0x0000000609400000, 0x0000000609400000| Untracked 
|  38|0x0000000609800000, 0x0000000609800000, 0x0000000609c00000|  0%| F|  |TAMS 0x0000000609800000, 0x0000000609800000| Untracked 
|  39|0x0000000609c00000, 0x0000000609c00000, 0x000000060a000000|  0%| F|  |TAMS 0x0000000609c00000, 0x0000000609c00000| Untracked 
|  40|0x000000060a000000, 0x000000060a000000, 0x000000060a400000|  0%| F|  |TAMS 0x000000060a000000, 0x000000060a000000| Untracked 
|  41|0x000000060a400000, 0x000000060a400000, 0x000000060a800000|  0%| F|  |TAMS 0x000000060a400000, 0x000000060a400000| Untracked 
|  42|0x000000060a800000, 0x000000060a800000, 0x000000060ac00000|  0%| F|  |TAMS 0x000000060a800000, 0x000000060a800000| Untracked 
|  43|0x000000060ac00000, 0x000000060ac00000, 0x000000060b000000|  0%| F|  |TAMS 0x000000060ac00000, 0x000000060ac00000| Untracked 
|  44|0x000000060b000000, 0x000000060b000000, 0x000000060b400000|  0%| F|  |TAMS 0x000000060b000000, 0x000000060b000000| Untracked 
|  45|0x000000060b400000, 0x000000060b400000, 0x000000060b800000|  0%| F|  |TAMS 0x000000060b400000, 0x000000060b400000| Untracked 
|  46|0x000000060b800000, 0x000000060b800000, 0x000000060bc00000|  0%| F|  |TAMS 0x000000060b800000, 0x000000060b800000| Untracked 
|  47|0x000000060bc00000, 0x000000060bc00000, 0x000000060c000000|  0%| F|  |TAMS 0x000000060bc00000, 0x000000060bc00000| Untracked 
|  48|0x000000060c000000, 0x000000060c000000, 0x000000060c400000|  0%| F|  |TAMS 0x000000060c000000, 0x000000060c000000| Untracked 
|  49|0x000000060c400000, 0x000000060c400000, 0x000000060c800000|  0%| F|  |TAMS 0x000000060c400000, 0x000000060c400000| Untracked 
|  50|0x000000060c800000, 0x000000060c81d260, 0x000000060cc00000|  2%| E|  |TAMS 0x000000060c800000, 0x000000060c800000| Complete 
|  51|0x000000060cc00000, 0x000000060d000000, 0x000000060d000000|100%| E|CS|TAMS 0x000000060cc00000, 0x000000060cc00000| Complete 
|  52|0x000000060d000000, 0x000000060d400000, 0x000000060d400000|100%| E|CS|TAMS 0x000000060d000000, 0x000000060d000000| Complete 
|  53|0x000000060d400000, 0x000000060d800000, 0x000000060d800000|100%| E|CS|TAMS 0x000000060d400000, 0x000000060d400000| Complete 
|  54|0x000000060d800000, 0x000000060dc00000, 0x000000060dc00000|100%| E|CS|TAMS 0x000000060d800000, 0x000000060d800000| Complete 
|  55|0x000000060dc00000, 0x000000060e000000, 0x000000060e000000|100%| E|CS|TAMS 0x000000060dc00000, 0x000000060dc00000| Complete 
|  56|0x000000060e000000, 0x000000060e400000, 0x000000060e400000|100%| E|CS|TAMS 0x000000060e000000, 0x000000060e000000| Complete 
|  57|0x000000060e400000, 0x000000060e800000, 0x000000060e800000|100%| E|CS|TAMS 0x000000060e400000, 0x000000060e400000| Complete 
|  58|0x000000060e800000, 0x000000060ec00000, 0x000000060ec00000|100%| E|CS|TAMS 0x000000060e800000, 0x000000060e800000| Complete 
|  59|0x000000060ec00000, 0x000000060f000000, 0x000000060f000000|100%| E|CS|TAMS 0x000000060ec00000, 0x000000060ec00000| Complete 
|  60|0x000000060f000000, 0x000000060f400000, 0x000000060f400000|100%| E|  |TAMS 0x000000060f000000, 0x000000060f000000| Complete 
|  61|0x000000060f400000, 0x000000060f800000, 0x000000060f800000|100%| E|CS|TAMS 0x000000060f400000, 0x000000060f400000| Complete 
|  62|0x000000060f800000, 0x000000060fc00000, 0x000000060fc00000|100%| E|CS|TAMS 0x000000060f800000, 0x000000060f800000| Complete 
|  63|0x000000060fc00000, 0x0000000610000000, 0x0000000610000000|100%| E|CS|TAMS 0x000000060fc00000, 0x000000060fc00000| Complete 
|  64|0x0000000610000000, 0x0000000610400000, 0x0000000610400000|100%| E|CS|TAMS 0x0000000610000000, 0x0000000610000000| Complete 

Card table byte_map: [0x00000105c76b0000,0x00000105c86b0000] _byte_map_base: 0x00000105c46b0000

Marking Bits (Prev, Next): (CMBitMap*) 0x00000105d96b00d0, (CMBitMap*) 0x00000105d96b0090
 Prev Bits: [0x00000105d16b0000, 0x00000105d96b0000)
 Next Bits: [0x00000105c96b0000, 0x00000105d16b0000)

Polling page: 0x000001059c590000

Metaspace:

Usage:
  Non-class:     46.53 MB used.
      Class:      7.42 MB used.
       Both:     53.95 MB used.

Virtual space:
  Non-class space:       64.00 MB reserved,      47.00 MB ( 73%) committed,  1 nodes.
      Class space:        1.00 GB reserved,       7.81 MB ( <1%) committed,  1 nodes.
             Both:        1.06 GB reserved,      54.81 MB (  5%) committed. 

Chunk freelists:
   Non-Class:  173.00 KB
       Class:  8.16 MB
        Both:  8.33 MB

MaxMetaspaceSize: 4.00 GB
CompressedClassSpaceSize: 1.00 GB
Initial GC threshold: 21.00 MB
Current GC threshold: 85.56 MB
CDS: on
MetaspaceReclaimPolicy: balanced
 - commit_granule_bytes: 65536.
 - commit_granule_words: 8192.
 - virtual_space_node_default_size: 8388608.
 - enlarge_chunks_in_place: 1.
 - new_chunks_are_fully_committed: 0.
 - uncommit_free_chunks: 1.
 - use_allocation_guard: 0.
 - handle_deallocations: 1.


Internal statistics:

num_allocs_failed_limit: 6.
num_arena_births: 1156.
num_arena_deaths: 0.
num_vsnodes_births: 2.
num_vsnodes_deaths: 0.
num_space_committed: 877.
num_space_uncommitted: 0.
num_chunks_returned_to_freelist: 6.
num_chunks_taken_from_freelist: 3645.
num_chunk_merges: 3.
num_chunk_splits: 2218.
num_chunks_enlarged: 1297.
num_inconsistent_stats: 0.

CodeHeap 'non-profiled nmethods': size=259264Kb used=5893Kb max_used=5893Kb free=253371Kb
 bounds [0x00000105b6430000, 0x00000105b6a00000, 0x00000105c6160000]
CodeHeap 'profiled nmethods': size=259264Kb used=16625Kb max_used=16854Kb free=242638Kb
 bounds [0x00000105a6160000, 0x00000105a71e0000, 0x00000105b5e90000]
CodeHeap 'non-nmethods': size=5760Kb used=2338Kb max_used=2417Kb free=3422Kb
 bounds [0x00000105b5e90000, 0x00000105b6100000, 0x00000105b6430000]
 total_blobs=9761 nmethods=8903 adapters=769
 compilation: enabled
              stopped_count=0, restarted_count=0
 full_count=0

Compilation events (20 events):
Event: 400.174 Thread 0x00000105d9890a40 10393       3       org.gradle.launcher.daemon.context.DefaultDaemonContext::<init> (68 bytes)
Event: 400.175 Thread 0x00000105d9890a40 nmethod 10393 0x00000105a6b93810 code [0x00000105a6b939e0, 0x00000105a6b93f58]
Event: 400.175 Thread 0x00000105d9890a40 10394       3       org.gradle.launcher.daemon.registry.DaemonInfo$Serializer::read (77 bytes)
Event: 400.176 Thread 0x00000105d9890a40 nmethod 10394 0x00000105a6b92810 code [0x00000105a6b92a60, 0x00000105a6b93478]
Event: 407.441 Thread 0x00000105d9890a40 10395       3       sun.nio.ch.IOStatus::okayToRetry (22 bytes)
Event: 407.441 Thread 0x00000105d9890a40 nmethod 10395 0x00000105a618a910 code [0x00000105a618aaa0, 0x00000105a618ac18]
Event: 407.799 Thread 0x00000105d9890a40 10396       3       java.nio.ByteBuffer::get (54 bytes)
Event: 407.800 Thread 0x00000105d9890a40 nmethod 10396 0x00000105a6b91f10 code [0x00000105a6b92100, 0x00000105a6b925d8]
Event: 407.801 Thread 0x00000105d9890080 10397       4       com.esotericsoftware.kryo.io.Input::readUtf8_slow (255 bytes)
Event: 407.803 Thread 0x00000105d9890a40 10398       1       java.net.InetAddress$InetAddressHolder::getHostName (5 bytes)
Event: 407.803 Thread 0x00000105d9890a40 nmethod 10398 0x00000105b69f0510 code [0x00000105b69f06a0, 0x00000105b69f0778]
Event: 407.815 Thread 0x00000105d9890080 nmethod 10397 0x00000105b69f0810 code [0x00000105b69f09e0, 0x00000105b69f0fd8]
Event: 407.823 Thread 0x00000105d9890080 10399       4       java.util.TreeMap::put (8 bytes)
Event: 407.833 Thread 0x00000105d9890a40 10401       3       org.gradle.internal.dispatch.ProxyDispatchAdapter$DispatchingInvocationHandler::<init> (7 bytes)
Event: 407.834 Thread 0x00000105d9890a40 nmethod 10401 0x00000105a6b91990 code [0x00000105a6b91b40, 0x00000105a6b91dd8]
Event: 407.834 Thread 0x00000105d9890a40 10402       3       org.gradle.internal.dispatch.ProxyDispatchAdapter$DispatchingInvocationHandler::<init> (15 bytes)
Event: 407.835 Thread 0x00000105d9890a40 nmethod 10402 0x00000105a6b91510 code [0x00000105a6b916c0, 0x00000105a6b918f8]
Event: 407.846 Thread 0x00000105d9890a40 10403       3       java.util.concurrent.atomic.AtomicInteger::<init> (10 bytes)
Event: 407.846 Thread 0x00000105d9890a40 nmethod 10403 0x00000105a6b91090 code [0x00000105a6b91240, 0x00000105a6b91418]
Event: 407.846 Thread 0x00000105d9890a40 10404   !   3       java.util.concurrent.SynchronousQueue$TransferStack::transfer (541 bytes)

GC Heap History (20 events):
Event: 49.695 GC heap before
{Heap before GC invocations=18 (full 0):
 garbage-first heap   total 122880K, used 67732K [0x0000000600000000, 0x0000000800000000)
  region size 4096K, 7 young (28672K), 1 survivors (4096K)
 Metaspace       used 51903K, committed 52544K, reserved 1114112K
  class space    used 7247K, committed 7552K, reserved 1048576K
}
Event: 49.698 GC heap after
{Heap after GC invocations=19 (full 0):
 garbage-first heap   total 122880K, used 47236K [0x0000000600000000, 0x0000000800000000)
  region size 4096K, 1 young (4096K), 1 survivors (4096K)
 Metaspace       used 51903K, committed 52544K, reserved 1114112K
  class space    used 7247K, committed 7552K, reserved 1048576K
}
Event: 54.235 GC heap before
{Heap before GC invocations=20 (full 0):
 garbage-first heap   total 122880K, used 96388K [0x0000000600000000, 0x0000000800000000)
  region size 4096K, 13 young (53248K), 1 survivors (4096K)
 Metaspace       used 52867K, committed 53568K, reserved 1114112K
  class space    used 7375K, committed 7680K, reserved 1048576K
}
Event: 54.241 GC heap after
{Heap after GC invocations=21 (full 0):
 garbage-first heap   total 122880K, used 50968K [0x0000000600000000, 0x0000000800000000)
  region size 4096K, 2 young (8192K), 2 survivors (8192K)
 Metaspace       used 52867K, committed 53568K, reserved 1114112K
  class space    used 7375K, committed 7680K, reserved 1048576K
}
Event: 54.253 GC heap before
{Heap before GC invocations=21 (full 0):
 garbage-first heap   total 122880K, used 50968K [0x0000000600000000, 0x0000000800000000)
  region size 4096K, 3 young (12288K), 2 survivors (8192K)
 Metaspace       used 52867K, committed 53568K, reserved 1114112K
  class space    used 7375K, committed 7680K, reserved 1048576K
}
Event: 54.264 GC heap after
{Heap after GC invocations=22 (full 0):
 garbage-first heap   total 122880K, used 50690K [0x0000000600000000, 0x0000000800000000)
  region size 4096K, 1 young (4096K), 1 survivors (4096K)
 Metaspace       used 52867K, committed 53568K, reserved 1114112K
  class space    used 7375K, committed 7680K, reserved 1048576K
}
Event: 54.464 GC heap before
{Heap before GC invocations=22 (full 0):
 garbage-first heap   total 122880K, used 91650K [0x0000000600000000, 0x0000000800000000)
  region size 4096K, 11 young (45056K), 1 survivors (4096K)
 Metaspace       used 52876K, committed 53568K, reserved 1114112K
  class space    used 7375K, committed 7680K, reserved 1048576K
}
Event: 54.465 GC heap after
{Heap after GC invocations=23 (full 0):
 garbage-first heap   total 122880K, used 51573K [0x0000000600000000, 0x0000000800000000)
  region size 4096K, 1 young (4096K), 1 survivors (4096K)
 Metaspace       used 52876K, committed 53568K, reserved 1114112K
  class space    used 7375K, committed 7680K, reserved 1048576K
}
Event: 58.718 GC heap before
{Heap before GC invocations=23 (full 0):
 garbage-first heap   total 122880K, used 96629K [0x0000000600000000, 0x0000000800000000)
  region size 4096K, 12 young (49152K), 1 survivors (4096K)
 Metaspace       used 53299K, committed 54016K, reserved 1114112K
  class space    used 7435K, committed 7744K, reserved 1048576K
}
Event: 58.721 GC heap after
{Heap after GC invocations=24 (full 0):
 garbage-first heap   total 122880K, used 52882K [0x0000000600000000, 0x0000000800000000)
  region size 4096K, 1 young (4096K), 1 survivors (4096K)
 Metaspace       used 53299K, committed 54016K, reserved 1114112K
  class space    used 7435K, committed 7744K, reserved 1048576K
}
Event: 59.957 GC heap before
{Heap before GC invocations=24 (full 0):
 garbage-first heap   total 122880K, used 93842K [0x0000000600000000, 0x0000000800000000)
  region size 4096K, 11 young (45056K), 1 survivors (4096K)
 Metaspace       used 53701K, committed 54464K, reserved 1114112K
  class space    used 7474K, committed 7808K, reserved 1048576K
}
Event: 59.962 GC heap after
{Heap after GC invocations=25 (full 0):
 garbage-first heap   total 122880K, used 57232K [0x0000000600000000, 0x0000000800000000)
  region size 4096K, 2 young (8192K), 2 survivors (8192K)
 Metaspace       used 53701K, committed 54464K, reserved 1114112K
  class space    used 7474K, committed 7808K, reserved 1048576K
}
Event: 62.043 GC heap before
{Heap before GC invocations=25 (full 0):
 garbage-first heap   total 122880K, used 94096K [0x0000000600000000, 0x0000000800000000)
  region size 4096K, 11 young (45056K), 2 survivors (8192K)
 Metaspace       used 53950K, committed 54784K, reserved 1114112K
  class space    used 7488K, committed 7872K, reserved 1048576K
}
Event: 62.049 GC heap after
{Heap after GC invocations=26 (full 0):
 garbage-first heap   total 122880K, used 57381K [0x0000000600000000, 0x0000000800000000)
  region size 4096K, 2 young (8192K), 2 survivors (8192K)
 Metaspace       used 53950K, committed 54784K, reserved 1114112K
  class space    used 7488K, committed 7872K, reserved 1048576K
}
Event: 62.361 GC heap before
{Heap before GC invocations=26 (full 0):
 garbage-first heap   total 122880K, used 94245K [0x0000000600000000, 0x0000000800000000)
  region size 4096K, 11 young (45056K), 2 survivors (8192K)
 Metaspace       used 53969K, committed 54784K, reserved 1114112K
  class space    used 7489K, committed 7872K, reserved 1048576K
}
Event: 62.365 GC heap after
{Heap after GC invocations=27 (full 0):
 garbage-first heap   total 122880K, used 56770K [0x0000000600000000, 0x0000000800000000)
  region size 4096K, 1 young (4096K), 1 survivors (4096K)
 Metaspace       used 53969K, committed 54784K, reserved 1114112K
  class space    used 7489K, committed 7872K, reserved 1048576K
}
Event: 64.205 GC heap before
{Heap before GC invocations=27 (full 0):
 garbage-first heap   total 122880K, used 97730K [0x0000000600000000, 0x0000000800000000)
  region size 4096K, 11 young (45056K), 1 survivors (4096K)
 Metaspace       used 54277K, committed 55104K, reserved 1114112K
  class space    used 7501K, committed 7872K, reserved 1048576K
}
Event: 64.211 GC heap after
{Heap after GC invocations=28 (full 0):
 garbage-first heap   total 266240K, used 57768K [0x0000000600000000, 0x0000000800000000)
  region size 4096K, 2 young (8192K), 2 survivors (8192K)
 Metaspace       used 54277K, committed 55104K, reserved 1114112K
  class space    used 7501K, committed 7872K, reserved 1048576K
}
Event: 378.736 GC heap before
{Heap before GC invocations=28 (full 0):
 garbage-first heap   total 266240K, used 205224K [0x0000000600000000, 0x0000000800000000)
  region size 4096K, 39 young (159744K), 2 survivors (8192K)
 Metaspace       used 55165K, committed 56064K, reserved 1114112K
  class space    used 7592K, committed 8000K, reserved 1048576K
}
Event: 378.786 GC heap after
{Heap after GC invocations=29 (full 0):
 garbage-first heap   total 266240K, used 58282K [0x0000000600000000, 0x0000000800000000)
  region size 4096K, 2 young (8192K), 2 survivors (8192K)
 Metaspace       used 55165K, committed 56064K, reserved 1114112K
  class space    used 7592K, committed 8000K, reserved 1048576K
}

Dll operation events (15 events):
Event: 0.057 Loaded shared library C:\Program Files\Eclipse Adoptium\jdk-17.0.19.10-hotspot\bin\java.dll
Event: 0.107 Loaded shared library C:\Program Files\Eclipse Adoptium\jdk-17.0.19.10-hotspot\bin\jsvml.dll
Event: 0.309 Loaded shared library C:\Program Files\Eclipse Adoptium\jdk-17.0.19.10-hotspot\bin\zip.dll
Event: 0.318 Loaded shared library C:\Program Files\Eclipse Adoptium\jdk-17.0.19.10-hotspot\bin\instrument.dll
Event: 0.357 Loaded shared library C:\Program Files\Eclipse Adoptium\jdk-17.0.19.10-hotspot\bin\net.dll
Event: 0.370 Loaded shared library C:\Program Files\Eclipse Adoptium\jdk-17.0.19.10-hotspot\bin\nio.dll
Event: 0.418 Loaded shared library C:\Program Files\Eclipse Adoptium\jdk-17.0.19.10-hotspot\bin\zip.dll
Event: 1.804 Loaded shared library C:\Program Files\Eclipse Adoptium\jdk-17.0.19.10-hotspot\bin\jimage.dll
Event: 2.554 Loaded shared library C:\Program Files\Eclipse Adoptium\jdk-17.0.19.10-hotspot\bin\verify.dll
Event: 3.211 Loaded shared library C:\Users\admin\.gradle\native\1def1411415f61bf3af743bc5b6707747c0891f09f0c88961ee8f79bc544acac\windows-amd64\native-platform.dll
Event: 3.238 Loaded shared library C:\Users\admin\.gradle\native\0.2.7\x86_64-windows-gnu\gradle-fileevents.dll
Event: 7.986 Loaded shared library C:\Program Files\Eclipse Adoptium\jdk-17.0.19.10-hotspot\bin\management.dll
Event: 7.991 Loaded shared library C:\Program Files\Eclipse Adoptium\jdk-17.0.19.10-hotspot\bin\management_ext.dll
Event: 9.471 Loaded shared library C:\Program Files\Eclipse Adoptium\jdk-17.0.19.10-hotspot\bin\extnet.dll
Event: 10.239 Loaded shared library C:\Program Files\Eclipse Adoptium\jdk-17.0.19.10-hotspot\bin\sunmscapi.dll

Deoptimization events (20 events):
Event: 359.462 Thread 0x0000010622883c20 Uncommon trap: trap_request=0xffffff76 fr.pc=0x00000105b645cfcc relative=0x000000000000070c
Event: 359.462 Thread 0x0000010622883c20 Uncommon trap: reason=predicate action=maybe_recompile pc=0x00000105b645cfcc method=java.util.ComparableTimSort.binarySort([Ljava/lang/Object;III)V @ 34 c2
Event: 359.462 Thread 0x0000010622883c20 DEOPT PACKING pc=0x00000105b645cfcc sp=0x000000022aaf4830
Event: 359.462 Thread 0x0000010622883c20 DEOPT UNPACKING pc=0x00000105b5ee69a3 sp=0x000000022aaf47d8 mode 2
Event: 378.502 Thread 0x0000010622883c20 Uncommon trap: trap_request=0xffffffd6 fr.pc=0x00000105b6843870 relative=0x00000000000003d0
Event: 378.502 Thread 0x0000010622883c20 Uncommon trap: reason=array_check action=maybe_recompile pc=0x00000105b6843870 method=java.util.LinkedHashMap.keysToArray([Ljava/lang/Object;)[Ljava/lang/Object; @ 25 c2
Event: 378.502 Thread 0x0000010622883c20 DEOPT PACKING pc=0x00000105b6843870 sp=0x000000022aaf47b0
Event: 378.502 Thread 0x0000010622883c20 DEOPT UNPACKING pc=0x00000105b5ee69a3 sp=0x000000022aaf4758 mode 2
Event: 379.334 Thread 0x0000010622882cf0 Uncommon trap: trap_request=0xffffff45 fr.pc=0x00000105b664edcc relative=0x000000000000034c
Event: 379.335 Thread 0x0000010622882cf0 Uncommon trap: reason=unstable_if action=reinterpret pc=0x00000105b664edcc method=org.gradle.internal.remote.internal.inet.SocketConnection$SocketOutputStream.writeWithNonBlockingRetry()I @ 13 c2
Event: 379.335 Thread 0x0000010622882cf0 DEOPT PACKING pc=0x00000105b664edcc sp=0x000000022b2feec0
Event: 379.338 Thread 0x0000010622882cf0 DEOPT UNPACKING pc=0x00000105b5ee69a3 sp=0x000000022b2fed70 mode 2
Event: 379.342 Thread 0x0000010622882cf0 Uncommon trap: trap_request=0xffffff45 fr.pc=0x00000105b645b1b0 relative=0x00000000000001f0
Event: 379.342 Thread 0x0000010622882cf0 Uncommon trap: reason=unstable_if action=reinterpret pc=0x00000105b645b1b0 method=java.lang.ThreadLocal.get()Ljava/lang/Object; @ 11 c2
Event: 379.342 Thread 0x0000010622882cf0 DEOPT PACKING pc=0x00000105b645b1b0 sp=0x000000022b2fe810
Event: 379.343 Thread 0x0000010622882cf0 DEOPT UNPACKING pc=0x00000105b5ee69a3 sp=0x000000022b2fe7a8 mode 2
Event: 379.835 Thread 0x0000010622883c20 DEOPT PACKING pc=0x00000105a7149afc sp=0x000000022aafb480
Event: 379.835 Thread 0x0000010622883c20 DEOPT UNPACKING pc=0x00000105b5ee7143 sp=0x000000022aafa870 mode 0
Event: 407.801 Thread 0x000001062287f540 DEOPT PACKING pc=0x00000105a6f9d048 sp=0x0000000228cfe730
Event: 407.802 Thread 0x000001062287f540 DEOPT UNPACKING pc=0x00000105b5ee7143 sp=0x0000000228cfdbf8 mode 0

Classes loaded (20 events):
Event: 52.340 Loading class jdk/internal/math/FormattedFloatingDecimal$Form
Event: 52.340 Loading class jdk/internal/math/FormattedFloatingDecimal$Form done
Event: 52.340 Loading class jdk/internal/math/FormattedFloatingDecimal
Event: 52.340 Loading class jdk/internal/math/FormattedFloatingDecimal done
Event: 52.340 Loading class jdk/internal/math/FormattedFloatingDecimal$1
Event: 52.340 Loading class jdk/internal/math/FormattedFloatingDecimal$1 done
Event: 52.341 Loading class jdk/internal/math/FormattedFloatingDecimal$2
Event: 52.341 Loading class jdk/internal/math/FormattedFloatingDecimal$2 done
Event: 52.341 Loading class sun/text/resources/cldr/FormatData_en
Event: 52.341 Loading class sun/text/resources/cldr/FormatData_en done
Event: 54.539 Loading class jdk/internal/access/foreign/MemorySegmentProxy
Event: 54.540 Loading class jdk/internal/access/foreign/MemorySegmentProxy done
Event: 358.437 Loading class sun/nio/cs/ISO_8859_1$Encoder
Event: 358.439 Loading class sun/nio/cs/ISO_8859_1$Encoder done
Event: 358.478 Loading class sun/nio/cs/Surrogate$Parser
Event: 358.478 Loading class sun/nio/cs/Surrogate$Parser done
Event: 358.478 Loading class sun/nio/cs/Surrogate
Event: 358.479 Loading class sun/nio/cs/Surrogate done
Event: 360.400 Loading class jdk/internal/misc/ScopedMemoryAccess$Scope$Handle
Event: 360.400 Loading class jdk/internal/misc/ScopedMemoryAccess$Scope$Handle done

Classes unloaded (0 events):
No events

Classes redefined (0 events):
No events

Internal exceptions (20 events):
Event: 377.981 Thread 0x0000010622883c20 Exception <a 'sun/nio/fs/WindowsException'{0x00000006077d3880}> (0x00000006077d3880) 
thrown [s\src\hotspot\share\prims\jni.cpp, line 516]
Event: 377.983 Thread 0x0000010622883c20 Exception <a 'sun/nio/fs/WindowsException'{0x00000006077d5548}> (0x00000006077d5548) 
thrown [s\src\hotspot\share\prims\jni.cpp, line 516]
Event: 377.986 Thread 0x0000010622883c20 Exception <a 'sun/nio/fs/WindowsException'{0x00000006077d7200}> (0x00000006077d7200) 
thrown [s\src\hotspot\share\prims\jni.cpp, line 516]
Event: 377.986 Thread 0x0000010622883c20 Exception <a 'sun/nio/fs/WindowsException'{0x00000006077d8aa8}> (0x00000006077d8aa8) 
thrown [s\src\hotspot\share\prims\jni.cpp, line 516]
Event: 378.981 Thread 0x00000106228864a0 Exception <a 'java/io/FileNotFoundException'{0x000000060fc635e0}> (0x000000060fc635e0) 
thrown [s\src\hotspot\share\prims\jni.cpp, line 516]
Event: 378.992 Thread 0x00000106228864a0 Exception <a 'java/io/FileNotFoundException'{0x000000060fcf9718}> (0x000000060fcf9718) 
thrown [s\src\hotspot\share\prims\jni.cpp, line 516]
Event: 379.002 Thread 0x0000010622883c20 Exception <a 'java/io/FileNotFoundException'{0x00000006103b7810}> (0x00000006103b7810) 
thrown [s\src\hotspot\share\prims\jni.cpp, line 516]
Event: 379.002 Thread 0x00000106228864a0 Exception <a 'java/io/FileNotFoundException'{0x000000060fd89158}> (0x000000060fd89158) 
thrown [s\src\hotspot\share\prims\jni.cpp, line 516]
Event: 379.003 Thread 0x0000010622880e90 Exception <a 'java/io/FileNotFoundException'{0x000000060fd2f8e8}> (0x000000060fd2f8e8) 
thrown [s\src\hotspot\share\prims\jni.cpp, line 516]
Event: 379.014 Thread 0x000001062287fa50 Exception <a 'java/io/FileNotFoundException'{0x000000060fc898a0}> (0x000000060fc898a0) 
thrown [s\src\hotspot\share\prims\jni.cpp, line 516]
Event: 379.029 Thread 0x000001062287fa50 Exception <a 'java/io/FileNotFoundException'{0x000000060ff292c8}> (0x000000060ff292c8) 
thrown [s\src\hotspot\share\prims\jni.cpp, line 516]
Event: 379.040 Thread 0x0000010622880e90 Exception <a 'java/io/FileNotFoundException'{0x000000060ffc4940}> (0x000000060ffc4940) 
thrown [s\src\hotspot\share\prims\jni.cpp, line 516]
Event: 379.064 Thread 0x0000010622880e90 Exception <a 'java/io/FileNotFoundException'{0x000000060f823be0}> (0x000000060f823be0) 
thrown [s\src\hotspot\share\prims\jni.cpp, line 516]
Event: 379.083 Thread 0x0000010622880e90 Exception <a 'java/io/FileNotFoundException'{0x000000060f8b3410}> (0x000000060f8b3410) 
thrown [s\src\hotspot\share\prims\jni.cpp, line 516]
Event: 379.090 Thread 0x00000106228864a0 Exception <a 'java/io/FileNotFoundException'{0x000000060f8da628}> (0x000000060f8da628) 
thrown [s\src\hotspot\share\prims\jni.cpp, line 516]
Event: 379.154 Thread 0x00000106228869b0 Exception <a 'java/io/FileNotFoundException'{0x000000060fa119a8}> (0x000000060fa119a8) 
thrown [s\src\hotspot\share\prims\jni.cpp, line 516]
Event: 379.157 Thread 0x0000010622885f90 Exception <a 'java/io/FileNotFoundException'{0x000000060f9fd728}> (0x000000060f9fd728) 
thrown [s\src\hotspot\share\prims\jni.cpp, line 516]
Event: 379.194 Thread 0x0000010622880980 Exception <a 'java/io/FileNotFoundException'{0x000000060fa2ed98}> (0x000000060fa2ed98) 
thrown [s\src\hotspot\share\prims\jni.cpp, line 516]
Event: 379.342 Thread 0x0000010622882cf0 Implicit null exception at 0x00000105b645b000 to 0x00000105b645b19c
Event: 379.863 Thread 0x0000010622883c20 Exception <a 'sun/nio/fs/WindowsException'{0x000000060d6f4d78}> (0x000000060d6f4d78) 
thrown [s\src\hotspot\share\prims\jni.cpp, line 516]

VM Operations (20 events):
Event: 359.484 Executing VM operation: Cleanup
Event: 359.548 Executing VM operation: Cleanup done
Event: 360.555 Executing VM operation: Cleanup
Event: 360.556 Executing VM operation: Cleanup done
Event: 360.903 Executing VM operation: HandshakeAllThreads
Event: 360.919 Executing VM operation: HandshakeAllThreads done
Event: 361.930 Executing VM operation: Cleanup
Event: 361.930 Executing VM operation: Cleanup done
Event: 378.039 Executing VM operation: Cleanup
Event: 378.055 Executing VM operation: Cleanup done
Event: 378.735 Executing VM operation: G1CollectForAllocation
Event: 378.786 Executing VM operation: G1CollectForAllocation done
Event: 379.800 Executing VM operation: Cleanup
Event: 379.816 Executing VM operation: Cleanup done
Event: 380.832 Executing VM operation: Cleanup
Event: 381.042 Executing VM operation: Cleanup done
Event: 385.057 Executing VM operation: Cleanup
Event: 385.057 Executing VM operation: Cleanup done
Event: 391.093 Executing VM operation: Cleanup
Event: 391.093 Executing VM operation: Cleanup done

Memory protections (0 events):
No events

Nmethod flushes (20 events):
Event: 63.891 Thread 0x00000105d98aea60 flushing  nmethod 0x00000105a6e63910
Event: 63.891 Thread 0x00000105d98aea60 flushing  nmethod 0x00000105a6e64490
Event: 63.891 Thread 0x00000105d98aea60 flushing  nmethod 0x00000105a6e65290
Event: 63.891 Thread 0x00000105d98aea60 flushing  nmethod 0x00000105a6e66e90
Event: 63.891 Thread 0x00000105d98aea60 flushing  nmethod 0x00000105a6e68290
Event: 63.891 Thread 0x00000105d98aea60 flushing  nmethod 0x00000105a6e69610
Event: 63.891 Thread 0x00000105d98aea60 flushing  nmethod 0x00000105a6e6db90
Event: 63.891 Thread 0x00000105d98aea60 flushing  nmethod 0x00000105a6e6e290
Event: 63.891 Thread 0x00000105d98aea60 flushing  nmethod 0x00000105a6e72610
Event: 63.891 Thread 0x00000105d98aea60 flushing  nmethod 0x00000105a6e7cd90
Event: 63.891 Thread 0x00000105d98aea60 flushing  nmethod 0x00000105a6e7e410
Event: 63.891 Thread 0x00000105d98aea60 flushing  nmethod 0x00000105a6e85e90
Event: 63.891 Thread 0x00000105d98aea60 flushing  nmethod 0x00000105a6e86a90
Event: 63.891 Thread 0x00000105d98aea60 flushing  nmethod 0x00000105a6e97710
Event: 63.891 Thread 0x00000105d98aea60 flushing  nmethod 0x00000105a6e97e90
Event: 63.892 Thread 0x00000105d98aea60 flushing  nmethod 0x00000105a6edfb90
Event: 63.892 Thread 0x00000105d98aea60 flushing  nmethod 0x00000105a6f3d690
Event: 63.892 Thread 0x00000105d98aea60 flushing  nmethod 0x00000105a6f7e810
Event: 63.892 Thread 0x00000105d98aea60 flushing  nmethod 0x00000105a6f83d90
Event: 63.893 Thread 0x00000105d98aea60 flushing  nmethod 0x00000105a6fe3710

Events (20 events):
Event: 380.620 Thread 0x00000106228869b0 Thread exited: 0x00000106228869b0
Event: 380.620 Thread 0x0000010622885060 Thread exited: 0x0000010622885060
Event: 380.620 Thread 0x0000010622880e90 Thread exited: 0x0000010622880e90
Event: 380.620 Thread 0x0000010622885570 Thread exited: 0x0000010622885570
Event: 380.621 Thread 0x000001062287fa50 Thread exited: 0x000001062287fa50
Event: 380.623 Thread 0x00000106228864a0 Thread exited: 0x00000106228864a0
Event: 380.624 Thread 0x0000010622884640 Thread exited: 0x0000010622884640
Event: 380.624 Thread 0x000001062287f540 Thread exited: 0x000001062287f540
Event: 380.717 Thread 0x0000010622882cf0 Thread exited: 0x0000010622882cf0
Event: 380.718 Thread 0x0000010622757660 Thread exited: 0x0000010622757660
Event: 380.781 Thread 0x00000106227599d0 Thread exited: 0x00000106227599d0
Event: 381.042 Thread 0x0000010622758fb0 Thread exited: 0x0000010622758fb0
Event: 381.044 Thread 0x0000010622758080 Thread exited: 0x0000010622758080
Event: 407.446 Thread 0x00000106228827e0 Thread added: 0x000001062287f540
Event: 407.810 Thread 0x00000106228827e0 Thread added: 0x0000010622880470
Event: 407.825 Thread 0x0000010622883c20 Thread added: 0x0000010622880980
Event: 407.827 Thread 0x0000010622883c20 Thread added: 0x0000010622885f90
Event: 407.827 Thread 0x0000010622883c20 Thread added: 0x00000106228869b0
Event: 407.841 Thread 0x0000010622883c20 Thread added: 0x00000106228818b0
Event: 407.847 Thread 0x0000010622883c20 Thread added: 0x0000010622884130


Dynamic libraries:
0x00007ff7f7450000 - 0x00007ff7f745e000 	C:\Program Files\Eclipse Adoptium\jdk-17.0.19.10-hotspot\bin\java.exe
0x00007ffbf7510000 - 0x00007ffbf7727000 	C:\WINDOWS\SYSTEM32\ntdll.dll
0x00007ffbf6790000 - 0x00007ffbf6854000 	C:\WINDOWS\System32\KERNEL32.DLL
0x00007ffbf47e0000 - 0x00007ffbf4bb2000 	C:\WINDOWS\System32\KERNELBASE.dll
0x00007ffbf46c0000 - 0x00007ffbf47d1000 	C:\WINDOWS\System32\ucrtbase.dll
0x00007ffbebaa0000 - 0x00007ffbebabe000 	C:\Program Files\Eclipse Adoptium\jdk-17.0.19.10-hotspot\bin\VCRUNTIME140.dll
0x00007ffbeba30000 - 0x00007ffbeba48000 	C:\Program Files\Eclipse Adoptium\jdk-17.0.19.10-hotspot\bin\jli.dll
0x00007ffbf52b0000 - 0x00007ffbf5461000 	C:\WINDOWS\System32\USER32.dll
0x00007ffbf4bc0000 - 0x00007ffbf4be6000 	C:\WINDOWS\System32\win32u.dll
0x00007ffbf74a0000 - 0x00007ffbf74c9000 	C:\WINDOWS\System32\GDI32.dll
0x00007ffbf4bf0000 - 0x00007ffbf4d13000 	C:\WINDOWS\System32\gdi32full.dll
0x00007ffbf4d20000 - 0x00007ffbf4dba000 	C:\WINDOWS\System32\msvcp_win.dll
0x00007ffbdee30000 - 0x00007ffbdf0cb000 	C:\WINDOWS\WinSxS\amd64_microsoft.windows.common-controls_6595b64144ccf1df_6.0.22621.5547_none_27104afb73855772\COMCTL32.dll
0x00007ffbf7130000 - 0x00007ffbf71d7000 	C:\WINDOWS\System32\msvcrt.dll
0x00007ffbf6560000 - 0x00007ffbf6591000 	C:\WINDOWS\System32\IMM32.DLL
0x00007ffbebb60000 - 0x00007ffbebb6c000 	C:\Program Files\Eclipse Adoptium\jdk-17.0.19.10-hotspot\bin\vcruntime140_1.dll
0x00007ffbe9260000 - 0x00007ffbe92ed000 	C:\Program Files\Eclipse Adoptium\jdk-17.0.19.10-hotspot\bin\msvcp140.dll
0x00007ffbb4f70000 - 0x00007ffbb5bdc000 	C:\Program Files\Eclipse Adoptium\jdk-17.0.19.10-hotspot\bin\server\jvm.dll
0x00007ffbf7010000 - 0x00007ffbf70c1000 	C:\WINDOWS\System32\ADVAPI32.dll
0x00007ffbf5c00000 - 0x00007ffbf5ca8000 	C:\WINDOWS\System32\sechost.dll
0x00007ffbf5170000 - 0x00007ffbf5198000 	C:\WINDOWS\System32\bcrypt.dll
0x00007ffbf65c0000 - 0x00007ffbf66d4000 	C:\WINDOWS\System32\RPCRT4.dll
0x00007ffbf5230000 - 0x00007ffbf52a1000 	C:\WINDOWS\System32\WS2_32.dll
0x00007ffbf44d0000 - 0x00007ffbf451d000 	C:\WINDOWS\SYSTEM32\POWRPROF.dll
0x00007ffbea780000 - 0x00007ffbea7b4000 	C:\WINDOWS\SYSTEM32\WINMM.dll
0x00007ffbe2020000 - 0x00007ffbe202a000 	C:\WINDOWS\SYSTEM32\VERSION.dll
0x00007ffbf44b0000 - 0x00007ffbf44c3000 	C:\WINDOWS\SYSTEM32\UMPDC.dll
0x00007ffbf35f0000 - 0x00007ffbf3608000 	C:\WINDOWS\SYSTEM32\kernel.appcore.dll
0x00007ffbeba90000 - 0x00007ffbeba9a000 	C:\Program Files\Eclipse Adoptium\jdk-17.0.19.10-hotspot\bin\jimage.dll
0x00007ffbeefa0000 - 0x00007ffbef1d3000 	C:\WINDOWS\SYSTEM32\DBGHELP.DLL
0x00007ffbf6860000 - 0x00007ffbf6bf3000 	C:\WINDOWS\System32\combase.dll
0x00007ffbf6c00000 - 0x00007ffbf6cd7000 	C:\WINDOWS\System32\OLEAUT32.dll
0x00007ffbde5e0000 - 0x00007ffbde612000 	C:\WINDOWS\SYSTEM32\dbgcore.DLL
0x00007ffbf4dc0000 - 0x00007ffbf4e3b000 	C:\WINDOWS\System32\bcryptPrimitives.dll
0x00007ffbec6a0000 - 0x00007ffbec6ae000 	C:\Program Files\Eclipse Adoptium\jdk-17.0.19.10-hotspot\bin\instrument.dll
0x00007ffbe9420000 - 0x00007ffbe9445000 	C:\Program Files\Eclipse Adoptium\jdk-17.0.19.10-hotspot\bin\java.dll
0x00007ffbd3160000 - 0x00007ffbd3237000 	C:\Program Files\Eclipse Adoptium\jdk-17.0.19.10-hotspot\bin\jsvml.dll
0x00007ffbf5cb0000 - 0x00007ffbf6552000 	C:\WINDOWS\System32\SHELL32.dll
0x00007ffbf4fb0000 - 0x00007ffbf50ef000 	C:\WINDOWS\System32\wintypes.dll
0x00007ffbf24e0000 - 0x00007ffbf2dfd000 	C:\WINDOWS\SYSTEM32\windows.storage.dll
0x00007ffbf7310000 - 0x00007ffbf741c000 	C:\WINDOWS\System32\SHCORE.dll
0x00007ffbf54d0000 - 0x00007ffbf5539000 	C:\WINDOWS\System32\shlwapi.dll
0x00007ffbf4530000 - 0x00007ffbf455b000 	C:\WINDOWS\SYSTEM32\profapi.dll
0x00007ffbe9240000 - 0x00007ffbe9258000 	C:\Program Files\Eclipse Adoptium\jdk-17.0.19.10-hotspot\bin\zip.dll
0x00007ffbd8530000 - 0x00007ffbd854a000 	C:\Program Files\Eclipse Adoptium\jdk-17.0.19.10-hotspot\bin\net.dll
0x00007ffbe9e80000 - 0x00007ffbe9fac000 	C:\WINDOWS\SYSTEM32\WINHTTP.dll
0x00007ffbf3a60000 - 0x00007ffbf3ac9000 	C:\WINDOWS\system32\mswsock.dll
0x00007ffbd2ff0000 - 0x00007ffbd3006000 	C:\Program Files\Eclipse Adoptium\jdk-17.0.19.10-hotspot\bin\nio.dll
0x00007ffbe9230000 - 0x00007ffbe9240000 	C:\Program Files\Eclipse Adoptium\jdk-17.0.19.10-hotspot\bin\verify.dll
0x00007ffbdf560000 - 0x00007ffbdf587000 	C:\Users\admin\.gradle\native\1def1411415f61bf3af743bc5b6707747c0891f09f0c88961ee8f79bc544acac\windows-amd64\native-platform.dll
0x00007ffbdf5a0000 - 0x00007ffbdf618000 	C:\Users\admin\.gradle\native\0.2.7\x86_64-windows-gnu\gradle-fileevents.dll
0x00007ffbe9220000 - 0x00007ffbe922a000 	C:\Program Files\Eclipse Adoptium\jdk-17.0.19.10-hotspot\bin\management.dll
0x00007ffbe9210000 - 0x00007ffbe921c000 	C:\Program Files\Eclipse Adoptium\jdk-17.0.19.10-hotspot\bin\management_ext.dll
0x00007ffbf55d0000 - 0x00007ffbf55d8000 	C:\WINDOWS\System32\PSAPI.DLL
0x00007ffbf3060000 - 0x00007ffbf308d000 	C:\WINDOWS\SYSTEM32\IPHLPAPI.DLL
0x00007ffbf65b0000 - 0x00007ffbf65b9000 	C:\WINDOWS\System32\NSI.dll
0x00007ffbea560000 - 0x00007ffbea579000 	C:\WINDOWS\SYSTEM32\dhcpcsvc6.DLL
0x00007ffbea540000 - 0x00007ffbea55f000 	C:\WINDOWS\SYSTEM32\dhcpcsvc.DLL
0x00007ffbf30d0000 - 0x00007ffbf31c8000 	C:\WINDOWS\SYSTEM32\DNSAPI.dll
0x00007ffbe9200000 - 0x00007ffbe9209000 	C:\Program Files\Eclipse Adoptium\jdk-17.0.19.10-hotspot\bin\extnet.dll
0x00007ffbf3db0000 - 0x00007ffbf3dcb000 	C:\WINDOWS\SYSTEM32\CRYPTSP.dll
0x00007ffbf3550000 - 0x00007ffbf3587000 	C:\WINDOWS\system32\rsaenh.dll
0x00007ffbf3b00000 - 0x00007ffbf3b28000 	C:\WINDOWS\SYSTEM32\USERENV.dll
0x00007ffbf3d90000 - 0x00007ffbf3d9c000 	C:\WINDOWS\SYSTEM32\CRYPTBASE.dll
0x00007ffbec690000 - 0x00007ffbec69e000 	C:\Program Files\Eclipse Adoptium\jdk-17.0.19.10-hotspot\bin\sunmscapi.dll
0x00007ffbf4e40000 - 0x00007ffbf4fa7000 	C:\WINDOWS\System32\CRYPT32.dll
0x00007ffbf3ec0000 - 0x00007ffbf3eed000 	C:\WINDOWS\SYSTEM32\ncrypt.dll
0x00007ffbf3e80000 - 0x00007ffbf3eb7000 	C:\WINDOWS\SYSTEM32\NTASN1.dll
0x00007ffbec890000 - 0x00007ffbec898000 	C:\WINDOWS\system32\wshunix.dll

dbghelp: loaded successfully - version: 4.0.5 - missing functions: none
symbol engine: initialized successfully - sym options: 0x614 - pdb path: .;C:\Program Files\Eclipse Adoptium\jdk-17.0.19.10-hotspot\bin;C:\WINDOWS\SYSTEM32;C:\WINDOWS\WinSxS\amd64_microsoft.windows.common-controls_6595b64144ccf1df_6.0.22621.5547_none_27104afb73855772;C:\Program Files\Eclipse Adoptium\jdk-17.0.19.10-hotspot\bin\server;C:\Users\admin\.gradle\native\1def1411415f61bf3af743bc5b6707747c0891f09f0c88961ee8f79bc544acac\windows-amd64;C:\Users\admin\.gradle\native\0.2.7\x86_64-windows-gnu

VM Arguments:
jvm_args: --add-opens=java.base/java.lang=ALL-UNNAMED --add-opens=java.base/java.lang.invoke=ALL-UNNAMED --add-opens=java.base/java.util=ALL-UNNAMED --add-opens=java.prefs/java.util.prefs=ALL-UNNAMED --add-exports=jdk.compiler/com.sun.tools.javac.api=ALL-UNNAMED --add-exports=jdk.compiler/com.sun.tools.javac.util=ALL-UNNAMED --add-opens=java.base/java.util=ALL-UNNAMED --add-opens=java.prefs/java.util.prefs=ALL-UNNAMED --add-opens=java.base/java.nio.charset=ALL-UNNAMED --add-opens=java.base/java.net=ALL-UNNAMED --add-opens=java.base/java.util.concurrent.atomic=ALL-UNNAMED --add-opens=java.xml/javax.xml.namespace=ALL-UNNAMED -XX:MaxMetaspaceSize=4G -XX:ReservedCodeCacheSize=512m -XX:+HeapDumpOnOutOfMemoryError -Xmx8G -Dfile.encoding=UTF-8 -Duser.country=FR -Duser.language=fr -Duser.variant -javaagent:C:\Users\admin\.gradle\wrapper\dists\gradle-8.14-all\c2qonpi39x1mddn7hk5gh9iqj\gradle-8.14\lib\agents\gradle-instrumentation-agent-8.14.jar 
java_command: org.gradle.launcher.daemon.bootstrap.GradleDaemon 8.14
java_class_path (initial): C:\Users\admin\.gradle\wrapper\dists\gradle-8.14-all\c2qonpi39x1mddn7hk5gh9iqj\gradle-8.14\lib\gradle-daemon-main-8.14.jar
Launcher Type: SUN_STANDARD

[Global flags]
     intx CICompilerCount                          = 4                                         {product} {ergonomic}
     uint ConcGCThreads                            = 2                                         {product} {ergonomic}
     uint G1ConcRefinementThreads                  = 8                                         {product} {ergonomic}
   size_t G1HeapRegionSize                         = 4194304                                   {product} {ergonomic}
    uintx GCDrainStackTargetSize                   = 64                                        {product} {ergonomic}
     bool HeapDumpOnOutOfMemoryError               = true                                   {manageable} {command line}
   size_t InitialHeapSize                          = 134217728                                 {product} {ergonomic}
   size_t MarkStackSize                            = 4194304                                   {product} {ergonomic}
   size_t MaxHeapSize                              = 8589934592                                {product} {command line}
   size_t MaxMetaspaceSize                         = 4294967296                                {product} {command line}
   size_t MaxNewSize                               = 5150605312                                {product} {ergonomic}
   size_t MinHeapDeltaBytes                        = 4194304                                   {product} {ergonomic}
   size_t MinHeapSize                              = 8388608                                   {product} {ergonomic}
    uintx NonNMethodCodeHeapSize                   = 5839372                                {pd product} {ergonomic}
    uintx NonProfiledCodeHeapSize                  = 265515770                              {pd product} {ergonomic}
    uintx ProfiledCodeHeapSize                     = 265515770                              {pd product} {ergonomic}
    uintx ReservedCodeCacheSize                    = 536870912                              {pd product} {command line}
     bool SegmentedCodeCache                       = true                                      {product} {ergonomic}
   size_t SoftMaxHeapSize                          = 8589934592                             {manageable} {ergonomic}
   double SweeperThreshold                         = 0.234375                                  {product} {ergonomic}
     bool UseCompressedClassPointers               = true                           {product lp64_product} {ergonomic}
     bool UseCompressedOops                        = true                           {product lp64_product} {ergonomic}
     bool UseG1GC                                  = true                                      {product} {ergonomic}
     bool UseLargePagesIndividualAllocation        = false                                  {pd product} {ergonomic}

Logging:
Log output configuration:
 #0: stdout all=warning uptime,level,tags
 #1: stderr all=off uptime,level,tags

Environment Variables:
JAVA_HOME=C:\Program Files\Eclipse Adoptium\jdk-25.0.1.8-hotspot
PATH=C:\Program Files\Eclipse Adoptium\jdk-17.0.19.10-hotspot\bin;C:\Program Files (x86)\VMware\VMware Workstation\bin\;C:\Program Files\Python312\Scripts\;C:\Program Files\Python312\;C:\WINDOWS\system32;C:\WINDOWS;C:\WINDOWS\System32\Wbem;C:\WINDOWS\System32\WindowsPowerShell\v1.0\;C:\WINDOWS\System32\OpenSSH\;C:\Program Files (x86)\Microsoft SQL Server\160\Tools\Binn\;C:\Program Files\Microsoft SQL Server\160\Tools\Binn\;C:\Program Files\Microsoft SQL Server\Client SDK\ODBC\170\Tools\Binn\;C:\Program Files\Microsoft SQL Server\160\DTS\Binn\;C:\Program Files (x86)\Microsoft SQL Server\160\DTS\Binn\;C:\Windows\system32\python;C:\sqlite3;C:\Program Files\nodejs\;C:\MinGW\bin;C:\curl\bin;C:\curl\include;C:\MinGW;C:\MinGW\lib;C:\GnuWin32\bin;C:\OpenSSL-Win64\bin;C:\Program Files\PostgreSQL\17\bin;C:\Program Files\Eclipse Adoptium\jdk-25.0.1.8-hotspot\bin;C:\Program Files\Heroku\bin;C:\Program Files\Git\cmd;C:\Program Files (x86)\VMware\VMware Workstation\bin\;C:\Program Files\Python312\Scripts\;C:\Program Files\Python312\;C:\WINDOWS\system32;C:\WINDOWS;C:\WINDOWS\System32\Wbem;C:\WINDOWS\System32\WindowsPowerShell\v1.0\;C:\WINDOWS\System32\OpenSSH\;C:\Program Files (x86)\Microsoft SQL Server\160\Tools\Binn\;C:\Program Files\Microsoft SQL Server\160\Tools\Binn\;C:\Program Files\Microsoft SQL Server\Client SDK\ODBC\170\Tools\Binn\;C:\Program Files\Microsoft SQL Server\160\DTS\Binn\;C:\Program Files (x86)\Microsoft SQL Server\160\DTS\Binn\;C:\Windows\system32\python;C:\sqlite3;C:\Program Files\nodejs\;C:\MinGW\bin;C:\curl\bin;C:\curl\include;C:\MinGW;C:\MinGW\lib;C:\GnuWin32\bin;C:\OpenSSL-Win64\bin;C:\Program Files\PostgreSQL\17\bin;C:\Program Files\Eclipse Adoptium\jdk-25.0.1.8-hotspot\bin;C:\Program Files\Git\cmd;C:\Program Files\Docker\Docker\resources\bin;C:\Program Files\Heroku\bin;C:\Users\admin\AppData\Local\Programs\Microsoft VS Code;C:\Program Files\P;C:\flutter\bin\flutter;C:\flutter\bin;C:\Users\admin\AppData\Local\Programs\Microsoft VS Code\bin
USERNAME=admin
OS=Windows_NT
PROCESSOR_IDENTIFIER=Intel64 Family 6 Model 142 Stepping 10, GenuineIntel
TMP=C:\Users\admin\AppData\Local\Temp
TEMP=C:\Users\admin\AppData\Local\Temp



Periodic native trim disabled


---------------  S Y S T E M  ---------------

OS:
 Windows 11 , 64 bit Build 22621 (10.0.22621.5415)
OS uptime: 0 days 1:38 hours
Hyper-V role detected

CPU: total 8 (initial active 8) (4 cores per cpu, 2 threads per core) family 6 model 142 stepping 10 microcode 0xf4, cx8, cmov, fxsr, ht, mmx, 3dnowpref, sse, sse2, sse3, ssse3, sse4.1, sse4.2, popcnt, lzcnt, tsc, tscinvbit, avx, avx2, aes, erms, clmul, bmi1, bmi2, rtm, adx, fma, vzeroupper, clflush, clflushopt, hv
Processor Information for all 8 processors :
  Max Mhz: 1896, Current Mhz: 1696, Mhz Limit: 1687

Memory: 4k page, system-wide physical 8070M (428M free)
TotalPageFile size 16142M (AvailPageFile size 0M)
current process WorkingSet (physical memory assigned to process): 281M, peak: 353M
current process commit charge ("private bytes"): 474M, peak: 501M

vm_info: OpenJDK 64-Bit Server VM (17.0.19+10) for windows-amd64 JRE (17.0.19+10), built on Apr 25 2026 08:04:44 by "admin" with MS VC++ 17.12 (VS2022)

END.
