#
# A fatal error has been detected by the Java Runtime Environment:
#
#  EXCEPTION_STACK_OVERFLOW (0xc00000fd) at pc=0x00007ffb2fa06793, pid=3348, tid=12308
#
# JRE version: OpenJDK Runtime Environment Temurin-21.0.11+10 (21.0.11+10) (build 21.0.11+10-LTS)
# Java VM: OpenJDK 64-Bit Server VM Temurin-21.0.11+10 (21.0.11+10-LTS, mixed mode, sharing, tiered, compressed oops, compressed class ptrs, parallel gc, windows-amd64)
# Problematic frame:
# V  [jvm.dll+0x3e6793]
#
# No core dump will be written. Minidumps are not enabled by default on client versions of Windows
#


#Time: Sun Jul  5 20:22:22 2026 elapsed time: 354.049220 seconds (0d 0h 5m 54s)

---------------  T H R E A D  ---------------

Current thread (0x0000027d17054330):  JavaThread "Connection worker"        [_thread_in_vm, id=12308, stack(0x000000991a100000,0x000000991a200000) (1024K)]

Stack: [0x000000991a100000,0x000000991a200000],  sp=0x000000991a1ff3a0,  free space=1020k
Native frames: (J=compiled Java code, j=interpreted, Vv=VM code, C=native code)
V  [jvm.dll+0x3e6793]
V  [jvm.dll+0x6d7d32]
V  [jvm.dll+0x3e73fb]
V  [jvm.dll+0x3e7687]
V  [jvm.dll+0x47a126]
V  [jvm.dll+0x3f868e]
V  [jvm.dll+0x85fb0d]
