#
# There is insufficient memory for the Java Runtime Environment to continue.
# Native memory allocation (malloc) failed to allocate 2503440 bytes. Error detail: Chunk::new
# Possible reasons:
#   The system is out of physical RAM or swap space
#   This process is running with CompressedOops enabled, and the Java Heap may be blocking the growth of the native heap
# Possible solutions:
#   Reduce memory load on the system
#   Increase physical memory or swap space
#   Check if swap backing store is full
#   Decrease Java heap size (-Xmx/-Xms)
#   Decrease number of Java threads
#   Decrease Java thread stack sizes (-Xss)
#   Set larger code cache with -XX:ReservedCodeCacheSize=
#   JVM is running with Zero Based Compressed Oops mode in which the Java heap is
#     placed in the first 32GB address space. The Java Heap base address is the
#     maximum limit for the native heap growth. Please use -XX:HeapBaseMinAddress
#     to set the Java Heap base and to place the Java Heap above 32GB virtual address.
# This output file may be truncated or incomplete.
#
#  Out of Memory Error (arena.cpp:191), pid=2892, tid=18852
#
# JRE version: OpenJDK Runtime Environment Temurin-17.0.19+10 (17.0.19+10) (build 17.0.19+10)
# Java VM: OpenJDK 64-Bit Server VM Temurin-17.0.19+10 (17.0.19+10, mixed mode, sharing, tiered, compressed oops, compressed class ptrs, g1 gc, windows-amd64)
# No core dump will be written. Minidumps are not enabled by default on client versions of Windows
#

---------------  S U M M A R Y ------------

Command Line: --add-opens=java.base/java.lang=ALL-UNNAMED --add-opens=java.base/java.lang.invoke=ALL-UNNAMED --add-opens=java.base/java.util=ALL-UNNAMED --add-opens=java.prefs/java.util.prefs=ALL-UNNAMED --add-exports=jdk.compiler/com.sun.tools.javac.api=ALL-UNNAMED --add-exports=jdk.compiler/com.sun.tools.javac.util=ALL-UNNAMED --add-opens=java.base/java.util=ALL-UNNAMED --add-opens=java.prefs/java.util.prefs=ALL-UNNAMED --add-opens=java.base/java.nio.charset=ALL-UNNAMED --add-opens=java.base/java.net=ALL-UNNAMED --add-opens=java.base/java.util.concurrent.atomic=ALL-UNNAMED --add-opens=java.xml/javax.xml.namespace=ALL-UNNAMED -XX:MaxMetaspaceSize=4G -XX:ReservedCodeCacheSize=512m -XX:+HeapDumpOnOutOfMemoryError -Xmx8G -Dfile.encoding=UTF-8 -Duser.country=FR -Duser.language=fr -Duser.variant -javaagent:C:\Users\admin\.gradle\wrapper\dists\gradle-8.14-all\c2qonpi39x1mddn7hk5gh9iqj\gradle-8.14\lib\agents\gradle-instrumentation-agent-8.14.jar org.gradle.launcher.daemon.bootstrap.GradleDaemon 8.14

Host: Intel(R) Core(TM) i5-8350U CPU @ 1.70GHz, 8 cores, 7G,  Windows 11 , 64 bit Build 22621 (10.0.22621.5415)
Time: Sun Sep 20 14:56:03 2026 Paris, Madrid (heure duild 22621 (10.0.22621.5415) elapsed time: 20.926195 seconds (0d 0h 0m 20s)

---------------  T H R E A D  ---------------

Current thread (0x0000015f7d4cf960):  JavaThread "C2 CompilerThread0" daemon [_thread_in_native, id=18852, stack(0x0000000ebde00000,0x0000000ebdf00000)]


Current CompileTask:
C2:20926 3448   !   4       java.lang.ClassLoader::loadClass (121 bytes)

Stack: [0x0000000ebde00000,0x0000000ebdf00000]
Native frames: (J=compiled Java code, j=interpreted, Vv=VM code, C=native code)
V  [jvm.dll+0x684b29]
V  [jvm.dll+0x83a2d5]
V  [jvm.dll+0x83bd4e]
V  [jvm.dll+0x83c3d3]
V  [jvm.dll+0x24905f]
V  [jvm.dll+0xad536]
V  [jvm.dll+0xadbdc]
V  [jvm.dll+0x368d9e]
V  [jvm.dll+0x1bc4c9]
V  [jvm.dll+0x219fc0]
V  [jvm.dll+0x2192af]
V  [jvm.dll+0x1a49f0]
V  [jvm.dll+0x2299fa]
V  [jvm.dll+0x227bab]
V  [jvm.dll+0x7f0a88]
V  [jvm.dll+0x7eaf1c]
V  [jvm.dll+0x6839f7]
C  [ucrtbase.dll+0x29333]
C  [KERNEL32.DLL+0x1259d]
C  [ntdll.dll+0x5af78]


---------------  P R O C E S S  ---------------

Threads class SMR info:
_java_thread_list=0x0000015fc95cc710, length=35, elements={
0x0000015f6a223240, 0x0000015f7d4b65c0, 0x0000015f7d4b8510, 0x0000015f7d4caa00,
0x0000015f7d4caee0, 0x0000015f7d4cd3d0, 0x0000015f7d4cecb0, 0x0000015f7d4cf960,
0x0000015f7d4d2ad0, 0x0000015f7d4deb00, 0x0000015fc50eb610, 0x0000015fc51cf100,
0x0000015fc5f6da10, 0x0000015fc5fb2d30, 0x0000015fc54a5a00, 0x0000015fc61be390,
0x0000015fc55d6090, 0x0000015fc507b970, 0x0000015fc507af50, 0x0000015fc5079b10,
0x0000015fc507b460, 0x0000015fc507a020, 0x0000015fc507be80, 0x0000015fc5078be0,
0x0000015fc507a530, 0x0000015fc507c390, 0x0000015fc5079600, 0x0000015fc507aa40,
0x0000015fc65ee8f0, 0x0000015fc65ed4b0, 0x0000015fc65eca90, 0x0000015fc65f1680,
0x0000015fc65f34e0, 0x0000015fc65efd30, 0x0000015fc65f1170
}

Java Threads: ( => current thread )
  0x0000015f6a223240 JavaThread "main" [_thread_blocked, id=15212, stack(0x0000000ebd100000,0x0000000ebd200000)]
  0x0000015f7d4b65c0 JavaThread "Reference Handler" daemon [_thread_blocked, id=13332, stack(0x0000000ebd800000,0x0000000ebd900000)]
  0x0000015f7d4b8510 JavaThread "Finalizer" daemon [_thread_blocked, id=3460, stack(0x0000000ebd900000,0x0000000ebda00000)]
  0x0000015f7d4caa00 JavaThread "Signal Dispatcher" daemon [_thread_blocked, id=2420, stack(0x0000000ebda00000,0x0000000ebdb00000)]
  0x0000015f7d4caee0 JavaThread "Attach Listener" daemon [_thread_blocked, id=17796, stack(0x0000000ebdb00000,0x0000000ebdc00000)]
  0x0000015f7d4cd3d0 JavaThread "Service Thread" daemon [_thread_blocked, id=11080, stack(0x0000000ebdc00000,0x0000000ebdd00000)]
  0x0000015f7d4cecb0 JavaThread "Monitor Deflation Thread" daemon [_thread_blocked, id=2340, stack(0x0000000ebdd00000,0x0000000ebde00000)]
=>0x0000015f7d4cf960 JavaThread "C2 CompilerThread0" daemon [_thread_in_native, id=18852, stack(0x0000000ebde00000,0x0000000ebdf00000)]
  0x0000015f7d4d2ad0 JavaThread "C1 CompilerThread0" daemon [_thread_blocked, id=18764, stack(0x0000000ebdf00000,0x0000000ebe000000)]
  0x0000015f7d4deb00 JavaThread "Sweeper thread" daemon [_thread_blocked, id=4772, stack(0x0000000ebe000000,0x0000000ebe100000)]
  0x0000015fc50eb610 JavaThread "Common-Cleaner" daemon [_thread_blocked, id=4388, stack(0x0000000ebe100000,0x0000000ebe200000)]
  0x0000015fc51cf100 JavaThread "Notification Thread" daemon [_thread_blocked, id=8180, stack(0x0000000ebe200000,0x0000000ebe300000)]
  0x0000015fc5f6da10 JavaThread "Daemon health stats" [_thread_blocked, id=1540, stack(0x0000000ebe800000,0x0000000ebe900000)]
  0x0000015fc5fb2d30 JavaThread "Incoming local TCP Connector on port 59758" [_thread_in_native, id=8108, stack(0x0000000ebe900000,0x0000000ebea00000)]
  0x0000015fc54a5a00 JavaThread "Daemon periodic checks" [_thread_blocked, id=10964, stack(0x0000000ebea00000,0x0000000ebeb00000)]
  0x0000015fc61be390 JavaThread "Daemon" [_thread_blocked, id=7580, stack(0x0000000ebeb00000,0x0000000ebec00000)]
  0x0000015fc55d6090 JavaThread "Handler for socket connection from /127.0.0.1:59758 to /127.0.0.1:59759" [_thread_in_native, id=2724, stack(0x0000000ebec00000,0x0000000ebed00000)]
  0x0000015fc507b970 JavaThread "Cancel handler" [_thread_blocked, id=16664, stack(0x0000000ebed00000,0x0000000ebee00000)]
  0x0000015fc507af50 JavaThread "Daemon worker" [_thread_in_vm, id=17600, stack(0x0000000ebee00000,0x0000000ebef00000)]
  0x0000015fc5079b10 JavaThread "Asynchronous log dispatcher for DefaultDaemonConnection: socket connection from /127.0.0.1:59758 to /127.0.0.1:59759" [_thread_blocked, id=18784, stack(0x0000000ebef00000,0x0000000ebf000000)]
  0x0000015fc507b460 JavaThread "Stdin handler" [_thread_blocked, id=5808, stack(0x0000000ebf000000,0x0000000ebf100000)]
  0x0000015fc507a020 JavaThread "Daemon client event forwarder" [_thread_blocked, id=16388, stack(0x0000000ebf100000,0x0000000ebf200000)]
  0x0000015fc507be80 JavaThread "Cache worker for journal cache (C:\Users\admin\.gradle\caches\journal-1)" [_thread_blocked, id=16772, stack(0x0000000ebf200000,0x0000000ebf300000)]
  0x0000015fc5078be0 JavaThread "File lock request listener" [_thread_in_native, id=16680, stack(0x0000000ebf300000,0x0000000ebf400000)]
  0x0000015fc507a530 JavaThread "Cache worker for file hash cache (C:\Users\admin\.gradle\caches\8.14\fileHashes)" [_thread_blocked, id=16280, stack(0x0000000ebf400000,0x0000000ebf500000)]
  0x0000015fc507c390 JavaThread "File lock release action executor" [_thread_blocked, id=12036, stack(0x0000000ebf500000,0x0000000ebf600000)]
  0x0000015fc5079600 JavaThread "Cache worker for file hash cache (C:\Users\admin\Downloads\livreurs-pro\flutter\flutter\examples\flutter_view\android\.gradle\8.14\fileHashes)" [_thread_blocked, id=11776, stack(0x0000000ebf900000,0x0000000ebfa00000)]
  0x0000015fc507aa40 JavaThread "Cache worker for Build Output Cleanup Cache (C:\Users\admin\Downloads\livreurs-pro\flutter\flutter\examples\flutter_view\android\.gradle\buildOutputCleanup)" [_thread_blocked, id=3080, stack(0x0000000ebfa00000,0x0000000ebfb00000)]
  0x0000015fc65ee8f0 JavaThread "File watcher server" daemon [_thread_in_native, id=11604, stack(0x0000000ebfd00000,0x0000000ebfe00000)]
  0x0000015fc65ed4b0 JavaThread "File watcher consumer" daemon [_thread_blocked, id=19344, stack(0x0000000ebfe00000,0x0000000ebff00000)]
  0x0000015fc65eca90 JavaThread "jar transforms" [_thread_blocked, id=15848, stack(0x0000000ebff00000,0x0000000ec0000000)]
  0x0000015fc65f1680 JavaThread "jar transforms Thread 2" [_thread_blocked, id=3476, stack(0x0000000ec0000000,0x0000000ec0100000)]
  0x0000015fc65f34e0 JavaThread "jar transforms Thread 3" [_thread_blocked, id=16300, stack(0x0000000ec0100000,0x0000000ec0200000)]
  0x0000015fc65efd30 JavaThread "jar transforms Thread 4" [_thread_blocked, id=13704, stack(0x0000000ebfc00000,0x0000000ebfd00000)]
  0x0000015fc65f1170 JavaThread "jar transforms Thread 5" [_thread_blocked, id=8284, stack(0x0000000ec0200000,0x0000000ec0300000)]

Other Threads:
  0x0000015f7d4b2cc0 VMThread "VM Thread" [stack: 0x0000000ebd700000,0x0000000ebd800000] [id=7252]
  0x0000015f6a223fd0 WatcherThread [stack: 0x0000000ebe300000,0x0000000ebe400000] [id=11900]
  0x0000015f6a2cec30 GCTaskThread "GC Thread#0" [stack: 0x0000000ebd200000,0x0000000ebd300000] [id=19148]
  0x0000015fc531fab0 GCTaskThread "GC Thread#1" [stack: 0x0000000ebe500000,0x0000000ebe600000] [id=2108]
  0x0000015fc577b410 GCTaskThread "GC Thread#2" [stack: 0x0000000ebe600000,0x0000000ebe700000] [id=3404]
  0x0000015fc56e4b50 GCTaskThread "GC Thread#3" [stack: 0x0000000ebe400000,0x0000000ebe500000] [id=19220]
  0x0000015fc56e45d0 GCTaskThread "GC Thread#4" [stack: 0x0000000ebe700000,0x0000000ebe800000] [id=18840]
  0x0000015fc56e50d0 GCTaskThread "GC Thread#5" [stack: 0x0000000ebf600000,0x0000000ebf700000] [id=12936]
  0x0000015fc56e5910 GCTaskThread "GC Thread#6" [stack: 0x0000000ebf700000,0x0000000ebf800000] [id=4128]
  0x0000015fc56e5390 GCTaskThread "GC Thread#7" [stack: 0x0000000ebf800000,0x0000000ebf900000] [id=18424]
  0x0000015f7d301cb0 ConcurrentGCThread "G1 Main Marker" [stack: 0x0000000ebd300000,0x0000000ebd400000] [id=19104]
  0x0000015f7d3025e0 ConcurrentGCThread "G1 Conc#0" [stack: 0x0000000ebd400000,0x0000000ebd500000] [id=16064]
  0x0000015fc56e5650 ConcurrentGCThread "G1 Conc#1" [stack: 0x0000000ebfb00000,0x0000000ebfc00000] [id=2216]
  0x0000015f7d36a8b0 ConcurrentGCThread "G1 Refine#0" [stack: 0x0000000ebd500000,0x0000000ebd600000] [id=12008]
  0x0000015f7d36ba00 ConcurrentGCThread "G1 Service" [stack: 0x0000000ebd600000,0x0000000ebd700000] [id=14464]

Threads with active compile tasks:
C2 CompilerThread0  20984 3448   !   4       java.lang.ClassLoader::loadClass (121 bytes)

VM state: not at safepoint (normal execution)

VM Mutex/Monitor currently owned by a thread: None

Heap address: 0x0000000600000000, size: 8192 MB, Compressed Oops mode: Zero based, Oop shift amount: 3

CDS archive(s) mapped at: [0x0000015f80000000-0x0000015f80bb0000-0x0000015f80bb0000), size 12255232, SharedBaseAddress: 0x0000015f80000000, ArchiveRelocationMode: 1.
Compressed class space mapped at: 0x0000015f81000000-0x0000015fc1000000, reserved size: 1073741824
Narrow klass base: 0x0000015f80000000, Narrow klass shift: 0, Narrow klass range: 0x100000000

GC Precious Log:
 CPUs: 8 total, 8 available
 Memory: 8070M
 Large Page Support: Disabled
 NUMA Support: Disabled
 Compressed Oops: Enabled (Zero based)
 Heap Region Size: 4M
 Heap Min Capacity: 8M
 Heap Initial Capacity: 128M
 Heap Max Capacity: 8G
 Pre-touch: Disabled
 Parallel Workers: 8
 Concurrent Workers: 2
 Concurrent Refinement Workers: 8
 Periodic GC: Disabled

Heap:
 garbage-first heap   total 98304K, used 32448K [0x0000000600000000, 0x0000000800000000)
  region size 4096K, 4 young (16384K), 2 survivors (8192K)
 Metaspace       used 28972K, committed 29440K, reserved 1114112K
  class space    used 4253K, committed 4480K, reserved 1048576K

Heap Regions: E=young(eden), S=young(survivor), O=old, HS=humongous(starts), HC=humongous(continues), CS=collection set, F=free, OA=open archive, CA=closed archive, TAMS=top-at-mark-start (previous, next)
|   0|0x0000000600000000, 0x0000000600400000, 0x0000000600400000|100%|HS|  |TAMS 0x0000000600400000, 0x0000000600000000| Complete 
|   1|0x0000000600400000, 0x0000000600800000, 0x0000000600800000|100%| O|  |TAMS 0x0000000600800000, 0x0000000600400000| Untracked 
|   2|0x0000000600800000, 0x0000000600c00000, 0x0000000600c00000|100%| O|  |TAMS 0x0000000600b71400, 0x0000000600800000| Untracked 
|   3|0x0000000600c00000, 0x0000000600ff9e00, 0x0000000601000000| 99%| O|  |TAMS 0x0000000600c00000, 0x0000000600c00000| Untracked 
|   4|0x0000000601000000, 0x0000000601400000, 0x0000000601400000|100%| O|  |TAMS 0x0000000601000000, 0x0000000601000000| Untracked 
|   5|0x0000000601400000, 0x00000006014ccc00, 0x0000000601800000| 19%| O|  |TAMS 0x0000000601400000, 0x0000000601400000| Untracked 
|   6|0x0000000601800000, 0x0000000601ae99c0, 0x0000000601c00000| 72%| S|CS|TAMS 0x0000000601800000, 0x0000000601800000| Complete 
|   7|0x0000000601c00000, 0x0000000602000000, 0x0000000602000000|100%| S|CS|TAMS 0x0000000601c00000, 0x0000000601c00000| Complete 
|   8|0x0000000602000000, 0x0000000602000000, 0x0000000602400000|  0%| F|  |TAMS 0x0000000602000000, 0x0000000602000000| Untracked 
|   9|0x0000000602400000, 0x0000000602400000, 0x0000000602800000|  0%| F|  |TAMS 0x0000000602400000, 0x0000000602400000| Untracked 
|  10|0x0000000602800000, 0x0000000602800000, 0x0000000602c00000|  0%| F|  |TAMS 0x0000000602800000, 0x0000000602800000| Untracked 
|  11|0x0000000602c00000, 0x0000000602c00000, 0x0000000603000000|  0%| F|  |TAMS 0x0000000602c00000, 0x0000000602c00000| Untracked 
|  12|0x0000000603000000, 0x0000000603000000, 0x0000000603400000|  0%| F|  |TAMS 0x0000000603000000, 0x0000000603000000| Untracked 
|  13|0x0000000603400000, 0x0000000603400000, 0x0000000603800000|  0%| F|  |TAMS 0x0000000603400000, 0x0000000603400000| Untracked 
|  14|0x0000000603800000, 0x0000000603800000, 0x0000000603c00000|  0%| F|  |TAMS 0x0000000603800000, 0x0000000603800000| Untracked 
|  15|0x0000000603c00000, 0x0000000603c00000, 0x0000000604000000|  0%| F|  |TAMS 0x0000000603c00000, 0x0000000603c00000| Untracked 
|  16|0x0000000604000000, 0x0000000604000000, 0x0000000604400000|  0%| F|  |TAMS 0x0000000604000000, 0x0000000604000000| Untracked 
|  17|0x0000000604400000, 0x0000000604400000, 0x0000000604800000|  0%| F|  |TAMS 0x0000000604400000, 0x0000000604400000| Untracked 
|  18|0x0000000604800000, 0x0000000604800000, 0x0000000604c00000|  0%| F|  |TAMS 0x0000000604800000, 0x0000000604800000| Untracked 
|  19|0x0000000604c00000, 0x0000000604c00000, 0x0000000605000000|  0%| F|  |TAMS 0x0000000604c00000, 0x0000000604c00000| Untracked 
|  20|0x0000000605000000, 0x0000000605000000, 0x0000000605400000|  0%| F|  |TAMS 0x0000000605000000, 0x0000000605000000| Untracked 
|  21|0x0000000605400000, 0x0000000605400000, 0x0000000605800000|  0%| F|  |TAMS 0x0000000605400000, 0x0000000605400000| Untracked 
|  22|0x0000000605800000, 0x00000006059a13d8, 0x0000000605c00000| 40%| E|  |TAMS 0x0000000605800000, 0x0000000605800000| Complete 
|  31|0x0000000607c00000, 0x0000000608000000, 0x0000000608000000|100%| E|CS|TAMS 0x0000000607c00000, 0x0000000607c00000| Complete 

Card table byte_map: [0x0000015f732f0000,0x0000015f742f0000] _byte_map_base: 0x0000015f702f0000

Marking Bits (Prev, Next): (CMBitMap*) 0x0000015f7d2f13c0, (CMBitMap*) 0x0000015f7d2f1380
 Prev Bits: [0x0000015f20000000, 0x0000015f28000000)
 Next Bits: [0x0000015f752f0000, 0x0000015f7d2f0000)

Polling page: 0x0000015f68150000

Metaspace:

Usage:
  Non-class:     24.14 MB used.
      Class:      4.15 MB used.
       Both:     28.29 MB used.

Virtual space:
  Non-class space:       64.00 MB reserved,      24.38 MB ( 38%) committed,  1 nodes.
      Class space:        1.00 GB reserved,       4.38 MB ( <1%) committed,  1 nodes.
             Both:        1.06 GB reserved,      28.75 MB (  3%) committed. 

Chunk freelists:
   Non-Class:  7.14 MB
       Class:  11.58 MB
        Both:  18.72 MB

MaxMetaspaceSize: 4.00 GB
CompressedClassSpaceSize: 1.00 GB
Initial GC threshold: 21.00 MB
Current GC threshold: 35.25 MB
CDS: on
MetaspaceReclaimPolicy: balanced
 - commit_granule_bytes: 65536.
 - commit_granule_words: 8192.
 - virtual_space_node_default_size: 8388608.
 - enlarge_chunks_in_place: 1.
 - new_chunks_are_fully_committed: 0.
 - uncommit_free_chunks: 1.
 - use_allocation_guard: 0.
 - handle_deallocations: 1.


Internal statistics:

num_allocs_failed_limit: 3.
num_arena_births: 446.
num_arena_deaths: 0.
num_vsnodes_births: 2.
num_vsnodes_deaths: 0.
num_space_committed: 460.
num_space_uncommitted: 0.
num_chunks_returned_to_freelist: 3.
num_chunks_taken_from_freelist: 1588.
num_chunk_merges: 3.
num_chunk_splits: 1004.
num_chunks_enlarged: 651.
num_inconsistent_stats: 0.

CodeHeap 'non-profiled nmethods': size=259264Kb used=2182Kb max_used=2182Kb free=257081Kb
 bounds [0x0000015f102d0000, 0x0000015f10540000, 0x0000015f20000000]
CodeHeap 'profiled nmethods': size=259264Kb used=7336Kb max_used=7336Kb free=251928Kb
 bounds [0x0000015f00000000, 0x0000015f00730000, 0x0000015f0fd30000]
CodeHeap 'non-nmethods': size=5760Kb used=1260Kb max_used=1340Kb free=4500Kb
 bounds [0x0000015f0fd30000, 0x0000015f0ffa0000, 0x0000015f102d0000]
 total_blobs=4053 nmethods=3480 adapters=485
 compilation: enabled
              stopped_count=0, restarted_count=0
 full_count=0

Compilation events (20 events):
Event: 20.473 Thread 0x0000015f7d4d2ad0 3477   !   3       jdk.internal.loader.Resource::getBytes (244 bytes)
Event: 20.475 Thread 0x0000015f7d4d2ad0 nmethod 3477 0x0000015f0071b910 code [0x0000015f0071bc20, 0x0000015f0071d068]
Event: 20.476 Thread 0x0000015f7d4d2ad0 3478       3       java.lang.Class::getConstructor0 (83 bytes)
Event: 20.477 Thread 0x0000015f7d4d2ad0 nmethod 3478 0x0000015f0071d910 code [0x0000015f0071dba0, 0x0000015f0071e618]
Event: 20.489 Thread 0x0000015f7d4d2ad0 3479   !   3       java.net.URLClassLoader::defineClass (224 bytes)
Event: 20.497 Thread 0x0000015f7d4d2ad0 nmethod 3479 0x0000015f0071eb10 code [0x0000015f0071ef20, 0x0000015f00720b58]
Event: 20.542 Thread 0x0000015f7d4d2ad0 3483 % !   3       java.util.jar.Attributes::read @ 214 (494 bytes)
Event: 20.549 Thread 0x0000015f7d4d2ad0 nmethod 3483% 0x0000015f00721510 code [0x0000015f00721d00, 0x0000015f00725fe8]
Event: 20.560 Thread 0x0000015f7d4d2ad0 3484       3       java.util.zip.ZipFile$ZipEntryIterator::hasMoreElements (5 bytes)
Event: 20.561 Thread 0x0000015f7d4d2ad0 nmethod 3484 0x0000015f00727a10 code [0x0000015f00727bc0, 0x0000015f00727d98]
Event: 20.561 Thread 0x0000015f7d4d2ad0 3486       3       java.util.zip.ZipFile$ZipEntryIterator::hasNext (17 bytes)
Event: 20.561 Thread 0x0000015f7d4d2ad0 nmethod 3486 0x0000015f00727e90 code [0x0000015f00728020, 0x0000015f00728198]
Event: 20.561 Thread 0x0000015f7d4d2ad0 3485       3       java.util.zip.ZipFile$ZipEntryIterator::nextElement (5 bytes)
Event: 20.561 Thread 0x0000015f7d4d2ad0 nmethod 3485 0x0000015f00728210 code [0x0000015f007283c0, 0x0000015f00728588]
Event: 20.561 Thread 0x0000015f7d4d2ad0 3487   !   3       java.util.zip.ZipFile$ZipEntryIterator::next (71 bytes)
Event: 20.562 Thread 0x0000015f7d4d2ad0 nmethod 3487 0x0000015f00728690 code [0x0000015f007288a0, 0x0000015f00728dc8]
Event: 20.806 Thread 0x0000015f7d4d2ad0 3488       3       org.codehaus.groovy.reflection.GeneratedMetaMethod$DgmMethodRecord::<init> (5 bytes)
Event: 20.806 Thread 0x0000015f7d4d2ad0 nmethod 3488 0x0000015f00729210 code [0x0000015f007293c0, 0x0000015f00729518]
Event: 20.810 Thread 0x0000015f7d4d2ad0 3490  s    2       java.io.BufferedInputStream::read (113 bytes)
Event: 20.811 Thread 0x0000015f7d4d2ad0 nmethod 3490 0x0000015f00729610 code [0x0000015f00729820, 0x0000015f00729e18]

GC Heap History (12 events):
Event: 1.593 GC heap before
{Heap before GC invocations=0 (full 0):
 garbage-first heap   total 131072K, used 20480K [0x0000000600000000, 0x0000000800000000)
  region size 4096K, 5 young (20480K), 0 survivors (0K)
 Metaspace       used 826K, committed 960K, reserved 1114112K
  class space    used 61K, committed 128K, reserved 1048576K
}
Event: 1.797 GC heap after
{Heap after GC invocations=1 (full 0):
 garbage-first heap   total 131072K, used 1392K [0x0000000600000000, 0x0000000800000000)
  region size 4096K, 1 young (4096K), 1 survivors (4096K)
 Metaspace       used 826K, committed 960K, reserved 1114112K
  class space    used 61K, committed 128K, reserved 1048576K
}
Event: 4.990 GC heap before
{Heap before GC invocations=1 (full 0):
 garbage-first heap   total 131072K, used 42352K [0x0000000600000000, 0x0000000800000000)
  region size 4096K, 10 young (40960K), 1 survivors (4096K)
 Metaspace       used 4385K, committed 4608K, reserved 1114112K
  class space    used 547K, committed 640K, reserved 1048576K
}
Event: 4.999 GC heap after
{Heap after GC invocations=2 (full 0):
 garbage-first heap   total 131072K, used 11875K [0x0000000600000000, 0x0000000800000000)
  region size 4096K, 2 young (8192K), 2 survivors (8192K)
 Metaspace       used 4385K, committed 4608K, reserved 1114112K
  class space    used 547K, committed 640K, reserved 1048576K
}
Event: 6.788 GC heap before
{Heap before GC invocations=2 (full 0):
 garbage-first heap   total 131072K, used 61027K [0x0000000600000000, 0x0000000800000000)
  region size 4096K, 14 young (57344K), 2 survivors (8192K)
 Metaspace       used 4636K, committed 4864K, reserved 1114112K
  class space    used 583K, committed 704K, reserved 1048576K
}
Event: 6.800 GC heap after
{Heap after GC invocations=3 (full 0):
 garbage-first heap   total 131072K, used 16770K [0x0000000600000000, 0x0000000800000000)
  region size 4096K, 2 young (8192K), 2 survivors (8192K)
 Metaspace       used 4636K, committed 4864K, reserved 1114112K
  class space    used 583K, committed 704K, reserved 1048576K
}
Event: 12.239 GC heap before
{Heap before GC invocations=3 (full 0):
 garbage-first heap   total 131072K, used 82306K [0x0000000600000000, 0x0000000800000000)
  region size 4096K, 18 young (73728K), 2 survivors (8192K)
 Metaspace       used 16043K, committed 16320K, reserved 1114112K
  class space    used 2228K, committed 2368K, reserved 1048576K
}
Event: 12.294 GC heap after
{Heap after GC invocations=4 (full 0):
 garbage-first heap   total 131072K, used 21554K [0x0000000600000000, 0x0000000800000000)
  region size 4096K, 3 young (12288K), 3 survivors (12288K)
 Metaspace       used 16043K, committed 16320K, reserved 1114112K
  class space    used 2228K, committed 2368K, reserved 1048576K
}
Event: 16.049 GC heap before
{Heap before GC invocations=4 (full 0):
 garbage-first heap   total 131072K, used 62514K [0x0000000600000000, 0x0000000800000000)
  region size 4096K, 14 young (57344K), 3 survivors (12288K)
 Metaspace       used 21184K, committed 21504K, reserved 1114112K
  class space    used 3085K, committed 3264K, reserved 1048576K
}
Event: 16.059 GC heap after
{Heap after GC invocations=5 (full 0):
 garbage-first heap   total 131072K, used 24345K [0x0000000600000000, 0x0000000800000000)
  region size 4096K, 2 young (8192K), 2 survivors (8192K)
 Metaspace       used 21184K, committed 21504K, reserved 1114112K
  class space    used 3085K, committed 3264K, reserved 1048576K
}
Event: 20.258 GC heap before
{Heap before GC invocations=6 (full 0):
 garbage-first heap   total 98304K, used 77593K [0x0000000600000000, 0x0000000800000000)
  region size 4096K, 16 young (65536K), 2 survivors (8192K)
 Metaspace       used 28362K, committed 28864K, reserved 1114112K
  class space    used 4153K, committed 4416K, reserved 1048576K
}
Event: 20.271 GC heap after
{Heap after GC invocations=7 (full 0):
 garbage-first heap   total 98304K, used 28352K [0x0000000600000000, 0x0000000800000000)
  region size 4096K, 2 young (8192K), 2 survivors (8192K)
 Metaspace       used 28362K, committed 28864K, reserved 1114112K
  class space    used 4153K, committed 4416K, reserved 1048576K
}

Dll operation events (15 events):
Event: 0.025 Loaded shared library C:\Program Files\Eclipse Adoptium\jdk-17.0.19.10-hotspot\bin\java.dll
Event: 0.101 Loaded shared library C:\Program Files\Eclipse Adoptium\jdk-17.0.19.10-hotspot\bin\jsvml.dll
Event: 0.221 Loaded shared library C:\Program Files\Eclipse Adoptium\jdk-17.0.19.10-hotspot\bin\zip.dll
Event: 0.224 Loaded shared library C:\Program Files\Eclipse Adoptium\jdk-17.0.19.10-hotspot\bin\instrument.dll
Event: 0.233 Loaded shared library C:\Program Files\Eclipse Adoptium\jdk-17.0.19.10-hotspot\bin\net.dll
Event: 0.237 Loaded shared library C:\Program Files\Eclipse Adoptium\jdk-17.0.19.10-hotspot\bin\nio.dll
Event: 0.242 Loaded shared library C:\Program Files\Eclipse Adoptium\jdk-17.0.19.10-hotspot\bin\zip.dll
Event: 1.843 Loaded shared library C:\Program Files\Eclipse Adoptium\jdk-17.0.19.10-hotspot\bin\jimage.dll
Event: 2.671 Loaded shared library C:\Program Files\Eclipse Adoptium\jdk-17.0.19.10-hotspot\bin\verify.dll
Event: 3.039 Loaded shared library C:\Users\admin\.gradle\native\1def1411415f61bf3af743bc5b6707747c0891f09f0c88961ee8f79bc544acac\windows-amd64\native-platform.dll
Event: 3.088 Loaded shared library C:\Users\admin\.gradle\native\0.2.7\x86_64-windows-gnu\gradle-fileevents.dll
Event: 7.316 Loaded shared library C:\Program Files\Eclipse Adoptium\jdk-17.0.19.10-hotspot\bin\management.dll
Event: 7.322 Loaded shared library C:\Program Files\Eclipse Adoptium\jdk-17.0.19.10-hotspot\bin\management_ext.dll
Event: 8.637 Loaded shared library C:\Program Files\Eclipse Adoptium\jdk-17.0.19.10-hotspot\bin\extnet.dll
Event: 9.361 Loaded shared library C:\Program Files\Eclipse Adoptium\jdk-17.0.19.10-hotspot\bin\sunmscapi.dll

Deoptimization events (20 events):
Event: 20.120 Thread 0x0000015fc507af50 Uncommon trap: trap_request=0xffffff45 fr.pc=0x0000015f10465b1c relative=0x00000000000007bc
Event: 20.120 Thread 0x0000015fc507af50 Uncommon trap: reason=unstable_if action=reinterpret pc=0x0000015f10465b1c method=java.lang.Class.getPackageName()Ljava/lang/String; @ 55 c2
Event: 20.120 Thread 0x0000015fc507af50 DEOPT PACKING pc=0x0000015f10465b1c sp=0x0000000ebeef9800
Event: 20.120 Thread 0x0000015fc507af50 DEOPT UNPACKING pc=0x0000015f0fd869a3 sp=0x0000000ebeef97c0 mode 2
Event: 20.805 Thread 0x0000015fc507af50 Uncommon trap: trap_request=0xffffffc6 fr.pc=0x0000015f104b5e9c relative=0x00000000000006fc
Event: 20.805 Thread 0x0000015fc507af50 Uncommon trap: reason=bimorphic_or_optimized_type_check action=maybe_recompile pc=0x0000015f104b5e9c method=java.io.BufferedInputStream.read([BII)I @ 101 c2
Event: 20.805 Thread 0x0000015fc507af50 DEOPT PACKING pc=0x0000015f104b5e9c sp=0x0000000ebeef7600
Event: 20.805 Thread 0x0000015fc507af50 DEOPT UNPACKING pc=0x0000015f0fd869a3 sp=0x0000000ebeef75b8 mode 2
Event: 20.805 Thread 0x0000015fc507af50 Uncommon trap: trap_request=0xffffffc6 fr.pc=0x0000015f104b5e9c relative=0x00000000000006fc
Event: 20.805 Thread 0x0000015fc507af50 Uncommon trap: reason=bimorphic_or_optimized_type_check action=maybe_recompile pc=0x0000015f104b5e9c method=java.io.BufferedInputStream.read([BII)I @ 101 c2
Event: 20.806 Thread 0x0000015fc507af50 DEOPT PACKING pc=0x0000015f104b5e9c sp=0x0000000ebeef7600
Event: 20.806 Thread 0x0000015fc507af50 DEOPT UNPACKING pc=0x0000015f0fd869a3 sp=0x0000000ebeef75b8 mode 2
Event: 20.806 Thread 0x0000015fc507af50 Uncommon trap: trap_request=0xffffffc6 fr.pc=0x0000015f104b5e9c relative=0x00000000000006fc
Event: 20.806 Thread 0x0000015fc507af50 Uncommon trap: reason=bimorphic_or_optimized_type_check action=maybe_recompile pc=0x0000015f104b5e9c method=java.io.BufferedInputStream.read([BII)I @ 101 c2
Event: 20.806 Thread 0x0000015fc507af50 DEOPT PACKING pc=0x0000015f104b5e9c sp=0x0000000ebeef7600
Event: 20.806 Thread 0x0000015fc507af50 DEOPT UNPACKING pc=0x0000015f0fd869a3 sp=0x0000000ebeef75b8 mode 2
Event: 20.810 Thread 0x0000015fc507af50 Uncommon trap: trap_request=0xffffffc6 fr.pc=0x0000015f104b5e9c relative=0x00000000000006fc
Event: 20.810 Thread 0x0000015fc507af50 Uncommon trap: reason=bimorphic_or_optimized_type_check action=maybe_recompile pc=0x0000015f104b5e9c method=java.io.BufferedInputStream.read([BII)I @ 101 c2
Event: 20.810 Thread 0x0000015fc507af50 DEOPT PACKING pc=0x0000015f104b5e9c sp=0x0000000ebeef7600
Event: 20.810 Thread 0x0000015fc507af50 DEOPT UNPACKING pc=0x0000015f0fd869a3 sp=0x0000000ebeef75b8 mode 2

Classes loaded (20 events):
Event: 20.175 Loading class java/util/stream/Nodes$ArrayNode done
Event: 20.175 Loading class java/util/stream/Nodes$FixedNodeBuilder done
Event: 20.176 Loading class java/util/stream/IntPipeline$1$1
Event: 20.176 Loading class java/util/stream/IntPipeline$1$1 done
Event: 20.229 Loading class java/lang/IllegalAccessError
Event: 20.229 Loading class java/lang/IllegalAccessError done
Event: 20.247 Loading class java/lang/ProcessBuilder
Event: 20.248 Loading class java/lang/ProcessBuilder done
Event: 20.248 Loading class java/lang/Process
Event: 20.248 Loading class java/lang/Process done
Event: 20.687 Loading class java/util/EventListener
Event: 20.687 Loading class java/util/EventListener done
Event: 20.722 Loading class java/util/BitSet
Event: 20.724 Loading class java/util/BitSet done
Event: 20.784 Loading class java/io/PrintWriter
Event: 20.785 Loading class java/io/PrintWriter done
Event: 20.786 Loading class java/util/TimerTask
Event: 20.786 Loading class java/util/TimerTask done
Event: 20.786 Loading class java/util/Timer
Event: 20.787 Loading class java/util/Timer done

Classes unloaded (0 events):
No events

Classes redefined (0 events):
No events

Internal exceptions (20 events):
Event: 17.705 Thread 0x0000015fc507af50 Exception <a 'java/lang/NoSuchMethodError'{0x00000006045827c8}: 'java.lang.Object java.lang.invoke.DirectMethodHandle$Holder.invokeSpecial(java.lang.Object, java.lang.Object, java.lang.Object, int, java.lang.Object)'> (0x00000006045827c8) 
thrown [s\src\hotspot\share\interpreter\linkResolver.cpp, line 759]
Event: 18.309 Thread 0x0000015fc507af50 Exception <a 'java/lang/NoSuchMethodError'{0x0000000603880f68}: static Lorg/gradle/tooling/internal/consumer/connection/InternalPhasedActionAdapter;.<clinit>()V> (0x0000000603880f68) 
thrown [s\src\hotspot\share\prims\jni.cpp, line 1112]
Event: 18.354 Thread 0x0000015fc507af50 Exception <a 'java/lang/NoSuchMethodError'{0x00000006038b7a30}: static Lorg/gradle/tooling/internal/consumer/connection/InternalBuildActionAdapter;.<clinit>()V> (0x00000006038b7a30) 
thrown [s\src\hotspot\share\prims\jni.cpp, line 1112]
Event: 18.572 Thread 0x0000015fc507af50 Exception <a 'java/lang/NoSuchMethodError'{0x0000000603a3b4f0}: static Lorg/gradle/tooling/internal/consumer/versioning/VersionDetails;.<clinit>()V> (0x0000000603a3b4f0) 
thrown [s\src\hotspot\share\prims\jni.cpp, line 1112]
Event: 18.578 Thread 0x0000015fc507af50 Exception <a 'java/lang/NoSuchMethodError'{0x0000000603a3df60}: static Lorg/gradle/tooling/internal/consumer/versioning/VersionDetails$R26VersionDetails;.<clinit>()V> (0x0000000603a3df60) 
thrown [s\src\hotspot\share\prims\jni.cpp, line 1112]
Event: 18.578 Thread 0x0000015fc507af50 Exception <a 'java/lang/NoSuchMethodError'{0x0000000603a3f588}: static Lorg/gradle/tooling/internal/consumer/versioning/VersionDetails$R28VersionDetails;.<clinit>()V> (0x0000000603a3f588) 
thrown [s\src\hotspot\share\prims\jni.cpp, line 1112]
Event: 18.578 Thread 0x0000015fc507af50 Exception <a 'java/lang/NoSuchMethodError'{0x0000000603a40b40}: static Lorg/gradle/tooling/internal/consumer/versioning/VersionDetails$R35VersionDetails;.<clinit>()V> (0x0000000603a40b40) 
thrown [s\src\hotspot\share\prims\jni.cpp, line 1112]
Event: 18.579 Thread 0x0000015fc507af50 Exception <a 'java/lang/NoSuchMethodError'{0x0000000603a422c0}: static Lorg/gradle/tooling/internal/consumer/versioning/VersionDetails$R44VersionDetails;.<clinit>()V> (0x0000000603a422c0) 
thrown [s\src\hotspot\share\prims\jni.cpp, line 1112]
Event: 18.579 Thread 0x0000015fc507af50 Exception <a 'java/lang/NoSuchMethodError'{0x0000000603a43978}: static Lorg/gradle/tooling/internal/consumer/versioning/VersionDetails$R48VersionDetails;.<clinit>()V> (0x0000000603a43978) 
thrown [s\src\hotspot\share\prims\jni.cpp, line 1112]
Event: 18.579 Thread 0x0000015fc507af50 Exception <a 'java/lang/NoSuchMethodError'{0x0000000603a44c28}: static Lorg/gradle/tooling/internal/consumer/versioning/VersionDetails$R51VersionDetails;.<clinit>()V> (0x0000000603a44c28) 
thrown [s\src\hotspot\share\prims\jni.cpp, line 1112]
Event: 18.594 Thread 0x0000015fc507af50 Exception <a 'java/lang/NoSuchMethodError'{0x0000000603a56c18}: static [Lorg/gradle/tooling/BuildAction;.<clinit>()V> (0x0000000603a56c18) 
thrown [s\src\hotspot\share\prims\jni.cpp, line 1112]
Event: 18.597 Thread 0x0000015fc507af50 Exception <a 'java/lang/NoSuchMethodError'{0x0000000603a67350}: static Lorg/eclipse/buildship/core/internal/workspace/TellGradleToRunSynchronizationTasks;.<clinit>()V> (0x0000000603a67350) 
thrown [s\src\hotspot\share\prims\jni.cpp, line 1112]
Event: 18.604 Thread 0x0000015fc507af50 Exception <a 'java/lang/NoSuchMethodError'{0x0000000603a8de68}: 'java.lang.Object java.lang.invoke.DirectMethodHandle$Holder.newInvokeSpecial(java.lang.Object, java.lang.Object, java.lang.Object, int)'> (0x0000000603a8de68) 
thrown [s\src\hotspot\share\interpreter\linkResolver.cpp, line 759]
Event: 18.605 Thread 0x0000015fc507af50 Exception <a 'java/lang/NoSuchMethodError'{0x0000000603a92550}: 'java.lang.Object java.lang.invoke.DirectMethodHandle$Holder.invokeSpecial(java.lang.Object, java.lang.Object, java.lang.Object, java.lang.Object, int)'> (0x0000000603a92550) 
thrown [s\src\hotspot\share\interpreter\linkResolver.cpp, line 759]
Event: 18.606 Thread 0x0000015fc507af50 Exception <a 'java/lang/NoSuchMethodError'{0x0000000603a963c0}: 'java.lang.Object java.lang.invoke.Invokers$Holder.linkToTargetMethod(java.lang.Object, java.lang.Object, int, java.lang.Object)'> (0x0000000603a963c0) 
thrown [s\src\hotspot\share\interpreter\linkResolver.cpp, line 759]
Event: 19.847 Thread 0x0000015fc507af50 Exception <a 'java/lang/IncompatibleClassChangeError'{0x0000000602583ec8}: Found class java.lang.Object, but interface was expected> (0x0000000602583ec8) 
thrown [s\src\hotspot\share\interpreter\linkResolver.cpp, line 826]
Event: 19.951 Thread 0x0000015fc507af50 Exception <a 'java/lang/NoSuchMethodError'{0x0000000602705808}: 'java.lang.Object java.lang.invoke.DirectMethodHandle$Holder.invokeVirtual(java.lang.Object, java.lang.Object, int)'> (0x0000000602705808) 
thrown [s\src\hotspot\share\interpreter\linkResolver.cpp, line 759]
Event: 19.966 Thread 0x0000015fc507af50 Exception <a 'java/lang/NoSuchMethodError'{0x0000000602735318}: 'void java.lang.invoke.DirectMethodHandle$Holder.invokeStatic(java.lang.Object, java.lang.Object, java.lang.Object, int)'> (0x0000000602735318) 
thrown [s\src\hotspot\share\interpreter\linkResolver.cpp, line 759]
Event: 20.246 Thread 0x0000015fc507af50 Exception <a 'java/lang/NoSuchMethodError'{0x00000006023c35b8}: 'java.lang.Object java.lang.invoke.DirectMethodHandle$Holder.invokeStaticInit(java.lang.Object, java.lang.Object, java.lang.Object, java.lang.Object, java.lang.Object, java.lang.Object, java.lang.Object)'> (0x00000006023c35b8) 
thrown [s\src\hotspot\share\interpreter\linkResolver.cpp, line 759]
Event: 20.256 Thread 0x0000015fc507af50 Exception <a 'java/lang/NoSuchMethodError'{0x00000006023ee288}: 'java.lang.Object java.lang.invoke.DirectMethodHandle$Holder.invokeSpecial(java.lang.Object, java.lang.Object, java.lang.Object, int, java.lang.Object, java.lang.Object)'> (0x00000006023ee288) 
thrown [s\src\hotspot\share\interpreter\linkResolver.cpp, line 759]

VM Operations (20 events):
Event: 17.646 Executing VM operation: HandshakeAllThreads
Event: 17.646 Executing VM operation: HandshakeAllThreads done
Event: 17.833 Executing VM operation: HandshakeAllThreads
Event: 17.834 Executing VM operation: HandshakeAllThreads done
Event: 18.046 Executing VM operation: HandshakeAllThreads
Event: 18.046 Executing VM operation: HandshakeAllThreads done
Event: 19.025 Executing VM operation: HandshakeAllThreads
Event: 19.025 Executing VM operation: HandshakeAllThreads done
Event: 19.025 Executing VM operation: Cleanup
Event: 19.026 Executing VM operation: Cleanup done
Event: 19.853 Executing VM operation: HandshakeAllThreads
Event: 19.853 Executing VM operation: HandshakeAllThreads done
Event: 20.114 Executing VM operation: HandshakeAllThreads
Event: 20.114 Executing VM operation: HandshakeAllThreads done
Event: 20.114 Executing VM operation: Cleanup
Event: 20.114 Executing VM operation: Cleanup done
Event: 20.115 Executing VM operation: HandshakeAllThreads
Event: 20.115 Executing VM operation: HandshakeAllThreads done
Event: 20.258 Executing VM operation: G1CollectForAllocation
Event: 20.271 Executing VM operation: G1CollectForAllocation done

Memory protections (0 events):
No events

Nmethod flushes (0 events):
No events

Events (20 events):
Event: 9.695 Thread 0x0000015fc61be390 Thread added: 0x0000015fc507b970
Event: 9.712 Thread 0x0000015fc61be390 Thread added: 0x0000015fc507af50
Event: 9.752 Thread 0x0000015fc507af50 Thread added: 0x0000015fc5079b10
Event: 9.759 Thread 0x0000015fc507af50 Thread added: 0x0000015fc507b460
Event: 9.765 Thread 0x0000015fc507af50 Thread added: 0x0000015fc507a020
Event: 11.086 Thread 0x0000015fc507af50 Thread added: 0x0000015fc507be80
Event: 11.429 Thread 0x0000015fc507af50 Thread added: 0x0000015fc5078be0
Event: 11.780 Thread 0x0000015fc507af50 Thread added: 0x0000015fc507a530
Event: 12.171 Thread 0x0000015fc5078be0 Thread added: 0x0000015fc507c390
Event: 15.972 Thread 0x0000015fc507af50 Thread added: 0x0000015fc5079600
Event: 16.001 Thread 0x0000015fc507af50 Thread added: 0x0000015fc507aa40
Event: 17.399 Thread 0x0000015f7d4d2ad0 Thread added: 0x0000015fc88490d0
Event: 17.494 Thread 0x0000015fc507af50 Thread added: 0x0000015fc65ee8f0
Event: 17.519 Thread 0x0000015fc507af50 Thread added: 0x0000015fc65ed4b0
Event: 17.734 Thread 0x0000015fc507af50 Thread added: 0x0000015fc65eca90
Event: 17.735 Thread 0x0000015fc507af50 Thread added: 0x0000015fc65f1680
Event: 17.735 Thread 0x0000015fc507af50 Thread added: 0x0000015fc65f34e0
Event: 17.965 Thread 0x0000015fc88490d0 Thread exited: 0x0000015fc88490d0
Event: 19.994 Thread 0x0000015fc507af50 Thread added: 0x0000015fc65efd30
Event: 20.075 Thread 0x0000015fc507af50 Thread added: 0x0000015fc65f1170


Dynamic libraries:
0x00007ff7f7450000 - 0x00007ff7f745e000 	C:\Program Files\Eclipse Adoptium\jdk-17.0.19.10-hotspot\bin\java.exe
0x00007ffbf7510000 - 0x00007ffbf7727000 	C:\WINDOWS\SYSTEM32\ntdll.dll
0x00007ffbf6790000 - 0x00007ffbf6854000 	C:\WINDOWS\System32\KERNEL32.DLL
0x00007ffbf47e0000 - 0x00007ffbf4bb2000 	C:\WINDOWS\System32\KERNELBASE.dll
0x00007ffbf46c0000 - 0x00007ffbf47d1000 	C:\WINDOWS\System32\ucrtbase.dll
0x00007ffbeba30000 - 0x00007ffbeba48000 	C:\Program Files\Eclipse Adoptium\jdk-17.0.19.10-hotspot\bin\jli.dll
0x00007ffbf52b0000 - 0x00007ffbf5461000 	C:\WINDOWS\System32\USER32.dll
0x00007ffbf4bc0000 - 0x00007ffbf4be6000 	C:\WINDOWS\System32\win32u.dll
0x00007ffbf74a0000 - 0x00007ffbf74c9000 	C:\WINDOWS\System32\GDI32.dll
0x00007ffbf4bf0000 - 0x00007ffbf4d13000 	C:\WINDOWS\System32\gdi32full.dll
0x00007ffbf4d20000 - 0x00007ffbf4dba000 	C:\WINDOWS\System32\msvcp_win.dll
0x00007ffbebaa0000 - 0x00007ffbebabe000 	C:\Program Files\Eclipse Adoptium\jdk-17.0.19.10-hotspot\bin\VCRUNTIME140.dll
0x00007ffbdee30000 - 0x00007ffbdf0cb000 	C:\WINDOWS\WinSxS\amd64_microsoft.windows.common-controls_6595b64144ccf1df_6.0.22621.5547_none_27104afb73855772\COMCTL32.dll
0x00007ffbf7130000 - 0x00007ffbf71d7000 	C:\WINDOWS\System32\msvcrt.dll
0x00007ffbf6560000 - 0x00007ffbf6591000 	C:\WINDOWS\System32\IMM32.DLL
0x00007ffbebb60000 - 0x00007ffbebb6c000 	C:\Program Files\Eclipse Adoptium\jdk-17.0.19.10-hotspot\bin\vcruntime140_1.dll
0x00007ffbe9260000 - 0x00007ffbe92ed000 	C:\Program Files\Eclipse Adoptium\jdk-17.0.19.10-hotspot\bin\msvcp140.dll
0x00007ffbb4f70000 - 0x00007ffbb5bdc000 	C:\Program Files\Eclipse Adoptium\jdk-17.0.19.10-hotspot\bin\server\jvm.dll
0x00007ffbf7010000 - 0x00007ffbf70c1000 	C:\WINDOWS\System32\ADVAPI32.dll
0x00007ffbf5c00000 - 0x00007ffbf5ca8000 	C:\WINDOWS\System32\sechost.dll
0x00007ffbf5170000 - 0x00007ffbf5198000 	C:\WINDOWS\System32\bcrypt.dll
0x00007ffbf65c0000 - 0x00007ffbf66d4000 	C:\WINDOWS\System32\RPCRT4.dll
0x00007ffbf5230000 - 0x00007ffbf52a1000 	C:\WINDOWS\System32\WS2_32.dll
0x00007ffbf44d0000 - 0x00007ffbf451d000 	C:\WINDOWS\SYSTEM32\POWRPROF.dll
0x00007ffbea780000 - 0x00007ffbea7b4000 	C:\WINDOWS\SYSTEM32\WINMM.dll
0x00007ffbe2020000 - 0x00007ffbe202a000 	C:\WINDOWS\SYSTEM32\VERSION.dll
0x00007ffbf44b0000 - 0x00007ffbf44c3000 	C:\WINDOWS\SYSTEM32\UMPDC.dll
0x00007ffbf35f0000 - 0x00007ffbf3608000 	C:\WINDOWS\SYSTEM32\kernel.appcore.dll
0x00007ffbeba90000 - 0x00007ffbeba9a000 	C:\Program Files\Eclipse Adoptium\jdk-17.0.19.10-hotspot\bin\jimage.dll
0x00007ffbeefa0000 - 0x00007ffbef1d3000 	C:\WINDOWS\SYSTEM32\DBGHELP.DLL
0x00007ffbf6860000 - 0x00007ffbf6bf3000 	C:\WINDOWS\System32\combase.dll
0x00007ffbf6c00000 - 0x00007ffbf6cd7000 	C:\WINDOWS\System32\OLEAUT32.dll
0x00007ffbde5e0000 - 0x00007ffbde612000 	C:\WINDOWS\SYSTEM32\dbgcore.DLL
0x00007ffbf4dc0000 - 0x00007ffbf4e3b000 	C:\WINDOWS\System32\bcryptPrimitives.dll
0x00007ffbea7c0000 - 0x00007ffbea7ce000 	C:\Program Files\Eclipse Adoptium\jdk-17.0.19.10-hotspot\bin\instrument.dll
0x00007ffbe9420000 - 0x00007ffbe9445000 	C:\Program Files\Eclipse Adoptium\jdk-17.0.19.10-hotspot\bin\java.dll
0x00007ffbd3160000 - 0x00007ffbd3237000 	C:\Program Files\Eclipse Adoptium\jdk-17.0.19.10-hotspot\bin\jsvml.dll
0x00007ffbf5cb0000 - 0x00007ffbf6552000 	C:\WINDOWS\System32\SHELL32.dll
0x00007ffbf4fb0000 - 0x00007ffbf50ef000 	C:\WINDOWS\System32\wintypes.dll
0x00007ffbf24e0000 - 0x00007ffbf2dfd000 	C:\WINDOWS\SYSTEM32\windows.storage.dll
0x00007ffbf7310000 - 0x00007ffbf741c000 	C:\WINDOWS\System32\SHCORE.dll
0x00007ffbf54d0000 - 0x00007ffbf5539000 	C:\WINDOWS\System32\shlwapi.dll
0x00007ffbf4530000 - 0x00007ffbf455b000 	C:\WINDOWS\SYSTEM32\profapi.dll
0x00007ffbe9240000 - 0x00007ffbe9258000 	C:\Program Files\Eclipse Adoptium\jdk-17.0.19.10-hotspot\bin\zip.dll
0x00007ffbd8530000 - 0x00007ffbd854a000 	C:\Program Files\Eclipse Adoptium\jdk-17.0.19.10-hotspot\bin\net.dll
0x00007ffbe9e80000 - 0x00007ffbe9fac000 	C:\WINDOWS\SYSTEM32\WINHTTP.dll
0x00007ffbf3a60000 - 0x00007ffbf3ac9000 	C:\WINDOWS\system32\mswsock.dll
0x00007ffbd2ff0000 - 0x00007ffbd3006000 	C:\Program Files\Eclipse Adoptium\jdk-17.0.19.10-hotspot\bin\nio.dll
0x00007ffbe9230000 - 0x00007ffbe9240000 	C:\Program Files\Eclipse Adoptium\jdk-17.0.19.10-hotspot\bin\verify.dll
0x00007ffbdf560000 - 0x00007ffbdf587000 	C:\Users\admin\.gradle\native\1def1411415f61bf3af743bc5b6707747c0891f09f0c88961ee8f79bc544acac\windows-amd64\native-platform.dll
0x00007ffbdf5a0000 - 0x00007ffbdf618000 	C:\Users\admin\.gradle\native\0.2.7\x86_64-windows-gnu\gradle-fileevents.dll
0x00007ffbe9220000 - 0x00007ffbe922a000 	C:\Program Files\Eclipse Adoptium\jdk-17.0.19.10-hotspot\bin\management.dll
0x00007ffbe9210000 - 0x00007ffbe921c000 	C:\Program Files\Eclipse Adoptium\jdk-17.0.19.10-hotspot\bin\management_ext.dll
0x00007ffbf55d0000 - 0x00007ffbf55d8000 	C:\WINDOWS\System32\PSAPI.DLL
0x00007ffbf3060000 - 0x00007ffbf308d000 	C:\WINDOWS\SYSTEM32\IPHLPAPI.DLL
0x00007ffbf65b0000 - 0x00007ffbf65b9000 	C:\WINDOWS\System32\NSI.dll
0x00007ffbea560000 - 0x00007ffbea579000 	C:\WINDOWS\SYSTEM32\dhcpcsvc6.DLL
0x00007ffbea540000 - 0x00007ffbea55f000 	C:\WINDOWS\SYSTEM32\dhcpcsvc.DLL
0x00007ffbf30d0000 - 0x00007ffbf31c8000 	C:\WINDOWS\SYSTEM32\DNSAPI.dll
0x00007ffbe9200000 - 0x00007ffbe9209000 	C:\Program Files\Eclipse Adoptium\jdk-17.0.19.10-hotspot\bin\extnet.dll
0x00007ffbf3db0000 - 0x00007ffbf3dcb000 	C:\WINDOWS\SYSTEM32\CRYPTSP.dll
0x00007ffbf3550000 - 0x00007ffbf3587000 	C:\WINDOWS\system32\rsaenh.dll
0x00007ffbf3b00000 - 0x00007ffbf3b28000 	C:\WINDOWS\SYSTEM32\USERENV.dll
0x00007ffbf3d90000 - 0x00007ffbf3d9c000 	C:\WINDOWS\SYSTEM32\CRYPTBASE.dll
0x00007ffbe91f0000 - 0x00007ffbe91fe000 	C:\Program Files\Eclipse Adoptium\jdk-17.0.19.10-hotspot\bin\sunmscapi.dll
0x00007ffbf4e40000 - 0x00007ffbf4fa7000 	C:\WINDOWS\System32\CRYPT32.dll
0x00007ffbf3ec0000 - 0x00007ffbf3eed000 	C:\WINDOWS\SYSTEM32\ncrypt.dll
0x00007ffbf3e80000 - 0x00007ffbf3eb7000 	C:\WINDOWS\SYSTEM32\NTASN1.dll
0x00007ffbec890000 - 0x00007ffbec898000 	C:\WINDOWS\system32\wshunix.dll

dbghelp: loaded successfully - version: 4.0.5 - missing functions: none
symbol engine: initialized successfully - sym options: 0x614 - pdb path: .;C:\Program Files\Eclipse Adoptium\jdk-17.0.19.10-hotspot\bin;C:\WINDOWS\SYSTEM32;C:\WINDOWS\WinSxS\amd64_microsoft.windows.common-controls_6595b64144ccf1df_6.0.22621.5547_none_27104afb73855772;C:\Program Files\Eclipse Adoptium\jdk-17.0.19.10-hotspot\bin\server;C:\Users\admin\.gradle\native\1def1411415f61bf3af743bc5b6707747c0891f09f0c88961ee8f79bc544acac\windows-amd64;C:\Users\admin\.gradle\native\0.2.7\x86_64-windows-gnu

VM Arguments:
jvm_args: --add-opens=java.base/java.lang=ALL-UNNAMED --add-opens=java.base/java.lang.invoke=ALL-UNNAMED --add-opens=java.base/java.util=ALL-UNNAMED --add-opens=java.prefs/java.util.prefs=ALL-UNNAMED --add-exports=jdk.compiler/com.sun.tools.javac.api=ALL-UNNAMED --add-exports=jdk.compiler/com.sun.tools.javac.util=ALL-UNNAMED --add-opens=java.base/java.util=ALL-UNNAMED --add-opens=java.prefs/java.util.prefs=ALL-UNNAMED --add-opens=java.base/java.nio.charset=ALL-UNNAMED --add-opens=java.base/java.net=ALL-UNNAMED --add-opens=java.base/java.util.concurrent.atomic=ALL-UNNAMED --add-opens=java.xml/javax.xml.namespace=ALL-UNNAMED -XX:MaxMetaspaceSize=4G -XX:ReservedCodeCacheSize=512m -XX:+HeapDumpOnOutOfMemoryError -Xmx8G -Dfile.encoding=UTF-8 -Duser.country=FR -Duser.language=fr -Duser.variant -javaagent:C:\Users\admin\.gradle\wrapper\dists\gradle-8.14-all\c2qonpi39x1mddn7hk5gh9iqj\gradle-8.14\lib\agents\gradle-instrumentation-agent-8.14.jar 
java_command: org.gradle.launcher.daemon.bootstrap.GradleDaemon 8.14
java_class_path (initial): C:\Users\admin\.gradle\wrapper\dists\gradle-8.14-all\c2qonpi39x1mddn7hk5gh9iqj\gradle-8.14\lib\gradle-daemon-main-8.14.jar
Launcher Type: SUN_STANDARD

[Global flags]
     intx CICompilerCount                          = 4                                         {product} {ergonomic}
     uint ConcGCThreads                            = 2                                         {product} {ergonomic}
     uint G1ConcRefinementThreads                  = 8                                         {product} {ergonomic}
   size_t G1HeapRegionSize                         = 4194304                                   {product} {ergonomic}
    uintx GCDrainStackTargetSize                   = 64                                        {product} {ergonomic}
     bool HeapDumpOnOutOfMemoryError               = true                                   {manageable} {command line}
   size_t InitialHeapSize                          = 134217728                                 {product} {ergonomic}
   size_t MarkStackSize                            = 4194304                                   {product} {ergonomic}
   size_t MaxHeapSize                              = 8589934592                                {product} {command line}
   size_t MaxMetaspaceSize                         = 4294967296                                {product} {command line}
   size_t MaxNewSize                               = 5150605312                                {product} {ergonomic}
   size_t MinHeapDeltaBytes                        = 4194304                                   {product} {ergonomic}
   size_t MinHeapSize                              = 8388608                                   {product} {ergonomic}
    uintx NonNMethodCodeHeapSize                   = 5839372                                {pd product} {ergonomic}
    uintx NonProfiledCodeHeapSize                  = 265515770                              {pd product} {ergonomic}
    uintx ProfiledCodeHeapSize                     = 265515770                              {pd product} {ergonomic}
    uintx ReservedCodeCacheSize                    = 536870912                              {pd product} {command line}
     bool SegmentedCodeCache                       = true                                      {product} {ergonomic}
   size_t SoftMaxHeapSize                          = 8589934592                             {manageable} {ergonomic}
   double SweeperThreshold                         = 0.234375                                  {product} {ergonomic}
     bool UseCompressedClassPointers               = true                           {product lp64_product} {ergonomic}
     bool UseCompressedOops                        = true                           {product lp64_product} {ergonomic}
     bool UseG1GC                                  = true                                      {product} {ergonomic}
     bool UseLargePagesIndividualAllocation        = false                                  {pd product} {ergonomic}

Logging:
Log output configuration:
 #0: stdout all=warning uptime,level,tags
 #1: stderr all=off uptime,level,tags

Environment Variables:
JAVA_HOME=C:\Program Files\Eclipse Adoptium\jdk-25.0.1.8-hotspot
PATH=C:\Program Files\Eclipse Adoptium\jdk-17.0.19.10-hotspot\bin;C:\Program Files (x86)\VMware\VMware Workstation\bin\;C:\Program Files\Python312\Scripts\;C:\Program Files\Python312\;C:\WINDOWS\system32;C:\WINDOWS;C:\WINDOWS\System32\Wbem;C:\WINDOWS\System32\WindowsPowerShell\v1.0\;C:\WINDOWS\System32\OpenSSH\;C:\Program Files (x86)\Microsoft SQL Server\160\Tools\Binn\;C:\Program Files\Microsoft SQL Server\160\Tools\Binn\;C:\Program Files\Microsoft SQL Server\Client SDK\ODBC\170\Tools\Binn\;C:\Program Files\Microsoft SQL Server\160\DTS\Binn\;C:\Program Files (x86)\Microsoft SQL Server\160\DTS\Binn\;C:\Windows\system32\python;C:\sqlite3;C:\Program Files\nodejs\;C:\MinGW\bin;C:\curl\bin;C:\curl\include;C:\MinGW;C:\MinGW\lib;C:\GnuWin32\bin;C:\OpenSSL-Win64\bin;C:\Program Files\PostgreSQL\17\bin;C:\Program Files\Eclipse Adoptium\jdk-25.0.1.8-hotspot\bin;C:\Program Files\Heroku\bin;C:\Program Files\Git\cmd;C:\Program Files (x86)\VMware\VMware Workstation\bin\;C:\Program Files\Python312\Scripts\;C:\Program Files\Python312\;C:\WINDOWS\system32;C:\WINDOWS;C:\WINDOWS\System32\Wbem;C:\WINDOWS\System32\WindowsPowerShell\v1.0\;C:\WINDOWS\System32\OpenSSH\;C:\Program Files (x86)\Microsoft SQL Server\160\Tools\Binn\;C:\Program Files\Microsoft SQL Server\160\Tools\Binn\;C:\Program Files\Microsoft SQL Server\Client SDK\ODBC\170\Tools\Binn\;C:\Program Files\Microsoft SQL Server\160\DTS\Binn\;C:\Program Files (x86)\Microsoft SQL Server\160\DTS\Binn\;C:\Windows\system32\python;C:\sqlite3;C:\Program Files\nodejs\;C:\MinGW\bin;C:\curl\bin;C:\curl\include;C:\MinGW;C:\MinGW\lib;C:\GnuWin32\bin;C:\OpenSSL-Win64\bin;C:\Program Files\PostgreSQL\17\bin;C:\Program Files\Eclipse Adoptium\jdk-25.0.1.8-hotspot\bin;C:\Program Files\Git\cmd;C:\Program Files\Docker\Docker\resources\bin;C:\Program Files\Heroku\bin;C:\Users\admin\AppData\Local\Programs\Microsoft VS Code;C:\Program Files\P;C:\flutter\bin\flutter;C:\flutter\bin;C:\Users\admin\AppData\Local\Programs\Microsoft VS Code\bin
USERNAME=admin
OS=Windows_NT
PROCESSOR_IDENTIFIER=Intel64 Family 6 Model 142 Stepping 10, GenuineIntel
TMP=C:\Users\admin\AppData\Local\Temp
TEMP=C:\Users\admin\AppData\Local\Temp



Periodic native trim disabled


---------------  S Y S T E M  ---------------

OS:
 Windows 11 , 64 bit Build 22621 (10.0.22621.5415)
OS uptime: 0 days 1:19 hours
Hyper-V role detected

CPU: total 8 (initial active 8) (4 cores per cpu, 2 threads per core) family 6 model 142 stepping 10 microcode 0xf4, cx8, cmov, fxsr, ht, mmx, 3dnowpref, sse, sse2, sse3, ssse3, sse4.1, sse4.2, popcnt, lzcnt, tsc, tscinvbit, avx, avx2, aes, erms, clmul, bmi1, bmi2, rtm, adx, fma, vzeroupper, clflush, clflushopt, hv
Processor Information for all 8 processors :
  Max Mhz: 1896, Current Mhz: 1696, Mhz Limit: 1687

Memory: 4k page, system-wide physical 8070M (335M free)
TotalPageFile size 16260M (AvailPageFile size 4M)
current process WorkingSet (physical memory assigned to process): 223M, peak: 226M
current process commit charge ("private bytes"): 273M, peak: 291M

vm_info: OpenJDK 64-Bit Server VM (17.0.19+10) for windows-amd64 JRE (17.0.19+10), built on Apr 25 2026 08:04:44 by "admin" with MS VC++ 17.12 (VS2022)

END.
