#
# There is insufficient memory for the Java Runtime Environment to continue.
# Native memory allocation (malloc) failed to allocate 2072656 bytes. Error detail: Chunk::new
# Possible reasons:
#   The system is out of physical RAM or swap space
#   This process is running with CompressedOops enabled, and the Java Heap may be blocking the growth of the native heap
# Possible solutions:
#   Reduce memory load on the system
#   Increase physical memory or swap space
#   Check if swap backing store is full
#   Decrease Java heap size (-Xmx/-Xms)
#   Decrease number of Java threads
#   Decrease Java thread stack sizes (-Xss)
#   Set larger code cache with -XX:ReservedCodeCacheSize=
#   JVM is running with Unscaled Compressed Oops mode in which the Java heap is
#     placed in the first 4GB address space. The Java Heap base address is the
#     maximum limit for the native heap growth. Please use -XX:HeapBaseMinAddress
#     to set the Java Heap base and to place the Java Heap above 4GB virtual address.
# This output file may be truncated or incomplete.
#
#  Out of Memory Error (arena.cpp:191), pid=11780, tid=18108
#
# JRE version: OpenJDK Runtime Environment Temurin-17.0.19+10 (17.0.19+10) (build 17.0.19+10)
# Java VM: OpenJDK 64-Bit Server VM Temurin-17.0.19+10 (17.0.19+10, mixed mode, sharing, tiered, compressed oops, compressed class ptrs, g1 gc, windows-amd64)
# No core dump will be written. Minidumps are not enabled by default on client versions of Windows
#

---------------  S U M M A R Y ------------

Command Line: org.jetbrains.kotlin.cli.jvm.K2JVMCompiler @C:\flutter\packages\flutter_tools\gradle\build\20260815_2196832425665270155.compiler.options

Host: Intel(R) Core(TM) i5-8350U CPU @ 1.70GHz, 8 cores, 7G,  Windows 11 , 64 bit Build 22621 (10.0.22621.5415)
Time: Sat Aug 15 12:00:17 2026 Paris, Madrid (heure duild 22621 (10.0.22621.5415) elapsed time: 50.374265 seconds (0d 0h 0m 50s)

---------------  T H R E A D  ---------------

Current thread (0x000001f97d630030):  JavaThread "C2 CompilerThread0" daemon [_thread_in_native, id=18108, stack(0x000000a6ee500000,0x000000a6ee600000)]


Current CompileTask:
C2:50374 17824       4       org.jetbrains.org.objectweb.asm.tree.analysis.Frame::execute (2125 bytes)

Stack: [0x000000a6ee500000,0x000000a6ee600000]
Native frames: (J=compiled Java code, j=interpreted, Vv=VM code, C=native code)
V  [jvm.dll+0x684b29]
V  [jvm.dll+0x83a2d5]
V  [jvm.dll+0x83bd4e]
V  [jvm.dll+0x83c3d3]
V  [jvm.dll+0x24905f]
V  [jvm.dll+0xad536]
V  [jvm.dll+0xadbdc]
V  [jvm.dll+0x368d4f]
V  [jvm.dll+0x3331d5]
V  [jvm.dll+0x33263a]
V  [jvm.dll+0x219e69]
V  [jvm.dll+0x2192af]
V  [jvm.dll+0x1a49f0]
V  [jvm.dll+0x2299fa]
V  [jvm.dll+0x227bab]
V  [jvm.dll+0x7f0a88]
V  [jvm.dll+0x7eaf1c]
V  [jvm.dll+0x6839f7]
C  [ucrtbase.dll+0x29333]
C  [KERNEL32.DLL+0x1259d]
C  [ntdll.dll+0x5af78]


---------------  P R O C E S S  ---------------

Threads class SMR info:
_java_thread_list=0x000001f95d41ac90, length=12, elements={
0x000001f96e21d2f0, 0x000001f97d613640, 0x000001f97d6154d0, 0x000001f97d62c340,
0x000001f97d62cf00, 0x000001f97d62e8d0, 0x000001f97d62f290, 0x000001f97d630030,
0x000001f97d645310, 0x000001f97d6434f0, 0x000001f97d8ca3c0, 0x000001f97d8d0190
}

Java Threads: ( => current thread )
  0x000001f96e21d2f0 JavaThread "main" [_thread_in_Java, id=1152, stack(0x000000a6ed800000,0x000000a6ed900000)]
  0x000001f97d613640 JavaThread "Reference Handler" daemon [_thread_blocked, id=1104, stack(0x000000a6edf00000,0x000000a6ee000000)]
  0x000001f97d6154d0 JavaThread "Finalizer" daemon [_thread_blocked, id=17284, stack(0x000000a6ee000000,0x000000a6ee100000)]
  0x000001f97d62c340 JavaThread "Signal Dispatcher" daemon [_thread_blocked, id=2692, stack(0x000000a6ee100000,0x000000a6ee200000)]
  0x000001f97d62cf00 JavaThread "Attach Listener" daemon [_thread_blocked, id=14052, stack(0x000000a6ee200000,0x000000a6ee300000)]
  0x000001f97d62e8d0 JavaThread "Service Thread" daemon [_thread_blocked, id=11452, stack(0x000000a6ee300000,0x000000a6ee400000)]
  0x000001f97d62f290 JavaThread "Monitor Deflation Thread" daemon [_thread_blocked, id=14812, stack(0x000000a6ee400000,0x000000a6ee500000)]
=>0x000001f97d630030 JavaThread "C2 CompilerThread0" daemon [_thread_in_native, id=18108, stack(0x000000a6ee500000,0x000000a6ee600000)]
  0x000001f97d645310 JavaThread "C1 CompilerThread0" daemon [_thread_in_native, id=14528, stack(0x000000a6ee600000,0x000000a6ee700000)]
  0x000001f97d6434f0 JavaThread "Sweeper thread" daemon [_thread_blocked, id=12060, stack(0x000000a6ee700000,0x000000a6ee800000)]
  0x000001f97d8ca3c0 JavaThread "Notification Thread" daemon [_thread_blocked, id=9040, stack(0x000000a6ee800000,0x000000a6ee900000)]
  0x000001f97d8d0190 JavaThread "Common-Cleaner" daemon [_thread_blocked, id=10188, stack(0x000000a6eea00000,0x000000a6eeb00000)]

Other Threads:
  0x000001f97d60ffb0 VMThread "VM Thread" [stack: 0x000000a6ede00000,0x000000a6edf00000] [id=2264]
  0x000001f97d8ca8a0 WatcherThread [stack: 0x000000a6ee900000,0x000000a6eea00000] [id=11768]
  0x000001f96e279510 GCTaskThread "GC Thread#0" [stack: 0x000000a6ed900000,0x000000a6eda00000] [id=18028]
  0x000001f97de0a4a0 GCTaskThread "GC Thread#1" [stack: 0x000000a6eeb00000,0x000000a6eec00000] [id=1240]
  0x000001f97de0a760 GCTaskThread "GC Thread#2" [stack: 0x000000a6eec00000,0x000000a6eed00000] [id=7192]
  0x000001f97de6db50 GCTaskThread "GC Thread#3" [stack: 0x000000a6eed00000,0x000000a6eee00000] [id=14164]
  0x000001f97de6de10 GCTaskThread "GC Thread#4" [stack: 0x000000a6eee00000,0x000000a6eef00000] [id=13192]
  0x000001f97de6e0d0 GCTaskThread "GC Thread#5" [stack: 0x000000a6eef00000,0x000000a6ef000000] [id=17756]
  0x000001f97e418c90 GCTaskThread "GC Thread#6" [stack: 0x000000a6ef000000,0x000000a6ef100000] [id=16712]
  0x000001f97e418f50 GCTaskThread "GC Thread#7" [stack: 0x000000a6ef100000,0x000000a6ef200000] [id=8440]
  0x000001f96e28a0a0 ConcurrentGCThread "G1 Main Marker" [stack: 0x000000a6eda00000,0x000000a6edb00000] [id=2644]
  0x000001f96e28aac0 ConcurrentGCThread "G1 Conc#0" [stack: 0x000000a6edb00000,0x000000a6edc00000] [id=3832]
  0x000001f97e309630 ConcurrentGCThread "G1 Conc#1" [stack: 0x000000a6ef200000,0x000000a6ef300000] [id=9300]
  0x000001f96e2cd620 ConcurrentGCThread "G1 Refine#0" [stack: 0x000000a6edc00000,0x000000a6edd00000] [id=13944]
  0x000001f95c0f2510 ConcurrentGCThread "G1 Refine#1" [stack: 0x000000a6ef300000,0x000000a6ef400000] [id=12416]
  0x000001f95c2edd80 ConcurrentGCThread "G1 Refine#2" [stack: 0x000000a6ef500000,0x000000a6ef600000] [id=540]
  0x000001f97d4cc280 ConcurrentGCThread "G1 Service" [stack: 0x000000a6edd00000,0x000000a6ede00000] [id=11108]

Threads with active compile tasks:
C2 CompilerThread0  50418 17824       4       org.jetbrains.org.objectweb.asm.tree.analysis.Frame::execute (2125 bytes)
C1 CompilerThread0  50418 18098       2       org.jetbrains.kotlin.codegen.inline.MethodInliner$doInline$lambdaInliner$1::visitMethodInsn (1742 bytes)

VM state: not at safepoint (normal execution)

VM Mutex/Monitor currently owned by a thread: None

Heap address: 0x0000000081e00000, size: 2018 MB, Compressed Oops mode: 32-bit

CDS archive(s) mapped at: [0x000001f90f000000-0x000001f90fbb0000-0x000001f90fbb0000), size 12255232, SharedBaseAddress: 0x000001f90f000000, ArchiveRelocationMode: 1.
Compressed class space mapped at: 0x000001f910000000-0x000001f950000000, reserved size: 1073741824
Narrow klass base: 0x000001f90f000000, Narrow klass shift: 0, Narrow klass range: 0x100000000

GC Precious Log:
 CPUs: 8 total, 8 available
 Memory: 8070M
 Large Page Support: Disabled
 NUMA Support: Disabled
 Compressed Oops: Enabled (32-bit)
 Heap Region Size: 1M
 Heap Min Capacity: 8M
 Heap Initial Capacity: 128M
 Heap Max Capacity: 2018M
 Pre-touch: Disabled
 Parallel Workers: 8
 Concurrent Workers: 2
 Concurrent Refinement Workers: 8
 Periodic GC: Disabled

Heap:
 garbage-first heap   total 272384K, used 110192K [0x0000000081e00000, 0x0000000100000000)
  region size 1024K, 19 young (19456K), 4 survivors (4096K)
 Metaspace       used 78315K, committed 78784K, reserved 1179648K
  class space    used 8121K, committed 8320K, reserved 1048576K

Heap Regions: E=young(eden), S=young(survivor), O=old, HS=humongous(starts), HC=humongous(continues), CS=collection set, F=free, OA=open archive, CA=closed archive, TAMS=top-at-mark-start (previous, next)
|   0|0x0000000081e00000, 0x0000000081f00000, 0x0000000081f00000|100%|HS|  |TAMS 0x0000000081f00000, 0x0000000081e00000| Complete 
|   1|0x0000000081f00000, 0x0000000082000000, 0x0000000082000000|100%|HC|  |TAMS 0x0000000082000000, 0x0000000081f00000| Complete 
|   2|0x0000000082000000, 0x0000000082100000, 0x0000000082100000|100%|HC|  |TAMS 0x0000000082100000, 0x0000000082000000| Complete 
|   3|0x0000000082100000, 0x0000000082200000, 0x0000000082200000|100%| O|  |TAMS 0x0000000082200000, 0x0000000082100000| Untracked 
|   4|0x0000000082200000, 0x0000000082300000, 0x0000000082300000|100%| O|  |TAMS 0x0000000082300000, 0x0000000082200000| Untracked 
|   5|0x0000000082300000, 0x0000000082400000, 0x0000000082400000|100%| O|  |TAMS 0x0000000082400000, 0x0000000082300000| Untracked 
|   6|0x0000000082400000, 0x0000000082500000, 0x0000000082500000|100%| O|  |TAMS 0x0000000082500000, 0x0000000082400000| Untracked 
|   7|0x0000000082500000, 0x0000000082600000, 0x0000000082600000|100%| O|  |TAMS 0x0000000082600000, 0x0000000082500000| Untracked 
|   8|0x0000000082600000, 0x0000000082700000, 0x0000000082700000|100%| O|  |TAMS 0x0000000082700000, 0x0000000082600000| Untracked 
|   9|0x0000000082700000, 0x0000000082800000, 0x0000000082800000|100%| O|  |TAMS 0x0000000082800000, 0x0000000082700000| Untracked 
|  10|0x0000000082800000, 0x0000000082900000, 0x0000000082900000|100%| O|  |TAMS 0x0000000082900000, 0x0000000082800000| Untracked 
|  11|0x0000000082900000, 0x0000000082a00000, 0x0000000082a00000|100%| O|  |TAMS 0x0000000082a00000, 0x0000000082900000| Untracked 
|  12|0x0000000082a00000, 0x0000000082b00000, 0x0000000082b00000|100%| O|  |TAMS 0x0000000082b00000, 0x0000000082a00000| Untracked 
|  13|0x0000000082b00000, 0x0000000082c00000, 0x0000000082c00000|100%| O|  |TAMS 0x0000000082c00000, 0x0000000082b00000| Untracked 
|  14|0x0000000082c00000, 0x0000000082d00000, 0x0000000082d00000|100%| O|  |TAMS 0x0000000082d00000, 0x0000000082c00000| Untracked 
|  15|0x0000000082d00000, 0x0000000082e00000, 0x0000000082e00000|100%| O|  |TAMS 0x0000000082e00000, 0x0000000082d00000| Untracked 
|  16|0x0000000082e00000, 0x0000000082f00000, 0x0000000082f00000|100%| O|  |TAMS 0x0000000082f00000, 0x0000000082e00000| Untracked 
|  17|0x0000000082f00000, 0x0000000083000000, 0x0000000083000000|100%| O|  |TAMS 0x0000000082f00000, 0x0000000082f00000| Untracked 
|  18|0x0000000083000000, 0x0000000083100000, 0x0000000083100000|100%|HS|  |TAMS 0x0000000083100000, 0x0000000083000000| Complete 
|  19|0x0000000083100000, 0x0000000083200000, 0x0000000083200000|100%| O|  |TAMS 0x0000000083200000, 0x0000000083100000| Untracked 
|  20|0x0000000083200000, 0x0000000083300000, 0x0000000083300000|100%| O|  |TAMS 0x0000000083300000, 0x0000000083200000| Untracked 
|  21|0x0000000083300000, 0x0000000083400000, 0x0000000083400000|100%| O|  |TAMS 0x0000000083400000, 0x0000000083300000| Untracked 
|  22|0x0000000083400000, 0x0000000083500000, 0x0000000083500000|100%| O|  |TAMS 0x0000000083500000, 0x0000000083400000| Untracked 
|  23|0x0000000083500000, 0x0000000083600000, 0x0000000083600000|100%| O|  |TAMS 0x0000000083600000, 0x0000000083500000| Untracked 
|  24|0x0000000083600000, 0x0000000083700000, 0x0000000083700000|100%| O|  |TAMS 0x0000000083700000, 0x0000000083600000| Untracked 
|  25|0x0000000083700000, 0x0000000083800000, 0x0000000083800000|100%| O|  |TAMS 0x0000000083800000, 0x0000000083700000| Untracked 
|  26|0x0000000083800000, 0x0000000083900000, 0x0000000083900000|100%| O|  |TAMS 0x0000000083900000, 0x0000000083800000| Untracked 
|  27|0x0000000083900000, 0x0000000083a00000, 0x0000000083a00000|100%| O|  |TAMS 0x0000000083a00000, 0x0000000083900000| Untracked 
|  28|0x0000000083a00000, 0x0000000083b00000, 0x0000000083b00000|100%|HS|  |TAMS 0x0000000083b00000, 0x0000000083a00000| Complete 
|  29|0x0000000083b00000, 0x0000000083c00000, 0x0000000083c00000|100%|HC|  |TAMS 0x0000000083c00000, 0x0000000083b00000| Complete 
|  30|0x0000000083c00000, 0x0000000083d00000, 0x0000000083d00000|100%|HC|  |TAMS 0x0000000083d00000, 0x0000000083c00000| Complete 
|  31|0x0000000083d00000, 0x0000000083e00000, 0x0000000083e00000|100%|HC|  |TAMS 0x0000000083e00000, 0x0000000083d00000| Complete 
|  32|0x0000000083e00000, 0x0000000083f00000, 0x0000000083f00000|100%|HC|  |TAMS 0x0000000083f00000, 0x0000000083e00000| Complete 
|  33|0x0000000083f00000, 0x0000000084000000, 0x0000000084000000|100%|HC|  |TAMS 0x0000000084000000, 0x0000000083f00000| Complete 
|  34|0x0000000084000000, 0x0000000084100000, 0x0000000084100000|100%|HS|  |TAMS 0x0000000084100000, 0x0000000084000000| Complete 
|  35|0x0000000084100000, 0x0000000084200000, 0x0000000084200000|100%|HS|  |TAMS 0x0000000084200000, 0x0000000084100000| Complete 
|  36|0x0000000084200000, 0x0000000084300000, 0x0000000084300000|100%|HC|  |TAMS 0x0000000084300000, 0x0000000084200000| Complete 
|  37|0x0000000084300000, 0x0000000084400000, 0x0000000084400000|100%|HS|  |TAMS 0x0000000084400000, 0x0000000084300000| Complete 
|  38|0x0000000084400000, 0x0000000084500000, 0x0000000084500000|100%| O|  |TAMS 0x0000000084500000, 0x0000000084400000| Untracked 
|  39|0x0000000084500000, 0x0000000084600000, 0x0000000084600000|100%| O|  |TAMS 0x0000000084600000, 0x0000000084500000| Untracked 
|  40|0x0000000084600000, 0x0000000084700000, 0x0000000084700000|100%| O|  |TAMS 0x0000000084700000, 0x0000000084600000| Untracked 
|  41|0x0000000084700000, 0x0000000084800000, 0x0000000084800000|100%| O|  |TAMS 0x0000000084800000, 0x0000000084700000| Untracked 
|  42|0x0000000084800000, 0x0000000084900000, 0x0000000084900000|100%| O|  |TAMS 0x0000000084900000, 0x0000000084800000| Untracked 
|  43|0x0000000084900000, 0x0000000084a00000, 0x0000000084a00000|100%| O|  |TAMS 0x0000000084a00000, 0x0000000084900000| Untracked 
|  44|0x0000000084a00000, 0x0000000084b00000, 0x0000000084b00000|100%| O|  |TAMS 0x0000000084b00000, 0x0000000084a00000| Untracked 
|  45|0x0000000084b00000, 0x0000000084c00000, 0x0000000084c00000|100%| O|  |TAMS 0x0000000084c00000, 0x0000000084b00000| Untracked 
|  46|0x0000000084c00000, 0x0000000084d00000, 0x0000000084d00000|100%| O|  |TAMS 0x0000000084d00000, 0x0000000084c00000| Untracked 
|  47|0x0000000084d00000, 0x0000000084e00000, 0x0000000084e00000|100%| O|  |TAMS 0x0000000084e00000, 0x0000000084d00000| Untracked 
|  48|0x0000000084e00000, 0x0000000084f00000, 0x0000000084f00000|100%| O|  |TAMS 0x0000000084f00000, 0x0000000084e00000| Untracked 
|  49|0x0000000084f00000, 0x0000000085000000, 0x0000000085000000|100%| O|  |TAMS 0x0000000085000000, 0x0000000084f00000| Untracked 
|  50|0x0000000085000000, 0x0000000085100000, 0x0000000085100000|100%| O|  |TAMS 0x0000000085100000, 0x0000000085000000| Untracked 
|  51|0x0000000085100000, 0x0000000085200000, 0x0000000085200000|100%| O|  |TAMS 0x0000000085200000, 0x0000000085100000| Untracked 
|  52|0x0000000085200000, 0x0000000085300000, 0x0000000085300000|100%| O|  |TAMS 0x0000000085300000, 0x0000000085200000| Untracked 
|  53|0x0000000085300000, 0x0000000085400000, 0x0000000085400000|100%| O|  |TAMS 0x0000000085400000, 0x0000000085300000| Untracked 
|  54|0x0000000085400000, 0x0000000085500000, 0x0000000085500000|100%| O|  |TAMS 0x0000000085500000, 0x0000000085400000| Untracked 
|  55|0x0000000085500000, 0x0000000085600000, 0x0000000085600000|100%| O|  |TAMS 0x0000000085600000, 0x0000000085500000| Untracked 
|  56|0x0000000085600000, 0x0000000085700000, 0x0000000085700000|100%| O|  |TAMS 0x0000000085700000, 0x0000000085600000| Untracked 
|  57|0x0000000085700000, 0x0000000085800000, 0x0000000085800000|100%| O|  |TAMS 0x0000000085800000, 0x0000000085700000| Untracked 
|  58|0x0000000085800000, 0x0000000085900000, 0x0000000085900000|100%| O|  |TAMS 0x0000000085900000, 0x0000000085800000| Untracked 
|  59|0x0000000085900000, 0x0000000085a00000, 0x0000000085a00000|100%| O|  |TAMS 0x0000000085a00000, 0x0000000085900000| Untracked 
|  60|0x0000000085a00000, 0x0000000085b00000, 0x0000000085b00000|100%| O|  |TAMS 0x0000000085b00000, 0x0000000085a00000| Untracked 
|  61|0x0000000085b00000, 0x0000000085c00000, 0x0000000085c00000|100%| O|  |TAMS 0x0000000085c00000, 0x0000000085b00000| Untracked 
|  62|0x0000000085c00000, 0x0000000085d00000, 0x0000000085d00000|100%| O|  |TAMS 0x0000000085d00000, 0x0000000085c00000| Untracked 
|  63|0x0000000085d00000, 0x0000000085e00000, 0x0000000085e00000|100%| O|  |TAMS 0x0000000085e00000, 0x0000000085d00000| Untracked 
|  64|0x0000000085e00000, 0x0000000085f00000, 0x0000000085f00000|100%| O|  |TAMS 0x0000000085f00000, 0x0000000085e00000| Untracked 
|  65|0x0000000085f00000, 0x0000000086000000, 0x0000000086000000|100%| O|  |TAMS 0x0000000086000000, 0x0000000085f00000| Untracked 
|  66|0x0000000086000000, 0x0000000086100000, 0x0000000086100000|100%| O|  |TAMS 0x0000000086100000, 0x0000000086000000| Untracked 
|  67|0x0000000086100000, 0x0000000086100000, 0x0000000086200000|  0%| F|  |TAMS 0x0000000086100000, 0x0000000086100000| Untracked 
|  68|0x0000000086200000, 0x0000000086300000, 0x0000000086300000|100%| O|  |TAMS 0x0000000086300000, 0x0000000086200000| Untracked 
|  69|0x0000000086300000, 0x0000000086400000, 0x0000000086400000|100%| O|  |TAMS 0x0000000086400000, 0x0000000086300000| Untracked 
|  70|0x0000000086400000, 0x0000000086500000, 0x0000000086500000|100%| O|  |TAMS 0x0000000086500000, 0x0000000086400000| Untracked 
|  71|0x0000000086500000, 0x0000000086600000, 0x0000000086600000|100%| O|  |TAMS 0x0000000086600000, 0x0000000086500000| Untracked 
|  72|0x0000000086600000, 0x0000000086700000, 0x0000000086700000|100%| O|  |TAMS 0x0000000086700000, 0x0000000086600000| Untracked 
|  73|0x0000000086700000, 0x0000000086800000, 0x0000000086800000|100%| O|  |TAMS 0x0000000086800000, 0x0000000086700000| Untracked 
|  74|0x0000000086800000, 0x0000000086900000, 0x0000000086900000|100%| O|  |TAMS 0x0000000086800000, 0x0000000086800000| Untracked 
|  75|0x0000000086900000, 0x0000000086a00000, 0x0000000086a00000|100%| O|  |TAMS 0x0000000086900000, 0x0000000086900000| Untracked 
|  76|0x0000000086a00000, 0x0000000086b00000, 0x0000000086b00000|100%| O|  |TAMS 0x0000000086b00000, 0x0000000086a00000| Untracked 
|  77|0x0000000086b00000, 0x0000000086c00000, 0x0000000086c00000|100%| O|  |TAMS 0x0000000086c00000, 0x0000000086b00000| Untracked 
|  78|0x0000000086c00000, 0x0000000086d00000, 0x0000000086d00000|100%| O|  |TAMS 0x0000000086d00000, 0x0000000086c00000| Untracked 
|  79|0x0000000086d00000, 0x0000000086e00000, 0x0000000086e00000|100%| O|  |TAMS 0x0000000086e00000, 0x0000000086d00000| Untracked 
|  80|0x0000000086e00000, 0x0000000086f00000, 0x0000000086f00000|100%| O|  |TAMS 0x0000000086f00000, 0x0000000086e00000| Untracked 
|  81|0x0000000086f00000, 0x0000000087000000, 0x0000000087000000|100%| O|  |TAMS 0x0000000087000000, 0x0000000086f00000| Untracked 
|  82|0x0000000087000000, 0x0000000087100000, 0x0000000087100000|100%| O|  |TAMS 0x0000000087100000, 0x0000000087000000| Untracked 
|  83|0x0000000087100000, 0x0000000087200000, 0x0000000087200000|100%| O|  |TAMS 0x0000000087200000, 0x0000000087100000| Untracked 
|  84|0x0000000087200000, 0x0000000087300000, 0x0000000087300000|100%| O|  |TAMS 0x0000000087300000, 0x0000000087200000| Untracked 
|  85|0x0000000087300000, 0x0000000087400000, 0x0000000087400000|100%| O|  |TAMS 0x0000000087400000, 0x0000000087300000| Untracked 
|  86|0x0000000087400000, 0x0000000087400000, 0x0000000087500000|  0%| F|  |TAMS 0x0000000087400000, 0x0000000087400000| Untracked 
|  87|0x0000000087500000, 0x0000000087600000, 0x0000000087600000|100%| O|  |TAMS 0x0000000087600000, 0x0000000087500000| Untracked 
|  88|0x0000000087600000, 0x0000000087600000, 0x0000000087700000|  0%| F|  |TAMS 0x0000000087600000, 0x0000000087600000| Untracked 
|  89|0x0000000087700000, 0x0000000087800000, 0x0000000087800000|100%| O|  |TAMS 0x000000008778d000, 0x0000000087700000| Untracked 
|  90|0x0000000087800000, 0x0000000087900000, 0x0000000087900000|100%| O|  |TAMS 0x0000000087800000, 0x0000000087800000| Untracked 
|  91|0x0000000087900000, 0x0000000087a00000, 0x0000000087a00000|100%| O|  |TAMS 0x0000000087900000, 0x0000000087900000| Untracked 
|  92|0x0000000087a00000, 0x0000000087b00000, 0x0000000087b00000|100%| O|  |TAMS 0x0000000087a00000, 0x0000000087a00000| Untracked 
|  93|0x0000000087b00000, 0x0000000087b26e00, 0x0000000087c00000| 15%| O|  |TAMS 0x0000000087b00000, 0x0000000087b00000| Untracked 
|  94|0x0000000087c00000, 0x0000000087c00000, 0x0000000087d00000|  0%| F|  |TAMS 0x0000000087c00000, 0x0000000087c00000| Untracked 
|  95|0x0000000087d00000, 0x0000000087d00000, 0x0000000087e00000|  0%| F|  |TAMS 0x0000000087d00000, 0x0000000087d00000| Untracked 
|  96|0x0000000087e00000, 0x0000000087e00000, 0x0000000087f00000|  0%| F|  |TAMS 0x0000000087e00000, 0x0000000087e00000| Untracked 
|  97|0x0000000087f00000, 0x0000000087f00000, 0x0000000088000000|  0%| F|  |TAMS 0x0000000087f00000, 0x0000000087f00000| Untracked 
|  98|0x0000000088000000, 0x0000000088000000, 0x0000000088100000|  0%| F|  |TAMS 0x0000000088000000, 0x0000000088000000| Untracked 
|  99|0x0000000088100000, 0x0000000088100000, 0x0000000088200000|  0%| F|  |TAMS 0x0000000088100000, 0x0000000088100000| Untracked 
| 100|0x0000000088200000, 0x0000000088200000, 0x0000000088300000|  0%| F|  |TAMS 0x0000000088200000, 0x0000000088200000| Untracked 
| 101|0x0000000088300000, 0x0000000088300000, 0x0000000088400000|  0%| F|  |TAMS 0x0000000088300000, 0x0000000088300000| Untracked 
| 102|0x0000000088400000, 0x0000000088400000, 0x0000000088500000|  0%| F|  |TAMS 0x0000000088400000, 0x0000000088400000| Untracked 
| 103|0x0000000088500000, 0x0000000088500000, 0x0000000088600000|  0%| F|  |TAMS 0x0000000088500000, 0x0000000088500000| Untracked 
| 104|0x0000000088600000, 0x0000000088600000, 0x0000000088700000|  0%| F|  |TAMS 0x0000000088600000, 0x0000000088600000| Untracked 
| 105|0x0000000088700000, 0x0000000088700000, 0x0000000088800000|  0%| F|  |TAMS 0x0000000088700000, 0x0000000088700000| Untracked 
| 106|0x0000000088800000, 0x0000000088800000, 0x0000000088900000|  0%| F|  |TAMS 0x0000000088800000, 0x0000000088800000| Untracked 
| 107|0x0000000088900000, 0x0000000088900000, 0x0000000088a00000|  0%| F|  |TAMS 0x0000000088900000, 0x0000000088900000| Untracked 
| 108|0x0000000088a00000, 0x0000000088a00000, 0x0000000088b00000|  0%| F|  |TAMS 0x0000000088a00000, 0x0000000088a00000| Untracked 
| 109|0x0000000088b00000, 0x0000000088b00000, 0x0000000088c00000|  0%| F|  |TAMS 0x0000000088b00000, 0x0000000088b00000| Untracked 
| 110|0x0000000088c00000, 0x0000000088c00000, 0x0000000088d00000|  0%| F|  |TAMS 0x0000000088c00000, 0x0000000088c00000| Untracked 
| 111|0x0000000088d00000, 0x0000000088d00000, 0x0000000088e00000|  0%| F|  |TAMS 0x0000000088d00000, 0x0000000088d00000| Untracked 
| 112|0x0000000088e00000, 0x0000000088e75288, 0x0000000088f00000| 45%| S|CS|TAMS 0x0000000088e00000, 0x0000000088e00000| Complete 
| 113|0x0000000088f00000, 0x0000000089000000, 0x0000000089000000|100%| S|CS|TAMS 0x0000000088f00000, 0x0000000088f00000| Complete 
| 114|0x0000000089000000, 0x0000000089100000, 0x0000000089100000|100%| S|CS|TAMS 0x0000000089000000, 0x0000000089000000| Complete 
| 115|0x0000000089100000, 0x0000000089200000, 0x0000000089200000|100%| S|CS|TAMS 0x0000000089100000, 0x0000000089100000| Complete 
| 116|0x0000000089200000, 0x0000000089200000, 0x0000000089300000|  0%| F|  |TAMS 0x0000000089200000, 0x0000000089200000| Untracked 
| 117|0x0000000089300000, 0x0000000089300000, 0x0000000089400000|  0%| F|  |TAMS 0x0000000089300000, 0x0000000089300000| Untracked 
| 118|0x0000000089400000, 0x0000000089400000, 0x0000000089500000|  0%| F|  |TAMS 0x0000000089400000, 0x0000000089400000| Untracked 
| 119|0x0000000089500000, 0x0000000089500000, 0x0000000089600000|  0%| F|  |TAMS 0x0000000089500000, 0x0000000089500000| Untracked 
| 120|0x0000000089600000, 0x0000000089600000, 0x0000000089700000|  0%| F|  |TAMS 0x0000000089600000, 0x0000000089600000| Untracked 
| 121|0x0000000089700000, 0x0000000089700000, 0x0000000089800000|  0%| F|  |TAMS 0x0000000089700000, 0x0000000089700000| Untracked 
| 122|0x0000000089800000, 0x0000000089800000, 0x0000000089900000|  0%| F|  |TAMS 0x0000000089800000, 0x0000000089800000| Untracked 
| 123|0x0000000089900000, 0x0000000089900000, 0x0000000089a00000|  0%| F|  |TAMS 0x0000000089900000, 0x0000000089900000| Untracked 
| 124|0x0000000089a00000, 0x0000000089a00000, 0x0000000089b00000|  0%| F|  |TAMS 0x0000000089a00000, 0x0000000089a00000| Untracked 
| 125|0x0000000089b00000, 0x0000000089b00000, 0x0000000089c00000|  0%| F|  |TAMS 0x0000000089b00000, 0x0000000089b00000| Untracked 
| 126|0x0000000089c00000, 0x0000000089c00000, 0x0000000089d00000|  0%| F|  |TAMS 0x0000000089c00000, 0x0000000089c00000| Untracked 
| 127|0x0000000089d00000, 0x0000000089d00000, 0x0000000089e00000|  0%| F|  |TAMS 0x0000000089d00000, 0x0000000089d00000| Untracked 
| 128|0x0000000089e00000, 0x0000000089e00000, 0x0000000089f00000|  0%| F|  |TAMS 0x0000000089e00000, 0x0000000089e00000| Untracked 
| 129|0x0000000089f00000, 0x0000000089f00000, 0x000000008a000000|  0%| F|  |TAMS 0x0000000089f00000, 0x0000000089f00000| Untracked 
| 130|0x000000008a000000, 0x000000008a000000, 0x000000008a100000|  0%| F|  |TAMS 0x000000008a000000, 0x000000008a000000| Untracked 
| 131|0x000000008a100000, 0x000000008a100000, 0x000000008a200000|  0%| F|  |TAMS 0x000000008a100000, 0x000000008a100000| Untracked 
| 132|0x000000008a200000, 0x000000008a200000, 0x000000008a300000|  0%| F|  |TAMS 0x000000008a200000, 0x000000008a200000| Untracked 
| 133|0x000000008a300000, 0x000000008a300000, 0x000000008a400000|  0%| F|  |TAMS 0x000000008a300000, 0x000000008a300000| Untracked 
| 134|0x000000008a400000, 0x000000008a400000, 0x000000008a500000|  0%| F|  |TAMS 0x000000008a400000, 0x000000008a400000| Untracked 
| 135|0x000000008a500000, 0x000000008a500000, 0x000000008a600000|  0%| F|  |TAMS 0x000000008a500000, 0x000000008a500000| Untracked 
| 136|0x000000008a600000, 0x000000008a600000, 0x000000008a700000|  0%| F|  |TAMS 0x000000008a600000, 0x000000008a600000| Untracked 
| 137|0x000000008a700000, 0x000000008a700000, 0x000000008a800000|  0%| F|  |TAMS 0x000000008a700000, 0x000000008a700000| Untracked 
| 138|0x000000008a800000, 0x000000008a800000, 0x000000008a900000|  0%| F|  |TAMS 0x000000008a800000, 0x000000008a800000| Untracked 
| 139|0x000000008a900000, 0x000000008a900000, 0x000000008aa00000|  0%| F|  |TAMS 0x000000008a900000, 0x000000008a900000| Untracked 
| 140|0x000000008aa00000, 0x000000008aa00000, 0x000000008ab00000|  0%| F|  |TAMS 0x000000008aa00000, 0x000000008aa00000| Untracked 
| 141|0x000000008ab00000, 0x000000008ab00000, 0x000000008ac00000|  0%| F|  |TAMS 0x000000008ab00000, 0x000000008ab00000| Untracked 
| 142|0x000000008ac00000, 0x000000008ac00000, 0x000000008ad00000|  0%| F|  |TAMS 0x000000008ac00000, 0x000000008ac00000| Untracked 
| 143|0x000000008ad00000, 0x000000008ad00000, 0x000000008ae00000|  0%| F|  |TAMS 0x000000008ad00000, 0x000000008ad00000| Untracked 
| 144|0x000000008ae00000, 0x000000008ae00000, 0x000000008af00000|  0%| F|  |TAMS 0x000000008ae00000, 0x000000008ae00000| Untracked 
| 145|0x000000008af00000, 0x000000008af00000, 0x000000008b000000|  0%| F|  |TAMS 0x000000008af00000, 0x000000008af00000| Untracked 
| 146|0x000000008b000000, 0x000000008b000000, 0x000000008b100000|  0%| F|  |TAMS 0x000000008b000000, 0x000000008b000000| Untracked 
| 147|0x000000008b100000, 0x000000008b100000, 0x000000008b200000|  0%| F|  |TAMS 0x000000008b100000, 0x000000008b100000| Untracked 
| 148|0x000000008b200000, 0x000000008b200000, 0x000000008b300000|  0%| F|  |TAMS 0x000000008b200000, 0x000000008b200000| Untracked 
| 149|0x000000008b300000, 0x000000008b300000, 0x000000008b400000|  0%| F|  |TAMS 0x000000008b300000, 0x000000008b300000| Untracked 
| 150|0x000000008b400000, 0x000000008b400000, 0x000000008b500000|  0%| F|  |TAMS 0x000000008b400000, 0x000000008b400000| Untracked 
| 151|0x000000008b500000, 0x000000008b500000, 0x000000008b600000|  0%| F|  |TAMS 0x000000008b500000, 0x000000008b500000| Untracked 
| 152|0x000000008b600000, 0x000000008b600000, 0x000000008b700000|  0%| F|  |TAMS 0x000000008b600000, 0x000000008b600000| Untracked 
| 153|0x000000008b700000, 0x000000008b700000, 0x000000008b800000|  0%| F|  |TAMS 0x000000008b700000, 0x000000008b700000| Untracked 
| 154|0x000000008b800000, 0x000000008b800000, 0x000000008b900000|  0%| F|  |TAMS 0x000000008b800000, 0x000000008b800000| Untracked 
| 155|0x000000008b900000, 0x000000008b900000, 0x000000008ba00000|  0%| F|  |TAMS 0x000000008b900000, 0x000000008b900000| Untracked 
| 156|0x000000008ba00000, 0x000000008ba00000, 0x000000008bb00000|  0%| F|  |TAMS 0x000000008ba00000, 0x000000008ba00000| Untracked 
| 157|0x000000008bb00000, 0x000000008bb00000, 0x000000008bc00000|  0%| F|  |TAMS 0x000000008bb00000, 0x000000008bb00000| Untracked 
| 158|0x000000008bc00000, 0x000000008bc00000, 0x000000008bd00000|  0%| F|  |TAMS 0x000000008bc00000, 0x000000008bc00000| Untracked 
| 159|0x000000008bd00000, 0x000000008bd00000, 0x000000008be00000|  0%| F|  |TAMS 0x000000008bd00000, 0x000000008bd00000| Untracked 
| 160|0x000000008be00000, 0x000000008be00000, 0x000000008bf00000|  0%| F|  |TAMS 0x000000008be00000, 0x000000008be00000| Untracked 
| 161|0x000000008bf00000, 0x000000008bf00000, 0x000000008c000000|  0%| F|  |TAMS 0x000000008bf00000, 0x000000008bf00000| Untracked 
| 162|0x000000008c000000, 0x000000008c000000, 0x000000008c100000|  0%| F|  |TAMS 0x000000008c000000, 0x000000008c000000| Untracked 
| 163|0x000000008c100000, 0x000000008c100000, 0x000000008c200000|  0%| F|  |TAMS 0x000000008c100000, 0x000000008c100000| Untracked 
| 164|0x000000008c200000, 0x000000008c200000, 0x000000008c300000|  0%| F|  |TAMS 0x000000008c200000, 0x000000008c200000| Untracked 
| 165|0x000000008c300000, 0x000000008c300000, 0x000000008c400000|  0%| F|  |TAMS 0x000000008c300000, 0x000000008c300000| Untracked 
| 166|0x000000008c400000, 0x000000008c400000, 0x000000008c500000|  0%| F|  |TAMS 0x000000008c400000, 0x000000008c400000| Untracked 
| 167|0x000000008c500000, 0x000000008c500000, 0x000000008c600000|  0%| F|  |TAMS 0x000000008c500000, 0x000000008c500000| Untracked 
| 168|0x000000008c600000, 0x000000008c600000, 0x000000008c700000|  0%| F|  |TAMS 0x000000008c600000, 0x000000008c600000| Untracked 
| 169|0x000000008c700000, 0x000000008c700000, 0x000000008c800000|  0%| F|  |TAMS 0x000000008c700000, 0x000000008c700000| Untracked 
| 170|0x000000008c800000, 0x000000008c800000, 0x000000008c900000|  0%| F|  |TAMS 0x000000008c800000, 0x000000008c800000| Untracked 
| 171|0x000000008c900000, 0x000000008c900000, 0x000000008ca00000|  0%| F|  |TAMS 0x000000008c900000, 0x000000008c900000| Untracked 
| 172|0x000000008ca00000, 0x000000008ca00000, 0x000000008cb00000|  0%| F|  |TAMS 0x000000008ca00000, 0x000000008ca00000| Untracked 
| 173|0x000000008cb00000, 0x000000008cb00000, 0x000000008cc00000|  0%| F|  |TAMS 0x000000008cb00000, 0x000000008cb00000| Untracked 
| 174|0x000000008cc00000, 0x000000008cc00000, 0x000000008cd00000|  0%| F|  |TAMS 0x000000008cc00000, 0x000000008cc00000| Untracked 
| 175|0x000000008cd00000, 0x000000008cd00000, 0x000000008ce00000|  0%| F|  |TAMS 0x000000008cd00000, 0x000000008cd00000| Untracked 
| 176|0x000000008ce00000, 0x000000008ce00000, 0x000000008cf00000|  0%| F|  |TAMS 0x000000008ce00000, 0x000000008ce00000| Untracked 
| 177|0x000000008cf00000, 0x000000008cf00000, 0x000000008d000000|  0%| F|  |TAMS 0x000000008cf00000, 0x000000008cf00000| Untracked 
| 178|0x000000008d000000, 0x000000008d000000, 0x000000008d100000|  0%| F|  |TAMS 0x000000008d000000, 0x000000008d000000| Untracked 
| 179|0x000000008d100000, 0x000000008d100000, 0x000000008d200000|  0%| F|  |TAMS 0x000000008d100000, 0x000000008d100000| Untracked 
| 180|0x000000008d200000, 0x000000008d200000, 0x000000008d300000|  0%| F|  |TAMS 0x000000008d200000, 0x000000008d200000| Untracked 
| 181|0x000000008d300000, 0x000000008d300000, 0x000000008d400000|  0%| F|  |TAMS 0x000000008d300000, 0x000000008d300000| Untracked 
| 182|0x000000008d400000, 0x000000008d400000, 0x000000008d500000|  0%| F|  |TAMS 0x000000008d400000, 0x000000008d400000| Untracked 
| 183|0x000000008d500000, 0x000000008d500000, 0x000000008d600000|  0%| F|  |TAMS 0x000000008d500000, 0x000000008d500000| Untracked 
| 184|0x000000008d600000, 0x000000008d600000, 0x000000008d700000|  0%| F|  |TAMS 0x000000008d600000, 0x000000008d600000| Untracked 
| 185|0x000000008d700000, 0x000000008d700000, 0x000000008d800000|  0%| F|  |TAMS 0x000000008d700000, 0x000000008d700000| Untracked 
| 186|0x000000008d800000, 0x000000008d800000, 0x000000008d900000|  0%| F|  |TAMS 0x000000008d800000, 0x000000008d800000| Untracked 
| 187|0x000000008d900000, 0x000000008d900000, 0x000000008da00000|  0%| F|  |TAMS 0x000000008d900000, 0x000000008d900000| Untracked 
| 188|0x000000008da00000, 0x000000008da00000, 0x000000008db00000|  0%| F|  |TAMS 0x000000008da00000, 0x000000008da00000| Untracked 
| 189|0x000000008db00000, 0x000000008db00000, 0x000000008dc00000|  0%| F|  |TAMS 0x000000008db00000, 0x000000008db00000| Untracked 
| 190|0x000000008dc00000, 0x000000008dc00000, 0x000000008dd00000|  0%| F|  |TAMS 0x000000008dc00000, 0x000000008dc00000| Untracked 
| 191|0x000000008dd00000, 0x000000008dd00000, 0x000000008de00000|  0%| F|  |TAMS 0x000000008dd00000, 0x000000008dd00000| Untracked 
| 192|0x000000008de00000, 0x000000008de00000, 0x000000008df00000|  0%| F|  |TAMS 0x000000008de00000, 0x000000008de00000| Untracked 
| 193|0x000000008df00000, 0x000000008df00000, 0x000000008e000000|  0%| F|  |TAMS 0x000000008df00000, 0x000000008df00000| Untracked 
| 194|0x000000008e000000, 0x000000008e000000, 0x000000008e100000|  0%| F|  |TAMS 0x000000008e000000, 0x000000008e000000| Untracked 
| 195|0x000000008e100000, 0x000000008e100000, 0x000000008e200000|  0%| F|  |TAMS 0x000000008e100000, 0x000000008e100000| Untracked 
| 196|0x000000008e200000, 0x000000008e200000, 0x000000008e300000|  0%| F|  |TAMS 0x000000008e200000, 0x000000008e200000| Untracked 
| 197|0x000000008e300000, 0x000000008e300000, 0x000000008e400000|  0%| F|  |TAMS 0x000000008e300000, 0x000000008e300000| Untracked 
| 198|0x000000008e400000, 0x000000008e400000, 0x000000008e500000|  0%| F|  |TAMS 0x000000008e400000, 0x000000008e400000| Untracked 
| 199|0x000000008e500000, 0x000000008e500000, 0x000000008e600000|  0%| F|  |TAMS 0x000000008e500000, 0x000000008e500000| Untracked 
| 200|0x000000008e600000, 0x000000008e600000, 0x000000008e700000|  0%| F|  |TAMS 0x000000008e600000, 0x000000008e600000| Untracked 
| 201|0x000000008e700000, 0x000000008e700000, 0x000000008e800000|  0%| F|  |TAMS 0x000000008e700000, 0x000000008e700000| Untracked 
| 202|0x000000008e800000, 0x000000008e800000, 0x000000008e900000|  0%| F|  |TAMS 0x000000008e800000, 0x000000008e800000| Untracked 
| 203|0x000000008e900000, 0x000000008e900000, 0x000000008ea00000|  0%| F|  |TAMS 0x000000008e900000, 0x000000008e900000| Untracked 
| 204|0x000000008ea00000, 0x000000008ea00000, 0x000000008eb00000|  0%| F|  |TAMS 0x000000008ea00000, 0x000000008ea00000| Untracked 
| 205|0x000000008eb00000, 0x000000008eb00000, 0x000000008ec00000|  0%| F|  |TAMS 0x000000008eb00000, 0x000000008eb00000| Untracked 
| 206|0x000000008ec00000, 0x000000008ec00000, 0x000000008ed00000|  0%| F|  |TAMS 0x000000008ec00000, 0x000000008ec00000| Untracked 
| 207|0x000000008ed00000, 0x000000008ed00000, 0x000000008ee00000|  0%| F|  |TAMS 0x000000008ed00000, 0x000000008ed00000| Untracked 
| 208|0x000000008ee00000, 0x000000008ee00000, 0x000000008ef00000|  0%| F|  |TAMS 0x000000008ee00000, 0x000000008ee00000| Untracked 
| 209|0x000000008ef00000, 0x000000008ef00000, 0x000000008f000000|  0%| F|  |TAMS 0x000000008ef00000, 0x000000008ef00000| Untracked 
| 210|0x000000008f000000, 0x000000008f000000, 0x000000008f100000|  0%| F|  |TAMS 0x000000008f000000, 0x000000008f000000| Untracked 
| 211|0x000000008f100000, 0x000000008f100000, 0x000000008f200000|  0%| F|  |TAMS 0x000000008f100000, 0x000000008f100000| Untracked 
| 212|0x000000008f200000, 0x000000008f200000, 0x000000008f300000|  0%| F|  |TAMS 0x000000008f200000, 0x000000008f200000| Untracked 
| 213|0x000000008f300000, 0x000000008f300000, 0x000000008f400000|  0%| F|  |TAMS 0x000000008f300000, 0x000000008f300000| Untracked 
| 214|0x000000008f400000, 0x000000008f400000, 0x000000008f500000|  0%| F|  |TAMS 0x000000008f400000, 0x000000008f400000| Untracked 
| 215|0x000000008f500000, 0x000000008f500000, 0x000000008f600000|  0%| F|  |TAMS 0x000000008f500000, 0x000000008f500000| Untracked 
| 216|0x000000008f600000, 0x000000008f600000, 0x000000008f700000|  0%| F|  |TAMS 0x000000008f600000, 0x000000008f600000| Untracked 
| 217|0x000000008f700000, 0x000000008f700000, 0x000000008f800000|  0%| F|  |TAMS 0x000000008f700000, 0x000000008f700000| Untracked 
| 218|0x000000008f800000, 0x000000008f800000, 0x000000008f900000|  0%| F|  |TAMS 0x000000008f800000, 0x000000008f800000| Untracked 
| 219|0x000000008f900000, 0x000000008f900000, 0x000000008fa00000|  0%| F|  |TAMS 0x000000008f900000, 0x000000008f900000| Untracked 
| 220|0x000000008fa00000, 0x000000008fa00000, 0x000000008fb00000|  0%| F|  |TAMS 0x000000008fa00000, 0x000000008fa00000| Untracked 
| 221|0x000000008fb00000, 0x000000008fb00000, 0x000000008fc00000|  0%| F|  |TAMS 0x000000008fb00000, 0x000000008fb00000| Untracked 
| 222|0x000000008fc00000, 0x000000008fc00000, 0x000000008fd00000|  0%| F|  |TAMS 0x000000008fc00000, 0x000000008fc00000| Untracked 
| 223|0x000000008fd00000, 0x000000008fd00000, 0x000000008fe00000|  0%| F|  |TAMS 0x000000008fd00000, 0x000000008fd00000| Untracked 
| 224|0x000000008fe00000, 0x000000008fe00000, 0x000000008ff00000|  0%| F|  |TAMS 0x000000008fe00000, 0x000000008fe00000| Untracked 
| 225|0x000000008ff00000, 0x000000008ff00000, 0x0000000090000000|  0%| F|  |TAMS 0x000000008ff00000, 0x000000008ff00000| Untracked 
| 226|0x0000000090000000, 0x0000000090000000, 0x0000000090100000|  0%| F|  |TAMS 0x0000000090000000, 0x0000000090000000| Untracked 
| 227|0x0000000090100000, 0x0000000090100000, 0x0000000090200000|  0%| F|  |TAMS 0x0000000090100000, 0x0000000090100000| Untracked 
| 228|0x0000000090200000, 0x0000000090200000, 0x0000000090300000|  0%| F|  |TAMS 0x0000000090200000, 0x0000000090200000| Untracked 
| 229|0x0000000090300000, 0x0000000090300000, 0x0000000090400000|  0%| F|  |TAMS 0x0000000090300000, 0x0000000090300000| Untracked 
| 230|0x0000000090400000, 0x0000000090400000, 0x0000000090500000|  0%| F|  |TAMS 0x0000000090400000, 0x0000000090400000| Untracked 
| 231|0x0000000090500000, 0x0000000090500000, 0x0000000090600000|  0%| F|  |TAMS 0x0000000090500000, 0x0000000090500000| Untracked 
| 232|0x0000000090600000, 0x0000000090600000, 0x0000000090700000|  0%| F|  |TAMS 0x0000000090600000, 0x0000000090600000| Untracked 
| 233|0x0000000090700000, 0x0000000090700000, 0x0000000090800000|  0%| F|  |TAMS 0x0000000090700000, 0x0000000090700000| Untracked 
| 234|0x0000000090800000, 0x0000000090800000, 0x0000000090900000|  0%| F|  |TAMS 0x0000000090800000, 0x0000000090800000| Untracked 
| 235|0x0000000090900000, 0x0000000090900000, 0x0000000090a00000|  0%| F|  |TAMS 0x0000000090900000, 0x0000000090900000| Untracked 
| 236|0x0000000090a00000, 0x0000000090a00000, 0x0000000090b00000|  0%| F|  |TAMS 0x0000000090a00000, 0x0000000090a00000| Untracked 
| 237|0x0000000090b00000, 0x0000000090b00000, 0x0000000090c00000|  0%| F|  |TAMS 0x0000000090b00000, 0x0000000090b00000| Untracked 
| 238|0x0000000090c00000, 0x0000000090c00000, 0x0000000090d00000|  0%| F|  |TAMS 0x0000000090c00000, 0x0000000090c00000| Untracked 
| 239|0x0000000090d00000, 0x0000000090d00000, 0x0000000090e00000|  0%| F|  |TAMS 0x0000000090d00000, 0x0000000090d00000| Untracked 
| 240|0x0000000090e00000, 0x0000000090e00000, 0x0000000090f00000|  0%| F|  |TAMS 0x0000000090e00000, 0x0000000090e00000| Untracked 
| 241|0x0000000090f00000, 0x0000000090f00000, 0x0000000091000000|  0%| F|  |TAMS 0x0000000090f00000, 0x0000000090f00000| Untracked 
| 242|0x0000000091000000, 0x0000000091000000, 0x0000000091100000|  0%| F|  |TAMS 0x0000000091000000, 0x0000000091000000| Untracked 
| 243|0x0000000091100000, 0x0000000091100000, 0x0000000091200000|  0%| F|  |TAMS 0x0000000091100000, 0x0000000091100000| Untracked 
| 244|0x0000000091200000, 0x0000000091200000, 0x0000000091300000|  0%| F|  |TAMS 0x0000000091200000, 0x0000000091200000| Untracked 
| 245|0x0000000091300000, 0x0000000091300000, 0x0000000091400000|  0%| F|  |TAMS 0x0000000091300000, 0x0000000091300000| Untracked 
| 246|0x0000000091400000, 0x0000000091400000, 0x0000000091500000|  0%| F|  |TAMS 0x0000000091400000, 0x0000000091400000| Untracked 
| 247|0x0000000091500000, 0x0000000091500000, 0x0000000091600000|  0%| F|  |TAMS 0x0000000091500000, 0x0000000091500000| Untracked 
| 248|0x0000000091600000, 0x0000000091600000, 0x0000000091700000|  0%| F|  |TAMS 0x0000000091600000, 0x0000000091600000| Untracked 
| 249|0x0000000091700000, 0x0000000091700000, 0x0000000091800000|  0%| F|  |TAMS 0x0000000091700000, 0x0000000091700000| Untracked 
| 250|0x0000000091800000, 0x0000000091880000, 0x0000000091900000| 50%| E|  |TAMS 0x0000000091800000, 0x0000000091800000| Complete 
| 251|0x0000000091900000, 0x0000000091a00000, 0x0000000091a00000|100%| E|CS|TAMS 0x0000000091900000, 0x0000000091900000| Complete 
| 252|0x0000000091a00000, 0x0000000091b00000, 0x0000000091b00000|100%| E|CS|TAMS 0x0000000091a00000, 0x0000000091a00000| Complete 
| 253|0x0000000091b00000, 0x0000000091c00000, 0x0000000091c00000|100%| E|CS|TAMS 0x0000000091b00000, 0x0000000091b00000| Complete 
| 254|0x0000000091c00000, 0x0000000091d00000, 0x0000000091d00000|100%| E|CS|TAMS 0x0000000091c00000, 0x0000000091c00000| Complete 
| 255|0x0000000091d00000, 0x0000000091e00000, 0x0000000091e00000|100%| E|CS|TAMS 0x0000000091d00000, 0x0000000091d00000| Complete 
| 256|0x0000000091e00000, 0x0000000091f00000, 0x0000000091f00000|100%| E|CS|TAMS 0x0000000091e00000, 0x0000000091e00000| Complete 
| 257|0x0000000091f00000, 0x0000000092000000, 0x0000000092000000|100%| E|CS|TAMS 0x0000000091f00000, 0x0000000091f00000| Complete 
| 258|0x0000000092000000, 0x0000000092100000, 0x0000000092100000|100%| E|CS|TAMS 0x0000000092000000, 0x0000000092000000| Complete 
| 259|0x0000000092100000, 0x0000000092200000, 0x0000000092200000|100%| E|CS|TAMS 0x0000000092100000, 0x0000000092100000| Complete 
| 260|0x0000000092200000, 0x0000000092300000, 0x0000000092300000|100%| E|CS|TAMS 0x0000000092200000, 0x0000000092200000| Complete 
| 261|0x0000000092300000, 0x0000000092400000, 0x0000000092400000|100%| E|CS|TAMS 0x0000000092300000, 0x0000000092300000| Complete 
| 262|0x0000000092400000, 0x0000000092500000, 0x0000000092500000|100%| E|CS|TAMS 0x0000000092400000, 0x0000000092400000| Complete 
| 263|0x0000000092500000, 0x0000000092600000, 0x0000000092600000|100%| E|CS|TAMS 0x0000000092500000, 0x0000000092500000| Complete 
| 264|0x0000000092600000, 0x0000000092700000, 0x0000000092700000|100%| E|CS|TAMS 0x0000000092600000, 0x0000000092600000| Complete 
| 265|0x0000000092700000, 0x0000000092800000, 0x0000000092800000|100%| E|CS|TAMS 0x0000000092700000, 0x0000000092700000| Complete 

Card table byte_map: [0x000001f9764d0000,0x000001f9768d0000] _byte_map_base: 0x000001f9760c1000

Marking Bits (Prev, Next): (CMBitMap*) 0x000001f96e279b70, (CMBitMap*) 0x000001f96e279b30
 Prev Bits: [0x000001f978c60000, 0x000001f97abe8000)
 Next Bits: [0x000001f976cd0000, 0x000001f978c58000)

Polling page: 0x000001f96c140000

Metaspace:

Usage:
  Non-class:     68.55 MB used.
      Class:      7.93 MB used.
       Both:     76.48 MB used.

Virtual space:
  Non-class space:      128.00 MB reserved,      68.81 MB ( 54%) committed,  2 nodes.
      Class space:        1.00 GB reserved,       8.12 MB ( <1%) committed,  1 nodes.
             Both:        1.12 GB reserved,      76.94 MB (  7%) committed. 

Chunk freelists:
   Non-Class:  10.66 MB
       Class:  7.81 MB
        Both:  18.47 MB

MaxMetaspaceSize: unlimited
CompressedClassSpaceSize: 1.00 GB
Initial GC threshold: 21.00 MB
Current GC threshold: 114.19 MB
CDS: on
MetaspaceReclaimPolicy: balanced
 - commit_granule_bytes: 65536.
 - commit_granule_words: 8192.
 - virtual_space_node_default_size: 8388608.
 - enlarge_chunks_in_place: 1.
 - new_chunks_are_fully_committed: 0.
 - uncommit_free_chunks: 1.
 - use_allocation_guard: 0.
 - handle_deallocations: 1.


Internal statistics:

num_allocs_failed_limit: 6.
num_arena_births: 542.
num_arena_deaths: 0.
num_vsnodes_births: 3.
num_vsnodes_deaths: 0.
num_space_committed: 1229.
num_space_uncommitted: 0.
num_chunks_returned_to_freelist: 6.
num_chunks_taken_from_freelist: 3478.
num_chunk_merges: 6.
num_chunk_splits: 2680.
num_chunks_enlarged: 2328.
num_inconsistent_stats: 0.

CodeHeap 'non-profiled nmethods': size=120000Kb used=7915Kb max_used=7915Kb free=112084Kb
 bounds [0x000001f907ad0000, 0x000001f908290000, 0x000001f90f000000]
CodeHeap 'profiled nmethods': size=120000Kb used=48092Kb max_used=48092Kb free=71907Kb
 bounds [0x000001f900000000, 0x000001f902f00000, 0x000001f907530000]
CodeHeap 'non-nmethods': size=5760Kb used=1436Kb max_used=1505Kb free=4323Kb
 bounds [0x000001f907530000, 0x000001f9077a0000, 0x000001f907ad0000]
 total_blobs=15840 nmethods=15074 adapters=674
 compilation: enabled
              stopped_count=0, restarted_count=0
 full_count=0

Compilation events (20 events):
Event: 50.362 Thread 0x000001f97d645310 nmethod 18061 0x000001f902ed6590 code [0x000001f902ed67e0, 0x000001f902ed6e68]
Event: 50.362 Thread 0x000001f97d645310 18062       2       org.jetbrains.kotlin.ir.expressions.IrExpressionsKt::isTransparentScope (11 bytes)
Event: 50.363 Thread 0x000001f97d645310 nmethod 18062 0x000001f902ed7210 code [0x000001f902ed73e0, 0x000001f902ed76b8]
Event: 50.363 Thread 0x000001f97d645310 18063       2       org.jetbrains.org.objectweb.asm.tree.MethodNode::visitInvokeDynamicInsn (20 bytes)
Event: 50.363 Thread 0x000001f97d645310 nmethod 18063 0x000001f902ed7890 code [0x000001f902ed7a40, 0x000001f902ed7d68]
Event: 50.363 Thread 0x000001f97d645310 18064       1       org.jetbrains.kotlin.ir.declarations.impl.IrFunctionImpl::isOperator (5 bytes)
Event: 50.364 Thread 0x000001f97d645310 nmethod 18064 0x000001f90828a190 code [0x000001f90828a320, 0x000001f90828a3f8]
Event: 50.364 Thread 0x000001f97d645310 18065       2       org.jetbrains.kotlin.codegen.inline.ReifiedTypeParametersUsages::<init> (19 bytes)
Event: 50.365 Thread 0x000001f97d645310 nmethod 18065 0x000001f902ed7e90 code [0x000001f902ed8040, 0x000001f902ed82d8]
Event: 50.365 Thread 0x000001f97d645310 18066       2       org.jetbrains.kotlin.codegen.inline.MethodInliner$prepareNode$transformationVisitor$1::visitLocalVariable (124 bytes)
Event: 50.366 Thread 0x000001f97d645310 nmethod 18066 0x000001f902ed8390 code [0x000001f902ed8680, 0x000001f902ed8fc8]
Event: 50.366 Thread 0x000001f97d645310 18067       2       org.jetbrains.kotlin.codegen.inline.CapturedParamInfo::getOriginalFieldName (8 bytes)
Event: 50.367 Thread 0x000001f97d645310 nmethod 18067 0x000001f902ed9610 code [0x000001f902ed97a0, 0x000001f902ed98b8]
Event: 50.367 Thread 0x000001f97d645310 18068       2       org.jetbrains.org.objectweb.asm.commons.InstructionAdapter::getstatic (14 bytes)
Event: 50.367 Thread 0x000001f97d645310 nmethod 18068 0x000001f902ed9990 code [0x000001f902ed9b40, 0x000001f902ed9c88]
Event: 50.367 Thread 0x000001f97d645310 18069       2       org.jetbrains.org.objectweb.asm.commons.Remapper::mapDesc (12 bytes)
Event: 50.367 Thread 0x000001f97d645310 nmethod 18069 0x000001f902ed9d90 code [0x000001f902ed9f60, 0x000001f902eda0e8]
Event: 50.368 Thread 0x000001f97d645310 18070       3       org.jetbrains.kotlin.codegen.optimization.RedundantCheckCastEliminationMethodTransformer::getTypeAdjustmentForALoadInstructions (179 bytes)
Event: 50.370 Thread 0x000001f97d645310 nmethod 18070 0x000001f902eda290 code [0x000001f902eda5c0, 0x000001f902edbb18]
Event: 50.371 Thread 0x000001f97d645310 18072       2       org.jetbrains.org.objectweb.asm.MethodWriter::visitParameter (57 bytes)

GC Heap History (20 events):
Event: 33.583 GC heap before
{Heap before GC invocations=23 (full 0):
 garbage-first heap   total 138240K, used 114109K [0x0000000081e00000, 0x0000000100000000)
  region size 1024K, 30 young (30720K), 1 survivors (1024K)
 Metaspace       used 55561K, committed 55936K, reserved 1114112K
  class space    used 6257K, committed 6464K, reserved 1048576K
}
Event: 33.597 GC heap after
{Heap after GC invocations=24 (full 0):
 garbage-first heap   total 138240K, used 86769K [0x0000000081e00000, 0x0000000100000000)
  region size 1024K, 3 young (3072K), 3 survivors (3072K)
 Metaspace       used 55561K, committed 55936K, reserved 1114112K
  class space    used 6257K, committed 6464K, reserved 1048576K
}
Event: 36.178 GC heap before
{Heap before GC invocations=25 (full 0):
 garbage-first heap   total 148480K, used 114417K [0x0000000081e00000, 0x0000000100000000)
  region size 1024K, 30 young (30720K), 3 survivors (3072K)
 Metaspace       used 55787K, committed 56192K, reserved 1114112K
  class space    used 6265K, committed 6464K, reserved 1048576K
}
Event: 36.195 GC heap after
{Heap after GC invocations=26 (full 0):
 garbage-first heap   total 148480K, used 89001K [0x0000000081e00000, 0x0000000100000000)
  region size 1024K, 3 young (3072K), 3 survivors (3072K)
 Metaspace       used 55787K, committed 56192K, reserved 1114112K
  class space    used 6265K, committed 6464K, reserved 1048576K
}
Event: 36.570 GC heap before
{Heap before GC invocations=26 (full 0):
 garbage-first heap   total 148480K, used 93097K [0x0000000081e00000, 0x0000000100000000)
  region size 1024K, 7 young (7168K), 3 survivors (3072K)
 Metaspace       used 55809K, committed 56192K, reserved 1114112K
  class space    used 6265K, committed 6464K, reserved 1048576K
}
Event: 36.578 GC heap after
{Heap after GC invocations=27 (full 0):
 garbage-first heap   total 148480K, used 88656K [0x0000000081e00000, 0x0000000100000000)
  region size 1024K, 1 young (1024K), 1 survivors (1024K)
 Metaspace       used 55809K, committed 56192K, reserved 1114112K
  class space    used 6265K, committed 6464K, reserved 1048576K
}
Event: 38.717 GC heap before
{Heap before GC invocations=27 (full 0):
 garbage-first heap   total 148480K, used 123472K [0x0000000081e00000, 0x0000000100000000)
  region size 1024K, 35 young (35840K), 1 survivors (1024K)
 Metaspace       used 57049K, committed 57472K, reserved 1114112K
  class space    used 6372K, committed 6592K, reserved 1048576K
}
Event: 38.726 GC heap after
{Heap after GC invocations=28 (full 0):
 garbage-first heap   total 148480K, used 89977K [0x0000000081e00000, 0x0000000100000000)
  region size 1024K, 2 young (2048K), 2 survivors (2048K)
 Metaspace       used 57049K, committed 57472K, reserved 1114112K
  class space    used 6372K, committed 6592K, reserved 1048576K
}
Event: 41.079 GC heap before
{Heap before GC invocations=29 (full 0):
 garbage-first heap   total 155648K, used 123769K [0x0000000081e00000, 0x0000000100000000)
  region size 1024K, 35 young (35840K), 2 survivors (2048K)
 Metaspace       used 62812K, committed 63296K, reserved 1114112K
  class space    used 6939K, committed 7168K, reserved 1048576K
}
Event: 41.094 GC heap after
{Heap after GC invocations=30 (full 0):
 garbage-first heap   total 155648K, used 91761K [0x0000000081e00000, 0x0000000100000000)
  region size 1024K, 4 young (4096K), 4 survivors (4096K)
 Metaspace       used 62812K, committed 63296K, reserved 1114112K
  class space    used 6939K, committed 7168K, reserved 1048576K
}
Event: 41.467 GC heap before
{Heap before GC invocations=30 (full 0):
 garbage-first heap   total 155648K, used 94833K [0x0000000081e00000, 0x0000000100000000)
  region size 1024K, 7 young (7168K), 4 survivors (4096K)
 Metaspace       used 63012K, committed 63488K, reserved 1114112K
  class space    used 6944K, committed 7168K, reserved 1048576K
}
Event: 41.480 GC heap after
{Heap after GC invocations=31 (full 0):
 garbage-first heap   total 155648K, used 91691K [0x0000000081e00000, 0x0000000100000000)
  region size 1024K, 1 young (1024K), 1 survivors (1024K)
 Metaspace       used 63012K, committed 63488K, reserved 1114112K
  class space    used 6944K, committed 7168K, reserved 1048576K
}
Event: 44.263 GC heap before
{Heap before GC invocations=31 (full 0):
 garbage-first heap   total 155648K, used 129579K [0x0000000081e00000, 0x0000000100000000)
  region size 1024K, 38 young (38912K), 1 survivors (1024K)
 Metaspace       used 69705K, committed 70144K, reserved 1114112K
  class space    used 7529K, committed 7744K, reserved 1048576K
}
Event: 44.275 GC heap after
{Heap after GC invocations=32 (full 0):
 garbage-first heap   total 155648K, used 94038K [0x0000000081e00000, 0x0000000100000000)
  region size 1024K, 4 young (4096K), 4 survivors (4096K)
 Metaspace       used 69705K, committed 70144K, reserved 1114112K
  class space    used 7529K, committed 7744K, reserved 1048576K
}
Event: 47.189 GC heap before
{Heap before GC invocations=33 (full 0):
 garbage-first heap   total 158720K, used 127830K [0x0000000081e00000, 0x0000000100000000)
  region size 1024K, 39 young (39936K), 4 survivors (4096K)
 Metaspace       used 73601K, committed 74048K, reserved 1179648K
  class space    used 7790K, committed 8000K, reserved 1048576K
}
Event: 47.205 GC heap after
{Heap after GC invocations=34 (full 0):
 garbage-first heap   total 158720K, used 94883K [0x0000000081e00000, 0x0000000100000000)
  region size 1024K, 4 young (4096K), 4 survivors (4096K)
 Metaspace       used 73601K, committed 74048K, reserved 1179648K
  class space    used 7790K, committed 8000K, reserved 1048576K
}
Event: 47.341 GC heap before
{Heap before GC invocations=34 (full 0):
 garbage-first heap   total 158720K, used 96931K [0x0000000081e00000, 0x0000000100000000)
  region size 1024K, 7 young (7168K), 4 survivors (4096K)
 Metaspace       used 74428K, committed 74880K, reserved 1179648K
  class space    used 7855K, committed 8064K, reserved 1048576K
}
Event: 47.353 GC heap after
{Heap after GC invocations=35 (full 0):
 garbage-first heap   total 158720K, used 92904K [0x0000000081e00000, 0x0000000100000000)
  region size 1024K, 1 young (1024K), 1 survivors (1024K)
 Metaspace       used 74428K, committed 74880K, reserved 1179648K
  class space    used 7855K, committed 8064K, reserved 1048576K
}
Event: 49.705 GC heap before
{Heap before GC invocations=35 (full 0):
 garbage-first heap   total 158720K, used 131816K [0x0000000081e00000, 0x0000000100000000)
  region size 1024K, 39 young (39936K), 1 survivors (1024K)
 Metaspace       used 78028K, committed 78528K, reserved 1179648K
  class space    used 8113K, committed 8320K, reserved 1048576K
}
Event: 49.716 GC heap after
{Heap after GC invocations=36 (full 0):
 garbage-first heap   total 272384K, used 95856K [0x0000000081e00000, 0x0000000100000000)
  region size 1024K, 4 young (4096K), 4 survivors (4096K)
 Metaspace       used 78028K, committed 78528K, reserved 1179648K
  class space    used 8113K, committed 8320K, reserved 1048576K
}

Dll operation events (7 events):
Event: 0.013 Loaded shared library C:\Program Files\Eclipse Adoptium\jdk-17.0.19.10-hotspot\bin\java.dll
Event: 0.043 Loaded shared library C:\Program Files\Eclipse Adoptium\jdk-17.0.19.10-hotspot\bin\jsvml.dll
Event: 0.093 Loaded shared library C:\Program Files\Eclipse Adoptium\jdk-17.0.19.10-hotspot\bin\net.dll
Event: 0.095 Loaded shared library C:\Program Files\Eclipse Adoptium\jdk-17.0.19.10-hotspot\bin\nio.dll
Event: 0.145 Loaded shared library C:\Program Files\Eclipse Adoptium\jdk-17.0.19.10-hotspot\bin\zip.dll
Event: 0.189 Loaded shared library C:\Program Files\Eclipse Adoptium\jdk-17.0.19.10-hotspot\bin\jimage.dll
Event: 3.334 Loaded shared library C:\Program Files\Eclipse Adoptium\jdk-17.0.19.10-hotspot\bin\verify.dll

Deoptimization events (20 events):
Event: 48.975 Thread 0x000001f96e21d2f0 DEOPT PACKING pc=0x000001f90825a794 sp=0x000000a6ed8fd6b0
Event: 48.975 Thread 0x000001f96e21d2f0 DEOPT UNPACKING pc=0x000001f9075869a3 sp=0x000000a6ed8fd690 mode 2
Event: 49.533 Thread 0x000001f96e21d2f0 Uncommon trap: trap_request=0xffffff45 fr.pc=0x000001f908267468 relative=0x0000000000003528
Event: 49.533 Thread 0x000001f96e21d2f0 Uncommon trap: reason=unstable_if action=reinterpret pc=0x000001f908267468 method=org.jetbrains.org.objectweb.asm.tree.analysis.Frame.execute(Lorg/jetbrains/org/objectweb/asm/tree/AbstractInsnNode;Lorg/jetbrains/org/objectweb/asm/tree/analysis/Interpreter
Event: 49.533 Thread 0x000001f96e21d2f0 DEOPT PACKING pc=0x000001f908267468 sp=0x000000a6ed8fc430
Event: 49.533 Thread 0x000001f96e21d2f0 DEOPT UNPACKING pc=0x000001f9075869a3 sp=0x000000a6ed8fc410 mode 2
Event: 49.837 Thread 0x000001f96e21d2f0 DEOPT PACKING pc=0x000001f902b9e824 sp=0x000000a6ed8fd570
Event: 49.837 Thread 0x000001f96e21d2f0 DEOPT UNPACKING pc=0x000001f907587143 sp=0x000000a6ed8fcab8 mode 0
Event: 49.886 Thread 0x000001f96e21d2f0 Uncommon trap: trap_request=0xffffff45 fr.pc=0x000001f908270b00 relative=0x0000000000000340
Event: 49.886 Thread 0x000001f96e21d2f0 Uncommon trap: reason=unstable_if action=reinterpret pc=0x000001f908270b00 method=org.jetbrains.org.objectweb.asm.Frame.merge(Lorg/jetbrains/org/objectweb/asm/SymbolTable;I[II)Z @ 275 c2
Event: 49.886 Thread 0x000001f96e21d2f0 DEOPT PACKING pc=0x000001f908270b00 sp=0x000000a6ed8fdaa0
Event: 49.886 Thread 0x000001f96e21d2f0 DEOPT UNPACKING pc=0x000001f9075869a3 sp=0x000000a6ed8fda08 mode 2
Event: 50.077 Thread 0x000001f96e21d2f0 Uncommon trap: trap_request=0xffffff45 fr.pc=0x000001f90809d014 relative=0x00000000000000f4
Event: 50.077 Thread 0x000001f96e21d2f0 Uncommon trap: reason=unstable_if action=reinterpret pc=0x000001f90809d014 method=org.jetbrains.kotlin.codegen.optimization.common.FastAnalyzer.processControlFlowEdge(Lorg/jetbrains/org/objectweb/asm/tree/analysis/Frame;Lorg/jetbrains/org/objectweb/asm/tr
Event: 50.077 Thread 0x000001f96e21d2f0 DEOPT PACKING pc=0x000001f90809d014 sp=0x000000a6ed8fd6c0
Event: 50.077 Thread 0x000001f96e21d2f0 DEOPT UNPACKING pc=0x000001f9075869a3 sp=0x000000a6ed8fd5b8 mode 2
Event: 50.081 Thread 0x000001f96e21d2f0 Uncommon trap: trap_request=0xffffff45 fr.pc=0x000001f90826ac5c relative=0x000000000000103c
Event: 50.081 Thread 0x000001f96e21d2f0 Uncommon trap: reason=unstable_if action=reinterpret pc=0x000001f90826ac5c method=org.jetbrains.kotlin.codegen.optimization.common.FastAnalyzer.analyzeInstruction(Lorg/jetbrains/org/objectweb/asm/tree/AbstractInsnNode;ILorg/jetbrains/org/objectweb/asm/tre
Event: 50.081 Thread 0x000001f96e21d2f0 DEOPT PACKING pc=0x000001f90826ac5c sp=0x000000a6ed8fd7a0
Event: 50.081 Thread 0x000001f96e21d2f0 DEOPT UNPACKING pc=0x000001f9075869a3 sp=0x000000a6ed8fd738 mode 2

Classes loaded (20 events):
Event: 33.563 Loading class java/util/regex/Pattern$LookBehindEndNode
Event: 33.563 Loading class java/util/regex/Pattern$LookBehindEndNode done
Event: 33.564 Loading class java/util/regex/Pattern$NotBehind
Event: 33.564 Loading class java/util/regex/Pattern$NotBehind done
Event: 39.659 Loading class java/text/MessageFormat
Event: 39.662 Loading class java/text/MessageFormat done
Event: 39.677 Loading class jdk/internal/reflect/UnsafeBooleanFieldAccessorImpl
Event: 39.678 Loading class jdk/internal/reflect/UnsafeBooleanFieldAccessorImpl done
Event: 39.678 Loading class jdk/internal/reflect/UnsafeQualifiedObjectFieldAccessorImpl
Event: 39.678 Loading class jdk/internal/reflect/UnsafeQualifiedFieldAccessorImpl
Event: 39.679 Loading class jdk/internal/reflect/UnsafeQualifiedFieldAccessorImpl done
Event: 39.679 Loading class jdk/internal/reflect/UnsafeQualifiedObjectFieldAccessorImpl done
Event: 39.741 Loading class java/text/ChoiceFormat
Event: 39.742 Loading class java/text/ChoiceFormat done
Event: 39.770 Loading class java/text/MessageFormat$Field
Event: 39.770 Loading class java/text/MessageFormat$Field done
Event: 47.119 Loading class java/lang/TypeNotPresentException
Event: 47.119 Loading class java/lang/TypeNotPresentException done
Event: 47.429 Loading class java/util/Vector$Itr
Event: 47.430 Loading class java/util/Vector$Itr done

Classes unloaded (0 events):
No events

Classes redefined (0 events):
No events

Internal exceptions (20 events):
Event: 40.473 Thread 0x000001f96e21d2f0 Exception <a 'java/lang/NoSuchMethodError'{0x0000000089cccbb0}: 'java.lang.Object java.lang.invoke.Invokers$Holder.linkToTargetMethod(java.lang.Object, java.lang.Object, int, int, java.lang.Object, java.lang.Object, java.lang.Object, java.lang.Object, java.lang.Object)'> (0x0000000089cccbb0) 
thrown [s\src\hotspot\share\interpreter\linkResolver.cpp, line 759]
Event: 40.925 Thread 0x000001f96e21d2f0 Exception <a 'java/lang/NoSuchMethodError'{0x0000000089652e20}: 'java.lang.Object java.lang.invoke.DirectMethodHandle$Holder.invokeStatic(java.lang.Object, java.lang.Object, java.lang.Object, int, int, java.lang.Object, java.lang.Object, java.lang.Object)'> (0x0000000089652e20) 
thrown [s\src\hotspot\share\interpreter\linkResolver.cpp, line 759]
Event: 40.927 Thread 0x000001f96e21d2f0 Exception <a 'java/lang/NoSuchMethodError'{0x000000008965bab8}: 'java.lang.Object java.lang.invoke.DirectMethodHandle$Holder.newInvokeSpecial(java.lang.Object, java.lang.Object, java.lang.Object, int, int)'> (0x000000008965bab8) 
thrown [s\src\hotspot\share\interpreter\linkResolver.cpp, line 759]
Event: 40.927 Thread 0x000001f96e21d2f0 Exception <a 'java/lang/NoSuchMethodError'{0x000000008965f8f8}: 'java.lang.Object java.lang.invoke.DirectMethodHandle$Holder.invokeSpecial(java.lang.Object, java.lang.Object, java.lang.Object, java.lang.Object, int, int)'> (0x000000008965f8f8) 
thrown [s\src\hotspot\share\interpreter\linkResolver.cpp, line 759]
Event: 40.928 Thread 0x000001f96e21d2f0 Exception <a 'java/lang/NoSuchMethodError'{0x0000000089663338}: 'java.lang.Object java.lang.invoke.Invokers$Holder.linkToTargetMethod(java.lang.Object, java.lang.Object, int, int, java.lang.Object)'> (0x0000000089663338) 
thrown [s\src\hotspot\share\interpreter\linkResolver.cpp, line 759]
Event: 41.068 Thread 0x000001f96e21d2f0 Exception <a 'java/lang/NoSuchMethodError'{0x00000000895d73e8}: 'java.lang.Object java.lang.invoke.DirectMethodHandle$Holder.newInvokeSpecial(java.lang.Object, int, int, java.lang.Object, java.lang.Object, java.lang.Object, java.lang.Object, java.lang.Object)'> (0x00000000895d73e8) 
thrown [s\src\hotspot\share\interpreter\linkResolver.cpp, line 759]
Event: 41.069 Thread 0x000001f96e21d2f0 Exception <a 'java/lang/NoSuchMethodError'{0x00000000895dc5c8}: 'java.lang.Object java.lang.invoke.DirectMethodHandle$Holder.invokeSpecial(java.lang.Object, java.lang.Object, int, int, java.lang.Object, java.lang.Object, java.lang.Object, java.lang.Object, java.lang.Object)'> (0x00000000895dc5c8) 
thrown [s\src\hotspot\share\interpreter\linkResolver.cpp, line 759]
Event: 42.813 Thread 0x000001f96e21d2f0 Exception <a 'java/lang/NoSuchMethodError'{0x000000008a20ac30}: 'java.lang.Object java.lang.invoke.DirectMethodHandle$Holder.invokeSpecial(java.lang.Object, java.lang.Object, int, java.lang.Object, int)'> (0x000000008a20ac30) 
thrown [s\src\hotspot\share\interpreter\linkResolver.cpp, line 759]
Event: 43.877 Thread 0x000001f96e21d2f0 Exception <a 'java/lang/NoSuchMethodError'{0x00000000896a0d58}: 'java.lang.Object java.lang.invoke.DirectMethodHandle$Holder.invokeStatic(java.lang.Object, java.lang.Object, int, java.lang.Object, java.lang.Object)'> (0x00000000896a0d58) 
thrown [s\src\hotspot\share\interpreter\linkResolver.cpp, line 759]
Event: 44.843 Thread 0x000001f96e21d2f0 Implicit null exception at 0x000001f907d8a6d2 to 0x000001f907d8a7c5
Event: 44.843 Thread 0x000001f96e21d2f0 Implicit null exception at 0x000001f9081c94d2 to 0x000001f9081c957d
Event: 47.375 Thread 0x000001f96e21d2f0 Exception <a 'java/lang/NoSuchMethodError'{0x000000008b899940}: 'java.lang.Object java.lang.invoke.DirectMethodHandle$Holder.invokeStatic(java.lang.Object, int, int)'> (0x000000008b899940) 
thrown [s\src\hotspot\share\interpreter\linkResolver.cpp, line 759]
Event: 47.466 Thread 0x000001f96e21d2f0 Exception <a 'java/lang/NoSuchMethodError'{0x000000008b6a6888}: 'java.lang.Object java.lang.invoke.DirectMethodHandle$Holder.invokeStatic(java.lang.Object, java.lang.Object, int, int)'> (0x000000008b6a6888) 
thrown [s\src\hotspot\share\interpreter\linkResolver.cpp, line 759]
Event: 48.416 Thread 0x000001f96e21d2f0 Implicit null exception at 0x000001f9080a4495 to 0x000001f9080a6c18
Event: 48.983 Thread 0x000001f96e21d2f0 Exception <a 'java/lang/NoSuchMethodError'{0x000000008a0bf560}: 'java.lang.Object java.lang.invoke.DirectMethodHandle$Holder.invokeStatic(java.lang.Object, java.lang.Object, java.lang.Object, java.lang.Object, java.lang.Object, int)'> (0x000000008a0bf560) 
thrown [s\src\hotspot\share\interpreter\linkResolver.cpp, line 759]
Event: 48.984 Thread 0x000001f96e21d2f0 Exception <a 'java/lang/NoSuchMethodError'{0x000000008a0c8738}: 'java.lang.Object java.lang.invoke.DirectMethodHandle$Holder.newInvokeSpecial(java.lang.Object, java.lang.Object, java.lang.Object, java.lang.Object, java.lang.Object, int)'> (0x000000008a0c8738) 
thrown [s\src\hotspot\share\interpreter\linkResolver.cpp, line 759]
Event: 48.985 Thread 0x000001f96e21d2f0 Exception <a 'java/lang/NoSuchMethodError'{0x000000008a0cc7b0}: 'java.lang.Object java.lang.invoke.Invokers$Holder.linkToTargetMethod(java.lang.Object, java.lang.Object, java.lang.Object, java.lang.Object, int, java.lang.Object)'> (0x000000008a0cc7b0) 
thrown [s\src\hotspot\share\interpreter\linkResolver.cpp, line 759]
Event: 50.078 Thread 0x000001f96e21d2f0 Exception <a 'java/lang/NoSuchMethodError'{0x00000000921b5a60}: 'java.lang.Object java.lang.invoke.DirectMethodHandle$Holder.newInvokeSpecial(java.lang.Object, java.lang.Object, java.lang.Object, int, java.lang.Object)'> (0x00000000921b5a60) 
thrown [s\src\hotspot\share\interpreter\linkResolver.cpp, line 759]
Event: 50.079 Thread 0x000001f96e21d2f0 Exception <a 'java/lang/NoSuchMethodError'{0x00000000921b9bc8}: 'java.lang.Object java.lang.invoke.DirectMethodHandle$Holder.invokeSpecial(java.lang.Object, java.lang.Object, java.lang.Object, java.lang.Object, int, java.lang.Object)'> (0x00000000921b9bc8) 
thrown [s\src\hotspot\share\interpreter\linkResolver.cpp, line 759]
Event: 50.079 Thread 0x000001f96e21d2f0 Exception <a 'java/lang/NoSuchMethodError'{0x00000000921bd3c8}: 'java.lang.Object java.lang.invoke.Invokers$Holder.linkToTargetMethod(java.lang.Object, java.lang.Object, int, java.lang.Object, java.lang.Object)'> (0x00000000921bd3c8) 
thrown [s\src\hotspot\share\interpreter\linkResolver.cpp, line 759]

VM Operations (20 events):
Event: 47.630 Executing VM operation: HandshakeAllThreads
Event: 47.630 Executing VM operation: HandshakeAllThreads done
Event: 47.837 Executing VM operation: ICBufferFull
Event: 47.837 Executing VM operation: ICBufferFull done
Event: 48.204 Executing VM operation: ICBufferFull
Event: 48.205 Executing VM operation: ICBufferFull done
Event: 48.331 Executing VM operation: HandshakeAllThreads
Event: 48.331 Executing VM operation: HandshakeAllThreads done
Event: 48.586 Executing VM operation: ICBufferFull
Event: 48.587 Executing VM operation: ICBufferFull done
Event: 49.162 Executing VM operation: ICBufferFull
Event: 49.163 Executing VM operation: ICBufferFull done
Event: 49.588 Executing VM operation: ICBufferFull
Event: 49.588 Executing VM operation: ICBufferFull done
Event: 49.705 Executing VM operation: G1CollectForAllocation
Event: 49.716 Executing VM operation: G1CollectForAllocation done
Event: 49.836 Executing VM operation: HandshakeAllThreads
Event: 49.837 Executing VM operation: HandshakeAllThreads done
Event: 49.837 Executing VM operation: HandshakeAllThreads
Event: 49.837 Executing VM operation: HandshakeAllThreads done

Memory protections (0 events):
No events

Nmethod flushes (20 events):
Event: 46.427 Thread 0x000001f97d6434f0 flushing  nmethod 0x000001f902425490
Event: 46.427 Thread 0x000001f97d6434f0 flushing  nmethod 0x000001f902426e90
Event: 46.427 Thread 0x000001f97d6434f0 flushing  nmethod 0x000001f902479f90
Event: 46.427 Thread 0x000001f97d6434f0 flushing  nmethod 0x000001f90247bf10
Event: 46.427 Thread 0x000001f97d6434f0 flushing  nmethod 0x000001f90249cd10
Event: 46.427 Thread 0x000001f97d6434f0 flushing  nmethod 0x000001f9024b5d10
Event: 49.839 Thread 0x000001f97d6434f0 flushing  nmethod 0x000001f907d8aa10
Event: 49.840 Thread 0x000001f97d6434f0 flushing  nmethod 0x000001f907f08890
Event: 49.842 Thread 0x000001f97d6434f0 flushing  nmethod 0x000001f9081ca010
Event: 49.846 Thread 0x000001f97d6434f0 flushing  nmethod 0x000001f900336390
Event: 49.859 Thread 0x000001f97d6434f0 flushing  nmethod 0x000001f900c00d90
Event: 49.866 Thread 0x000001f97d6434f0 flushing  nmethod 0x000001f901103310
Event: 49.868 Thread 0x000001f97d6434f0 flushing  nmethod 0x000001f901304c90
Event: 49.868 Thread 0x000001f97d6434f0 flushing  nmethod 0x000001f90130a490
Event: 49.869 Thread 0x000001f97d6434f0 flushing  nmethod 0x000001f901318810
Event: 49.872 Thread 0x000001f97d6434f0 flushing  nmethod 0x000001f9015ec110
Event: 49.876 Thread 0x000001f97d6434f0 flushing  nmethod 0x000001f9018f1410
Event: 49.887 Thread 0x000001f97d6434f0 flushing  nmethod 0x000001f90221c690
Event: 49.889 Thread 0x000001f97d6434f0 flushing  nmethod 0x000001f902484190
Event: 49.891 Thread 0x000001f97d6434f0 flushing  nmethod 0x000001f902593810

Events (20 events):
Event: 7.699 Thread 0x000001f97d645310 Thread added: 0x000001f95bd8b240
Event: 8.042 Thread 0x000001f95bd8b240 Thread exited: 0x000001f95bd8b240
Event: 8.169 Thread 0x000001f97d645310 Thread added: 0x000001f95beffc30
Event: 8.187 Thread 0x000001f95beffc30 Thread added: 0x000001f97eddc1c0
Event: 8.636 Thread 0x000001f97eddc1c0 Thread exited: 0x000001f97eddc1c0
Event: 8.780 Thread 0x000001f97d645310 Thread added: 0x000001f95bbdf840
Event: 9.877 Thread 0x000001f95bbdf840 Thread exited: 0x000001f95bbdf840
Event: 10.165 Thread 0x000001f95beffc30 Thread exited: 0x000001f95beffc30
Event: 10.382 Thread 0x000001f97d645310 Thread added: 0x000001f97f2c7780
Event: 10.931 Thread 0x000001f97f2c7780 Thread exited: 0x000001f97f2c7780
Event: 10.966 Thread 0x000001f97d645310 Thread added: 0x000001f97f2c7780
Event: 11.039 Thread 0x000001f97d645310 Thread added: 0x000001f95d8ba850
Event: 15.371 Thread 0x000001f95d8ba850 Thread exited: 0x000001f95d8ba850
Event: 16.612 Thread 0x000001f97f2c7780 Thread exited: 0x000001f97f2c7780
Event: 16.966 Thread 0x000001f97d645310 Thread added: 0x000001f95c23ebf0
Event: 19.005 Thread 0x000001f97d645310 Thread added: 0x000001f95d9a3060
Event: 20.012 Thread 0x000001f95d9a3060 Thread exited: 0x000001f95d9a3060
Event: 21.168 Thread 0x000001f95c23ebf0 Thread exited: 0x000001f95c23ebf0
Event: 21.647 Thread 0x000001f97d645310 Thread added: 0x000001f97ed02ed0
Event: 40.406 Thread 0x000001f97ed02ed0 Thread exited: 0x000001f97ed02ed0


Dynamic libraries:
0x00007ff6c3720000 - 0x00007ff6c372e000 	C:\Program Files\Eclipse Adoptium\jdk-17.0.19.10-hotspot\bin\java.exe
0x00007ffe55850000 - 0x00007ffe55a67000 	C:\WINDOWS\SYSTEM32\ntdll.dll
0x00007ffe53d20000 - 0x00007ffe53de4000 	C:\WINDOWS\System32\KERNEL32.DLL
0x00007ffe52b80000 - 0x00007ffe52f52000 	C:\WINDOWS\System32\KERNELBASE.dll
0x00007ffe53250000 - 0x00007ffe53361000 	C:\WINDOWS\System32\ucrtbase.dll
0x00007ffe386c0000 - 0x00007ffe386de000 	C:\Program Files\Eclipse Adoptium\jdk-17.0.19.10-hotspot\bin\VCRUNTIME140.dll
0x00007ffe32d80000 - 0x00007ffe32d98000 	C:\Program Files\Eclipse Adoptium\jdk-17.0.19.10-hotspot\bin\jli.dll
0x00007ffe54740000 - 0x00007ffe548f1000 	C:\WINDOWS\System32\USER32.dll
0x00007ffe52f90000 - 0x00007ffe52fb6000 	C:\WINDOWS\System32\win32u.dll
0x00007ffe3b710000 - 0x00007ffe3b9ab000 	C:\WINDOWS\WinSxS\amd64_microsoft.windows.common-controls_6595b64144ccf1df_6.0.22621.5547_none_27104afb73855772\COMCTL32.dll
0x00007ffe53b60000 - 0x00007ffe53b89000 	C:\WINDOWS\System32\GDI32.dll
0x00007ffe54580000 - 0x00007ffe54627000 	C:\WINDOWS\System32\msvcrt.dll
0x00007ffe53080000 - 0x00007ffe531a3000 	C:\WINDOWS\System32\gdi32full.dll
0x00007ffe531b0000 - 0x00007ffe5324a000 	C:\WINDOWS\System32\msvcp_win.dll
0x00007ffe542b0000 - 0x00007ffe542e1000 	C:\WINDOWS\System32\IMM32.DLL
0x00007ffe32d70000 - 0x00007ffe32d7c000 	C:\Program Files\Eclipse Adoptium\jdk-17.0.19.10-hotspot\bin\vcruntime140_1.dll
0x00007ffe22640000 - 0x00007ffe226cd000 	C:\Program Files\Eclipse Adoptium\jdk-17.0.19.10-hotspot\bin\msvcp140.dll
0x00007ffe06e10000 - 0x00007ffe07a7c000 	C:\Program Files\Eclipse Adoptium\jdk-17.0.19.10-hotspot\bin\server\jvm.dll
0x00007ffe54970000 - 0x00007ffe54a21000 	C:\WINDOWS\System32\ADVAPI32.dll
0x00007ffe54a30000 - 0x00007ffe54ad8000 	C:\WINDOWS\System32\sechost.dll
0x00007ffe52f60000 - 0x00007ffe52f88000 	C:\WINDOWS\System32\bcrypt.dll
0x00007ffe54460000 - 0x00007ffe54574000 	C:\WINDOWS\System32\RPCRT4.dll
0x00007ffe53640000 - 0x00007ffe536b1000 	C:\WINDOWS\System32\WS2_32.dll
0x00007ffe52810000 - 0x00007ffe5285d000 	C:\WINDOWS\SYSTEM32\POWRPROF.dll
0x00007ffe48db0000 - 0x00007ffe48de4000 	C:\WINDOWS\SYSTEM32\WINMM.dll
0x00007ffe40330000 - 0x00007ffe4033a000 	C:\WINDOWS\SYSTEM32\VERSION.dll
0x00007ffe527f0000 - 0x00007ffe52803000 	C:\WINDOWS\SYSTEM32\UMPDC.dll
0x00007ffe51930000 - 0x00007ffe51948000 	C:\WINDOWS\SYSTEM32\kernel.appcore.dll
0x00007ffe30c30000 - 0x00007ffe30c3a000 	C:\Program Files\Eclipse Adoptium\jdk-17.0.19.10-hotspot\bin\jimage.dll
0x00007ffe4d0b0000 - 0x00007ffe4d2e3000 	C:\WINDOWS\SYSTEM32\DBGHELP.DLL
0x00007ffe54bc0000 - 0x00007ffe54f53000 	C:\WINDOWS\System32\combase.dll
0x00007ffe54ae0000 - 0x00007ffe54bb7000 	C:\WINDOWS\System32\OLEAUT32.dll
0x00007ffe3b4f0000 - 0x00007ffe3b522000 	C:\WINDOWS\SYSTEM32\dbgcore.DLL
0x00007ffe52b00000 - 0x00007ffe52b7b000 	C:\WINDOWS\System32\bcryptPrimitives.dll
0x00007ffe30bf0000 - 0x00007ffe30c15000 	C:\Program Files\Eclipse Adoptium\jdk-17.0.19.10-hotspot\bin\java.dll
0x00007ffe21f20000 - 0x00007ffe21ff7000 	C:\Program Files\Eclipse Adoptium\jdk-17.0.19.10-hotspot\bin\jsvml.dll
0x00007ffe54f60000 - 0x00007ffe55802000 	C:\WINDOWS\System32\SHELL32.dll
0x00007ffe52940000 - 0x00007ffe52a7f000 	C:\WINDOWS\System32\wintypes.dll
0x00007ffe50820000 - 0x00007ffe5113d000 	C:\WINDOWS\SYSTEM32\windows.storage.dll
0x00007ffe54630000 - 0x00007ffe5473c000 	C:\WINDOWS\System32\SHCORE.dll
0x00007ffe54900000 - 0x00007ffe54969000 	C:\WINDOWS\System32\shlwapi.dll
0x00007ffe52870000 - 0x00007ffe5289b000 	C:\WINDOWS\SYSTEM32\profapi.dll
0x00007ffe22620000 - 0x00007ffe2263a000 	C:\Program Files\Eclipse Adoptium\jdk-17.0.19.10-hotspot\bin\net.dll
0x00007ffe47fe0000 - 0x00007ffe4810c000 	C:\WINDOWS\SYSTEM32\WINHTTP.dll
0x00007ffe51da0000 - 0x00007ffe51e09000 	C:\WINDOWS\system32\mswsock.dll
0x00007ffe21f00000 - 0x00007ffe21f16000 	C:\Program Files\Eclipse Adoptium\jdk-17.0.19.10-hotspot\bin\nio.dll
0x00007ffe30bd0000 - 0x00007ffe30be8000 	C:\Program Files\Eclipse Adoptium\jdk-17.0.19.10-hotspot\bin\zip.dll
0x00007ffe22610000 - 0x00007ffe22620000 	C:\Program Files\Eclipse Adoptium\jdk-17.0.19.10-hotspot\bin\verify.dll

dbghelp: loaded successfully - version: 4.0.5 - missing functions: none
symbol engine: initialized successfully - sym options: 0x614 - pdb path: .;C:\Program Files\Eclipse Adoptium\jdk-17.0.19.10-hotspot\bin;C:\WINDOWS\SYSTEM32;C:\WINDOWS\WinSxS\amd64_microsoft.windows.common-controls_6595b64144ccf1df_6.0.22621.5547_none_27104afb73855772;C:\Program Files\Eclipse Adoptium\jdk-17.0.19.10-hotspot\bin\server

VM Arguments:
java_command: org.jetbrains.kotlin.cli.jvm.K2JVMCompiler @C:\flutter\packages\flutter_tools\gradle\build\20260815_2196832425665270155.compiler.options
java_class_path (initial): C:\Users\admin\.gradle\caches\modules-2\files-2.1\org.jetbrains.kotlin\kotlin-compiler-embeddable\2.0.21\79346ed53db48b18312a472602eb5c057070c54d\kotlin-compiler-embeddable-2.0.21.jar;C:\Users\admin\.gradle\caches\modules-2\files-2.1\org.jetbrains.kotlin\kotlin-stdlib\2.0.21\618b539767b4899b4660a83006e052b63f1db551\kotlin-stdlib-2.0.21.jar;C:\Users\admin\.gradle\caches\modules-2\files-2.1\org.jetbrains.kotlin\kotlin-script-runtime\2.0.21\c9b044380ad41f89aa89aa896c2d32a8c0b2129d\kotlin-script-runtime-2.0.21.jar;C:\Users\admin\.gradle\caches\modules-2\files-2.1\org.jetbrains.kotlin\kotlin-reflect\1.6.10\1cbe9c92c12a94eea200d23c2bbaedaf3daf5132\kotlin-reflect-1.6.10.jar;C:\Users\admin\.gradle\caches\modules-2\files-2.1\org.jetbrains.kotlin\kotlin-daemon-embeddable\2.0.21\c9e933b23287de9b5a17e2116b4657bb91aea72c\kotlin-daemon-embeddable-2.0.21.jar;C:\Users\admin\.gradle\caches\modules-2\files-2.1\org.jetbrains.intellij.deps\trove4j\1.0.20200330\3afb14d5f9ceb459d724e907a21145e8ff394f02\trove4j-1.0.20200330.jar;C:\Users\admin\.gradle\caches\modules-2\files-2.1\org.jetbrains.kotlinx\kotlinx-coroutines-core-jvm\1.6.4\2c997cd1c0ef33f3e751d3831929aeff1390cb30\kotlinx-coroutines-core-jvm-1.6.4.jar;C:\Users\admin\.gradle\caches\modules-2\files-2.1\org.jetbrains\annotations\13.0\919f0dfe192fb4e063e7dacadee7f8bb9a2672a9\annotations-13.0.jar
Launcher Type: SUN_STANDARD

[Global flags]
     intx CICompilerCount                          = 4                                         {product} {ergonomic}
     uint ConcGCThreads                            = 2                                         {product} {ergonomic}
     uint G1ConcRefinementThreads                  = 8                                         {product} {ergonomic}
   size_t G1HeapRegionSize                         = 1048576                                   {product} {ergonomic}
    uintx GCDrainStackTargetSize                   = 64                                        {product} {ergonomic}
   size_t InitialHeapSize                          = 134217728                                 {product} {ergonomic}
   size_t MarkStackSize                            = 4194304                                   {product} {ergonomic}
   size_t MaxHeapSize                              = 2116026368                                {product} {ergonomic}
   size_t MaxNewSize                               = 1268776960                                {product} {ergonomic}
   size_t MinHeapDeltaBytes                        = 1048576                                   {product} {ergonomic}
   size_t MinHeapSize                              = 8388608                                   {product} {ergonomic}
    uintx NonNMethodCodeHeapSize                   = 5839372                                {pd product} {ergonomic}
    uintx NonProfiledCodeHeapSize                  = 122909434                              {pd product} {ergonomic}
    uintx ProfiledCodeHeapSize                     = 122909434                              {pd product} {ergonomic}
    uintx ReservedCodeCacheSize                    = 251658240                              {pd product} {ergonomic}
     bool SegmentedCodeCache                       = true                                      {product} {ergonomic}
   size_t SoftMaxHeapSize                          = 2116026368                             {manageable} {ergonomic}
     bool UseCompressedClassPointers               = true                           {product lp64_product} {ergonomic}
     bool UseCompressedOops                        = true                           {product lp64_product} {ergonomic}
     bool UseG1GC                                  = true                                      {product} {ergonomic}
     bool UseLargePagesIndividualAllocation        = false                                  {pd product} {ergonomic}

Logging:
Log output configuration:
 #0: stdout all=warning uptime,level,tags
 #1: stderr all=off uptime,level,tags

Environment Variables:
JAVA_HOME=C:\Program Files\Eclipse Adoptium\jdk-25.0.1.8-hotspot
PATH=C:\Program Files\Eclipse Adoptium\jdk-17.0.19.10-hotspot\bin;C:\Program Files (x86)\VMware\VMware Workstation\bin\;C:\Program Files\Python312\Scripts\;C:\Program Files\Python312\;C:\WINDOWS\system32;C:\WINDOWS;C:\WINDOWS\System32\Wbem;C:\WINDOWS\System32\WindowsPowerShell\v1.0\;C:\WINDOWS\System32\OpenSSH\;C:\Program Files (x86)\Microsoft SQL Server\160\Tools\Binn\;C:\Program Files\Microsoft SQL Server\160\Tools\Binn\;C:\Program Files\Microsoft SQL Server\Client SDK\ODBC\170\Tools\Binn\;C:\Program Files\Microsoft SQL Server\160\DTS\Binn\;C:\Program Files (x86)\Microsoft SQL Server\160\DTS\Binn\;C:\Windows\system32\python;C:\sqlite3;C:\Program Files\nodejs\;C:\MinGW\bin;C:\curl\bin;C:\curl\include;C:\MinGW;C:\MinGW\lib;C:\GnuWin32\bin;C:\OpenSSL-Win64\bin;C:\Program Files\PostgreSQL\17\bin;C:\Program Files\Eclipse Adoptium\jdk-25.0.1.8-hotspot\bin;C:\Program Files\Heroku\bin;C:\Program Files\Git\cmd;C:\Program Files (x86)\VMware\VMware Workstation\bin\;C:\Program Files\Python312\Scripts\;C:\Program Files\Python312\;C:\WINDOWS\system32;C:\WINDOWS;C:\WINDOWS\System32\Wbem;C:\WINDOWS\System32\WindowsPowerShell\v1.0\;C:\WINDOWS\System32\OpenSSH\;C:\Program Files (x86)\Microsoft SQL Server\160\Tools\Binn\;C:\Program Files\Microsoft SQL Server\160\Tools\Binn\;C:\Program Files\Microsoft SQL Server\Client SDK\ODBC\170\Tools\Binn\;C:\Program Files\Microsoft SQL Server\160\DTS\Binn\;C:\Program Files (x86)\Microsoft SQL Server\160\DTS\Binn\;C:\Windows\system32\python;C:\sqlite3;C:\Program Files\nodejs\;C:\MinGW\bin;C:\curl\bin;C:\curl\include;C:\MinGW;C:\MinGW\lib;C:\GnuWin32\bin;C:\OpenSSL-Win64\bin;C:\Program Files\PostgreSQL\17\bin;C:\Program Files\Eclipse Adoptium\jdk-25.0.1.8-hotspot\bin;C:\Program Files\Git\cmd;C:\Program Files\Docker\Docker\resources\bin;C:\Program Files\Heroku\bin;C:\Users\admin\AppData\Local\Programs\Microsoft VS Code;C:\Program Files\P;C:\flutter\bin\flutter;C:\flutter\bin;C:\Users\admin\AppData\Local\Programs\Microsoft VS Code\bin
USERNAME=admin
OS=Windows_NT
PROCESSOR_IDENTIFIER=Intel64 Family 6 Model 142 Stepping 10, GenuineIntel
TMP=C:\Users\admin\AppData\Local\Temp
TEMP=C:\Users\admin\AppData\Local\Temp



Periodic native trim disabled


---------------  S Y S T E M  ---------------

OS:
 Windows 11 , 64 bit Build 22621 (10.0.22621.5415)
OS uptime: 0 days 1:41 hours
Hyper-V role detected

CPU: total 8 (initial active 8) (4 cores per cpu, 2 threads per core) family 6 model 142 stepping 10 microcode 0xf4, cx8, cmov, fxsr, ht, mmx, 3dnowpref, sse, sse2, sse3, ssse3, sse4.1, sse4.2, popcnt, lzcnt, tsc, tscinvbit, avx, avx2, aes, erms, clmul, bmi1, bmi2, rtm, adx, fma, vzeroupper, clflush, clflushopt, hv
Processor Information for all 8 processors :
  Max Mhz: 1896, Current Mhz: 1696, Mhz Limit: 1687

Memory: 4k page, system-wide physical 8070M (244M free)
TotalPageFile size 18119M (AvailPageFile size 17M)
current process WorkingSet (physical memory assigned to process): 417M, peak: 417M
current process commit charge ("private bytes"): 555M, peak: 557M

vm_info: OpenJDK 64-Bit Server VM (17.0.19+10) for windows-amd64 JRE (17.0.19+10), built on Apr 25 2026 08:04:44 by "admin" with MS VC++ 17.12 (VS2022)

END.
