#
# There is insufficient memory for the Java Runtime Environment to continue.
# Native memory allocation (malloc) failed to allocate 748896 bytes. Error detail: Chunk::new
# Possible reasons:
#   The system is out of physical RAM or swap space
#   This process is running with CompressedOops enabled, and the Java Heap may be blocking the growth of the native heap
# Possible solutions:
#   Reduce memory load on the system
#   Increase physical memory or swap space
#   Check if swap backing store is full
#   Decrease Java heap size (-Xmx/-Xms)
#   Decrease number of Java threads
#   Decrease Java thread stack sizes (-Xss)
#   Set larger code cache with -XX:ReservedCodeCacheSize=
#   JVM is running with Unscaled Compressed Oops mode in which the Java heap is
#     placed in the first 4GB address space. The Java Heap base address is the
#     maximum limit for the native heap growth. Please use -XX:HeapBaseMinAddress
#     to set the Java Heap base and to place the Java Heap above 4GB virtual address.
# This output file may be truncated or incomplete.
#
#  Out of Memory Error (arena.cpp:191), pid=17440, tid=3972
#
# JRE version: OpenJDK Runtime Environment Temurin-17.0.19+10 (17.0.19+10) (build 17.0.19+10)
# Java VM: OpenJDK 64-Bit Server VM Temurin-17.0.19+10 (17.0.19+10, mixed mode, sharing, tiered, compressed oops, compressed class ptrs, g1 gc, windows-amd64)
# No core dump will be written. Minidumps are not enabled by default on client versions of Windows
#

---------------  S U M M A R Y ------------

Command Line: org.jetbrains.kotlin.cli.jvm.K2JVMCompiler @C:\flutter\packages\flutter_tools\gradle\build\20260815_15630281331514932370.compiler.options

Host: Intel(R) Core(TM) i5-8350U CPU @ 1.70GHz, 8 cores, 7G,  Windows 11 , 64 bit Build 22621 (10.0.22621.5415)
Time: Sat Aug 15 11:59:14 2026 Paris, Madrid (heure duild 22621 (10.0.22621.5415) elapsed time: 32.389800 seconds (0d 0h 0m 32s)

---------------  T H R E A D  ---------------

Current thread (0x000002307c6272b0):  JavaThread "C2 CompilerThread1" daemon [_thread_in_native, id=3972, stack(0x000000c030600000,0x000000c030700000)]


Current CompileTask:
C2:32389 11680       4       org.jetbrains.kotlin.resolve.calls.smartcasts.DataFlowValueFactoryImpl::createDataFlowValue (223 bytes)

Stack: [0x000000c030600000,0x000000c030700000]
Native frames: (J=compiled Java code, j=interpreted, Vv=VM code, C=native code)
V  [jvm.dll+0x684b29]
V  [jvm.dll+0x83a2d5]
V  [jvm.dll+0x83bd4e]
V  [jvm.dll+0x83c3d3]
V  [jvm.dll+0x24905f]
V  [jvm.dll+0xad536]
V  [jvm.dll+0xadbdc]
V  [jvm.dll+0x368d9e]
V  [jvm.dll+0x1bc2bf]
V  [jvm.dll+0x219fc0]
V  [jvm.dll+0x2192af]
V  [jvm.dll+0x1a49f0]
V  [jvm.dll+0x2299fa]
V  [jvm.dll+0x227bab]
V  [jvm.dll+0x7f0a88]
V  [jvm.dll+0x7eaf1c]
V  [jvm.dll+0x6839f7]
C  [ucrtbase.dll+0x29333]
C  [KERNEL32.DLL+0x1259d]
C  [ntdll.dll+0x5af78]


---------------  P R O C E S S  ---------------

Threads class SMR info:
_java_thread_list=0x000002307ddc9c00, length=13, elements={
0x00000230583acd20, 0x00000230767a1b20, 0x00000230767a39b0, 0x00000230767b9b60,
0x00000230767ba720, 0x00000230767bc0f0, 0x00000230767bcab0, 0x00000230767c9870,
0x00000230768013b0, 0x000002307680e8f0, 0x0000023076a29a00, 0x0000023076a549d0,
0x000002307c6272b0
}

Java Threads: ( => current thread )
  0x00000230583acd20 JavaThread "main" [_thread_in_Java, id=17824, stack(0x000000c02ec00000,0x000000c02ed00000)]
  0x00000230767a1b20 JavaThread "Reference Handler" daemon [_thread_blocked, id=16664, stack(0x000000c02f300000,0x000000c02f400000)]
  0x00000230767a39b0 JavaThread "Finalizer" daemon [_thread_blocked, id=11860, stack(0x000000c02f400000,0x000000c02f500000)]
  0x00000230767b9b60 JavaThread "Signal Dispatcher" daemon [_thread_blocked, id=10940, stack(0x000000c02f500000,0x000000c02f600000)]
  0x00000230767ba720 JavaThread "Attach Listener" daemon [_thread_blocked, id=12844, stack(0x000000c02f600000,0x000000c02f700000)]
  0x00000230767bc0f0 JavaThread "Service Thread" daemon [_thread_blocked, id=6964, stack(0x000000c02f700000,0x000000c02f800000)]
  0x00000230767bcab0 JavaThread "Monitor Deflation Thread" daemon [_thread_blocked, id=11828, stack(0x000000c02f800000,0x000000c02f900000)]
  0x00000230767c9870 JavaThread "C2 CompilerThread0" daemon [_thread_in_native, id=13408, stack(0x000000c02f900000,0x000000c02fa00000)]
  0x00000230768013b0 JavaThread "C1 CompilerThread0" daemon [_thread_in_vm, id=10916, stack(0x000000c02fa00000,0x000000c02fb00000)]
  0x000002307680e8f0 JavaThread "Sweeper thread" daemon [_thread_blocked, id=10708, stack(0x000000c02fb00000,0x000000c02fc00000)]
  0x0000023076a29a00 JavaThread "Notification Thread" daemon [_thread_blocked, id=2292, stack(0x000000c02fc00000,0x000000c02fd00000)]
  0x0000023076a549d0 JavaThread "Common-Cleaner" daemon [_thread_blocked, id=8244, stack(0x000000c02fe00000,0x000000c02ff00000)]
=>0x000002307c6272b0 JavaThread "C2 CompilerThread1" daemon [_thread_in_native, id=3972, stack(0x000000c030600000,0x000000c030700000)]

Other Threads:
  0x000002307679e490 VMThread "VM Thread" [stack: 0x000000c02f200000,0x000000c02f300000] [id=11312]
  0x0000023076a50720 WatcherThread [stack: 0x000000c02fd00000,0x000000c02fe00000] [id=9420]
  0x0000023058408f60 GCTaskThread "GC Thread#0" [stack: 0x000000c02ed00000,0x000000c02ee00000] [id=552]
  0x000002307b262850 GCTaskThread "GC Thread#1" [stack: 0x000000c02ff00000,0x000000c030000000] [id=11012]
  0x000002307b262b10 GCTaskThread "GC Thread#2" [stack: 0x000000c030000000,0x000000c030100000] [id=13388]
  0x000002307b296cc0 GCTaskThread "GC Thread#3" [stack: 0x000000c030100000,0x000000c030200000] [id=12208]
  0x000002307b297390 GCTaskThread "GC Thread#4" [stack: 0x000000c030200000,0x000000c030300000] [id=15948]
  0x000002307b29be70 GCTaskThread "GC Thread#5" [stack: 0x000000c030300000,0x000000c030400000] [id=13060]
  0x000002307b774b50 GCTaskThread "GC Thread#6" [stack: 0x000000c030400000,0x000000c030500000] [id=2968]
  0x000002307b774e10 GCTaskThread "GC Thread#7" [stack: 0x000000c030500000,0x000000c030600000] [id=13560]
  0x0000023058419af0 ConcurrentGCThread "G1 Main Marker" [stack: 0x000000c02ee00000,0x000000c02ef00000] [id=5176]
  0x000002305841a510 ConcurrentGCThread "G1 Conc#0" [stack: 0x000000c02ef00000,0x000000c02f000000] [id=17000]
  0x000002307b8e8cc0 ConcurrentGCThread "G1 Conc#1" [stack: 0x000000c030700000,0x000000c030800000] [id=7316]
  0x000002305845d760 ConcurrentGCThread "G1 Refine#0" [stack: 0x000000c02f000000,0x000000c02f100000] [id=14300]
  0x000002307ca04ce0 ConcurrentGCThread "G1 Refine#1" [stack: 0x000000c030800000,0x000000c030900000] [id=13948]
  0x000002307cc05690 ConcurrentGCThread "G1 Refine#2" [stack: 0x000000c030900000,0x000000c030a00000] [id=652]
  0x000002307beed300 ConcurrentGCThread "G1 Refine#3" [stack: 0x000000c030a00000,0x000000c030b00000] [id=3132]
  0x000002307665a770 ConcurrentGCThread "G1 Service" [stack: 0x000000c02f100000,0x000000c02f200000] [id=4664]

Threads with active compile tasks:
C2 CompilerThread0  32440 11731       4       org.jetbrains.kotlin.protobuf.GeneratedMessageLite::parseUnknownField (518 bytes)
C1 CompilerThread0  32440 11741       3       org.jetbrains.kotlin.resolve.lazy.descriptors.AbstractLazyMemberScope::getDeclaredProperties (427 bytes)
C2 CompilerThread1  32440 11680       4       org.jetbrains.kotlin.resolve.calls.smartcasts.DataFlowValueFactoryImpl::createDataFlowValue (223 bytes)

VM state: not at safepoint (normal execution)

VM Mutex/Monitor currently owned by a thread: None

Heap address: 0x0000000081e00000, size: 2018 MB, Compressed Oops mode: 32-bit

CDS archive(s) mapped at: [0x0000023000000000-0x0000023000bb0000-0x0000023000bb0000), size 12255232, SharedBaseAddress: 0x0000023000000000, ArchiveRelocationMode: 1.
Compressed class space mapped at: 0x0000023001000000-0x0000023041000000, reserved size: 1073741824
Narrow klass base: 0x0000023000000000, Narrow klass shift: 0, Narrow klass range: 0x100000000

GC Precious Log:
 CPUs: 8 total, 8 available
 Memory: 8070M
 Large Page Support: Disabled
 NUMA Support: Disabled
 Compressed Oops: Enabled (32-bit)
 Heap Region Size: 1M
 Heap Min Capacity: 8M
 Heap Initial Capacity: 128M
 Heap Max Capacity: 2018M
 Pre-touch: Disabled
 Parallel Workers: 8
 Concurrent Workers: 2
 Concurrent Refinement Workers: 8
 Periodic GC: Disabled

Heap:
 garbage-first heap   total 159744K, used 125363K [0x0000000081e00000, 0x0000000100000000)
  region size 1024K, 42 young (43008K), 4 survivors (4096K)
 Metaspace       used 55888K, committed 56256K, reserved 1114112K
  class space    used 6270K, committed 6464K, reserved 1048576K

Heap Regions: E=young(eden), S=young(survivor), O=old, HS=humongous(starts), HC=humongous(continues), CS=collection set, F=free, OA=open archive, CA=closed archive, TAMS=top-at-mark-start (previous, next)
|   0|0x0000000081e00000, 0x0000000081f00000, 0x0000000081f00000|100%|HS|  |TAMS 0x0000000081f00000, 0x0000000081e00000| Complete 
|   1|0x0000000081f00000, 0x0000000082000000, 0x0000000082000000|100%|HC|  |TAMS 0x0000000082000000, 0x0000000081f00000| Complete 
|   2|0x0000000082000000, 0x0000000082100000, 0x0000000082100000|100%|HC|  |TAMS 0x0000000082100000, 0x0000000082000000| Complete 
|   3|0x0000000082100000, 0x0000000082200000, 0x0000000082200000|100%| O|  |TAMS 0x0000000082200000, 0x0000000082100000| Untracked 
|   4|0x0000000082200000, 0x0000000082300000, 0x0000000082300000|100%| O|  |TAMS 0x0000000082300000, 0x0000000082200000| Untracked 
|   5|0x0000000082300000, 0x0000000082400000, 0x0000000082400000|100%| O|  |TAMS 0x0000000082400000, 0x0000000082300000| Untracked 
|   6|0x0000000082400000, 0x0000000082500000, 0x0000000082500000|100%| O|  |TAMS 0x0000000082500000, 0x0000000082400000| Untracked 
|   7|0x0000000082500000, 0x0000000082600000, 0x0000000082600000|100%| O|  |TAMS 0x0000000082600000, 0x0000000082500000| Untracked 
|   8|0x0000000082600000, 0x0000000082700000, 0x0000000082700000|100%| O|  |TAMS 0x0000000082700000, 0x0000000082600000| Untracked 
|   9|0x0000000082700000, 0x0000000082800000, 0x0000000082800000|100%| O|  |TAMS 0x0000000082800000, 0x0000000082700000| Untracked 
|  10|0x0000000082800000, 0x0000000082900000, 0x0000000082900000|100%| O|  |TAMS 0x0000000082900000, 0x0000000082800000| Untracked 
|  11|0x0000000082900000, 0x0000000082a00000, 0x0000000082a00000|100%| O|  |TAMS 0x0000000082a00000, 0x0000000082900000| Untracked 
|  12|0x0000000082a00000, 0x0000000082b00000, 0x0000000082b00000|100%| O|  |TAMS 0x0000000082b00000, 0x0000000082a00000| Untracked 
|  13|0x0000000082b00000, 0x0000000082c00000, 0x0000000082c00000|100%| O|  |TAMS 0x0000000082c00000, 0x0000000082b00000| Untracked 
|  14|0x0000000082c00000, 0x0000000082d00000, 0x0000000082d00000|100%| O|  |TAMS 0x0000000082d00000, 0x0000000082c00000| Untracked 
|  15|0x0000000082d00000, 0x0000000082e00000, 0x0000000082e00000|100%| O|  |TAMS 0x0000000082e00000, 0x0000000082d00000| Untracked 
|  16|0x0000000082e00000, 0x0000000082f00000, 0x0000000082f00000|100%| O|  |TAMS 0x0000000082f00000, 0x0000000082e00000| Complete 
|  17|0x0000000082f00000, 0x0000000083000000, 0x0000000083000000|100%| O|  |TAMS 0x0000000083000000, 0x0000000082f00000| Untracked 
|  18|0x0000000083000000, 0x0000000083100000, 0x0000000083100000|100%| O|  |TAMS 0x0000000083100000, 0x0000000083000000| Untracked 
|  19|0x0000000083100000, 0x0000000083200000, 0x0000000083200000|100%| O|  |TAMS 0x0000000083200000, 0x0000000083100000| Untracked 
|  20|0x0000000083200000, 0x0000000083300000, 0x0000000083300000|100%| O|  |TAMS 0x0000000083300000, 0x0000000083200000| Untracked 
|  21|0x0000000083300000, 0x0000000083400000, 0x0000000083400000|100%| O|  |TAMS 0x0000000083400000, 0x0000000083300000| Untracked 
|  22|0x0000000083400000, 0x0000000083500000, 0x0000000083500000|100%| O|  |TAMS 0x0000000083500000, 0x0000000083400000| Untracked 
|  23|0x0000000083500000, 0x0000000083600000, 0x0000000083600000|100%| O|  |TAMS 0x0000000083600000, 0x0000000083500000| Untracked 
|  24|0x0000000083600000, 0x0000000083700000, 0x0000000083700000|100%| O|  |TAMS 0x0000000083700000, 0x0000000083600000| Untracked 
|  25|0x0000000083700000, 0x0000000083800000, 0x0000000083800000|100%| O|  |TAMS 0x0000000083800000, 0x0000000083700000| Untracked 
|  26|0x0000000083800000, 0x0000000083900000, 0x0000000083900000|100%| O|  |TAMS 0x0000000083900000, 0x0000000083800000| Untracked 
|  27|0x0000000083900000, 0x0000000083a00000, 0x0000000083a00000|100%|HS|  |TAMS 0x0000000083a00000, 0x0000000083900000| Complete 
|  28|0x0000000083a00000, 0x0000000083b00000, 0x0000000083b00000|100%|HC|  |TAMS 0x0000000083b00000, 0x0000000083a00000| Complete 
|  29|0x0000000083b00000, 0x0000000083c00000, 0x0000000083c00000|100%|HC|  |TAMS 0x0000000083c00000, 0x0000000083b00000| Complete 
|  30|0x0000000083c00000, 0x0000000083d00000, 0x0000000083d00000|100%|HC|  |TAMS 0x0000000083d00000, 0x0000000083c00000| Complete 
|  31|0x0000000083d00000, 0x0000000083e00000, 0x0000000083e00000|100%|HC|  |TAMS 0x0000000083e00000, 0x0000000083d00000| Complete 
|  32|0x0000000083e00000, 0x0000000083f00000, 0x0000000083f00000|100%|HC|  |TAMS 0x0000000083f00000, 0x0000000083e00000| Complete 
|  33|0x0000000083f00000, 0x0000000084000000, 0x0000000084000000|100%|HS|  |TAMS 0x0000000084000000, 0x0000000083f00000| Complete 
|  34|0x0000000084000000, 0x0000000084100000, 0x0000000084100000|100%|HS|  |TAMS 0x0000000084100000, 0x0000000084000000| Complete 
|  35|0x0000000084100000, 0x0000000084200000, 0x0000000084200000|100%|HS|  |TAMS 0x0000000084200000, 0x0000000084100000| Complete 
|  36|0x0000000084200000, 0x0000000084300000, 0x0000000084300000|100%|HC|  |TAMS 0x0000000084300000, 0x0000000084200000| Complete 
|  37|0x0000000084300000, 0x0000000084400000, 0x0000000084400000|100%|HS|  |TAMS 0x0000000084400000, 0x0000000084300000| Complete 
|  38|0x0000000084400000, 0x0000000084500000, 0x0000000084500000|100%| O|  |TAMS 0x0000000084500000, 0x0000000084400000| Untracked 
|  39|0x0000000084500000, 0x0000000084600000, 0x0000000084600000|100%| O|  |TAMS 0x0000000084600000, 0x0000000084500000| Untracked 
|  40|0x0000000084600000, 0x0000000084700000, 0x0000000084700000|100%| O|  |TAMS 0x0000000084700000, 0x0000000084600000| Untracked 
|  41|0x0000000084700000, 0x0000000084800000, 0x0000000084800000|100%| O|  |TAMS 0x0000000084800000, 0x0000000084700000| Untracked 
|  42|0x0000000084800000, 0x0000000084900000, 0x0000000084900000|100%| O|  |TAMS 0x0000000084900000, 0x0000000084800000| Untracked 
|  43|0x0000000084900000, 0x0000000084a00000, 0x0000000084a00000|100%| O|  |TAMS 0x0000000084a00000, 0x0000000084900000| Untracked 
|  44|0x0000000084a00000, 0x0000000084b00000, 0x0000000084b00000|100%| O|  |TAMS 0x0000000084b00000, 0x0000000084a00000| Untracked 
|  45|0x0000000084b00000, 0x0000000084c00000, 0x0000000084c00000|100%| O|  |TAMS 0x0000000084c00000, 0x0000000084b00000| Untracked 
|  46|0x0000000084c00000, 0x0000000084d00000, 0x0000000084d00000|100%| O|  |TAMS 0x0000000084d00000, 0x0000000084c00000| Untracked 
|  47|0x0000000084d00000, 0x0000000084e00000, 0x0000000084e00000|100%| O|  |TAMS 0x0000000084e00000, 0x0000000084d00000| Untracked 
|  48|0x0000000084e00000, 0x0000000084f00000, 0x0000000084f00000|100%| O|  |TAMS 0x0000000084f00000, 0x0000000084e00000| Untracked 
|  49|0x0000000084f00000, 0x0000000085000000, 0x0000000085000000|100%| O|  |TAMS 0x0000000085000000, 0x0000000084f00000| Untracked 
|  50|0x0000000085000000, 0x0000000085100000, 0x0000000085100000|100%| O|  |TAMS 0x0000000085100000, 0x0000000085000000| Untracked 
|  51|0x0000000085100000, 0x0000000085200000, 0x0000000085200000|100%| O|  |TAMS 0x0000000085200000, 0x0000000085100000| Untracked 
|  52|0x0000000085200000, 0x0000000085300000, 0x0000000085300000|100%| O|  |TAMS 0x0000000085300000, 0x0000000085200000| Untracked 
|  53|0x0000000085300000, 0x0000000085400000, 0x0000000085400000|100%| O|  |TAMS 0x0000000085400000, 0x0000000085300000| Untracked 
|  54|0x0000000085400000, 0x0000000085500000, 0x0000000085500000|100%| O|  |TAMS 0x0000000085500000, 0x0000000085400000| Untracked 
|  55|0x0000000085500000, 0x0000000085600000, 0x0000000085600000|100%| O|  |TAMS 0x0000000085600000, 0x0000000085500000| Untracked 
|  56|0x0000000085600000, 0x0000000085700000, 0x0000000085700000|100%| O|  |TAMS 0x0000000085700000, 0x0000000085600000| Untracked 
|  57|0x0000000085700000, 0x0000000085800000, 0x0000000085800000|100%| O|  |TAMS 0x0000000085800000, 0x0000000085700000| Untracked 
|  58|0x0000000085800000, 0x0000000085900000, 0x0000000085900000|100%| O|  |TAMS 0x0000000085900000, 0x0000000085800000| Untracked 
|  59|0x0000000085900000, 0x0000000085a00000, 0x0000000085a00000|100%| O|  |TAMS 0x0000000085a00000, 0x0000000085900000| Untracked 
|  60|0x0000000085a00000, 0x0000000085b00000, 0x0000000085b00000|100%| O|  |TAMS 0x0000000085b00000, 0x0000000085a00000| Untracked 
|  61|0x0000000085b00000, 0x0000000085c00000, 0x0000000085c00000|100%| O|  |TAMS 0x0000000085c00000, 0x0000000085b00000| Untracked 
|  62|0x0000000085c00000, 0x0000000085d00000, 0x0000000085d00000|100%| O|  |TAMS 0x0000000085d00000, 0x0000000085c00000| Untracked 
|  63|0x0000000085d00000, 0x0000000085e00000, 0x0000000085e00000|100%| O|  |TAMS 0x0000000085e00000, 0x0000000085d00000| Untracked 
|  64|0x0000000085e00000, 0x0000000085f00000, 0x0000000085f00000|100%| O|  |TAMS 0x0000000085f00000, 0x0000000085e00000| Untracked 
|  65|0x0000000085f00000, 0x0000000086000000, 0x0000000086000000|100%| O|  |TAMS 0x0000000086000000, 0x0000000085f00000| Untracked 
|  66|0x0000000086000000, 0x0000000086100000, 0x0000000086100000|100%| O|  |TAMS 0x0000000086100000, 0x0000000086000000| Untracked 
|  67|0x0000000086100000, 0x0000000086200000, 0x0000000086200000|100%| O|  |TAMS 0x0000000086200000, 0x0000000086100000| Untracked 
|  68|0x0000000086200000, 0x0000000086300000, 0x0000000086300000|100%| O|  |TAMS 0x0000000086300000, 0x0000000086200000| Untracked 
|  69|0x0000000086300000, 0x0000000086400000, 0x0000000086400000|100%|HS|  |TAMS 0x0000000086400000, 0x0000000086300000| Complete 
|  70|0x0000000086400000, 0x0000000086500000, 0x0000000086500000|100%|HC|  |TAMS 0x0000000086500000, 0x0000000086400000| Complete 
|  71|0x0000000086500000, 0x0000000086600000, 0x0000000086600000|100%| O|  |TAMS 0x0000000086600000, 0x0000000086500000| Untracked 
|  72|0x0000000086600000, 0x0000000086700000, 0x0000000086700000|100%| O|  |TAMS 0x0000000086700000, 0x0000000086600000| Untracked 
|  73|0x0000000086700000, 0x0000000086800000, 0x0000000086800000|100%| O|  |TAMS 0x0000000086800000, 0x0000000086700000| Untracked 
|  74|0x0000000086800000, 0x0000000086900000, 0x0000000086900000|100%| O|  |TAMS 0x0000000086900000, 0x0000000086800000| Untracked 
|  75|0x0000000086900000, 0x0000000086a00000, 0x0000000086a00000|100%| O|  |TAMS 0x0000000086a00000, 0x0000000086900000| Untracked 
|  76|0x0000000086a00000, 0x0000000086b00000, 0x0000000086b00000|100%| O|  |TAMS 0x0000000086a6e800, 0x0000000086a00000| Untracked 
|  77|0x0000000086b00000, 0x0000000086c00000, 0x0000000086c00000|100%| O|  |TAMS 0x0000000086b00000, 0x0000000086b00000| Untracked 
|  78|0x0000000086c00000, 0x0000000086d00000, 0x0000000086d00000|100%| O|  |TAMS 0x0000000086c00000, 0x0000000086c00000| Untracked 
|  79|0x0000000086d00000, 0x0000000086e00000, 0x0000000086e00000|100%| O|  |TAMS 0x0000000086d00000, 0x0000000086d00000| Untracked 
|  80|0x0000000086e00000, 0x0000000086f00000, 0x0000000086f00000|100%| O|  |TAMS 0x0000000086e00000, 0x0000000086e00000| Untracked 
|  81|0x0000000086f00000, 0x0000000086f6cc00, 0x0000000087000000| 42%| O|  |TAMS 0x0000000086f00000, 0x0000000086f00000| Untracked 
|  82|0x0000000087000000, 0x0000000087000000, 0x0000000087100000|  0%| F|  |TAMS 0x0000000087000000, 0x0000000087000000| Untracked 
|  83|0x0000000087100000, 0x0000000087100000, 0x0000000087200000|  0%| F|  |TAMS 0x0000000087100000, 0x0000000087100000| Untracked 
|  84|0x0000000087200000, 0x0000000087200000, 0x0000000087300000|  0%| F|  |TAMS 0x0000000087200000, 0x0000000087200000| Untracked 
|  85|0x0000000087300000, 0x0000000087300000, 0x0000000087400000|  0%| F|  |TAMS 0x0000000087300000, 0x0000000087300000| Untracked 
|  86|0x0000000087400000, 0x0000000087400000, 0x0000000087500000|  0%| F|  |TAMS 0x0000000087400000, 0x0000000087400000| Untracked 
|  87|0x0000000087500000, 0x0000000087500000, 0x0000000087600000|  0%| F|  |TAMS 0x0000000087500000, 0x0000000087500000| Untracked 
|  88|0x0000000087600000, 0x0000000087600000, 0x0000000087700000|  0%| F|  |TAMS 0x0000000087600000, 0x0000000087600000| Untracked 
|  89|0x0000000087700000, 0x0000000087700000, 0x0000000087800000|  0%| F|  |TAMS 0x0000000087700000, 0x0000000087700000| Untracked 
|  90|0x0000000087800000, 0x0000000087800000, 0x0000000087900000|  0%| F|  |TAMS 0x0000000087800000, 0x0000000087800000| Untracked 
|  91|0x0000000087900000, 0x0000000087900000, 0x0000000087a00000|  0%| F|  |TAMS 0x0000000087900000, 0x0000000087900000| Untracked 
|  92|0x0000000087a00000, 0x0000000087a00000, 0x0000000087b00000|  0%| F|  |TAMS 0x0000000087a00000, 0x0000000087a00000| Untracked 
|  93|0x0000000087b00000, 0x0000000087b00000, 0x0000000087c00000|  0%| F|  |TAMS 0x0000000087b00000, 0x0000000087b00000| Untracked 
|  94|0x0000000087c00000, 0x0000000087c00000, 0x0000000087d00000|  0%| F|  |TAMS 0x0000000087c00000, 0x0000000087c00000| Untracked 
|  95|0x0000000087d00000, 0x0000000087d00000, 0x0000000087e00000|  0%| F|  |TAMS 0x0000000087d00000, 0x0000000087d00000| Untracked 
|  96|0x0000000087e00000, 0x0000000087e00000, 0x0000000087f00000|  0%| F|  |TAMS 0x0000000087e00000, 0x0000000087e00000| Untracked 
|  97|0x0000000087f00000, 0x0000000087f00000, 0x0000000088000000|  0%| F|  |TAMS 0x0000000087f00000, 0x0000000087f00000| Untracked 
|  98|0x0000000088000000, 0x0000000088000000, 0x0000000088100000|  0%| F|  |TAMS 0x0000000088000000, 0x0000000088000000| Untracked 
|  99|0x0000000088100000, 0x0000000088100000, 0x0000000088200000|  0%| F|  |TAMS 0x0000000088100000, 0x0000000088100000| Untracked 
| 100|0x0000000088200000, 0x0000000088200000, 0x0000000088300000|  0%| F|  |TAMS 0x0000000088200000, 0x0000000088200000| Untracked 
| 101|0x0000000088300000, 0x0000000088300000, 0x0000000088400000|  0%| F|  |TAMS 0x0000000088300000, 0x0000000088300000| Untracked 
| 102|0x0000000088400000, 0x0000000088400000, 0x0000000088500000|  0%| F|  |TAMS 0x0000000088400000, 0x0000000088400000| Untracked 
| 103|0x0000000088500000, 0x0000000088500000, 0x0000000088600000|  0%| F|  |TAMS 0x0000000088500000, 0x0000000088500000| Untracked 
| 104|0x0000000088600000, 0x0000000088600000, 0x0000000088700000|  0%| F|  |TAMS 0x0000000088600000, 0x0000000088600000| Untracked 
| 105|0x0000000088700000, 0x0000000088700000, 0x0000000088800000|  0%| F|  |TAMS 0x0000000088700000, 0x0000000088700000| Untracked 
| 106|0x0000000088800000, 0x0000000088800000, 0x0000000088900000|  0%| F|  |TAMS 0x0000000088800000, 0x0000000088800000| Untracked 
| 107|0x0000000088900000, 0x0000000088900000, 0x0000000088a00000|  0%| F|  |TAMS 0x0000000088900000, 0x0000000088900000| Untracked 
| 108|0x0000000088a00000, 0x0000000088a00000, 0x0000000088b00000|  0%| F|  |TAMS 0x0000000088a00000, 0x0000000088a00000| Untracked 
| 109|0x0000000088b00000, 0x0000000088b00000, 0x0000000088c00000|  0%| F|  |TAMS 0x0000000088b00000, 0x0000000088b00000| Untracked 
| 110|0x0000000088c00000, 0x0000000088c00000, 0x0000000088d00000|  0%| F|  |TAMS 0x0000000088c00000, 0x0000000088c00000| Untracked 
| 111|0x0000000088d00000, 0x0000000088e00000, 0x0000000088e00000|100%| S|CS|TAMS 0x0000000088d00000, 0x0000000088d00000| Complete 
| 112|0x0000000088e00000, 0x0000000088f00000, 0x0000000088f00000|100%| S|CS|TAMS 0x0000000088e00000, 0x0000000088e00000| Complete 
| 113|0x0000000088f00000, 0x0000000089000000, 0x0000000089000000|100%| S|CS|TAMS 0x0000000088f00000, 0x0000000088f00000| Complete 
| 114|0x0000000089000000, 0x0000000089100000, 0x0000000089100000|100%| S|CS|TAMS 0x0000000089000000, 0x0000000089000000| Complete 
| 115|0x0000000089100000, 0x0000000089100000, 0x0000000089200000|  0%| F|  |TAMS 0x0000000089100000, 0x0000000089100000| Untracked 
| 116|0x0000000089200000, 0x0000000089200000, 0x0000000089300000|  0%| F|  |TAMS 0x0000000089200000, 0x0000000089200000| Untracked 
| 117|0x0000000089300000, 0x0000000089300000, 0x0000000089400000|  0%| F|  |TAMS 0x0000000089300000, 0x0000000089300000| Untracked 
| 118|0x0000000089400000, 0x0000000089500000, 0x0000000089500000|100%| E|  |TAMS 0x0000000089400000, 0x0000000089400000| Complete 
| 119|0x0000000089500000, 0x0000000089600000, 0x0000000089600000|100%| E|CS|TAMS 0x0000000089500000, 0x0000000089500000| Complete 
| 120|0x0000000089600000, 0x0000000089700000, 0x0000000089700000|100%| E|CS|TAMS 0x0000000089600000, 0x0000000089600000| Complete 
| 121|0x0000000089700000, 0x0000000089800000, 0x0000000089800000|100%| E|CS|TAMS 0x0000000089700000, 0x0000000089700000| Complete 
| 122|0x0000000089800000, 0x0000000089900000, 0x0000000089900000|100%| E|CS|TAMS 0x0000000089800000, 0x0000000089800000| Complete 
| 123|0x0000000089900000, 0x0000000089a00000, 0x0000000089a00000|100%| E|CS|TAMS 0x0000000089900000, 0x0000000089900000| Complete 
| 124|0x0000000089a00000, 0x0000000089b00000, 0x0000000089b00000|100%| E|CS|TAMS 0x0000000089a00000, 0x0000000089a00000| Complete 
| 125|0x0000000089b00000, 0x0000000089c00000, 0x0000000089c00000|100%| E|CS|TAMS 0x0000000089b00000, 0x0000000089b00000| Complete 
| 126|0x0000000089c00000, 0x0000000089d00000, 0x0000000089d00000|100%| E|CS|TAMS 0x0000000089c00000, 0x0000000089c00000| Complete 
| 127|0x0000000089d00000, 0x0000000089e00000, 0x0000000089e00000|100%| E|CS|TAMS 0x0000000089d00000, 0x0000000089d00000| Complete 
| 128|0x0000000089e00000, 0x0000000089f00000, 0x0000000089f00000|100%| E|CS|TAMS 0x0000000089e00000, 0x0000000089e00000| Complete 
| 129|0x0000000089f00000, 0x000000008a000000, 0x000000008a000000|100%| E|CS|TAMS 0x0000000089f00000, 0x0000000089f00000| Complete 
| 130|0x000000008a000000, 0x000000008a100000, 0x000000008a100000|100%| E|CS|TAMS 0x000000008a000000, 0x000000008a000000| Complete 
| 131|0x000000008a100000, 0x000000008a200000, 0x000000008a200000|100%| E|CS|TAMS 0x000000008a100000, 0x000000008a100000| Complete 
| 132|0x000000008a200000, 0x000000008a300000, 0x000000008a300000|100%| E|CS|TAMS 0x000000008a200000, 0x000000008a200000| Complete 
| 133|0x000000008a300000, 0x000000008a400000, 0x000000008a400000|100%| E|CS|TAMS 0x000000008a300000, 0x000000008a300000| Complete 
| 134|0x000000008a400000, 0x000000008a500000, 0x000000008a500000|100%| E|CS|TAMS 0x000000008a400000, 0x000000008a400000| Complete 
| 135|0x000000008a500000, 0x000000008a600000, 0x000000008a600000|100%| E|CS|TAMS 0x000000008a500000, 0x000000008a500000| Complete 
| 136|0x000000008a600000, 0x000000008a700000, 0x000000008a700000|100%| E|CS|TAMS 0x000000008a600000, 0x000000008a600000| Complete 
| 137|0x000000008a700000, 0x000000008a800000, 0x000000008a800000|100%| E|CS|TAMS 0x000000008a700000, 0x000000008a700000| Complete 
| 138|0x000000008a800000, 0x000000008a900000, 0x000000008a900000|100%| E|CS|TAMS 0x000000008a800000, 0x000000008a800000| Complete 
| 139|0x000000008a900000, 0x000000008aa00000, 0x000000008aa00000|100%| E|CS|TAMS 0x000000008a900000, 0x000000008a900000| Complete 
| 140|0x000000008aa00000, 0x000000008ab00000, 0x000000008ab00000|100%| E|CS|TAMS 0x000000008aa00000, 0x000000008aa00000| Complete 
| 141|0x000000008ab00000, 0x000000008ac00000, 0x000000008ac00000|100%| E|CS|TAMS 0x000000008ab00000, 0x000000008ab00000| Complete 
| 142|0x000000008ac00000, 0x000000008ad00000, 0x000000008ad00000|100%| E|CS|TAMS 0x000000008ac00000, 0x000000008ac00000| Complete 
| 143|0x000000008ad00000, 0x000000008ae00000, 0x000000008ae00000|100%| E|CS|TAMS 0x000000008ad00000, 0x000000008ad00000| Complete 
| 144|0x000000008ae00000, 0x000000008af00000, 0x000000008af00000|100%| E|CS|TAMS 0x000000008ae00000, 0x000000008ae00000| Complete 
| 145|0x000000008af00000, 0x000000008b000000, 0x000000008b000000|100%| E|CS|TAMS 0x000000008af00000, 0x000000008af00000| Complete 
| 146|0x000000008b000000, 0x000000008b100000, 0x000000008b100000|100%| E|CS|TAMS 0x000000008b000000, 0x000000008b000000| Complete 
| 147|0x000000008b100000, 0x000000008b200000, 0x000000008b200000|100%| E|CS|TAMS 0x000000008b100000, 0x000000008b100000| Complete 
| 148|0x000000008b200000, 0x000000008b300000, 0x000000008b300000|100%| E|CS|TAMS 0x000000008b200000, 0x000000008b200000| Complete 
| 149|0x000000008b300000, 0x000000008b400000, 0x000000008b400000|100%| E|CS|TAMS 0x000000008b300000, 0x000000008b300000| Complete 
| 150|0x000000008b400000, 0x000000008b500000, 0x000000008b500000|100%| E|CS|TAMS 0x000000008b400000, 0x000000008b400000| Complete 
| 151|0x000000008b500000, 0x000000008b600000, 0x000000008b600000|100%| E|CS|TAMS 0x000000008b500000, 0x000000008b500000| Complete 
| 152|0x000000008b600000, 0x000000008b700000, 0x000000008b700000|100%| E|CS|TAMS 0x000000008b600000, 0x000000008b600000| Complete 
| 153|0x000000008b700000, 0x000000008b800000, 0x000000008b800000|100%| E|CS|TAMS 0x000000008b700000, 0x000000008b700000| Complete 
| 154|0x000000008b800000, 0x000000008b900000, 0x000000008b900000|100%| E|CS|TAMS 0x000000008b800000, 0x000000008b800000| Complete 
| 155|0x000000008b900000, 0x000000008ba00000, 0x000000008ba00000|100%| E|CS|TAMS 0x000000008b900000, 0x000000008b900000| Complete 

Card table byte_map: [0x000002306f660000,0x000002306fa60000] _byte_map_base: 0x000002306f251000

Marking Bits (Prev, Next): (CMBitMap*) 0x00000230584095c0, (CMBitMap*) 0x0000023058409580
 Prev Bits: [0x0000023071df0000, 0x0000023073d78000)
 Next Bits: [0x000002306fe60000, 0x0000023071de8000)

Polling page: 0x0000023057b60000

Metaspace:

Usage:
  Non-class:     48.46 MB used.
      Class:      6.12 MB used.
       Both:     54.58 MB used.

Virtual space:
  Non-class space:       64.00 MB reserved,      48.62 MB ( 76%) committed,  1 nodes.
      Class space:        1.00 GB reserved,       6.31 MB ( <1%) committed,  1 nodes.
             Both:        1.06 GB reserved,      54.94 MB (  5%) committed. 

Chunk freelists:
   Non-Class:  14.64 MB
       Class:  9.66 MB
        Both:  24.30 MB

MaxMetaspaceSize: unlimited
CompressedClassSpaceSize: 1.00 GB
Initial GC threshold: 21.00 MB
Current GC threshold: 91.19 MB
CDS: on
MetaspaceReclaimPolicy: balanced
 - commit_granule_bytes: 65536.
 - commit_granule_words: 8192.
 - virtual_space_node_default_size: 8388608.
 - enlarge_chunks_in_place: 1.
 - new_chunks_are_fully_committed: 0.
 - uncommit_free_chunks: 1.
 - use_allocation_guard: 0.
 - handle_deallocations: 1.


Internal statistics:

num_allocs_failed_limit: 6.
num_arena_births: 372.
num_arena_deaths: 0.
num_vsnodes_births: 2.
num_vsnodes_deaths: 0.
num_space_committed: 877.
num_space_uncommitted: 0.
num_chunks_returned_to_freelist: 6.
num_chunks_taken_from_freelist: 2524.
num_chunk_merges: 6.
num_chunk_splits: 1894.
num_chunks_enlarged: 1594.
num_inconsistent_stats: 0.

CodeHeap 'non-profiled nmethods': size=120000Kb used=6227Kb max_used=6227Kb free=113772Kb
 bounds [0x0000023067a00000, 0x0000023068020000, 0x000002306ef30000]
CodeHeap 'profiled nmethods': size=120000Kb used=31021Kb max_used=31491Kb free=88978Kb
 bounds [0x000002305ff30000, 0x0000023061e00000, 0x0000023067460000]
CodeHeap 'non-nmethods': size=5760Kb used=1314Kb max_used=1414Kb free=4445Kb
 bounds [0x0000023067460000, 0x00000230676d0000, 0x0000023067a00000]
 total_blobs=10515 nmethods=9891 adapters=534
 compilation: enabled
              stopped_count=0, restarted_count=0
 full_count=0

Compilation events (20 events):
Event: 32.320 Thread 0x00000230767c9870 nmethod 11714 0x000002306800df10 code [0x000002306800e0a0, 0x000002306800e198]
Event: 32.320 Thread 0x00000230767c9870 11711       4       org.jetbrains.kotlin.types.TypeSubstitutor::substitute (55 bytes)
Event: 32.326 Thread 0x00000230768013b0 11719       3       org.jetbrains.kotlin.resolve.calls.tower.TowerUtilsKt::forceResolution (15 bytes)
Event: 32.326 Thread 0x00000230768013b0 nmethod 11719 0x0000023061712210 code [0x0000023061712460, 0x0000023061712cc8]
Event: 32.341 Thread 0x00000230767c9870 nmethod 11711 0x000002306800e290 code [0x000002306800e4c0, 0x000002306800edf0]
Event: 32.341 Thread 0x00000230767c9870 11720       4       org.jetbrains.kotlin.com.intellij.psi.impl.source.tree.SharedImplUtil::getFirstChild (18 bytes)
Event: 32.364 Thread 0x00000230767c9870 nmethod 11720 0x000002306800f490 code [0x000002306800f6a0, 0x000002306800fd60]
Event: 32.365 Thread 0x00000230767c9870 11718       4       org.jetbrains.kotlin.resolve.calls.smartcasts.DataFlowValueFactoryImpl::isComplexExpression (89 bytes)
Event: 32.381 Thread 0x00000230767c9870 nmethod 11718 0x0000023068010490 code [0x00000230680106a0, 0x0000023068010c68]
Event: 32.381 Thread 0x00000230767c9870 11717       4       org.jetbrains.kotlin.descriptors.ModalityUtilsKt::isFinalClass (36 bytes)
Event: 32.383 Thread 0x00000230767c9870 nmethod 11717 0x0000023068011310 code [0x00000230680114a0, 0x0000023068011598]
Event: 32.383 Thread 0x00000230767c9870 11712       4       org.jetbrains.kotlin.types.checker.ClassicTypeSystemContext$DefaultImpls::supertypes (84 bytes)
Event: 32.384 Thread 0x00000230768013b0 11722       3       org.jetbrains.kotlin.resolve.ModifiersChecker::resolveMemberModalityFromModifiers (25 bytes)
Event: 32.384 Thread 0x00000230768013b0 nmethod 11722 0x000002306135b210 code [0x000002306135b3e0, 0x000002306135b5e8]
Event: 32.384 Thread 0x00000230768013b0 11724       3       org.jetbrains.kotlin.resolve.calls.context.ResolutionContext::replaceStatementFilter (72 bytes)
Event: 32.385 Thread 0x00000230768013b0 nmethod 11724 0x00000230617bf390 code [0x00000230617bf560, 0x00000230617bf8e8]
Event: 32.385 Thread 0x00000230768013b0 11723       3       org.jetbrains.kotlin.resolve.BindingContextUtils::recordFunctionDeclarationToDescriptor (36 bytes)
Event: 32.385 Thread 0x00000230768013b0 nmethod 11723 0x0000023061711c10 code [0x0000023061711de0, 0x00000230617120f8]
Event: 32.385 Thread 0x00000230767c9870 nmethod 11712 0x0000023068011710 code [0x00000230680118a0, 0x00000230680119d8]
Event: 32.385 Thread 0x00000230767c9870 11721       4       org.jetbrains.kotlin.resolve.checkers.MissingDependencyClassChecker::incompatibilityDiagnosticFor (111 bytes)

GC Heap History (20 events):
Event: 7.958 GC heap before
{Heap before GC invocations=7 (full 0):
 garbage-first heap   total 92160K, used 70603K [0x0000000081e00000, 0x0000000100000000)
  region size 1024K, 31 young (31744K), 5 survivors (5120K)
 Metaspace       used 34715K, committed 35008K, reserved 1114112K
  class space    used 4283K, committed 4416K, reserved 1048576K
}
Event: 7.976 GC heap after
{Heap after GC invocations=8 (full 0):
 garbage-first heap   total 92160K, used 46472K [0x0000000081e00000, 0x0000000100000000)
  region size 1024K, 3 young (3072K), 3 survivors (3072K)
 Metaspace       used 34715K, committed 35008K, reserved 1114112K
  class space    used 4283K, committed 4416K, reserved 1048576K
}
Event: 8.294 GC heap before
{Heap before GC invocations=8 (full 0):
 garbage-first heap   total 92160K, used 51592K [0x0000000081e00000, 0x0000000100000000)
  region size 1024K, 9 young (9216K), 3 survivors (3072K)
 Metaspace       used 35736K, committed 35968K, reserved 1114112K
  class space    used 4375K, committed 4480K, reserved 1048576K
}
Event: 8.305 GC heap after
{Heap after GC invocations=9 (full 0):
 garbage-first heap   total 92160K, used 47646K [0x0000000081e00000, 0x0000000100000000)
  region size 1024K, 2 young (2048K), 2 survivors (2048K)
 Metaspace       used 35736K, committed 35968K, reserved 1114112K
  class space    used 4375K, committed 4480K, reserved 1048576K
}
Event: 9.014 GC heap before
{Heap before GC invocations=10 (full 0):
 garbage-first heap   total 92160K, used 64030K [0x0000000081e00000, 0x0000000100000000)
  region size 1024K, 19 young (19456K), 2 survivors (2048K)
 Metaspace       used 38743K, committed 39040K, reserved 1114112K
  class space    used 4761K, committed 4864K, reserved 1048576K
}
Event: 9.025 GC heap after
{Heap after GC invocations=11 (full 0):
 garbage-first heap   total 92160K, used 49430K [0x0000000081e00000, 0x0000000100000000)
  region size 1024K, 3 young (3072K), 3 survivors (3072K)
 Metaspace       used 38743K, committed 39040K, reserved 1114112K
  class space    used 4761K, committed 4864K, reserved 1048576K
}
Event: 9.171 GC heap before
{Heap before GC invocations=12 (full 0):
 garbage-first heap   total 92160K, used 70934K [0x0000000081e00000, 0x0000000100000000)
  region size 1024K, 24 young (24576K), 3 survivors (3072K)
 Metaspace       used 38851K, committed 39168K, reserved 1114112K
  class space    used 4761K, committed 4864K, reserved 1048576K
}
Event: 9.180 GC heap after
{Heap after GC invocations=13 (full 0):
 garbage-first heap   total 92160K, used 51863K [0x0000000081e00000, 0x0000000100000000)
  region size 1024K, 3 young (3072K), 3 survivors (3072K)
 Metaspace       used 38851K, committed 39168K, reserved 1114112K
  class space    used 4761K, committed 4864K, reserved 1048576K
}
Event: 10.451 GC heap before
{Heap before GC invocations=13 (full 0):
 garbage-first heap   total 92160K, used 72343K [0x0000000081e00000, 0x0000000100000000)
  region size 1024K, 23 young (23552K), 3 survivors (3072K)
 Metaspace       used 41201K, committed 41536K, reserved 1114112K
  class space    used 4997K, committed 5184K, reserved 1048576K
}
Event: 10.460 GC heap after
{Heap after GC invocations=14 (full 0):
 garbage-first heap   total 159744K, used 52014K [0x0000000081e00000, 0x0000000100000000)
  region size 1024K, 2 young (2048K), 2 survivors (2048K)
 Metaspace       used 41201K, committed 41536K, reserved 1114112K
  class space    used 4997K, committed 5184K, reserved 1048576K
}
Event: 16.611 GC heap before
{Heap before GC invocations=15 (full 0):
 garbage-first heap   total 159744K, used 113454K [0x0000000081e00000, 0x0000000100000000)
  region size 1024K, 63 young (64512K), 2 survivors (2048K)
 Metaspace       used 49699K, committed 50048K, reserved 1114112K
  class space    used 5911K, committed 6080K, reserved 1048576K
}
Event: 16.633 GC heap after
{Heap after GC invocations=16 (full 0):
 garbage-first heap   total 159744K, used 61132K [0x0000000081e00000, 0x0000000100000000)
  region size 1024K, 8 young (8192K), 8 survivors (8192K)
 Metaspace       used 49699K, committed 50048K, reserved 1114112K
  class space    used 5911K, committed 6080K, reserved 1048576K
}
Event: 19.697 GC heap before
{Heap before GC invocations=16 (full 0):
 garbage-first heap   total 159744K, used 118476K [0x0000000081e00000, 0x0000000100000000)
  region size 1024K, 64 young (65536K), 8 survivors (8192K)
 Metaspace       used 53192K, committed 53632K, reserved 1114112K
  class space    used 6141K, committed 6336K, reserved 1048576K
}
Event: 19.728 GC heap after
{Heap after GC invocations=17 (full 0):
 garbage-first heap   total 159744K, used 68748K [0x0000000081e00000, 0x0000000100000000)
  region size 1024K, 7 young (7168K), 7 survivors (7168K)
 Metaspace       used 53192K, committed 53632K, reserved 1114112K
  class space    used 6141K, committed 6336K, reserved 1048576K
}
Event: 22.532 GC heap before
{Heap before GC invocations=17 (full 0):
 garbage-first heap   total 159744K, used 121996K [0x0000000081e00000, 0x0000000100000000)
  region size 1024K, 58 young (59392K), 7 survivors (7168K)
 Metaspace       used 54283K, committed 54656K, reserved 1114112K
  class space    used 6169K, committed 6336K, reserved 1048576K
}
Event: 22.555 GC heap after
{Heap after GC invocations=18 (full 0):
 garbage-first heap   total 159744K, used 76165K [0x0000000081e00000, 0x0000000100000000)
  region size 1024K, 7 young (7168K), 7 survivors (7168K)
 Metaspace       used 54283K, committed 54656K, reserved 1114112K
  class space    used 6169K, committed 6336K, reserved 1048576K
}
Event: 26.061 GC heap before
{Heap before GC invocations=18 (full 0):
 garbage-first heap   total 159744K, used 125317K [0x0000000081e00000, 0x0000000100000000)
  region size 1024K, 53 young (54272K), 7 survivors (7168K)
 Metaspace       used 54958K, committed 55360K, reserved 1114112K
  class space    used 6202K, committed 6400K, reserved 1048576K
}
Event: 26.088 GC heap after
{Heap after GC invocations=19 (full 0):
 garbage-first heap   total 159744K, used 83825K [0x0000000081e00000, 0x0000000100000000)
  region size 1024K, 6 young (6144K), 6 survivors (6144K)
 Metaspace       used 54958K, committed 55360K, reserved 1114112K
  class space    used 6202K, committed 6400K, reserved 1048576K
}
Event: 29.779 GC heap before
{Heap before GC invocations=19 (full 0):
 garbage-first heap   total 159744K, used 125809K [0x0000000081e00000, 0x0000000100000000)
  region size 1024K, 47 young (48128K), 6 survivors (6144K)
 Metaspace       used 55630K, committed 56000K, reserved 1114112K
  class space    used 6259K, committed 6464K, reserved 1048576K
}
Event: 29.809 GC heap after
{Heap after GC invocations=20 (full 0):
 garbage-first heap   total 159744K, used 87475K [0x0000000081e00000, 0x0000000100000000)
  region size 1024K, 4 young (4096K), 4 survivors (4096K)
 Metaspace       used 55630K, committed 56000K, reserved 1114112K
  class space    used 6259K, committed 6464K, reserved 1048576K
}

Dll operation events (7 events):
Event: 0.042 Loaded shared library C:\Program Files\Eclipse Adoptium\jdk-17.0.19.10-hotspot\bin\java.dll
Event: 0.075 Loaded shared library C:\Program Files\Eclipse Adoptium\jdk-17.0.19.10-hotspot\bin\jsvml.dll
Event: 0.163 Loaded shared library C:\Program Files\Eclipse Adoptium\jdk-17.0.19.10-hotspot\bin\net.dll
Event: 0.167 Loaded shared library C:\Program Files\Eclipse Adoptium\jdk-17.0.19.10-hotspot\bin\nio.dll
Event: 0.249 Loaded shared library C:\Program Files\Eclipse Adoptium\jdk-17.0.19.10-hotspot\bin\zip.dll
Event: 0.310 Loaded shared library C:\Program Files\Eclipse Adoptium\jdk-17.0.19.10-hotspot\bin\jimage.dll
Event: 2.885 Loaded shared library C:\Program Files\Eclipse Adoptium\jdk-17.0.19.10-hotspot\bin\verify.dll

Deoptimization events (20 events):
Event: 31.159 Thread 0x00000230583acd20 Uncommon trap: trap_request=0xffffff45 fr.pc=0x0000023067e87fec relative=0x00000000000001ac
Event: 31.159 Thread 0x00000230583acd20 Uncommon trap: reason=unstable_if action=reinterpret pc=0x0000023067e87fec method=org.jetbrains.kotlin.resolve.DescriptorUtils.getFqNameSafeIfPossible(Lorg/jetbrains/kotlin/descriptors/DeclarationDescriptor;)Lorg/jetbrains/kotlin/name/FqName; @ 30 c2
Event: 31.159 Thread 0x00000230583acd20 DEOPT PACKING pc=0x0000023067e87fec sp=0x000000c02ecfc6a0
Event: 31.159 Thread 0x00000230583acd20 DEOPT UNPACKING pc=0x00000230674b69a3 sp=0x000000c02ecfc5e8 mode 2
Event: 31.358 Thread 0x00000230583acd20 Uncommon trap: trap_request=0xffffff45 fr.pc=0x0000023067f7521c relative=0x00000000000001bc
Event: 31.358 Thread 0x00000230583acd20 Uncommon trap: reason=unstable_if action=reinterpret pc=0x0000023067f7521c method=org.jetbrains.kotlin.resolve.calls.inference.components.TypeCheckerStateForConstraintSystem.isTypeVariableWithNoInfer(Lorg/jetbrains/kotlin/types/model/KotlinTypeMarker;)Z @
Event: 31.358 Thread 0x00000230583acd20 DEOPT PACKING pc=0x0000023067f7521c sp=0x000000c02ecfa0a0
Event: 31.358 Thread 0x00000230583acd20 DEOPT UNPACKING pc=0x00000230674b69a3 sp=0x000000c02ecfa000 mode 2
Event: 31.870 Thread 0x00000230583acd20 Uncommon trap: trap_request=0xffffffde fr.pc=0x0000023067f5d8ac relative=0x0000000000004ccc
Event: 31.870 Thread 0x00000230583acd20 Uncommon trap: reason=class_check action=maybe_recompile pc=0x0000023067f5d8ac method=org.jetbrains.kotlin.parsing.AbstractKotlinParsing.atSet(Lorg/jetbrains/kotlin/com/intellij/psi/tree/TokenSet;)Z @ 88 c2
Event: 31.870 Thread 0x00000230583acd20 DEOPT PACKING pc=0x0000023067f5d8ac sp=0x000000c02ecf4760
Event: 31.870 Thread 0x00000230583acd20 DEOPT UNPACKING pc=0x00000230674b69a3 sp=0x000000c02ecf4750 mode 2
Event: 31.989 Thread 0x00000230583acd20 Uncommon trap: trap_request=0xffffff45 fr.pc=0x0000023067f2c640 relative=0x00000000000012a0
Event: 31.989 Thread 0x00000230583acd20 Uncommon trap: reason=unstable_if action=reinterpret pc=0x0000023067f2c640 method=org.jetbrains.kotlin.resolve.calls.util.CallUtilKt.getCall(Lorg/jetbrains/kotlin/psi/KtElement;Lorg/jetbrains/kotlin/resolve/BindingContext;)Lorg/jetbrains/kotlin/psi/Call; 
Event: 31.989 Thread 0x00000230583acd20 DEOPT PACKING pc=0x0000023067f2c640 sp=0x000000c02ecf0f50
Event: 31.989 Thread 0x00000230583acd20 DEOPT UNPACKING pc=0x00000230674b69a3 sp=0x000000c02ecf0f18 mode 2
Event: 32.325 Thread 0x00000230583acd20 Uncommon trap: trap_request=0xffffffde fr.pc=0x0000023067f6dac4 relative=0x0000000000005c24
Event: 32.325 Thread 0x00000230583acd20 Uncommon trap: reason=class_check action=maybe_recompile pc=0x0000023067f6dac4 method=org.jetbrains.kotlin.resolve.calls.model.SimpleCandidateFactory.createReceiverArgument(Lorg/jetbrains/kotlin/resolve/calls/model/ReceiverKotlinCallArgument;Lorg/jetbrain
Event: 32.325 Thread 0x00000230583acd20 DEOPT PACKING pc=0x0000023067f6dac4 sp=0x000000c02ecf8df0
Event: 32.325 Thread 0x00000230583acd20 DEOPT UNPACKING pc=0x00000230674b69a3 sp=0x000000c02ecf8e28 mode 2

Classes loaded (20 events):
Event: 11.365 Loading class java/util/EnumMap$EntrySet
Event: 11.365 Loading class java/util/EnumMap$EntrySet done
Event: 11.365 Loading class java/util/EnumMap$EntryIterator
Event: 11.365 Loading class java/util/EnumMap$EnumMapIterator
Event: 11.365 Loading class java/util/EnumMap$EnumMapIterator done
Event: 11.365 Loading class java/util/EnumMap$EntryIterator done
Event: 11.365 Loading class java/util/EnumMap$EntryIterator$Entry
Event: 11.366 Loading class java/util/EnumMap$EntryIterator$Entry done
Event: 14.475 Loading class java/util/RegularEnumSet$EnumSetIterator
Event: 14.475 Loading class java/util/RegularEnumSet$EnumSetIterator done
Event: 17.234 Loading class java/util/Collections$2
Event: 17.235 Loading class java/util/Collections$2 done
Event: 19.410 Loading class java/util/concurrent/locks/AbstractQueuedSynchronizer$Node
Event: 19.410 Loading class java/util/concurrent/locks/AbstractQueuedSynchronizer$Node done
Event: 29.631 Loading class java/util/regex/Pattern$Bound
Event: 29.632 Loading class java/util/regex/Pattern$Bound done
Event: 29.632 Loading class java/util/regex/Pattern$LookBehindEndNode
Event: 29.632 Loading class java/util/regex/Pattern$LookBehindEndNode done
Event: 29.632 Loading class java/util/regex/Pattern$NotBehind
Event: 29.633 Loading class java/util/regex/Pattern$NotBehind done

Classes unloaded (0 events):
No events

Classes redefined (0 events):
No events

Internal exceptions (20 events):
Event: 16.348 Thread 0x00000230583acd20 Implicit null exception at 0x0000023067c44e40 to 0x0000023067c460c4
Event: 16.348 Thread 0x00000230583acd20 Implicit null exception at 0x0000023067c44e40 to 0x0000023067c460c4
Event: 16.349 Thread 0x00000230583acd20 Implicit null exception at 0x0000023067c44e40 to 0x0000023067c460c4
Event: 16.349 Thread 0x00000230583acd20 Implicit null exception at 0x0000023067c44e40 to 0x0000023067c460c4
Event: 16.349 Thread 0x00000230583acd20 Implicit null exception at 0x0000023067c44e40 to 0x0000023067c460c4
Event: 16.349 Thread 0x00000230583acd20 Implicit null exception at 0x0000023067c44e40 to 0x0000023067c460c4
Event: 16.349 Thread 0x00000230583acd20 Implicit null exception at 0x0000023067c602aa to 0x0000023067c61544
Event: 16.349 Thread 0x00000230583acd20 Implicit null exception at 0x0000023067c07976 to 0x0000023067c0d6c0
Event: 16.356 Thread 0x00000230583acd20 Implicit null exception at 0x0000023067c01ae0 to 0x0000023067c02b80
Event: 16.743 Thread 0x00000230583acd20 Exception <a 'java/lang/NoSuchMethodError'{0x000000008b8bab88}: 'java.lang.Object java.lang.invoke.DirectMethodHandle$Holder.newInvokeSpecial(java.lang.Object, int, java.lang.Object, java.lang.Object)'> (0x000000008b8bab88) 
thrown [s\src\hotspot\share\interpreter\linkResolver.cpp, line 759]
Event: 16.743 Thread 0x00000230583acd20 Exception <a 'java/lang/NoSuchMethodError'{0x000000008b8bf2d8}: 'java.lang.Object java.lang.invoke.DirectMethodHandle$Holder.invokeSpecial(java.lang.Object, java.lang.Object, int, java.lang.Object, java.lang.Object)'> (0x000000008b8bf2d8) 
thrown [s\src\hotspot\share\interpreter\linkResolver.cpp, line 759]
Event: 17.212 Thread 0x00000230583acd20 Exception <a 'java/lang/NoSuchMethodError'{0x000000008aee2258}: 'java.lang.Object java.lang.invoke.DirectMethodHandle$Holder.invokeInterface(java.lang.Object, java.lang.Object, java.lang.Object)'> (0x000000008aee2258) 
thrown [s\src\hotspot\share\interpreter\linkResolver.cpp, line 759]
Event: 17.213 Thread 0x00000230583acd20 Exception <a 'java/lang/IncompatibleClassChangeError'{0x000000008aee5bc8}: Found class java.lang.Object, but interface was expected> (0x000000008aee5bc8) 
thrown [s\src\hotspot\share\interpreter\linkResolver.cpp, line 826]
Event: 17.376 Thread 0x00000230583acd20 Exception <a 'java/lang/NoSuchMethodError'{0x000000008a9e03c8}: 'java.lang.Object java.lang.invoke.DirectMethodHandle$Holder.invokeStatic(java.lang.Object, java.lang.Object, int, java.lang.Object)'> (0x000000008a9e03c8) 
thrown [s\src\hotspot\share\interpreter\linkResolver.cpp, line 759]
Event: 17.378 Thread 0x00000230583acd20 Exception <a 'java/lang/NoSuchMethodError'{0x000000008a9e8648}: 'java.lang.Object java.lang.invoke.DirectMethodHandle$Holder.newInvokeSpecial(java.lang.Object, java.lang.Object, int, java.lang.Object)'> (0x000000008a9e8648) 
thrown [s\src\hotspot\share\interpreter\linkResolver.cpp, line 759]
Event: 17.379 Thread 0x00000230583acd20 Exception <a 'java/lang/NoSuchMethodError'{0x000000008a9ecf48}: 'java.lang.Object java.lang.invoke.DirectMethodHandle$Holder.invokeSpecial(java.lang.Object, java.lang.Object, java.lang.Object, int, java.lang.Object)'> (0x000000008a9ecf48) 
thrown [s\src\hotspot\share\interpreter\linkResolver.cpp, line 759]
Event: 17.381 Thread 0x00000230583acd20 Exception <a 'java/lang/NoSuchMethodError'{0x000000008a9f1118}: 'java.lang.Object java.lang.invoke.Invokers$Holder.linkToTargetMethod(java.lang.Object, int, java.lang.Object, java.lang.Object)'> (0x000000008a9f1118) 
thrown [s\src\hotspot\share\interpreter\linkResolver.cpp, line 759]
Event: 21.639 Thread 0x00000230583acd20 Implicit null exception at 0x0000023067af068f to 0x0000023067af0c60
Event: 21.822 Thread 0x00000230583acd20 Implicit null exception at 0x0000023067e29387 to 0x0000023067e2a99c
Event: 23.829 Thread 0x00000230583acd20 Implicit null exception at 0x0000023067e66908 to 0x0000023067e68b14

VM Operations (20 events):
Event: 29.542 Executing VM operation: HandshakeAllThreads
Event: 29.542 Executing VM operation: HandshakeAllThreads done
Event: 29.542 Executing VM operation: HandshakeAllThreads
Event: 29.542 Executing VM operation: HandshakeAllThreads done
Event: 29.778 Executing VM operation: G1CollectForAllocation
Event: 29.810 Executing VM operation: G1CollectForAllocation done
Event: 29.943 Executing VM operation: G1PauseRemark
Event: 29.965 Executing VM operation: G1PauseRemark done
Event: 30.031 Executing VM operation: G1PauseCleanup
Event: 30.031 Executing VM operation: G1PauseCleanup done
Event: 30.652 Executing VM operation: ICBufferFull
Event: 30.653 Executing VM operation: ICBufferFull done
Event: 30.760 Executing VM operation: HandshakeAllThreads
Event: 30.760 Executing VM operation: HandshakeAllThreads done
Event: 31.044 Executing VM operation: HandshakeAllThreads
Event: 31.044 Executing VM operation: HandshakeAllThreads done
Event: 31.156 Executing VM operation: ICBufferFull
Event: 31.156 Executing VM operation: ICBufferFull done
Event: 32.053 Executing VM operation: ICBufferFull
Event: 32.053 Executing VM operation: ICBufferFull done

Memory protections (0 events):
No events

Nmethod flushes (20 events):
Event: 31.070 Thread 0x000002307680e8f0 flushing  nmethod 0x00000230613d6d10
Event: 31.070 Thread 0x000002307680e8f0 flushing  nmethod 0x00000230613da990
Event: 31.070 Thread 0x000002307680e8f0 flushing  nmethod 0x00000230613f4510
Event: 31.071 Thread 0x000002307680e8f0 flushing  nmethod 0x000002306151f190
Event: 31.071 Thread 0x000002307680e8f0 flushing  nmethod 0x000002306151fb10
Event: 31.071 Thread 0x000002307680e8f0 flushing  nmethod 0x0000023061526190
Event: 31.071 Thread 0x000002307680e8f0 flushing  nmethod 0x000002306152c910
Event: 31.072 Thread 0x000002307680e8f0 flushing  nmethod 0x000002306155c310
Event: 31.072 Thread 0x000002307680e8f0 flushing  nmethod 0x000002306156a910
Event: 31.072 Thread 0x000002307680e8f0 flushing  nmethod 0x0000023061575310
Event: 31.072 Thread 0x000002307680e8f0 flushing  nmethod 0x000002306159a810
Event: 31.072 Thread 0x000002307680e8f0 flushing  nmethod 0x00000230615d3010
Event: 31.072 Thread 0x000002307680e8f0 flushing  nmethod 0x0000023061678d90
Event: 31.073 Thread 0x000002307680e8f0 flushing  nmethod 0x00000230616d0110
Event: 31.073 Thread 0x000002307680e8f0 flushing  nmethod 0x000002306170e310
Event: 31.073 Thread 0x000002307680e8f0 flushing  nmethod 0x000002306175af10
Event: 31.074 Thread 0x000002307680e8f0 flushing  nmethod 0x00000230617bf390
Event: 31.074 Thread 0x000002307680e8f0 flushing  nmethod 0x00000230617c2590
Event: 31.077 Thread 0x000002307680e8f0 flushing  nmethod 0x0000023061a99590
Event: 31.077 Thread 0x000002307680e8f0 flushing  nmethod 0x0000023061acbf90

Events (20 events):
Event: 0.157 Thread 0x00000230583acd20 Thread added: 0x0000023076a549d0
Event: 0.240 Thread 0x00000230767c9870 Thread added: 0x0000023076aa50a0
Event: 0.443 Thread 0x0000023076aa50a0 Thread exited: 0x0000023076aa50a0
Event: 2.904 Thread 0x00000230768013b0 Thread added: 0x000002307b90a460
Event: 3.054 Thread 0x000002307b90a460 Thread exited: 0x000002307b90a460
Event: 3.173 Thread 0x00000230767c9870 Thread added: 0x000002307bba7020
Event: 3.349 Thread 0x00000230767c9870 Thread added: 0x000002307bfcf990
Event: 3.869 Thread 0x000002307bfcf990 Thread exited: 0x000002307bfcf990
Event: 4.726 Thread 0x000002307bba7020 Thread exited: 0x000002307bba7020
Event: 5.566 Thread 0x00000230768013b0 Thread added: 0x000002307c887200
Event: 6.188 Thread 0x000002307c887200 Thread exited: 0x000002307c887200
Event: 6.327 Thread 0x00000230768013b0 Thread added: 0x000002307c887200
Event: 6.441 Thread 0x000002307c887200 Thread exited: 0x000002307c887200
Event: 7.446 Thread 0x00000230768013b0 Thread added: 0x0000023076952650
Event: 8.432 Thread 0x0000023076952650 Thread exited: 0x0000023076952650
Event: 8.573 Thread 0x00000230768013b0 Thread added: 0x0000023076954630
Event: 15.476 Thread 0x0000023076954630 Thread exited: 0x0000023076954630
Event: 15.597 Thread 0x00000230768013b0 Thread added: 0x000002307c626810
Event: 16.132 Thread 0x000002307c626810 Thread exited: 0x000002307c626810
Event: 16.366 Thread 0x00000230768013b0 Thread added: 0x000002307c6272b0


Dynamic libraries:
0x00007ff6c3720000 - 0x00007ff6c372e000 	C:\Program Files\Eclipse Adoptium\jdk-17.0.19.10-hotspot\bin\java.exe
0x00007ffe55850000 - 0x00007ffe55a67000 	C:\WINDOWS\SYSTEM32\ntdll.dll
0x00007ffe53d20000 - 0x00007ffe53de4000 	C:\WINDOWS\System32\KERNEL32.DLL
0x00007ffe52b80000 - 0x00007ffe52f52000 	C:\WINDOWS\System32\KERNELBASE.dll
0x00007ffe53250000 - 0x00007ffe53361000 	C:\WINDOWS\System32\ucrtbase.dll
0x00007ffe386c0000 - 0x00007ffe386de000 	C:\Program Files\Eclipse Adoptium\jdk-17.0.19.10-hotspot\bin\VCRUNTIME140.dll
0x00007ffe32d80000 - 0x00007ffe32d98000 	C:\Program Files\Eclipse Adoptium\jdk-17.0.19.10-hotspot\bin\jli.dll
0x00007ffe54740000 - 0x00007ffe548f1000 	C:\WINDOWS\System32\USER32.dll
0x00007ffe52f90000 - 0x00007ffe52fb6000 	C:\WINDOWS\System32\win32u.dll
0x00007ffe53b60000 - 0x00007ffe53b89000 	C:\WINDOWS\System32\GDI32.dll
0x00007ffe53080000 - 0x00007ffe531a3000 	C:\WINDOWS\System32\gdi32full.dll
0x00007ffe531b0000 - 0x00007ffe5324a000 	C:\WINDOWS\System32\msvcp_win.dll
0x00007ffe3b710000 - 0x00007ffe3b9ab000 	C:\WINDOWS\WinSxS\amd64_microsoft.windows.common-controls_6595b64144ccf1df_6.0.22621.5547_none_27104afb73855772\COMCTL32.dll
0x00007ffe54580000 - 0x00007ffe54627000 	C:\WINDOWS\System32\msvcrt.dll
0x00007ffe542b0000 - 0x00007ffe542e1000 	C:\WINDOWS\System32\IMM32.DLL
0x00007ffe32d70000 - 0x00007ffe32d7c000 	C:\Program Files\Eclipse Adoptium\jdk-17.0.19.10-hotspot\bin\vcruntime140_1.dll
0x00007ffe22640000 - 0x00007ffe226cd000 	C:\Program Files\Eclipse Adoptium\jdk-17.0.19.10-hotspot\bin\msvcp140.dll
0x00007ffe06e10000 - 0x00007ffe07a7c000 	C:\Program Files\Eclipse Adoptium\jdk-17.0.19.10-hotspot\bin\server\jvm.dll
0x00007ffe54970000 - 0x00007ffe54a21000 	C:\WINDOWS\System32\ADVAPI32.dll
0x00007ffe54a30000 - 0x00007ffe54ad8000 	C:\WINDOWS\System32\sechost.dll
0x00007ffe52f60000 - 0x00007ffe52f88000 	C:\WINDOWS\System32\bcrypt.dll
0x00007ffe54460000 - 0x00007ffe54574000 	C:\WINDOWS\System32\RPCRT4.dll
0x00007ffe53640000 - 0x00007ffe536b1000 	C:\WINDOWS\System32\WS2_32.dll
0x00007ffe52810000 - 0x00007ffe5285d000 	C:\WINDOWS\SYSTEM32\POWRPROF.dll
0x00007ffe48db0000 - 0x00007ffe48de4000 	C:\WINDOWS\SYSTEM32\WINMM.dll
0x00007ffe40330000 - 0x00007ffe4033a000 	C:\WINDOWS\SYSTEM32\VERSION.dll
0x00007ffe527f0000 - 0x00007ffe52803000 	C:\WINDOWS\SYSTEM32\UMPDC.dll
0x00007ffe51930000 - 0x00007ffe51948000 	C:\WINDOWS\SYSTEM32\kernel.appcore.dll
0x00007ffe30c30000 - 0x00007ffe30c3a000 	C:\Program Files\Eclipse Adoptium\jdk-17.0.19.10-hotspot\bin\jimage.dll
0x00007ffe4d0b0000 - 0x00007ffe4d2e3000 	C:\WINDOWS\SYSTEM32\DBGHELP.DLL
0x00007ffe54bc0000 - 0x00007ffe54f53000 	C:\WINDOWS\System32\combase.dll
0x00007ffe54ae0000 - 0x00007ffe54bb7000 	C:\WINDOWS\System32\OLEAUT32.dll
0x00007ffe3b4f0000 - 0x00007ffe3b522000 	C:\WINDOWS\SYSTEM32\dbgcore.DLL
0x00007ffe52b00000 - 0x00007ffe52b7b000 	C:\WINDOWS\System32\bcryptPrimitives.dll
0x00007ffe30bf0000 - 0x00007ffe30c15000 	C:\Program Files\Eclipse Adoptium\jdk-17.0.19.10-hotspot\bin\java.dll
0x00007ffe21f20000 - 0x00007ffe21ff7000 	C:\Program Files\Eclipse Adoptium\jdk-17.0.19.10-hotspot\bin\jsvml.dll
0x00007ffe54f60000 - 0x00007ffe55802000 	C:\WINDOWS\System32\SHELL32.dll
0x00007ffe52940000 - 0x00007ffe52a7f000 	C:\WINDOWS\System32\wintypes.dll
0x00007ffe50820000 - 0x00007ffe5113d000 	C:\WINDOWS\SYSTEM32\windows.storage.dll
0x00007ffe54630000 - 0x00007ffe5473c000 	C:\WINDOWS\System32\SHCORE.dll
0x00007ffe54900000 - 0x00007ffe54969000 	C:\WINDOWS\System32\shlwapi.dll
0x00007ffe52870000 - 0x00007ffe5289b000 	C:\WINDOWS\SYSTEM32\profapi.dll
0x00007ffe22620000 - 0x00007ffe2263a000 	C:\Program Files\Eclipse Adoptium\jdk-17.0.19.10-hotspot\bin\net.dll
0x00007ffe47fe0000 - 0x00007ffe4810c000 	C:\WINDOWS\SYSTEM32\WINHTTP.dll
0x00007ffe51da0000 - 0x00007ffe51e09000 	C:\WINDOWS\system32\mswsock.dll
0x00007ffe21f00000 - 0x00007ffe21f16000 	C:\Program Files\Eclipse Adoptium\jdk-17.0.19.10-hotspot\bin\nio.dll
0x00007ffe30bd0000 - 0x00007ffe30be8000 	C:\Program Files\Eclipse Adoptium\jdk-17.0.19.10-hotspot\bin\zip.dll
0x00007ffe22610000 - 0x00007ffe22620000 	C:\Program Files\Eclipse Adoptium\jdk-17.0.19.10-hotspot\bin\verify.dll

dbghelp: loaded successfully - version: 4.0.5 - missing functions: none
symbol engine: initialized successfully - sym options: 0x614 - pdb path: .;C:\Program Files\Eclipse Adoptium\jdk-17.0.19.10-hotspot\bin;C:\WINDOWS\SYSTEM32;C:\WINDOWS\WinSxS\amd64_microsoft.windows.common-controls_6595b64144ccf1df_6.0.22621.5547_none_27104afb73855772;C:\Program Files\Eclipse Adoptium\jdk-17.0.19.10-hotspot\bin\server

VM Arguments:
java_command: org.jetbrains.kotlin.cli.jvm.K2JVMCompiler @C:\flutter\packages\flutter_tools\gradle\build\20260815_15630281331514932370.compiler.options
java_class_path (initial): C:\Users\admin\.gradle\caches\modules-2\files-2.1\org.jetbrains.kotlin\kotlin-compiler-embeddable\2.0.21\79346ed53db48b18312a472602eb5c057070c54d\kotlin-compiler-embeddable-2.0.21.jar;C:\Users\admin\.gradle\caches\modules-2\files-2.1\org.jetbrains.kotlin\kotlin-stdlib\2.0.21\618b539767b4899b4660a83006e052b63f1db551\kotlin-stdlib-2.0.21.jar;C:\Users\admin\.gradle\caches\modules-2\files-2.1\org.jetbrains.kotlin\kotlin-script-runtime\2.0.21\c9b044380ad41f89aa89aa896c2d32a8c0b2129d\kotlin-script-runtime-2.0.21.jar;C:\Users\admin\.gradle\caches\modules-2\files-2.1\org.jetbrains.kotlin\kotlin-reflect\1.6.10\1cbe9c92c12a94eea200d23c2bbaedaf3daf5132\kotlin-reflect-1.6.10.jar;C:\Users\admin\.gradle\caches\modules-2\files-2.1\org.jetbrains.kotlin\kotlin-daemon-embeddable\2.0.21\c9e933b23287de9b5a17e2116b4657bb91aea72c\kotlin-daemon-embeddable-2.0.21.jar;C:\Users\admin\.gradle\caches\modules-2\files-2.1\org.jetbrains.intellij.deps\trove4j\1.0.20200330\3afb14d5f9ceb459d724e907a21145e8ff394f02\trove4j-1.0.20200330.jar;C:\Users\admin\.gradle\caches\modules-2\files-2.1\org.jetbrains.kotlinx\kotlinx-coroutines-core-jvm\1.6.4\2c997cd1c0ef33f3e751d3831929aeff1390cb30\kotlinx-coroutines-core-jvm-1.6.4.jar;C:\Users\admin\.gradle\caches\modules-2\files-2.1\org.jetbrains\annotations\13.0\919f0dfe192fb4e063e7dacadee7f8bb9a2672a9\annotations-13.0.jar
Launcher Type: SUN_STANDARD

[Global flags]
     intx CICompilerCount                          = 4                                         {product} {ergonomic}
     uint ConcGCThreads                            = 2                                         {product} {ergonomic}
     uint G1ConcRefinementThreads                  = 8                                         {product} {ergonomic}
   size_t G1HeapRegionSize                         = 1048576                                   {product} {ergonomic}
    uintx GCDrainStackTargetSize                   = 64                                        {product} {ergonomic}
   size_t InitialHeapSize                          = 134217728                                 {product} {ergonomic}
   size_t MarkStackSize                            = 4194304                                   {product} {ergonomic}
   size_t MaxHeapSize                              = 2116026368                                {product} {ergonomic}
   size_t MaxNewSize                               = 1268776960                                {product} {ergonomic}
   size_t MinHeapDeltaBytes                        = 1048576                                   {product} {ergonomic}
   size_t MinHeapSize                              = 8388608                                   {product} {ergonomic}
    uintx NonNMethodCodeHeapSize                   = 5839372                                {pd product} {ergonomic}
    uintx NonProfiledCodeHeapSize                  = 122909434                              {pd product} {ergonomic}
    uintx ProfiledCodeHeapSize                     = 122909434                              {pd product} {ergonomic}
    uintx ReservedCodeCacheSize                    = 251658240                              {pd product} {ergonomic}
     bool SegmentedCodeCache                       = true                                      {product} {ergonomic}
   size_t SoftMaxHeapSize                          = 2116026368                             {manageable} {ergonomic}
     bool UseCompressedClassPointers               = true                           {product lp64_product} {ergonomic}
     bool UseCompressedOops                        = true                           {product lp64_product} {ergonomic}
     bool UseG1GC                                  = true                                      {product} {ergonomic}
     bool UseLargePagesIndividualAllocation        = false                                  {pd product} {ergonomic}

Logging:
Log output configuration:
 #0: stdout all=warning uptime,level,tags
 #1: stderr all=off uptime,level,tags

Environment Variables:
JAVA_HOME=C:\Program Files\Eclipse Adoptium\jdk-25.0.1.8-hotspot
PATH=C:\Program Files\Eclipse Adoptium\jdk-17.0.19.10-hotspot\bin;C:\Program Files (x86)\VMware\VMware Workstation\bin\;C:\Program Files\Python312\Scripts\;C:\Program Files\Python312\;C:\WINDOWS\system32;C:\WINDOWS;C:\WINDOWS\System32\Wbem;C:\WINDOWS\System32\WindowsPowerShell\v1.0\;C:\WINDOWS\System32\OpenSSH\;C:\Program Files (x86)\Microsoft SQL Server\160\Tools\Binn\;C:\Program Files\Microsoft SQL Server\160\Tools\Binn\;C:\Program Files\Microsoft SQL Server\Client SDK\ODBC\170\Tools\Binn\;C:\Program Files\Microsoft SQL Server\160\DTS\Binn\;C:\Program Files (x86)\Microsoft SQL Server\160\DTS\Binn\;C:\Windows\system32\python;C:\sqlite3;C:\Program Files\nodejs\;C:\MinGW\bin;C:\curl\bin;C:\curl\include;C:\MinGW;C:\MinGW\lib;C:\GnuWin32\bin;C:\OpenSSL-Win64\bin;C:\Program Files\PostgreSQL\17\bin;C:\Program Files\Eclipse Adoptium\jdk-25.0.1.8-hotspot\bin;C:\Program Files\Heroku\bin;C:\Program Files\Git\cmd;C:\Program Files (x86)\VMware\VMware Workstation\bin\;C:\Program Files\Python312\Scripts\;C:\Program Files\Python312\;C:\WINDOWS\system32;C:\WINDOWS;C:\WINDOWS\System32\Wbem;C:\WINDOWS\System32\WindowsPowerShell\v1.0\;C:\WINDOWS\System32\OpenSSH\;C:\Program Files (x86)\Microsoft SQL Server\160\Tools\Binn\;C:\Program Files\Microsoft SQL Server\160\Tools\Binn\;C:\Program Files\Microsoft SQL Server\Client SDK\ODBC\170\Tools\Binn\;C:\Program Files\Microsoft SQL Server\160\DTS\Binn\;C:\Program Files (x86)\Microsoft SQL Server\160\DTS\Binn\;C:\Windows\system32\python;C:\sqlite3;C:\Program Files\nodejs\;C:\MinGW\bin;C:\curl\bin;C:\curl\include;C:\MinGW;C:\MinGW\lib;C:\GnuWin32\bin;C:\OpenSSL-Win64\bin;C:\Program Files\PostgreSQL\17\bin;C:\Program Files\Eclipse Adoptium\jdk-25.0.1.8-hotspot\bin;C:\Program Files\Git\cmd;C:\Program Files\Docker\Docker\resources\bin;C:\Program Files\Heroku\bin;C:\Users\admin\AppData\Local\Programs\Microsoft VS Code;C:\Program Files\P;C:\flutter\bin\flutter;C:\flutter\bin;C:\Users\admin\AppData\Local\Programs\Microsoft VS Code\bin
USERNAME=admin
OS=Windows_NT
PROCESSOR_IDENTIFIER=Intel64 Family 6 Model 142 Stepping 10, GenuineIntel
TMP=C:\Users\admin\AppData\Local\Temp
TEMP=C:\Users\admin\AppData\Local\Temp



Periodic native trim disabled


---------------  S Y S T E M  ---------------

OS:
 Windows 11 , 64 bit Build 22621 (10.0.22621.5415)
OS uptime: 0 days 1:40 hours
Hyper-V role detected

CPU: total 8 (initial active 8) (4 cores per cpu, 2 threads per core) family 6 model 142 stepping 10 microcode 0xf4, cx8, cmov, fxsr, ht, mmx, 3dnowpref, sse, sse2, sse3, ssse3, sse4.1, sse4.2, popcnt, lzcnt, tsc, tscinvbit, avx, avx2, aes, erms, clmul, bmi1, bmi2, rtm, adx, fma, vzeroupper, clflush, clflushopt, hv
Processor Information for all 8 processors :
  Max Mhz: 1896, Current Mhz: 1696, Mhz Limit: 1687

Memory: 4k page, system-wide physical 8070M (479M free)
TotalPageFile size 18119M (AvailPageFile size 4M)
current process WorkingSet (physical memory assigned to process): 348M, peak: 374M
current process commit charge ("private bytes"): 388M, peak: 415M

vm_info: OpenJDK 64-Bit Server VM (17.0.19+10) for windows-amd64 JRE (17.0.19+10), built on Apr 25 2026 08:04:44 by "admin" with MS VC++ 17.12 (VS2022)

END.
