#
# There is insufficient memory for the Java Runtime Environment to continue.
# Native memory allocation (malloc) failed to allocate 1112016 bytes. Error detail: Chunk::new
# Possible reasons:
#   The system is out of physical RAM or swap space
#   This process is running with CompressedOops enabled, and the Java Heap may be blocking the growth of the native heap
# Possible solutions:
#   Reduce memory load on the system
#   Increase physical memory or swap space
#   Check if swap backing store is full
#   Decrease Java heap size (-Xmx/-Xms)
#   Decrease number of Java threads
#   Decrease Java thread stack sizes (-Xss)
#   Set larger code cache with -XX:ReservedCodeCacheSize=
#   JVM is running with Unscaled Compressed Oops mode in which the Java heap is
#     placed in the first 4GB address space. The Java Heap base address is the
#     maximum limit for the native heap growth. Please use -XX:HeapBaseMinAddress
#     to set the Java Heap base and to place the Java Heap above 4GB virtual address.
# This output file may be truncated or incomplete.
#
#  Out of Memory Error (arena.cpp:168), pid=9272, tid=5284
#
# JRE version: OpenJDK Runtime Environment Temurin-21.0.12.1+1 (21.0.12.1+1) (build 21.0.12.1+1-LTS)
# Java VM: OpenJDK 64-Bit Server VM Temurin-21.0.12.1+1 (21.0.12.1+1-LTS, mixed mode, sharing, tiered, compressed oops, compressed class ptrs, g1 gc, windows-amd64)
# No core dump will be written. Minidumps are not enabled by default on client versions of Windows
#

---------------  S U M M A R Y ------------

Command Line: --add-opens=java.base/java.util=ALL-UNNAMED --add-opens=java.base/java.lang=ALL-UNNAMED --add-opens=java.base/java.lang.invoke=ALL-UNNAMED --add-opens=java.prefs/java.util.prefs=ALL-UNNAMED --add-exports=jdk.compiler/com.sun.tools.javac.api=ALL-UNNAMED --add-exports=jdk.compiler/com.sun.tools.javac.util=ALL-UNNAMED --add-opens=java.base/java.nio.charset=ALL-UNNAMED --add-opens=java.base/java.net=ALL-UNNAMED --add-opens=java.base/java.util.concurrent.atomic=ALL-UNNAMED -XX:MaxMetaspaceSize=384m -XX:+HeapDumpOnOutOfMemoryError -Xms256m -Xmx512m -Dfile.encoding=utf8 -Duser.country=FR -Duser.language=fr -Duser.variant -javaagent:C:\Users\admin\.gradle\wrapper\dists\gradle-8.9-bin\90cnw93cvbtalezasaz0blq0a\gradle-8.9\lib\agents\gradle-instrumentation-agent-8.9.jar org.gradle.launcher.daemon.bootstrap.GradleDaemon 8.9

Host: Intel(R) Core(TM) i5-8350U CPU @ 1.70GHz, 8 cores, 7G,  Windows 11 , 64 bit Build 22621 (10.0.22621.5415)
Time: Sun Sep 20 14:21:58 2026 elapsed time: 125.810133 seconds (0d 0h 2m 5s)

---------------  T H R E A D  ---------------

Current thread (0x00000214bb5710f0):  JavaThread "C2 CompilerThread0" daemon [_thread_in_native, id=5284, stack(0x0000008214800000,0x0000008214900000) (1024K)]


Current CompileTask:
C2:125810 13250       4       org.gradle.internal.instantiation.generator.AbstractClassGenerator::inspectType (560 bytes)

Stack: [0x0000008214800000,0x0000008214900000]
Native frames: (J=compiled Java code, j=interpreted, Vv=VM code, C=native code)
V  [jvm.dll+0x6d83e9]
V  [jvm.dll+0x8b5736]
V  [jvm.dll+0x8b7cee]
V  [jvm.dll+0x8b83d3]
V  [jvm.dll+0x284596]
V  [jvm.dll+0xc685d]
V  [jvm.dll+0xc6da1]
V  [jvm.dll+0x2fb5ae]
V  [jvm.dll+0x5fee94]
V  [jvm.dll+0x255d67]
V  [jvm.dll+0x24e3bf]
V  [jvm.dll+0x24bbe6]
V  [jvm.dll+0x1cb4ae]
V  [jvm.dll+0x25baad]
V  [jvm.dll+0x25a03a]
V  [jvm.dll+0x3f8aae]
V  [jvm.dll+0x8600cd]
V  [jvm.dll+0x6d6c1d]
C  [ucrtbase.dll+0x29333]
C  [KERNEL32.DLL+0x1259d]
C  [ntdll.dll+0x5af78]


---------------  P R O C E S S  ---------------

Threads class SMR info:
_java_thread_list=0x00000214da84c3e0, length=58, elements={
0x00000214a5bb1a90, 0x00000214bb55e060, 0x00000214bb55ed20, 0x00000214bb560360,
0x00000214bb562650, 0x00000214bb5650c0, 0x00000214bb56bc70, 0x00000214bb5710f0,
0x00000214bb571df0, 0x00000214bb7e4fa0, 0x00000214bb7dbfa0, 0x00000214d674bdc0,
0x00000214d5f8d390, 0x00000214d6743270, 0x00000214d67d0890, 0x00000214d668fb20,
0x00000214d5cdb500, 0x00000214d6794e50, 0x00000214d67919d0, 0x00000214d67947c0,
0x00000214d6793aa0, 0x00000214d67926f0, 0x00000214d6793410, 0x00000214d6792060,
0x00000214d6792d80, 0x00000214d8a42aa0, 0x00000214d8a43130, 0x00000214d8a42410,
0x00000214d8a43e50, 0x00000214d8a41060, 0x00000214d8a416f0, 0x00000214d8a41d80,
0x00000214d8a437c0, 0x00000214d8a444e0, 0x00000214d72be390, 0x00000214d72ba880,
0x00000214d72bcfe0, 0x00000214d72baf10, 0x00000214d72bb5a0, 0x00000214d72bfdd0,
0x00000214d72bf740, 0x00000214d72bea20, 0x00000214d72bbc30, 0x00000214d72c0460,
0x00000214d72b94d0, 0x00000214d72bd670, 0x00000214d72c0af0, 0x00000214d72ba1f0,
0x00000214d852c060, 0x00000214d8530f20, 0x00000214d8530890, 0x00000214d852e7c0,
0x00000214d85315b0, 0x00000214d852c6f0, 0x00000214d852ee50, 0x00000214d8530200,
0x00000214d852cd80, 0x00000214d852daa0
}

Java Threads: ( => current thread )
  0x00000214a5bb1a90 JavaThread "main"                              [_thread_blocked, id=3892, stack(0x0000008213a00000,0x0000008213b00000) (1024K)]
  0x00000214bb55e060 JavaThread "Reference Handler"          daemon [_thread_blocked, id=7704, stack(0x0000008214200000,0x0000008214300000) (1024K)]
  0x00000214bb55ed20 JavaThread "Finalizer"                  daemon [_thread_blocked, id=6672, stack(0x0000008214300000,0x0000008214400000) (1024K)]
  0x00000214bb560360 JavaThread "Signal Dispatcher"          daemon [_thread_blocked, id=7988, stack(0x0000008214400000,0x0000008214500000) (1024K)]
  0x00000214bb562650 JavaThread "Attach Listener"            daemon [_thread_blocked, id=15820, stack(0x0000008214500000,0x0000008214600000) (1024K)]
  0x00000214bb5650c0 JavaThread "Service Thread"             daemon [_thread_blocked, id=12412, stack(0x0000008214600000,0x0000008214700000) (1024K)]
  0x00000214bb56bc70 JavaThread "Monitor Deflation Thread"   daemon [_thread_blocked, id=9356, stack(0x0000008214700000,0x0000008214800000) (1024K)]
=>0x00000214bb5710f0 JavaThread "C2 CompilerThread0"         daemon [_thread_in_native, id=5284, stack(0x0000008214800000,0x0000008214900000) (1024K)]
  0x00000214bb571df0 JavaThread "C1 CompilerThread0"         daemon [_thread_blocked, id=13408, stack(0x0000008214900000,0x0000008214a00000) (1024K)]
  0x00000214bb7e4fa0 JavaThread "Common-Cleaner"             daemon [_thread_blocked, id=9720, stack(0x0000008214a00000,0x0000008214b00000) (1024K)]
  0x00000214bb7dbfa0 JavaThread "Notification Thread"        daemon [_thread_blocked, id=6768, stack(0x0000008214b00000,0x0000008214c00000) (1024K)]
  0x00000214d674bdc0 JavaThread "Daemon health stats"               [_thread_blocked, id=3600, stack(0x0000008215100000,0x0000008215200000) (1024K)]
  0x00000214d5f8d390 JavaThread "Incoming local TCP Connector on port 53182"        [_thread_in_native, id=8084, stack(0x0000008215200000,0x0000008215300000) (1024K)]
  0x00000214d6743270 JavaThread "Daemon periodic checks"            [_thread_blocked, id=12628, stack(0x0000008215400000,0x0000008215500000) (1024K)]
  0x00000214d67d0890 JavaThread "Daemon"                            [_thread_blocked, id=14232, stack(0x0000008215500000,0x0000008215600000) (1024K)]
  0x00000214d668fb20 JavaThread "Handler for socket connection from /127.0.0.1:53182 to /127.0.0.1:53183"        [_thread_in_native, id=6608, stack(0x0000008215600000,0x0000008215700000) (1024K)]
  0x00000214d5cdb500 JavaThread "Cancel handler"                    [_thread_blocked, id=2852, stack(0x0000008215300000,0x0000008215400000) (1024K)]
  0x00000214d6794e50 JavaThread "Daemon worker"                     [_thread_in_vm, id=10652, stack(0x0000008215700000,0x0000008215800000) (1024K)]
  0x00000214d67919d0 JavaThread "Asynchronous log dispatcher for DefaultDaemonConnection: socket connection from /127.0.0.1:53182 to /127.0.0.1:53183"        [_thread_blocked, id=11720, stack(0x0000008215800000,0x0000008215900000) (1024K)]
  0x00000214d67947c0 JavaThread "Stdin handler"                     [_thread_blocked, id=19176, stack(0x0000008215900000,0x0000008215a00000) (1024K)]
  0x00000214d6793aa0 JavaThread "Daemon client event forwarder"        [_thread_blocked, id=17832, stack(0x0000008215a00000,0x0000008215b00000) (1024K)]
  0x00000214d67926f0 JavaThread "Cache worker for journal cache (C:\Users\admin\.gradle\caches\journal-1)"        [_thread_blocked, id=19204, stack(0x0000008215b00000,0x0000008215c00000) (1024K)]
  0x00000214d6793410 JavaThread "File lock request listener"        [_thread_in_native, id=10748, stack(0x0000008215c00000,0x0000008215d00000) (1024K)]
  0x00000214d6792060 JavaThread "Cache worker for file hash cache (C:\Users\admin\.gradle\caches\8.9\fileHashes)"        [_thread_blocked, id=9464, stack(0x0000008215d00000,0x0000008215e00000) (1024K)]
  0x00000214d6792d80 JavaThread "Cache worker for file hash cache (C:\Users\admin\Downloads\livreurs-pro\flutter\flutter\packages\flutter_tools\gradle\.gradle\8.9\fileHashes)"        [_thread_blocked, id=10676, stack(0x0000008216200000,0x0000008216300000) (1024K)]
  0x00000214d8a42aa0 JavaThread "Cache worker for Build Output Cleanup Cache (C:\Users\admin\Downloads\livreurs-pro\flutter\flutter\packages\flutter_tools\gradle\.gradle\buildOutputCleanup)"        [_thread_blocked, id=11248, stack(0x0000008216300000,0x0000008216400000) (1024K)]
  0x00000214d8a43130 JavaThread "File watcher server"        daemon [_thread_in_native, id=11324, stack(0x0000008216400000,0x0000008216500000) (1024K)]
  0x00000214d8a42410 JavaThread "File watcher consumer"      daemon [_thread_blocked, id=18304, stack(0x0000008216500000,0x0000008216600000) (1024K)]
  0x00000214d8a43e50 JavaThread "Cache worker for checksums cache (C:\Users\admin\Downloads\livreurs-pro\flutter\flutter\packages\flutter_tools\gradle\.gradle\8.9\checksums)"        [_thread_blocked, id=17280, stack(0x0000008215e00000,0x0000008215f00000) (1024K)]
  0x00000214d8a41060 JavaThread "Cache worker for file content cache (C:\Users\admin\.gradle\caches\8.9\fileContent)"        [_thread_blocked, id=11096, stack(0x0000008216600000,0x0000008216700000) (1024K)]
  0x00000214d8a416f0 JavaThread "Cache worker for cache directory md-rule (C:\Users\admin\.gradle\caches\8.9\md-rule)"        [_thread_blocked, id=8380, stack(0x0000008216700000,0x0000008216800000) (1024K)]
  0x00000214d8a41d80 JavaThread "Cache worker for cache directory md-supplier (C:\Users\admin\.gradle\caches\8.9\md-supplier)"        [_thread_blocked, id=9200, stack(0x0000008216800000,0x0000008216900000) (1024K)]
  0x00000214d8a437c0 JavaThread "File lock release action executor"        [_thread_blocked, id=12924, stack(0x0000008216900000,0x0000008216a00000) (1024K)]
  0x00000214d8a444e0 JavaThread "jar transforms"                    [_thread_blocked, id=9644, stack(0x0000008216b00000,0x0000008216c00000) (1024K)]
  0x00000214d72be390 JavaThread "jar transforms Thread 2"           [_thread_blocked, id=4876, stack(0x0000008216a00000,0x0000008216b00000) (1024K)]
  0x00000214d72ba880 JavaThread "Unconstrained build operations"        [_thread_blocked, id=7656, stack(0x0000008213900000,0x0000008213a00000) (1024K)]
  0x00000214d72bcfe0 JavaThread "Unconstrained build operations Thread 2"        [_thread_blocked, id=3940, stack(0x0000008216c00000,0x0000008216d00000) (1024K)]
  0x00000214d72baf10 JavaThread "Unconstrained build operations Thread 3"        [_thread_blocked, id=17500, stack(0x0000008216d00000,0x0000008216e00000) (1024K)]
  0x00000214d72bb5a0 JavaThread "Unconstrained build operations Thread 4"        [_thread_blocked, id=14980, stack(0x0000008216e00000,0x0000008216f00000) (1024K)]
  0x00000214d72bfdd0 JavaThread "Unconstrained build operations Thread 5"        [_thread_blocked, id=2928, stack(0x0000008216f00000,0x0000008217000000) (1024K)]
  0x00000214d72bf740 JavaThread "Unconstrained build operations Thread 6"        [_thread_blocked, id=13788, stack(0x0000008217000000,0x0000008217100000) (1024K)]
  0x00000214d72bea20 JavaThread "Unconstrained build operations Thread 7"        [_thread_blocked, id=17112, stack(0x0000008217100000,0x0000008217200000) (1024K)]
  0x00000214d72bbc30 JavaThread "Unconstrained build operations Thread 8"        [_thread_blocked, id=18516, stack(0x0000008217200000,0x0000008217300000) (1024K)]
  0x00000214d72c0460 JavaThread "Unconstrained build operations Thread 9"        [_thread_blocked, id=12240, stack(0x0000008217300000,0x0000008217400000) (1024K)]
  0x00000214d72b94d0 JavaThread "Unconstrained build operations Thread 10"        [_thread_blocked, id=15976, stack(0x0000008217400000,0x0000008217500000) (1024K)]
  0x00000214d72bd670 JavaThread "Unconstrained build operations Thread 11"        [_thread_blocked, id=1372, stack(0x0000008217500000,0x0000008217600000) (1024K)]
  0x00000214d72c0af0 JavaThread "Unconstrained build operations Thread 12"        [_thread_blocked, id=6176, stack(0x0000008217600000,0x0000008217700000) (1024K)]
  0x00000214d72ba1f0 JavaThread "Unconstrained build operations Thread 13"        [_thread_blocked, id=4156, stack(0x0000008217700000,0x0000008217800000) (1024K)]
  0x00000214d852c060 JavaThread "Unconstrained build operations Thread 14"        [_thread_blocked, id=17252, stack(0x0000008217800000,0x0000008217900000) (1024K)]
  0x00000214d8530f20 JavaThread "Unconstrained build operations Thread 15"        [_thread_blocked, id=5688, stack(0x0000008217900000,0x0000008217a00000) (1024K)]
  0x00000214d8530890 JavaThread "Unconstrained build operations Thread 16"        [_thread_blocked, id=16836, stack(0x0000008217a00000,0x0000008217b00000) (1024K)]
  0x00000214d852e7c0 JavaThread "Unconstrained build operations Thread 17"        [_thread_blocked, id=8592, stack(0x0000008217b00000,0x0000008217c00000) (1024K)]
  0x00000214d85315b0 JavaThread "Unconstrained build operations Thread 18"        [_thread_blocked, id=18184, stack(0x0000008217c00000,0x0000008217d00000) (1024K)]
  0x00000214d852c6f0 JavaThread "Unconstrained build operations Thread 19"        [_thread_blocked, id=8948, stack(0x0000008217d00000,0x0000008217e00000) (1024K)]
  0x00000214d852ee50 JavaThread "Unconstrained build operations Thread 20"        [_thread_blocked, id=15032, stack(0x0000008217e00000,0x0000008217f00000) (1024K)]
  0x00000214d8530200 JavaThread "Unconstrained build operations Thread 21"        [_thread_blocked, id=9140, stack(0x0000008217f00000,0x0000008218000000) (1024K)]
  0x00000214d852cd80 JavaThread "Memory manager"                    [_thread_blocked, id=18592, stack(0x0000008218000000,0x0000008218100000) (1024K)]
  0x00000214d852daa0 JavaThread "build event listener"              [_thread_blocked, id=2552, stack(0x0000008218100000,0x0000008218200000) (1024K)]
Total: 58

Other Threads:
  0x00000214bb547290 VMThread "VM Thread"                           [id=1228, stack(0x0000008214100000,0x0000008214200000) (1024K)]
  0x00000214bb5387b0 WatcherThread "VM Periodic Task Thread"        [id=18672, stack(0x0000008214000000,0x0000008214100000) (1024K)]
  0x00000214a5bdaf70 WorkerThread "GC Thread#0"                     [id=2872, stack(0x0000008213b00000,0x0000008213c00000) (1024K)]
  0x00000214d566b050 WorkerThread "GC Thread#1"                     [id=19152, stack(0x0000008214c00000,0x0000008214d00000) (1024K)]
  0x00000214d5148f20 WorkerThread "GC Thread#2"                     [id=2868, stack(0x0000008214d00000,0x0000008214e00000) (1024K)]
  0x00000214d57fe680 WorkerThread "GC Thread#3"                     [id=18956, stack(0x0000008214e00000,0x0000008214f00000) (1024K)]
  0x00000214d57fea30 WorkerThread "GC Thread#4"                     [id=19452, stack(0x0000008214f00000,0x0000008215000000) (1024K)]
  0x00000214d541ba10 WorkerThread "GC Thread#5"                     [id=5196, stack(0x0000008215000000,0x0000008215100000) (1024K)]
  0x00000214d67d8930 WorkerThread "GC Thread#6"                     [id=5784, stack(0x0000008215f00000,0x0000008216000000) (1024K)]
  0x00000214d8eca680 WorkerThread "GC Thread#7"                     [id=6704, stack(0x0000008216000000,0x0000008216100000) (1024K)]
  0x00000214a5be0920 ConcurrentGCThread "G1 Main Marker"            [id=4052, stack(0x0000008213c00000,0x0000008213d00000) (1024K)]
  0x00000214a5be1bd0 WorkerThread "G1 Conc#0"                       [id=1076, stack(0x0000008213d00000,0x0000008213e00000) (1024K)]
  0x00000214d8eccb60 WorkerThread "G1 Conc#1"                       [id=9340, stack(0x0000008216100000,0x0000008216200000) (1024K)]
  0x00000214a5c6e160 ConcurrentGCThread "G1 Refine#0"               [id=15872, stack(0x0000008213e00000,0x0000008213f00000) (1024K)]
  0x00000214bb4069f0 ConcurrentGCThread "G1 Service"                [id=8816, stack(0x0000008213f00000,0x0000008214000000) (1024K)]
Total: 15

Threads with active compile tasks:
C2 CompilerThread0  125861 13250       4       org.gradle.internal.instantiation.generator.AbstractClassGenerator::inspectType (560 bytes)
Total: 1

VM state: not at safepoint (normal execution)

VM Mutex/Monitor currently owned by a thread: None

Heap address: 0x00000000e0000000, size: 512 MB, Compressed Oops mode: 32-bit

CDS archive(s) mapped at: [0x00000214bc000000-0x00000214bcba0000-0x00000214bcba0000), size 12189696, SharedBaseAddress: 0x00000214bc000000, ArchiveRelocationMode: 1.
Compressed class space mapped at: 0x00000214bd000000-0x00000214d1000000, reserved size: 335544320
Narrow klass base: 0x00000214bc000000, Narrow klass shift: 0, Narrow klass range: 0x100000000

GC Precious Log:
 CardTable entry size: 512
 Card Set container configuration: InlinePtr #cards 5 size 8 Array Of Cards #cards 12 size 40 Howl #buckets 4 coarsen threshold 1843 Howl Bitmap #cards 512 size 80 coarsen threshold 460 Card regions per heap region 1 cards per card region 2048
 CPUs: 8 total, 8 available
 Memory: 8070M
 Large Page Support: Disabled
 NUMA Support: Disabled
 Compressed Oops: Enabled (32-bit)
 Heap Region Size: 1M
 Heap Min Capacity: 256M
 Heap Initial Capacity: 256M
 Heap Max Capacity: 512M
 Pre-touch: Disabled
 Parallel Workers: 8
 Concurrent Workers: 2
 Concurrent Refinement Workers: 8
 Periodic GC: Disabled

Heap:
 garbage-first heap   total 262144K, used 133905K [0x00000000e0000000, 0x0000000100000000)
  region size 1024K, 34 young (34816K), 7 survivors (7168K)
 Metaspace       used 126849K, committed 129216K, reserved 458752K
  class space    used 16861K, committed 18048K, reserved 327680K

Heap Regions: E=young(eden), S=young(survivor), O=old, HS=humongous(starts), HC=humongous(continues), CS=collection set, F=free, TAMS=top-at-mark-start, PB=parsable bottom
|   0|0x00000000e0000000, 0x00000000e0100000, 0x00000000e0100000|100%|HS|  |TAMS 0x00000000e0000000| PB 0x00000000e0000000| Complete 
|   1|0x00000000e0100000, 0x00000000e0200000, 0x00000000e0200000|100%|HC|  |TAMS 0x00000000e0100000| PB 0x00000000e0100000| Complete 
|   2|0x00000000e0200000, 0x00000000e0300000, 0x00000000e0300000|100%|HC|  |TAMS 0x00000000e0200000| PB 0x00000000e0200000| Complete 
|   3|0x00000000e0300000, 0x00000000e0400000, 0x00000000e0400000|100%|HC|  |TAMS 0x00000000e0300000| PB 0x00000000e0300000| Complete 
|   4|0x00000000e0400000, 0x00000000e0500000, 0x00000000e0500000|100%| O|  |TAMS 0x00000000e0400000| PB 0x00000000e0400000| Untracked 
|   5|0x00000000e0500000, 0x00000000e0600000, 0x00000000e0600000|100%| O|  |TAMS 0x00000000e0500000| PB 0x00000000e0500000| Untracked 
|   6|0x00000000e0600000, 0x00000000e0700000, 0x00000000e0700000|100%| O|  |TAMS 0x00000000e0600000| PB 0x00000000e0600000| Untracked 
|   7|0x00000000e0700000, 0x00000000e0800000, 0x00000000e0800000|100%| O|  |TAMS 0x00000000e0700000| PB 0x00000000e0700000| Untracked 
|   8|0x00000000e0800000, 0x00000000e0900000, 0x00000000e0900000|100%| O|  |TAMS 0x00000000e0800000| PB 0x00000000e0800000| Untracked 
|   9|0x00000000e0900000, 0x00000000e0a00000, 0x00000000e0a00000|100%| O|  |TAMS 0x00000000e0900000| PB 0x00000000e0900000| Untracked 
|  10|0x00000000e0a00000, 0x00000000e0b00000, 0x00000000e0b00000|100%| O|  |TAMS 0x00000000e0a00000| PB 0x00000000e0a00000| Untracked 
|  11|0x00000000e0b00000, 0x00000000e0c00000, 0x00000000e0c00000|100%|HS|  |TAMS 0x00000000e0b00000| PB 0x00000000e0b00000| Complete 
|  12|0x00000000e0c00000, 0x00000000e0d00000, 0x00000000e0d00000|100%| O|  |TAMS 0x00000000e0c00000| PB 0x00000000e0c00000| Untracked 
|  13|0x00000000e0d00000, 0x00000000e0e00000, 0x00000000e0e00000|100%| O|  |TAMS 0x00000000e0d00000| PB 0x00000000e0d00000| Untracked 
|  14|0x00000000e0e00000, 0x00000000e0f00000, 0x00000000e0f00000|100%| O|  |TAMS 0x00000000e0e00000| PB 0x00000000e0e00000| Untracked 
|  15|0x00000000e0f00000, 0x00000000e1000000, 0x00000000e1000000|100%| O|  |TAMS 0x00000000e0f00000| PB 0x00000000e0f00000| Untracked 
|  16|0x00000000e1000000, 0x00000000e1100000, 0x00000000e1100000|100%| O|  |TAMS 0x00000000e1000000| PB 0x00000000e1000000| Untracked 
|  17|0x00000000e1100000, 0x00000000e1200000, 0x00000000e1200000|100%| O|  |TAMS 0x00000000e1100000| PB 0x00000000e1100000| Untracked 
|  18|0x00000000e1200000, 0x00000000e1300000, 0x00000000e1300000|100%| O|  |TAMS 0x00000000e1200000| PB 0x00000000e1200000| Untracked 
|  19|0x00000000e1300000, 0x00000000e1400000, 0x00000000e1400000|100%| O|  |TAMS 0x00000000e1300000| PB 0x00000000e1300000| Untracked 
|  20|0x00000000e1400000, 0x00000000e1500000, 0x00000000e1500000|100%| O|  |TAMS 0x00000000e1400000| PB 0x00000000e1400000| Untracked 
|  21|0x00000000e1500000, 0x00000000e1600000, 0x00000000e1600000|100%| O|  |TAMS 0x00000000e1500000| PB 0x00000000e1500000| Untracked 
|  22|0x00000000e1600000, 0x00000000e1700000, 0x00000000e1700000|100%| O|  |TAMS 0x00000000e1600000| PB 0x00000000e1600000| Untracked 
|  23|0x00000000e1700000, 0x00000000e1800000, 0x00000000e1800000|100%| O|  |TAMS 0x00000000e1700000| PB 0x00000000e1700000| Untracked 
|  24|0x00000000e1800000, 0x00000000e1900000, 0x00000000e1900000|100%| O|  |TAMS 0x00000000e1800000| PB 0x00000000e1800000| Untracked 
|  25|0x00000000e1900000, 0x00000000e1a00000, 0x00000000e1a00000|100%| O|  |TAMS 0x00000000e1900000| PB 0x00000000e1900000| Untracked 
|  26|0x00000000e1a00000, 0x00000000e1b00000, 0x00000000e1b00000|100%|HS|  |TAMS 0x00000000e1a00000| PB 0x00000000e1a00000| Complete 
|  27|0x00000000e1b00000, 0x00000000e1c00000, 0x00000000e1c00000|100%|HC|  |TAMS 0x00000000e1b00000| PB 0x00000000e1b00000| Complete 
|  28|0x00000000e1c00000, 0x00000000e1d00000, 0x00000000e1d00000|100%|HS|  |TAMS 0x00000000e1c00000| PB 0x00000000e1c00000| Complete 
|  29|0x00000000e1d00000, 0x00000000e1e00000, 0x00000000e1e00000|100%|HC|  |TAMS 0x00000000e1d00000| PB 0x00000000e1d00000| Complete 
|  30|0x00000000e1e00000, 0x00000000e1f00000, 0x00000000e1f00000|100%| O|  |TAMS 0x00000000e1e00000| PB 0x00000000e1e00000| Untracked 
|  31|0x00000000e1f00000, 0x00000000e2000000, 0x00000000e2000000|100%| O|  |TAMS 0x00000000e1f00000| PB 0x00000000e1f00000| Untracked 
|  32|0x00000000e2000000, 0x00000000e2100000, 0x00000000e2100000|100%| O|  |TAMS 0x00000000e2000000| PB 0x00000000e2000000| Untracked 
|  33|0x00000000e2100000, 0x00000000e2200000, 0x00000000e2200000|100%| O|  |TAMS 0x00000000e2100000| PB 0x00000000e2100000| Untracked 
|  34|0x00000000e2200000, 0x00000000e2300000, 0x00000000e2300000|100%| O|  |TAMS 0x00000000e2200000| PB 0x00000000e2200000| Untracked 
|  35|0x00000000e2300000, 0x00000000e2400000, 0x00000000e2400000|100%| O|  |TAMS 0x00000000e2300000| PB 0x00000000e2300000| Untracked 
|  36|0x00000000e2400000, 0x00000000e2500000, 0x00000000e2500000|100%| O|  |TAMS 0x00000000e2400000| PB 0x00000000e2400000| Untracked 
|  37|0x00000000e2500000, 0x00000000e2600000, 0x00000000e2600000|100%| O|  |TAMS 0x00000000e2500000| PB 0x00000000e2500000| Untracked 
|  38|0x00000000e2600000, 0x00000000e2700000, 0x00000000e2700000|100%| O|  |TAMS 0x00000000e2600000| PB 0x00000000e2600000| Untracked 
|  39|0x00000000e2700000, 0x00000000e2800000, 0x00000000e2800000|100%| O|  |TAMS 0x00000000e2700000| PB 0x00000000e2700000| Untracked 
|  40|0x00000000e2800000, 0x00000000e2900000, 0x00000000e2900000|100%| O|  |TAMS 0x00000000e2800000| PB 0x00000000e2800000| Untracked 
|  41|0x00000000e2900000, 0x00000000e2a00000, 0x00000000e2a00000|100%| O|  |TAMS 0x00000000e2900000| PB 0x00000000e2900000| Untracked 
|  42|0x00000000e2a00000, 0x00000000e2a00000, 0x00000000e2b00000|  0%| F|  |TAMS 0x00000000e2a00000| PB 0x00000000e2a00000| Untracked 
|  43|0x00000000e2b00000, 0x00000000e2c00000, 0x00000000e2c00000|100%| O|  |TAMS 0x00000000e2b00000| PB 0x00000000e2b00000| Untracked 
|  44|0x00000000e2c00000, 0x00000000e2d00000, 0x00000000e2d00000|100%| O|  |TAMS 0x00000000e2c00000| PB 0x00000000e2c00000| Untracked 
|  45|0x00000000e2d00000, 0x00000000e2e00000, 0x00000000e2e00000|100%| O|  |TAMS 0x00000000e2d00000| PB 0x00000000e2d00000| Untracked 
|  46|0x00000000e2e00000, 0x00000000e2f00000, 0x00000000e2f00000|100%| O|  |TAMS 0x00000000e2e00000| PB 0x00000000e2e00000| Untracked 
|  47|0x00000000e2f00000, 0x00000000e3000000, 0x00000000e3000000|100%| O|  |TAMS 0x00000000e2f00000| PB 0x00000000e2f00000| Untracked 
|  48|0x00000000e3000000, 0x00000000e3100000, 0x00000000e3100000|100%| O|  |TAMS 0x00000000e3000000| PB 0x00000000e3000000| Untracked 
|  49|0x00000000e3100000, 0x00000000e3200000, 0x00000000e3200000|100%| O|  |TAMS 0x00000000e3100000| PB 0x00000000e3100000| Untracked 
|  50|0x00000000e3200000, 0x00000000e3300000, 0x00000000e3300000|100%|HS|  |TAMS 0x00000000e3200000| PB 0x00000000e3200000| Complete 
|  51|0x00000000e3300000, 0x00000000e3400000, 0x00000000e3400000|100%|HC|  |TAMS 0x00000000e3300000| PB 0x00000000e3300000| Complete 
|  52|0x00000000e3400000, 0x00000000e3500000, 0x00000000e3500000|100%|HC|  |TAMS 0x00000000e3400000| PB 0x00000000e3400000| Complete 
|  53|0x00000000e3500000, 0x00000000e3600000, 0x00000000e3600000|100%|HC|  |TAMS 0x00000000e3500000| PB 0x00000000e3500000| Complete 
|  54|0x00000000e3600000, 0x00000000e3700000, 0x00000000e3700000|100%|HC|  |TAMS 0x00000000e3600000| PB 0x00000000e3600000| Complete 
|  55|0x00000000e3700000, 0x00000000e3800000, 0x00000000e3800000|100%|HC|  |TAMS 0x00000000e3700000| PB 0x00000000e3700000| Complete 
|  56|0x00000000e3800000, 0x00000000e3900000, 0x00000000e3900000|100%|HS|  |TAMS 0x00000000e3800000| PB 0x00000000e3800000| Complete 
|  57|0x00000000e3900000, 0x00000000e3a00000, 0x00000000e3a00000|100%| O|  |TAMS 0x00000000e3900000| PB 0x00000000e3900000| Untracked 
|  58|0x00000000e3a00000, 0x00000000e3b00000, 0x00000000e3b00000|100%| O|  |TAMS 0x00000000e3a00000| PB 0x00000000e3a00000| Untracked 
|  59|0x00000000e3b00000, 0x00000000e3c00000, 0x00000000e3c00000|100%| O|  |TAMS 0x00000000e3b00000| PB 0x00000000e3b00000| Untracked 
|  60|0x00000000e3c00000, 0x00000000e3d00000, 0x00000000e3d00000|100%| O|  |TAMS 0x00000000e3c00000| PB 0x00000000e3c00000| Untracked 
|  61|0x00000000e3d00000, 0x00000000e3e00000, 0x00000000e3e00000|100%| O|  |TAMS 0x00000000e3d00000| PB 0x00000000e3d00000| Untracked 
|  62|0x00000000e3e00000, 0x00000000e3f00000, 0x00000000e3f00000|100%| O|  |TAMS 0x00000000e3e00000| PB 0x00000000e3e00000| Untracked 
|  63|0x00000000e3f00000, 0x00000000e4000000, 0x00000000e4000000|100%| O|  |TAMS 0x00000000e3f00000| PB 0x00000000e3f00000| Untracked 
|  64|0x00000000e4000000, 0x00000000e4100000, 0x00000000e4100000|100%| O|  |TAMS 0x00000000e4000000| PB 0x00000000e4000000| Untracked 
|  65|0x00000000e4100000, 0x00000000e4200000, 0x00000000e4200000|100%| O|  |TAMS 0x00000000e4100000| PB 0x00000000e4100000| Untracked 
|  66|0x00000000e4200000, 0x00000000e4300000, 0x00000000e4300000|100%| O|  |TAMS 0x00000000e4200000| PB 0x00000000e4200000| Untracked 
|  67|0x00000000e4300000, 0x00000000e4400000, 0x00000000e4400000|100%| O|  |TAMS 0x00000000e4300000| PB 0x00000000e4300000| Untracked 
|  68|0x00000000e4400000, 0x00000000e4500000, 0x00000000e4500000|100%| O|  |TAMS 0x00000000e4400000| PB 0x00000000e4400000| Untracked 
|  69|0x00000000e4500000, 0x00000000e4600000, 0x00000000e4600000|100%| O|  |TAMS 0x00000000e4500000| PB 0x00000000e4500000| Untracked 
|  70|0x00000000e4600000, 0x00000000e4700000, 0x00000000e4700000|100%| O|  |TAMS 0x00000000e4600000| PB 0x00000000e4600000| Untracked 
|  71|0x00000000e4700000, 0x00000000e4800000, 0x00000000e4800000|100%| O|  |TAMS 0x00000000e4700000| PB 0x00000000e4700000| Untracked 
|  72|0x00000000e4800000, 0x00000000e4900000, 0x00000000e4900000|100%| O|  |TAMS 0x00000000e4800000| PB 0x00000000e4800000| Untracked 
|  73|0x00000000e4900000, 0x00000000e4a00000, 0x00000000e4a00000|100%| O|  |TAMS 0x00000000e4900000| PB 0x00000000e4900000| Untracked 
|  74|0x00000000e4a00000, 0x00000000e4b00000, 0x00000000e4b00000|100%| O|  |TAMS 0x00000000e4a00000| PB 0x00000000e4a00000| Untracked 
|  75|0x00000000e4b00000, 0x00000000e4c00000, 0x00000000e4c00000|100%| O|  |TAMS 0x00000000e4b00000| PB 0x00000000e4b00000| Untracked 
|  76|0x00000000e4c00000, 0x00000000e4d00000, 0x00000000e4d00000|100%| O|  |TAMS 0x00000000e4c00000| PB 0x00000000e4c00000| Untracked 
|  77|0x00000000e4d00000, 0x00000000e4e00000, 0x00000000e4e00000|100%| O|  |TAMS 0x00000000e4d00000| PB 0x00000000e4d00000| Untracked 
|  78|0x00000000e4e00000, 0x00000000e4f00000, 0x00000000e4f00000|100%| O|  |TAMS 0x00000000e4e00000| PB 0x00000000e4e00000| Untracked 
|  79|0x00000000e4f00000, 0x00000000e5000000, 0x00000000e5000000|100%| O|  |TAMS 0x00000000e4f00000| PB 0x00000000e4f00000| Untracked 
|  80|0x00000000e5000000, 0x00000000e5100000, 0x00000000e5100000|100%| O|  |TAMS 0x00000000e5000000| PB 0x00000000e5000000| Untracked 
|  81|0x00000000e5100000, 0x00000000e5200000, 0x00000000e5200000|100%| O|  |TAMS 0x00000000e5100000| PB 0x00000000e5100000| Untracked 
|  82|0x00000000e5200000, 0x00000000e5300000, 0x00000000e5300000|100%| O|  |TAMS 0x00000000e5200000| PB 0x00000000e5200000| Untracked 
|  83|0x00000000e5300000, 0x00000000e5400000, 0x00000000e5400000|100%| O|  |TAMS 0x00000000e5300000| PB 0x00000000e5300000| Untracked 
|  84|0x00000000e5400000, 0x00000000e5500000, 0x00000000e5500000|100%| O|  |TAMS 0x00000000e5400000| PB 0x00000000e5400000| Untracked 
|  85|0x00000000e5500000, 0x00000000e5600000, 0x00000000e5600000|100%| O|  |TAMS 0x00000000e5500000| PB 0x00000000e5500000| Untracked 
|  86|0x00000000e5600000, 0x00000000e5700000, 0x00000000e5700000|100%| O|  |TAMS 0x00000000e5600000| PB 0x00000000e5600000| Untracked 
|  87|0x00000000e5700000, 0x00000000e5800000, 0x00000000e5800000|100%| O|  |TAMS 0x00000000e5700000| PB 0x00000000e5700000| Untracked 
|  88|0x00000000e5800000, 0x00000000e5900000, 0x00000000e5900000|100%| O|  |TAMS 0x00000000e5800000| PB 0x00000000e5800000| Untracked 
|  89|0x00000000e5900000, 0x00000000e5a00000, 0x00000000e5a00000|100%| O|  |TAMS 0x00000000e5900000| PB 0x00000000e5900000| Untracked 
|  90|0x00000000e5a00000, 0x00000000e5b00000, 0x00000000e5b00000|100%| O|  |TAMS 0x00000000e5a00000| PB 0x00000000e5a00000| Untracked 
|  91|0x00000000e5b00000, 0x00000000e5c00000, 0x00000000e5c00000|100%| O|  |TAMS 0x00000000e5b00000| PB 0x00000000e5b00000| Untracked 
|  92|0x00000000e5c00000, 0x00000000e5d00000, 0x00000000e5d00000|100%| O|  |TAMS 0x00000000e5c00000| PB 0x00000000e5c00000| Untracked 
|  93|0x00000000e5d00000, 0x00000000e5e00000, 0x00000000e5e00000|100%| O|  |TAMS 0x00000000e5d00000| PB 0x00000000e5d00000| Untracked 
|  94|0x00000000e5e00000, 0x00000000e5f00000, 0x00000000e5f00000|100%| O|  |TAMS 0x00000000e5e00000| PB 0x00000000e5e00000| Untracked 
|  95|0x00000000e5f00000, 0x00000000e6000000, 0x00000000e6000000|100%| O|  |TAMS 0x00000000e5f00000| PB 0x00000000e5f00000| Untracked 
|  96|0x00000000e6000000, 0x00000000e6100000, 0x00000000e6100000|100%| O|  |TAMS 0x00000000e6000000| PB 0x00000000e6000000| Untracked 
|  97|0x00000000e6100000, 0x00000000e6200000, 0x00000000e6200000|100%| O|  |TAMS 0x00000000e6100000| PB 0x00000000e6100000| Untracked 
|  98|0x00000000e6200000, 0x00000000e6200000, 0x00000000e6300000|  0%| F|  |TAMS 0x00000000e6200000| PB 0x00000000e6200000| Untracked 
|  99|0x00000000e6300000, 0x00000000e6300000, 0x00000000e6400000|  0%| F|  |TAMS 0x00000000e6300000| PB 0x00000000e6300000| Untracked 
| 100|0x00000000e6400000, 0x00000000e6400000, 0x00000000e6500000|  0%| F|  |TAMS 0x00000000e6400000| PB 0x00000000e6400000| Untracked 
| 101|0x00000000e6500000, 0x00000000e6500000, 0x00000000e6600000|  0%| F|  |TAMS 0x00000000e6500000| PB 0x00000000e6500000| Untracked 
| 102|0x00000000e6600000, 0x00000000e6600000, 0x00000000e6700000|  0%| F|  |TAMS 0x00000000e6600000| PB 0x00000000e6600000| Untracked 
| 103|0x00000000e6700000, 0x00000000e6700000, 0x00000000e6800000|  0%| F|  |TAMS 0x00000000e6700000| PB 0x00000000e6700000| Untracked 
| 104|0x00000000e6800000, 0x00000000e6800000, 0x00000000e6900000|  0%| F|  |TAMS 0x00000000e6800000| PB 0x00000000e6800000| Untracked 
| 105|0x00000000e6900000, 0x00000000e6900000, 0x00000000e6a00000|  0%| F|  |TAMS 0x00000000e6900000| PB 0x00000000e6900000| Untracked 
| 106|0x00000000e6a00000, 0x00000000e6a00000, 0x00000000e6b00000|  0%| F|  |TAMS 0x00000000e6a00000| PB 0x00000000e6a00000| Untracked 
| 107|0x00000000e6b00000, 0x00000000e6b00000, 0x00000000e6c00000|  0%| F|  |TAMS 0x00000000e6b00000| PB 0x00000000e6b00000| Untracked 
| 108|0x00000000e6c00000, 0x00000000e6c00000, 0x00000000e6d00000|  0%| F|  |TAMS 0x00000000e6c00000| PB 0x00000000e6c00000| Untracked 
| 109|0x00000000e6d00000, 0x00000000e6d00000, 0x00000000e6e00000|  0%| F|  |TAMS 0x00000000e6d00000| PB 0x00000000e6d00000| Untracked 
| 110|0x00000000e6e00000, 0x00000000e6e00000, 0x00000000e6f00000|  0%| F|  |TAMS 0x00000000e6e00000| PB 0x00000000e6e00000| Untracked 
| 111|0x00000000e6f00000, 0x00000000e6f00000, 0x00000000e7000000|  0%| F|  |TAMS 0x00000000e6f00000| PB 0x00000000e6f00000| Untracked 
| 112|0x00000000e7000000, 0x00000000e7000000, 0x00000000e7100000|  0%| F|  |TAMS 0x00000000e7000000| PB 0x00000000e7000000| Untracked 
| 113|0x00000000e7100000, 0x00000000e7100000, 0x00000000e7200000|  0%| F|  |TAMS 0x00000000e7100000| PB 0x00000000e7100000| Untracked 
| 114|0x00000000e7200000, 0x00000000e7200000, 0x00000000e7300000|  0%| F|  |TAMS 0x00000000e7200000| PB 0x00000000e7200000| Untracked 
| 115|0x00000000e7300000, 0x00000000e7300000, 0x00000000e7400000|  0%| F|  |TAMS 0x00000000e7300000| PB 0x00000000e7300000| Untracked 
| 116|0x00000000e7400000, 0x00000000e7500000, 0x00000000e7500000|100%| O|  |TAMS 0x00000000e7400000| PB 0x00000000e7400000| Untracked 
| 117|0x00000000e7500000, 0x00000000e7567a60, 0x00000000e7600000| 40%| O|  |TAMS 0x00000000e7500000| PB 0x00000000e7500000| Untracked 
| 118|0x00000000e7600000, 0x00000000e7600000, 0x00000000e7700000|  0%| F|  |TAMS 0x00000000e7600000| PB 0x00000000e7600000| Untracked 
| 119|0x00000000e7700000, 0x00000000e7700000, 0x00000000e7800000|  0%| F|  |TAMS 0x00000000e7700000| PB 0x00000000e7700000| Untracked 
| 120|0x00000000e7800000, 0x00000000e7800000, 0x00000000e7900000|  0%| F|  |TAMS 0x00000000e7800000| PB 0x00000000e7800000| Untracked 
| 121|0x00000000e7900000, 0x00000000e7900000, 0x00000000e7a00000|  0%| F|  |TAMS 0x00000000e7900000| PB 0x00000000e7900000| Untracked 
| 122|0x00000000e7a00000, 0x00000000e7a00000, 0x00000000e7b00000|  0%| F|  |TAMS 0x00000000e7a00000| PB 0x00000000e7a00000| Untracked 
| 123|0x00000000e7b00000, 0x00000000e7b00000, 0x00000000e7c00000|  0%| F|  |TAMS 0x00000000e7b00000| PB 0x00000000e7b00000| Untracked 
| 124|0x00000000e7c00000, 0x00000000e7c00000, 0x00000000e7d00000|  0%| F|  |TAMS 0x00000000e7c00000| PB 0x00000000e7c00000| Untracked 
| 125|0x00000000e7d00000, 0x00000000e7d00000, 0x00000000e7e00000|  0%| F|  |TAMS 0x00000000e7d00000| PB 0x00000000e7d00000| Untracked 
| 126|0x00000000e7e00000, 0x00000000e7e5cb58, 0x00000000e7f00000| 36%| S|CS|TAMS 0x00000000e7e00000| PB 0x00000000e7e00000| Complete 
| 127|0x00000000e7f00000, 0x00000000e8000000, 0x00000000e8000000|100%| S|CS|TAMS 0x00000000e7f00000| PB 0x00000000e7f00000| Complete 
| 128|0x00000000e8000000, 0x00000000e8100000, 0x00000000e8100000|100%| S|CS|TAMS 0x00000000e8000000| PB 0x00000000e8000000| Complete 
| 129|0x00000000e8100000, 0x00000000e8200000, 0x00000000e8200000|100%| S|CS|TAMS 0x00000000e8100000| PB 0x00000000e8100000| Complete 
| 130|0x00000000e8200000, 0x00000000e8300000, 0x00000000e8300000|100%| S|CS|TAMS 0x00000000e8200000| PB 0x00000000e8200000| Complete 
| 131|0x00000000e8300000, 0x00000000e8400000, 0x00000000e8400000|100%| S|CS|TAMS 0x00000000e8300000| PB 0x00000000e8300000| Complete 
| 132|0x00000000e8400000, 0x00000000e8500000, 0x00000000e8500000|100%| S|CS|TAMS 0x00000000e8400000| PB 0x00000000e8400000| Complete 
| 133|0x00000000e8500000, 0x00000000e8500000, 0x00000000e8600000|  0%| F|  |TAMS 0x00000000e8500000| PB 0x00000000e8500000| Untracked 
| 134|0x00000000e8600000, 0x00000000e8600000, 0x00000000e8700000|  0%| F|  |TAMS 0x00000000e8600000| PB 0x00000000e8600000| Untracked 
| 135|0x00000000e8700000, 0x00000000e8700000, 0x00000000e8800000|  0%| F|  |TAMS 0x00000000e8700000| PB 0x00000000e8700000| Untracked 
| 136|0x00000000e8800000, 0x00000000e8800000, 0x00000000e8900000|  0%| F|  |TAMS 0x00000000e8800000| PB 0x00000000e8800000| Untracked 
| 137|0x00000000e8900000, 0x00000000e8900000, 0x00000000e8a00000|  0%| F|  |TAMS 0x00000000e8900000| PB 0x00000000e8900000| Untracked 
| 138|0x00000000e8a00000, 0x00000000e8a00000, 0x00000000e8b00000|  0%| F|  |TAMS 0x00000000e8a00000| PB 0x00000000e8a00000| Untracked 
| 139|0x00000000e8b00000, 0x00000000e8b00000, 0x00000000e8c00000|  0%| F|  |TAMS 0x00000000e8b00000| PB 0x00000000e8b00000| Untracked 
| 140|0x00000000e8c00000, 0x00000000e8c00000, 0x00000000e8d00000|  0%| F|  |TAMS 0x00000000e8c00000| PB 0x00000000e8c00000| Untracked 
| 141|0x00000000e8d00000, 0x00000000e8d00000, 0x00000000e8e00000|  0%| F|  |TAMS 0x00000000e8d00000| PB 0x00000000e8d00000| Untracked 
| 142|0x00000000e8e00000, 0x00000000e8e00000, 0x00000000e8f00000|  0%| F|  |TAMS 0x00000000e8e00000| PB 0x00000000e8e00000| Untracked 
| 143|0x00000000e8f00000, 0x00000000e8f00000, 0x00000000e9000000|  0%| F|  |TAMS 0x00000000e8f00000| PB 0x00000000e8f00000| Untracked 
| 144|0x00000000e9000000, 0x00000000e9000000, 0x00000000e9100000|  0%| F|  |TAMS 0x00000000e9000000| PB 0x00000000e9000000| Untracked 
| 145|0x00000000e9100000, 0x00000000e9100000, 0x00000000e9200000|  0%| F|  |TAMS 0x00000000e9100000| PB 0x00000000e9100000| Untracked 
| 146|0x00000000e9200000, 0x00000000e9200000, 0x00000000e9300000|  0%| F|  |TAMS 0x00000000e9200000| PB 0x00000000e9200000| Untracked 
| 147|0x00000000e9300000, 0x00000000e9300000, 0x00000000e9400000|  0%| F|  |TAMS 0x00000000e9300000| PB 0x00000000e9300000| Untracked 
| 148|0x00000000e9400000, 0x00000000e9400000, 0x00000000e9500000|  0%| F|  |TAMS 0x00000000e9400000| PB 0x00000000e9400000| Untracked 
| 149|0x00000000e9500000, 0x00000000e9500000, 0x00000000e9600000|  0%| F|  |TAMS 0x00000000e9500000| PB 0x00000000e9500000| Untracked 
| 150|0x00000000e9600000, 0x00000000e9600000, 0x00000000e9700000|  0%| F|  |TAMS 0x00000000e9600000| PB 0x00000000e9600000| Untracked 
| 151|0x00000000e9700000, 0x00000000e9700000, 0x00000000e9800000|  0%| F|  |TAMS 0x00000000e9700000| PB 0x00000000e9700000| Untracked 
| 152|0x00000000e9800000, 0x00000000e9800000, 0x00000000e9900000|  0%| F|  |TAMS 0x00000000e9800000| PB 0x00000000e9800000| Untracked 
| 153|0x00000000e9900000, 0x00000000e9900000, 0x00000000e9a00000|  0%| F|  |TAMS 0x00000000e9900000| PB 0x00000000e9900000| Untracked 
| 154|0x00000000e9a00000, 0x00000000e9a00000, 0x00000000e9b00000|  0%| F|  |TAMS 0x00000000e9a00000| PB 0x00000000e9a00000| Untracked 
| 155|0x00000000e9b00000, 0x00000000e9b00000, 0x00000000e9c00000|  0%| F|  |TAMS 0x00000000e9b00000| PB 0x00000000e9b00000| Untracked 
| 156|0x00000000e9c00000, 0x00000000e9c00000, 0x00000000e9d00000|  0%| F|  |TAMS 0x00000000e9c00000| PB 0x00000000e9c00000| Untracked 
| 157|0x00000000e9d00000, 0x00000000e9d00000, 0x00000000e9e00000|  0%| F|  |TAMS 0x00000000e9d00000| PB 0x00000000e9d00000| Untracked 
| 158|0x00000000e9e00000, 0x00000000e9e00000, 0x00000000e9f00000|  0%| F|  |TAMS 0x00000000e9e00000| PB 0x00000000e9e00000| Untracked 
| 159|0x00000000e9f00000, 0x00000000e9f00000, 0x00000000ea000000|  0%| F|  |TAMS 0x00000000e9f00000| PB 0x00000000e9f00000| Untracked 
| 160|0x00000000ea000000, 0x00000000ea000000, 0x00000000ea100000|  0%| F|  |TAMS 0x00000000ea000000| PB 0x00000000ea000000| Untracked 
| 161|0x00000000ea100000, 0x00000000ea100000, 0x00000000ea200000|  0%| F|  |TAMS 0x00000000ea100000| PB 0x00000000ea100000| Untracked 
| 162|0x00000000ea200000, 0x00000000ea200000, 0x00000000ea300000|  0%| F|  |TAMS 0x00000000ea200000| PB 0x00000000ea200000| Untracked 
| 163|0x00000000ea300000, 0x00000000ea300000, 0x00000000ea400000|  0%| F|  |TAMS 0x00000000ea300000| PB 0x00000000ea300000| Untracked 
| 164|0x00000000ea400000, 0x00000000ea400000, 0x00000000ea500000|  0%| F|  |TAMS 0x00000000ea400000| PB 0x00000000ea400000| Untracked 
| 165|0x00000000ea500000, 0x00000000ea500000, 0x00000000ea600000|  0%| F|  |TAMS 0x00000000ea500000| PB 0x00000000ea500000| Untracked 
| 166|0x00000000ea600000, 0x00000000ea600000, 0x00000000ea700000|  0%| F|  |TAMS 0x00000000ea600000| PB 0x00000000ea600000| Untracked 
| 167|0x00000000ea700000, 0x00000000ea700000, 0x00000000ea800000|  0%| F|  |TAMS 0x00000000ea700000| PB 0x00000000ea700000| Untracked 
| 168|0x00000000ea800000, 0x00000000ea800000, 0x00000000ea900000|  0%| F|  |TAMS 0x00000000ea800000| PB 0x00000000ea800000| Untracked 
| 169|0x00000000ea900000, 0x00000000ea900000, 0x00000000eaa00000|  0%| F|  |TAMS 0x00000000ea900000| PB 0x00000000ea900000| Untracked 
| 170|0x00000000eaa00000, 0x00000000eaa00000, 0x00000000eab00000|  0%| F|  |TAMS 0x00000000eaa00000| PB 0x00000000eaa00000| Untracked 
| 171|0x00000000eab00000, 0x00000000eab00000, 0x00000000eac00000|  0%| F|  |TAMS 0x00000000eab00000| PB 0x00000000eab00000| Untracked 
| 172|0x00000000eac00000, 0x00000000eac00000, 0x00000000ead00000|  0%| F|  |TAMS 0x00000000eac00000| PB 0x00000000eac00000| Untracked 
| 173|0x00000000ead00000, 0x00000000ead00000, 0x00000000eae00000|  0%| F|  |TAMS 0x00000000ead00000| PB 0x00000000ead00000| Untracked 
| 174|0x00000000eae00000, 0x00000000eae00000, 0x00000000eaf00000|  0%| F|  |TAMS 0x00000000eae00000| PB 0x00000000eae00000| Untracked 
| 175|0x00000000eaf00000, 0x00000000eaf00000, 0x00000000eb000000|  0%| F|  |TAMS 0x00000000eaf00000| PB 0x00000000eaf00000| Untracked 
| 176|0x00000000eb000000, 0x00000000eb000000, 0x00000000eb100000|  0%| F|  |TAMS 0x00000000eb000000| PB 0x00000000eb000000| Untracked 
| 177|0x00000000eb100000, 0x00000000eb100000, 0x00000000eb200000|  0%| F|  |TAMS 0x00000000eb100000| PB 0x00000000eb100000| Untracked 
| 178|0x00000000eb200000, 0x00000000eb200000, 0x00000000eb300000|  0%| F|  |TAMS 0x00000000eb200000| PB 0x00000000eb200000| Untracked 
| 179|0x00000000eb300000, 0x00000000eb300000, 0x00000000eb400000|  0%| F|  |TAMS 0x00000000eb300000| PB 0x00000000eb300000| Untracked 
| 180|0x00000000eb400000, 0x00000000eb400000, 0x00000000eb500000|  0%| F|  |TAMS 0x00000000eb400000| PB 0x00000000eb400000| Untracked 
| 181|0x00000000eb500000, 0x00000000eb500000, 0x00000000eb600000|  0%| F|  |TAMS 0x00000000eb500000| PB 0x00000000eb500000| Untracked 
| 182|0x00000000eb600000, 0x00000000eb600000, 0x00000000eb700000|  0%| F|  |TAMS 0x00000000eb600000| PB 0x00000000eb600000| Untracked 
| 183|0x00000000eb700000, 0x00000000eb700000, 0x00000000eb800000|  0%| F|  |TAMS 0x00000000eb700000| PB 0x00000000eb700000| Untracked 
| 184|0x00000000eb800000, 0x00000000eb800000, 0x00000000eb900000|  0%| F|  |TAMS 0x00000000eb800000| PB 0x00000000eb800000| Untracked 
| 185|0x00000000eb900000, 0x00000000eb900000, 0x00000000eba00000|  0%| F|  |TAMS 0x00000000eb900000| PB 0x00000000eb900000| Untracked 
| 186|0x00000000eba00000, 0x00000000eba00000, 0x00000000ebb00000|  0%| F|  |TAMS 0x00000000eba00000| PB 0x00000000eba00000| Untracked 
| 187|0x00000000ebb00000, 0x00000000ebb00000, 0x00000000ebc00000|  0%| F|  |TAMS 0x00000000ebb00000| PB 0x00000000ebb00000| Untracked 
| 188|0x00000000ebc00000, 0x00000000ebc00000, 0x00000000ebd00000|  0%| F|  |TAMS 0x00000000ebc00000| PB 0x00000000ebc00000| Untracked 
| 189|0x00000000ebd00000, 0x00000000ebd00000, 0x00000000ebe00000|  0%| F|  |TAMS 0x00000000ebd00000| PB 0x00000000ebd00000| Untracked 
| 190|0x00000000ebe00000, 0x00000000ebe00000, 0x00000000ebf00000|  0%| F|  |TAMS 0x00000000ebe00000| PB 0x00000000ebe00000| Untracked 
| 191|0x00000000ebf00000, 0x00000000ebf00000, 0x00000000ec000000|  0%| F|  |TAMS 0x00000000ebf00000| PB 0x00000000ebf00000| Untracked 
| 192|0x00000000ec000000, 0x00000000ec000000, 0x00000000ec100000|  0%| F|  |TAMS 0x00000000ec000000| PB 0x00000000ec000000| Untracked 
| 193|0x00000000ec100000, 0x00000000ec100000, 0x00000000ec200000|  0%| F|  |TAMS 0x00000000ec100000| PB 0x00000000ec100000| Untracked 
| 194|0x00000000ec200000, 0x00000000ec200000, 0x00000000ec300000|  0%| F|  |TAMS 0x00000000ec200000| PB 0x00000000ec200000| Untracked 
| 195|0x00000000ec300000, 0x00000000ec300000, 0x00000000ec400000|  0%| F|  |TAMS 0x00000000ec300000| PB 0x00000000ec300000| Untracked 
| 196|0x00000000ec400000, 0x00000000ec400000, 0x00000000ec500000|  0%| F|  |TAMS 0x00000000ec400000| PB 0x00000000ec400000| Untracked 
| 197|0x00000000ec500000, 0x00000000ec500000, 0x00000000ec600000|  0%| F|  |TAMS 0x00000000ec500000| PB 0x00000000ec500000| Untracked 
| 198|0x00000000ec600000, 0x00000000ec600000, 0x00000000ec700000|  0%| F|  |TAMS 0x00000000ec600000| PB 0x00000000ec600000| Untracked 
| 199|0x00000000ec700000, 0x00000000ec700000, 0x00000000ec800000|  0%| F|  |TAMS 0x00000000ec700000| PB 0x00000000ec700000| Untracked 
| 200|0x00000000ec800000, 0x00000000ec800000, 0x00000000ec900000|  0%| F|  |TAMS 0x00000000ec800000| PB 0x00000000ec800000| Untracked 
| 201|0x00000000ec900000, 0x00000000ec900000, 0x00000000eca00000|  0%| F|  |TAMS 0x00000000ec900000| PB 0x00000000ec900000| Untracked 
| 202|0x00000000eca00000, 0x00000000eca00000, 0x00000000ecb00000|  0%| F|  |TAMS 0x00000000eca00000| PB 0x00000000eca00000| Untracked 
| 203|0x00000000ecb00000, 0x00000000ecb00000, 0x00000000ecc00000|  0%| F|  |TAMS 0x00000000ecb00000| PB 0x00000000ecb00000| Untracked 
| 204|0x00000000ecc00000, 0x00000000ecc00000, 0x00000000ecd00000|  0%| F|  |TAMS 0x00000000ecc00000| PB 0x00000000ecc00000| Untracked 
| 205|0x00000000ecd00000, 0x00000000ecd00000, 0x00000000ece00000|  0%| F|  |TAMS 0x00000000ecd00000| PB 0x00000000ecd00000| Untracked 
| 206|0x00000000ece00000, 0x00000000ece00000, 0x00000000ecf00000|  0%| F|  |TAMS 0x00000000ece00000| PB 0x00000000ece00000| Untracked 
| 207|0x00000000ecf00000, 0x00000000ecf00000, 0x00000000ed000000|  0%| F|  |TAMS 0x00000000ecf00000| PB 0x00000000ecf00000| Untracked 
| 208|0x00000000ed000000, 0x00000000ed000000, 0x00000000ed100000|  0%| F|  |TAMS 0x00000000ed000000| PB 0x00000000ed000000| Untracked 
| 209|0x00000000ed100000, 0x00000000ed100000, 0x00000000ed200000|  0%| F|  |TAMS 0x00000000ed100000| PB 0x00000000ed100000| Untracked 
| 210|0x00000000ed200000, 0x00000000ed200000, 0x00000000ed300000|  0%| F|  |TAMS 0x00000000ed200000| PB 0x00000000ed200000| Untracked 
| 211|0x00000000ed300000, 0x00000000ed300000, 0x00000000ed400000|  0%| F|  |TAMS 0x00000000ed300000| PB 0x00000000ed300000| Untracked 
| 212|0x00000000ed400000, 0x00000000ed400000, 0x00000000ed500000|  0%| F|  |TAMS 0x00000000ed400000| PB 0x00000000ed400000| Untracked 
| 213|0x00000000ed500000, 0x00000000ed500000, 0x00000000ed600000|  0%| F|  |TAMS 0x00000000ed500000| PB 0x00000000ed500000| Untracked 
| 214|0x00000000ed600000, 0x00000000ed600000, 0x00000000ed700000|  0%| F|  |TAMS 0x00000000ed600000| PB 0x00000000ed600000| Untracked 
| 215|0x00000000ed700000, 0x00000000ed700000, 0x00000000ed800000|  0%| F|  |TAMS 0x00000000ed700000| PB 0x00000000ed700000| Untracked 
| 216|0x00000000ed800000, 0x00000000ed800000, 0x00000000ed900000|  0%| F|  |TAMS 0x00000000ed800000| PB 0x00000000ed800000| Untracked 
| 217|0x00000000ed900000, 0x00000000ed900000, 0x00000000eda00000|  0%| F|  |TAMS 0x00000000ed900000| PB 0x00000000ed900000| Untracked 
| 218|0x00000000eda00000, 0x00000000eda00000, 0x00000000edb00000|  0%| F|  |TAMS 0x00000000eda00000| PB 0x00000000eda00000| Untracked 
| 219|0x00000000edb00000, 0x00000000edb00000, 0x00000000edc00000|  0%| F|  |TAMS 0x00000000edb00000| PB 0x00000000edb00000| Untracked 
| 220|0x00000000edc00000, 0x00000000edc00000, 0x00000000edd00000|  0%| F|  |TAMS 0x00000000edc00000| PB 0x00000000edc00000| Untracked 
| 221|0x00000000edd00000, 0x00000000edd00000, 0x00000000ede00000|  0%| F|  |TAMS 0x00000000edd00000| PB 0x00000000edd00000| Untracked 
| 222|0x00000000ede00000, 0x00000000ede00000, 0x00000000edf00000|  0%| F|  |TAMS 0x00000000ede00000| PB 0x00000000ede00000| Untracked 
| 223|0x00000000edf00000, 0x00000000edf00000, 0x00000000ee000000|  0%| F|  |TAMS 0x00000000edf00000| PB 0x00000000edf00000| Untracked 
| 224|0x00000000ee000000, 0x00000000ee000000, 0x00000000ee100000|  0%| F|  |TAMS 0x00000000ee000000| PB 0x00000000ee000000| Untracked 
| 225|0x00000000ee100000, 0x00000000ee100000, 0x00000000ee200000|  0%| F|  |TAMS 0x00000000ee100000| PB 0x00000000ee100000| Untracked 
| 226|0x00000000ee200000, 0x00000000ee200000, 0x00000000ee300000|  0%| F|  |TAMS 0x00000000ee200000| PB 0x00000000ee200000| Untracked 
| 227|0x00000000ee300000, 0x00000000ee300000, 0x00000000ee400000|  0%| F|  |TAMS 0x00000000ee300000| PB 0x00000000ee300000| Untracked 
| 228|0x00000000ee400000, 0x00000000ee400000, 0x00000000ee500000|  0%| F|  |TAMS 0x00000000ee400000| PB 0x00000000ee400000| Untracked 
| 229|0x00000000ee500000, 0x00000000ee600000, 0x00000000ee600000|100%| E|  |TAMS 0x00000000ee500000| PB 0x00000000ee500000| Complete 
| 230|0x00000000ee600000, 0x00000000ee700000, 0x00000000ee700000|100%| E|CS|TAMS 0x00000000ee600000| PB 0x00000000ee600000| Complete 
| 231|0x00000000ee700000, 0x00000000ee800000, 0x00000000ee800000|100%| E|CS|TAMS 0x00000000ee700000| PB 0x00000000ee700000| Complete 
| 232|0x00000000ee800000, 0x00000000ee900000, 0x00000000ee900000|100%| E|CS|TAMS 0x00000000ee800000| PB 0x00000000ee800000| Complete 
| 233|0x00000000ee900000, 0x00000000eea00000, 0x00000000eea00000|100%| E|CS|TAMS 0x00000000ee900000| PB 0x00000000ee900000| Complete 
| 234|0x00000000eea00000, 0x00000000eeb00000, 0x00000000eeb00000|100%| E|CS|TAMS 0x00000000eea00000| PB 0x00000000eea00000| Complete 
| 235|0x00000000eeb00000, 0x00000000eec00000, 0x00000000eec00000|100%| E|CS|TAMS 0x00000000eeb00000| PB 0x00000000eeb00000| Complete 
| 236|0x00000000eec00000, 0x00000000eed00000, 0x00000000eed00000|100%| E|CS|TAMS 0x00000000eec00000| PB 0x00000000eec00000| Complete 
| 237|0x00000000eed00000, 0x00000000eee00000, 0x00000000eee00000|100%| E|CS|TAMS 0x00000000eed00000| PB 0x00000000eed00000| Complete 
| 238|0x00000000eee00000, 0x00000000eef00000, 0x00000000eef00000|100%| E|CS|TAMS 0x00000000eee00000| PB 0x00000000eee00000| Complete 
| 239|0x00000000eef00000, 0x00000000ef000000, 0x00000000ef000000|100%| E|CS|TAMS 0x00000000eef00000| PB 0x00000000eef00000| Complete 
| 240|0x00000000ef000000, 0x00000000ef100000, 0x00000000ef100000|100%| E|CS|TAMS 0x00000000ef000000| PB 0x00000000ef000000| Complete 
| 241|0x00000000ef100000, 0x00000000ef200000, 0x00000000ef200000|100%| E|CS|TAMS 0x00000000ef100000| PB 0x00000000ef100000| Complete 
| 242|0x00000000ef200000, 0x00000000ef300000, 0x00000000ef300000|100%| E|CS|TAMS 0x00000000ef200000| PB 0x00000000ef200000| Complete 
| 243|0x00000000ef300000, 0x00000000ef400000, 0x00000000ef400000|100%| E|CS|TAMS 0x00000000ef300000| PB 0x00000000ef300000| Complete 
| 244|0x00000000ef400000, 0x00000000ef500000, 0x00000000ef500000|100%| E|CS|TAMS 0x00000000ef400000| PB 0x00000000ef400000| Complete 
| 245|0x00000000ef500000, 0x00000000ef600000, 0x00000000ef600000|100%| E|CS|TAMS 0x00000000ef500000| PB 0x00000000ef500000| Complete 
| 246|0x00000000ef600000, 0x00000000ef700000, 0x00000000ef700000|100%| E|CS|TAMS 0x00000000ef600000| PB 0x00000000ef600000| Complete 
| 247|0x00000000ef700000, 0x00000000ef800000, 0x00000000ef800000|100%| E|CS|TAMS 0x00000000ef700000| PB 0x00000000ef700000| Complete 
| 248|0x00000000ef800000, 0x00000000ef900000, 0x00000000ef900000|100%| E|CS|TAMS 0x00000000ef800000| PB 0x00000000ef800000| Complete 
| 249|0x00000000ef900000, 0x00000000efa00000, 0x00000000efa00000|100%| E|CS|TAMS 0x00000000ef900000| PB 0x00000000ef900000| Complete 
| 250|0x00000000efa00000, 0x00000000efb00000, 0x00000000efb00000|100%| E|CS|TAMS 0x00000000efa00000| PB 0x00000000efa00000| Complete 
| 251|0x00000000efb00000, 0x00000000efc00000, 0x00000000efc00000|100%| E|CS|TAMS 0x00000000efb00000| PB 0x00000000efb00000| Complete 
| 252|0x00000000efc00000, 0x00000000efd00000, 0x00000000efd00000|100%| E|CS|TAMS 0x00000000efc00000| PB 0x00000000efc00000| Complete 
| 253|0x00000000efd00000, 0x00000000efe00000, 0x00000000efe00000|100%| E|CS|TAMS 0x00000000efd00000| PB 0x00000000efd00000| Complete 
| 254|0x00000000efe00000, 0x00000000eff00000, 0x00000000eff00000|100%| E|CS|TAMS 0x00000000efe00000| PB 0x00000000efe00000| Complete 
| 255|0x00000000eff00000, 0x00000000f0000000, 0x00000000f0000000|100%| E|CS|TAMS 0x00000000eff00000| PB 0x00000000eff00000| Complete 

Card table byte_map: [0x00000214b81f0000,0x00000214b82f0000] _byte_map_base: 0x00000214b7af0000

Marking Bits: (CMBitMap*) 0x00000214a5bdb680
 Bits: [0x00000214b82f0000, 0x00000214b8af0000)

Polling page: 0x00000214a3a20000

Metaspace:

Usage:
  Non-class:    107.42 MB used.
      Class:     16.47 MB used.
       Both:    123.89 MB used.

Virtual space:
  Non-class space:      128.00 MB reserved,     108.56 MB ( 85%) committed,  2 nodes.
      Class space:      320.00 MB reserved,      17.69 MB (  6%) committed,  1 nodes.
             Both:      448.00 MB reserved,     126.25 MB ( 28%) committed. 

Chunk freelists:
   Non-Class:  3.40 MB
       Class:  14.37 MB
        Both:  17.77 MB

MaxMetaspaceSize: 384.00 MB
CompressedClassSpaceSize: 320.00 MB
Initial GC threshold: 21.00 MB
Current GC threshold: 164.69 MB
CDS: on
 - commit_granule_bytes: 65536.
 - commit_granule_words: 8192.
 - virtual_space_node_default_size: 8388608.
 - enlarge_chunks_in_place: 1.
 - use_allocation_guard: 0.


Internal statistics:

num_allocs_failed_limit: 18.
num_arena_births: 4404.
num_arena_deaths: 0.
num_vsnodes_births: 3.
num_vsnodes_deaths: 0.
num_space_committed: 2018.
num_space_uncommitted: 0.
num_chunks_returned_to_freelist: 18.
num_chunks_taken_from_freelist: 9767.
num_chunk_merges: 15.
num_chunk_splits: 6856.
num_chunks_enlarged: 4743.
num_inconsistent_stats: 0.

CodeHeap 'non-profiled nmethods': size=120000Kb used=6982Kb max_used=6982Kb free=113017Kb
 bounds [0x00000214b0880000, 0x00000214b0f60000, 0x00000214b7db0000]
CodeHeap 'profiled nmethods': size=120000Kb used=26696Kb max_used=26696Kb free=93303Kb
 bounds [0x00000214a8db0000, 0x00000214aa7d0000, 0x00000214b02e0000]
CodeHeap 'non-nmethods': size=5760Kb used=2905Kb max_used=2963Kb free=2854Kb
 bounds [0x00000214b02e0000, 0x00000214b05d0000, 0x00000214b0880000]
CodeCache: size=245760Kb, used=36583Kb, max_used=36641Kb, free=209174Kb
 total_blobs=13169, nmethods=12024, adapters=1046, full_count=0
Compilation: enabled, stopped_count=0, restarted_count=0

Compilation events (20 events):
Event: 125.802 Thread 0x00000214bb571df0 nmethod 13274 0x00000214b0f51010 code [0x00000214b0f511a0, 0x00000214b0f51268]
Event: 125.802 Thread 0x00000214bb571df0 13275       3       org.gradle.api.internal.provider.EvaluationContext$PerThreadContext::pop (36 bytes)
Event: 125.802 Thread 0x00000214bb571df0 nmethod 13275 0x00000214aa7ba910 code [0x00000214aa7bab00, 0x00000214aa7baf88]
Event: 125.802 Thread 0x00000214bb571df0 13276       3       org.gradle.api.internal.provider.Providers$FixedValueProvider::<init> (10 bytes)
Event: 125.802 Thread 0x00000214bb571df0 nmethod 13276 0x00000214aa7bb110 code [0x00000214aa7bb2c0, 0x00000214aa7bb540]
Event: 125.803 Thread 0x00000214bb571df0 13277       3       org.gradle.api.internal.provider.ValueSanitizers$2::sanitize (2 bytes)
Event: 125.803 Thread 0x00000214bb571df0 nmethod 13277 0x00000214aa7bb690 code [0x00000214aa7bb820, 0x00000214aa7bb930]
Event: 125.803 Thread 0x00000214bb571df0 13278       1       org.gradle.api.internal.collections.AbstractIterationOrderRetainingElementSource::getInserted (5 bytes)
Event: 125.803 Thread 0x00000214bb571df0 nmethod 13278 0x00000214b0f51310 code [0x00000214b0f514a0, 0x00000214b0f51568]
Event: 125.803 Thread 0x00000214bb571df0 13279       3       org.gradle.internal.operations.BuildOperationState::setRunning (9 bytes)
Event: 125.804 Thread 0x00000214bb571df0 nmethod 13279 0x00000214aa7bba10 code [0x00000214aa7bbbc0, 0x00000214aa7bbd90]
Event: 125.804 Thread 0x00000214bb571df0 13281       3       org.gradle.internal.operations.DefaultBuildOperationRunner::assertParentRunning (47 bytes)
Event: 125.805 Thread 0x00000214bb571df0 nmethod 13281 0x00000214aa7bbe90 code [0x00000214aa7bc140, 0x00000214aa7bcfb0]
Event: 125.805 Thread 0x00000214bb571df0 13280       3       org.gradle.internal.operations.BuildOperationState::isRunning (8 bytes)
Event: 125.806 Thread 0x00000214bb571df0 nmethod 13280 0x00000214aa7bd490 code [0x00000214aa7bd640, 0x00000214aa7bd810]
Event: 125.806 Thread 0x00000214bb571df0 13282       3       it.unimi.dsi.fastutil.objects.ReferenceOpenHashSet::add (126 bytes)
Event: 125.807 Thread 0x00000214bb571df0 nmethod 13282 0x00000214aa7bd910 code [0x00000214aa7bdb20, 0x00000214aa7be1e8]
Event: 125.807 Thread 0x00000214bb571df0 13283       3       it.unimi.dsi.fastutil.objects.ReferenceArrayList::add (55 bytes)
Event: 125.807 Thread 0x00000214bb571df0 nmethod 13283 0x00000214aa7be410 code [0x00000214aa7be5e0, 0x00000214aa7be900]
Event: 125.807 Thread 0x00000214bb571df0 13284       3       it.unimi.dsi.fastutil.objects.ReferenceArrayList::grow (137 bytes)

GC Heap History (20 events):
Event: 21.757 GC heap before
{Heap before GC invocations=5 (full 0):
 garbage-first heap   total 262144K, used 32776K [0x00000000e0000000, 0x0000000100000000)
  region size 1024K, 10 young (10240K), 7 survivors (7168K)
 Metaspace       used 35038K, committed 36288K, reserved 393216K
  class space    used 5187K, committed 5824K, reserved 327680K
}
Event: 21.764 GC heap after
{Heap after GC invocations=6 (full 0):
 garbage-first heap   total 262144K, used 31584K [0x00000000e0000000, 0x0000000100000000)
  region size 1024K, 7 young (7168K), 7 survivors (7168K)
 Metaspace       used 35038K, committed 36288K, reserved 393216K
  class space    used 5187K, committed 5824K, reserved 327680K
}
Event: 21.844 GC heap before
{Heap before GC invocations=6 (full 0):
 garbage-first heap   total 262144K, used 33632K [0x00000000e0000000, 0x0000000100000000)
  region size 1024K, 10 young (10240K), 7 survivors (7168K)
 Metaspace       used 35369K, committed 36608K, reserved 393216K
  class space    used 5221K, committed 5824K, reserved 327680K
}
Event: 21.852 GC heap after
{Heap after GC invocations=7 (full 0):
 garbage-first heap   total 262144K, used 32757K [0x00000000e0000000, 0x0000000100000000)
  region size 1024K, 8 young (8192K), 8 survivors (8192K)
 Metaspace       used 35369K, committed 36608K, reserved 393216K
  class space    used 5221K, committed 5824K, reserved 327680K
}
Event: 36.023 GC heap before
{Heap before GC invocations=8 (full 0):
 garbage-first heap   total 262144K, used 187381K [0x00000000e0000000, 0x0000000100000000)
  region size 1024K, 153 young (156672K), 8 survivors (8192K)
 Metaspace       used 48377K, committed 50048K, reserved 393216K
  class space    used 7098K, committed 7936K, reserved 327680K
}
Event: 36.039 GC heap after
{Heap after GC invocations=9 (full 0):
 garbage-first heap   total 262144K, used 41108K [0x00000000e0000000, 0x0000000100000000)
  region size 1024K, 16 young (16384K), 16 survivors (16384K)
 Metaspace       used 48377K, committed 50048K, reserved 393216K
  class space    used 7098K, committed 7936K, reserved 327680K
}
Event: 54.166 GC heap before
{Heap before GC invocations=9 (full 0):
 garbage-first heap   total 262144K, used 153748K [0x00000000e0000000, 0x0000000100000000)
  region size 1024K, 123 young (125952K), 16 survivors (16384K)
 Metaspace       used 59268K, committed 61120K, reserved 393216K
  class space    used 8620K, committed 9536K, reserved 327680K
}
Event: 54.182 GC heap after
{Heap after GC invocations=10 (full 0):
 garbage-first heap   total 262144K, used 49510K [0x00000000e0000000, 0x0000000100000000)
  region size 1024K, 15 young (15360K), 15 survivors (15360K)
 Metaspace       used 59268K, committed 61120K, reserved 393216K
  class space    used 8620K, committed 9536K, reserved 327680K
}
Event: 54.411 GC heap before
{Heap before GC invocations=10 (full 0):
 garbage-first heap   total 262144K, used 53606K [0x00000000e0000000, 0x0000000100000000)
  region size 1024K, 20 young (20480K), 15 survivors (15360K)
 Metaspace       used 59644K, committed 61440K, reserved 393216K
  class space    used 8676K, committed 9600K, reserved 327680K
}
Event: 54.423 GC heap after
{Heap after GC invocations=11 (full 0):
 garbage-first heap   total 262144K, used 50125K [0x00000000e0000000, 0x0000000100000000)
  region size 1024K, 7 young (7168K), 7 survivors (7168K)
 Metaspace       used 59644K, committed 61440K, reserved 393216K
  class space    used 8676K, committed 9600K, reserved 327680K
}
Event: 77.195 GC heap before
{Heap before GC invocations=12 (full 0):
 garbage-first heap   total 262144K, used 198605K [0x00000000e0000000, 0x0000000100000000)
  region size 1024K, 153 young (156672K), 7 survivors (7168K)
 Metaspace       used 74465K, committed 76416K, reserved 393216K
  class space    used 10690K, committed 11648K, reserved 327680K
}
Event: 77.206 GC heap after
{Heap after GC invocations=13 (full 0):
 garbage-first heap   total 262144K, used 55345K [0x00000000e0000000, 0x0000000100000000)
  region size 1024K, 12 young (12288K), 12 survivors (12288K)
 Metaspace       used 74465K, committed 76416K, reserved 393216K
  class space    used 10690K, committed 11648K, reserved 327680K
}
Event: 88.573 GC heap before
{Heap before GC invocations=13 (full 0):
 garbage-first heap   total 262144K, used 214065K [0x00000000e0000000, 0x0000000100000000)
  region size 1024K, 153 young (156672K), 12 survivors (12288K)
 Metaspace       used 87585K, committed 89536K, reserved 458752K
  class space    used 12608K, committed 13568K, reserved 327680K
}
Event: 88.601 GC heap after
{Heap after GC invocations=14 (full 0):
 garbage-first heap   total 262144K, used 81252K [0x00000000e0000000, 0x0000000100000000)
  region size 1024K, 20 young (20480K), 20 survivors (20480K)
 Metaspace       used 87585K, committed 89536K, reserved 458752K
  class space    used 12608K, committed 13568K, reserved 327680K
}
Event: 95.497 GC heap before
{Heap before GC invocations=14 (full 0):
 garbage-first heap   total 262144K, used 169316K [0x00000000e0000000, 0x0000000100000000)
  region size 1024K, 107 young (109568K), 20 survivors (20480K)
 Metaspace       used 98865K, committed 101184K, reserved 458752K
  class space    used 13958K, committed 15104K, reserved 327680K
}
Event: 95.521 GC heap after
{Heap after GC invocations=15 (full 0):
 garbage-first heap   total 262144K, used 88942K [0x00000000e0000000, 0x0000000100000000)
  region size 1024K, 6 young (6144K), 6 survivors (6144K)
 Metaspace       used 98865K, committed 101184K, reserved 458752K
  class space    used 13958K, committed 15104K, reserved 327680K
}
Event: 108.706 GC heap before
{Heap before GC invocations=16 (full 0):
 garbage-first heap   total 262144K, used 227182K [0x00000000e0000000, 0x0000000100000000)
  region size 1024K, 140 young (143360K), 6 survivors (6144K)
 Metaspace       used 106271K, committed 108608K, reserved 458752K
  class space    used 14698K, committed 15872K, reserved 327680K
}
Event: 108.726 GC heap after
{Heap after GC invocations=17 (full 0):
 garbage-first heap   total 262144K, used 101376K [0x00000000e0000000, 0x0000000100000000)
  region size 1024K, 18 young (18432K), 18 survivors (18432K)
 Metaspace       used 106271K, committed 108608K, reserved 458752K
  class space    used 14698K, committed 15872K, reserved 327680K
}
Event: 121.936 GC heap before
{Heap before GC invocations=17 (full 0):
 garbage-first heap   total 262144K, used 227328K [0x00000000e0000000, 0x0000000100000000)
  region size 1024K, 141 young (144384K), 18 survivors (18432K)
 Metaspace       used 124090K, committed 126464K, reserved 458752K
  class space    used 16515K, committed 17728K, reserved 327680K
}
Event: 121.961 GC heap after
{Heap after GC invocations=18 (full 0):
 garbage-first heap   total 262144K, used 107281K [0x00000000e0000000, 0x0000000100000000)
  region size 1024K, 7 young (7168K), 7 survivors (7168K)
 Metaspace       used 124090K, committed 126464K, reserved 458752K
  class space    used 16515K, committed 17728K, reserved 327680K
}

Dll operation events (20 events):
Event: 0.184 Attempting to load shared library C:\Users\admin\.vscode\extensions\redhat.java-1.56.0-win32-x64\jre\21.0.12.1-win32-x86_64\bin\nio.dll
Event: 0.184 Loaded shared library C:\Users\admin\.vscode\extensions\redhat.java-1.56.0-win32-x64\jre\21.0.12.1-win32-x86_64\bin\nio.dll
Event: 0.189 Attempting to load shared library C:\Users\admin\.vscode\extensions\redhat.java-1.56.0-win32-x64\jre\21.0.12.1-win32-x86_64\bin\zip.dll
Event: 0.189 Loaded shared library C:\Users\admin\.vscode\extensions\redhat.java-1.56.0-win32-x64\jre\21.0.12.1-win32-x86_64\bin\zip.dll
Event: 0.953 Attempting to load shared library C:\Users\admin\.vscode\extensions\redhat.java-1.56.0-win32-x64\jre\21.0.12.1-win32-x86_64\bin\jimage.dll
Event: 0.953 Loaded shared library C:\Users\admin\.vscode\extensions\redhat.java-1.56.0-win32-x64\jre\21.0.12.1-win32-x86_64\bin\jimage.dll
Event: 1.663 Attempting to load shared library C:\Users\admin\.vscode\extensions\redhat.java-1.56.0-win32-x64\jre\21.0.12.1-win32-x86_64\bin\verify.dll
Event: 1.664 Loaded shared library C:\Users\admin\.vscode\extensions\redhat.java-1.56.0-win32-x64\jre\21.0.12.1-win32-x86_64\bin\verify.dll
Event: 2.978 Attempting to load shared library C:\Users\admin\.gradle\native\c067742578af261105cb4f569cf0c3c89f3d7b1fecec35dd04571415982c5e48\windows-amd64\native-platform.dll
Event: 2.982 Loaded shared library C:\Users\admin\.gradle\native\c067742578af261105cb4f569cf0c3c89f3d7b1fecec35dd04571415982c5e48\windows-amd64\native-platform.dll
Event: 2.993 Attempting to load shared library C:\Users\admin\.gradle\native\100fb08df4bc3b14c8652ba06237920a3bd2aa13389f12d3474272988ae205f9\windows-amd64\native-platform-file-events.dll
Event: 3.014 Loaded shared library C:\Users\admin\.gradle\native\100fb08df4bc3b14c8652ba06237920a3bd2aa13389f12d3474272988ae205f9\windows-amd64\native-platform-file-events.dll
Event: 6.725 Attempting to load shared library C:\Users\admin\.vscode\extensions\redhat.java-1.56.0-win32-x64\jre\21.0.12.1-win32-x86_64\bin\management.dll
Event: 6.726 Loaded shared library C:\Users\admin\.vscode\extensions\redhat.java-1.56.0-win32-x64\jre\21.0.12.1-win32-x86_64\bin\management.dll
Event: 6.730 Attempting to load shared library C:\Users\admin\.vscode\extensions\redhat.java-1.56.0-win32-x64\jre\21.0.12.1-win32-x86_64\bin\management_ext.dll
Event: 6.731 Loaded shared library C:\Users\admin\.vscode\extensions\redhat.java-1.56.0-win32-x64\jre\21.0.12.1-win32-x86_64\bin\management_ext.dll
Event: 7.736 Attempting to load shared library C:\Users\admin\.vscode\extensions\redhat.java-1.56.0-win32-x64\jre\21.0.12.1-win32-x86_64\bin\extnet.dll
Event: 7.737 Loaded shared library C:\Users\admin\.vscode\extensions\redhat.java-1.56.0-win32-x64\jre\21.0.12.1-win32-x86_64\bin\extnet.dll
Event: 8.208 Attempting to load shared library C:\Users\admin\.vscode\extensions\redhat.java-1.56.0-win32-x64\jre\21.0.12.1-win32-x86_64\bin\sunmscapi.dll
Event: 8.211 Loaded shared library C:\Users\admin\.vscode\extensions\redhat.java-1.56.0-win32-x64\jre\21.0.12.1-win32-x86_64\bin\sunmscapi.dll

Deoptimization events (20 events):
Event: 123.892 Thread 0x00000214d6794e50 DEOPT PACKING pc=0x00000214b0bf1578 sp=0x00000082157f6630
Event: 123.892 Thread 0x00000214d6794e50 DEOPT UNPACKING pc=0x00000214b0334422 sp=0x00000082157f64d8 mode 2
Event: 123.971 Thread 0x00000214d6794e50 Uncommon trap: trap_request=0xffffffde fr.pc=0x00000214b0e8b2e8 relative=0x0000000000002e88
Event: 123.971 Thread 0x00000214d6794e50 Uncommon trap: reason=class_check action=maybe_recompile pc=0x00000214b0e8b2e8 method=java.net.URLClassLoader.defineClass(Ljava/lang/String;Ljdk/internal/loader/Resource;)Ljava/lang/Class; @ 34 c2
Event: 123.971 Thread 0x00000214d6794e50 DEOPT PACKING pc=0x00000214b0e8b2e8 sp=0x00000082157f85e0
Event: 123.972 Thread 0x00000214d6794e50 DEOPT UNPACKING pc=0x00000214b0334422 sp=0x00000082157f85c8 mode 2
Event: 124.196 Thread 0x00000214d6794e50 Uncommon trap: trap_request=0xffffff3d fr.pc=0x00000214b0b43838 relative=0x0000000000001058
Event: 124.196 Thread 0x00000214d6794e50 Uncommon trap: reason=unstable_fused_if action=reinterpret pc=0x00000214b0b43838 method=org.objectweb.asm.Frame.execute(IILorg/objectweb/asm/Symbol;Lorg/objectweb/asm/SymbolTable;)V @ 1 c2
Event: 124.196 Thread 0x00000214d6794e50 DEOPT PACKING pc=0x00000214b0b43838 sp=0x00000082157f7750
Event: 124.196 Thread 0x00000214d6794e50 DEOPT UNPACKING pc=0x00000214b0334422 sp=0x00000082157f76d8 mode 2
Event: 124.247 Thread 0x00000214d6794e50 Uncommon trap: trap_request=0xffffff76 fr.pc=0x00000214b099a950 relative=0x0000000000000230
Event: 124.247 Thread 0x00000214d6794e50 Uncommon trap: reason=predicate action=maybe_recompile pc=0x00000214b099a950 method=java.util.Arrays.fill([Ljava/lang/Object;IILjava/lang/Object;)V @ 13 c2
Event: 124.247 Thread 0x00000214d6794e50 DEOPT PACKING pc=0x00000214b099a950 sp=0x00000082157f7400
Event: 124.247 Thread 0x00000214d6794e50 DEOPT UNPACKING pc=0x00000214b0334422 sp=0x00000082157f73d0 mode 2
Event: 125.414 Thread 0x00000214d6794e50 Uncommon trap: trap_request=0xffffff76 fr.pc=0x00000214b0da23a4 relative=0x0000000000000324
Event: 125.414 Thread 0x00000214d6794e50 Uncommon trap: reason=predicate action=maybe_recompile pc=0x00000214b0da23a4 method=kotlin.collections.CollectionsKt__MutableCollectionsKt.addAll(Ljava/util/Collection;Ljava/lang/Iterable;)Z @ 45 c2
Event: 125.414 Thread 0x00000214d6794e50 DEOPT PACKING pc=0x00000214b0da23a4 sp=0x00000082157f7670
Event: 125.414 Thread 0x00000214d6794e50 DEOPT UNPACKING pc=0x00000214b0334422 sp=0x00000082157f7628 mode 2
Event: 125.507 Thread 0x00000214d6794e50 DEOPT PACKING pc=0x00000214a999dfd6 sp=0x00000082157f76d0
Event: 125.507 Thread 0x00000214d6794e50 DEOPT UNPACKING pc=0x00000214b0334bc2 sp=0x00000082157f6ca8 mode 0

Classes loaded (20 events):
Event: 92.573 Loading class java/util/AbstractList$ListItr
Event: 92.573 Loading class java/util/AbstractList$ListItr done
Event: 94.579 Loading class java/util/AbstractList$SubList
Event: 94.579 Loading class java/util/AbstractList$SubList done
Event: 94.579 Loading class java/util/AbstractList$SubList$1
Event: 94.579 Loading class java/util/AbstractList$SubList$1 done
Event: 100.314 Loading class java/util/AbstractList$RandomAccessSubList
Event: 100.314 Loading class java/util/AbstractList$RandomAccessSubList done
Event: 121.284 Loading class java/util/Vector$Itr
Event: 121.284 Loading class java/util/Vector$Itr done
Event: 122.578 Loading class sun/nio/ch/ChannelOutputStream
Event: 122.578 Loading class sun/nio/ch/ChannelOutputStream done
Event: 123.364 Loading class java/util/zip/ZipInputStream
Event: 123.365 Loading class java/util/zip/ZipInputStream done
Event: 123.459 Loading class java/io/CharArrayWriter
Event: 123.459 Loading class java/io/CharArrayWriter done
Event: 123.896 Loading class java/nio/file/StandardCopyOption
Event: 123.896 Loading class java/nio/file/StandardCopyOption done
Event: 123.896 Loading class sun/nio/fs/WindowsFileCopy
Event: 123.897 Loading class sun/nio/fs/WindowsFileCopy done

Classes unloaded (0 events):
No events

Classes redefined (0 events):
No events

Internal exceptions (20 events):
Event: 90.422 Thread 0x00000214d6794e50 Exception <a 'java/lang/NoSuchMethodError'{0x00000000ee4e3178}: 'java.lang.Object java.lang.invoke.DirectMethodHandle$Holder.newInvokeSpecial(java.lang.Object, java.lang.Object, java.lang.Object, java.lang.Object, java.lang.Object, java.lang.Object, java.lang.Object, java.lang.Object, java.lang.Object, java.lang.Object, java.lang.Object, java.lang.Object, java.lang.Object, java.lang.Object, java.lang.Object, java.lang.Object, java.lang.Object, java.lang.Object, java.lang.Object, java.lang.Object, java.lang
Event: 101.000 Thread 0x00000214d6794e50 Exception <a 'java/lang/IncompatibleClassChangeError'{0x00000000eaac9f88}: Found class java.lang.Object, but interface was expected> (0x00000000eaac9f88) 
thrown [s\src\hotspot\share\interpreter\linkResolver.cpp, line 840]
Event: 105.711 Thread 0x00000214d6794e50 Exception <a 'java/lang/NoSuchMethodError'{0x00000000e89f4ac8}: 'int java.lang.invoke.DirectMethodHandle$Holder.invokeStaticInit(java.lang.Object, int)'> (0x00000000e89f4ac8) 
thrown [s\src\hotspot\share\interpreter\linkResolver.cpp, line 773]
Event: 114.564 Thread 0x00000214d6794e50 Exception <a 'java/lang/NoSuchMethodError'{0x00000000edd3e978}: 'java.lang.Object java.lang.invoke.DirectMethodHandle$Holder.newInvokeSpecial(java.lang.Object, java.lang.Object, java.lang.Object, int, int, java.lang.Object, java.lang.Object)'> (0x00000000edd3e978) 
thrown [s\src\hotspot\share\interpreter\linkResolver.cpp, line 773]
Event: 122.462 Thread 0x00000214d6794e50 Exception <a 'java/lang/NoSuchMethodError'{0x00000000ef92be98}: 'void java.lang.invoke.DirectMethodHandle$Holder.invokeInterface(java.lang.Object, java.lang.Object, java.lang.Object, java.lang.Object)'> (0x00000000ef92be98) 
thrown [s\src\hotspot\share\interpreter\linkResolver.cpp, line 773]
Event: 122.480 Thread 0x00000214d6794e50 Exception <a 'sun/nio/fs/WindowsException'{0x00000000ef936b88}> (0x00000000ef936b88) 
thrown [s\src\hotspot\share\prims\jni.cpp, line 520]
Event: 122.481 Thread 0x00000214d6794e50 Exception <a 'sun/nio/fs/WindowsException'{0x00000000ef9385b0}> (0x00000000ef9385b0) 
thrown [s\src\hotspot\share\prims\jni.cpp, line 520]
Event: 122.577 Thread 0x00000214d6794e50 Exception <a 'sun/nio/fs/WindowsException'{0x00000000ef8301d0}> (0x00000000ef8301d0) 
thrown [s\src\hotspot\share\prims\jni.cpp, line 520]
Event: 122.611 Thread 0x00000214d6794e50 Exception <a 'sun/nio/fs/WindowsException'{0x00000000ef838e20}> (0x00000000ef838e20) 
thrown [s\src\hotspot\share\prims\jni.cpp, line 520]
Event: 122.638 Thread 0x00000214d6794e50 Exception <a 'sun/nio/fs/WindowsException'{0x00000000ef8411b0}> (0x00000000ef8411b0) 
thrown [s\src\hotspot\share\prims\jni.cpp, line 520]
Event: 122.676 Thread 0x00000214d6794e50 Exception <a 'sun/nio/fs/WindowsException'{0x00000000ef849ad0}> (0x00000000ef849ad0) 
thrown [s\src\hotspot\share\prims\jni.cpp, line 520]
Event: 122.696 Thread 0x00000214d6794e50 Exception <a 'sun/nio/fs/WindowsException'{0x00000000ef851bd0}> (0x00000000ef851bd0) 
thrown [s\src\hotspot\share\prims\jni.cpp, line 520]
Event: 122.719 Thread 0x00000214d6794e50 Exception <a 'sun/nio/fs/WindowsException'{0x00000000ef85b290}> (0x00000000ef85b290) 
thrown [s\src\hotspot\share\prims\jni.cpp, line 520]
Event: 122.740 Thread 0x00000214d6794e50 Exception <a 'sun/nio/fs/WindowsException'{0x00000000ef862b38}> (0x00000000ef862b38) 
thrown [s\src\hotspot\share\prims\jni.cpp, line 520]
Event: 122.794 Thread 0x00000214d6794e50 Exception <a 'sun/nio/fs/WindowsException'{0x00000000ef86bf40}> (0x00000000ef86bf40) 
thrown [s\src\hotspot\share\prims\jni.cpp, line 520]
Event: 122.845 Thread 0x00000214d6794e50 Exception <a 'sun/nio/fs/WindowsException'{0x00000000ef874db8}> (0x00000000ef874db8) 
thrown [s\src\hotspot\share\prims\jni.cpp, line 520]
Event: 122.905 Thread 0x00000214d6794e50 Exception <a 'sun/nio/fs/WindowsException'{0x00000000ef880318}> (0x00000000ef880318) 
thrown [s\src\hotspot\share\prims\jni.cpp, line 520]
Event: 122.944 Thread 0x00000214d6794e50 Exception <a 'sun/nio/fs/WindowsException'{0x00000000ef889a70}> (0x00000000ef889a70) 
thrown [s\src\hotspot\share\prims\jni.cpp, line 520]
Event: 123.361 Thread 0x00000214d6794e50 Exception <a 'sun/nio/fs/WindowsException'{0x00000000ef89a7d8}> (0x00000000ef89a7d8) 
thrown [s\src\hotspot\share\prims\jni.cpp, line 520]
Event: 123.373 Thread 0x00000214d6794e50 Exception <a 'sun/nio/fs/WindowsException'{0x00000000ef8ab2a8}> (0x00000000ef8ab2a8) 
thrown [s\src\hotspot\share\prims\jni.cpp, line 520]

ZGC Phase Switch (0 events):
No events

VM Operations (20 events):
Event: 121.036 Executing non-safepoint VM operation: HandshakeAllThreads (Deoptimize)
Event: 121.036 Executing non-safepoint VM operation: HandshakeAllThreads (Deoptimize) done
Event: 121.410 Executing non-safepoint VM operation: HandshakeAllThreads (Deoptimize)
Event: 121.410 Executing non-safepoint VM operation: HandshakeAllThreads (Deoptimize) done
Event: 121.915 Executing non-safepoint VM operation: HandshakeAllThreads (Deoptimize)
Event: 121.916 Executing non-safepoint VM operation: HandshakeAllThreads (Deoptimize) done
Event: 121.916 Executing safepoint VM operation: Cleanup
Event: 121.916 Executing safepoint VM operation: Cleanup done
Event: 121.936 Executing safepoint VM operation: G1CollectForAllocation (G1 Evacuation Pause)
Event: 121.961 Executing safepoint VM operation: G1CollectForAllocation (G1 Evacuation Pause) done
Event: 122.376 Executing non-safepoint VM operation: HandshakeAllThreads (Deoptimize)
Event: 122.377 Executing non-safepoint VM operation: HandshakeAllThreads (Deoptimize) done
Event: 123.385 Executing safepoint VM operation: Cleanup
Event: 123.385 Executing safepoint VM operation: Cleanup done
Event: 124.392 Executing safepoint VM operation: Cleanup
Event: 124.392 Executing safepoint VM operation: Cleanup done
Event: 125.402 Executing safepoint VM operation: Cleanup
Event: 125.402 Executing safepoint VM operation: Cleanup done
Event: 125.729 Executing non-safepoint VM operation: HandshakeAllThreads (Deoptimize)
Event: 125.729 Executing non-safepoint VM operation: HandshakeAllThreads (Deoptimize) done

Memory protections (0 events):
No events

Nmethod flushes (20 events):
Event: 95.632 Thread 0x00000214bb547290 flushing  nmethod 0x00000214a9361410
Event: 95.632 Thread 0x00000214bb547290 flushing  nmethod 0x00000214a9362190
Event: 95.632 Thread 0x00000214bb547290 flushing  nmethod 0x00000214a93dab10
Event: 95.632 Thread 0x00000214bb547290 flushing  nmethod 0x00000214a93dd310
Event: 95.632 Thread 0x00000214bb547290 flushing  nmethod 0x00000214a9449790
Event: 95.632 Thread 0x00000214bb547290 flushing  nmethod 0x00000214a944d390
Event: 95.632 Thread 0x00000214bb547290 flushing  nmethod 0x00000214a9488f90
Event: 95.632 Thread 0x00000214bb547290 flushing  nmethod 0x00000214a9489790
Event: 95.632 Thread 0x00000214bb547290 flushing  nmethod 0x00000214a9558a10
Event: 95.632 Thread 0x00000214bb547290 flushing  nmethod 0x00000214a955c210
Event: 95.632 Thread 0x00000214bb547290 flushing  nmethod 0x00000214a95b4110
Event: 95.632 Thread 0x00000214bb547290 flushing  nmethod 0x00000214a9623090
Event: 95.632 Thread 0x00000214bb547290 flushing  nmethod 0x00000214a9683310
Event: 95.632 Thread 0x00000214bb547290 flushing  nmethod 0x00000214a96dae10
Event: 95.632 Thread 0x00000214bb547290 flushing  nmethod 0x00000214a96ece10
Event: 95.632 Thread 0x00000214bb547290 flushing  nmethod 0x00000214a9720710
Event: 95.632 Thread 0x00000214bb547290 flushing  nmethod 0x00000214a976d110
Event: 95.632 Thread 0x00000214bb547290 flushing  nmethod 0x00000214a97bc490
Event: 95.632 Thread 0x00000214bb547290 flushing  nmethod 0x00000214a97f5c90
Event: 95.632 Thread 0x00000214bb547290 flushing osr nmethod 0x00000214a9977810

Events (20 events):
Event: 37.333 Thread 0x00000214d6794e50 Thread added: 0x00000214d852ee50
Event: 37.334 Thread 0x00000214d6794e50 Thread added: 0x00000214d8530200
Event: 41.993 Thread 0x00000214bb571df0 Thread added: 0x00000214d7444420
Event: 42.227 Thread 0x00000214d7444420 Thread exited: 0x00000214d7444420
Event: 43.162 Thread 0x00000214d6794e50 Thread added: 0x00000214d852cd80
Event: 54.204 Thread 0x00000214bb571df0 Thread added: 0x00000214d82af690
Event: 54.583 Thread 0x00000214d82af690 Thread exited: 0x00000214d82af690
Event: 54.953 Thread 0x00000214d6794e50 Thread added: 0x00000214d852daa0
Event: 79.975 Thread 0x00000214bb571df0 Thread added: 0x00000214d9759830
Event: 80.874 Thread 0x00000214d9759830 Thread exited: 0x00000214d9759830
Event: 80.983 Thread 0x00000214bb5710f0 Thread added: 0x00000214d9826dd0
Event: 81.739 Thread 0x00000214d9826dd0 Thread exited: 0x00000214d9826dd0
Event: 111.078 Thread 0x00000214bb571df0 Thread added: 0x00000214d8acd250
Event: 111.333 Thread 0x00000214d8acd250 Thread exited: 0x00000214d8acd250
Event: 111.481 Thread 0x00000214bb571df0 Thread added: 0x00000214d8acd250
Event: 112.788 Thread 0x00000214d8acd250 Thread exited: 0x00000214d8acd250
Event: 123.932 Thread 0x00000214bb571df0 Thread added: 0x00000214d9e50000
Event: 124.197 Thread 0x00000214d9e50000 Thread exited: 0x00000214d9e50000
Event: 124.270 Thread 0x00000214bb571df0 Thread added: 0x00000214d9e4ddf0
Event: 124.556 Thread 0x00000214d9e4ddf0 Thread exited: 0x00000214d9e4ddf0


Dynamic libraries:
0x00007ff683050000 - 0x00007ff68305e000 	C:\Users\admin\.vscode\extensions\redhat.java-1.56.0-win32-x64\jre\21.0.12.1-win32-x86_64\bin\java.exe
0x00007ffbf7510000 - 0x00007ffbf7727000 	C:\WINDOWS\SYSTEM32\ntdll.dll
0x00007ffbf6790000 - 0x00007ffbf6854000 	C:\WINDOWS\System32\KERNEL32.DLL
0x00007ffbf47e0000 - 0x00007ffbf4bb2000 	C:\WINDOWS\System32\KERNELBASE.dll
0x00007ffbf46c0000 - 0x00007ffbf47d1000 	C:\WINDOWS\System32\ucrtbase.dll
0x00007ffbdf740000 - 0x00007ffbdf75e000 	C:\Users\admin\.vscode\extensions\redhat.java-1.56.0-win32-x64\jre\21.0.12.1-win32-x86_64\bin\VCRUNTIME140.dll
0x00007ffbdf720000 - 0x00007ffbdf738000 	C:\Users\admin\.vscode\extensions\redhat.java-1.56.0-win32-x64\jre\21.0.12.1-win32-x86_64\bin\jli.dll
0x00007ffbf52b0000 - 0x00007ffbf5461000 	C:\WINDOWS\System32\USER32.dll
0x00007ffbf4bc0000 - 0x00007ffbf4be6000 	C:\WINDOWS\System32\win32u.dll
0x00007ffbf74a0000 - 0x00007ffbf74c9000 	C:\WINDOWS\System32\GDI32.dll
0x00007ffbdee30000 - 0x00007ffbdf0cb000 	C:\WINDOWS\WinSxS\amd64_microsoft.windows.common-controls_6595b64144ccf1df_6.0.22621.5547_none_27104afb73855772\COMCTL32.dll
0x00007ffbf4bf0000 - 0x00007ffbf4d13000 	C:\WINDOWS\System32\gdi32full.dll
0x00007ffbf4d20000 - 0x00007ffbf4dba000 	C:\WINDOWS\System32\msvcp_win.dll
0x00007ffbf7130000 - 0x00007ffbf71d7000 	C:\WINDOWS\System32\msvcrt.dll
0x00007ffbf6560000 - 0x00007ffbf6591000 	C:\WINDOWS\System32\IMM32.DLL
0x00007ffbec880000 - 0x00007ffbec88c000 	C:\Users\admin\.vscode\extensions\redhat.java-1.56.0-win32-x64\jre\21.0.12.1-win32-x86_64\bin\vcruntime140_1.dll
0x00007ffbdf690000 - 0x00007ffbdf71d000 	C:\Users\admin\.vscode\extensions\redhat.java-1.56.0-win32-x64\jre\21.0.12.1-win32-x86_64\bin\msvcp140.dll
0x00007ffb74080000 - 0x00007ffb74e22000 	C:\Users\admin\.vscode\extensions\redhat.java-1.56.0-win32-x64\jre\21.0.12.1-win32-x86_64\bin\server\jvm.dll
0x00007ffbf7010000 - 0x00007ffbf70c1000 	C:\WINDOWS\System32\ADVAPI32.dll
0x00007ffbf5c00000 - 0x00007ffbf5ca8000 	C:\WINDOWS\System32\sechost.dll
0x00007ffbf5170000 - 0x00007ffbf5198000 	C:\WINDOWS\System32\bcrypt.dll
0x00007ffbf65c0000 - 0x00007ffbf66d4000 	C:\WINDOWS\System32\RPCRT4.dll
0x00007ffbf5230000 - 0x00007ffbf52a1000 	C:\WINDOWS\System32\WS2_32.dll
0x00007ffbf44d0000 - 0x00007ffbf451d000 	C:\WINDOWS\SYSTEM32\POWRPROF.dll
0x00007ffbea780000 - 0x00007ffbea7b4000 	C:\WINDOWS\SYSTEM32\WINMM.dll
0x00007ffbe2020000 - 0x00007ffbe202a000 	C:\WINDOWS\SYSTEM32\VERSION.dll
0x00007ffbf44b0000 - 0x00007ffbf44c3000 	C:\WINDOWS\SYSTEM32\UMPDC.dll
0x00007ffbf35f0000 - 0x00007ffbf3608000 	C:\WINDOWS\SYSTEM32\kernel.appcore.dll
0x00007ffbdff10000 - 0x00007ffbdff1a000 	C:\Users\admin\.vscode\extensions\redhat.java-1.56.0-win32-x64\jre\21.0.12.1-win32-x86_64\bin\jimage.dll
0x00007ffbeefa0000 - 0x00007ffbef1d3000 	C:\WINDOWS\SYSTEM32\DBGHELP.DLL
0x00007ffbf6860000 - 0x00007ffbf6bf3000 	C:\WINDOWS\System32\combase.dll
0x00007ffbf6c00000 - 0x00007ffbf6cd7000 	C:\WINDOWS\System32\OLEAUT32.dll
0x00007ffbde5e0000 - 0x00007ffbde612000 	C:\WINDOWS\SYSTEM32\dbgcore.DLL
0x00007ffbf4dc0000 - 0x00007ffbf4e3b000 	C:\WINDOWS\System32\bcryptPrimitives.dll
0x00007ffbdf680000 - 0x00007ffbdf68f000 	C:\Users\admin\.vscode\extensions\redhat.java-1.56.0-win32-x64\jre\21.0.12.1-win32-x86_64\bin\instrument.dll
0x00007ffbdf280000 - 0x00007ffbdf2a0000 	C:\Users\admin\.vscode\extensions\redhat.java-1.56.0-win32-x64\jre\21.0.12.1-win32-x86_64\bin\java.dll
0x00007ffbf5cb0000 - 0x00007ffbf6552000 	C:\WINDOWS\System32\SHELL32.dll
0x00007ffbf4fb0000 - 0x00007ffbf50ef000 	C:\WINDOWS\System32\wintypes.dll
0x00007ffbf24e0000 - 0x00007ffbf2dfd000 	C:\WINDOWS\SYSTEM32\windows.storage.dll
0x00007ffbf7310000 - 0x00007ffbf741c000 	C:\WINDOWS\System32\SHCORE.dll
0x00007ffbf54d0000 - 0x00007ffbf5539000 	C:\WINDOWS\System32\shlwapi.dll
0x00007ffbf4530000 - 0x00007ffbf455b000 	C:\WINDOWS\SYSTEM32\profapi.dll
0x00007ffbd2610000 - 0x00007ffbd2628000 	C:\Users\admin\.vscode\extensions\redhat.java-1.56.0-win32-x64\jre\21.0.12.1-win32-x86_64\bin\zip.dll
0x00007ffbd2600000 - 0x00007ffbd2610000 	C:\Users\admin\.vscode\extensions\redhat.java-1.56.0-win32-x64\jre\21.0.12.1-win32-x86_64\bin\net.dll
0x00007ffbe9e80000 - 0x00007ffbe9fac000 	C:\WINDOWS\SYSTEM32\WINHTTP.dll
0x00007ffbf3a60000 - 0x00007ffbf3ac9000 	C:\WINDOWS\system32\mswsock.dll
0x00007ffbd25e0000 - 0x00007ffbd25f6000 	C:\Users\admin\.vscode\extensions\redhat.java-1.56.0-win32-x64\jre\21.0.12.1-win32-x86_64\bin\nio.dll
0x00007ffbdf4e0000 - 0x00007ffbdf4f0000 	C:\Users\admin\.vscode\extensions\redhat.java-1.56.0-win32-x64\jre\21.0.12.1-win32-x86_64\bin\verify.dll
0x00007ffbc5660000 - 0x00007ffbc5687000 	C:\Users\admin\.gradle\native\c067742578af261105cb4f569cf0c3c89f3d7b1fecec35dd04571415982c5e48\windows-amd64\native-platform.dll
0x00007ffbd2e50000 - 0x00007ffbd2f94000 	C:\Users\admin\.gradle\native\100fb08df4bc3b14c8652ba06237920a3bd2aa13389f12d3474272988ae205f9\windows-amd64\native-platform-file-events.dll
0x00007ffbc5650000 - 0x00007ffbc565a000 	C:\Users\admin\.vscode\extensions\redhat.java-1.56.0-win32-x64\jre\21.0.12.1-win32-x86_64\bin\management.dll
0x00007ffbc5640000 - 0x00007ffbc564c000 	C:\Users\admin\.vscode\extensions\redhat.java-1.56.0-win32-x64\jre\21.0.12.1-win32-x86_64\bin\management_ext.dll
0x00007ffbf55d0000 - 0x00007ffbf55d8000 	C:\WINDOWS\System32\PSAPI.DLL
0x00007ffbf3db0000 - 0x00007ffbf3dcb000 	C:\WINDOWS\SYSTEM32\CRYPTSP.dll
0x00007ffbf3550000 - 0x00007ffbf3587000 	C:\WINDOWS\system32\rsaenh.dll
0x00007ffbf3b00000 - 0x00007ffbf3b28000 	C:\WINDOWS\SYSTEM32\USERENV.dll
0x00007ffbf3d90000 - 0x00007ffbf3d9c000 	C:\WINDOWS\SYSTEM32\CRYPTBASE.dll
0x00007ffbf3060000 - 0x00007ffbf308d000 	C:\WINDOWS\SYSTEM32\IPHLPAPI.DLL
0x00007ffbf65b0000 - 0x00007ffbf65b9000 	C:\WINDOWS\System32\NSI.dll
0x00007ffbdf670000 - 0x00007ffbdf679000 	C:\Users\admin\.vscode\extensions\redhat.java-1.56.0-win32-x64\jre\21.0.12.1-win32-x86_64\bin\extnet.dll
0x00007ffbdf4d0000 - 0x00007ffbdf4de000 	C:\Users\admin\.vscode\extensions\redhat.java-1.56.0-win32-x64\jre\21.0.12.1-win32-x86_64\bin\sunmscapi.dll
0x00007ffbf4e40000 - 0x00007ffbf4fa7000 	C:\WINDOWS\System32\CRYPT32.dll
0x00007ffbf3ec0000 - 0x00007ffbf3eed000 	C:\WINDOWS\SYSTEM32\ncrypt.dll
0x00007ffbf3e80000 - 0x00007ffbf3eb7000 	C:\WINDOWS\SYSTEM32\NTASN1.dll
0x00007ffbec890000 - 0x00007ffbec898000 	C:\WINDOWS\system32\wshunix.dll

JVMTI agents:
C:\Users\admin\.gradle\wrapper\dists\gradle-8.9-bin\90cnw93cvbtalezasaz0blq0a\gradle-8.9\lib\agents\gradle-instrumentation-agent-8.9.jar path:C:\Users\admin\.vscode\extensions\redhat.java-1.56.0-win32-x64\jre\21.0.12.1-win32-x86_64\bin\instrument.dll, loaded, initialized, instrumentlib options:none

dbghelp: loaded successfully - version: 4.0.5 - missing functions: none
symbol engine: initialized successfully - sym options: 0x614 - pdb path: .;C:\Users\admin\.vscode\extensions\redhat.java-1.56.0-win32-x64\jre\21.0.12.1-win32-x86_64\bin;C:\WINDOWS\SYSTEM32;C:\WINDOWS\WinSxS\amd64_microsoft.windows.common-controls_6595b64144ccf1df_6.0.22621.5547_none_27104afb73855772;C:\Users\admin\.vscode\extensions\redhat.java-1.56.0-win32-x64\jre\21.0.12.1-win32-x86_64\bin\server;C:\Users\admin\.gradle\native\c067742578af261105cb4f569cf0c3c89f3d7b1fecec35dd04571415982c5e48\windows-amd64;C:\Users\admin\.gradle\native\100fb08df4bc3b14c8652ba06237920a3bd2aa13389f12d3474272988ae205f9\windows-amd64

VM Arguments:
jvm_args: --add-opens=java.base/java.util=ALL-UNNAMED --add-opens=java.base/java.lang=ALL-UNNAMED --add-opens=java.base/java.lang.invoke=ALL-UNNAMED --add-opens=java.prefs/java.util.prefs=ALL-UNNAMED --add-exports=jdk.compiler/com.sun.tools.javac.api=ALL-UNNAMED --add-exports=jdk.compiler/com.sun.tools.javac.util=ALL-UNNAMED --add-opens=java.base/java.nio.charset=ALL-UNNAMED --add-opens=java.base/java.net=ALL-UNNAMED --add-opens=java.base/java.util.concurrent.atomic=ALL-UNNAMED -XX:MaxMetaspaceSize=384m -XX:+HeapDumpOnOutOfMemoryError -Xms256m -Xmx512m -Dfile.encoding=utf8 -Duser.country=FR -Duser.language=fr -Duser.variant -javaagent:C:\Users\admin\.gradle\wrapper\dists\gradle-8.9-bin\90cnw93cvbtalezasaz0blq0a\gradle-8.9\lib\agents\gradle-instrumentation-agent-8.9.jar 
java_command: org.gradle.launcher.daemon.bootstrap.GradleDaemon 8.9
java_class_path (initial): C:\Users\admin\.gradle\wrapper\dists\gradle-8.9-bin\90cnw93cvbtalezasaz0blq0a\gradle-8.9\lib\gradle-daemon-main-8.9.jar
Launcher Type: SUN_STANDARD

[Global flags]
     intx CICompilerCount                          = 4                                         {product} {ergonomic}
   size_t CompressedClassSpaceSize                 = 335544320                                 {product} {ergonomic}
     uint ConcGCThreads                            = 2                                         {product} {ergonomic}
     uint G1ConcRefinementThreads                  = 8                                         {product} {ergonomic}
   size_t G1HeapRegionSize                         = 1048576                                   {product} {ergonomic}
    uintx GCDrainStackTargetSize                   = 64                                        {product} {ergonomic}
     bool HeapDumpOnOutOfMemoryError               = true                                   {manageable} {command line}
   size_t InitialHeapSize                          = 268435456                                 {product} {command line}
   size_t MarkStackSize                            = 4194304                                   {product} {ergonomic}
   size_t MaxHeapSize                              = 536870912                                 {product} {command line}
   size_t MaxMetaspaceSize                         = 402653184                                 {product} {command line}
   size_t MaxNewSize                               = 321912832                                 {product} {ergonomic}
   size_t MinHeapDeltaBytes                        = 1048576                                   {product} {ergonomic}
   size_t MinHeapSize                              = 268435456                                 {product} {command line}
    uintx NonNMethodCodeHeapSize                   = 5839372                                {pd product} {ergonomic}
    uintx NonProfiledCodeHeapSize                  = 122909434                              {pd product} {ergonomic}
    uintx ProfiledCodeHeapSize                     = 122909434                              {pd product} {ergonomic}
    uintx ReservedCodeCacheSize                    = 251658240                              {pd product} {ergonomic}
     bool SegmentedCodeCache                       = true                                      {product} {ergonomic}
   size_t SoftMaxHeapSize                          = 536870912                              {manageable} {ergonomic}
     bool UseCompressedOops                        = true                           {product lp64_product} {ergonomic}
     bool UseG1GC                                  = true                                      {product} {ergonomic}
     bool UseLargePagesIndividualAllocation        = false                                  {pd product} {ergonomic}

Logging:
Log output configuration:
 #0: stdout all=warning uptime,level,tags foldmultilines=false
 #1: stderr all=off uptime,level,tags foldmultilines=false

Release file:
JAVA_VERSION="21.0.12.1" 
MODULES="java.base java.compiler java.datatransfer java.xml java.prefs java.desktop java.instrument java.logging java.management java.security.sasl java.naming java.rmi java.management.rmi java.net.http java.scripting java.security.jgss java.transaction.xa java.sql java.sql.rowset java.xml.crypto java.se java.smartcardio jdk.accessibility jdk.internal.jvmstat jdk.attach jdk.charsets jdk.internal.opt jdk.zipfs jdk.compiler jdk.crypto.ec jdk.crypto.cryptoki jdk.crypto.mscapi jdk.dynalink jdk.internal.ed jdk.editpad jdk.hotspot.agent jdk.httpserver jdk.internal.le jdk.internal.vm.ci jdk.internal.vm.compiler jdk.internal.vm.compiler.management jdk.jartool jdk.javadoc jdk.jcmd jdk.management jdk.management.agent jdk.jconsole jdk.jdeps jdk.jdwp.agent jdk.jdi jdk.jfr jdk.jshell jdk.jsobject jdk.jstatd jdk.localedata jdk.management.jfr jdk.naming.dns jdk.naming.rmi jdk.net jdk.nio.mapmode jdk.random jdk.sctp jdk.security.auth jdk.security.jgss jdk.unsupported jdk.unsupported.desktop jdk.xml.dom" 

Environment Variables:
JAVA_HOME=C:\Program Files\Eclipse Adoptium\jdk-25.0.1.8-hotspot
PATH=C:\Program Files\Eclipse Adoptium\jdk-17.0.19.10-hotspot\bin;C:\Program Files (x86)\VMware\VMware Workstation\bin\;C:\Program Files\Python312\Scripts\;C:\Program Files\Python312\;C:\WINDOWS\system32;C:\WINDOWS;C:\WINDOWS\System32\Wbem;C:\WINDOWS\System32\WindowsPowerShell\v1.0\;C:\WINDOWS\System32\OpenSSH\;C:\Program Files (x86)\Microsoft SQL Server\160\Tools\Binn\;C:\Program Files\Microsoft SQL Server\160\Tools\Binn\;C:\Program Files\Microsoft SQL Server\Client SDK\ODBC\170\Tools\Binn\;C:\Program Files\Microsoft SQL Server\160\DTS\Binn\;C:\Program Files (x86)\Microsoft SQL Server\160\DTS\Binn\;C:\Windows\system32\python;C:\sqlite3;C:\Program Files\nodejs\;C:\MinGW\bin;C:\curl\bin;C:\curl\include;C:\MinGW;C:\MinGW\lib;C:\GnuWin32\bin;C:\OpenSSL-Win64\bin;C:\Program Files\PostgreSQL\17\bin;C:\Program Files\Eclipse Adoptium\jdk-25.0.1.8-hotspot\bin;C:\Program Files\Heroku\bin;C:\Program Files\Git\cmd;C:\Program Files (x86)\VMware\VMware Workstation\bin\;C:\Program Files\Python312\Scripts\;C:\Program Files\Python312\;C:\WINDOWS\system32;C:\WINDOWS;C:\WINDOWS\System32\Wbem;C:\WINDOWS\System32\WindowsPowerShell\v1.0\;C:\WINDOWS\System32\OpenSSH\;C:\Program Files (x86)\Microsoft SQL Server\160\Tools\Binn\;C:\Program Files\Microsoft SQL Server\160\Tools\Binn\;C:\Program Files\Microsoft SQL Server\Client SDK\ODBC\170\Tools\Binn\;C:\Program Files\Microsoft SQL Server\160\DTS\Binn\;C:\Program Files (x86)\Microsoft SQL Server\160\DTS\Binn\;C:\Windows\system32\python;C:\sqlite3;C:\Program Files\nodejs\;C:\MinGW\bin;C:\curl\bin;C:\curl\include;C:\MinGW;C:\MinGW\lib;C:\GnuWin32\bin;C:\OpenSSL-Win64\bin;C:\Program Files\PostgreSQL\17\bin;C:\Program Files\Eclipse Adoptium\jdk-25.0.1.8-hotspot\bin;C:\Program Files\Git\cmd;C:\Program Files\Docker\Docker\resources\bin;C:\Program Files\Heroku\bin;C:\Users\admin\AppData\Local\Programs\Microsoft VS Code;C:\Program Files\P;C:\flutter\bin\flutter;C:\flutter\bin;C:\Users\admin\AppData\Local\Programs\Microsoft VS Code\bin
USERNAME=admin
OS=Windows_NT
PROCESSOR_IDENTIFIER=Intel64 Family 6 Model 142 Stepping 10, GenuineIntel
TMP=C:\Users\admin\AppData\Local\Temp
TEMP=C:\Users\admin\AppData\Local\Temp




Periodic native trim disabled

---------------  S Y S T E M  ---------------

OS:
 Windows 11 , 64 bit Build 22621 (10.0.22621.5415)
OS uptime: 0 days 0:45 hours
Hyper-V role detected

CPU: total 8 (initial active 8) (4 cores per cpu, 2 threads per core) family 6 model 142 stepping 10 microcode 0xf4, cx8, cmov, fxsr, ht, mmx, 3dnowpref, sse, sse2, sse3, ssse3, sse4.1, sse4.2, popcnt, lzcnt, tsc, tscinvbit, avx, avx2, aes, erms, clmul, bmi1, bmi2, rtm, adx, fma, vzeroupper, clflush, clflushopt, hv, rdtscp, f16c
Processor Information for the first 8 processors :
  Max Mhz: 1896, Current Mhz: 1696, Mhz Limit: 1687

Memory: 4k page, system-wide physical 8070M (487M free)
TotalPageFile size 16358M (AvailPageFile size 3M)
current process WorkingSet (physical memory assigned to process): 532M, peak: 532M
current process commit charge ("private bytes"): 611M, peak: 613M

vm_info: OpenJDK 64-Bit Server VM (21.0.12.1+1-LTS) for windows-amd64 JRE (21.0.12.1+1-LTS), built on 2026-08-18T00:00:00Z by "admin" with MS VC++ 17.12 (VS2022)

END.
