#
# There is insufficient memory for the Java Runtime Environment to continue.
# Native memory allocation (mmap) failed to map 507510784 bytes. Error detail: G1 virtual space
# Possible reasons:
#   The system is out of physical RAM or swap space
#   This process is running with CompressedOops enabled, and the Java Heap may be blocking the growth of the native heap
# Possible solutions:
#   Reduce memory load on the system
#   Increase physical memory or swap space
#   Check if swap backing store is full
#   Decrease Java heap size (-Xmx/-Xms)
#   Decrease number of Java threads
#   Decrease Java thread stack sizes (-Xss)
#   Set larger code cache with -XX:ReservedCodeCacheSize=
#   JVM is running with Zero Based Compressed Oops mode in which the Java heap is
#     placed in the first 32GB address space. The Java Heap base address is the
#     maximum limit for the native heap growth. Please use -XX:HeapBaseMinAddress
#     to set the Java Heap base and to place the Java Heap above 32GB virtual address.
# This output file may be truncated or incomplete.
#
#  Out of Memory Error (os_windows.cpp:3618), pid=5800, tid=7784
#
# JRE version: OpenJDK Runtime Environment Temurin-17.0.19+10 (17.0.19+10) (build 17.0.19+10)
# Java VM: OpenJDK 64-Bit Server VM Temurin-17.0.19+10 (17.0.19+10, mixed mode, sharing, tiered, compressed oops, compressed class ptrs, g1 gc, windows-amd64)
# No core dump will be written. Minidumps are not enabled by default on client versions of Windows
#

---------------  S U M M A R Y ------------

Command Line: --add-opens=java.base/java.lang=ALL-UNNAMED --add-opens=java.base/java.lang.invoke=ALL-UNNAMED --add-opens=java.base/java.util=ALL-UNNAMED --add-opens=java.prefs/java.util.prefs=ALL-UNNAMED --add-exports=jdk.compiler/com.sun.tools.javac.api=ALL-UNNAMED --add-exports=jdk.compiler/com.sun.tools.javac.util=ALL-UNNAMED --add-opens=java.base/java.util=ALL-UNNAMED --add-opens=java.prefs/java.util.prefs=ALL-UNNAMED --add-opens=java.base/java.nio.charset=ALL-UNNAMED --add-opens=java.base/java.net=ALL-UNNAMED --add-opens=java.base/java.util.concurrent=ALL-UNNAMED --add-opens=java.base/java.util.concurrent.atomic=ALL-UNNAMED --add-opens=java.xml/javax.xml.namespace=ALL-UNNAMED --add-opens=java.base/java.time=ALL-UNNAMED -XX:MaxMetaspaceSize=4G -XX:ReservedCodeCacheSize=512m -XX:+HeapDumpOnOutOfMemoryError -Xmx8G -Dfile.encoding=UTF-8 -Duser.country=FR -Duser.language=fr -Duser.variant -javaagent:C:\Users\admin\.gradle\wrapper\dists\gradle-9.1.0-all\7wzd0jkjit61aq2p43wpjgij9\gradle-9.1.0\lib\agents\gradle-instrumentation-agent-9.1.0.jar org.gradle.launcher.daemon.bootstrap.GradleDaemon 9.1.0

Host: Intel(R) Core(TM) i5-8350U CPU @ 1.70GHz, 8 cores, 7G,  Windows 11 , 64 bit Build 22621 (10.0.22621.5415)
Time: Sun Sep 20 13:59:58 2026 Paris, Madrid (heure duild 22621 (10.0.22621.5415) elapsed time: 262.333755 seconds (0d 0h 4m 22s)

---------------  T H R E A D  ---------------

Current thread (0x000002287fe9be30):  VMThread "VM Thread" [stack: 0x000000c391700000,0x000000c391800000] [id=7784]

Stack: [0x000000c391700000,0x000000c391800000]
Native frames: (J=compiled Java code, j=interpreted, Vv=VM code, C=native code)
V  [jvm.dll+0x684b29]
V  [jvm.dll+0x83a2d5]
V  [jvm.dll+0x83bd4e]
V  [jvm.dll+0x83c3d3]
V  [jvm.dll+0x24905f]
V  [jvm.dll+0x6818e9]
V  [jvm.dll+0x6766ea]
V  [jvm.dll+0x3093b7]
V  [jvm.dll+0x3109a6]
V  [jvm.dll+0x360f1e]
V  [jvm.dll+0x36115d]
V  [jvm.dll+0x2e043c]
V  [jvm.dll+0x2de812]
V  [jvm.dll+0x2ddfac]
V  [jvm.dll+0x320c6b]
V  [jvm.dll+0x840bed]
V  [jvm.dll+0x841923]
V  [jvm.dll+0x841e4f]
V  [jvm.dll+0x842235]
V  [jvm.dll+0x8422fe]
V  [jvm.dll+0x7eaf1c]
V  [jvm.dll+0x6839f7]
C  [ucrtbase.dll+0x29333]
C  [KERNEL32.DLL+0x1259d]
C  [ntdll.dll+0x5af78]

VM_Operation (0x000000c3934fe7d0): G1CollectForAllocation, mode: safepoint, requested by thread 0x00000228c62a2420


---------------  P R O C E S S  ---------------

Threads class SMR info:
_java_thread_list=0x00000228d95a16f0, length=143, elements={
0x000002284cc10f80, 0x000002287fea1820, 0x000002287fea26a0, 0x000002287feb7120,
0x000002287feb9a00, 0x000002287feba3c0, 0x000002287febad80, 0x000002287febd2d0,
0x00000228c5138120, 0x000002287fec14d0, 0x00000228c5210f20, 0x00000228c534e860,
0x00000228c6471ac0, 0x00000228c6abcc90, 0x00000228c53debc0, 0x00000228c58ab3d0,
0x00000228c57e4e70, 0x00000228c62a2e40, 0x00000228c629f690, 0x00000228c62a00b0,
0x00000228c62a1f10, 0x00000228c62a1a00, 0x00000228c62a14f0, 0x00000228c62a05c0,
0x00000228c62a2420, 0x00000228c629fba0, 0x00000228c62a2930, 0x00000228c62a0ad0,
0x00000228c62a0fe0, 0x00000228c83ee740, 0x00000228c83ed810, 0x00000228c83ef160,
0x00000228c83eb4a0, 0x00000228c83edd20, 0x00000228c83ef670, 0x00000228c83ecdf0,
0x00000228c83eec50, 0x00000228c83ee230, 0x00000228c83ea570, 0x00000228c83eb9b0,
0x00000228c83ebec0, 0x00000228c83efb80, 0x00000228c83f0090, 0x00000228c83f19e0,
0x00000228c83ec3d0, 0x00000228c83f05a0, 0x00000228c83f14d0, 0x00000228c83f0ab0,
0x00000228c83f0fc0, 0x00000228c83ec8e0, 0x00000228c8954b60, 0x00000228c895c4e0,
0x00000228c8958820, 0x00000228c895bac0, 0x00000228c8958d30, 0x00000228c89578f0,
0x00000228c8955070, 0x00000228c89569c0, 0x00000228c895ab90, 0x00000228c8959240,
0x00000228c8959750, 0x00000228c8957e00, 0x00000228c895b0a0, 0x00000228c8959c60,
0x00000228c895bfd0, 0x00000228c895a680, 0x00000228c526ab40, 0x00000228c526bf80,
0x00000228c5270150, 0x00000228c526e800, 0x00000228c526ceb0, 0x00000228c526c9a0,
0x00000228c526f730, 0x00000228c526fc40, 0x00000228c526dde0, 0x00000228c526d3c0,
0x00000228c52724c0, 0x00000228c526b050, 0x00000228c5270b70, 0x00000228c526d8d0,
0x00000228c5270660, 0x00000228c526ed10, 0x00000228c5271080, 0x00000228c92bc1f0,
0x00000228c92bc700, 0x00000228c92b9970, 0x00000228c92badb0, 0x00000228c92be560,
0x00000228c92b9460, 0x00000228c92bcc10, 0x00000228c92b8a40, 0x00000228c92ba390,
0x00000228c92b9e80, 0x00000228c92ba8a0, 0x00000228c92be050, 0x00000228c92bea70,
0x00000228c92bb2c0, 0x00000228c92b8f50, 0x00000228c92bf490, 0x00000228c92bf9a0,
0x00000228d8c829b0, 0x00000228d8c84300, 0x00000228d8c81060, 0x00000228d8c81570,
0x00000228d8c824a0, 0x00000228d8c81a80, 0x00000228d8c81f90, 0x00000228c92bdb40,
0x00000228c5edb680, 0x00000228c5ed4c30, 0x00000228c5ed4210, 0x00000228c5ed88f0,
0x00000228c5ed8e00, 0x00000228c5ed7ed0, 0x00000228c5ed9310, 0x00000228c5ed6580,
0x00000228c5ed9820, 0x00000228c5edac60, 0x00000228c5ed5b60, 0x00000228c5ed9d30,
0x00000228c5ed74b0, 0x00000228c5ed6a90, 0x00000228c5eda240, 0x00000228c5ed83e0,
0x00000228c5ed5650, 0x00000228cb267030, 0x00000228cb267f60, 0x00000228cb26a7e0,
0x00000228c5edb170, 0x00000228c5ed5140, 0x00000228c5edbb90, 0x00000228c5ed6070,
0x00000228d8c84810, 0x00000228d8c833d0, 0x00000228d8c838e0, 0x00000228c92b8020,
0x00000228c83ea060, 0x00000228d975b8f0, 0x00000228d9759fa0, 0x00000228d97567f0,
0x00000228d975b3e0, 0x00000228d9754480, 0x00000228d9758b60
}

Java Threads: ( => current thread )
  0x000002284cc10f80 JavaThread "main" [_thread_blocked, id=4476, stack(0x000000c391100000,0x000000c391200000)]
  0x000002287fea1820 JavaThread "Reference Handler" daemon [_thread_blocked, id=10120, stack(0x000000c391800000,0x000000c391900000)]
  0x000002287fea26a0 JavaThread "Finalizer" daemon [_thread_blocked, id=3892, stack(0x000000c391900000,0x000000c391a00000)]
  0x000002287feb7120 JavaThread "Signal Dispatcher" daemon [_thread_blocked, id=14012, stack(0x000000c391a00000,0x000000c391b00000)]
  0x000002287feb9a00 JavaThread "Attach Listener" daemon [_thread_blocked, id=8608, stack(0x000000c391b00000,0x000000c391c00000)]
  0x000002287feba3c0 JavaThread "Service Thread" daemon [_thread_blocked, id=4756, stack(0x000000c391c00000,0x000000c391d00000)]
  0x000002287febad80 JavaThread "Monitor Deflation Thread" daemon [_thread_blocked, id=7568, stack(0x000000c391d00000,0x000000c391e00000)]
  0x000002287febd2d0 JavaThread "C2 CompilerThread0" daemon [_thread_blocked, id=3824, stack(0x000000c391e00000,0x000000c391f00000)]
  0x00000228c5138120 JavaThread "C1 CompilerThread0" daemon [_thread_blocked, id=8588, stack(0x000000c391f00000,0x000000c392000000)]
  0x000002287fec14d0 JavaThread "Sweeper thread" daemon [_thread_blocked, id=12932, stack(0x000000c392000000,0x000000c392100000)]
  0x00000228c5210f20 JavaThread "Common-Cleaner" daemon [_thread_blocked, id=18144, stack(0x000000c392100000,0x000000c392200000)]
  0x00000228c534e860 JavaThread "Notification Thread" daemon [_thread_blocked, id=7872, stack(0x000000c392200000,0x000000c392300000)]
  0x00000228c6471ac0 JavaThread "Daemon health stats" [_thread_blocked, id=6220, stack(0x000000c392900000,0x000000c392a00000)]
  0x00000228c6abcc90 JavaThread "Incoming local TCP Connector on port 64496" [_thread_in_native, id=9212, stack(0x000000c392800000,0x000000c392900000)]
  0x00000228c53debc0 JavaThread "Daemon periodic checks" [_thread_blocked, id=7424, stack(0x000000c392a00000,0x000000c392b00000)]
  0x00000228c58ab3d0 JavaThread "Daemon" [_thread_blocked, id=12880, stack(0x000000c392c00000,0x000000c392d00000)]
  0x00000228c57e4e70 JavaThread "Handler for socket connection from /127.0.0.1:64496 to /127.0.0.1:64497" [_thread_in_native, id=10672, stack(0x000000c392d00000,0x000000c392e00000)]
  0x00000228c62a2e40 JavaThread "Cancel handler" [_thread_blocked, id=13040, stack(0x000000c392b00000,0x000000c392c00000)]
  0x00000228c629f690 JavaThread "Daemon worker" [_thread_blocked, id=2908, stack(0x000000c392e00000,0x000000c392f00000)]
  0x00000228c62a00b0 JavaThread "Asynchronous log dispatcher for DefaultDaemonConnection: socket connection from /127.0.0.1:64496 to /127.0.0.1:64497" [_thread_blocked, id=10960, stack(0x000000c392f00000,0x000000c393000000)]
  0x00000228c62a1f10 JavaThread "Stdin handler" [_thread_blocked, id=1944, stack(0x000000c393000000,0x000000c393100000)]
  0x00000228c62a1a00 JavaThread "Daemon client event forwarder" [_thread_blocked, id=15976, stack(0x000000c393100000,0x000000c393200000)]
  0x00000228c62a14f0 JavaThread "Cache worker for journal cache (C:\Users\admin\.gradle\caches\journal-1)" [_thread_blocked, id=3808, stack(0x000000c393200000,0x000000c393300000)]
  0x00000228c62a05c0 JavaThread "File lock request listener" [_thread_in_native, id=18400, stack(0x000000c393300000,0x000000c393400000)]
  0x00000228c62a2420 JavaThread "Cache worker for file hash cache (C:\Users\admin\.gradle\caches\9.1.0\fileHashes)" [_thread_blocked, id=2024, stack(0x000000c393400000,0x000000c393500000)]
  0x00000228c629fba0 JavaThread "Cache worker for file hash cache (C:\Users\admin\Downloads\livreurs-pro\flutter\foodmood_app\android\.gradle\9.1.0\fileHashes)" [_thread_blocked, id=15036, stack(0x000000c393800000,0x000000c393900000)]
  0x00000228c62a2930 JavaThread "Cache worker for Build Output Cleanup Cache (C:\Users\admin\Downloads\livreurs-pro\flutter\foodmood_app\android\.gradle\buildOutputCleanup)" [_thread_blocked, id=9624, stack(0x000000c393a00000,0x000000c393b00000)]
  0x00000228c62a0ad0 JavaThread "File watcher server" daemon [_thread_in_native, id=15564, stack(0x000000c393b00000,0x000000c393c00000)]
  0x00000228c62a0fe0 JavaThread "File watcher consumer" daemon [_thread_blocked, id=17868, stack(0x000000c393c00000,0x000000c393d00000)]
  0x00000228c83ee740 JavaThread "jar transforms" [_thread_blocked, id=16984, stack(0x000000c393d00000,0x000000c393e00000)]
  0x00000228c83ed810 JavaThread "jar transforms Thread 2" [_thread_blocked, id=16576, stack(0x000000c393e00000,0x000000c393f00000)]
  0x00000228c83ef160 JavaThread "jar transforms Thread 3" [_thread_blocked, id=18392, stack(0x000000c393f00000,0x000000c394000000)]
  0x00000228c83eb4a0 JavaThread "Cache worker for checksums cache (C:\Users\admin\Downloads\livreurs-pro\flutter\foodmood_app\android\.gradle\9.1.0\checksums)" [_thread_blocked, id=9472, stack(0x000000c394000000,0x000000c394100000)]
  0x00000228c83edd20 JavaThread "Cache worker for file content cache (C:\Users\admin\.gradle\caches\9.1.0\fileContent)" [_thread_blocked, id=3084, stack(0x000000c394100000,0x000000c394200000)]
  0x00000228c83ef670 JavaThread "Cache worker for cache directory md-supplier (C:\Users\admin\.gradle\caches\9.1.0\md-supplier)" [_thread_blocked, id=9052, stack(0x000000c394300000,0x000000c394400000)]
  0x00000228c83ecdf0 JavaThread "Cache worker for cache directory md-rule (C:\Users\admin\.gradle\caches\9.1.0\md-rule)" [_thread_blocked, id=5992, stack(0x000000c394400000,0x000000c394500000)]
  0x00000228c83eec50 JavaThread "jar transforms Thread 4" [_thread_blocked, id=9048, stack(0x000000c394600000,0x000000c394700000)]
  0x00000228c83ee230 JavaThread "jar transforms Thread 5" [_thread_blocked, id=4160, stack(0x000000c394200000,0x000000c394300000)]
  0x00000228c83ea570 JavaThread "jar transforms Thread 6" [_thread_blocked, id=728, stack(0x000000c394900000,0x000000c394a00000)]
  0x00000228c83eb9b0 JavaThread "jar transforms Thread 7" [_thread_blocked, id=11568, stack(0x000000c394700000,0x000000c394800000)]
  0x00000228c83ebec0 JavaThread "jar transforms Thread 8" [_thread_blocked, id=9660, stack(0x000000c394d00000,0x000000c394e00000)]
  0x00000228c83efb80 JavaThread "Cache worker for Build Output Cleanup Cache (C:\flutter\packages\flutter_tools\gradle\.gradle\buildOutputCleanup)" [_thread_blocked, id=8704, stack(0x000000c394500000,0x000000c394600000)]
  0x00000228c83f0090 JavaThread "Unconstrained build operations" [_thread_blocked, id=6216, stack(0x000000c394f00000,0x000000c395000000)]
  0x00000228c83f19e0 JavaThread "Unconstrained build operations Thread 2" [_thread_blocked, id=12636, stack(0x000000c395000000,0x000000c395100000)]
  0x00000228c83ec3d0 JavaThread "Unconstrained build operations Thread 3" [_thread_blocked, id=10552, stack(0x000000c395100000,0x000000c395200000)]
  0x00000228c83f05a0 JavaThread "Unconstrained build operations Thread 4" [_thread_blocked, id=8860, stack(0x000000c395200000,0x000000c395300000)]
  0x00000228c83f14d0 JavaThread "Unconstrained build operations Thread 5" [_thread_blocked, id=8872, stack(0x000000c395300000,0x000000c395400000)]
  0x00000228c83f0ab0 JavaThread "Unconstrained build operations Thread 6" [_thread_blocked, id=14700, stack(0x000000c395400000,0x000000c395500000)]
  0x00000228c83f0fc0 JavaThread "Unconstrained build operations Thread 7" [_thread_blocked, id=13428, stack(0x000000c395500000,0x000000c395600000)]
  0x00000228c83ec8e0 JavaThread "Unconstrained build operations Thread 8" [_thread_blocked, id=9336, stack(0x000000c395600000,0x000000c395700000)]
  0x00000228c8954b60 JavaThread "Unconstrained build operations Thread 9" [_thread_blocked, id=8864, stack(0x000000c395700000,0x000000c395800000)]
  0x00000228c895c4e0 JavaThread "Unconstrained build operations Thread 10" [_thread_blocked, id=2080, stack(0x000000c395800000,0x000000c395900000)]
  0x00000228c8958820 JavaThread "Unconstrained build operations Thread 11" [_thread_blocked, id=12656, stack(0x000000c395900000,0x000000c395a00000)]
  0x00000228c895bac0 JavaThread "Unconstrained build operations Thread 12" [_thread_blocked, id=2484, stack(0x000000c395a00000,0x000000c395b00000)]
  0x00000228c8958d30 JavaThread "Unconstrained build operations Thread 13" [_thread_blocked, id=11836, stack(0x000000c395b00000,0x000000c395c00000)]
  0x00000228c89578f0 JavaThread "Unconstrained build operations Thread 14" [_thread_blocked, id=3224, stack(0x000000c395c00000,0x000000c395d00000)]
  0x00000228c8955070 JavaThread "Unconstrained build operations Thread 15" [_thread_blocked, id=8352, stack(0x000000c395e00000,0x000000c395f00000)]
  0x00000228c89569c0 JavaThread "Unconstrained build operations Thread 16" [_thread_blocked, id=3684, stack(0x000000c395f00000,0x000000c396000000)]
  0x00000228c895ab90 JavaThread "Unconstrained build operations Thread 17" [_thread_blocked, id=6236, stack(0x000000c396000000,0x000000c396100000)]
  0x00000228c8959240 JavaThread "Unconstrained build operations Thread 18" [_thread_blocked, id=10060, stack(0x000000c396100000,0x000000c396200000)]
  0x00000228c8959750 JavaThread "Unconstrained build operations Thread 19" [_thread_blocked, id=5496, stack(0x000000c396200000,0x000000c396300000)]
  0x00000228c8957e00 JavaThread "Unconstrained build operations Thread 20" [_thread_blocked, id=6252, stack(0x000000c396300000,0x000000c396400000)]
  0x00000228c895b0a0 JavaThread "Unconstrained build operations Thread 21" [_thread_blocked, id=6820, stack(0x000000c396400000,0x000000c396500000)]
  0x00000228c8959c60 JavaThread "Memory manager" [_thread_blocked, id=9260, stack(0x000000c395d00000,0x000000c395e00000)]
  0x00000228c895bfd0 JavaThread "build event listener" [_thread_blocked, id=17008, stack(0x000000c394e00000,0x000000c394f00000)]
  0x00000228c895a680 JavaThread "Kotlin DSL Writer" [_thread_blocked, id=5696, stack(0x000000c391000000,0x000000c391100000)]
  0x00000228c526ab40 JavaThread "Execution worker" [_thread_blocked, id=11124, stack(0x000000c396500000,0x000000c396600000)]
  0x00000228c526bf80 JavaThread "Execution worker Thread 2" [_thread_blocked, id=6096, stack(0x000000c396800000,0x000000c396900000)]
  0x00000228c5270150 JavaThread "Execution worker Thread 3" [_thread_blocked, id=18124, stack(0x000000c396900000,0x000000c396a00000)]
  0x00000228c526e800 JavaThread "Execution worker Thread 4" [_thread_blocked, id=3832, stack(0x000000c396a00000,0x000000c396b00000)]
  0x00000228c526ceb0 JavaThread "Execution worker Thread 5" [_thread_blocked, id=1456, stack(0x000000c396b00000,0x000000c396c00000)]
  0x00000228c526c9a0 JavaThread "Execution worker Thread 6" [_thread_blocked, id=9148, stack(0x000000c396c00000,0x000000c396d00000)]
  0x00000228c526f730 JavaThread "Execution worker Thread 7" [_thread_blocked, id=13636, stack(0x000000c396d00000,0x000000c396e00000)]
  0x00000228c526fc40 JavaThread "Cache worker for execution history cache (C:\flutter\packages\flutter_tools\gradle\.gradle\9.1.0\executionHistory)" [_thread_blocked, id=3776, stack(0x000000c396e00000,0x000000c396f00000)]
  0x00000228c526dde0 JavaThread "Unconstrained build operations Thread 22" [_thread_blocked, id=10292, stack(0x000000c396f00000,0x000000c397000000)]
  0x00000228c526d3c0 JavaThread "Unconstrained build operations Thread 23" [_thread_blocked, id=4372, stack(0x000000c397000000,0x000000c397100000)]
  0x00000228c52724c0 JavaThread "Unconstrained build operations Thread 24" [_thread_blocked, id=6628, stack(0x000000c397100000,0x000000c397200000)]
  0x00000228c526b050 JavaThread "Unconstrained build operations Thread 25" [_thread_blocked, id=1748, stack(0x000000c397200000,0x000000c397300000)]
  0x00000228c5270b70 JavaThread "Unconstrained build operations Thread 26" [_thread_blocked, id=2224, stack(0x000000c397300000,0x000000c397400000)]
  0x00000228c526d8d0 JavaThread "Unconstrained build operations Thread 27" [_thread_blocked, id=16808, stack(0x000000c397400000,0x000000c397500000)]
  0x00000228c5270660 JavaThread "Unconstrained build operations Thread 28" [_thread_blocked, id=16000, stack(0x000000c397500000,0x000000c397600000)]
  0x00000228c526ed10 JavaThread "Unconstrained build operations Thread 29" [_thread_blocked, id=8336, stack(0x000000c397600000,0x000000c397700000)]
  0x00000228c5271080 JavaThread "Unconstrained build operations Thread 30" [_thread_blocked, id=5792, stack(0x000000c397700000,0x000000c397800000)]
  0x00000228c92bc1f0 JavaThread "Unconstrained build operations Thread 31" [_thread_blocked, id=2396, stack(0x000000c397800000,0x000000c397900000)]
  0x00000228c92bc700 JavaThread "Unconstrained build operations Thread 32" [_thread_blocked, id=6932, stack(0x000000c397900000,0x000000c397a00000)]
  0x00000228c92b9970 JavaThread "Unconstrained build operations Thread 33" [_thread_blocked, id=11220, stack(0x000000c397a00000,0x000000c397b00000)]
  0x00000228c92badb0 JavaThread "Unconstrained build operations Thread 34" [_thread_blocked, id=12060, stack(0x000000c397b00000,0x000000c397c00000)]
  0x00000228c92be560 JavaThread "Unconstrained build operations Thread 35" [_thread_blocked, id=15604, stack(0x000000c397c00000,0x000000c397d00000)]
  0x00000228c92b9460 JavaThread "Unconstrained build operations Thread 36" [_thread_blocked, id=3168, stack(0x000000c397d00000,0x000000c397e00000)]
  0x00000228c92bcc10 JavaThread "Unconstrained build operations Thread 37" [_thread_blocked, id=324, stack(0x000000c397e00000,0x000000c397f00000)]
  0x00000228c92b8a40 JavaThread "Unconstrained build operations Thread 38" [_thread_blocked, id=1552, stack(0x000000c397f00000,0x000000c398000000)]
  0x00000228c92ba390 JavaThread "Unconstrained build operations Thread 39" [_thread_blocked, id=9824, stack(0x000000c398000000,0x000000c398100000)]
  0x00000228c92b9e80 JavaThread "Unconstrained build operations Thread 40" [_thread_blocked, id=17748, stack(0x000000c398100000,0x000000c398200000)]
  0x00000228c92ba8a0 JavaThread "Unconstrained build operations Thread 41" [_thread_blocked, id=6844, stack(0x000000c398200000,0x000000c398300000)]
  0x00000228c92be050 JavaThread "Unconstrained build operations Thread 42" [_thread_blocked, id=9316, stack(0x000000c398300000,0x000000c398400000)]
  0x00000228c92bea70 JavaThread "Unconstrained build operations Thread 43" [_thread_blocked, id=10116, stack(0x000000c398400000,0x000000c398500000)]
  0x00000228c92bb2c0 JavaThread "Unconstrained build operations Thread 44" [_thread_blocked, id=7952, stack(0x000000c398500000,0x000000c398600000)]
  0x00000228c92b8f50 JavaThread "WorkerExecutor Queue" [_thread_blocked, id=10484, stack(0x000000c398600000,0x000000c398700000)]
  0x00000228c92bf490 JavaThread "RMI Scheduler(0)" daemon [_thread_blocked, id=12876, stack(0x000000c398700000,0x000000c398800000)]
  0x00000228c92bf9a0 JavaThread "RMI GC Daemon" daemon [_thread_blocked, id=8656, stack(0x000000c398900000,0x000000c398a00000)]
  0x00000228d8c829b0 JavaThread "RMI TCP Accept-0" daemon [_thread_in_native, id=8684, stack(0x000000c398a00000,0x000000c398b00000)]
  0x00000228d8c84300 JavaThread "RMI Reaper" [_thread_blocked, id=5556, stack(0x000000c398b00000,0x000000c398c00000)]
  0x00000228d8c81060 JavaThread "File lock release action executor Thread 5" [_thread_blocked, id=9992, stack(0x000000c398f00000,0x000000c399000000)]
  0x00000228d8c81570 JavaThread "Unconstrained build operations Thread 45" [_thread_blocked, id=5640, stack(0x000000c398800000,0x000000c398900000)]
  0x00000228d8c824a0 JavaThread "Unconstrained build operations Thread 46" [_thread_blocked, id=11948, stack(0x000000c399000000,0x000000c399100000)]
  0x00000228d8c81a80 JavaThread "Unconstrained build operations Thread 47" [_thread_blocked, id=11024, stack(0x000000c399100000,0x000000c399200000)]
  0x00000228d8c81f90 JavaThread "Unconstrained build operations Thread 48" [_thread_blocked, id=10216, stack(0x000000c399200000,0x000000c399300000)]
  0x00000228c92bdb40 JavaThread "Unconstrained build operations Thread 49" [_thread_blocked, id=2348, stack(0x000000c399300000,0x000000c399400000)]
  0x00000228c5edb680 JavaThread "Unconstrained build operations Thread 50" [_thread_blocked, id=16752, stack(0x000000c399400000,0x000000c399500000)]
  0x00000228c5ed4c30 JavaThread "Unconstrained build operations Thread 51" [_thread_blocked, id=12944, stack(0x000000c399500000,0x000000c399600000)]
  0x00000228c5ed4210 JavaThread "Unconstrained build operations Thread 52" [_thread_blocked, id=14368, stack(0x000000c399600000,0x000000c399700000)]
  0x00000228c5ed88f0 JavaThread "Unconstrained build operations Thread 53" [_thread_blocked, id=4428, stack(0x000000c399700000,0x000000c399800000)]
  0x00000228c5ed8e00 JavaThread "Unconstrained build operations Thread 54" [_thread_blocked, id=10732, stack(0x000000c399800000,0x000000c399900000)]
  0x00000228c5ed7ed0 JavaThread "Unconstrained build operations Thread 55" [_thread_blocked, id=7860, stack(0x000000c399900000,0x000000c399a00000)]
  0x00000228c5ed9310 JavaThread "Unconstrained build operations Thread 56" [_thread_blocked, id=2340, stack(0x000000c399a00000,0x000000c399b00000)]
  0x00000228c5ed6580 JavaThread "Unconstrained build operations Thread 57" [_thread_blocked, id=11524, stack(0x000000c399b00000,0x000000c399c00000)]
  0x00000228c5ed9820 JavaThread "Unconstrained build operations Thread 58" [_thread_blocked, id=8792, stack(0x000000c399c00000,0x000000c399d00000)]
  0x00000228c5edac60 JavaThread "Unconstrained build operations Thread 59" [_thread_blocked, id=7624, stack(0x000000c399d00000,0x000000c399e00000)]
  0x00000228c5ed5b60 JavaThread "Unconstrained build operations Thread 60" [_thread_blocked, id=6288, stack(0x000000c399e00000,0x000000c399f00000)]
  0x00000228c5ed9d30 JavaThread "Unconstrained build operations Thread 61" [_thread_blocked, id=8764, stack(0x000000c399f00000,0x000000c39a000000)]
  0x00000228c5ed74b0 JavaThread "Unconstrained build operations Thread 62" [_thread_blocked, id=15868, stack(0x000000c39a000000,0x000000c39a100000)]
  0x00000228c5ed6a90 JavaThread "Unconstrained build operations Thread 63" [_thread_blocked, id=10976, stack(0x000000c39a100000,0x000000c39a200000)]
  0x00000228c5eda240 JavaThread "Unconstrained build operations Thread 64" [_thread_blocked, id=5868, stack(0x000000c39a200000,0x000000c39a300000)]
  0x00000228c5ed83e0 JavaThread "Unconstrained build operations Thread 65" [_thread_blocked, id=18068, stack(0x000000c39a300000,0x000000c39a400000)]
  0x00000228c5ed5650 JavaThread "Kotlin DSL Writer" [_thread_blocked, id=3772, stack(0x000000c39a500000,0x000000c39a600000)]
  0x00000228cb267030 JavaThread "Problems report writer" [_thread_blocked, id=8580, stack(0x000000c39a600000,0x000000c39a700000)]
  0x00000228cb267f60 JavaThread "build event listener" [_thread_blocked, id=5044, stack(0x000000c39a700000,0x000000c39a800000)]
  0x00000228cb26a7e0 JavaThread "build event listener" [_thread_blocked, id=12052, stack(0x000000c39a800000,0x000000c39a900000)]
  0x00000228c5edb170 JavaThread "Unconstrained build operations Thread 66" [_thread_blocked, id=14348, stack(0x000000c390f00000,0x000000c391000000)]
  0x00000228c5ed5140 JavaThread "Unconstrained build operations Thread 67" [_thread_blocked, id=15996, stack(0x000000c394800000,0x000000c394900000)]
  0x00000228c5edbb90 JavaThread "Unconstrained build operations Thread 68" [_thread_blocked, id=15668, stack(0x000000c394a00000,0x000000c394b00000)]
  0x00000228c5ed6070 JavaThread "Unconstrained build operations Thread 69" [_thread_blocked, id=15756, stack(0x000000c394b00000,0x000000c394c00000)]
  0x00000228d8c84810 JavaThread "Unconstrained build operations Thread 70" [_thread_blocked, id=2980, stack(0x000000c398d00000,0x000000c398e00000)]
  0x00000228d8c833d0 JavaThread "Unconstrained build operations Thread 71" [_thread_blocked, id=10424, stack(0x000000c398e00000,0x000000c398f00000)]
  0x00000228d8c838e0 JavaThread "Unconstrained build operations Thread 72" [_thread_blocked, id=13920, stack(0x000000c39a400000,0x000000c39a500000)]
  0x00000228c92b8020 JavaThread "Unconstrained build operations Thread 73" [_thread_blocked, id=6856, stack(0x000000c39a900000,0x000000c39aa00000)]
  0x00000228c83ea060 JavaThread "Unconstrained build operations Thread 74" [_thread_blocked, id=5540, stack(0x000000c39aa00000,0x000000c39ab00000)]
  0x00000228d975b8f0 JavaThread "Unconstrained build operations Thread 75" [_thread_blocked, id=12176, stack(0x000000c39ab00000,0x000000c39ac00000)]
  0x00000228d9759fa0 JavaThread "Unconstrained build operations Thread 76" [_thread_blocked, id=1268, stack(0x000000c39ac00000,0x000000c39ad00000)]
  0x00000228d97567f0 JavaThread "Unconstrained build operations Thread 77" [_thread_blocked, id=5080, stack(0x000000c39ad00000,0x000000c39ae00000)]
  0x00000228d975b3e0 JavaThread "Unconstrained build operations Thread 78" [_thread_blocked, id=17996, stack(0x000000c39ae00000,0x000000c39af00000)]
  0x00000228d9754480 JavaThread "Unconstrained build operations Thread 79" [_thread_blocked, id=1372, stack(0x000000c39af00000,0x000000c39b000000)]
  0x00000228d9758b60 JavaThread "Unconstrained build operations Thread 80" [_thread_blocked, id=16804, stack(0x000000c39b000000,0x000000c39b100000)]

Other Threads:
=>0x000002287fe9be30 VMThread "VM Thread" [stack: 0x000000c391700000,0x000000c391800000] [id=7784]
  0x000002284cc11e00 WatcherThread [stack: 0x000000c392300000,0x000000c392400000] [id=3940]
  0x000002287fce0910 GCTaskThread "GC Thread#0" [stack: 0x000000c391200000,0x000000c391300000] [id=16648]
  0x00000228c54d3730 GCTaskThread "GC Thread#1" [stack: 0x000000c392500000,0x000000c392600000] [id=17076]
  0x00000228c54d39f0 GCTaskThread "GC Thread#2" [stack: 0x000000c392600000,0x000000c392700000] [id=16032]
  0x00000228c5f31380 GCTaskThread "GC Thread#3" [stack: 0x000000c392400000,0x000000c392500000] [id=8852]
  0x00000228c5f31640 GCTaskThread "GC Thread#4" [stack: 0x000000c392700000,0x000000c392800000] [id=17852]
  0x00000228c7268820 GCTaskThread "GC Thread#5" [stack: 0x000000c393500000,0x000000c393600000] [id=9264]
  0x00000228c7268ae0 GCTaskThread "GC Thread#6" [stack: 0x000000c393600000,0x000000c393700000] [id=3488]
  0x00000228c71ed880 GCTaskThread "GC Thread#7" [stack: 0x000000c393700000,0x000000c393800000] [id=2060]
  0x000002287fcf1770 ConcurrentGCThread "G1 Main Marker" [stack: 0x000000c391300000,0x000000c391400000] [id=12348]
  0x000002287fcf2190 ConcurrentGCThread "G1 Conc#0" [stack: 0x000000c391400000,0x000000c391500000] [id=10264]
  0x00000228c8df7f10 ConcurrentGCThread "G1 Conc#1" [stack: 0x000000c393900000,0x000000c393a00000] [id=13992]
  0x000002287fd581c0 ConcurrentGCThread "G1 Refine#0" [stack: 0x000000c391500000,0x000000c391600000] [id=3160]
  0x00000228ca544250 ConcurrentGCThread "G1 Refine#1" [stack: 0x000000c394c00000,0x000000c394d00000] [id=1672]
  0x00000228c983f050 ConcurrentGCThread "G1 Refine#2" [stack: 0x000000c396600000,0x000000c396700000] [id=13072]
  0x00000228c983deb0 ConcurrentGCThread "G1 Refine#3" [stack: 0x000000c396700000,0x000000c396800000] [id=5896]
  0x00000228cb5af880 ConcurrentGCThread "G1 Refine#4" [stack: 0x000000c398c00000,0x000000c398d00000] [id=6848]
  0x00000228e74de930 ConcurrentGCThread "G1 Refine#5" [stack: 0x000000c39b100000,0x000000c39b200000] [id=10352]
  0x00000228cb5afb70 ConcurrentGCThread "G1 Refine#6" [stack: 0x000000c39b200000,0x000000c39b300000] [id=7928]
  0x00000228e77c7f10 ConcurrentGCThread "G1 Refine#7" [stack: 0x000000c39b300000,0x000000c39b400000] [id=16068]
  0x000002287fd58bf0 ConcurrentGCThread "G1 Service" [stack: 0x000000c391600000,0x000000c391700000] [id=18176]

Threads with active compile tasks:
C2 CompilerThread0  262420 27613       4       org.gradle.internal.snapshot.impl.DirectorySnapshotter$PathVisitor::doPostVisitDirectory (84 bytes)

VM state: at safepoint (normal execution)

VM Mutex/Monitor currently owned by a thread:  ([mutex/lock_event])
[0x000002284cc0c360] Threads_lock - owner thread: 0x000002287fe9be30
[0x000002284cc0cd80] Heap_lock - owner thread: 0x00000228c62a2420

Heap address: 0x0000000600000000, size: 8192 MB, Compressed Oops mode: Zero based, Oop shift amount: 3

CDS archive(s) mapped at: [0x0000022880000000-0x0000022880bb0000-0x0000022880bb0000), size 12255232, SharedBaseAddress: 0x0000022880000000, ArchiveRelocationMode: 1.
Compressed class space mapped at: 0x0000022881000000-0x00000228c1000000, reserved size: 1073741824
Narrow klass base: 0x0000022880000000, Narrow klass shift: 0, Narrow klass range: 0x100000000

GC Precious Log:
 CPUs: 8 total, 8 available
 Memory: 8070M
 Large Page Support: Disabled
 NUMA Support: Disabled
 Compressed Oops: Enabled (Zero based)
 Heap Region Size: 4M
 Heap Min Capacity: 8M
 Heap Initial Capacity: 128M
 Heap Max Capacity: 8G
 Pre-touch: Disabled
 Parallel Workers: 8
 Concurrent Workers: 2
 Concurrent Refinement Workers: 8
 Periodic GC: Disabled

Heap:
 garbage-first heap   total 688128K, used 425296K [0x0000000600000000, 0x0000000800000000)
  region size 4096K, 5 young (20480K), 5 survivors (20480K)
 Metaspace       used 186437K, committed 188096K, reserved 1245184K
  class space    used 24145K, committed 24960K, reserved 1048576K

Heap Regions: E=young(eden), S=young(survivor), O=old, HS=humongous(starts), HC=humongous(continues), CS=collection set, F=free, OA=open archive, CA=closed archive, TAMS=top-at-mark-start (previous, next)
|   0|0x0000000600000000, 0x0000000600400000, 0x0000000600400000|100%|HS|  |TAMS 0x0000000600400000, 0x0000000600000000| Complete 
|   1|0x0000000600400000, 0x0000000600800000, 0x0000000600800000|100%| O|  |TAMS 0x0000000600800000, 0x0000000600400000| Untracked 
|   2|0x0000000600800000, 0x0000000600c00000, 0x0000000600c00000|100%| O|  |TAMS 0x0000000600c00000, 0x0000000600800000| Untracked 
|   3|0x0000000600c00000, 0x0000000600fff800, 0x0000000601000000| 99%| O|  |TAMS 0x0000000600fff800, 0x0000000600c00000| Untracked 
|   4|0x0000000601000000, 0x0000000601400000, 0x0000000601400000|100%| O|  |TAMS 0x0000000601400000, 0x0000000601000000| Untracked 
|   5|0x0000000601400000, 0x0000000601800000, 0x0000000601800000|100%| O|  |TAMS 0x0000000601800000, 0x0000000601400000| Untracked 
|   6|0x0000000601800000, 0x0000000601c00000, 0x0000000601c00000|100%| O|  |TAMS 0x0000000601c00000, 0x0000000601800000| Untracked 
|   7|0x0000000601c00000, 0x0000000602000000, 0x0000000602000000|100%| O|  |TAMS 0x0000000602000000, 0x0000000601c00000| Untracked 
|   8|0x0000000602000000, 0x0000000602400000, 0x0000000602400000|100%| O|  |TAMS 0x0000000602400000, 0x0000000602000000| Untracked 
|   9|0x0000000602400000, 0x0000000602800000, 0x0000000602800000|100%| O|  |TAMS 0x0000000602800000, 0x0000000602400000| Untracked 
|  10|0x0000000602800000, 0x0000000602c00000, 0x0000000602c00000|100%| O|  |TAMS 0x0000000602c00000, 0x0000000602800000| Untracked 
|  11|0x0000000602c00000, 0x0000000603000000, 0x0000000603000000|100%| O|  |TAMS 0x0000000603000000, 0x0000000602c00000| Untracked 
|  12|0x0000000603000000, 0x0000000603400000, 0x0000000603400000|100%| O|  |TAMS 0x0000000603400000, 0x0000000603000000| Untracked 
|  13|0x0000000603400000, 0x0000000603800000, 0x0000000603800000|100%| O|  |TAMS 0x0000000603800000, 0x0000000603400000| Untracked 
|  14|0x0000000603800000, 0x0000000603c00000, 0x0000000603c00000|100%| O|  |TAMS 0x0000000603c00000, 0x0000000603800000| Untracked 
|  15|0x0000000603c00000, 0x0000000604000000, 0x0000000604000000|100%| O|  |TAMS 0x0000000604000000, 0x0000000603c00000| Untracked 
|  16|0x0000000604000000, 0x0000000604400000, 0x0000000604400000|100%| O|  |TAMS 0x0000000604400000, 0x0000000604000000| Untracked 
|  17|0x0000000604400000, 0x0000000604800000, 0x0000000604800000|100%| O|  |TAMS 0x0000000604800000, 0x0000000604400000| Untracked 
|  18|0x0000000604800000, 0x0000000604c00000, 0x0000000604c00000|100%| O|  |TAMS 0x0000000604800000, 0x0000000604800000| Untracked 
|  19|0x0000000604c00000, 0x0000000605000000, 0x0000000605000000|100%| O|  |TAMS 0x0000000605000000, 0x0000000604c00000| Untracked 
|  20|0x0000000605000000, 0x0000000605400000, 0x0000000605400000|100%| O|  |TAMS 0x0000000605400000, 0x0000000605000000| Untracked 
|  21|0x0000000605400000, 0x0000000605800000, 0x0000000605800000|100%| O|  |TAMS 0x0000000605800000, 0x0000000605400000| Untracked 
|  22|0x0000000605800000, 0x0000000605c00000, 0x0000000605c00000|100%| O|  |TAMS 0x0000000605c00000, 0x0000000605800000| Untracked 
|  23|0x0000000605c00000, 0x0000000606000000, 0x0000000606000000|100%| O|  |TAMS 0x0000000606000000, 0x0000000605c00000| Untracked 
|  24|0x0000000606000000, 0x0000000606400000, 0x0000000606400000|100%| O|  |TAMS 0x0000000606400000, 0x0000000606000000| Untracked 
|  25|0x0000000606400000, 0x0000000606800000, 0x0000000606800000|100%| O|  |TAMS 0x0000000606800000, 0x0000000606400000| Untracked 
|  26|0x0000000606800000, 0x0000000606c00000, 0x0000000606c00000|100%| O|  |TAMS 0x0000000606c00000, 0x0000000606800000| Untracked 
|  27|0x0000000606c00000, 0x0000000607000000, 0x0000000607000000|100%| O|  |TAMS 0x0000000607000000, 0x0000000606c00000| Untracked 
|  28|0x0000000607000000, 0x0000000607400000, 0x0000000607400000|100%| O|  |TAMS 0x0000000607400000, 0x0000000607000000| Untracked 
|  29|0x0000000607400000, 0x0000000607800000, 0x0000000607800000|100%| O|  |TAMS 0x0000000607800000, 0x0000000607400000| Untracked 
|  30|0x0000000607800000, 0x0000000607c00000, 0x0000000607c00000|100%| O|  |TAMS 0x0000000607c00000, 0x0000000607800000| Untracked 
|  31|0x0000000607c00000, 0x0000000608000000, 0x0000000608000000|100%| O|  |TAMS 0x0000000608000000, 0x0000000607c00000| Untracked 
|  32|0x0000000608000000, 0x0000000608400000, 0x0000000608400000|100%| O|  |TAMS 0x0000000608400000, 0x0000000608000000| Untracked 
|  33|0x0000000608400000, 0x0000000608800000, 0x0000000608800000|100%| O|  |TAMS 0x0000000608800000, 0x0000000608400000| Untracked 
|  34|0x0000000608800000, 0x0000000608c00000, 0x0000000608c00000|100%| O|  |TAMS 0x0000000608c00000, 0x0000000608800000| Untracked 
|  35|0x0000000608c00000, 0x0000000609000000, 0x0000000609000000|100%| O|  |TAMS 0x0000000609000000, 0x0000000608c00000| Untracked 
|  36|0x0000000609000000, 0x0000000609400000, 0x0000000609400000|100%| O|  |TAMS 0x0000000609400000, 0x0000000609000000| Untracked 
|  37|0x0000000609400000, 0x0000000609800000, 0x0000000609800000|100%| O|  |TAMS 0x0000000609800000, 0x0000000609400000| Untracked 
|  38|0x0000000609800000, 0x0000000609c00000, 0x0000000609c00000|100%| O|  |TAMS 0x0000000609c00000, 0x0000000609800000| Untracked 
|  39|0x0000000609c00000, 0x000000060a000000, 0x000000060a000000|100%| O|  |TAMS 0x000000060a000000, 0x0000000609c00000| Untracked 
|  40|0x000000060a000000, 0x000000060a400000, 0x000000060a400000|100%| O|  |TAMS 0x000000060a400000, 0x000000060a000000| Untracked 
|  41|0x000000060a400000, 0x000000060a800000, 0x000000060a800000|100%| O|  |TAMS 0x000000060a800000, 0x000000060a400000| Untracked 
|  42|0x000000060a800000, 0x000000060ac00000, 0x000000060ac00000|100%| O|  |TAMS 0x000000060a800000, 0x000000060a800000| Untracked 
|  43|0x000000060ac00000, 0x000000060b000000, 0x000000060b000000|100%| O|  |TAMS 0x000000060b000000, 0x000000060ac00000| Untracked 
|  44|0x000000060b000000, 0x000000060b400000, 0x000000060b400000|100%| O|  |TAMS 0x000000060b400000, 0x000000060b000000| Untracked 
|  45|0x000000060b400000, 0x000000060b800000, 0x000000060b800000|100%| O|  |TAMS 0x000000060b682c00, 0x000000060b400000| Untracked 
|  46|0x000000060b800000, 0x000000060bc00000, 0x000000060bc00000|100%| O|  |TAMS 0x000000060b800000, 0x000000060b800000| Untracked 
|  47|0x000000060bc00000, 0x000000060c000000, 0x000000060c000000|100%| O|  |TAMS 0x000000060bc00000, 0x000000060bc00000| Untracked 
|  48|0x000000060c000000, 0x000000060c400000, 0x000000060c400000|100%| O|  |TAMS 0x000000060c000000, 0x000000060c000000| Untracked 
|  49|0x000000060c400000, 0x000000060c800000, 0x000000060c800000|100%| O|  |TAMS 0x000000060c400000, 0x000000060c400000| Untracked 
|  50|0x000000060c800000, 0x000000060cc00000, 0x000000060cc00000|100%| O|  |TAMS 0x000000060c800000, 0x000000060c800000| Untracked 
|  51|0x000000060cc00000, 0x000000060d000000, 0x000000060d000000|100%| O|  |TAMS 0x000000060cc00000, 0x000000060cc00000| Untracked 
|  52|0x000000060d000000, 0x000000060d400000, 0x000000060d400000|100%| O|  |TAMS 0x000000060d000000, 0x000000060d000000| Untracked 
|  53|0x000000060d400000, 0x000000060d800000, 0x000000060d800000|100%| O|  |TAMS 0x000000060d400000, 0x000000060d400000| Untracked 
|  54|0x000000060d800000, 0x000000060dc00000, 0x000000060dc00000|100%| O|  |TAMS 0x000000060d800000, 0x000000060d800000| Untracked 
|  55|0x000000060dc00000, 0x000000060e000000, 0x000000060e000000|100%| O|  |TAMS 0x000000060dc00000, 0x000000060dc00000| Untracked 
|  56|0x000000060e000000, 0x000000060e3ffff8, 0x000000060e400000| 99%| O|  |TAMS 0x000000060e000000, 0x000000060e000000| Untracked 
|  57|0x000000060e400000, 0x000000060e800000, 0x000000060e800000|100%| O|  |TAMS 0x000000060e400000, 0x000000060e400000| Untracked 
|  58|0x000000060e800000, 0x000000060ec00000, 0x000000060ec00000|100%| O|  |TAMS 0x000000060e800000, 0x000000060e800000| Untracked 
|  59|0x000000060ec00000, 0x000000060f000000, 0x000000060f000000|100%| O|  |TAMS 0x000000060ec00000, 0x000000060ec00000| Untracked 
|  60|0x000000060f000000, 0x000000060f400000, 0x000000060f400000|100%| O|  |TAMS 0x000000060f000000, 0x000000060f000000| Untracked 
|  61|0x000000060f400000, 0x000000060f800000, 0x000000060f800000|100%| O|  |TAMS 0x000000060f400000, 0x000000060f400000| Untracked 
|  62|0x000000060f800000, 0x000000060fc00000, 0x000000060fc00000|100%| O|  |TAMS 0x000000060f800000, 0x000000060f800000| Untracked 
|  63|0x000000060fc00000, 0x0000000610000000, 0x0000000610000000|100%| O|  |TAMS 0x000000060fc00000, 0x000000060fc00000| Untracked 
|  64|0x0000000610000000, 0x0000000610400000, 0x0000000610400000|100%| O|  |TAMS 0x0000000610000000, 0x0000000610000000| Untracked 
|  65|0x0000000610400000, 0x0000000610800000, 0x0000000610800000|100%| O|  |TAMS 0x0000000610400000, 0x0000000610400000| Untracked 
|  66|0x0000000610800000, 0x0000000610c00000, 0x0000000610c00000|100%| O|  |TAMS 0x0000000610800000, 0x0000000610800000| Untracked 
|  67|0x0000000610c00000, 0x0000000611000000, 0x0000000611000000|100%| O|  |TAMS 0x0000000610c00000, 0x0000000610c00000| Untracked 
|  68|0x0000000611000000, 0x0000000611400000, 0x0000000611400000|100%| O|  |TAMS 0x0000000611000000, 0x0000000611000000| Untracked 
|  69|0x0000000611400000, 0x0000000611800000, 0x0000000611800000|100%| O|  |TAMS 0x0000000611400000, 0x0000000611400000| Untracked 
|  70|0x0000000611800000, 0x0000000611c00000, 0x0000000611c00000|100%| O|  |TAMS 0x0000000611800000, 0x0000000611800000| Untracked 
|  71|0x0000000611c00000, 0x0000000612000000, 0x0000000612000000|100%| O|  |TAMS 0x0000000611c00000, 0x0000000611c00000| Untracked 
|  72|0x0000000612000000, 0x0000000612400000, 0x0000000612400000|100%| O|  |TAMS 0x0000000612000000, 0x0000000612000000| Untracked 
|  73|0x0000000612400000, 0x0000000612800000, 0x0000000612800000|100%| O|  |TAMS 0x0000000612400000, 0x0000000612400000| Untracked 
|  74|0x0000000612800000, 0x0000000612c00000, 0x0000000612c00000|100%| O|  |TAMS 0x0000000612800000, 0x0000000612800000| Untracked 
|  75|0x0000000612c00000, 0x0000000613000000, 0x0000000613000000|100%| O|  |TAMS 0x0000000612c00000, 0x0000000612c00000| Untracked 
|  76|0x0000000613000000, 0x0000000613400000, 0x0000000613400000|100%| O|  |TAMS 0x0000000613000000, 0x0000000613000000| Untracked 
|  77|0x0000000613400000, 0x0000000613800000, 0x0000000613800000|100%| O|  |TAMS 0x0000000613400000, 0x0000000613400000| Untracked 
|  78|0x0000000613800000, 0x0000000613c00000, 0x0000000613c00000|100%| O|  |TAMS 0x0000000613800000, 0x0000000613800000| Untracked 
|  79|0x0000000613c00000, 0x0000000614000000, 0x0000000614000000|100%| O|  |TAMS 0x0000000613c00000, 0x0000000613c00000| Untracked 
|  80|0x0000000614000000, 0x0000000614400000, 0x0000000614400000|100%| O|  |TAMS 0x0000000614000000, 0x0000000614000000| Untracked 
|  81|0x0000000614400000, 0x0000000614800000, 0x0000000614800000|100%| O|  |TAMS 0x0000000614400000, 0x0000000614400000| Untracked 
|  82|0x0000000614800000, 0x0000000614c00000, 0x0000000614c00000|100%| O|  |TAMS 0x0000000614800000, 0x0000000614800000| Untracked 
|  83|0x0000000614c00000, 0x0000000615000000, 0x0000000615000000|100%| O|  |TAMS 0x0000000614c00000, 0x0000000614c00000| Untracked 
|  84|0x0000000615000000, 0x0000000615400000, 0x0000000615400000|100%| O|  |TAMS 0x0000000615000000, 0x0000000615000000| Untracked 
|  85|0x0000000615400000, 0x0000000615800000, 0x0000000615800000|100%| O|  |TAMS 0x0000000615400000, 0x0000000615400000| Untracked 
|  86|0x0000000615800000, 0x0000000615c00000, 0x0000000615c00000|100%| O|  |TAMS 0x0000000615800000, 0x0000000615800000| Untracked 
|  87|0x0000000615c00000, 0x0000000616000000, 0x0000000616000000|100%| O|  |TAMS 0x0000000615c00000, 0x0000000615c00000| Untracked 
|  88|0x0000000616000000, 0x0000000616400000, 0x0000000616400000|100%| O|  |TAMS 0x0000000616000000, 0x0000000616000000| Untracked 
|  89|0x0000000616400000, 0x0000000616800000, 0x0000000616800000|100%| O|  |TAMS 0x0000000616400000, 0x0000000616400000| Untracked 
|  90|0x0000000616800000, 0x0000000616c00000, 0x0000000616c00000|100%| O|  |TAMS 0x0000000616800000, 0x0000000616800000| Untracked 
|  91|0x0000000616c00000, 0x0000000617000000, 0x0000000617000000|100%| O|  |TAMS 0x0000000616c00000, 0x0000000616c00000| Untracked 
|  92|0x0000000617000000, 0x0000000617400000, 0x0000000617400000|100%| O|  |TAMS 0x0000000617000000, 0x0000000617000000| Untracked 
|  93|0x0000000617400000, 0x0000000617800000, 0x0000000617800000|100%| O|  |TAMS 0x0000000617400000, 0x0000000617400000| Untracked 
|  94|0x0000000617800000, 0x0000000617c00000, 0x0000000617c00000|100%| O|  |TAMS 0x0000000617800000, 0x0000000617800000| Untracked 
|  95|0x0000000617c00000, 0x0000000618000000, 0x0000000618000000|100%| O|  |TAMS 0x0000000617c00000, 0x0000000617c00000| Untracked 
|  96|0x0000000618000000, 0x0000000618400000, 0x0000000618400000|100%| O|  |TAMS 0x0000000618000000, 0x0000000618000000| Untracked 
|  97|0x0000000618400000, 0x0000000618800000, 0x0000000618800000|100%| O|  |TAMS 0x0000000618400000, 0x0000000618400000| Untracked 
|  98|0x0000000618800000, 0x0000000618b54c00, 0x0000000618c00000| 83%| O|  |TAMS 0x0000000618800000, 0x0000000618800000| Untracked 
|  99|0x0000000618c00000, 0x0000000618c00000, 0x0000000619000000|  0%| F|  |TAMS 0x0000000618c00000, 0x0000000618c00000| Untracked 
| 100|0x0000000619000000, 0x0000000619000000, 0x0000000619400000|  0%| F|  |TAMS 0x0000000619000000, 0x0000000619000000| Untracked 
| 101|0x0000000619400000, 0x0000000619400000, 0x0000000619800000|  0%| F|  |TAMS 0x0000000619400000, 0x0000000619400000| Untracked 
| 102|0x0000000619800000, 0x0000000619800000, 0x0000000619c00000|  0%| F|  |TAMS 0x0000000619800000, 0x0000000619800000| Untracked 
| 103|0x0000000619c00000, 0x0000000619c00000, 0x000000061a000000|  0%| F|  |TAMS 0x0000000619c00000, 0x0000000619c00000| Untracked 
| 104|0x000000061a000000, 0x000000061a000000, 0x000000061a400000|  0%| F|  |TAMS 0x000000061a000000, 0x000000061a000000| Untracked 
| 105|0x000000061a400000, 0x000000061a400000, 0x000000061a800000|  0%| F|  |TAMS 0x000000061a400000, 0x000000061a400000| Untracked 
| 106|0x000000061a800000, 0x000000061a800000, 0x000000061ac00000|  0%| F|  |TAMS 0x000000061a800000, 0x000000061a800000| Untracked 
| 107|0x000000061ac00000, 0x000000061ac00000, 0x000000061b000000|  0%| F|  |TAMS 0x000000061ac00000, 0x000000061ac00000| Untracked 
| 108|0x000000061b000000, 0x000000061b000000, 0x000000061b400000|  0%| F|  |TAMS 0x000000061b000000, 0x000000061b000000| Untracked 
| 109|0x000000061b400000, 0x000000061b400000, 0x000000061b800000|  0%| F|  |TAMS 0x000000061b400000, 0x000000061b400000| Untracked 
| 110|0x000000061b800000, 0x000000061b800000, 0x000000061bc00000|  0%| F|  |TAMS 0x000000061b800000, 0x000000061b800000| Untracked 
| 111|0x000000061bc00000, 0x000000061bc00000, 0x000000061c000000|  0%| F|  |TAMS 0x000000061bc00000, 0x000000061bc00000| Untracked 
| 112|0x000000061c000000, 0x000000061c000000, 0x000000061c400000|  0%| F|  |TAMS 0x000000061c000000, 0x000000061c000000| Untracked 
| 113|0x000000061c400000, 0x000000061c400000, 0x000000061c800000|  0%| F|  |TAMS 0x000000061c400000, 0x000000061c400000| Untracked 
| 114|0x000000061c800000, 0x000000061c800000, 0x000000061cc00000|  0%| F|  |TAMS 0x000000061c800000, 0x000000061c800000| Untracked 
| 115|0x000000061cc00000, 0x000000061cc00000, 0x000000061d000000|  0%| F|  |TAMS 0x000000061cc00000, 0x000000061cc00000| Untracked 
| 116|0x000000061d000000, 0x000000061d000000, 0x000000061d400000|  0%| F|  |TAMS 0x000000061d000000, 0x000000061d000000| Untracked 
| 117|0x000000061d400000, 0x000000061d400000, 0x000000061d800000|  0%| F|  |TAMS 0x000000061d400000, 0x000000061d400000| Untracked 
| 118|0x000000061d800000, 0x000000061d800000, 0x000000061dc00000|  0%| F|  |TAMS 0x000000061d800000, 0x000000061d800000| Untracked 
| 119|0x000000061dc00000, 0x000000061dc00000, 0x000000061e000000|  0%| F|  |TAMS 0x000000061dc00000, 0x000000061dc00000| Untracked 
| 120|0x000000061e000000, 0x000000061e000000, 0x000000061e400000|  0%| F|  |TAMS 0x000000061e000000, 0x000000061e000000| Untracked 
| 121|0x000000061e400000, 0x000000061e400000, 0x000000061e800000|  0%| F|  |TAMS 0x000000061e400000, 0x000000061e400000| Untracked 
| 122|0x000000061e800000, 0x000000061e800000, 0x000000061ec00000|  0%| F|  |TAMS 0x000000061e800000, 0x000000061e800000| Untracked 
| 123|0x000000061ec00000, 0x000000061ec00000, 0x000000061f000000|  0%| F|  |TAMS 0x000000061ec00000, 0x000000061ec00000| Untracked 
| 124|0x000000061f000000, 0x000000061f000000, 0x000000061f400000|  0%| F|  |TAMS 0x000000061f000000, 0x000000061f000000| Untracked 
| 125|0x000000061f400000, 0x000000061f400000, 0x000000061f800000|  0%| F|  |TAMS 0x000000061f400000, 0x000000061f400000| Untracked 
| 126|0x000000061f800000, 0x000000061f800000, 0x000000061fc00000|  0%| F|  |TAMS 0x000000061f800000, 0x000000061f800000| Untracked 
| 127|0x000000061fc00000, 0x000000061fc00000, 0x0000000620000000|  0%| F|  |TAMS 0x000000061fc00000, 0x000000061fc00000| Untracked 
| 128|0x0000000620000000, 0x0000000620000000, 0x0000000620400000|  0%| F|  |TAMS 0x0000000620000000, 0x0000000620000000| Untracked 
| 129|0x0000000620400000, 0x0000000620400000, 0x0000000620800000|  0%| F|  |TAMS 0x0000000620400000, 0x0000000620400000| Untracked 
| 130|0x0000000620800000, 0x0000000620800000, 0x0000000620c00000|  0%| F|  |TAMS 0x0000000620800000, 0x0000000620800000| Untracked 
| 131|0x0000000620c00000, 0x0000000620c00000, 0x0000000621000000|  0%| F|  |TAMS 0x0000000620c00000, 0x0000000620c00000| Untracked 
| 132|0x0000000621000000, 0x0000000621000000, 0x0000000621400000|  0%| F|  |TAMS 0x0000000621000000, 0x0000000621000000| Untracked 
| 133|0x0000000621400000, 0x0000000621400000, 0x0000000621800000|  0%| F|  |TAMS 0x0000000621400000, 0x0000000621400000| Untracked 
| 134|0x0000000621800000, 0x0000000621c00000, 0x0000000621c00000|100%| S|CS|TAMS 0x0000000621800000, 0x0000000621800000| Complete 
| 135|0x0000000621c00000, 0x0000000622000000, 0x0000000622000000|100%| S|CS|TAMS 0x0000000621c00000, 0x0000000621c00000| Complete 
| 136|0x0000000622000000, 0x0000000622400000, 0x0000000622400000|100%| S|CS|TAMS 0x0000000622000000, 0x0000000622000000| Complete 
| 137|0x0000000622400000, 0x0000000622800000, 0x0000000622800000|100%| S|CS|TAMS 0x0000000622400000, 0x0000000622400000| Complete 
| 138|0x0000000622800000, 0x0000000622c00000, 0x0000000622c00000|100%| S|CS|TAMS 0x0000000622800000, 0x0000000622800000| Complete 
| 139|0x0000000622c00000, 0x0000000622c00000, 0x0000000623000000|  0%| F|  |TAMS 0x0000000622c00000, 0x0000000622c00000| Untracked 
| 140|0x0000000623000000, 0x0000000623000000, 0x0000000623400000|  0%| F|  |TAMS 0x0000000623000000, 0x0000000623000000| Untracked 
| 141|0x0000000623400000, 0x0000000623400000, 0x0000000623800000|  0%| F|  |TAMS 0x0000000623400000, 0x0000000623400000| Untracked 
| 142|0x0000000623800000, 0x0000000623800000, 0x0000000623c00000|  0%| F|  |TAMS 0x0000000623800000, 0x0000000623800000| Untracked 
| 143|0x0000000623c00000, 0x0000000623c00000, 0x0000000624000000|  0%| F|  |TAMS 0x0000000623c00000, 0x0000000623c00000| Untracked 
| 144|0x0000000624000000, 0x0000000624000000, 0x0000000624400000|  0%| F|  |TAMS 0x0000000624000000, 0x0000000624000000| Untracked 
| 145|0x0000000624400000, 0x0000000624400000, 0x0000000624800000|  0%| F|  |TAMS 0x0000000624400000, 0x0000000624400000| Untracked 
| 146|0x0000000624800000, 0x0000000624800000, 0x0000000624c00000|  0%| F|  |TAMS 0x0000000624800000, 0x0000000624800000| Untracked 
| 147|0x0000000624c00000, 0x0000000624c00000, 0x0000000625000000|  0%| F|  |TAMS 0x0000000624c00000, 0x0000000624c00000| Untracked 
| 148|0x0000000625000000, 0x0000000625000000, 0x0000000625400000|  0%| F|  |TAMS 0x0000000625000000, 0x0000000625000000| Untracked 
| 149|0x0000000625400000, 0x0000000625400000, 0x0000000625800000|  0%| F|  |TAMS 0x0000000625400000, 0x0000000625400000| Untracked 
| 150|0x0000000625800000, 0x0000000625800000, 0x0000000625c00000|  0%| F|  |TAMS 0x0000000625800000, 0x0000000625800000| Untracked 
| 151|0x0000000625c00000, 0x0000000625c00000, 0x0000000626000000|  0%| F|  |TAMS 0x0000000625c00000, 0x0000000625c00000| Untracked 
| 152|0x0000000626000000, 0x0000000626000000, 0x0000000626400000|  0%| F|  |TAMS 0x0000000626000000, 0x0000000626000000| Untracked 
| 153|0x0000000626400000, 0x0000000626400000, 0x0000000626800000|  0%| F|  |TAMS 0x0000000626400000, 0x0000000626400000| Untracked 
| 154|0x0000000626800000, 0x0000000626800000, 0x0000000626c00000|  0%| F|  |TAMS 0x0000000626800000, 0x0000000626800000| Untracked 
| 155|0x0000000626c00000, 0x0000000626c00000, 0x0000000627000000|  0%| F|  |TAMS 0x0000000626c00000, 0x0000000626c00000| Untracked 
| 156|0x0000000627000000, 0x0000000627000000, 0x0000000627400000|  0%| F|  |TAMS 0x0000000627000000, 0x0000000627000000| Untracked 
| 157|0x0000000627400000, 0x0000000627400000, 0x0000000627800000|  0%| F|  |TAMS 0x0000000627400000, 0x0000000627400000| Untracked 
| 158|0x0000000627800000, 0x0000000627800000, 0x0000000627c00000|  0%| F|  |TAMS 0x0000000627800000, 0x0000000627800000| Untracked 
| 159|0x0000000627c00000, 0x0000000627c00000, 0x0000000628000000|  0%| F|  |TAMS 0x0000000627c00000, 0x0000000627c00000| Untracked 
| 160|0x0000000628000000, 0x0000000628000000, 0x0000000628400000|  0%| F|  |TAMS 0x0000000628000000, 0x0000000628000000| Untracked 
| 161|0x0000000628400000, 0x0000000628400000, 0x0000000628800000|  0%| F|  |TAMS 0x0000000628400000, 0x0000000628400000| Untracked 
| 162|0x0000000628800000, 0x0000000628800000, 0x0000000628c00000|  0%| F|  |TAMS 0x0000000628800000, 0x0000000628800000| Untracked 
| 163|0x0000000628c00000, 0x0000000628c00000, 0x0000000629000000|  0%| F|  |TAMS 0x0000000628c00000, 0x0000000628c00000| Untracked 
| 164|0x0000000629000000, 0x0000000629000000, 0x0000000629400000|  0%| F|  |TAMS 0x0000000629000000, 0x0000000629000000| Untracked 
| 165|0x0000000629400000, 0x0000000629400000, 0x0000000629800000|  0%| F|  |TAMS 0x0000000629400000, 0x0000000629400000| Untracked 
| 166|0x0000000629800000, 0x0000000629800000, 0x0000000629c00000|  0%| F|  |TAMS 0x0000000629800000, 0x0000000629800000| Untracked 
| 167|0x0000000629c00000, 0x0000000629c00000, 0x000000062a000000|  0%| F|  |TAMS 0x0000000629c00000, 0x0000000629c00000| Untracked 

Card table byte_map: [0x0000022875ce0000,0x0000022876ce0000] _byte_map_base: 0x0000022872ce0000

Marking Bits (Prev, Next): (CMBitMap*) 0x000002287fce0e40, (CMBitMap*) 0x000002287fce0e80
 Prev Bits: [0x0000022877ce0000, 0x000002287fce0000)
 Next Bits: [0x0000022800000000, 0x0000022808000000)

Polling page: 0x000002284ab50000

Metaspace:

Usage:
  Non-class:    158.49 MB used.
      Class:     23.58 MB used.
       Both:    182.07 MB used.

Virtual space:
  Non-class space:      192.00 MB reserved,     159.31 MB ( 83%) committed,  3 nodes.
      Class space:        1.00 GB reserved,      24.38 MB (  2%) committed,  1 nodes.
             Both:        1.19 GB reserved,     183.69 MB ( 15%) committed. 

Chunk freelists:
   Non-Class:  491.00 KB
       Class:  7.66 MB
        Both:  8.14 MB

MaxMetaspaceSize: 4.00 GB
CompressedClassSpaceSize: 1.00 GB
Initial GC threshold: 21.00 MB
Current GC threshold: 246.69 MB
CDS: on
MetaspaceReclaimPolicy: balanced
 - commit_granule_bytes: 65536.
 - commit_granule_words: 8192.
 - virtual_space_node_default_size: 8388608.
 - enlarge_chunks_in_place: 1.
 - new_chunks_are_fully_committed: 0.
 - uncommit_free_chunks: 1.
 - use_allocation_guard: 0.
 - handle_deallocations: 1.


Internal statistics:

num_allocs_failed_limit: 6.
num_arena_births: 2428.
num_arena_deaths: 14.
num_vsnodes_births: 4.
num_vsnodes_deaths: 0.
num_space_committed: 2938.
num_space_uncommitted: 0.
num_chunks_returned_to_freelist: 40.
num_chunks_taken_from_freelist: 10287.
num_chunk_merges: 9.
num_chunk_splits: 7188.
num_chunks_enlarged: 5202.
num_inconsistent_stats: 0.

CodeHeap 'non-profiled nmethods': size=259264Kb used=15937Kb max_used=15937Kb free=243326Kb
 bounds [0x0000022864a60000, 0x0000022865a00000, 0x0000022874790000]
CodeHeap 'profiled nmethods': size=259264Kb used=57644Kb max_used=57644Kb free=201619Kb
 bounds [0x0000022854790000, 0x0000022857fe0000, 0x00000228644c0000]
CodeHeap 'non-nmethods': size=5760Kb used=2008Kb max_used=2115Kb free=3752Kb
 bounds [0x00000228644c0000, 0x0000022864730000, 0x0000022864a60000]
 total_blobs=24631 nmethods=23476 adapters=1064
 compilation: enabled
              stopped_count=0, restarted_count=0
 full_count=0

Compilation events (20 events):
Event: 261.892 Thread 0x000002287febd2d0 nmethod 27604 0x00000228659e5810 code [0x00000228659e5a60, 0x00000228659e6fb0]
Event: 261.892 Thread 0x000002287febd2d0 27605       4       com.google.common.collect.RegularImmutableList::spliterator (11 bytes)
Event: 261.895 Thread 0x000002287febd2d0 nmethod 27605 0x00000228659e7890 code [0x00000228659e7a20, 0x00000228659e7bb8]
Event: 261.915 Thread 0x000002287febd2d0 27606       4       java.util.concurrent.locks.AbstractQueuedSynchronizer$ConditionObject::awaitNanos (200 bytes)
Event: 261.954 Thread 0x000002287febd2d0 nmethod 27606 0x00000228659e7d10 code [0x00000228659e7f00, 0x00000228659e8cd0]
Event: 261.954 Thread 0x000002287febd2d0 27607       4       java.util.stream.ForEachOps$ForEachOp::getOpFlags (15 bytes)
Event: 261.954 Thread 0x000002287febd2d0 nmethod 27607 0x00000228659e9490 code [0x00000228659e9620, 0x00000228659e96b8]
Event: 261.970 Thread 0x000002287febd2d0 27608       4       java.util.stream.ForEachOps$ForEachOp$OfRef::evaluateSequential (7 bytes)
Event: 261.983 Thread 0x000002287febd2d0 nmethod 27608 0x00000228659e9790 code [0x00000228659e9980, 0x00000228659e9df8]
Event: 261.988 Thread 0x000002287febd2d0 27609       4       com.google.common.io.Files::getFileExtension (43 bytes)
Event: 262.086 Thread 0x000002287febd2d0 nmethod 27609 0x00000228659ea390 code [0x00000228659ea5c0, 0x00000228659ebd70]
Event: 262.086 Thread 0x000002287febd2d0 27611       4       org.gradle.api.internal.artifacts.transform.TransformExecutionResult$Builder$MixedInputAndProducedOutputResult$$Lambda$1366/0x000002288185b400::apply (12 bytes)
Event: 262.088 Thread 0x000002287febd2d0 nmethod 27611 0x00000228659ecb90 code [0x00000228659ecd20, 0x00000228659ece38]
Event: 262.088 Thread 0x000002287febd2d0 27610       4       org.gradle.internal.component.model.DefaultIvyArtifactName::forFileName (22 bytes)
Event: 262.218 Thread 0x00000228c5138120 27616       3       java.lang.management.DefaultPlatformMBeanProvider$6::nameToMBeanMap (85 bytes)
Event: 262.222 Thread 0x00000228c5138120 nmethod 27616 0x0000022857fd7990 code [0x0000022857fd7e60, 0x0000022857fda738]
Event: 262.222 Thread 0x00000228c5138120 27617  s    3       sun.management.MemoryImpl::getMemoryPools (16 bytes)
Event: 262.223 Thread 0x00000228c5138120 nmethod 27617 0x0000022857fdb510 code [0x0000022857fdb6c0, 0x0000022857fdb948]
Event: 262.253 Thread 0x000002287febd2d0 nmethod 27610 0x00000228659ecf10 code [0x00000228659ed180, 0x00000228659ef280]
Event: 262.253 Thread 0x000002287febd2d0 27613       4       org.gradle.internal.snapshot.impl.DirectorySnapshotter$PathVisitor::doPostVisitDirectory (84 bytes)

GC Heap History (20 events):
Event: 176.502 GC heap after
{Heap after GC invocations=78 (full 0):
 garbage-first heap   total 303104K, used 198921K [0x0000000600000000, 0x0000000800000000)
  region size 4096K, 2 young (8192K), 2 survivors (8192K)
 Metaspace       used 150263K, committed 151488K, reserved 1245184K
  class space    used 19508K, committed 20096K, reserved 1048576K
}
Event: 179.509 GC heap before
{Heap before GC invocations=79 (full 0):
 garbage-first heap   total 344064K, used 231689K [0x0000000600000000, 0x0000000800000000)
  region size 4096K, 11 young (45056K), 2 survivors (8192K)
 Metaspace       used 152115K, committed 153408K, reserved 1245184K
  class space    used 19688K, committed 20288K, reserved 1048576K
}
Event: 179.598 GC heap after
{Heap after GC invocations=80 (full 0):
 garbage-first heap   total 344064K, used 209944K [0x0000000600000000, 0x0000000800000000)
  region size 4096K, 2 young (8192K), 2 survivors (8192K)
 Metaspace       used 152115K, committed 153408K, reserved 1245184K
  class space    used 19688K, committed 20288K, reserved 1048576K
}
Event: 180.110 GC heap before
{Heap before GC invocations=80 (full 0):
 garbage-first heap   total 344064K, used 214040K [0x0000000600000000, 0x0000000800000000)
  region size 4096K, 4 young (16384K), 2 survivors (8192K)
 Metaspace       used 152719K, committed 153984K, reserved 1245184K
  class space    used 19757K, committed 20352K, reserved 1048576K
}
Event: 180.122 GC heap after
{Heap after GC invocations=81 (full 0):
 garbage-first heap   total 688128K, used 207614K [0x0000000600000000, 0x0000000800000000)
  region size 4096K, 1 young (4096K), 1 survivors (4096K)
 Metaspace       used 152719K, committed 153984K, reserved 1245184K
  class space    used 19757K, committed 20352K, reserved 1048576K
}
Event: 203.302 GC heap before
{Heap before GC invocations=81 (full 0):
 garbage-first heap   total 688128K, used 441086K [0x0000000600000000, 0x0000000800000000)
  region size 4096K, 59 young (241664K), 1 survivors (4096K)
 Metaspace       used 167053K, committed 168384K, reserved 1245184K
  class space    used 21642K, committed 22272K, reserved 1048576K
}
Event: 203.330 GC heap after
{Heap after GC invocations=82 (full 0):
 garbage-first heap   total 688128K, used 224910K [0x0000000600000000, 0x0000000800000000)
  region size 4096K, 5 young (20480K), 5 survivors (20480K)
 Metaspace       used 167053K, committed 168384K, reserved 1245184K
  class space    used 21642K, committed 22272K, reserved 1048576K
}
Event: 221.618 GC heap before
{Heap before GC invocations=82 (full 0):
 garbage-first heap   total 688128K, used 507534K [0x0000000600000000, 0x0000000800000000)
  region size 4096K, 74 young (303104K), 5 survivors (20480K)
 Metaspace       used 172380K, committed 173696K, reserved 1245184K
  class space    used 22234K, committed 22848K, reserved 1048576K
}
Event: 221.646 GC heap after
{Heap after GC invocations=83 (full 0):
 garbage-first heap   total 688128K, used 226952K [0x0000000600000000, 0x0000000800000000)
  region size 4096K, 5 young (20480K), 5 survivors (20480K)
 Metaspace       used 172380K, committed 173696K, reserved 1245184K
  class space    used 22234K, committed 22848K, reserved 1048576K
}
Event: 237.306 GC heap before
{Heap before GC invocations=83 (full 0):
 garbage-first heap   total 688128K, used 542344K [0x0000000600000000, 0x0000000800000000)
  region size 4096K, 82 young (335872K), 5 survivors (20480K)
 Metaspace       used 183898K, committed 185472K, reserved 1245184K
  class space    used 23969K, committed 24768K, reserved 1048576K
}
Event: 237.348 GC heap after
{Heap after GC invocations=84 (full 0):
 garbage-first heap   total 688128K, used 247316K [0x0000000600000000, 0x0000000800000000)
  region size 4096K, 10 young (40960K), 10 survivors (40960K)
 Metaspace       used 183898K, committed 185472K, reserved 1245184K
  class space    used 23969K, committed 24768K, reserved 1048576K
}
Event: 245.850 GC heap before
{Heap before GC invocations=84 (full 0):
 garbage-first heap   total 688128K, used 542228K [0x0000000600000000, 0x0000000800000000)
  region size 4096K, 82 young (335872K), 10 survivors (40960K)
 Metaspace       used 184643K, committed 186240K, reserved 1245184K
  class space    used 24042K, committed 24832K, reserved 1048576K
}
Event: 246.403 GC heap after
{Heap after GC invocations=85 (full 0):
 garbage-first heap   total 688128K, used 299336K [0x0000000600000000, 0x0000000800000000)
  region size 4096K, 11 young (45056K), 11 survivors (45056K)
 Metaspace       used 184643K, committed 186240K, reserved 1245184K
  class space    used 24042K, committed 24832K, reserved 1048576K
}
Event: 248.227 GC heap before
{Heap before GC invocations=85 (full 0):
 garbage-first heap   total 688128K, used 344392K [0x0000000600000000, 0x0000000800000000)
  region size 4096K, 22 young (90112K), 11 survivors (45056K)
 Metaspace       used 184765K, committed 186304K, reserved 1245184K
  class space    used 24043K, committed 24832K, reserved 1048576K
}
Event: 248.341 GC heap after
{Heap after GC invocations=86 (full 0):
 garbage-first heap   total 688128K, used 318438K [0x0000000600000000, 0x0000000800000000)
  region size 4096K, 3 young (12288K), 3 survivors (12288K)
 Metaspace       used 184765K, committed 186304K, reserved 1245184K
  class space    used 24043K, committed 24832K, reserved 1048576K
}
Event: 256.593 GC heap before
{Heap before GC invocations=86 (full 0):
 garbage-first heap   total 688128K, used 510950K [0x0000000600000000, 0x0000000800000000)
  region size 4096K, 49 young (200704K), 3 survivors (12288K)
 Metaspace       used 185509K, committed 187072K, reserved 1245184K
  class space    used 24093K, committed 24896K, reserved 1048576K
}
Event: 256.620 GC heap after
{Heap after GC invocations=87 (full 0):
 garbage-first heap   total 688128K, used 327540K [0x0000000600000000, 0x0000000800000000)
  region size 4096K, 6 young (24576K), 6 survivors (24576K)
 Metaspace       used 185509K, committed 187072K, reserved 1245184K
  class space    used 24093K, committed 24896K, reserved 1048576K
}
Event: 258.346 GC heap before
{Heap before GC invocations=87 (full 0):
 garbage-first heap   total 688128K, used 520052K [0x0000000600000000, 0x0000000800000000)
  region size 4096K, 53 young (217088K), 6 survivors (24576K)
 Metaspace       used 185588K, committed 187136K, reserved 1245184K
  class space    used 24094K, committed 24896K, reserved 1048576K
}
Event: 258.603 GC heap after
{Heap after GC invocations=88 (full 0):
 garbage-first heap   total 688128K, used 394947K [0x0000000600000000, 0x0000000800000000)
  region size 4096K, 7 young (28672K), 7 survivors (28672K)
 Metaspace       used 185588K, committed 187136K, reserved 1245184K
  class space    used 24094K, committed 24896K, reserved 1048576K
}
Event: 262.266 GC heap before
{Heap before GC invocations=88 (full 0):
 garbage-first heap   total 688128K, used 513731K [0x0000000600000000, 0x0000000800000000)
  region size 4096K, 36 young (147456K), 7 survivors (28672K)
 Metaspace       used 186437K, committed 188096K, reserved 1245184K
  class space    used 24145K, committed 24960K, reserved 1048576K
}

Dll operation events (16 events):
Event: 0.036 Loaded shared library C:\Program Files\Eclipse Adoptium\jdk-17.0.19.10-hotspot\bin\java.dll
Event: 0.114 Loaded shared library C:\Program Files\Eclipse Adoptium\jdk-17.0.19.10-hotspot\bin\jsvml.dll
Event: 0.304 Loaded shared library C:\Program Files\Eclipse Adoptium\jdk-17.0.19.10-hotspot\bin\zip.dll
Event: 0.309 Loaded shared library C:\Program Files\Eclipse Adoptium\jdk-17.0.19.10-hotspot\bin\instrument.dll
Event: 0.330 Loaded shared library C:\Program Files\Eclipse Adoptium\jdk-17.0.19.10-hotspot\bin\net.dll
Event: 0.335 Loaded shared library C:\Program Files\Eclipse Adoptium\jdk-17.0.19.10-hotspot\bin\nio.dll
Event: 0.339 Loaded shared library C:\Program Files\Eclipse Adoptium\jdk-17.0.19.10-hotspot\bin\zip.dll
Event: 1.872 Loaded shared library C:\Program Files\Eclipse Adoptium\jdk-17.0.19.10-hotspot\bin\jimage.dll
Event: 3.282 Loaded shared library C:\Program Files\Eclipse Adoptium\jdk-17.0.19.10-hotspot\bin\verify.dll
Event: 3.410 Loaded shared library C:\Users\admin\.gradle\native\1def1411415f61bf3af743bc5b6707747c0891f09f0c88961ee8f79bc544acac\windows-amd64\native-platform.dll
Event: 3.444 Loaded shared library C:\Users\admin\.gradle\native\0.2.8\x86_64-windows-gnu\gradle-fileevents.dll
Event: 8.106 Loaded shared library C:\Program Files\Eclipse Adoptium\jdk-17.0.19.10-hotspot\bin\management.dll
Event: 8.122 Loaded shared library C:\Program Files\Eclipse Adoptium\jdk-17.0.19.10-hotspot\bin\management_ext.dll
Event: 12.483 Loaded shared library C:\Program Files\Eclipse Adoptium\jdk-17.0.19.10-hotspot\bin\extnet.dll
Event: 13.315 Loaded shared library C:\Program Files\Eclipse Adoptium\jdk-17.0.19.10-hotspot\bin\sunmscapi.dll
Event: 110.735 Loaded shared library C:\Program Files\Eclipse Adoptium\jdk-17.0.19.10-hotspot\bin\rmi.dll

Deoptimization events (20 events):
Event: 253.119 Thread 0x00000228c629f690 DEOPT PACKING pc=0x00000228656ace5c sp=0x000000c392ef5f10
Event: 253.119 Thread 0x00000228c629f690 DEOPT UNPACKING pc=0x00000228645169a3 sp=0x000000c392ef5f18 mode 2
Event: 253.179 Thread 0x00000228c629f690 DEOPT PACKING pc=0x000002285598e9e4 sp=0x000000c392ef62e0
Event: 253.179 Thread 0x00000228c629f690 DEOPT UNPACKING pc=0x0000022864517143 sp=0x000000c392ef57f8 mode 0
Event: 257.524 Thread 0x00000228c629f690 Uncommon trap: trap_request=0xffffff54 fr.pc=0x00000228658d0c24 relative=0x00000000000006e4
Event: 257.524 Thread 0x00000228c629f690 Uncommon trap: reason=speculate_null_assert action=make_not_entrant pc=0x00000228658d0c24 method=org.jetbrains.kotlin.protobuf.GeneratedMessageLite$ExtendableMessage.getExtension(Lorg/jetbrains/kotlin/protobuf/GeneratedMessageLite$GeneratedExtension;)Ljav
Event: 257.524 Thread 0x00000228c629f690 DEOPT PACKING pc=0x00000228658d0c24 sp=0x000000c392ef3800
Event: 257.525 Thread 0x00000228c629f690 DEOPT UNPACKING pc=0x00000228645169a3 sp=0x000000c392ef3760 mode 2
Event: 258.240 Thread 0x00000228c629f690 DEOPT PACKING pc=0x0000022855fc7c8b sp=0x000000c392eeff80
Event: 258.240 Thread 0x00000228c629f690 DEOPT UNPACKING pc=0x0000022864517143 sp=0x000000c392eef448 mode 0
Event: 258.784 Thread 0x00000228c629f690 Uncommon trap: trap_request=0xffffffde fr.pc=0x0000022864cdefa4 relative=0x0000000000002504
Event: 258.784 Thread 0x00000228c629f690 Uncommon trap: reason=class_check action=maybe_recompile pc=0x0000022864cdefa4 method=org.jetbrains.org.objectweb.asm.ClassReader.readElementValue(Lorg/jetbrains/org/objectweb/asm/AnnotationVisitor;ILjava/lang/String;[C)I @ 593 c2
Event: 258.784 Thread 0x00000228c629f690 DEOPT PACKING pc=0x0000022864cdefa4 sp=0x000000c392ef0fa0
Event: 258.785 Thread 0x00000228c629f690 DEOPT UNPACKING pc=0x00000228645169a3 sp=0x000000c392ef0f30 mode 2
Event: 259.159 Thread 0x00000228c629f690 DEOPT PACKING pc=0x0000022855fc7c8b sp=0x000000c392eeeb20
Event: 259.159 Thread 0x00000228c629f690 DEOPT UNPACKING pc=0x0000022864517143 sp=0x000000c392eedfe8 mode 0
Event: 260.163 Thread 0x00000228c629f690 Uncommon trap: trap_request=0xffffff3d fr.pc=0x00000228658edf9c relative=0x000000000000029c
Event: 260.163 Thread 0x00000228c629f690 Uncommon trap: reason=unstable_fused_if action=reinterpret pc=0x00000228658edf9c method=org.jetbrains.org.objectweb.asm.Frame.execute(IILorg/jetbrains/org/objectweb/asm/Symbol;Lorg/jetbrains/org/objectweb/asm/SymbolTable;)V @ 1 c2
Event: 260.163 Thread 0x00000228c629f690 DEOPT PACKING pc=0x00000228658edf9c sp=0x000000c392ef5040
Event: 260.163 Thread 0x00000228c629f690 DEOPT UNPACKING pc=0x00000228645169a3 sp=0x000000c392ef4fe8 mode 2

Classes loaded (20 events):
Event: 231.909 Loading class java/io/LineNumberReader
Event: 231.910 Loading class java/io/LineNumberReader done
Event: 231.990 Loading class java/util/regex/PatternBeanInfo
Event: 231.990 Loading class java/util/regex/PatternBeanInfo done
Event: 231.991 Loading class java/util/regex/PatternBeanInfo
Event: 231.991 Loading class java/util/regex/PatternBeanInfo done
Event: 231.991 Loading class java/util/regex/PatternCustomizer
Event: 231.991 Loading class java/util/regex/PatternCustomizer done
Event: 231.992 Loading class java/util/regex/PatternCustomizer
Event: 231.992 Loading class java/util/regex/PatternCustomizer done
Event: 231.994 Loading class jdk/internal/reflect/UnsafeQualifiedStaticIntegerFieldAccessorImpl
Event: 231.994 Loading class jdk/internal/reflect/UnsafeQualifiedStaticIntegerFieldAccessorImpl done
Event: 232.003 Loading class java/util/regex/MatcherBeanInfo
Event: 232.003 Loading class java/util/regex/MatcherBeanInfo done
Event: 232.004 Loading class java/util/regex/MatcherBeanInfo
Event: 232.004 Loading class java/util/regex/MatcherBeanInfo done
Event: 232.004 Loading class java/util/regex/MatcherCustomizer
Event: 232.004 Loading class java/util/regex/MatcherCustomizer done
Event: 232.005 Loading class java/util/regex/MatcherCustomizer
Event: 232.005 Loading class java/util/regex/MatcherCustomizer done

Classes unloaded (20 events):
Event: 50.502 Thread 0x000002287fe9be30 Unloading class 0x000002288169bc00 '_BuildScript_$_run_closure1$_closure2$_closure3'
Event: 50.502 Thread 0x000002287fe9be30 Unloading class 0x000002288169c8d8 '_BuildScript_$_run_closure1$_closure2'
Event: 50.502 Thread 0x000002287fe9be30 Unloading class 0x000002288169c4f0 '_BuildScript_$_run_closure1'
Event: 50.502 Thread 0x000002287fe9be30 Unloading class 0x000002288169c000 '_BuildScript_'
Event: 50.502 Thread 0x000002287fe9be30 Unloading class 0x00000228816977d0 '_BuildScript_$_run_closure1$_closure2$_closure3$_closure4'
Event: 50.502 Thread 0x000002287fe9be30 Unloading class 0x00000228816973e8 '_BuildScript_$_run_closure1$_closure2$_closure3'
Event: 50.502 Thread 0x000002287fe9be30 Unloading class 0x0000022881697000 '_BuildScript_$_run_closure1$_closure2'
Event: 50.502 Thread 0x000002287fe9be30 Unloading class 0x0000022881696400 '_BuildScript_$_run_closure1'
Event: 50.502 Thread 0x000002287fe9be30 Unloading class 0x0000022881696800 '_BuildScript_'
Event: 50.502 Thread 0x000002287fe9be30 Unloading class 0x0000022881692000 '_BuildScript_$_run_closure1$_closure2'
Event: 50.502 Thread 0x000002287fe9be30 Unloading class 0x00000228816918d8 '_BuildScript_$_run_closure1'
Event: 50.502 Thread 0x000002287fe9be30 Unloading class 0x00000228816913e8 '_BuildScript_'
Event: 50.502 Thread 0x000002287fe9be30 Unloading class 0x0000022881691000 'ProtobufPatchPlugin$_apply_closure1$_closure2$_closure3$_closure4'
Event: 50.502 Thread 0x000002287fe9be30 Unloading class 0x0000022881690a98 'ProtobufPatchPlugin$_apply_closure1$_closure2$_closure3'
Event: 50.502 Thread 0x000002287fe9be30 Unloading class 0x00000228816906b0 'ProtobufPatchPlugin$_apply_closure1$_closure2'
Event: 50.502 Thread 0x000002287fe9be30 Unloading class 0x00000228816902c8 'ProtobufPatchPlugin$_apply_closure1'
Event: 50.502 Thread 0x000002287fe9be30 Unloading class 0x0000022881690000 'ProtobufPatchPlugin'
Event: 50.502 Thread 0x000002287fe9be30 Unloading class 0x00000228815e43e8 '_BuildScript_$_run_closure1$_closure2'
Event: 50.503 Thread 0x000002287fe9be30 Unloading class 0x00000228815e4000 '_BuildScript_$_run_closure1'
Event: 50.503 Thread 0x000002287fe9be30 Unloading class 0x00000228815dc000 '_BuildScript_'

Classes redefined (0 events):
No events

Internal exceptions (20 events):
Event: 243.596 Thread 0x00000228c629f690 Exception <a 'java/lang/ClassNotFoundException'{0x000000061faf2688}: build_ej1ajxlxmiyx1k7o01t58tkk9BeanInfo> (0x000000061faf2688) 
thrown [s\src\hotspot\share\classfile\systemDictionary.cpp, line 256]
Event: 243.597 Thread 0x00000228c629f690 Exception <a 'java/lang/ClassNotFoundException'{0x000000061fafaa58}: build_ej1ajxlxmiyx1k7o01t58tkk9Customizer> (0x000000061fafaa58) 
thrown [s\src\hotspot\share\classfile\systemDictionary.cpp, line 256]
Event: 244.191 Thread 0x00000228c629f690 Exception <a 'sun/nio/fs/WindowsException'{0x000000061e868580}> (0x000000061e868580) 
thrown [s\src\hotspot\share\prims\jni.cpp, line 516]
Event: 244.192 Thread 0x00000228c629f690 Exception <a 'sun/nio/fs/WindowsException'{0x000000061e86a380}> (0x000000061e86a380) 
thrown [s\src\hotspot\share\prims\jni.cpp, line 516]
Event: 249.789 Thread 0x00000228c629f690 Exception <a 'sun/nio/fs/WindowsException'{0x00000006290f4f70}> (0x00000006290f4f70) 
thrown [s\src\hotspot\share\prims\jni.cpp, line 516]
Event: 249.790 Thread 0x00000228c629f690 Exception <a 'sun/nio/fs/WindowsException'{0x00000006290f6b78}> (0x00000006290f6b78) 
thrown [s\src\hotspot\share\prims\jni.cpp, line 516]
Event: 249.829 Thread 0x00000228c629f690 Exception <a 'sun/nio/fs/WindowsException'{0x0000000629109d68}> (0x0000000629109d68) 
thrown [s\src\hotspot\share\prims\jni.cpp, line 516]
Event: 249.837 Thread 0x00000228c629f690 Exception <a 'sun/nio/fs/WindowsException'{0x000000062911b568}> (0x000000062911b568) 
thrown [s\src\hotspot\share\prims\jni.cpp, line 516]
Event: 256.736 Thread 0x00000228c629f690 Exception <a 'sun/nio/fs/WindowsException'{0x0000000629b80a88}> (0x0000000629b80a88) 
thrown [s\src\hotspot\share\prims\jni.cpp, line 516]
Event: 256.736 Thread 0x00000228c629f690 Exception <a 'sun/nio/fs/WindowsException'{0x0000000629b82888}> (0x0000000629b82888) 
thrown [s\src\hotspot\share\prims\jni.cpp, line 516]
Event: 260.223 Thread 0x00000228c629f690 Exception <a 'sun/nio/fs/WindowsException'{0x0000000626e2cfa0}> (0x0000000626e2cfa0) 
thrown [s\src\hotspot\share\prims\jni.cpp, line 516]
Event: 260.224 Thread 0x00000228c629f690 Exception <a 'sun/nio/fs/WindowsException'{0x0000000626e2eb98}> (0x0000000626e2eb98) 
thrown [s\src\hotspot\share\prims\jni.cpp, line 516]
Event: 260.227 Thread 0x00000228c629f690 Exception <a 'sun/nio/fs/WindowsException'{0x0000000626e3aec0}> (0x0000000626e3aec0) 
thrown [s\src\hotspot\share\prims\jni.cpp, line 516]
Event: 260.229 Thread 0x00000228c629f690 Exception <a 'sun/nio/fs/WindowsException'{0x0000000626e41b68}> (0x0000000626e41b68) 
thrown [s\src\hotspot\share\prims\jni.cpp, line 516]
Event: 260.231 Thread 0x00000228c629f690 Exception <a 'sun/nio/fs/WindowsException'{0x0000000626e4a1a0}> (0x0000000626e4a1a0) 
thrown [s\src\hotspot\share\prims\jni.cpp, line 516]
Event: 260.236 Thread 0x00000228c629f690 Exception <a 'sun/nio/fs/WindowsException'{0x0000000626e67b68}> (0x0000000626e67b68) 
thrown [s\src\hotspot\share\prims\jni.cpp, line 516]
Event: 260.263 Thread 0x00000228c629f690 Exception <a 'sun/nio/fs/WindowsException'{0x0000000626e762b0}> (0x0000000626e762b0) 
thrown [s\src\hotspot\share\prims\jni.cpp, line 516]
Event: 260.273 Thread 0x00000228c629f690 Exception <a 'sun/nio/fs/WindowsException'{0x0000000626e7d528}> (0x0000000626e7d528) 
thrown [s\src\hotspot\share\prims\jni.cpp, line 516]
Event: 261.369 Thread 0x00000228c629f690 Exception <a 'java/lang/ClassNotFoundException'{0x00000006259244a8}: build_7w4i8cm3fdjpq418hkaewa48zBeanInfo> (0x00000006259244a8) 
thrown [s\src\hotspot\share\classfile\systemDictionary.cpp, line 256]
Event: 261.371 Thread 0x00000228c629f690 Exception <a 'java/lang/ClassNotFoundException'{0x000000062592c8e0}: build_7w4i8cm3fdjpq418hkaewa48zCustomizer> (0x000000062592c8e0) 
thrown [s\src\hotspot\share\classfile\systemDictionary.cpp, line 256]

VM Operations (20 events):
Event: 255.224 Executing VM operation: Cleanup done
Event: 256.224 Executing VM operation: Cleanup
Event: 256.224 Executing VM operation: Cleanup done
Event: 256.593 Executing VM operation: G1CollectForAllocation
Event: 256.620 Executing VM operation: G1CollectForAllocation done
Event: 257.620 Executing VM operation: Cleanup
Event: 257.621 Executing VM operation: Cleanup done
Event: 258.346 Executing VM operation: G1CollectForAllocation
Event: 258.603 Executing VM operation: G1CollectForAllocation done
Event: 259.390 Executing VM operation: HandshakeAllThreads
Event: 259.391 Executing VM operation: HandshakeAllThreads done
Event: 259.744 Executing VM operation: ICBufferFull
Event: 259.744 Executing VM operation: ICBufferFull done
Event: 260.130 Executing VM operation: ICBufferFull
Event: 260.130 Executing VM operation: ICBufferFull done
Event: 261.131 Executing VM operation: Cleanup
Event: 261.131 Executing VM operation: Cleanup done
Event: 262.131 Executing VM operation: Cleanup
Event: 262.131 Executing VM operation: Cleanup done
Event: 262.265 Executing VM operation: G1CollectForAllocation

Memory protections (0 events):
No events

Nmethod flushes (20 events):
Event: 233.964 Thread 0x000002287fec14d0 flushing  nmethod 0x0000022856b32590
Event: 233.967 Thread 0x000002287fec14d0 flushing  nmethod 0x0000022856db4a90
Event: 233.969 Thread 0x000002287fec14d0 flushing  nmethod 0x0000022856ef5c10
Event: 233.969 Thread 0x000002287fec14d0 flushing  nmethod 0x0000022856f07210
Event: 233.969 Thread 0x000002287fec14d0 flushing  nmethod 0x0000022856f75a90
Event: 233.970 Thread 0x000002287fec14d0 flushing  nmethod 0x000002285700ef10
Event: 233.971 Thread 0x000002287fec14d0 flushing  nmethod 0x0000022857179d10
Event: 233.974 Thread 0x000002287fec14d0 flushing  nmethod 0x000002285743ed10
Event: 233.975 Thread 0x000002287fec14d0 flushing  nmethod 0x0000022857506090
Event: 233.975 Thread 0x000002287fec14d0 flushing  nmethod 0x00000228575cc090
Event: 233.976 Thread 0x000002287fec14d0 flushing  nmethod 0x000002285768fb10
Event: 233.976 Thread 0x000002287fec14d0 flushing  nmethod 0x00000228576c3290
Event: 233.977 Thread 0x000002287fec14d0 flushing  nmethod 0x0000022857724a10
Event: 233.978 Thread 0x000002287fec14d0 flushing  nmethod 0x00000228577dbe10
Event: 253.297 Thread 0x000002287fec14d0 flushing  nmethod 0x000002286568ef90
Event: 253.310 Thread 0x000002287fec14d0 flushing  nmethod 0x000002285488a590
Event: 253.311 Thread 0x000002287fec14d0 flushing  nmethod 0x00000228548f7990
Event: 253.345 Thread 0x000002287fec14d0 flushing  nmethod 0x00000228556a4910
Event: 253.345 Thread 0x000002287fec14d0 flushing  nmethod 0x00000228556a4c90
Event: 253.377 Thread 0x000002287fec14d0 flushing  nmethod 0x0000022856a2c490

Events (20 events):
Event: 233.266 Thread 0x00000228d8c833d0 Thread exited: 0x00000228d8c833d0
Event: 234.756 Thread 0x00000228c83ea060 Thread exited: 0x00000228c83ea060
Event: 234.760 Thread 0x00000228c5edbb90 Thread exited: 0x00000228c5edbb90
Event: 234.989 Thread 0x00000228d8c84810 Thread exited: 0x00000228d8c84810
Event: 235.065 Thread 0x00000228c629f690 Thread added: 0x00000228c5edb170
Event: 235.065 Thread 0x00000228c629f690 Thread added: 0x00000228c5ed5140
Event: 235.065 Thread 0x00000228c629f690 Thread added: 0x00000228c5edbb90
Event: 235.066 Thread 0x00000228c629f690 Thread added: 0x00000228c5ed6070
Event: 235.066 Thread 0x00000228c629f690 Thread added: 0x00000228d8c84810
Event: 235.066 Thread 0x00000228c629f690 Thread added: 0x00000228d8c833d0
Event: 235.066 Thread 0x00000228c629f690 Thread added: 0x00000228d8c838e0
Event: 235.198 Thread 0x00000228c629f690 Thread added: 0x00000228c92b8020
Event: 235.235 Thread 0x00000228c629f690 Thread added: 0x00000228c83ea060
Event: 235.239 Thread 0x00000228c629f690 Thread added: 0x00000228d975b8f0
Event: 235.246 Thread 0x00000228c629f690 Thread added: 0x00000228d9759fa0
Event: 235.249 Thread 0x00000228c629f690 Thread added: 0x00000228d97567f0
Event: 235.256 Thread 0x00000228c629f690 Thread added: 0x00000228d975b3e0
Event: 235.258 Thread 0x00000228c629f690 Thread added: 0x00000228d9754480
Event: 235.890 Thread 0x00000228c629f690 Thread added: 0x00000228d9758b60
Event: 241.672 Thread 0x00000228d8c82ec0 Thread exited: 0x00000228d8c82ec0


Dynamic libraries:
0x00007ff7f7450000 - 0x00007ff7f745e000 	C:\Program Files\Eclipse Adoptium\jdk-17.0.19.10-hotspot\bin\java.exe
0x00007ffbf7510000 - 0x00007ffbf7727000 	C:\WINDOWS\SYSTEM32\ntdll.dll
0x00007ffbf6790000 - 0x00007ffbf6854000 	C:\WINDOWS\System32\KERNEL32.DLL
0x00007ffbf47e0000 - 0x00007ffbf4bb2000 	C:\WINDOWS\System32\KERNELBASE.dll
0x00007ffbf46c0000 - 0x00007ffbf47d1000 	C:\WINDOWS\System32\ucrtbase.dll
0x00007ffbeba30000 - 0x00007ffbeba48000 	C:\Program Files\Eclipse Adoptium\jdk-17.0.19.10-hotspot\bin\jli.dll
0x00007ffbf52b0000 - 0x00007ffbf5461000 	C:\WINDOWS\System32\USER32.dll
0x00007ffbf4bc0000 - 0x00007ffbf4be6000 	C:\WINDOWS\System32\win32u.dll
0x00007ffbf74a0000 - 0x00007ffbf74c9000 	C:\WINDOWS\System32\GDI32.dll
0x00007ffbf4bf0000 - 0x00007ffbf4d13000 	C:\WINDOWS\System32\gdi32full.dll
0x00007ffbf4d20000 - 0x00007ffbf4dba000 	C:\WINDOWS\System32\msvcp_win.dll
0x00007ffbebaa0000 - 0x00007ffbebabe000 	C:\Program Files\Eclipse Adoptium\jdk-17.0.19.10-hotspot\bin\VCRUNTIME140.dll
0x00007ffbdee30000 - 0x00007ffbdf0cb000 	C:\WINDOWS\WinSxS\amd64_microsoft.windows.common-controls_6595b64144ccf1df_6.0.22621.5547_none_27104afb73855772\COMCTL32.dll
0x00007ffbf7130000 - 0x00007ffbf71d7000 	C:\WINDOWS\System32\msvcrt.dll
0x00007ffbf6560000 - 0x00007ffbf6591000 	C:\WINDOWS\System32\IMM32.DLL
0x00007ffbebb60000 - 0x00007ffbebb6c000 	C:\Program Files\Eclipse Adoptium\jdk-17.0.19.10-hotspot\bin\vcruntime140_1.dll
0x00007ffbe9260000 - 0x00007ffbe92ed000 	C:\Program Files\Eclipse Adoptium\jdk-17.0.19.10-hotspot\bin\msvcp140.dll
0x00007ffbb4f70000 - 0x00007ffbb5bdc000 	C:\Program Files\Eclipse Adoptium\jdk-17.0.19.10-hotspot\bin\server\jvm.dll
0x00007ffbf7010000 - 0x00007ffbf70c1000 	C:\WINDOWS\System32\ADVAPI32.dll
0x00007ffbf5c00000 - 0x00007ffbf5ca8000 	C:\WINDOWS\System32\sechost.dll
0x00007ffbf5170000 - 0x00007ffbf5198000 	C:\WINDOWS\System32\bcrypt.dll
0x00007ffbf65c0000 - 0x00007ffbf66d4000 	C:\WINDOWS\System32\RPCRT4.dll
0x00007ffbf5230000 - 0x00007ffbf52a1000 	C:\WINDOWS\System32\WS2_32.dll
0x00007ffbf44d0000 - 0x00007ffbf451d000 	C:\WINDOWS\SYSTEM32\POWRPROF.dll
0x00007ffbea780000 - 0x00007ffbea7b4000 	C:\WINDOWS\SYSTEM32\WINMM.dll
0x00007ffbe2020000 - 0x00007ffbe202a000 	C:\WINDOWS\SYSTEM32\VERSION.dll
0x00007ffbf44b0000 - 0x00007ffbf44c3000 	C:\WINDOWS\SYSTEM32\UMPDC.dll
0x00007ffbf35f0000 - 0x00007ffbf3608000 	C:\WINDOWS\SYSTEM32\kernel.appcore.dll
0x00007ffbeba90000 - 0x00007ffbeba9a000 	C:\Program Files\Eclipse Adoptium\jdk-17.0.19.10-hotspot\bin\jimage.dll
0x00007ffbeefa0000 - 0x00007ffbef1d3000 	C:\WINDOWS\SYSTEM32\DBGHELP.DLL
0x00007ffbf6860000 - 0x00007ffbf6bf3000 	C:\WINDOWS\System32\combase.dll
0x00007ffbf6c00000 - 0x00007ffbf6cd7000 	C:\WINDOWS\System32\OLEAUT32.dll
0x00007ffbde5e0000 - 0x00007ffbde612000 	C:\WINDOWS\SYSTEM32\dbgcore.DLL
0x00007ffbf4dc0000 - 0x00007ffbf4e3b000 	C:\WINDOWS\System32\bcryptPrimitives.dll
0x00007ffbea7c0000 - 0x00007ffbea7ce000 	C:\Program Files\Eclipse Adoptium\jdk-17.0.19.10-hotspot\bin\instrument.dll
0x00007ffbe9420000 - 0x00007ffbe9445000 	C:\Program Files\Eclipse Adoptium\jdk-17.0.19.10-hotspot\bin\java.dll
0x00007ffbd3160000 - 0x00007ffbd3237000 	C:\Program Files\Eclipse Adoptium\jdk-17.0.19.10-hotspot\bin\jsvml.dll
0x00007ffbf5cb0000 - 0x00007ffbf6552000 	C:\WINDOWS\System32\SHELL32.dll
0x00007ffbf4fb0000 - 0x00007ffbf50ef000 	C:\WINDOWS\System32\wintypes.dll
0x00007ffbf24e0000 - 0x00007ffbf2dfd000 	C:\WINDOWS\SYSTEM32\windows.storage.dll
0x00007ffbf7310000 - 0x00007ffbf741c000 	C:\WINDOWS\System32\SHCORE.dll
0x00007ffbf54d0000 - 0x00007ffbf5539000 	C:\WINDOWS\System32\shlwapi.dll
0x00007ffbf4530000 - 0x00007ffbf455b000 	C:\WINDOWS\SYSTEM32\profapi.dll
0x00007ffbe9240000 - 0x00007ffbe9258000 	C:\Program Files\Eclipse Adoptium\jdk-17.0.19.10-hotspot\bin\zip.dll
0x00007ffbd8530000 - 0x00007ffbd854a000 	C:\Program Files\Eclipse Adoptium\jdk-17.0.19.10-hotspot\bin\net.dll
0x00007ffbe9e80000 - 0x00007ffbe9fac000 	C:\WINDOWS\SYSTEM32\WINHTTP.dll
0x00007ffbf3a60000 - 0x00007ffbf3ac9000 	C:\WINDOWS\system32\mswsock.dll
0x00007ffbd2ff0000 - 0x00007ffbd3006000 	C:\Program Files\Eclipse Adoptium\jdk-17.0.19.10-hotspot\bin\nio.dll
0x00007ffbe9230000 - 0x00007ffbe9240000 	C:\Program Files\Eclipse Adoptium\jdk-17.0.19.10-hotspot\bin\verify.dll
0x00007ffbc3240000 - 0x00007ffbc3267000 	C:\Users\admin\.gradle\native\1def1411415f61bf3af743bc5b6707747c0891f09f0c88961ee8f79bc544acac\windows-amd64\native-platform.dll
0x00007ffbd2a50000 - 0x00007ffbd2ac7000 	C:\Users\admin\.gradle\native\0.2.8\x86_64-windows-gnu\gradle-fileevents.dll
0x00007ffbe9220000 - 0x00007ffbe922a000 	C:\Program Files\Eclipse Adoptium\jdk-17.0.19.10-hotspot\bin\management.dll
0x00007ffbe9210000 - 0x00007ffbe921c000 	C:\Program Files\Eclipse Adoptium\jdk-17.0.19.10-hotspot\bin\management_ext.dll
0x00007ffbf55d0000 - 0x00007ffbf55d8000 	C:\WINDOWS\System32\PSAPI.DLL
0x00007ffbf3060000 - 0x00007ffbf308d000 	C:\WINDOWS\SYSTEM32\IPHLPAPI.DLL
0x00007ffbf65b0000 - 0x00007ffbf65b9000 	C:\WINDOWS\System32\NSI.dll
0x00007ffbea560000 - 0x00007ffbea579000 	C:\WINDOWS\SYSTEM32\dhcpcsvc6.DLL
0x00007ffbea540000 - 0x00007ffbea55f000 	C:\WINDOWS\SYSTEM32\dhcpcsvc.DLL
0x00007ffbf30d0000 - 0x00007ffbf31c8000 	C:\WINDOWS\SYSTEM32\DNSAPI.dll
0x00007ffbe9200000 - 0x00007ffbe9209000 	C:\Program Files\Eclipse Adoptium\jdk-17.0.19.10-hotspot\bin\extnet.dll
0x00007ffbf3db0000 - 0x00007ffbf3dcb000 	C:\WINDOWS\SYSTEM32\CRYPTSP.dll
0x00007ffbf3550000 - 0x00007ffbf3587000 	C:\WINDOWS\system32\rsaenh.dll
0x00007ffbf3b00000 - 0x00007ffbf3b28000 	C:\WINDOWS\SYSTEM32\USERENV.dll
0x00007ffbf3d90000 - 0x00007ffbf3d9c000 	C:\WINDOWS\SYSTEM32\CRYPTBASE.dll
0x00007ffbe91f0000 - 0x00007ffbe91fe000 	C:\Program Files\Eclipse Adoptium\jdk-17.0.19.10-hotspot\bin\sunmscapi.dll
0x00007ffbf4e40000 - 0x00007ffbf4fa7000 	C:\WINDOWS\System32\CRYPT32.dll
0x00007ffbf3ec0000 - 0x00007ffbf3eed000 	C:\WINDOWS\SYSTEM32\ncrypt.dll
0x00007ffbf3e80000 - 0x00007ffbf3eb7000 	C:\WINDOWS\SYSTEM32\NTASN1.dll
0x00007ffbec890000 - 0x00007ffbec898000 	C:\WINDOWS\system32\wshunix.dll
0x00007ffbebb40000 - 0x00007ffbebb47000 	C:\Program Files\Eclipse Adoptium\jdk-17.0.19.10-hotspot\bin\rmi.dll

dbghelp: loaded successfully - version: 4.0.5 - missing functions: none
symbol engine: initialized successfully - sym options: 0x614 - pdb path: .;C:\Program Files\Eclipse Adoptium\jdk-17.0.19.10-hotspot\bin;C:\WINDOWS\SYSTEM32;C:\WINDOWS\WinSxS\amd64_microsoft.windows.common-controls_6595b64144ccf1df_6.0.22621.5547_none_27104afb73855772;C:\Program Files\Eclipse Adoptium\jdk-17.0.19.10-hotspot\bin\server;C:\Users\admin\.gradle\native\1def1411415f61bf3af743bc5b6707747c0891f09f0c88961ee8f79bc544acac\windows-amd64;C:\Users\admin\.gradle\native\0.2.8\x86_64-windows-gnu

VM Arguments:
jvm_args: --add-opens=java.base/java.lang=ALL-UNNAMED --add-opens=java.base/java.lang.invoke=ALL-UNNAMED --add-opens=java.base/java.util=ALL-UNNAMED --add-opens=java.prefs/java.util.prefs=ALL-UNNAMED --add-exports=jdk.compiler/com.sun.tools.javac.api=ALL-UNNAMED --add-exports=jdk.compiler/com.sun.tools.javac.util=ALL-UNNAMED --add-opens=java.base/java.util=ALL-UNNAMED --add-opens=java.prefs/java.util.prefs=ALL-UNNAMED --add-opens=java.base/java.nio.charset=ALL-UNNAMED --add-opens=java.base/java.net=ALL-UNNAMED --add-opens=java.base/java.util.concurrent=ALL-UNNAMED --add-opens=java.base/java.util.concurrent.atomic=ALL-UNNAMED --add-opens=java.xml/javax.xml.namespace=ALL-UNNAMED --add-opens=java.base/java.time=ALL-UNNAMED -XX:MaxMetaspaceSize=4G -XX:ReservedCodeCacheSize=512m -XX:+HeapDumpOnOutOfMemoryError -Xmx8G -Dfile.encoding=UTF-8 -Duser.country=FR -Duser.language=fr -Duser.variant -javaagent:C:\Users\admin\.gradle\wrapper\dists\gradle-9.1.0-all\7wzd0jkjit61aq2p43wpjgij9\gradle-9.1.0\lib\agents\gradle-instrumentation-agent-9.1.0.jar 
java_command: org.gradle.launcher.daemon.bootstrap.GradleDaemon 9.1.0
java_class_path (initial): C:\Users\admin\.gradle\wrapper\dists\gradle-9.1.0-all\7wzd0jkjit61aq2p43wpjgij9\gradle-9.1.0\lib\gradle-daemon-main-9.1.0.jar
Launcher Type: SUN_STANDARD

[Global flags]
     intx CICompilerCount                          = 4                                         {product} {ergonomic}
     uint ConcGCThreads                            = 2                                         {product} {ergonomic}
     uint G1ConcRefinementThreads                  = 8                                         {product} {ergonomic}
   size_t G1HeapRegionSize                         = 4194304                                   {product} {ergonomic}
    uintx GCDrainStackTargetSize                   = 64                                        {product} {ergonomic}
     bool HeapDumpOnOutOfMemoryError               = true                                   {manageable} {command line}
   size_t InitialHeapSize                          = 134217728                                 {product} {ergonomic}
   size_t MarkStackSize                            = 4194304                                   {product} {ergonomic}
   size_t MaxHeapSize                              = 8589934592                                {product} {command line}
   size_t MaxMetaspaceSize                         = 4294967296                                {product} {command line}
   size_t MaxNewSize                               = 5150605312                                {product} {ergonomic}
   size_t MinHeapDeltaBytes                        = 4194304                                   {product} {ergonomic}
   size_t MinHeapSize                              = 8388608                                   {product} {ergonomic}
    uintx NonNMethodCodeHeapSize                   = 5839372                                {pd product} {ergonomic}
    uintx NonProfiledCodeHeapSize                  = 265515770                              {pd product} {ergonomic}
    uintx ProfiledCodeHeapSize                     = 265515770                              {pd product} {ergonomic}
    uintx ReservedCodeCacheSize                    = 536870912                              {pd product} {command line}
     bool SegmentedCodeCache                       = true                                      {product} {ergonomic}
   size_t SoftMaxHeapSize                          = 8589934592                             {manageable} {ergonomic}
   double SweeperThreshold                         = 0.234375                                  {product} {ergonomic}
     bool UseCompressedClassPointers               = true                           {product lp64_product} {ergonomic}
     bool UseCompressedOops                        = true                           {product lp64_product} {ergonomic}
     bool UseG1GC                                  = true                                      {product} {ergonomic}
     bool UseLargePagesIndividualAllocation        = false                                  {pd product} {ergonomic}

Logging:
Log output configuration:
 #0: stdout all=warning uptime,level,tags
 #1: stderr all=off uptime,level,tags

Environment Variables:
JAVA_HOME=C:\Program Files\Eclipse Adoptium\jdk-25.0.1.8-hotspot
PATH=C:\Program Files\Eclipse Adoptium\jdk-17.0.19.10-hotspot\bin;C:\Program Files (x86)\VMware\VMware Workstation\bin\;C:\Program Files\Python312\Scripts\;C:\Program Files\Python312\;C:\WINDOWS\system32;C:\WINDOWS;C:\WINDOWS\System32\Wbem;C:\WINDOWS\System32\WindowsPowerShell\v1.0\;C:\WINDOWS\System32\OpenSSH\;C:\Program Files (x86)\Microsoft SQL Server\160\Tools\Binn\;C:\Program Files\Microsoft SQL Server\160\Tools\Binn\;C:\Program Files\Microsoft SQL Server\Client SDK\ODBC\170\Tools\Binn\;C:\Program Files\Microsoft SQL Server\160\DTS\Binn\;C:\Program Files (x86)\Microsoft SQL Server\160\DTS\Binn\;C:\Windows\system32\python;C:\sqlite3;C:\Program Files\nodejs\;C:\MinGW\bin;C:\curl\bin;C:\curl\include;C:\MinGW;C:\MinGW\lib;C:\GnuWin32\bin;C:\OpenSSL-Win64\bin;C:\Program Files\PostgreSQL\17\bin;C:\Program Files\Eclipse Adoptium\jdk-25.0.1.8-hotspot\bin;C:\Program Files\Heroku\bin;C:\Program Files\Git\cmd;C:\Program Files (x86)\VMware\VMware Workstation\bin\;C:\Program Files\Python312\Scripts\;C:\Program Files\Python312\;C:\WINDOWS\system32;C:\WINDOWS;C:\WINDOWS\System32\Wbem;C:\WINDOWS\System32\WindowsPowerShell\v1.0\;C:\WINDOWS\System32\OpenSSH\;C:\Program Files (x86)\Microsoft SQL Server\160\Tools\Binn\;C:\Program Files\Microsoft SQL Server\160\Tools\Binn\;C:\Program Files\Microsoft SQL Server\Client SDK\ODBC\170\Tools\Binn\;C:\Program Files\Microsoft SQL Server\160\DTS\Binn\;C:\Program Files (x86)\Microsoft SQL Server\160\DTS\Binn\;C:\Windows\system32\python;C:\sqlite3;C:\Program Files\nodejs\;C:\MinGW\bin;C:\curl\bin;C:\curl\include;C:\MinGW;C:\MinGW\lib;C:\GnuWin32\bin;C:\OpenSSL-Win64\bin;C:\Program Files\PostgreSQL\17\bin;C:\Program Files\Eclipse Adoptium\jdk-25.0.1.8-hotspot\bin;C:\Program Files\Git\cmd;C:\Program Files\Docker\Docker\resources\bin;C:\Program Files\Heroku\bin;C:\Users\admin\AppData\Local\Programs\Microsoft VS Code;C:\Program Files\P;C:\flutter\bin\flutter;C:\flutter\bin;C:\Users\admin\AppData\Local\Programs\Microsoft VS Code\bin
USERNAME=admin
OS=Windows_NT
PROCESSOR_IDENTIFIER=Intel64 Family 6 Model 142 Stepping 10, GenuineIntel
TMP=C:\Users\admin\AppData\Local\Temp
TEMP=C:\Users\admin\AppData\Local\Temp



Periodic native trim disabled


---------------  S Y S T E M  ---------------

OS:
 Windows 11 , 64 bit Build 22621 (10.0.22621.5415)
OS uptime: 0 days 0:23 hours
Hyper-V role detected

CPU: total 8 (initial active 8) (4 cores per cpu, 2 threads per core) family 6 model 142 stepping 10 microcode 0xf4, cx8, cmov, fxsr, ht, mmx, 3dnowpref, sse, sse2, sse3, ssse3, sse4.1, sse4.2, popcnt, lzcnt, tsc, tscinvbit, avx, avx2, aes, erms, clmul, bmi1, bmi2, rtm, adx, fma, vzeroupper, clflush, clflushopt, hv
Processor Information for all 8 processors :
  Max Mhz: 1896, Current Mhz: 1696, Mhz Limit: 1687

Memory: 4k page, system-wide physical 8070M (231M free)
TotalPageFile size 16532M (AvailPageFile size 362M)
current process WorkingSet (physical memory assigned to process): 765M, peak: 854M
current process commit charge ("private bytes"): 1185M, peak: 1669M

vm_info: OpenJDK 64-Bit Server VM (17.0.19+10) for windows-amd64 JRE (17.0.19+10), built on Apr 25 2026 08:04:44 by "admin" with MS VC++ 17.12 (VS2022)

END.
