#
# There is insufficient memory for the Java Runtime Environment to continue.
# Native memory allocation (malloc) failed to allocate 396656 bytes. Error detail: Chunk::new
# Possible reasons:
#   The system is out of physical RAM or swap space
#   This process is running with CompressedOops enabled, and the Java Heap may be blocking the growth of the native heap
# Possible solutions:
#   Reduce memory load on the system
#   Increase physical memory or swap space
#   Check if swap backing store is full
#   Decrease Java heap size (-Xmx/-Xms)
#   Decrease number of Java threads
#   Decrease Java thread stack sizes (-Xss)
#   Set larger code cache with -XX:ReservedCodeCacheSize=
#   JVM is running with Zero Based Compressed Oops mode in which the Java heap is
#     placed in the first 32GB address space. The Java Heap base address is the
#     maximum limit for the native heap growth. Please use -XX:HeapBaseMinAddress
#     to set the Java Heap base and to place the Java Heap above 32GB virtual address.
# This output file may be truncated or incomplete.
#
#  Out of Memory Error (arena.cpp:168), pid=14836, tid=11980
#
# JRE version: OpenJDK Runtime Environment Temurin-21.0.12.1+1 (21.0.12.1+1) (build 21.0.12.1+1-LTS)
# Java VM: OpenJDK 64-Bit Server VM Temurin-21.0.12.1+1 (21.0.12.1+1-LTS, mixed mode, sharing, tiered, compressed oops, compressed class ptrs, g1 gc, windows-amd64)
# No core dump will be written. Minidumps are not enabled by default on client versions of Windows
#

---------------  S U M M A R Y ------------

Command Line: --add-opens=java.base/java.lang=ALL-UNNAMED --add-opens=java.base/java.lang.invoke=ALL-UNNAMED --add-opens=java.base/java.util=ALL-UNNAMED --add-opens=java.prefs/java.util.prefs=ALL-UNNAMED --add-exports=jdk.compiler/com.sun.tools.javac.api=ALL-UNNAMED --add-exports=jdk.compiler/com.sun.tools.javac.util=ALL-UNNAMED --add-opens=java.base/java.util=ALL-UNNAMED --add-opens=java.prefs/java.util.prefs=ALL-UNNAMED --add-opens=java.base/java.nio.charset=ALL-UNNAMED --add-opens=java.base/java.net=ALL-UNNAMED --add-opens=java.base/java.util.concurrent=ALL-UNNAMED --add-opens=java.base/java.util.concurrent.atomic=ALL-UNNAMED --add-opens=java.xml/javax.xml.namespace=ALL-UNNAMED --add-opens=java.base/java.time=ALL-UNNAMED -XX:MaxMetaspaceSize=4G -XX:ReservedCodeCacheSize=512m -XX:+HeapDumpOnOutOfMemoryError -Xmx8G -Dfile.encoding=UTF-8 -Duser.country=FR -Duser.language=fr -Duser.variant -javaagent:C:\Users\admin\.gradle\wrapper\dists\gradle-9.1.0-all\7wzd0jkjit61aq2p43wpjgij9\gradle-9.1.0\lib\agents\gradle-instrumentation-agent-9.1.0.jar org.gradle.launcher.daemon.bootstrap.GradleDaemon 9.1.0

Host: Intel(R) Core(TM) i5-8350U CPU @ 1.70GHz, 8 cores, 7G,  Windows 11 , 64 bit Build 22621 (10.0.22621.5415)
Time: Sun Sep 20 14:19:50 2026 elapsed time: 36.841317 seconds (0d 0h 0m 36s)

---------------  T H R E A D  ---------------

Current thread (0x000002278b1b2d60):  JavaThread "C2 CompilerThread0" daemon [_thread_in_native, id=11980, stack(0x000000cd16a00000,0x000000cd16b00000) (1024K)]


Current CompileTask:
C2:36841 7129 %     4       java.util.zip.ZipFile$Source::initCEN @ 261 (612 bytes)

Stack: [0x000000cd16a00000,0x000000cd16b00000]
Native frames: (J=compiled Java code, j=interpreted, Vv=VM code, C=native code)
V  [jvm.dll+0x6d83e9]
V  [jvm.dll+0x8b5736]
V  [jvm.dll+0x8b7cee]
V  [jvm.dll+0x8b83d3]
V  [jvm.dll+0x284596]
V  [jvm.dll+0xc685d]
V  [jvm.dll+0xc6da1]
V  [jvm.dll+0x3bf151]
V  [jvm.dll+0x1e4149]
V  [jvm.dll+0x24c853]
V  [jvm.dll+0x24bce0]
V  [jvm.dll+0x1cb4ae]
V  [jvm.dll+0x25baad]
V  [jvm.dll+0x25a03a]
V  [jvm.dll+0x3f8aae]
V  [jvm.dll+0x8600cd]
V  [jvm.dll+0x6d6c1d]
C  [ucrtbase.dll+0x29333]
C  [KERNEL32.DLL+0x1259d]
C  [ntdll.dll+0x5af78]


---------------  P R O C E S S  ---------------

Threads class SMR info:
_java_thread_list=0x00000227d4347480, length=58, elements={
0x00000227db6920d0, 0x000002278b1a91a0, 0x000002278b1aa010, 0x000002278b1abf90,
0x000002278b1aeb00, 0x000002278b1b1570, 0x000002278b1b1fd0, 0x000002278b1b2d60,
0x000002278b1b7960, 0x000002278ba2b270, 0x000002278baadbc0, 0x00000227d1c5b400,
0x00000227d19e51d0, 0x00000227d18969a0, 0x00000227d2638300, 0x000002278bb60100,
0x000002278bb47570, 0x00000227d2636410, 0x00000227d2637130, 0x00000227d26349d0,
0x00000227d2635060, 0x00000227d26377c0, 0x00000227d2634340, 0x00000227d2635d80,
0x00000227d46b2350, 0x00000227d46b29e0, 0x00000227d46b0280, 0x00000227d46b3d90,
0x00000227d46b0910, 0x00000227d46b3070, 0x00000227d46b57d0, 0x00000227d46b0fa0,
0x00000227d46b5e60, 0x00000227d46b3700, 0x00000227d46b4420, 0x00000227d46b6b80,
0x00000227d420e740, 0x00000227d42091f0, 0x00000227d420cd00, 0x00000227d420d390,
0x00000227d4208b60, 0x00000227d420b2c0, 0x00000227d42084d0, 0x00000227d420e0b0,
0x00000227d42077b0, 0x00000227d420b950, 0x00000227d4209f10, 0x00000227d420a5a0,
0x00000227d420ac30, 0x00000227d420bfe0, 0x00000227d420da20, 0x00000227d4207e40,
0x00000227d3648520, 0x00000227d36498d0, 0x00000227d3647800, 0x00000227d3647e90,
0x00000227d3647170, 0x00000227d364b310
}

Java Threads: ( => current thread )
  0x00000227db6920d0 JavaThread "main"                              [_thread_blocked, id=4696, stack(0x000000cd15b00000,0x000000cd15c00000) (1024K)]
  0x000002278b1a91a0 JavaThread "Reference Handler"          daemon [_thread_blocked, id=5780, stack(0x000000cd16400000,0x000000cd16500000) (1024K)]
  0x000002278b1aa010 JavaThread "Finalizer"                  daemon [_thread_blocked, id=5784, stack(0x000000cd16500000,0x000000cd16600000) (1024K)]
  0x000002278b1abf90 JavaThread "Signal Dispatcher"          daemon [_thread_blocked, id=6704, stack(0x000000cd16600000,0x000000cd16700000) (1024K)]
  0x000002278b1aeb00 JavaThread "Attach Listener"            daemon [_thread_blocked, id=9340, stack(0x000000cd16700000,0x000000cd16800000) (1024K)]
  0x000002278b1b1570 JavaThread "Service Thread"             daemon [_thread_blocked, id=10676, stack(0x000000cd16800000,0x000000cd16900000) (1024K)]
  0x000002278b1b1fd0 JavaThread "Monitor Deflation Thread"   daemon [_thread_blocked, id=11248, stack(0x000000cd16900000,0x000000cd16a00000) (1024K)]
=>0x000002278b1b2d60 JavaThread "C2 CompilerThread0"         daemon [_thread_in_native, id=11980, stack(0x000000cd16a00000,0x000000cd16b00000) (1024K)]
  0x000002278b1b7960 JavaThread "C1 CompilerThread0"         daemon [_thread_blocked, id=12748, stack(0x000000cd16b00000,0x000000cd16c00000) (1024K)]
  0x000002278ba2b270 JavaThread "Common-Cleaner"             daemon [_thread_blocked, id=5236, stack(0x000000cd16c00000,0x000000cd16d00000) (1024K)]
  0x000002278baadbc0 JavaThread "Notification Thread"        daemon [_thread_blocked, id=10040, stack(0x000000cd16d00000,0x000000cd16e00000) (1024K)]
  0x00000227d1c5b400 JavaThread "Daemon health stats"               [_thread_blocked, id=2060, stack(0x000000cd17200000,0x000000cd17300000) (1024K)]
  0x00000227d19e51d0 JavaThread "Incoming local TCP Connector on port 53154"        [_thread_in_native, id=18080, stack(0x000000cd17300000,0x000000cd17400000) (1024K)]
  0x00000227d18969a0 JavaThread "Daemon periodic checks"            [_thread_blocked, id=6856, stack(0x000000cd17800000,0x000000cd17900000) (1024K)]
  0x00000227d2638300 JavaThread "Daemon"                            [_thread_blocked, id=5532, stack(0x000000cd17400000,0x000000cd17500000) (1024K)]
  0x000002278bb60100 JavaThread "Handler for socket connection from /127.0.0.1:53154 to /127.0.0.1:53155"        [_thread_in_native, id=5808, stack(0x000000cd17900000,0x000000cd17a00000) (1024K)]
  0x000002278bb47570 JavaThread "Cancel handler"                    [_thread_blocked, id=15700, stack(0x000000cd17a00000,0x000000cd17b00000) (1024K)]
  0x00000227d2636410 JavaThread "Daemon worker"                     [_thread_in_vm, id=18960, stack(0x000000cd17b00000,0x000000cd17c00000) (1024K)]
  0x00000227d2637130 JavaThread "Asynchronous log dispatcher for DefaultDaemonConnection: socket connection from /127.0.0.1:53154 to /127.0.0.1:53155"        [_thread_blocked, id=7956, stack(0x000000cd17c00000,0x000000cd17d00000) (1024K)]
  0x00000227d26349d0 JavaThread "Stdin handler"                     [_thread_blocked, id=11324, stack(0x000000cd17d00000,0x000000cd17e00000) (1024K)]
  0x00000227d2635060 JavaThread "Daemon client event forwarder"        [_thread_blocked, id=18304, stack(0x000000cd17e00000,0x000000cd17f00000) (1024K)]
  0x00000227d26377c0 JavaThread "Cache worker for journal cache (C:\Users\admin\.gradle\caches\journal-1)"        [_thread_blocked, id=9960, stack(0x000000cd17f00000,0x000000cd18000000) (1024K)]
  0x00000227d2634340 JavaThread "File lock request listener"        [_thread_in_native, id=10116, stack(0x000000cd18000000,0x000000cd18100000) (1024K)]
  0x00000227d2635d80 JavaThread "Cache worker for file hash cache (C:\Users\admin\.gradle\caches\9.1.0\fileHashes)"        [_thread_blocked, id=15036, stack(0x000000cd18100000,0x000000cd18200000) (1024K)]
  0x00000227d46b2350 JavaThread "File lock release action executor"        [_thread_blocked, id=17280, stack(0x000000cd18300000,0x000000cd18400000) (1024K)]
  0x00000227d46b29e0 JavaThread "Cache worker for file hash cache (C:\Users\admin\Downloads\livreurs-pro\flutter\foodmood_app\android\.gradle\9.1.0\fileHashes)"        [_thread_blocked, id=10208, stack(0x000000cd18500000,0x000000cd18600000) (1024K)]
  0x00000227d46b0280 JavaThread "Cache worker for Build Output Cleanup Cache (C:\Users\admin\Downloads\livreurs-pro\flutter\foodmood_app\android\.gradle\buildOutputCleanup)"        [_thread_blocked, id=19436, stack(0x000000cd18600000,0x000000cd18700000) (1024K)]
  0x00000227d46b3d90 JavaThread "File watcher server"        daemon [_thread_in_native, id=18476, stack(0x000000cd18200000,0x000000cd18300000) (1024K)]
  0x00000227d46b0910 JavaThread "File watcher consumer"      daemon [_thread_blocked, id=7840, stack(0x000000cd18700000,0x000000cd18800000) (1024K)]
  0x00000227d46b3070 JavaThread "Cache worker for checksums cache (C:\Users\admin\Downloads\livreurs-pro\flutter\foodmood_app\android\.gradle\9.1.0\checksums)"        [_thread_blocked, id=10888, stack(0x000000cd18900000,0x000000cd18a00000) (1024K)]
  0x00000227d46b57d0 JavaThread "Cache worker for file content cache (C:\Users\admin\.gradle\caches\9.1.0\fileContent)"        [_thread_blocked, id=11096, stack(0x000000cd18800000,0x000000cd18900000) (1024K)]
  0x00000227d46b0fa0 JavaThread "Cache worker for cache directory md-supplier (C:\Users\admin\.gradle\caches\9.1.0\md-supplier)"        [_thread_blocked, id=4352, stack(0x000000cd18a00000,0x000000cd18b00000) (1024K)]
  0x00000227d46b5e60 JavaThread "Cache worker for cache directory md-rule (C:\Users\admin\.gradle\caches\9.1.0\md-rule)"        [_thread_blocked, id=19396, stack(0x000000cd18b00000,0x000000cd18c00000) (1024K)]
  0x00000227d46b3700 JavaThread "jar transforms"                    [_thread_blocked, id=6192, stack(0x000000cd18d00000,0x000000cd18e00000) (1024K)]
  0x00000227d46b4420 JavaThread "jar transforms Thread 2"           [_thread_blocked, id=5540, stack(0x000000cd18c00000,0x000000cd18d00000) (1024K)]
  0x00000227d46b6b80 JavaThread "Cache worker for Build Output Cleanup Cache (C:\flutter\packages\flutter_tools\gradle\.gradle\buildOutputCleanup)"        [_thread_blocked, id=2804, stack(0x000000cd18f00000,0x000000cd19000000) (1024K)]
  0x00000227d420e740 JavaThread "Unconstrained build operations"        [_thread_blocked, id=18852, stack(0x000000cd19000000,0x000000cd19100000) (1024K)]
  0x00000227d42091f0 JavaThread "Unconstrained build operations Thread 2"        [_thread_blocked, id=17708, stack(0x000000cd19100000,0x000000cd19200000) (1024K)]
  0x00000227d420cd00 JavaThread "Unconstrained build operations Thread 3"        [_thread_blocked, id=19332, stack(0x000000cd19200000,0x000000cd19300000) (1024K)]
  0x00000227d420d390 JavaThread "Unconstrained build operations Thread 4"        [_thread_blocked, id=8380, stack(0x000000cd19300000,0x000000cd19400000) (1024K)]
  0x00000227d4208b60 JavaThread "Unconstrained build operations Thread 5"        [_thread_blocked, id=19080, stack(0x000000cd19400000,0x000000cd19500000) (1024K)]
  0x00000227d420b2c0 JavaThread "Unconstrained build operations Thread 6"        [_thread_blocked, id=14020, stack(0x000000cd19500000,0x000000cd19600000) (1024K)]
  0x00000227d42084d0 JavaThread "Unconstrained build operations Thread 7"        [_thread_blocked, id=17392, stack(0x000000cd19600000,0x000000cd19700000) (1024K)]
  0x00000227d420e0b0 JavaThread "Unconstrained build operations Thread 8"        [_thread_blocked, id=15020, stack(0x000000cd19700000,0x000000cd19800000) (1024K)]
  0x00000227d42077b0 JavaThread "Unconstrained build operations Thread 9"        [_thread_blocked, id=12528, stack(0x000000cd19800000,0x000000cd19900000) (1024K)]
  0x00000227d420b950 JavaThread "Unconstrained build operations Thread 10"        [_thread_blocked, id=1460, stack(0x000000cd19900000,0x000000cd19a00000) (1024K)]
  0x00000227d4209f10 JavaThread "Unconstrained build operations Thread 11"        [_thread_blocked, id=1120, stack(0x000000cd19a00000,0x000000cd19b00000) (1024K)]
  0x00000227d420a5a0 JavaThread "Unconstrained build operations Thread 12"        [_thread_blocked, id=16464, stack(0x000000cd19b00000,0x000000cd19c00000) (1024K)]
  0x00000227d420ac30 JavaThread "Unconstrained build operations Thread 13"        [_thread_blocked, id=10292, stack(0x000000cd19c00000,0x000000cd19d00000) (1024K)]
  0x00000227d420bfe0 JavaThread "Unconstrained build operations Thread 14"        [_thread_blocked, id=9200, stack(0x000000cd19d00000,0x000000cd19e00000) (1024K)]
  0x00000227d420da20 JavaThread "Unconstrained build operations Thread 15"        [_thread_blocked, id=18488, stack(0x000000cd18e00000,0x000000cd18f00000) (1024K)]
  0x00000227d4207e40 JavaThread "Unconstrained build operations Thread 16"        [_thread_blocked, id=15840, stack(0x000000cd19e00000,0x000000cd19f00000) (1024K)]
  0x00000227d3648520 JavaThread "Unconstrained build operations Thread 17"        [_thread_blocked, id=11348, stack(0x000000cd19f00000,0x000000cd1a000000) (1024K)]
  0x00000227d36498d0 JavaThread "Unconstrained build operations Thread 18"        [_thread_blocked, id=18708, stack(0x000000cd1a000000,0x000000cd1a100000) (1024K)]
  0x00000227d3647800 JavaThread "Unconstrained build operations Thread 19"        [_thread_blocked, id=11804, stack(0x000000cd1a100000,0x000000cd1a200000) (1024K)]
  0x00000227d3647e90 JavaThread "Unconstrained build operations Thread 20"        [_thread_blocked, id=6308, stack(0x000000cd1a200000,0x000000cd1a300000) (1024K)]
  0x00000227d3647170 JavaThread "Unconstrained build operations Thread 21"        [_thread_blocked, id=17704, stack(0x000000cd1a300000,0x000000cd1a400000) (1024K)]
  0x00000227d364b310 JavaThread "Memory manager"                    [_thread_blocked, id=6048, stack(0x000000cd1a400000,0x000000cd1a500000) (1024K)]
Total: 58

Other Threads:
  0x000002278b18c610 VMThread "VM Thread"                           [id=5980, stack(0x000000cd16300000,0x000000cd16400000) (1024K)]
  0x000002278b17d0c0 WatcherThread "VM Periodic Task Thread"        [id=10104, stack(0x000000cd16200000,0x000000cd16300000) (1024K)]
  0x00000227db73a320 WorkerThread "GC Thread#0"                     [id=2000, stack(0x000000cd15d00000,0x000000cd15e00000) (1024K)]
  0x000002278bb8edd0 WorkerThread "GC Thread#1"                     [id=12304, stack(0x000000cd16e00000,0x000000cd16f00000) (1024K)]
  0x000002278bb0f150 WorkerThread "GC Thread#2"                     [id=5464, stack(0x000000cd16f00000,0x000000cd17000000) (1024K)]
  0x00000227d18985d0 WorkerThread "GC Thread#3"                     [id=6620, stack(0x000000cd17000000,0x000000cd17100000) (1024K)]
  0x00000227d1119810 WorkerThread "GC Thread#4"                     [id=18900, stack(0x000000cd17100000,0x000000cd17200000) (1024K)]
  0x000002278b928360 WorkerThread "GC Thread#5"                     [id=5160, stack(0x000000cd17500000,0x000000cd17600000) (1024K)]
  0x00000227d1c21800 WorkerThread "GC Thread#6"                     [id=1736, stack(0x000000cd17600000,0x000000cd17700000) (1024K)]
  0x00000227d1c21bb0 WorkerThread "GC Thread#7"                     [id=10160, stack(0x000000cd17700000,0x000000cd17800000) (1024K)]
  0x00000227db74b310 ConcurrentGCThread "G1 Main Marker"            [id=16540, stack(0x000000cd15e00000,0x000000cd15f00000) (1024K)]
  0x00000227db74be20 WorkerThread "G1 Conc#0"                       [id=5304, stack(0x000000cd15f00000,0x000000cd16000000) (1024K)]
  0x00000227d2817010 WorkerThread "G1 Conc#1"                       [id=9228, stack(0x000000cd18400000,0x000000cd18500000) (1024K)]
  0x000002278b04df10 ConcurrentGCThread "G1 Refine#0"               [id=10416, stack(0x000000cd16000000,0x000000cd16100000) (1024K)]
  0x000002278b04ea90 ConcurrentGCThread "G1 Service"                [id=5840, stack(0x000000cd16100000,0x000000cd16200000) (1024K)]
Total: 15

Threads with active compile tasks:
C2 CompilerThread0  36970 7129 %     4       java.util.zip.ZipFile$Source::initCEN @ 261 (612 bytes)
Total: 1

VM state: not at safepoint (normal execution)

VM Mutex/Monitor currently owned by a thread:  ([mutex/lock_event])
[0x00007ffb74d3f4b0] CodeCache_lock - owner thread: 0x0000000000000000

Heap address: 0x0000000600000000, size: 8192 MB, Compressed Oops mode: Zero based, Oop shift amount: 3

CDS archive(s) mapped at: [0x000002278c000000-0x000002278cba0000-0x000002278cba0000), size 12189696, SharedBaseAddress: 0x000002278c000000, ArchiveRelocationMode: 1.
Compressed class space mapped at: 0x000002278d000000-0x00000227cd000000, reserved size: 1073741824
Narrow klass base: 0x000002278c000000, Narrow klass shift: 0, Narrow klass range: 0x100000000

GC Precious Log:
 CardTable entry size: 512
 Card Set container configuration: InlinePtr #cards 4 size 8 Array Of Cards #cards 32 size 80 Howl #buckets 8 coarsen threshold 7372 Howl Bitmap #cards 1024 size 144 coarsen threshold 921 Card regions per heap region 1 cards per card region 8192
 CPUs: 8 total, 8 available
 Memory: 8070M
 Large Page Support: Disabled
 NUMA Support: Disabled
 Compressed Oops: Enabled (Zero based)
 Heap Region Size: 4M
 Heap Min Capacity: 8M
 Heap Initial Capacity: 128M
 Heap Max Capacity: 8G
 Pre-touch: Disabled
 Parallel Workers: 8
 Concurrent Workers: 2
 Concurrent Refinement Workers: 8
 Periodic GC: Disabled

Heap:
 garbage-first heap   total 110592K, used 86942K [0x0000000600000000, 0x0000000800000000)
  region size 4096K, 15 young (61440K), 2 survivors (8192K)
 Metaspace       used 52775K, committed 54784K, reserved 1114112K
  class space    used 7922K, committed 8896K, reserved 1048576K

Heap Regions: E=young(eden), S=young(survivor), O=old, HS=humongous(starts), HC=humongous(continues), CS=collection set, F=free, TAMS=top-at-mark-start, PB=parsable bottom
|   0|0x0000000600000000, 0x0000000600400000, 0x0000000600400000|100%|HS|  |TAMS 0x0000000600000000| PB 0x0000000600000000| Complete 
|   1|0x0000000600400000, 0x0000000600800000, 0x0000000600800000|100%| O|  |TAMS 0x0000000600400000| PB 0x0000000600400000| Untracked 
|   2|0x0000000600800000, 0x0000000600c00000, 0x0000000600c00000|100%| O|  |TAMS 0x0000000600800000| PB 0x0000000600800000| Untracked 
|   3|0x0000000600c00000, 0x0000000601000000, 0x0000000601000000|100%| O|  |TAMS 0x0000000600c00000| PB 0x0000000600c00000| Untracked 
|   4|0x0000000601000000, 0x0000000601400000, 0x0000000601400000|100%| O|  |TAMS 0x0000000601000000| PB 0x0000000601000000| Untracked 
|   5|0x0000000601400000, 0x0000000601800000, 0x0000000601800000|100%| O|  |TAMS 0x0000000601400000| PB 0x0000000601400000| Untracked 
|   6|0x0000000601800000, 0x0000000601c00000, 0x0000000601c00000|100%| O|  |TAMS 0x0000000601800000| PB 0x0000000601800000| Untracked 
|   7|0x0000000601c00000, 0x0000000602000000, 0x0000000602000000|100%| O|  |TAMS 0x0000000601c00000| PB 0x0000000601c00000| Untracked 
|   8|0x0000000602000000, 0x00000006021dfe70, 0x0000000602400000| 46%| O|  |TAMS 0x0000000602000000| PB 0x0000000602000000| Untracked 
|   9|0x0000000602400000, 0x0000000602707a20, 0x0000000602800000| 75%| S|CS|TAMS 0x0000000602400000| PB 0x0000000602400000| Complete 
|  10|0x0000000602800000, 0x0000000602800000, 0x0000000602c00000|  0%| F|  |TAMS 0x0000000602800000| PB 0x0000000602800000| Untracked 
|  11|0x0000000602c00000, 0x0000000603000000, 0x0000000603000000|100%| S|CS|TAMS 0x0000000602c00000| PB 0x0000000602c00000| Complete 
|  12|0x0000000603000000, 0x0000000603000000, 0x0000000603400000|  0%| F|  |TAMS 0x0000000603000000| PB 0x0000000603000000| Untracked 
|  13|0x0000000603400000, 0x0000000603400000, 0x0000000603800000|  0%| F|  |TAMS 0x0000000603400000| PB 0x0000000603400000| Untracked 
|  14|0x0000000603800000, 0x00000006039dbe08, 0x0000000603c00000| 46%| E|  |TAMS 0x0000000603800000| PB 0x0000000603800000| Complete 
|  15|0x0000000603c00000, 0x0000000604000000, 0x0000000604000000|100%| E|CS|TAMS 0x0000000603c00000| PB 0x0000000603c00000| Complete 
|  16|0x0000000604000000, 0x0000000604400000, 0x0000000604400000|100%| E|  |TAMS 0x0000000604000000| PB 0x0000000604000000| Complete 
|  17|0x0000000604400000, 0x0000000604800000, 0x0000000604800000|100%| E|CS|TAMS 0x0000000604400000| PB 0x0000000604400000| Complete 
|  18|0x0000000604800000, 0x0000000604c00000, 0x0000000604c00000|100%| E|CS|TAMS 0x0000000604800000| PB 0x0000000604800000| Complete 
|  19|0x0000000604c00000, 0x0000000605000000, 0x0000000605000000|100%| E|CS|TAMS 0x0000000604c00000| PB 0x0000000604c00000| Complete 
|  25|0x0000000606400000, 0x0000000606800000, 0x0000000606800000|100%| E|CS|TAMS 0x0000000606400000| PB 0x0000000606400000| Complete 
|  26|0x0000000606800000, 0x0000000606c00000, 0x0000000606c00000|100%| E|CS|TAMS 0x0000000606800000| PB 0x0000000606800000| Complete 
|  27|0x0000000606c00000, 0x0000000607000000, 0x0000000607000000|100%| E|CS|TAMS 0x0000000606c00000| PB 0x0000000606c00000| Complete 
|  28|0x0000000607000000, 0x0000000607400000, 0x0000000607400000|100%| E|CS|TAMS 0x0000000607000000| PB 0x0000000607000000| Complete 
|  29|0x0000000607400000, 0x0000000607800000, 0x0000000607800000|100%| E|CS|TAMS 0x0000000607400000| PB 0x0000000607400000| Complete 
|  30|0x0000000607800000, 0x0000000607c00000, 0x0000000607c00000|100%| E|CS|TAMS 0x0000000607800000| PB 0x0000000607800000| Complete 
|  31|0x0000000607c00000, 0x0000000608000000, 0x0000000608000000|100%| E|CS|TAMS 0x0000000607c00000| PB 0x0000000607c00000| Complete 

Card table byte_map: [0x0000022780000000,0x0000022781000000] _byte_map_base: 0x000002277d000000

Marking Bits: (CMBitMap*) 0x00000227db73aa30
 Bits: [0x0000022781000000, 0x0000022789000000)

Polling page: 0x00000227d9520000

Metaspace:

Usage:
  Non-class:     43.80 MB used.
      Class:      7.74 MB used.
       Both:     51.54 MB used.

Virtual space:
  Non-class space:       64.00 MB reserved,      44.81 MB ( 70%) committed,  1 nodes.
      Class space:        1.00 GB reserved,       8.69 MB ( <1%) committed,  1 nodes.
             Both:        1.06 GB reserved,      53.50 MB (  5%) committed. 

Chunk freelists:
   Non-Class:  2.38 MB
       Class:  7.31 MB
        Both:  9.69 MB

MaxMetaspaceSize: 4.00 GB
CompressedClassSpaceSize: 1.00 GB
Initial GC threshold: 21.00 MB
Current GC threshold: 64.81 MB
CDS: on
 - commit_granule_bytes: 65536.
 - commit_granule_words: 8192.
 - virtual_space_node_default_size: 8388608.
 - enlarge_chunks_in_place: 1.
 - use_allocation_guard: 0.


Internal statistics:

num_allocs_failed_limit: 24.
num_arena_births: 3648.
num_arena_deaths: 0.
num_vsnodes_births: 2.
num_vsnodes_deaths: 0.
num_space_committed: 856.
num_space_uncommitted: 0.
num_chunks_returned_to_freelist: 24.
num_chunks_taken_from_freelist: 6356.
num_chunk_merges: 24.
num_chunk_splits: 4097.
num_chunks_enlarged: 2455.
num_inconsistent_stats: 0.

CodeHeap 'non-profiled nmethods': size=259264Kb used=3759Kb max_used=3759Kb free=255504Kb
 bounds [0x00000227eeb60000, 0x00000227eef10000, 0x00000227fe890000]
CodeHeap 'profiled nmethods': size=259264Kb used=12625Kb max_used=12625Kb free=246638Kb
 bounds [0x00000227de890000, 0x00000227df4f0000, 0x00000227ee5c0000]
CodeHeap 'non-nmethods': size=5760Kb used=1894Kb max_used=1958Kb free=3866Kb
 bounds [0x00000227ee5c0000, 0x00000227ee830000, 0x00000227eeb60000]
CodeCache: size=524288Kb, used=18278Kb, max_used=18342Kb, free=506008Kb
 total_blobs=7419, nmethods=6658, adapters=665, full_count=0
Compilation: enabled, stopped_count=0, restarted_count=0

Compilation events (20 events):
Event: 36.670 Thread 0x000002278b1b7960 nmethod 7119 0x00000227eef09390 code [0x00000227eef09520, 0x00000227eef095d0]
Event: 36.674 Thread 0x000002278b1b7960 7120       3       org.gradle.internal.classloader.FilteringClassLoader$Trie::find (135 bytes)
Event: 36.675 Thread 0x000002278b1b7960 nmethod 7120 0x00000227df4d7d10 code [0x00000227df4d7f40, 0x00000227df4d86e0]
Event: 36.680 Thread 0x000002278b1b7960 7121       3       org.gradle.internal.instantiation.generator.Jsr330ConstructorSelector::forParams (6 bytes)
Event: 36.680 Thread 0x000002278b1b7960 nmethod 7121 0x00000227df4d8990 code [0x00000227df4d8b40, 0x00000227df4d8c98]
Event: 36.680 Thread 0x000002278b1b7960 7122       3       com.google.common.collect.MapMakerInternalMap$StrongKeyWeakValueSegment::self (5 bytes)
Event: 36.680 Thread 0x000002278b1b7960 nmethod 7122 0x00000227df4d8d90 code [0x00000227df4d8f40, 0x00000227df4d90a8]
Event: 36.680 Thread 0x000002278b1b7960 7123       3       com.google.common.collect.MapMakerInternalMap$StrongKeyWeakValueSegment::self (2 bytes)
Event: 36.680 Thread 0x000002278b1b7960 nmethod 7123 0x00000227df4d9190 code [0x00000227df4d9320, 0x00000227df4d9430]
Event: 36.683 Thread 0x000002278b1b7960 7124       3       org.gradle.internal.instantiation.generator.Jsr330ConstructorSelector::vetoParameters (71 bytes)
Event: 36.683 Thread 0x000002278b1b7960 nmethod 7124 0x00000227df4d9510 code [0x00000227df4d9720, 0x00000227df4d9d10]
Event: 36.685 Thread 0x000002278b1b2d60 7125   !   4       java.util.concurrent.ConcurrentHashMap::putVal (432 bytes)
Event: 36.688 Thread 0x000002278b1b7960 7126       3       org.gradle.api.internal.collections.AbstractIterationOrderRetainingElementSource$RealizedElementCollectionIterator::updateNext (157 bytes)
Event: 36.689 Thread 0x000002278b1b7960 nmethod 7126 0x00000227df4d9f10 code [0x00000227df4da1c0, 0x00000227df4db0d0]
Event: 36.689 Thread 0x000002278b1b7960 7127       3       org.gradle.api.internal.collections.AbstractIterationOrderRetainingElementSource$RealizedElementCollectionIterator::hasNext (13 bytes)
Event: 36.690 Thread 0x000002278b1b7960 nmethod 7127 0x00000227df4db590 code [0x00000227df4db720, 0x00000227df4db888]
Event: 36.690 Thread 0x000002278b1b7960 7128       3       org.gradle.api.internal.DefaultDomainObjectCollection$IteratorImpl::hasNext (10 bytes)
Event: 36.690 Thread 0x000002278b1b7960 nmethod 7128 0x00000227df4db910 code [0x00000227df4dbac0, 0x00000227df4dbca0]
Event: 36.733 Thread 0x000002278b1b2d60 nmethod 7125 0x00000227eef09690 code [0x00000227eef09940, 0x00000227eef0ae38]
Event: 36.734 Thread 0x000002278b1b2d60 7129 %     4       java.util.zip.ZipFile$Source::initCEN @ 261 (612 bytes)

GC Heap History (20 events):
Event: 7.597 GC heap before
{Heap before GC invocations=1 (full 0):
 garbage-first heap   total 131072K, used 42495K [0x0000000600000000, 0x0000000800000000)
  region size 4096K, 11 young (45056K), 1 survivors (4096K)
 Metaspace       used 4558K, committed 4736K, reserved 1114112K
  class space    used 584K, committed 704K, reserved 1048576K
}
Event: 7.607 GC heap after
{Heap after GC invocations=2 (full 0):
 garbage-first heap   total 131072K, used 12018K [0x0000000600000000, 0x0000000800000000)
  region size 4096K, 2 young (8192K), 2 survivors (8192K)
 Metaspace       used 4558K, committed 4736K, reserved 1114112K
  class space    used 584K, committed 704K, reserved 1048576K
}
Event: 13.167 GC heap before
{Heap before GC invocations=2 (full 0):
 garbage-first heap   total 131072K, used 73458K [0x0000000600000000, 0x0000000800000000)
  region size 4096K, 18 young (73728K), 2 survivors (8192K)
 Metaspace       used 9580K, committed 9920K, reserved 1114112K
  class space    used 1300K, committed 1472K, reserved 1048576K
}
Event: 13.182 GC heap after
{Heap after GC invocations=3 (full 0):
 garbage-first heap   total 131072K, used 19759K [0x0000000600000000, 0x0000000800000000)
  region size 4096K, 3 young (12288K), 3 survivors (12288K)
 Metaspace       used 9580K, committed 9920K, reserved 1114112K
  class space    used 1300K, committed 1472K, reserved 1048576K
}
Event: 17.295 GC heap before
{Heap before GC invocations=3 (full 0):
 garbage-first heap   total 131072K, used 85295K [0x0000000600000000, 0x0000000800000000)
  region size 4096K, 19 young (77824K), 3 survivors (12288K)
 Metaspace       used 19928K, committed 20544K, reserved 1114112K
  class space    used 2760K, committed 3072K, reserved 1048576K
}
Event: 17.303 GC heap after
{Heap after GC invocations=4 (full 0):
 garbage-first heap   total 131072K, used 23773K [0x0000000600000000, 0x0000000800000000)
  region size 4096K, 2 young (8192K), 2 survivors (8192K)
 Metaspace       used 19928K, committed 20544K, reserved 1114112K
  class space    used 2760K, committed 3072K, reserved 1048576K
}
Event: 17.628 GC heap before
{Heap before GC invocations=4 (full 0):
 garbage-first heap   total 131072K, used 27869K [0x0000000600000000, 0x0000000800000000)
  region size 4096K, 4 young (16384K), 2 survivors (8192K)
 Metaspace       used 20883K, committed 21504K, reserved 1114112K
  class space    used 2920K, committed 3264K, reserved 1048576K
}
Event: 17.633 GC heap after
{Heap after GC invocations=5 (full 0):
 garbage-first heap   total 131072K, used 23919K [0x0000000600000000, 0x0000000800000000)
  region size 4096K, 2 young (8192K), 2 survivors (8192K)
 Metaspace       used 20883K, committed 21504K, reserved 1114112K
  class space    used 2920K, committed 3264K, reserved 1048576K
}
Event: 21.294 GC heap before
{Heap before GC invocations=6 (full 0):
 garbage-first heap   total 98304K, used 93551K [0x0000000600000000, 0x0000000800000000)
  region size 4096K, 19 young (77824K), 2 survivors (8192K)
 Metaspace       used 29557K, committed 30720K, reserved 1114112K
  class space    used 4355K, committed 4928K, reserved 1048576K
}
Event: 21.303 GC heap after
{Heap after GC invocations=7 (full 0):
 garbage-first heap   total 110592K, used 28013K [0x0000000600000000, 0x0000000800000000)
  region size 4096K, 3 young (12288K), 3 survivors (12288K)
 Metaspace       used 29557K, committed 30720K, reserved 1114112K
  class space    used 4355K, committed 4928K, reserved 1048576K
}
Event: 25.949 GC heap before
{Heap before GC invocations=7 (full 0):
 garbage-first heap   total 110592K, used 81261K [0x0000000600000000, 0x0000000800000000)
  region size 4096K, 16 young (65536K), 3 survivors (12288K)
 Metaspace       used 37037K, committed 38528K, reserved 1114112K
  class space    used 5394K, committed 6144K, reserved 1048576K
}
Event: 25.963 GC heap after
{Heap after GC invocations=8 (full 0):
 garbage-first heap   total 110592K, used 31091K [0x0000000600000000, 0x0000000800000000)
  region size 4096K, 2 young (8192K), 2 survivors (8192K)
 Metaspace       used 37037K, committed 38528K, reserved 1114112K
  class space    used 5394K, committed 6144K, reserved 1048576K
}
Event: 26.316 GC heap before
{Heap before GC invocations=8 (full 0):
 garbage-first heap   total 110592K, used 35187K [0x0000000600000000, 0x0000000800000000)
  region size 4096K, 4 young (16384K), 2 survivors (8192K)
 Metaspace       used 38138K, committed 39616K, reserved 1114112K
  class space    used 5565K, committed 6272K, reserved 1048576K
}
Event: 26.323 GC heap after
{Heap after GC invocations=9 (full 0):
 garbage-first heap   total 110592K, used 33430K [0x0000000600000000, 0x0000000800000000)
  region size 4096K, 1 young (4096K), 1 survivors (4096K)
 Metaspace       used 38138K, committed 39616K, reserved 1114112K
  class space    used 5565K, committed 6272K, reserved 1048576K
}
Event: 27.764 GC heap before
{Heap before GC invocations=10 (full 0):
 garbage-first heap   total 110592K, used 90774K [0x0000000600000000, 0x0000000800000000)
  region size 4096K, 15 young (61440K), 1 survivors (4096K)
 Metaspace       used 41568K, committed 43264K, reserved 1114112K
  class space    used 6141K, committed 6976K, reserved 1048576K
}
Event: 27.769 GC heap after
{Heap after GC invocations=11 (full 0):
 garbage-first heap   total 110592K, used 34829K [0x0000000600000000, 0x0000000800000000)
  region size 4096K, 1 young (4096K), 1 survivors (4096K)
 Metaspace       used 41568K, committed 43264K, reserved 1114112K
  class space    used 6141K, committed 6976K, reserved 1048576K
}
Event: 30.353 GC heap before
{Heap before GC invocations=11 (full 0):
 garbage-first heap   total 110592K, used 92173K [0x0000000600000000, 0x0000000800000000)
  region size 4096K, 15 young (61440K), 1 survivors (4096K)
 Metaspace       used 44824K, committed 46656K, reserved 1114112K
  class space    used 6674K, committed 7552K, reserved 1048576K
}
Event: 30.359 GC heap after
{Heap after GC invocations=12 (full 0):
 garbage-first heap   total 110592K, used 37414K [0x0000000600000000, 0x0000000800000000)
  region size 4096K, 2 young (8192K), 2 survivors (8192K)
 Metaspace       used 44824K, committed 46656K, reserved 1114112K
  class space    used 6674K, committed 7552K, reserved 1048576K
}
Event: 33.634 GC heap before
{Heap before GC invocations=12 (full 0):
 garbage-first heap   total 110592K, used 94758K [0x0000000600000000, 0x0000000800000000)
  region size 4096K, 16 young (65536K), 2 survivors (8192K)
 Metaspace       used 49222K, committed 51072K, reserved 1114112K
  class space    used 7321K, committed 8192K, reserved 1048576K
}
Event: 33.642 GC heap after
{Heap after GC invocations=13 (full 0):
 garbage-first heap   total 110592K, used 41886K [0x0000000600000000, 0x0000000800000000)
  region size 4096K, 2 young (8192K), 2 survivors (8192K)
 Metaspace       used 49222K, committed 51072K, reserved 1114112K
  class space    used 7321K, committed 8192K, reserved 1048576K
}

Dll operation events (20 events):
Event: 0.810 Attempting to load shared library C:\Users\admin\.vscode\extensions\redhat.java-1.56.0-win32-x64\jre\21.0.12.1-win32-x86_64\bin\nio.dll
Event: 0.844 Loaded shared library C:\Users\admin\.vscode\extensions\redhat.java-1.56.0-win32-x64\jre\21.0.12.1-win32-x86_64\bin\nio.dll
Event: 0.849 Attempting to load shared library C:\Users\admin\.vscode\extensions\redhat.java-1.56.0-win32-x64\jre\21.0.12.1-win32-x86_64\bin\zip.dll
Event: 0.849 Loaded shared library C:\Users\admin\.vscode\extensions\redhat.java-1.56.0-win32-x64\jre\21.0.12.1-win32-x86_64\bin\zip.dll
Event: 2.996 Attempting to load shared library C:\Users\admin\.vscode\extensions\redhat.java-1.56.0-win32-x64\jre\21.0.12.1-win32-x86_64\bin\jimage.dll
Event: 2.996 Loaded shared library C:\Users\admin\.vscode\extensions\redhat.java-1.56.0-win32-x64\jre\21.0.12.1-win32-x86_64\bin\jimage.dll
Event: 3.922 Attempting to load shared library C:\Users\admin\.vscode\extensions\redhat.java-1.56.0-win32-x64\jre\21.0.12.1-win32-x86_64\bin\verify.dll
Event: 3.943 Loaded shared library C:\Users\admin\.vscode\extensions\redhat.java-1.56.0-win32-x64\jre\21.0.12.1-win32-x86_64\bin\verify.dll
Event: 4.113 Attempting to load shared library C:\Users\admin\.gradle\native\1def1411415f61bf3af743bc5b6707747c0891f09f0c88961ee8f79bc544acac\windows-amd64\native-platform.dll
Event: 4.114 Loaded shared library C:\Users\admin\.gradle\native\1def1411415f61bf3af743bc5b6707747c0891f09f0c88961ee8f79bc544acac\windows-amd64\native-platform.dll
Event: 4.359 Attempting to load shared library C:\Users\admin\.gradle\native\0.2.8\x86_64-windows-gnu\gradle-fileevents.dll
Event: 4.361 Loaded shared library C:\Users\admin\.gradle\native\0.2.8\x86_64-windows-gnu\gradle-fileevents.dll
Event: 11.546 Attempting to load shared library C:\Users\admin\.vscode\extensions\redhat.java-1.56.0-win32-x64\jre\21.0.12.1-win32-x86_64\bin\management.dll
Event: 11.547 Loaded shared library C:\Users\admin\.vscode\extensions\redhat.java-1.56.0-win32-x64\jre\21.0.12.1-win32-x86_64\bin\management.dll
Event: 11.550 Attempting to load shared library C:\Users\admin\.vscode\extensions\redhat.java-1.56.0-win32-x64\jre\21.0.12.1-win32-x86_64\bin\management_ext.dll
Event: 11.552 Loaded shared library C:\Users\admin\.vscode\extensions\redhat.java-1.56.0-win32-x64\jre\21.0.12.1-win32-x86_64\bin\management_ext.dll
Event: 12.399 Attempting to load shared library C:\Users\admin\.vscode\extensions\redhat.java-1.56.0-win32-x64\jre\21.0.12.1-win32-x86_64\bin\extnet.dll
Event: 12.401 Loaded shared library C:\Users\admin\.vscode\extensions\redhat.java-1.56.0-win32-x64\jre\21.0.12.1-win32-x86_64\bin\extnet.dll
Event: 13.384 Attempting to load shared library C:\Users\admin\.vscode\extensions\redhat.java-1.56.0-win32-x64\jre\21.0.12.1-win32-x86_64\bin\sunmscapi.dll
Event: 13.391 Loaded shared library C:\Users\admin\.vscode\extensions\redhat.java-1.56.0-win32-x64\jre\21.0.12.1-win32-x86_64\bin\sunmscapi.dll

Deoptimization events (20 events):
Event: 34.813 Thread 0x00000227d2636410 DEOPT PACKING pc=0x00000227eed11bd8 sp=0x000000cd17bf0c30
Event: 34.813 Thread 0x00000227d2636410 DEOPT UNPACKING pc=0x00000227ee614422 sp=0x000000cd17bf0bc8 mode 2
Event: 34.838 Thread 0x00000227d2636410 Uncommon trap: trap_request=0xffffff45 fr.pc=0x00000227eeddd558 relative=0x00000000000002f8
Event: 34.838 Thread 0x00000227d2636410 Uncommon trap: reason=unstable_if action=reinterpret pc=0x00000227eeddd558 method=java.io.WinNTFileSystem.prefixLength(Ljava/lang/String;)I @ 42 c2
Event: 34.838 Thread 0x00000227d2636410 DEOPT PACKING pc=0x00000227eeddd558 sp=0x000000cd17bf2190
Event: 34.838 Thread 0x00000227d2636410 DEOPT UNPACKING pc=0x00000227ee614422 sp=0x000000cd17bf2118 mode 2
Event: 36.644 Thread 0x00000227d2636410 DEOPT PACKING pc=0x00000227de9663fb sp=0x000000cd17bf5870
Event: 36.644 Thread 0x00000227d2636410 DEOPT UNPACKING pc=0x00000227ee614bc2 sp=0x000000cd17bf4da8 mode 0
Event: 36.655 Thread 0x00000227d2636410 Uncommon trap: trap_request=0xffffff76 fr.pc=0x00000227eedb4360 relative=0x00000000000002a0
Event: 36.655 Thread 0x00000227d2636410 Uncommon trap: reason=predicate action=maybe_recompile pc=0x00000227eedb4360 method=sun.instrument.TransformerManager.transform(Ljava/lang/Module;Ljava/lang/ClassLoader;Ljava/lang/String;Ljava/lang/Class;Ljava/security/ProtectionDomain;[B)[B @ 21 c2
Event: 36.656 Thread 0x00000227d2636410 DEOPT PACKING pc=0x00000227eedb4360 sp=0x000000cd17bf45a0
Event: 36.656 Thread 0x00000227d2636410 DEOPT UNPACKING pc=0x00000227ee614422 sp=0x000000cd17bf4470 mode 2
Event: 36.658 Thread 0x00000227d2636410 DEOPT PACKING pc=0x00000227decee16a sp=0x000000cd17bf3bc0
Event: 36.658 Thread 0x00000227d2636410 DEOPT UNPACKING pc=0x00000227ee614bc2 sp=0x000000cd17bf3080 mode 0
Event: 36.663 Thread 0x00000227d2636410 Uncommon trap: trap_request=0xffffff76 fr.pc=0x00000227eedb3708 relative=0x0000000000000248
Event: 36.663 Thread 0x00000227d2636410 Uncommon trap: reason=predicate action=maybe_recompile pc=0x00000227eedb3708 method=sun.instrument.TransformerManager.transform(Ljava/lang/Module;Ljava/lang/ClassLoader;Ljava/lang/String;Ljava/lang/Class;Ljava/security/ProtectionDomain;[B)[B @ 21 c2
Event: 36.663 Thread 0x00000227d2636410 DEOPT PACKING pc=0x00000227eedb3708 sp=0x000000cd17bf3960
Event: 36.663 Thread 0x00000227d2636410 DEOPT UNPACKING pc=0x00000227ee614422 sp=0x000000cd17bf3908 mode 2
Event: 36.695 Thread 0x00000227d2636410 DEOPT PACKING pc=0x00000227decd74c9 sp=0x000000cd17bf30b0
Event: 36.695 Thread 0x00000227d2636410 DEOPT UNPACKING pc=0x00000227ee614bc2 sp=0x000000cd17bf25b0 mode 0

Classes loaded (20 events):
Event: 34.832 Loading class jdk/xml/internal/XMLSecurityManager$NameMap
Event: 34.832 Loading class jdk/xml/internal/XMLSecurityManager$NameMap done
Event: 34.832 Loading class com/sun/org/apache/xerces/internal/utils/XMLSecurityPropertyManager
Event: 34.833 Loading class com/sun/org/apache/xerces/internal/utils/XMLSecurityPropertyManager done
Event: 34.833 Loading class com/sun/org/apache/xerces/internal/utils/XMLSecurityPropertyManager$State
Event: 34.833 Loading class com/sun/org/apache/xerces/internal/utils/XMLSecurityPropertyManager$State done
Event: 34.833 Loading class com/sun/org/apache/xerces/internal/utils/XMLSecurityPropertyManager$Property
Event: 34.833 Loading class com/sun/org/apache/xerces/internal/utils/XMLSecurityPropertyManager$Property done
Event: 34.833 Loading class javax/xml/parsers/DocumentBuilderFactory
Event: 34.834 Loading class javax/xml/parsers/DocumentBuilderFactory done
Event: 34.834 Loading class javax/xml/parsers/FactoryFinder
Event: 34.834 Loading class javax/xml/parsers/FactoryFinder done
Event: 34.835 Loading class javax/xml/parsers/FactoryFinder$1
Event: 34.835 Loading class javax/xml/parsers/FactoryFinder$1 done
Event: 34.836 Loading class com/sun/org/apache/xerces/internal/jaxp/DocumentBuilderFactoryImpl
Event: 34.837 Loading class com/sun/org/apache/xerces/internal/jaxp/DocumentBuilderFactoryImpl done
Event: 34.966 Loading class java/util/regex/Pattern$SliceI
Event: 34.966 Loading class java/util/regex/Pattern$SliceI done
Event: 35.550 Loading class java/beans/PropertyChangeListener
Event: 35.550 Loading class java/beans/PropertyChangeListener done

Classes unloaded (0 events):
No events

Classes redefined (0 events):
No events

Internal exceptions (20 events):
Event: 31.226 Thread 0x00000227d2636410 Exception <a 'java/lang/NoSuchMethodError'{0x0000000607257360}: 'java.lang.Object java.lang.invoke.DirectMethodHandle$Holder.newInvokeSpecial(java.lang.Object, java.lang.Object, java.lang.Object, int)'> (0x0000000607257360) 
thrown [s\src\hotspot\share\interpreter\linkResolver.cpp, line 773]
Event: 31.227 Thread 0x00000227d2636410 Exception <a 'java/lang/NoSuchMethodError'{0x000000060725c650}: 'java.lang.Object java.lang.invoke.DirectMethodHandle$Holder.invokeSpecial(java.lang.Object, java.lang.Object, java.lang.Object, java.lang.Object, int)'> (0x000000060725c650) 
thrown [s\src\hotspot\share\interpreter\linkResolver.cpp, line 773]
Event: 31.227 Thread 0x00000227d2636410 Exception <a 'java/lang/NoSuchMethodError'{0x0000000607260ff8}: 'java.lang.Object java.lang.invoke.Invokers$Holder.linkToTargetMethod(java.lang.Object, java.lang.Object, int, java.lang.Object)'> (0x0000000607260ff8) 
thrown [s\src\hotspot\share\interpreter\linkResolver.cpp, line 773]
Event: 31.368 Thread 0x00000227d2636410 Exception <a 'java/lang/NoSuchMethodError'{0x0000000606ce7db0}: 'int java.lang.invoke.DirectMethodHandle$Holder.invokeSpecialIFC(java.lang.Object, java.lang.Object, java.lang.Object)'> (0x0000000606ce7db0) 
thrown [s\src\hotspot\share\interpreter\linkResolver.cpp, line 773]
Event: 31.558 Thread 0x00000227d2636410 Exception <a 'java/lang/NoSuchMethodError'{0x000000060696acb0}: 'java.lang.Object java.lang.invoke.DirectMethodHandle$Holder.newInvokeSpecial(java.lang.Object, java.lang.Object, long, java.lang.Object)'> (0x000000060696acb0) 
thrown [s\src\hotspot\share\interpreter\linkResolver.cpp, line 773]
Event: 31.558 Thread 0x00000227d2636410 Exception <a 'java/lang/NoSuchMethodError'{0x000000060696ffb0}: 'java.lang.Object java.lang.invoke.DirectMethodHandle$Holder.invokeSpecial(java.lang.Object, java.lang.Object, java.lang.Object, long, java.lang.Object)'> (0x000000060696ffb0) 
thrown [s\src\hotspot\share\interpreter\linkResolver.cpp, line 773]
Event: 31.560 Thread 0x00000227d2636410 Exception <a 'java/lang/NoSuchMethodError'{0x0000000606974c30}: 'java.lang.Object java.lang.invoke.Invokers$Holder.linkToTargetMethod(java.lang.Object, long, java.lang.Object, java.lang.Object)'> (0x0000000606974c30) 
thrown [s\src\hotspot\share\interpreter\linkResolver.cpp, line 773]
Event: 31.587 Thread 0x00000227d2636410 Exception <a 'java/lang/NoSuchMethodError'{0x000000060699fa60}: 'void java.lang.invoke.DirectMethodHandle$Holder.invokeStatic(java.lang.Object, java.lang.Object, java.lang.Object, int, java.lang.Object)'> (0x000000060699fa60) 
thrown [s\src\hotspot\share\interpreter\linkResolver.cpp, line 773]
Event: 31.644 Thread 0x00000227d2636410 Exception <a 'java/lang/NoSuchMethodError'{0x0000000606b53598}: 'int java.lang.invoke.DirectMethodHandle$Holder.invokeInterface(java.lang.Object, java.lang.Object, java.lang.Object, java.lang.Object, java.lang.Object)'> (0x0000000606b53598) 
thrown [s\src\hotspot\share\interpreter\linkResolver.cpp, line 773]
Event: 31.787 Thread 0x00000227d2636410 Exception <a 'java/lang/NoSuchMethodError'{0x000000060662e3c0}: 'java.lang.Object java.lang.invoke.DirectMethodHandle$Holder.invokeSpecial(java.lang.Object, java.lang.Object, long, java.lang.Object, java.lang.Object)'> (0x000000060662e3c0) 
thrown [s\src\hotspot\share\interpreter\linkResolver.cpp, line 773]
Event: 32.110 Thread 0x00000227d2636410 Exception <a 'java/lang/IncompatibleClassChangeError'{0x000000060490a7f8}: Found class java.lang.Object, but interface was expected> (0x000000060490a7f8) 
thrown [s\src\hotspot\share\interpreter\linkResolver.cpp, line 840]
Event: 32.258 Thread 0x00000227d42091f0 Exception <a 'java/lang/NoSuchMethodError'{0x0000000604a0dcb8}: 'void java.lang.invoke.DirectMethodHandle$Holder.invokeVirtual(java.lang.Object, java.lang.Object)'> (0x0000000604a0dcb8) 
thrown [s\src\hotspot\share\interpreter\linkResolver.cpp, line 773]
Event: 32.258 Thread 0x00000227d4208b60 Exception <a 'java/lang/NoSuchMethodError'{0x0000000604a25870}: 'void java.lang.invoke.DirectMethodHandle$Holder.invokeVirtual(java.lang.Object, java.lang.Object)'> (0x0000000604a25870) 
thrown [s\src\hotspot\share\interpreter\linkResolver.cpp, line 773]
Event: 32.385 Thread 0x00000227d2636410 Exception <a 'java/lang/NoSuchMethodError'{0x00000006044f6348}: 'java.lang.Object java.lang.invoke.DirectMethodHandle$Holder.newInvokeSpecial(java.lang.Object, java.lang.Object, java.lang.Object, java.lang.Object, int, java.lang.Object)'> (0x00000006044f6348) 
thrown [s\src\hotspot\share\interpreter\linkResolver.cpp, line 773]
Event: 32.385 Thread 0x00000227d2636410 Exception <a 'java/lang/NoSuchMethodError'{0x00000006044fbb40}: 'java.lang.Object java.lang.invoke.DirectMethodHandle$Holder.invokeSpecial(java.lang.Object, java.lang.Object, java.lang.Object, java.lang.Object, java.lang.Object, int, java.lang.Object)'> (0x00000006044fbb40) 
thrown [s\src\hotspot\share\interpreter\linkResolver.cpp, line 773]
Event: 32.386 Thread 0x00000227d2636410 Exception <a 'java/lang/NoSuchMethodError'{0x0000000604500978}: 'java.lang.Object java.lang.invoke.Invokers$Holder.linkToTargetMethod(java.lang.Object, java.lang.Object, java.lang.Object, int, java.lang.Object, java.lang.Object)'> (0x0000000604500978) 
thrown [s\src\hotspot\share\interpreter\linkResolver.cpp, line 773]
Event: 33.172 Thread 0x00000227d2636410 Exception <a 'java/lang/NoSuchMethodError'{0x0000000603ec16e8}: 'java.lang.Object java.lang.invoke.DirectMethodHandle$Holder.invokeSpecialIFC(java.lang.Object, java.lang.Object, java.lang.Object)'> (0x0000000603ec16e8) 
thrown [s\src\hotspot\share\interpreter\linkResolver.cpp, line 773]
Event: 34.876 Thread 0x00000227d2636410 Exception <a 'java/lang/NoSuchMethodError'{0x0000000606873178}: 'java.lang.Object java.lang.invoke.DirectMethodHandle$Holder.newInvokeSpecial(java.lang.Object, java.lang.Object, java.lang.Object, java.lang.Object, java.lang.Object, java.lang.Object, java.lang.Object, java.lang.Object, java.lang.Object, java.lang.Object, java.lang.Object, java.lang.Object, java.lang.Object, java.lang.Object, java.lang.Object, java.lang.Object)'> (0x0000000606873178) 
thrown [s\src\hotspot\share\interpreter\linkResolver.cpp,
Event: 34.889 Thread 0x00000227d2636410 Exception <a 'java/lang/NoSuchMethodError'{0x000000060687a780}: 'java.lang.Object java.lang.invoke.DirectMethodHandle$Holder.invokeSpecial(java.lang.Object, java.lang.Object, java.lang.Object, java.lang.Object, java.lang.Object, java.lang.Object, java.lang.Object, java.lang.Object, java.lang.Object, java.lang.Object, java.lang.Object, java.lang.Object, java.lang.Object, java.lang.Object, java.lang.Object, java.lang.Object, java.lang.Object)'> (0x000000060687a780) 
thrown [s\src\hotspot\share\interpreter\li
Event: 34.889 Thread 0x00000227d2636410 Exception <a 'java/lang/NoSuchMethodError'{0x0000000606880b70}: 'java.lang.Object java.lang.invoke.DelegatingMethodHandle$Holder.reinvoke_L(java.lang.Object, java.lang.Object, java.lang.Object, java.lang.Object, java.lang.Object, java.lang.Object, java.lang.Object, java.lang.Object, java.lang.Object, java.lang.Object, java.lang.Object, java.lang.Object, java.lang.Object, java.lang.Object, java.lang.Object, java.lang.Object)'> (0x0000000606880b70) 
thrown [s\src\hotspot\share\interpreter\linkResolver.cpp, l

ZGC Phase Switch (0 events):
No events

VM Operations (20 events):
Event: 32.191 Executing safepoint VM operation: ICBufferFull
Event: 32.257 Executing safepoint VM operation: ICBufferFull done
Event: 32.377 Executing non-safepoint VM operation: HandshakeAllThreads (Deoptimize)
Event: 32.377 Executing non-safepoint VM operation: HandshakeAllThreads (Deoptimize) done
Event: 33.138 Executing safepoint VM operation: ICBufferFull
Event: 33.138 Executing safepoint VM operation: ICBufferFull done
Event: 33.634 Executing safepoint VM operation: G1CollectForAllocation (G1 Evacuation Pause)
Event: 33.643 Executing safepoint VM operation: G1CollectForAllocation (G1 Evacuation Pause) done
Event: 34.457 Executing safepoint VM operation: ICBufferFull
Event: 34.457 Executing safepoint VM operation: ICBufferFull done
Event: 34.458 Executing safepoint VM operation: ICBufferFull
Event: 34.458 Executing safepoint VM operation: ICBufferFull done
Event: 34.908 Executing non-safepoint VM operation: HandshakeAllThreads (Deoptimize)
Event: 34.921 Executing non-safepoint VM operation: HandshakeAllThreads (Deoptimize) done
Event: 35.170 Executing safepoint VM operation: ICBufferFull
Event: 35.170 Executing safepoint VM operation: ICBufferFull done
Event: 35.580 Executing non-safepoint VM operation: HandshakeAllThreads (Deoptimize)
Event: 35.581 Executing non-safepoint VM operation: HandshakeAllThreads (Deoptimize) done
Event: 36.595 Executing safepoint VM operation: Cleanup
Event: 36.595 Executing safepoint VM operation: Cleanup done

Memory protections (0 events):
No events

Nmethod flushes (20 events):
Event: 26.366 Thread 0x000002278b18c610 flushing  nmethod 0x00000227dea3f690
Event: 26.366 Thread 0x000002278b18c610 flushing  nmethod 0x00000227dea43a90
Event: 26.366 Thread 0x000002278b18c610 flushing  nmethod 0x00000227dea44c10
Event: 26.366 Thread 0x000002278b18c610 flushing  nmethod 0x00000227dea45c10
Event: 26.366 Thread 0x000002278b18c610 flushing  nmethod 0x00000227dea48190
Event: 26.366 Thread 0x000002278b18c610 flushing  nmethod 0x00000227deaee910
Event: 26.366 Thread 0x000002278b18c610 flushing  nmethod 0x00000227deaf4690
Event: 26.366 Thread 0x000002278b18c610 flushing  nmethod 0x00000227deaf6390
Event: 26.366 Thread 0x000002278b18c610 flushing  nmethod 0x00000227deaf7b90
Event: 26.366 Thread 0x000002278b18c610 flushing  nmethod 0x00000227deaf8790
Event: 26.366 Thread 0x000002278b18c610 flushing  nmethod 0x00000227deafbf90
Event: 26.366 Thread 0x000002278b18c610 flushing  nmethod 0x00000227deafc310
Event: 26.366 Thread 0x000002278b18c610 flushing  nmethod 0x00000227deb1da90
Event: 26.366 Thread 0x000002278b18c610 flushing  nmethod 0x00000227deb1e710
Event: 26.366 Thread 0x000002278b18c610 flushing  nmethod 0x00000227debd5f90
Event: 26.366 Thread 0x000002278b18c610 flushing  nmethod 0x00000227dec14710
Event: 26.366 Thread 0x000002278b18c610 flushing  nmethod 0x00000227dec16110
Event: 26.366 Thread 0x000002278b18c610 flushing  nmethod 0x00000227dec16490
Event: 26.366 Thread 0x000002278b18c610 flushing  nmethod 0x00000227dec19490
Event: 26.366 Thread 0x000002278b18c610 flushing  nmethod 0x00000227dec62790

Events (20 events):
Event: 32.522 Thread 0x00000227d2636410 Thread added: 0x00000227d420e0b0
Event: 32.526 Thread 0x00000227d2636410 Thread added: 0x00000227d42077b0
Event: 32.530 Thread 0x00000227d2636410 Thread added: 0x00000227d420b950
Event: 32.539 Thread 0x00000227d2636410 Thread added: 0x00000227d4209f10
Event: 32.543 Thread 0x00000227d2636410 Thread added: 0x00000227d420a5a0
Event: 32.548 Thread 0x00000227d2636410 Thread added: 0x00000227d420ac30
Event: 32.571 Thread 0x00000227d2636410 Thread added: 0x00000227d420bfe0
Event: 33.072 Thread 0x00000227d43018b0 Thread exited: 0x00000227d43018b0
Event: 33.174 Thread 0x00000227d2636410 Thread added: 0x00000227d420da20
Event: 33.175 Thread 0x00000227d2636410 Thread added: 0x00000227d4207e40
Event: 33.176 Thread 0x00000227d2636410 Thread added: 0x00000227d3648520
Event: 33.177 Thread 0x00000227d2636410 Thread added: 0x00000227d36498d0
Event: 33.179 Thread 0x00000227d2636410 Thread added: 0x00000227d3647800
Event: 33.180 Thread 0x00000227d2636410 Thread added: 0x00000227d3647e90
Event: 33.182 Thread 0x00000227d2636410 Thread added: 0x00000227d3647170
Event: 33.193 Thread 0x000002278b1b7960 Thread added: 0x00000227d43018b0
Event: 33.808 Thread 0x00000227d43018b0 Thread exited: 0x00000227d43018b0
Event: 35.115 Thread 0x00000227d2636410 Thread added: 0x00000227d364b310
Event: 35.784 Thread 0x000002278b1b7960 Thread added: 0x00000227d49fa510
Event: 36.631 Thread 0x00000227d49fa510 Thread exited: 0x00000227d49fa510


Dynamic libraries:
0x00007ff683050000 - 0x00007ff68305e000 	C:\Users\admin\.vscode\extensions\redhat.java-1.56.0-win32-x64\jre\21.0.12.1-win32-x86_64\bin\java.exe
0x00007ffbf7510000 - 0x00007ffbf7727000 	C:\WINDOWS\SYSTEM32\ntdll.dll
0x00007ffbf6790000 - 0x00007ffbf6854000 	C:\WINDOWS\System32\KERNEL32.DLL
0x00007ffbf47e0000 - 0x00007ffbf4bb2000 	C:\WINDOWS\System32\KERNELBASE.dll
0x00007ffbf46c0000 - 0x00007ffbf47d1000 	C:\WINDOWS\System32\ucrtbase.dll
0x00007ffbdf720000 - 0x00007ffbdf738000 	C:\Users\admin\.vscode\extensions\redhat.java-1.56.0-win32-x64\jre\21.0.12.1-win32-x86_64\bin\jli.dll
0x00007ffbf52b0000 - 0x00007ffbf5461000 	C:\WINDOWS\System32\USER32.dll
0x00007ffbf4bc0000 - 0x00007ffbf4be6000 	C:\WINDOWS\System32\win32u.dll
0x00007ffbf74a0000 - 0x00007ffbf74c9000 	C:\WINDOWS\System32\GDI32.dll
0x00007ffbf4bf0000 - 0x00007ffbf4d13000 	C:\WINDOWS\System32\gdi32full.dll
0x00007ffbf4d20000 - 0x00007ffbf4dba000 	C:\WINDOWS\System32\msvcp_win.dll
0x00007ffbdf740000 - 0x00007ffbdf75e000 	C:\Users\admin\.vscode\extensions\redhat.java-1.56.0-win32-x64\jre\21.0.12.1-win32-x86_64\bin\VCRUNTIME140.dll
0x00007ffbdee30000 - 0x00007ffbdf0cb000 	C:\WINDOWS\WinSxS\amd64_microsoft.windows.common-controls_6595b64144ccf1df_6.0.22621.5547_none_27104afb73855772\COMCTL32.dll
0x00007ffbf7130000 - 0x00007ffbf71d7000 	C:\WINDOWS\System32\msvcrt.dll
0x00007ffbf6560000 - 0x00007ffbf6591000 	C:\WINDOWS\System32\IMM32.DLL
0x00007ffbec880000 - 0x00007ffbec88c000 	C:\Users\admin\.vscode\extensions\redhat.java-1.56.0-win32-x64\jre\21.0.12.1-win32-x86_64\bin\vcruntime140_1.dll
0x00007ffbdf690000 - 0x00007ffbdf71d000 	C:\Users\admin\.vscode\extensions\redhat.java-1.56.0-win32-x64\jre\21.0.12.1-win32-x86_64\bin\msvcp140.dll
0x00007ffb74080000 - 0x00007ffb74e22000 	C:\Users\admin\.vscode\extensions\redhat.java-1.56.0-win32-x64\jre\21.0.12.1-win32-x86_64\bin\server\jvm.dll
0x00007ffbf7010000 - 0x00007ffbf70c1000 	C:\WINDOWS\System32\ADVAPI32.dll
0x00007ffbf5c00000 - 0x00007ffbf5ca8000 	C:\WINDOWS\System32\sechost.dll
0x00007ffbf5170000 - 0x00007ffbf5198000 	C:\WINDOWS\System32\bcrypt.dll
0x00007ffbf65c0000 - 0x00007ffbf66d4000 	C:\WINDOWS\System32\RPCRT4.dll
0x00007ffbf5230000 - 0x00007ffbf52a1000 	C:\WINDOWS\System32\WS2_32.dll
0x00007ffbf44d0000 - 0x00007ffbf451d000 	C:\WINDOWS\SYSTEM32\POWRPROF.dll
0x00007ffbea780000 - 0x00007ffbea7b4000 	C:\WINDOWS\SYSTEM32\WINMM.dll
0x00007ffbe2020000 - 0x00007ffbe202a000 	C:\WINDOWS\SYSTEM32\VERSION.dll
0x00007ffbf44b0000 - 0x00007ffbf44c3000 	C:\WINDOWS\SYSTEM32\UMPDC.dll
0x00007ffbf35f0000 - 0x00007ffbf3608000 	C:\WINDOWS\SYSTEM32\kernel.appcore.dll
0x00007ffbdff10000 - 0x00007ffbdff1a000 	C:\Users\admin\.vscode\extensions\redhat.java-1.56.0-win32-x64\jre\21.0.12.1-win32-x86_64\bin\jimage.dll
0x00007ffbeefa0000 - 0x00007ffbef1d3000 	C:\WINDOWS\SYSTEM32\DBGHELP.DLL
0x00007ffbf6860000 - 0x00007ffbf6bf3000 	C:\WINDOWS\System32\combase.dll
0x00007ffbf6c00000 - 0x00007ffbf6cd7000 	C:\WINDOWS\System32\OLEAUT32.dll
0x00007ffbde5e0000 - 0x00007ffbde612000 	C:\WINDOWS\SYSTEM32\dbgcore.DLL
0x00007ffbf4dc0000 - 0x00007ffbf4e3b000 	C:\WINDOWS\System32\bcryptPrimitives.dll
0x00007ffbdf680000 - 0x00007ffbdf68f000 	C:\Users\admin\.vscode\extensions\redhat.java-1.56.0-win32-x64\jre\21.0.12.1-win32-x86_64\bin\instrument.dll
0x00007ffbdf280000 - 0x00007ffbdf2a0000 	C:\Users\admin\.vscode\extensions\redhat.java-1.56.0-win32-x64\jre\21.0.12.1-win32-x86_64\bin\java.dll
0x00007ffbf5cb0000 - 0x00007ffbf6552000 	C:\WINDOWS\System32\SHELL32.dll
0x00007ffbf4fb0000 - 0x00007ffbf50ef000 	C:\WINDOWS\System32\wintypes.dll
0x00007ffbf24e0000 - 0x00007ffbf2dfd000 	C:\WINDOWS\SYSTEM32\windows.storage.dll
0x00007ffbf7310000 - 0x00007ffbf741c000 	C:\WINDOWS\System32\SHCORE.dll
0x00007ffbf54d0000 - 0x00007ffbf5539000 	C:\WINDOWS\System32\shlwapi.dll
0x00007ffbf4530000 - 0x00007ffbf455b000 	C:\WINDOWS\SYSTEM32\profapi.dll
0x00007ffbd2610000 - 0x00007ffbd2628000 	C:\Users\admin\.vscode\extensions\redhat.java-1.56.0-win32-x64\jre\21.0.12.1-win32-x86_64\bin\zip.dll
0x00007ffbd2600000 - 0x00007ffbd2610000 	C:\Users\admin\.vscode\extensions\redhat.java-1.56.0-win32-x64\jre\21.0.12.1-win32-x86_64\bin\net.dll
0x00007ffbe9e80000 - 0x00007ffbe9fac000 	C:\WINDOWS\SYSTEM32\WINHTTP.dll
0x00007ffbf3a60000 - 0x00007ffbf3ac9000 	C:\WINDOWS\system32\mswsock.dll
0x00007ffbd25e0000 - 0x00007ffbd25f6000 	C:\Users\admin\.vscode\extensions\redhat.java-1.56.0-win32-x64\jre\21.0.12.1-win32-x86_64\bin\nio.dll
0x00007ffbdf4e0000 - 0x00007ffbdf4f0000 	C:\Users\admin\.vscode\extensions\redhat.java-1.56.0-win32-x64\jre\21.0.12.1-win32-x86_64\bin\verify.dll
0x00007ffbdf560000 - 0x00007ffbdf587000 	C:\Users\admin\.gradle\native\1def1411415f61bf3af743bc5b6707747c0891f09f0c88961ee8f79bc544acac\windows-amd64\native-platform.dll
0x00007ffbd2a50000 - 0x00007ffbd2ac7000 	C:\Users\admin\.gradle\native\0.2.8\x86_64-windows-gnu\gradle-fileevents.dll
0x00007ffbc5650000 - 0x00007ffbc565a000 	C:\Users\admin\.vscode\extensions\redhat.java-1.56.0-win32-x64\jre\21.0.12.1-win32-x86_64\bin\management.dll
0x00007ffbc5640000 - 0x00007ffbc564c000 	C:\Users\admin\.vscode\extensions\redhat.java-1.56.0-win32-x64\jre\21.0.12.1-win32-x86_64\bin\management_ext.dll
0x00007ffbf55d0000 - 0x00007ffbf55d8000 	C:\WINDOWS\System32\PSAPI.DLL
0x00007ffbf3060000 - 0x00007ffbf308d000 	C:\WINDOWS\SYSTEM32\IPHLPAPI.DLL
0x00007ffbf65b0000 - 0x00007ffbf65b9000 	C:\WINDOWS\System32\NSI.dll
0x00007ffbdf670000 - 0x00007ffbdf679000 	C:\Users\admin\.vscode\extensions\redhat.java-1.56.0-win32-x64\jre\21.0.12.1-win32-x86_64\bin\extnet.dll
0x00007ffbf3db0000 - 0x00007ffbf3dcb000 	C:\WINDOWS\SYSTEM32\CRYPTSP.dll
0x00007ffbf3550000 - 0x00007ffbf3587000 	C:\WINDOWS\system32\rsaenh.dll
0x00007ffbf3b00000 - 0x00007ffbf3b28000 	C:\WINDOWS\SYSTEM32\USERENV.dll
0x00007ffbf3d90000 - 0x00007ffbf3d9c000 	C:\WINDOWS\SYSTEM32\CRYPTBASE.dll
0x00007ffbdf4d0000 - 0x00007ffbdf4de000 	C:\Users\admin\.vscode\extensions\redhat.java-1.56.0-win32-x64\jre\21.0.12.1-win32-x86_64\bin\sunmscapi.dll
0x00007ffbf4e40000 - 0x00007ffbf4fa7000 	C:\WINDOWS\System32\CRYPT32.dll
0x00007ffbf3ec0000 - 0x00007ffbf3eed000 	C:\WINDOWS\SYSTEM32\ncrypt.dll
0x00007ffbf3e80000 - 0x00007ffbf3eb7000 	C:\WINDOWS\SYSTEM32\NTASN1.dll
0x00007ffbec890000 - 0x00007ffbec898000 	C:\WINDOWS\system32\wshunix.dll

JVMTI agents:
C:\Users\admin\.gradle\wrapper\dists\gradle-9.1.0-all\7wzd0jkjit61aq2p43wpjgij9\gradle-9.1.0\lib\agents\gradle-instrumentation-agent-9.1.0.jar path:C:\Users\admin\.vscode\extensions\redhat.java-1.56.0-win32-x64\jre\21.0.12.1-win32-x86_64\bin\instrument.dll, loaded, initialized, instrumentlib options:none

dbghelp: loaded successfully - version: 4.0.5 - missing functions: none
symbol engine: initialized successfully - sym options: 0x614 - pdb path: .;C:\Users\admin\.vscode\extensions\redhat.java-1.56.0-win32-x64\jre\21.0.12.1-win32-x86_64\bin;C:\WINDOWS\SYSTEM32;C:\WINDOWS\WinSxS\amd64_microsoft.windows.common-controls_6595b64144ccf1df_6.0.22621.5547_none_27104afb73855772;C:\Users\admin\.vscode\extensions\redhat.java-1.56.0-win32-x64\jre\21.0.12.1-win32-x86_64\bin\server;C:\Users\admin\.gradle\native\1def1411415f61bf3af743bc5b6707747c0891f09f0c88961ee8f79bc544acac\windows-amd64;C:\Users\admin\.gradle\native\0.2.8\x86_64-windows-gnu

VM Arguments:
jvm_args: --add-opens=java.base/java.lang=ALL-UNNAMED --add-opens=java.base/java.lang.invoke=ALL-UNNAMED --add-opens=java.base/java.util=ALL-UNNAMED --add-opens=java.prefs/java.util.prefs=ALL-UNNAMED --add-exports=jdk.compiler/com.sun.tools.javac.api=ALL-UNNAMED --add-exports=jdk.compiler/com.sun.tools.javac.util=ALL-UNNAMED --add-opens=java.base/java.util=ALL-UNNAMED --add-opens=java.prefs/java.util.prefs=ALL-UNNAMED --add-opens=java.base/java.nio.charset=ALL-UNNAMED --add-opens=java.base/java.net=ALL-UNNAMED --add-opens=java.base/java.util.concurrent=ALL-UNNAMED --add-opens=java.base/java.util.concurrent.atomic=ALL-UNNAMED --add-opens=java.xml/javax.xml.namespace=ALL-UNNAMED --add-opens=java.base/java.time=ALL-UNNAMED -XX:MaxMetaspaceSize=4G -XX:ReservedCodeCacheSize=512m -XX:+HeapDumpOnOutOfMemoryError -Xmx8G -Dfile.encoding=UTF-8 -Duser.country=FR -Duser.language=fr -Duser.variant -javaagent:C:\Users\admin\.gradle\wrapper\dists\gradle-9.1.0-all\7wzd0jkjit61aq2p43wpjgij9\gradle-9.1.0\lib\agents\gradle-instrumentation-agent-9.1.0.jar 
java_command: org.gradle.launcher.daemon.bootstrap.GradleDaemon 9.1.0
java_class_path (initial): C:\Users\admin\.gradle\wrapper\dists\gradle-9.1.0-all\7wzd0jkjit61aq2p43wpjgij9\gradle-9.1.0\lib\gradle-daemon-main-9.1.0.jar
Launcher Type: SUN_STANDARD

[Global flags]
     intx CICompilerCount                          = 4                                         {product} {ergonomic}
     uint ConcGCThreads                            = 2                                         {product} {ergonomic}
     uint G1ConcRefinementThreads                  = 8                                         {product} {ergonomic}
   size_t G1HeapRegionSize                         = 4194304                                   {product} {ergonomic}
    uintx GCDrainStackTargetSize                   = 64                                        {product} {ergonomic}
     bool HeapDumpOnOutOfMemoryError               = true                                   {manageable} {command line}
   size_t InitialHeapSize                          = 134217728                                 {product} {ergonomic}
   size_t MarkStackSize                            = 4194304                                   {product} {ergonomic}
   size_t MaxHeapSize                              = 8589934592                                {product} {command line}
   size_t MaxMetaspaceSize                         = 4294967296                                {product} {command line}
   size_t MaxNewSize                               = 5150605312                                {product} {ergonomic}
   size_t MinHeapDeltaBytes                        = 4194304                                   {product} {ergonomic}
   size_t MinHeapSize                              = 8388608                                   {product} {ergonomic}
    uintx NonNMethodCodeHeapSize                   = 5839372                                {pd product} {ergonomic}
    uintx NonProfiledCodeHeapSize                  = 265515770                              {pd product} {ergonomic}
    uintx ProfiledCodeHeapSize                     = 265515770                              {pd product} {ergonomic}
    uintx ReservedCodeCacheSize                    = 536870912                              {pd product} {command line}
     bool SegmentedCodeCache                       = true                                      {product} {ergonomic}
   size_t SoftMaxHeapSize                          = 8589934592                             {manageable} {ergonomic}
     bool UseCompressedOops                        = true                           {product lp64_product} {ergonomic}
     bool UseG1GC                                  = true                                      {product} {ergonomic}
     bool UseLargePagesIndividualAllocation        = false                                  {pd product} {ergonomic}

Logging:
Log output configuration:
 #0: stdout all=warning uptime,level,tags foldmultilines=false
 #1: stderr all=off uptime,level,tags foldmultilines=false

Release file:
JAVA_VERSION="21.0.12.1" 
MODULES="java.base java.compiler java.datatransfer java.xml java.prefs java.desktop java.instrument java.logging java.management java.security.sasl java.naming java.rmi java.management.rmi java.net.http java.scripting java.security.jgss java.transaction.xa java.sql java.sql.rowset java.xml.crypto java.se java.smartcardio jdk.accessibility jdk.internal.jvmstat jdk.attach jdk.charsets jdk.internal.opt jdk.zipfs jdk.compiler jdk.crypto.ec jdk.crypto.cryptoki jdk.crypto.mscapi jdk.dynalink jdk.internal.ed jdk.editpad jdk.hotspot.agent jdk.httpserver jdk.internal.le jdk.internal.vm.ci jdk.internal.vm.compiler jdk.internal.vm.compiler.management jdk.jartool jdk.javadoc jdk.jcmd jdk.management jdk.management.agent jdk.jconsole jdk.jdeps jdk.jdwp.agent jdk.jdi jdk.jfr jdk.jshell jdk.jsobject jdk.jstatd jdk.localedata jdk.management.jfr jdk.naming.dns jdk.naming.rmi jdk.net jdk.nio.mapmode jdk.random jdk.sctp jdk.security.auth jdk.security.jgss jdk.unsupported jdk.unsupported.desktop jdk.xml.dom" 

Environment Variables:
JAVA_HOME=C:\Program Files\Eclipse Adoptium\jdk-25.0.1.8-hotspot
PATH=C:\Program Files\Eclipse Adoptium\jdk-17.0.19.10-hotspot\bin;C:\Program Files (x86)\VMware\VMware Workstation\bin\;C:\Program Files\Python312\Scripts\;C:\Program Files\Python312\;C:\WINDOWS\system32;C:\WINDOWS;C:\WINDOWS\System32\Wbem;C:\WINDOWS\System32\WindowsPowerShell\v1.0\;C:\WINDOWS\System32\OpenSSH\;C:\Program Files (x86)\Microsoft SQL Server\160\Tools\Binn\;C:\Program Files\Microsoft SQL Server\160\Tools\Binn\;C:\Program Files\Microsoft SQL Server\Client SDK\ODBC\170\Tools\Binn\;C:\Program Files\Microsoft SQL Server\160\DTS\Binn\;C:\Program Files (x86)\Microsoft SQL Server\160\DTS\Binn\;C:\Windows\system32\python;C:\sqlite3;C:\Program Files\nodejs\;C:\MinGW\bin;C:\curl\bin;C:\curl\include;C:\MinGW;C:\MinGW\lib;C:\GnuWin32\bin;C:\OpenSSL-Win64\bin;C:\Program Files\PostgreSQL\17\bin;C:\Program Files\Eclipse Adoptium\jdk-25.0.1.8-hotspot\bin;C:\Program Files\Heroku\bin;C:\Program Files\Git\cmd;C:\Program Files (x86)\VMware\VMware Workstation\bin\;C:\Program Files\Python312\Scripts\;C:\Program Files\Python312\;C:\WINDOWS\system32;C:\WINDOWS;C:\WINDOWS\System32\Wbem;C:\WINDOWS\System32\WindowsPowerShell\v1.0\;C:\WINDOWS\System32\OpenSSH\;C:\Program Files (x86)\Microsoft SQL Server\160\Tools\Binn\;C:\Program Files\Microsoft SQL Server\160\Tools\Binn\;C:\Program Files\Microsoft SQL Server\Client SDK\ODBC\170\Tools\Binn\;C:\Program Files\Microsoft SQL Server\160\DTS\Binn\;C:\Program Files (x86)\Microsoft SQL Server\160\DTS\Binn\;C:\Windows\system32\python;C:\sqlite3;C:\Program Files\nodejs\;C:\MinGW\bin;C:\curl\bin;C:\curl\include;C:\MinGW;C:\MinGW\lib;C:\GnuWin32\bin;C:\OpenSSL-Win64\bin;C:\Program Files\PostgreSQL\17\bin;C:\Program Files\Eclipse Adoptium\jdk-25.0.1.8-hotspot\bin;C:\Program Files\Git\cmd;C:\Program Files\Docker\Docker\resources\bin;C:\Program Files\Heroku\bin;C:\Users\admin\AppData\Local\Programs\Microsoft VS Code;C:\Program Files\P;C:\flutter\bin\flutter;C:\flutter\bin;C:\Users\admin\AppData\Local\Programs\Microsoft VS Code\bin
USERNAME=admin
OS=Windows_NT
PROCESSOR_IDENTIFIER=Intel64 Family 6 Model 142 Stepping 10, GenuineIntel
TMP=C:\Users\admin\AppData\Local\Temp
TEMP=C:\Users\admin\AppData\Local\Temp




Periodic native trim disabled

---------------  S Y S T E M  ---------------

OS:
 Windows 11 , 64 bit Build 22621 (10.0.22621.5415)
OS uptime: 0 days 0:42 hours
Hyper-V role detected

CPU: total 8 (initial active 8) (4 cores per cpu, 2 threads per core) family 6 model 142 stepping 10 microcode 0xf4, cx8, cmov, fxsr, ht, mmx, 3dnowpref, sse, sse2, sse3, ssse3, sse4.1, sse4.2, popcnt, lzcnt, tsc, tscinvbit, avx, avx2, aes, erms, clmul, bmi1, bmi2, rtm, adx, fma, vzeroupper, clflush, clflushopt, hv, rdtscp, f16c
Processor Information for the first 8 processors :
  Max Mhz: 1896, Current Mhz: 1696, Mhz Limit: 1687

Memory: 4k page, system-wide physical 8070M (662M free)
TotalPageFile size 16358M (AvailPageFile size 77M)
current process WorkingSet (physical memory assigned to process): 276M, peak: 308M
current process commit charge ("private bytes"): 323M, peak: 347M

vm_info: OpenJDK 64-Bit Server VM (21.0.12.1+1-LTS) for windows-amd64 JRE (21.0.12.1+1-LTS), built on 2026-08-18T00:00:00Z by "admin" with MS VC++ 17.12 (VS2022)

END.
